=== APPLY EDITS music-technology/music-business  16 edits  LIVE  2026-09-06T16:45:07.331Z
  ok   #1 L1.content_html [MEDIUM] F2: spec 1.1.1 technician = maintaining and repairing equipment
  ok   #2 L1.content_html [MEDIUM] F2: spec 1.1.1 engineer = set up of recording hardware and software
  ok   #3 L1.content_html [MEDIUM] F2: key fact must match the spec split of technician and engineer duties
  ok   #7 L1.glossary_terms[8].definition [MEDIUM] F2: spec 1.1.1 technician = maintaining and repairing equipment
  ok   #8 L1.glossary_terms[9].definition [MEDIUM] F2: spec 1.1.1 engineer = set up of recording hardware and software
  ok   #9 L1.flashcard_questions[6].a [MEDIUM] F2: the card gave set-up to the technician; the spec gives it to the engineer
  ok   #10 L1.practice_questions[4].marks [LOW] F5: house band vocabulary is Top / Upper-mid / Mid / Lower-mid / Low band
  ok   #11 L1.practice_questions[5].marks [LOW] F5: house band vocabulary is Top / Upper-mid / Mid / Lower-mid / Low band
  PATCH L1: content_html, glossary_terms, flashcard_questions, practice_questions
  ok   #4 L2.content_html [MEDIUM] F3: phonograph cylinders and shellac 78s came first; the vinyl LP dates from 1948
  ok   #5 L2.content_html [MEDIUM] F4: the listed order is not chronological, so the tip trained a wrong sequence
  ok   #6 L2.content_html [MEDIUM] F4: music video (early 1980s) comes before minidisc (1992) and MP3, so the list is not chronological
  ok   #12 L2.practice_questions[4].marks [LOW] F5: house band vocabulary is Top / Upper-mid / Mid / Lower-mid / Low band
  ok   #13 L2.practice_questions[5].marks [LOW] F5: house band vocabulary is Top / Upper-mid / Mid / Lower-mid / Low band
  PATCH L2: content_html, practice_questions
  ok   #0 L3.content_html [HIGH] F1: FLAC is lossless COMPRESSION, not an uncompressed format; spec 1.3.3 splits compressed vs uncompressed aud
  ok   #14 L3.practice_questions[4].marks [LOW] F5: house band vocabulary is Top / Upper-mid / Mid / Lower-mid / Low band
  ok   #15 L3.practice_questions[5].marks [LOW] F5: house band vocabulary is Top / Upper-mid / Mid / Lower-mid / Low band
  PATCH L3: content_html, practice_questions
=== 16 applied, 0 skipped, 3 lessons / 8 fields changed
