
=== RE-NARRATION (changed narrated text only) ===
backup: C:\Users\tshau\Documents\Study Vault\scripts\_retrofc\units\music-technology__music-business\_backup.json
unit:   music-technology / music-business
run: 2026-09-06T16:45:09Z  mode: LIVE

3 lessons, 6 clips to regenerate

  L01 (Ollie)  Roles & Responsibilities in the Music Business
      n14: A technician is responsible for maintaining and repairing equipment. In a live setting, technicians handle sta
             -> 195 KB, 16.7s, uploaded
      n15: An engineer sets up the recording hardware and software, then operates the mixing console. They capture sound 
             -> 215 KB, 18.4s, uploaded
      n16: Key Fact . The three key technical roles are: producer (creative & technical direction), technician (equipment
             -> 147 KB, 12.6s, uploaded
      manifest updated (28 entries)
  L02 (Ada)  The Development of Music Technology
      n32: Key Fact . The seven consumer formats to know are: vinyl, cassette, CD, minidisc, MP3, music video and streami
             -> 164 KB, 14.0s, uploaded
      n33: Vinyl records were the main home format from the late 1940s. Cassettes made music portable. CDs offered digita
             -> 346 KB, 29.5s, uploaded
      manifest updated (38 entries)
  L03 (Ollie)  Marketing, Promotion & Distribution
      n22: Digital formats — compressed audio (e.g. MP3, AAC), uncompressed audio (e.g. WAV, AIFF), compressed video and 
             -> 177 KB, 15.1s, uploaded
      manifest updated (37 entries)

Regenerated 6 clips.

=== VERIFY (ranged GET + freshness) ===
  206  L01 n14  bytes 0-3/199872  Last-Modified: Sun, 06 Sep 2026 16:45:15 GMT  mp3-sync=OK
  206  L01 n15  bytes 0-3/220320  Last-Modified: Sun, 06 Sep 2026 16:45:18 GMT  mp3-sync=OK
  206  L01 n16  bytes 0-3/150624  Last-Modified: Sun, 06 Sep 2026 16:45:21 GMT  mp3-sync=OK
  206  L02 n32  bytes 0-3/167616  Last-Modified: Sun, 06 Sep 2026 16:45:26 GMT  mp3-sync=OK
  206  L02 n33  bytes 0-3/354528  Last-Modified: Sun, 06 Sep 2026 16:45:32 GMT  mp3-sync=OK
  206  L03 n22  bytes 0-3/181728  Last-Modified: Sun, 06 Sep 2026 16:45:35 GMT  mp3-sync=OK

6/6 clips verified HTTP 200/206 with fresh audio.
