
=== RE-NARRATION (changed narrated text only) ===
backup: C:\Users\tshau\Documents\Study Vault\scripts\_retrofc\units\english-literature-aqa__pigeon-english\_ao2_backup.json
unit:   english-literature-aqa / pigeon-english
run: 2026-08-30T13:48:59Z  mode: DRY RUN

1 lessons, 2 clips to regenerate

  L07 (Ollie)  Key Themes & Exam Technique
      n13 -> english-literature/pigeon-english/narration_lesson-07_n13.mp3
         In any modern text essay, your job is to build a sustained argument about the whole novel. The strongest responses are anchored by a clear, confident reading of
      n22 -> english-literature/pigeon-english/narration_lesson-07_n22.mp3
         The essay tests AO1 (12 marks), AO2 (12 marks — Kelman’s methods), AO3 (6 marks — context) and AO4 (4 marks — SPaG). There is no printed extract, but AO2 carrie

=== RE-NARRATION (changed narrated text only) ===
backup: C:\Users\tshau\Documents\Study Vault\scripts\_retrofc\units\english-literature-aqa__pigeon-english\_ao2_backup.json
unit:   english-literature-aqa / pigeon-english
run: 2026-08-30T13:50:02Z  mode: LIVE

1 lessons, 2 clips to regenerate

  L07 (Ollie)  Key Themes & Exam Technique
      n13: In any modern text essay, your job is to build a sustained argument about the whole novel. The strongest respo
             -> 377 KB, 32.1s, uploaded
      n22: The essay tests AO1 (12 marks), AO2 (12 marks — Kelman’s methods), AO3 (6 marks — context) and AO4 (4 marks — 
             -> 256 KB, 21.8s, uploaded
      manifest updated (23 entries)

Regenerated 2 clips.

=== VERIFY (ranged GET + freshness) ===
  206  L07 n13  bytes 0-3/385632  Last-Modified: Sun, 30 Aug 2026 13:50:10 GMT  mp3-sync=OK
  206  L07 n22  bytes 0-3/261792  Last-Modified: Sun, 30 Aug 2026 13:50:14 GMT  mp3-sync=OK

2/2 clips verified HTTP 200/206 with fresh audio.
