
=== AO2-DENIAL FIX: english-literature-aqa / pigeon-english ===
run: 2026-08-30T13:48:00.527Z   mode: DRY RUN
fetched 7 lessons (live: 7)

L07  Key Themes & Exam Technique
      id=af603814-9d9b-4c5d-abb4-3f00a87a0c1d   fields: conclusion_html, content_html, knowledge_checks
        [HIGH] conclusion_html: FALSE: "No extract, no AO2." AO2 IS assessed on AQA 8702 Paper 2 Section A and is worth 12 of the 30 marks (AO1=12, AO2=12, AO3=6, plus 4 for AO4/SPaG
        [HIGH] content_html: vague hedge in board-specific AQA content. It is what let the false "no AO2" bullet stand: instead of stating the weightings the lesson sent the stude
        [HIGH] knowledge_checks[0]: the keyed answer was "AO1, AO3, and AO4", i.e. the check TAUGHT that AO2 is not assessed, and no option stated the true set. Option set rewritten so t

WOULD PATCH: 1 lessons, 3 fields
findings fixed: 3

=== AO2-DENIAL FIX: english-literature-aqa / pigeon-english ===
run: 2026-08-30T13:48:03.210Z   mode: LIVE
fetched 7 lessons (live: 7)

L07  Key Themes & Exam Technique
      id=af603814-9d9b-4c5d-abb4-3f00a87a0c1d   fields: conclusion_html, content_html, knowledge_checks
        [HIGH] conclusion_html: FALSE: "No extract, no AO2." AO2 IS assessed on AQA 8702 Paper 2 Section A and is worth 12 of the 30 marks (AO1=12, AO2=12, AO3=6, plus 4 for AO4/SPaG
        [HIGH] content_html: vague hedge in board-specific AQA content. It is what let the false "no AO2" bullet stand: instead of stating the weightings the lesson sent the stude
        [HIGH] knowledge_checks[0]: the keyed answer was "AO1, AO3, and AO4", i.e. the check TAUGHT that AO2 is not assessed, and no option stated the true set. Option set rewritten so t
      -> PATCHED

PATCHED: 1 lessons, 3 fields
findings fixed: 3
