
=== RE-NARRATION (changed narrated text only) ===
backup: C:\Users\tshau\Documents\Study Vault\scripts\_retrofc\units\english-literature-aqa__pigeon-english\_backup.json
unit:   english-literature-aqa / pigeon-english
run: 2026-09-02T03:24:26Z  mode: LIVE
  L01: no narrated field changed -> skip
  L03: no narrated field changed -> skip

5 lessons, 19 clips to regenerate

  L02 (Ada)  Harri's World: The Estate
      n2: Harrison Opoku is eleven years old, recently arrived from Ghana, and bursting with curiosity about everything.
             -> 415 KB, 35.4s, uploaded
      n8: Jordan is Harri’s friend outside school and his guide to estate life. Jordan teaches Harri the rules — who to 
             -> 330 KB, 28.2s, uploaded
      n9: Kelman uses Harri and Jordan’s friendship to show how gang recruitment works. It is not a dramatic moment of c
             -> 266 KB, 22.7s, uploaded
      manifest updated (20 entries)
  L04 (Ada)  Innocence vs Experience
      n9: The pigeon also provides the novel’s second narrative voice. Kelman intersperses Harri’s narration with short 
             -> 297 KB, 25.4s, uploaded
      n11: Despite the corruption around him, Harri maintains a strong moral compass. He believes in right and wrong and 
             -> 422 KB, 36.0s, uploaded
      n14: The “experience” side of the binary is represented by characters who have adapted to estate life: the Dell Far
             -> 279 KB, 23.8s, uploaded
      n19: The pigeon symbolises innocence, loneliness, and the fragility of life — its calm, adult voice watches over Ha
             -> 107 KB, 9.1s, uploaded
      manifest updated (20 entries)
  L05 (Ollie)  The Ending
      n6: As Harri lies dying, the novel shifts to the pigeon’s perspective . The pigeon stays with him. It cannot save 
             -> 274 KB, 23.4s, uploaded
      n7: The pigeon can watch, but it cannot act. Kelman gives Harri a guardian who understands everything and still ca
             -> 224 KB, 19.1s, uploaded
      n13: Key Fact . The title works on three levels: “pidgin English” (Harri’s mixed language and outsider status), the
             -> 221 KB, 18.9s, uploaded
      n16: When writing about the ending, the strongest responses analyse Kelman’s deliberate choices. Do not describe wh
             -> 285 KB, 24.3s, uploaded
      n19: The pigeon stays with the dying Harri and comforts him — a guardian who can witness the violence but cannot pr
             -> 77 KB, 6.6s, uploaded
      manifest updated (20 entries)
  L06 (Ada)  Character Analysis
      n2: Harri is eleven years old, recently arrived from Ghana, and the novel’s first-person narrator. Kelman creates 
             -> 322 KB, 27.5s, uploaded
      n5: Jordan
             -> 21 KB, 1.8s, uploaded
      n6: Jordan is Harri’s friend outside school and his opposite in many ways. Where Harri is innocent, Jordan is stre
             -> 364 KB, 31.1s, uploaded
      n7: Jordan’s gradual drift is one of the novel’s most disturbing threads. He is expelled from school, then steals 
             -> 335 KB, 28.6s, uploaded
      n16: When analysing characters, always connect them to Kelman’s wider argument. Do not just describe what a charact
             -> 364 KB, 31.1s, uploaded
      n19: Jordan’s drift towards the gang shows that there are no safe options for estate children: innocence leaves you
             -> 112 KB, 9.6s, uploaded
      manifest updated (20 entries)
  L07 (Ollie)  Key Themes & Exam Technique
      n15: Since many modern text exams are closed book, memorise key phrases that capture Kelman’s themes. Harri’s voice
             -> 440 KB, 37.5s, uploaded
      manifest updated (23 entries)

Regenerated 19 clips.

=== VERIFY (ranged GET + freshness) ===
  206  L02 n2  bytes 0-3/424800  Last-Modified: Wed, 02 Sep 2026 03:24:34 GMT  mp3-sync=OK
  206  L02 n8  bytes 0-3/338400  Last-Modified: Wed, 02 Sep 2026 03:24:39 GMT  mp3-sync=OK
  206  L02 n9  bytes 0-3/272736  Last-Modified: Wed, 02 Sep 2026 03:24:44 GMT  mp3-sync=OK
  206  L04 n9  bytes 0-3/304416  Last-Modified: Wed, 02 Sep 2026 03:24:48 GMT  mp3-sync=OK
  206  L04 n11  bytes 0-3/431712  Last-Modified: Wed, 02 Sep 2026 03:24:55 GMT  mp3-sync=OK
  206  L04 n14  bytes 0-3/285984  Last-Modified: Wed, 02 Sep 2026 03:24:59 GMT  mp3-sync=OK
  206  L04 n19  bytes 0-3/109152  Last-Modified: Wed, 02 Sep 2026 03:25:00 GMT  mp3-sync=OK
  206  L05 n6  bytes 0-3/280224  Last-Modified: Wed, 02 Sep 2026 03:25:05 GMT  mp3-sync=OK
  206  L05 n7  bytes 0-3/229824  Last-Modified: Wed, 02 Sep 2026 03:25:08 GMT  mp3-sync=OK
  206  L05 n13  bytes 0-3/226368  Last-Modified: Wed, 02 Sep 2026 03:25:12 GMT  mp3-sync=OK
  206  L05 n16  bytes 0-3/292032  Last-Modified: Wed, 02 Sep 2026 03:25:16 GMT  mp3-sync=OK
  206  L05 n19  bytes 0-3/78912  Last-Modified: Wed, 02 Sep 2026 03:25:18 GMT  mp3-sync=OK
  206  L06 n2  bytes 0-3/330048  Last-Modified: Wed, 02 Sep 2026 03:25:23 GMT  mp3-sync=OK
  206  L06 n5  bytes 0-3/21312  Last-Modified: Wed, 02 Sep 2026 03:25:24 GMT  mp3-sync=OK
  206  L06 n6  bytes 0-3/372672  Last-Modified: Wed, 02 Sep 2026 03:25:29 GMT  mp3-sync=OK
  206  L06 n7  bytes 0-3/343008  Last-Modified: Wed, 02 Sep 2026 03:25:34 GMT  mp3-sync=OK
  206  L06 n16  bytes 0-3/372960  Last-Modified: Wed, 02 Sep 2026 03:25:39 GMT  mp3-sync=OK
  206  L06 n19  bytes 0-3/114912  Last-Modified: Wed, 02 Sep 2026 03:25:41 GMT  mp3-sync=OK
  206  L07 n15  bytes 0-3/450144  Last-Modified: Wed, 02 Sep 2026 03:25:48 GMT  mp3-sync=OK

19/19 clips verified HTTP 200/206 with fresh audio.
