=== APPLY EDITS film-studies-eduqas/global-and-uk-film  19 edits  LIVE  2026-09-04T23:38:15.572Z
  ok   #0 L1.content_html [MEDIUM] F1: The Breadwinner is animated throughout.
  PATCH L1: content_html
  ok   #1 L3.content_html [MEDIUM] F2: The Wave’s teacher is Rainer Wenger.
  ok   #2 L3.content_html [MEDIUM] F3: Girlhood opened Directors’ Fortnight; it did not receive the Carrosse d’Or.
  PATCH L3: content_html
  ok   #3 L4.flashcard_questions[5].a [MEDIUM] F4: Alain Resnais received the 2014 Carrosse d’Or.
  PATCH L4: flashcard_questions
  ok   #9 L6.content_html [MEDIUM] F8: The quiz format is multiple choice.
  PATCH L6: content_html
  ok   #18 L7.content_html [HIGH] F17: The film’s setting and its District Six allusion need distinction.
  PATCH L7: content_html
  ok   #10 L10.content_html [MEDIUM] F9: The opening-credit Beatles recording is non-diegetic.
  ok   #11 L10.practice_questions[3].marks [MEDIUM] F10: Corrects the sound term in the model answer.
  ok   #12 L10.knowledge_checks[0].options[1] [MEDIUM] F11: Corrects the keyed option’s sound term.
  PATCH L10: content_html, practice_questions, knowledge_checks
  ok   #13 L12.content_html [MEDIUM] F12: The tooltip must define cinematographer, not film or auteurism.
  PATCH L12: content_html
  ok   #4 L14.content_html [MEDIUM] F5: Girlhood opened Directors’ Fortnight; it did not receive the Carrosse d’Or.
  ok   #5 L14.content_html [MEDIUM] F5: Corrects the repeated Carrosse d’Or claim.
  ok   #6 L14.knowledge_checks[3].q [MEDIUM] F6: The answer remains Directors’ Fortnight without the false award claim.
  ok   #7 L14.flashcard_questions[5].a [MEDIUM] F7: Girlhood opened the programme; it did not receive the Carrosse d’Or.
  ok   #8 L14.flashcard_questions[5].q [MEDIUM] F7: Aligns the flashcard question with the verified answer.
  PATCH L14: content_html, knowledge_checks, flashcard_questions
  ok   #14 L16.content_html [MEDIUM] F13: Turner’s songs were original songs for Submarine, not pre-existing needle drops.
  ok   #15 L16.flashcard_questions[11].q [MEDIUM] F14: Aligns the flashcard wording with the source status of the songs.
  PATCH L16: content_html, flashcard_questions
  ok   #16 L18.content_html [MEDIUM] F15: Adele’s title song is not used in the chapel finale.
  PATCH L18: content_html
  ok   #17 L19.content_html [MEDIUM] F16: Luton is in Bedfordshire, not the East Midlands.
  PATCH L19: content_html
=== 19 applied, 0 skipped, 11 lessons / 16 fields changed
