
=== RE-NARRATION (changed narrated text only) ===
backup: C:\Users\tshau\Documents\Study Vault\scripts\_retrofc\units\film-studies-eduqas__global-and-uk-film\_backup.json
unit:   film-studies-eduqas / global-and-uk-film
run: 2026-09-04T23:38:19Z  mode: LIVE
  L04: no narrated field changed -> skip
  L12: fields edited but no narrated text changed -> skip

9 lessons, 11 clips to regenerate

  L01 (Ollie)  Global English-Language Film: Narrative in Focus
      n11: One of the most powerful narrative tools any film has is the decision about when to give the spectator informa
             -> 707 KB, 60.3s, uploaded
      manifest updated (21 entries)
  L03 (Ollie)  Global Non-English-Language Film: Representation in Focus
      n5: Tsotsi was produced as a UK/South African co-production, directed by Gavin Hood, and won the Academy Award for
             -> 731 KB, 62.4s, uploaded
      n10: In the classroom ‘unity’ sequence of The Wave , teacher Rainer Wenger organises the class into a movement with
             -> 626 KB, 53.5s, uploaded
      manifest updated (18 entries)
  L06 (Ada)  Slumdog Millionaire: Narrative and Mumbai
      n6: This structure is an example of narrative withholding . Boyle and screenwriter Simon Beaufoy (adapting Vikas S
             -> 373 KB, 31.9s, uploaded
      manifest updated (22 entries)
  L07 (Ollie)  District 9: Narrative and Segregation Allegory
      n9: The film’s macro meaning is an allegorical reading of apartheid-era South Africa: a racialised group forcibly 
             -> 533 KB, 45.5s, uploaded
      manifest updated (19 entries)
  L10 (Ada)  Jojo Rabbit: Narrative and Comic Distance
      n6: The imaginary-Hitler dance opening sequence launches the film’s comic-distance strategy in its first two minut
             -> 567 KB, 48.4s, uploaded
      manifest updated (19 entries)
  L14 (Ada)  Girlhood: Representation and the Paris Banlieue
      n2: Girlhood — released in France as Bande de filles (literally ‘Girls’ Gang’) — was directed and written by Célin
             -> 623 KB, 53.2s, uploaded
      n3: Key Fact . Girlhood (2014), directed by Céline Sciamma and shot in Cinemascope by Crystel Fournier, opened Dir
             -> 212 KB, 18.1s, uploaded
      manifest updated (22 entries)
  L16 (Ada)  Submarine: Aesthetic and Adolescent Imagination
      n18: Alex Turner’s original acoustic guitar-and-voice songs sit at emotional turning points in the narrative montag
             -> 366 KB, 31.2s, uploaded
      manifest updated (23 entries)
  L18 (Ada)  Skyfall: Aesthetic and Bond Cinematography
      n14: The closing Skyfall-house chapel finale: Shot at night on practical fire, the sequence rejects the clean neon 
             -> 506 KB, 43.2s, uploaded
      manifest updated (22 entries)
  L19 (Ollie)  Blinded by the Light: Aesthetic and Musical Realism
      n10: Away from the musical set-pieces, the film operates in a warm autumnal register. Ben Smithard shoots the domes
             -> 351 KB, 29.9s, uploaded
      manifest updated (22 entries)

Regenerated 11 clips.

=== VERIFY (ranged GET + freshness) ===
  206  L01 n11  bytes 0-3/723744  Last-Modified: Fri, 04 Sep 2026 23:38:34 GMT  mp3-sync=OK
  206  L03 n5  bytes 0-3/748512  Last-Modified: Fri, 04 Sep 2026 23:38:48 GMT  mp3-sync=OK
  206  L03 n10  bytes 0-3/641376  Last-Modified: Fri, 04 Sep 2026 23:39:00 GMT  mp3-sync=OK
  206  L06 n6  bytes 0-3/382176  Last-Modified: Fri, 04 Sep 2026 23:39:06 GMT  mp3-sync=OK
  206  L07 n9  bytes 0-3/545472  Last-Modified: Fri, 04 Sep 2026 23:39:13 GMT  mp3-sync=OK
  206  L10 n6  bytes 0-3/580896  Last-Modified: Fri, 04 Sep 2026 23:39:21 GMT  mp3-sync=OK
  206  L14 n2  bytes 0-3/637920  Last-Modified: Fri, 04 Sep 2026 23:39:29 GMT  mp3-sync=OK
  206  L14 n3  bytes 0-3/217152  Last-Modified: Fri, 04 Sep 2026 23:39:33 GMT  mp3-sync=OK
  206  L16 n18  bytes 0-3/374976  Last-Modified: Fri, 04 Sep 2026 23:39:37 GMT  mp3-sync=OK
  206  L18 n14  bytes 0-3/518112  Last-Modified: Fri, 04 Sep 2026 23:39:44 GMT  mp3-sync=OK
  206  L19 n10  bytes 0-3/359136  Last-Modified: Fri, 04 Sep 2026 23:39:49 GMT  mp3-sync=OK

11/11 clips verified HTTP 200/206 with fresh audio.
