
=== RE-NARRATION (changed narrated text only) ===
backup: C:\Users\tshau\Documents\Study Vault\scripts\_retrofc\units\engineering-aqa__manufacturing-processes\_backup.json
unit:   engineering-aqa / manufacturing-processes
run: 2026-09-04T21:50:34Z  mode: LIVE
  L01: no narrated field changed -> skip

3 lessons, 3 clips to regenerate

  L04 (Ada)  Joining and Assembly
      n24: MIG (Metal Inert Gas) welding — a continuously fed wire electrode melts into the joint, shielded by an inert g
             -> 283 KB, 24.2s, uploaded
      manifest updated (35 entries)
  L05 (Ollie)  Heat Treatment and Chemical Treatment
      n12: The choice of quench medium affects the cooling rate: water quenches faster than oil but can cause more distor
             -> 217 KB, 18.5s, uploaded
      manifest updated (27 entries)
  L06 (Ada)  Surface Finishing
      n25: Anodising is most commonly used on aluminium. Aluminium naturally forms a thin oxide layer that protects it fr
             -> 409 KB, 34.9s, uploaded
      manifest updated (32 entries)

Regenerated 3 clips.

=== VERIFY (ranged GET + freshness) ===
  206  L04 n24  bytes 0-3/290016  Last-Modified: Fri, 04 Sep 2026 21:50:41 GMT  mp3-sync=OK
  206  L05 n12  bytes 0-3/222336  Last-Modified: Fri, 04 Sep 2026 21:50:44 GMT  mp3-sync=OK
  206  L06 n25  bytes 0-3/418464  Last-Modified: Fri, 04 Sep 2026 21:50:50 GMT  mp3-sync=OK

3/3 clips verified HTTP 200/206 with fresh audio.
