=== APPLY EDITS classical-civilisation-ocr/greek-and-roman-mythology  16 edits  LIVE  2026-09-05T19:16:20.286Z
  ok   #0 L2.content_html [MEDIUM] F1: Juno is duplicated in the Roman gods list.
  PATCH L2: content_html
  ok   #1 L4.content_html [HIGH] F2: Aeneas founded Lavinium; Ascanius founded Alba Longa.
  PATCH L4: content_html
  ok   #9 L5.content_html [MEDIUM] F6 ruling: Persian-Wars reading labelled as an interpretation.
  ok   #10 L5.content_html [MEDIUM] F6 ruling: alternatives named.
  PATCH L5: content_html
  ok   #2 L6.content_html [HIGH] F3: The prescribed Hymn specifies one seed.
  ok   #3 L6.knowledge_checks[0].options[2] [HIGH] F3: The prescribed Hymn specifies one seed.
  ok   #4 L6.flashcard_questions[3].a [HIGH] F3: The prescribed Hymn specifies one seed.
  ok   #5 L6.content_html [HIGH] F4: The prescribed Hymn gives a one-third/two-thirds division.
  ok   #6 L6.practice_questions[3].marks [HIGH] F4: The prescribed Hymn gives a one-third/two-thirds division.
  ok   #7 L6.flashcard_questions[4].a [HIGH] F4: The prescribed Hymn gives a one-third/two-thirds division.
  ok   #8 L6.content_html [HIGH] F5: Virgil's hundred-year delay concerns the unburied, not those without payment.
  ok   #11 L6.content_html [MEDIUM] F8 ruling: Ovid - the ghosts and Eumenides weep; the rulers grant the request.
  ok   #12 L6.conclusion_html [MEDIUM] F8 ruling: takeaway aligned.
  ok   #13 L6.flashcard_questions[6].a [MEDIUM] F8 ruling: flashcard aligned.
  ok   #14 L6.glossary_terms[1].definition [MEDIUM] F7 ruling: source-dependent river.
  ok   #15 L6.glossary_terms[2].definition [MEDIUM] F7 ruling; coin in the mouth (eyes variant not classical, as ruled in the religion unit).
  PATCH L6: content_html, knowledge_checks, flashcard_questions, practice_questions, conclusion_html, glossary_terms
=== 16 applied, 0 skipped, 4 lessons / 9 fields changed
