=== APPLY EDITS classical-civilisation-ocr/roman-leisure-and-society  23 edits  LIVE  2026-09-05T14:27:48.990Z
  ok   #15 L1.content_html [HIGH] F1 ruling: Pompeii baths labelled as context; prescribed source is the Central (Forum) Baths, Herculaneum.
  ok   #16 L1.content_html [HIGH] F1 ruling: name the prescribed Herculaneum source.
  ok   #17 L1.conclusion_html [HIGH] F1 ruling: takeaway corrected.
  ok   #18 L1.flashcard_questions[5].q [HIGH] F1 ruling.
  ok   #19 L1.flashcard_questions[5].a [HIGH] F1 ruling.
  PATCH L1: content_html, conclusion_html, flashcard_questions
  ok   #0 L2.content_html [MEDIUM] F2: ad digitum was the surrender signal; missus means released.
  ok   #1 L2.flashcard_questions[11].a [MEDIUM] F2: ad digitum was the surrender signal; missus means released.
  PATCH L2: content_html, flashcard_questions
  ok   #2 L3.content_html [MEDIUM] F3: the letter concerns applause for Ummidia Quadratilla's performers, not a senator.
  ok   #3 L3.content_html [MEDIUM] F4: the source is a commemorative monument, and the civic honour named belongs to Faustus.
  ok   #4 L3.content_html [MEDIUM] F5: Satire 6's Bathyllus passage supports elite fascination, not the stated claim about mocking gods.
  PATCH L3: content_html
  ok   #5 L4.content_html [HIGH] F6: the letter concerns slaves murdering Larcius Macedo, not the murder of his slaves.
  ok   #6 L4.content_html [HIGH] F6: collective household punishment is evidenced by Tacitus, not by Pliny's account of Larcius Macedo.
  ok   #7 L4.exam_tip_html [HIGH] F6: corrects the direction of the murder in the cited letter.
  ok   #8 L4.flashcard_questions[7].q [HIGH] F6: corrects the direction of the murder in the cited letter.
  ok   #9 L4.content_html [HIGH] F7: the inscription names the monument's beneficiaries, not public construction projects.
  ok   #10 L4.content_html [HIGH] F7: the inscription names Tyche, Faustus and their freed slaves.
  ok   #11 L4.practice_questions[1].marks [HIGH] F7: the inscription does not record public building donations.
  ok   #12 L4.flashcard_questions[8].a [HIGH] F7: the inscription does not record public building donations.
  ok   #13 L4.glossary_terms[5].definition [HIGH] F7: the inscription names the people for whom the monument was built.
  ok   #14 L4.glossary_terms[3].definition [MEDIUM] F8: libertus is masculine; liberta is the term for a freedwoman.
  PATCH L4: content_html, exam_tip_html, flashcard_questions, practice_questions, glossary_terms
  ok   #20 L5.content_html [HIGH] F9 ruling: lesson labelled as enrichment.
  ok   #21 L5.content_html [HIGH] F9 ruling.
  ok   #22 L5.conclusion_html [HIGH] F9 ruling.
  PATCH L5: content_html, conclusion_html
=== 23 applied, 0 skipped, 5 lessons / 13 fields changed
