
=== RE-NARRATION (changed narrated text only) ===
backup: C:\Users\tshau\Documents\Study Vault\scripts\_retrofc\units\classical-civilisation-ocr__roman-leisure-and-society\_backup.json
unit:   classical-civilisation-ocr / roman-leisure-and-society
run: 2026-09-05T14:27:52Z  mode: LIVE

5 lessons, 14 clips to regenerate

  L01 (Ollie)  The Roman Baths
      n4: The Forum Baths, Pompeii: Context for the Prescribed Source
             -> 54 KB, 4.6s, uploaded
      n5: The Forum Baths at Pompeii are among the best-preserved bath buildings in the Roman world. The complex lies cl
             -> 569 KB, 48.5s, uploaded
      n19: The hypocaust, an underfloor heating system using hot air circulated beneath a raised floor, made the caldariu
             -> 181 KB, 15.4s, uploaded
      manifest updated (20 entries)
  L02 (Ada)  The Amphitheatre & Gladiators
      n16: Combat was not automatically to the death. A defeated gladiator who had fought well could signal surrender by 
             -> 350 KB, 29.9s, uploaded
      manifest updated (21 entries)
  L03 (Ollie)  Theatre & Chariot Racing
      n4: The large theatre at Pompeii is a prescribed material source. Built in the second century BC and remodelled in
             -> 606 KB, 51.7s, uploaded
      n6: Mime (mimus) and pantomime (pantomimus) were even more popular with Roman audiences than literary comedy. Mime
             -> 407 KB, 34.8s, uploaded
      n7: Key Fact . Roman actors (and especially actresses) were legally classified as infames — people of low social s
             -> 266 KB, 22.7s, uploaded
      manifest updated (19 entries)
  L04 (Ada)  Slaves & Freedmen
      n7: The relationship between enslaved people and their owners varied enormously. Pliny the Younger, writing in his
             -> 475 KB, 40.5s, uploaded
      n8: Romans were aware of the potential for enslaved people to resist or rebel. The slave revolt led by Spartacus (
             -> 462 KB, 39.4s, uploaded
      n15: The Tomb of Naevoleia Tyche at Pompeii is a prescribed material source that combines several of these themes. 
             -> 514 KB, 43.9s, uploaded
      n16: Questions about slaves and freedmen often ask you to use a literary source. The key sources are Pliny (Letters
             -> 517 KB, 44.1s, uploaded
      manifest updated (20 entries)
  L05 (Ollie)  Religion in the Roman City
      n2: Roman religion was not confined to temples and official ceremonies. It was woven into the texture of daily urb
             -> 646 KB, 55.1s, uploaded
      n13: Key Fact . The Lupercalia and the Saturnalia are not prescribed for this component, but they show how festival
             -> 367 KB, 31.3s, uploaded
      n19: The Roman religious calendar included festivals such as the Lupercalia (purification, fertility, mid-February)
             -> 190 KB, 16.2s, uploaded
      manifest updated (20 entries)

Regenerated 14 clips.

=== VERIFY (ranged GET + freshness) ===
  206  L01 n4  bytes 0-3/55584  Last-Modified: Sat, 05 Sep 2026 14:27:56 GMT  mp3-sync=OK
  206  L01 n5  bytes 0-3/582336  Last-Modified: Sat, 05 Sep 2026 14:28:05 GMT  mp3-sync=OK
  206  L01 n19  bytes 0-3/184896  Last-Modified: Sat, 05 Sep 2026 14:28:08 GMT  mp3-sync=OK
  206  L02 n16  bytes 0-3/358848  Last-Modified: Sat, 05 Sep 2026 14:28:15 GMT  mp3-sync=OK
  206  L03 n4  bytes 0-3/620928  Last-Modified: Sat, 05 Sep 2026 14:28:25 GMT  mp3-sync=OK
  206  L03 n6  bytes 0-3/417024  Last-Modified: Sat, 05 Sep 2026 14:28:32 GMT  mp3-sync=OK
  206  L03 n7  bytes 0-3/272160  Last-Modified: Sat, 05 Sep 2026 14:28:36 GMT  mp3-sync=OK
  206  L04 n7  bytes 0-3/486432  Last-Modified: Sat, 05 Sep 2026 14:28:44 GMT  mp3-sync=OK
  206  L04 n8  bytes 0-3/472608  Last-Modified: Sat, 05 Sep 2026 14:28:51 GMT  mp3-sync=OK
  206  L04 n15  bytes 0-3/526176  Last-Modified: Sat, 05 Sep 2026 14:29:00 GMT  mp3-sync=OK
  206  L04 n16  bytes 0-3/529344  Last-Modified: Sat, 05 Sep 2026 14:29:08 GMT  mp3-sync=OK
  206  L05 n2  bytes 0-3/661536  Last-Modified: Sat, 05 Sep 2026 14:29:21 GMT  mp3-sync=OK
  206  L05 n13  bytes 0-3/375552  Last-Modified: Sat, 05 Sep 2026 14:29:29 GMT  mp3-sync=OK
  206  L05 n19  bytes 0-3/194112  Last-Modified: Sat, 05 Sep 2026 14:29:35 GMT  mp3-sync=OK

14/14 clips verified HTTP 200/206 with fresh audio.
