=== APPLY EDITS religious-studies-aqa/islam-practices  19 edits  LIVE  2026-09-06T04:57:16.569Z
  ok   #0 L1.content_html [HIGH] F1: the Ten Obligatory Acts do not include the Shahadah, and jihad is not one of the Five Pillars
  ok   #1 L1.content_html [HIGH] F1: jihad is named as a Pillar and the Shahadah is wrongly counted among the Ten Obligatory Acts
  ok   #2 L1.content_html [MEDIUM] F2: six of the Ten Obligatory Acts sit outside the Five Pillars, not five
  ok   #3 L1.content_html [HIGH] F3: the quotation matches no standard translation; replaced with Abdel Haleem 112:1-4 verbatim
  ok   #4 L1.glossary_terms[4].definition [HIGH] F1: glossary kept in step with the corrected content
  ok   #5 L1.practice_questions[1].text [HIGH] F4: the paper has no 2-mark question; the second part is worth 1 mark
  ok   #6 L1.practice_questions[1].marks [HIGH] F4: 1 mark not 2, and jihad added - it is one of the Ten and is not a Pillar
  ok   #7 L1.practice_questions[3].marks [MEDIUM] F5: model answer quoted Surah 112 in wording found in no standard translation
  ok   #8 L1.practice_questions[4].marks [MEDIUM] F6: Surah 112 states God's oneness; it makes no claim about which belief is most fundamental
  PATCH L1: content_html, glossary_terms, practice_questions
  ok   #9 L2.practice_questions[1].text [HIGH] F8: the paper has no 2-mark question; the second part is worth 1 mark
  ok   #10 L2.practice_questions[1].marks [HIGH] F8: mark scheme awarded 2 marks on a 1-mark question
  PATCH L2: practice_questions
  ok   #11 L3.exam_tip_html [MEDIUM] F9: fabricated examiner claim removed
  ok   #12 L3.content_html [MEDIUM] F10: Saudi figures - 1,845,045 (2023), 1,833,164 (2024), 1,673,230 (2025); only 2019 passed two million
  ok   #13 L3.practice_questions[1].text [HIGH] F12: the paper has no 2-mark question; the second part is worth 1 mark
  ok   #14 L3.practice_questions[1].marks [HIGH] F12: mark scheme awarded 2 marks on a 1-mark question
  ok   #15 L3.practice_questions[3].marks [MEDIUM] F11: model answer kept in step with the corrected pilgrim figure
  PATCH L3: exam_tip_html, content_html, practice_questions
  ok   #16 L4.exam_tip_html [MEDIUM] F14: fabricated examiner claim removed
  ok   #17 L4.practice_questions[1].text [HIGH] F15: the paper has no 2-mark question; the second part is worth 1 mark
  ok   #18 L4.practice_questions[1].marks [HIGH] F15: mark scheme awarded 2 marks on a 1-mark question
  PATCH L4: exam_tip_html, practice_questions
=== 19 applied, 0 skipped, 4 lessons / 9 fields changed
