
=== RE-NARRATION (changed narrated text only) ===
backup: C:\Users\tshau\Documents\Study Vault\scripts\_retrofc\units\religious-studies-aqa__islam-practices\_backup.json
unit:   religious-studies-aqa / islam-practices
run: 2026-09-06T04:57:19Z  mode: LIVE
  L02: no narrated field changed -> skip

3 lessons, 5 clips to regenerate

  L01 (Ollie)  The Five Pillars, Ten Obligatory Acts & Shahadah
      n7: Shi’a Muslims — particularly Twelver Shi’a — follow the Ten Obligatory Acts . These include four of the Five P
             -> 184 KB, 15.7s, uploaded
      n20: Tawhid is not just a belief — it shapes every aspect of a Muslim’s life. If Allah is the only God, then only H
             -> 383 KB, 32.7s, uploaded
      manifest updated (25 entries)
  L03 (Ollie)  Zakah & Hajj
      n12: Hajj is the fifth pillar of Islam. Every Muslim who is physically and financially able must make the pilgrimag
             -> 294 KB, 25.1s, uploaded
      n24: For questions on Zakah, explain both the spiritual purpose (purification of wealth, obedience to God) and the 
             -> 337 KB, 28.8s, uploaded
      manifest updated (28 entries)
  L04 (Ada)  Jihad & Islamic Festivals
      n26: For jihad questions, always distinguish between greater jihad (inner spiritual struggle) and lesser jihad (phy
             -> 387 KB, 33.0s, uploaded
      manifest updated (30 entries)

Regenerated 5 clips.

=== VERIFY (ranged GET + freshness) ===
  206  L01 n7  bytes 0-3/188352  Last-Modified: Sun, 06 Sep 2026 04:57:26 GMT  mp3-sync=OK
  206  L01 n20  bytes 0-3/391968  Last-Modified: Sun, 06 Sep 2026 04:57:34 GMT  mp3-sync=OK
  206  L03 n12  bytes 0-3/300960  Last-Modified: Sun, 06 Sep 2026 04:57:41 GMT  mp3-sync=OK
  206  L03 n24  bytes 0-3/345024  Last-Modified: Sun, 06 Sep 2026 04:57:47 GMT  mp3-sync=OK
  206  L04 n26  bytes 0-3/396288  Last-Modified: Sun, 06 Sep 2026 04:57:55 GMT  mp3-sync=OK

5/5 clips verified HTTP 200/206 with fresh audio.
