=== APPLY EDITS geology-eduqas/hazards-resources-and-investigative-geology  20 edits  LIVE  2026-09-06T09:07:42.510Z
  ok   #0 L1.content_html [MEDIUM] F1: unverifiable claim about what examiners ask; replaced with neutral advice.
  PATCH L1: content_html
  ok   #1 L2.content_html [MEDIUM] F2: the claim that most victims were inside the exclusion zone is not supported; the blast reached well beyond
  PATCH L2: content_html
  ok   #2 L3.content_html [MEDIUM] F3: spec 1.1 lists ore minerals as haematite and galena only; magnetite, chalcopyrite and sphalerite are not n
  ok   #3 L3.exam_tip_html [MEDIUM] F4: same error as F3 in the exam tip; invented mark rule removed.
  PATCH L3: content_html, exam_tip_html
  ok   #4 L4.content_html [MEDIUM] F5: fabricated examiner-report claim.
  ok   #5 L4.exam_tip_html [MEDIUM] F6: fabricated claim that examiners penalise the term; the advice itself stands.
  PATCH L4: content_html, exam_tip_html
  ok   #6 L5.content_html [MEDIUM] F7: chalk porosity is high (35-47%), not moderate; the low matrix permeability is what forces flow into fractu
  ok   #7 L5.exam_tip_html [MEDIUM] F8: fabricated claim about how often examiners set this question.
  PATCH L5: content_html, exam_tip_html
  ok   #8 L6.content_html [HIGH] F9: the upstream/downstream rule was reversed. Standard engineering geology: strata dipping upstream are favou
  ok   #9 L6.content_html [MEDIUM] F10: schist is foliated and splits along that fabric; the same lesson later cites unstable schist as a cause o
  ok   #10 L6.knowledge_checks[0].options[0] [HIGH] F11: option reworded so the correct answer carries the correct reason.
  ok   #11 L6.knowledge_checks[0].correct [HIGH] F11: the keyed answer marked the true answer wrong. Upstream dip into the reservoir minimises seepage under th
  ok   #12 L6.practice_questions[5].marks [HIGH] F12: the model answer repeated the reversed dip rule from F9.
  PATCH L6: content_html, knowledge_checks, practice_questions
  ok   #13 L7.practice_questions[3].marks [HIGH] F13: the mark scheme reversed the rule of Vs and contradicted the lesson's own Key Fact. A downstream-pointing
  ok   #14 L7.knowledge_checks[0].options[0] [HIGH] F14: two options were true. An upstream V fits horizontal beds, gently downstream-dipping beds AND upstream-di
  ok   #15 L7.content_html [MEDIUM] F15: the spec names 'The Geological Code of Conduct' with no publisher; the attribution to the Geological Soci
  ok   #16 L7.knowledge_checks[3].q [MEDIUM] F15: same unverified attribution in the knowledge check stem; the keyed answer 'Geological' still fits.
  ok   #17 L7.content_html [MEDIUM] F16: fabricated claim about what examiners look for.
  ok   #18 L7.exam_tip_html [MEDIUM] F17: the spec defines no named 4-mark question type; the tariff is invented.
  ok   #19 L7.exam_tip_html [MEDIUM] F17: fabricated examiner claim.
  PATCH L7: practice_questions, knowledge_checks, content_html, exam_tip_html
=== 20 applied, 0 skipped, 7 lessons / 15 fields changed
