
=== RE-NARRATION (changed narrated text only) ===
backup: C:\Users\tshau\Documents\Study Vault\scripts\_retrofc\units\citizenship-aqa__politics-participation-active-citizenship\_backup.json
unit:   citizenship-aqa / politics-participation-active-citizenship
run: 2026-09-04T22:49:26Z  mode: LIVE
  L08: fields edited but no narrated text changed -> skip
  L12: no narrated field changed -> skip
  L13: fields edited but no narrated text changed -> skip

5 lessons, 11 clips to regenerate

  L03 (Ollie)  How Parliament Works
      n8: The House of Lords is the upper chamber. Unlike the Commons, it is not elected — its members are mostly appoin
             -> 484 KB, 41.3s, uploaded
      n12: Key Fact . The House of Commons is elected (650 MPs, one per constituency). The House of Lords is mostly appoi
             -> 320 KB, 27.3s, uploaded
      manifest updated (21 entries)
  L07 (Ollie)  Voting Systems in the UK
      n5: Key Fact . Under FPTP, each constituency elects one MP — the candidate with the most votes wins, regardless of
             -> 199 KB, 17.0s, uploaded
      n14: The Additional Member System (AMS) is used for elections to the Scottish Parliament. Voters cast two votes: on
             -> 346 KB, 29.5s, uploaded
      n16: Key Fact . The Additional Member System is used for Scottish Parliament elections. The Single Transferable Vot
             -> 168 KB, 14.3s, uploaded
      n24: Proportional systems (AMS for Scottish Parliament; STV for Northern Ireland Assembly) give smaller parties fai
             -> 139 KB, 11.9s, uploaded
      manifest updated (25 entries)
  L09 (Ollie)  Elections, Voting and Voter Turnout
      n12: When large numbers of eligible voters choose not to vote, this is described as voter apathy . Voter apathy is 
             -> 200 KB, 17.1s, uploaded
      manifest updated (25 entries)
  L10 (Ada)  Tax, Spending and Public Services
      n16: Governments face the challenge of managing risk when making spending decisions. A sudden economic downturn, a 
             -> 422 KB, 36.0s, uploaded
      manifest updated (22 entries)
  L15 (Ollie)  Citizens in Action: Two Case Studies
      n5: The 15 April 1989 crush at Hillsborough football stadium in Sheffield during an FA Cup semi-final caused 96 de
             -> 263 KB, 22.4s, uploaded
      n6: The Hillsborough Family Support Group used a wide range of methods over more than three decades. They petition
             -> 286 KB, 24.4s, uploaded
      n7: Key Fact . The Hillsborough families used petitions, legal action, lobbying, media engagement and sustained pu
             -> 276 KB, 23.6s, uploaded
      manifest updated (23 entries)

Regenerated 11 clips.

=== VERIFY (ranged GET + freshness) ===
  206  L03 n8  bytes 0-3/495360  Last-Modified: Fri, 04 Sep 2026 22:49:36 GMT  mp3-sync=OK
  206  L03 n12  bytes 0-3/328032  Last-Modified: Fri, 04 Sep 2026 22:49:40 GMT  mp3-sync=OK
  206  L07 n5  bytes 0-3/204192  Last-Modified: Fri, 04 Sep 2026 22:49:44 GMT  mp3-sync=OK
  206  L07 n14  bytes 0-3/353952  Last-Modified: Fri, 04 Sep 2026 22:49:49 GMT  mp3-sync=OK
  206  L07 n16  bytes 0-3/172224  Last-Modified: Fri, 04 Sep 2026 22:49:52 GMT  mp3-sync=OK
  206  L07 n24  bytes 0-3/142560  Last-Modified: Fri, 04 Sep 2026 22:49:55 GMT  mp3-sync=OK
  206  L09 n12  bytes 0-3/205056  Last-Modified: Fri, 04 Sep 2026 22:49:59 GMT  mp3-sync=OK
  206  L10 n16  bytes 0-3/432288  Last-Modified: Fri, 04 Sep 2026 22:50:05 GMT  mp3-sync=OK
  206  L15 n5  bytes 0-3/268992  Last-Modified: Fri, 04 Sep 2026 22:50:10 GMT  mp3-sync=OK
  206  L15 n6  bytes 0-3/293184  Last-Modified: Fri, 04 Sep 2026 22:50:14 GMT  mp3-sync=OK
  206  L15 n7  bytes 0-3/283104  Last-Modified: Fri, 04 Sep 2026 22:50:18 GMT  mp3-sync=OK

11/11 clips verified HTTP 200/206 with fresh audio.
