=== APPLY EDITS geology-eduqas/structures-and-earth-dynamics  25 edits  LIVE  2026-09-06T09:02:23.279Z
  ok   #0 L1.content_html [MEDIUM] F1: the lesson defined antiform by age and then called it a geometry-only term.
  ok   #1 L1.exam_tip_html [MEDIUM] F2: fabricated examiner claim.
  ok   #2 L1.practice_questions[3].text [MEDIUM] F3: the key computes the drop of the bed over a horizontal 400 m, not a change in ground elevation.
  PATCH L1: content_html, exam_tip_html, practice_questions
  ok   #3 L2.content_html [HIGH] F4: repetition of strata is diagnostic of reverse and thrust faults; normal faults cut section out.
  ok   #4 L2.content_html [MEDIUM] F7: fabricated examiner claim.
  ok   #5 L2.content_html [HIGH] F5: the hanging wall is set by the dip of the fault plane, not by which side of the page moved up.
  ok   #6 L2.content_html [MEDIUM] F6: a thrust is a reverse fault dipping 45 degrees or less; the old figures left 30-45 degrees unclassified.
  ok   #7 L2.content_html [MEDIUM] F9: Pacific-North America relative motion is about 5 cm per year.
  ok   #8 L2.exam_tip_html [MEDIUM] F8: invented statistic about candidate performance.
  ok   #9 L2.practice_questions[3].marks [MEDIUM] F6: thrust dip convention is 45 degrees or less.
  ok   #10 L2.practice_questions[4].text [MEDIUM] F10: the old stem gave the answer and made the scale unusable.
  ok   #11 L2.practice_questions[4].marks [MEDIUM] F10: recomputed 8 mm at 1:25,000 = 200 m.
  ok   #12 L2.flashcard_questions[6].a [MEDIUM] F6: thrust dip convention is 45 degrees or less.
  PATCH L2: content_html, exam_tip_html, practice_questions, flashcard_questions
  ok   #13 L3.content_html [LOW] F11: duplicated article.
  ok   #14 L3.flashcard_questions[4].q [LOW] F12: Hutton described unconformities at Jedburgh and on Arran in 1787, before Siccar Point in 1788.
  PATCH L3: content_html, flashcard_questions
  ok   #15 L4.content_html [MEDIUM] F13: gradualism and uniformitarianism are separate ideas and the spec lists them separately.
  PATCH L4: content_html
  ok   #16 L5.content_html [MEDIUM] F14: the spec dates continental drift to Wegener (1915).
  ok   #17 L5.content_html [MEDIUM] F15: fabricated examiner claim in the revision tip.
  ok   #18 L5.content_html [MEDIUM] F15: fabricated examiner claim.
  ok   #19 L5.content_html [MEDIUM] F16: 7 cm per year north-west is the absolute motion; relative to Australia the Pacific moves roughly west.
  PATCH L5: content_html
  ok   #20 L6.content_html [LOW] F17: the ridge runs to the Bouvet Triple Junction at about 55 degrees south.
  ok   #21 L6.content_html [MEDIUM] F18: Pacific-North America relative motion is about 5 cm per year.
  ok   #22 L6.content_html [MEDIUM] F19: the Challenger Deep is 10,935 m, just under 11,000 m.
  ok   #23 L6.content_html [LOW] F20: the slab dip is read from the earthquake foci, not from tomography.
  ok   #24 L6.exam_tip_html [MEDIUM] F21: fabricated examiner claim plus an unstated mark tariff.
  PATCH L6: content_html, exam_tip_html
=== 25 applied, 0 skipped, 6 lessons / 13 fields changed
