
=== RE-NARRATION (changed narrated text only) ===
backup: C:\Users\tshau\Documents\Study Vault\scripts\_retrofc\units\geology-eduqas__structures-and-earth-dynamics\_backup.json
unit:   geology-eduqas / structures-and-earth-dynamics
run: 2026-09-06T09:02:29Z  mode: LIVE

6 lessons, 17 clips to regenerate

  L01 (Ollie)  Folding and Tectonic Stress
      n7: A fold that arches upward, with older rocks in the core, is called an antiform . The mirror image — a fold tha
             -> 316 KB, 27.0s, uploaded
      n20: Questions on folding often include a cross-section or map pattern. If asked to identify a fold type, look at w
             -> 370 KB, 31.6s, uploaded
      manifest updated (24 entries)
  L02 (Ada)  Faults and Fault Displacement
      n7: On a geological map, you can recognise a normal fault by the displacement of rock units. A distinctive feature
             -> 329 KB, 28.1s, uploaded
      n10: When the fault plane is shallow — dipping at 45° or less — the structure is specifically called a thrust fault
             -> 402 KB, 34.3s, uploaded
      n11: This mix-up is easy to make. The key is the word “normal” — it refers to what happens normally under gravity: 
             -> 382 KB, 32.6s, uploaded
      n13: A strike-slip fault forms when shear stress causes the two sides of a fault to slide horizontally past each ot
             -> 317 KB, 27.0s, uploaded
      n19: For a 4-mark compare question on faults, you must mention both features in each comparison — not just describe
             -> 351 KB, 30.0s, uploaded
      manifest updated (23 entries)
  L03 (Ollie)  Unconformities and Reading 3D Structures
      n19: A cross-section in your textbook or on the practical-skills component map will show these relationships. Study
             -> 230 KB, 19.7s, uploaded
      manifest updated (26 entries)
  L04 (Ada)  The Rock Cycle
      n9: Most rock-cycle processes operate on timescales of millions of years — this is the principle of gradualism (cl
             -> 307 KB, 26.2s, uploaded
      manifest updated (21 entries)
  L05 (Ollie)  Earth Structure and the Development of Plate Theory
      n9: In 1912, Alfred Wegener proposed the hypothesis of continental drift , publishing his full case in 1915. He ga
             -> 410 KB, 35.0s, uploaded
      n15: Key Fact . Magnetic stripe patterns have three essential features: they are symmetrical about the mid-ocean ri
             -> 175 KB, 14.9s, uploaded
      n18: Today, GPS measurements directly confirm that plates are moving. The Pacific Plate moves north-west at about 7
             -> 226 KB, 19.3s, uploaded
      manifest updated (25 entries)
  L06 (Ada)  Plate Boundaries and Their Products
      n5: Where two plates pull apart, tensional stress allows the lithosphere to thin and fracture. Magma from the unde
             -> 370 KB, 31.6s, uploaded
      n10: The San Andreas Fault in California is the most studied example. Here the Pacific Plate slides north-west rela
             -> 295 KB, 25.1s, uploaded
      n11: When an oceanic plate meets a continental plate, the denser oceanic plate sinks beneath the continental plate 
             -> 245 KB, 20.9s, uploaded
      n13: The zone of deep earthquakes along the descending slab is called the Benioff zone . Earthquakes in this zone c
             -> 285 KB, 24.3s, uploaded
      n22: Questions on plate boundaries often ask you to link a named location to the correct boundary type and geologic
             -> 490 KB, 41.8s, uploaded
      manifest updated (26 entries)

Regenerated 17 clips.

=== VERIFY (ranged GET + freshness) ===
  206  L01 n7  bytes 0-3/323712  Last-Modified: Sun, 06 Sep 2026 09:02:39 GMT  mp3-sync=OK
  206  L01 n20  bytes 0-3/379008  Last-Modified: Sun, 06 Sep 2026 09:02:45 GMT  mp3-sync=OK
  206  L02 n7  bytes 0-3/336960  Last-Modified: Sun, 06 Sep 2026 09:02:51 GMT  mp3-sync=OK
  206  L02 n10  bytes 0-3/411840  Last-Modified: Sun, 06 Sep 2026 09:02:57 GMT  mp3-sync=OK
  206  L02 n11  bytes 0-3/391104  Last-Modified: Sun, 06 Sep 2026 09:03:04 GMT  mp3-sync=OK
  206  L02 n13  bytes 0-3/324288  Last-Modified: Sun, 06 Sep 2026 09:03:09 GMT  mp3-sync=OK
  206  L02 n19  bytes 0-3/359712  Last-Modified: Sun, 06 Sep 2026 09:03:14 GMT  mp3-sync=OK
  206  L03 n19  bytes 0-3/235872  Last-Modified: Sun, 06 Sep 2026 09:03:18 GMT  mp3-sync=OK
  206  L04 n9  bytes 0-3/314784  Last-Modified: Sun, 06 Sep 2026 09:03:24 GMT  mp3-sync=OK
  206  L05 n9  bytes 0-3/420192  Last-Modified: Sun, 06 Sep 2026 09:03:31 GMT  mp3-sync=OK
  206  L05 n15  bytes 0-3/179424  Last-Modified: Sun, 06 Sep 2026 09:03:34 GMT  mp3-sync=OK
  206  L05 n18  bytes 0-3/231264  Last-Modified: Sun, 06 Sep 2026 09:03:38 GMT  mp3-sync=OK
  206  L06 n5  bytes 0-3/379008  Last-Modified: Sun, 06 Sep 2026 09:03:44 GMT  mp3-sync=OK
  206  L06 n10  bytes 0-3/301824  Last-Modified: Sun, 06 Sep 2026 09:03:50 GMT  mp3-sync=OK
  206  L06 n11  bytes 0-3/250848  Last-Modified: Sun, 06 Sep 2026 09:03:54 GMT  mp3-sync=OK
  206  L06 n13  bytes 0-3/291456  Last-Modified: Sun, 06 Sep 2026 09:03:58 GMT  mp3-sync=OK
  206  L06 n22  bytes 0-3/501984  Last-Modified: Sun, 06 Sep 2026 09:04:04 GMT  mp3-sync=OK

17/17 clips verified HTTP 200/206 with fresh audio.
