=== APPLY EDITS history-aqa/conflict-tension-asia  184 edits  LIVE  2026-09-05T23:12:58.774Z
  ok   #0 L1.content_html [MEDIUM] F1: Rhee was exiled IN the United States and campaigned for Korean independence FROM Japan.
  ok   #1 L1.practice_questions[0].text [MEDIUM] F2: 'Construct a chronological explanation' is not a stem this paper sets; the 8-mark question asks for an acc
  ok   #2 L1.practice_questions[1].text [MEDIUM] F2: 'Construct a chronological explanation' is not a stem this paper sets; the 8-mark question asks for an acc
  ok   #3 L1.practice_questions[2].text [MEDIUM] F2: 'Construct a chronological explanation' is not a stem this paper sets; the 8-mark question asks for an acc
  ok   #4 L1.practice_questions[3].text [MEDIUM] F2: 'Construct a chronological explanation' is not a stem this paper sets; the 8-mark question asks for an acc
  ok   #5 L1.practice_questions[4].text [MEDIUM] F2: 'Construct a chronological explanation' is not a stem this paper sets; the 8-mark question asks for an acc
  ok   #6 L1.practice_questions[5].text [MEDIUM] F2: 'Construct a chronological explanation' is not a stem this paper sets; the 8-mark question asks for an acc
  PATCH L1: content_html, practice_questions
  ok   #7 L2.content_html [MEDIUM] F3: news reached Truman on the evening of 24 June; air and naval forces were authorised at the second Blair Ho
  ok   #8 L2.content_html [MEDIUM] F4: invented exam claim ('frequently testable') inside a revision tip.
  ok   #9 L2.exam_tip_html [HIGH] F5: the 4-mark source question requires the source AND contextual knowledge; the tip told students to avoid th
  ok   #10 L2.practice_questions[0].text [MEDIUM] F6: the 4-mark source question on this paper asks how you know, using the source and contextual knowledge; 'id
  ok   #11 L2.practice_questions[0].marks [MEDIUM] F6: the 4-mark source question on this paper asks how you know, using the source and contextual knowledge; 'id
  ok   #12 L2.practice_questions[1].text [MEDIUM] F6: the 4-mark source question on this paper asks how you know, using the source and contextual knowledge; 'id
  ok   #13 L2.practice_questions[1].marks [MEDIUM] F6: the 4-mark source question on this paper asks how you know, using the source and contextual knowledge; 'id
  ok   #14 L2.practice_questions[2].text [MEDIUM] F6: the 4-mark source question on this paper asks how you know, using the source and contextual knowledge; 'id
  ok   #15 L2.practice_questions[2].marks [MEDIUM] F6: the 4-mark source question on this paper asks how you know, using the source and contextual knowledge; 'id
  ok   #16 L2.practice_questions[3].text [MEDIUM] F6: the 4-mark source question on this paper asks how you know, using the source and contextual knowledge; 'id
  ok   #17 L2.practice_questions[3].marks [MEDIUM] F6: the 4-mark source question on this paper asks how you know, using the source and contextual knowledge; 'id
  ok   #18 L2.practice_questions[4].text [MEDIUM] F6: the 4-mark source question on this paper asks how you know, using the source and contextual knowledge; 'id
  ok   #19 L2.practice_questions[4].marks [MEDIUM] F6: the 4-mark source question on this paper asks how you know, using the source and contextual knowledge; 'id
  ok   #20 L2.practice_questions[5].text [MEDIUM] F6: the 4-mark source question on this paper asks how you know, using the source and contextual knowledge; 'id
  ok   #21 L2.practice_questions[5].marks [MEDIUM] F6: the 4-mark source question on this paper asks how you know, using the source and contextual knowledge; 'id
  PATCH L2: content_html, exam_tip_html, practice_questions
  ok   #22 L3.content_html [MEDIUM] F7: Green Beach was the morning landing on Wolmido, not one of the evening beaches (Wikipedia, 'Battle of Inch
  ok   #23 L3.exam_tip_html [MEDIUM] F8: invented exam claim ('examiners reward').
  ok   #24 L3.practice_questions[0].text [MEDIUM] F2: 'Construct a chronological explanation' is not a stem this paper sets; the 8-mark question asks for an acc
  ok   #25 L3.practice_questions[1].text [MEDIUM] F2: 'Construct a chronological explanation' is not a stem this paper sets; the 8-mark question asks for an acc
  ok   #26 L3.practice_questions[2].text [MEDIUM] F2: 'Construct a chronological explanation' is not a stem this paper sets; the 8-mark question asks for an acc
  ok   #27 L3.practice_questions[3].text [MEDIUM] F2: 'Construct a chronological explanation' is not a stem this paper sets; the 8-mark question asks for an acc
  ok   #28 L3.practice_questions[4].text [MEDIUM] F2: 'Construct a chronological explanation' is not a stem this paper sets; the 8-mark question asks for an acc
  ok   #29 L3.practice_questions[5].text [MEDIUM] F2: 'Construct a chronological explanation' is not a stem this paper sets; the 8-mark question asks for an acc
  ok   #30 L3.flashcard_questions[3].a [MEDIUM] F9: list answer ('X, Y, Z and W') fails the flashcard validator.
  ok   #179 L3.content_html [MEDIUM] ruling: unverifiable attributed quotation removed.
  PATCH L3: content_html, exam_tip_html, practice_questions, flashcard_questions
  ok   #31 L4.practice_questions[3].text [HIGH] F10: an invented quotation was attributed to a named historian's real 1996 book, which is also not an 'officia
  ok   #32 L4.practice_questions[3].marks [HIGH] F10: an invented quotation was attributed to a named historian's real 1996 book, which is also not an 'officia
  ok   #33 L4.flashcard_questions[6].a [MEDIUM] F11: list answer fails the flashcard validator.
  ok   #34 L4.flashcard_questions[8].a [MEDIUM] F11: list answer fails the flashcard validator.
  PATCH L4: practice_questions, flashcard_questions
  ok   #35 L5.exam_tip_html [HIGH] F12: the 16-mark question on this paper supplies no sources and is a knowledge essay on a quoted statement.
  ok   #36 L5.content_html [MEDIUM] F13: invented exam claim ('examiners reward').
  ok   #37 L5.content_html [MEDIUM] F14: 'Most importantly for AQA' asserts an exam emphasis, and 'almost inevitable' states a contested judgement
  ok   #38 L5.practice_questions[0].text [HIGH] F15: the 16-mark question sets a statement and supplies no sources; the six questions were set as three-source
  ok   #39 L5.practice_questions[0].type [HIGH] F15: the 16-mark question sets a statement and supplies no sources; the six questions were set as three-source
  ok   #40 L5.practice_questions[0].marks [HIGH] F15: the 16-mark question sets a statement and supplies no sources; the six questions were set as three-source
  ok   #41 L5.practice_questions[1].text [HIGH] F15: the 16-mark question sets a statement and supplies no sources; the six questions were set as three-source
  ok   #42 L5.practice_questions[1].type [HIGH] F15: the 16-mark question sets a statement and supplies no sources; the six questions were set as three-source
  ok   #43 L5.practice_questions[1].marks [HIGH] F15: the 16-mark question sets a statement and supplies no sources; the six questions were set as three-source
  ok   #44 L5.practice_questions[2].text [HIGH] F15: the 16-mark question sets a statement and supplies no sources; the six questions were set as three-source
  ok   #45 L5.practice_questions[2].type [HIGH] F15: the 16-mark question sets a statement and supplies no sources; the six questions were set as three-source
  ok   #46 L5.practice_questions[2].marks [HIGH] F15: the 16-mark question sets a statement and supplies no sources; the six questions were set as three-source
  ok   #47 L5.practice_questions[3].text [HIGH] F15: the 16-mark question sets a statement and supplies no sources; the six questions were set as three-source
  ok   #48 L5.practice_questions[3].type [HIGH] F15: the 16-mark question sets a statement and supplies no sources; the six questions were set as three-source
  ok   #49 L5.practice_questions[3].marks [HIGH] F15: the 16-mark question sets a statement and supplies no sources; the six questions were set as three-source
  ok   #50 L5.practice_questions[4].text [HIGH] F15: the 16-mark question sets a statement and supplies no sources; the six questions were set as three-source
  ok   #51 L5.practice_questions[4].type [HIGH] F15: the 16-mark question sets a statement and supplies no sources; the six questions were set as three-source
  ok   #52 L5.practice_questions[4].marks [HIGH] F15: the 16-mark question sets a statement and supplies no sources; the six questions were set as three-source
  ok   #53 L5.practice_questions[5].text [HIGH] F15: the 16-mark question sets a statement and supplies no sources; the six questions were set as three-source
  ok   #54 L5.practice_questions[5].type [HIGH] F15: the 16-mark question sets a statement and supplies no sources; the six questions were set as three-source
  ok   #55 L5.practice_questions[5].marks [HIGH] F15: the 16-mark question sets a statement and supplies no sources; the six questions were set as three-source
  ok   #56 L5.flashcard_questions[6].q [MEDIUM] F16: the answer was a three-item list, which fails the flashcard validator.
  ok   #57 L5.flashcard_questions[6].a [MEDIUM] F16: the answer was a three-item list, which fails the flashcard validator.
  ok   #180 L5.content_html [MEDIUM] ruling: casualty range not a point figure.
  PATCH L5: exam_tip_html, content_html, practice_questions, flashcard_questions
  ok   #58 L6.exam_tip_html [HIGH] F17: the 4-mark source question requires contextual knowledge; the tip forbade it, and 'Examiner reports flag'
  ok   #59 L6.content_html [MEDIUM] F18: the 80 per cent remark comes from Eisenhower's later published account of the period, not from a private 
  ok   #60 L6.practice_questions[0].text [MEDIUM] F6: the 4-mark source question on this paper asks how you know, using the source and contextual knowledge; 'id
  ok   #61 L6.practice_questions[0].marks [MEDIUM] F6: the 4-mark source question on this paper asks how you know, using the source and contextual knowledge; 'id
  ok   #62 L6.practice_questions[1].text [MEDIUM] F6: the 4-mark source question on this paper asks how you know, using the source and contextual knowledge; 'id
  ok   #63 L6.practice_questions[1].marks [MEDIUM] F6: the 4-mark source question on this paper asks how you know, using the source and contextual knowledge; 'id
  ok   #64 L6.practice_questions[2].text [MEDIUM] F6: the 4-mark source question on this paper asks how you know, using the source and contextual knowledge; 'id
  ok   #65 L6.practice_questions[2].marks [MEDIUM] F6: the 4-mark source question on this paper asks how you know, using the source and contextual knowledge; 'id
  ok   #66 L6.practice_questions[3].text [MEDIUM] F6: the 4-mark source question on this paper asks how you know, using the source and contextual knowledge; 'id
  ok   #67 L6.practice_questions[3].marks [MEDIUM] F6: the 4-mark source question on this paper asks how you know, using the source and contextual knowledge; 'id
  ok   #68 L6.practice_questions[4].text [MEDIUM] F6: the 4-mark source question on this paper asks how you know, using the source and contextual knowledge; 'id
  ok   #69 L6.practice_questions[4].marks [MEDIUM] F6: the 4-mark source question on this paper asks how you know, using the source and contextual knowledge; 'id
  ok   #70 L6.practice_questions[5].text [MEDIUM] F6: the 4-mark source question on this paper asks how you know, using the source and contextual knowledge; 'id
  ok   #71 L6.practice_questions[5].marks [MEDIUM] F6: the 4-mark source question on this paper asks how you know, using the source and contextual knowledge; 'id
  ok   #72 L6.flashcard_questions[12].a [MEDIUM] F18: the 80 per cent remark was made later, not privately in 1954.
  PATCH L6: exam_tip_html, content_html, practice_questions, flashcard_questions
  ok   #73 L7.content_html [MEDIUM] F19: the 98% figure was the national result, not the Saigon result; the Saigon anomaly was 605,025 votes again
  ok   #74 L7.content_html [MEDIUM] F20: invented exam claim ('Examiners flag this distinction often').
  ok   #75 L7.practice_questions[0].text [MEDIUM] F2: 'Construct a chronological explanation' is not a stem this paper sets; the 8-mark question asks for an acc
  ok   #76 L7.practice_questions[1].text [MEDIUM] F2: 'Construct a chronological explanation' is not a stem this paper sets; the 8-mark question asks for an acc
  ok   #77 L7.practice_questions[2].text [MEDIUM] F2: 'Construct a chronological explanation' is not a stem this paper sets; the 8-mark question asks for an acc
  ok   #78 L7.practice_questions[3].text [MEDIUM] F2: 'Construct a chronological explanation' is not a stem this paper sets; the 8-mark question asks for an acc
  ok   #79 L7.practice_questions[4].text [MEDIUM] F2: 'Construct a chronological explanation' is not a stem this paper sets; the 8-mark question asks for an acc
  ok   #80 L7.practice_questions[5].text [MEDIUM] F2: 'Construct a chronological explanation' is not a stem this paper sets; the 8-mark question asks for an acc
  ok   #81 L7.flashcard_questions[1].a [MEDIUM] F18: the 80 per cent figure comes from Eisenhower's later account and is not safe as a statement of what Diem 
  ok   #82 L7.flashcard_questions[9].q [MEDIUM] F21: list answer fails the flashcard validator.
  ok   #83 L7.flashcard_questions[9].a [MEDIUM] F21: list answer fails the flashcard validator.
  PATCH L7: content_html, practice_questions, flashcard_questions
  ok   #84 L8.exam_tip_html [MEDIUM] F22: invented exam claim ('examiners want').
  ok   #85 L8.practice_questions[0].text [MEDIUM] F23: the 4-mark question asks how you know, using the source and contextual knowledge; the archive tail also c
  ok   #86 L8.practice_questions[0].marks [MEDIUM] F23: the 4-mark question asks how you know, using the source and contextual knowledge; the archive tail also c
  ok   #87 L8.practice_questions[1].text [MEDIUM] F24: invented archival provenance on a composed source.
  ok   #88 L8.practice_questions[2].text [MEDIUM] F2: 'Construct a chronological explanation' is not a stem this paper sets; the 8-mark question asks for an acc
  ok   #89 L8.practice_questions[3].text [HIGH] F25: the 16-mark question on this paper sets a statement and supplies no sources; this was written as a two-so
  ok   #90 L8.practice_questions[3].type [HIGH] F25: the 16-mark question on this paper sets a statement and supplies no sources; this was written as a two-so
  ok   #91 L8.practice_questions[3].marks [HIGH] F25: the 16-mark question on this paper sets a statement and supplies no sources; this was written as a two-so
  ok   #92 L8.practice_questions[4].text [HIGH] F26: there is no 8-mark source question on this paper. The 8-mark question is the account; the source question
  ok   #93 L8.practice_questions[4].marks [HIGH] F26: there is no 8-mark source question on this paper. The 8-mark question is the account; the source question
  ok   #94 L8.practice_questions[4].type [HIGH] F26: there is no 8-mark source question on this paper. The 8-mark question is the account; the source question
  ok   #95 L8.practice_questions[5].text [MEDIUM] F2: 'Construct a chronological explanation' is not a stem this paper sets; the 8-mark question asks for an acc
  ok   #96 L8.knowledge_checks[4].right[1] [MEDIUM] F27: Ho Chi Minh was the actual leader of North Vietnam in this period, not a symbolic figurehead.
  ok   #97 L8.flashcard_questions[8].a [MEDIUM] F21: list answer fails the flashcard validator.
  PATCH L8: exam_tip_html, practice_questions, knowledge_checks, flashcard_questions
  ok   #98 L9.exam_tip_html [MEDIUM] F28: invented exam claim ('examiner reports flag').
  ok   #99 L9.practice_questions[0].text [MEDIUM] F23: the 4-mark question asks how you know, using the source and contextual knowledge.
  ok   #100 L9.practice_questions[0].marks [MEDIUM] F23: the 4-mark question asks how you know, using the source and contextual knowledge.
  ok   #101 L9.practice_questions[1].text [MEDIUM] F2: 'Construct a chronological explanation' is not a stem this paper sets; the 8-mark question asks for an acc
  ok   #102 L9.practice_questions[2].text [MEDIUM] F24: invented archival provenance on a composed source.
  ok   #103 L9.practice_questions[3].text [HIGH] F25: the 16-mark question on this paper sets a statement and supplies no sources; this was written as a two-so
  ok   #104 L9.practice_questions[3].type [HIGH] F25: the 16-mark question on this paper sets a statement and supplies no sources; this was written as a two-so
  ok   #105 L9.practice_questions[3].marks [HIGH] F25: the 16-mark question on this paper sets a statement and supplies no sources; this was written as a two-so
  ok   #106 L9.practice_questions[4].text [HIGH] F26: there is no 8-mark source question on this paper; the 8-mark question is the account.
  ok   #107 L9.practice_questions[4].marks [HIGH] F26: there is no 8-mark source question on this paper; the 8-mark question is the account.
  ok   #108 L9.practice_questions[4].type [HIGH] F26: there is no 8-mark source question on this paper; the 8-mark question is the account.
  ok   #109 L9.practice_questions[5].text [MEDIUM] F2: 'Construct a chronological explanation' is not a stem this paper sets; the 8-mark question asks for an acc
  PATCH L9: exam_tip_html, practice_questions
  ok   #110 L10.exam_tip_html [HIGH] F12: the 16-mark question supplies no sources; 'examiner reports are clear' is also an invented exam claim.
  ok   #111 L10.practice_questions[0].text [MEDIUM] F29: the 4-mark question asks how you know, and the source was wrongly ascribed to the New Yorker — Hersh brok
  ok   #112 L10.practice_questions[0].marks [MEDIUM] F29: the 4-mark question asks how you know, and the source was wrongly ascribed to the New Yorker — Hersh brok
  ok   #113 L10.practice_questions[1].text [MEDIUM] F24: invented archival provenances on composed sources.
  ok   #114 L10.practice_questions[2].text [HIGH] F25: the 16-mark question on this paper sets a statement and supplies no sources; this was written as a two-so
  ok   #115 L10.practice_questions[2].type [HIGH] F25: the 16-mark question on this paper sets a statement and supplies no sources; this was written as a two-so
  ok   #116 L10.practice_questions[2].marks [HIGH] F25: the 16-mark question on this paper sets a statement and supplies no sources; this was written as a two-so
  ok   #117 L10.practice_questions[3].text [HIGH] F26: there is no 8-mark source question on this paper; the 8-mark question is the account.
  ok   #118 L10.practice_questions[3].marks [HIGH] F26: there is no 8-mark source question on this paper; the 8-mark question is the account.
  ok   #119 L10.practice_questions[3].type [HIGH] F26: there is no 8-mark source question on this paper; the 8-mark question is the account.
  ok   #120 L10.practice_questions[4].text [MEDIUM] F2: 'Construct a chronological explanation' is not a stem this paper sets; the 8-mark question asks for an acc
  ok   #121 L10.practice_questions[5].text [MEDIUM] F23: the 4-mark question asks how you know, using the source and contextual knowledge.
  ok   #122 L10.practice_questions[5].marks [MEDIUM] F23: the 4-mark question asks how you know, using the source and contextual knowledge.
  PATCH L10: exam_tip_html, practice_questions
  ok   #123 L11.exam_tip_html [MEDIUM] F28: invented exam claim ('examiner reports flag').
  ok   #124 L11.content_html [LOW] F30: the reported line is about a town, and the same sentence calls Ben Tre a town.
  ok   #125 L11.practice_questions[0].text [MEDIUM] F31: the 4-mark question asks how you know, and the source misquoted Cronkite as 'realistic, if unsatisfactory
  ok   #126 L11.practice_questions[0].marks [MEDIUM] F31: the 4-mark question asks how you know, and the source misquoted Cronkite as 'realistic, if unsatisfactory
  ok   #127 L11.practice_questions[1].text [MEDIUM] F24: invented archival provenance on a composed source.
  ok   #128 L11.practice_questions[1].marks [LOW] F32: the provenance sentence was garbled and unusable as guidance.
  ok   #129 L11.practice_questions[2].text [HIGH] F26: there is no 8-mark source question on this paper; the 8-mark question is the account.
  ok   #130 L11.practice_questions[2].marks [HIGH] F26: there is no 8-mark source question on this paper; the 8-mark question is the account.
  ok   #131 L11.practice_questions[2].type [HIGH] F26: there is no 8-mark source question on this paper; the 8-mark question is the account.
  ok   #132 L11.practice_questions[3].text [HIGH] F25: the 16-mark question on this paper sets a statement and supplies no sources; this was written as a two-so
  ok   #133 L11.practice_questions[3].type [HIGH] F25: the 16-mark question on this paper sets a statement and supplies no sources; this was written as a two-so
  ok   #134 L11.practice_questions[3].marks [HIGH] F25: the 16-mark question on this paper sets a statement and supplies no sources; this was written as a two-so
  ok   #135 L11.practice_questions[4].text [MEDIUM] F2: 'Construct a chronological explanation' is not a stem this paper sets; the 8-mark question asks for an acc
  ok   #136 L11.practice_questions[5].text [MEDIUM] F23: the 4-mark question asks how you know, using the source and contextual knowledge.
  ok   #137 L11.practice_questions[5].marks [MEDIUM] F23: the 4-mark question asks how you know, using the source and contextual knowledge.
  ok   #138 L11.flashcard_questions[11].q [MEDIUM] F21: list answer fails the flashcard validator.
  ok   #139 L11.flashcard_questions[11].a [MEDIUM] F21: list answer fails the flashcard validator.
  PATCH L11: exam_tip_html, content_html, practice_questions, flashcard_questions
  ok   #140 L12.content_html [MEDIUM] F33: about 7.7 million acres (3.1 million hectares) of forest were defoliated (Wikipedia, 'Agent Orange'); fiv
  ok   #141 L12.content_html [MEDIUM] F34: Mary Ann Vecchio was a 14-year-old runaway, not a Kent State student (Wikipedia, 'Kent State shootings').
  ok   #142 L12.practice_questions[0].text [MEDIUM] F23: the 4-mark question asks how you know, using the source and contextual knowledge.
  ok   #143 L12.practice_questions[0].marks [MEDIUM] F23: the 4-mark question asks how you know, using the source and contextual knowledge.
  ok   #144 L12.practice_questions[1].text [MEDIUM] F2: 'Construct a chronological explanation' is not a stem this paper sets; the 8-mark question asks for an acc
  ok   #145 L12.practice_questions[1].marks [MEDIUM] F35: Congress did not repeal the Tonkin Resolution in June 1970 — the Senate voted then and the repeal took ef
  ok   #146 L12.practice_questions[2].text [LOW] F36: the sentence in the source was garbled and meaningless as written.
  ok   #147 L12.practice_questions[3].text [HIGH] F26: there is no 8-mark source question on this paper; the 8-mark question is the account.
  ok   #148 L12.practice_questions[3].marks [HIGH] F26: there is no 8-mark source question on this paper; the 8-mark question is the account.
  ok   #149 L12.practice_questions[3].type [HIGH] F26: there is no 8-mark source question on this paper; the 8-mark question is the account.
  ok   #150 L12.practice_questions[4].text [HIGH] F25: the 16-mark question on this paper sets a statement and supplies no sources; this was written as a two-so
  ok   #151 L12.practice_questions[4].type [HIGH] F25: the 16-mark question on this paper sets a statement and supplies no sources; this was written as a two-so
  ok   #152 L12.practice_questions[4].marks [HIGH] F25: the 16-mark question on this paper sets a statement and supplies no sources; this was written as a two-so
  ok   #153 L12.practice_questions[5].text [MEDIUM] F2: 'Construct a chronological explanation' is not a stem this paper sets; the 8-mark question asks for an acc
  SKIP #181 L12.practice_questions[1].marks: current value differs from expect
  SKIP #182 L12.practice_questions[3].marks: current value differs from expect
  ok   #183 L12.flashcard_questions[7].a [MEDIUM] ruling: campus count.
  PATCH L12: content_html, practice_questions, flashcard_questions
  ok   #154 L13.content_html [HIGH] F37: Kissinger was Nixon's National Security Adviser until September 1973; he was not Secretary of State when 
  ok   #155 L13.content_html [MEDIUM] F38: the Ho Chi Minh Campaign was the final drive on Saigon from late April 1975; the March offensive in the C
  ok   #156 L13.content_html [MEDIUM] F39: accounts differ over which tank broke the main gate (843 stalled at a side gate; 390 is credited with the
  ok   #157 L13.content_html [MEDIUM] F39: accounts differ over which tank broke the main gate; the neutral wording is true on every account.
  ok   #158 L13.content_html [MEDIUM] F33: about 7.7 million acres (3.1 million hectares) of forest were defoliated (Wikipedia, 'Agent Orange').
  ok   #159 L13.exam_tip_html [HIGH] F12: the 16-mark question supplies no sources; 'examiner reports specifically warn' is also an invented exam c
  ok   #160 L13.practice_questions[0].text [MEDIUM] F23: the 4-mark question asks how you know, using the source and contextual knowledge.
  ok   #161 L13.practice_questions[0].marks [MEDIUM] F23: the 4-mark question asks how you know, using the source and contextual knowledge.
  ok   #162 L13.practice_questions[1].text [MEDIUM] F24: invented archival provenance on a composed source.
  ok   #163 L13.practice_questions[1].marks [HIGH] F37: Kissinger was Nixon's National Security Adviser until September 1973; he was not Secretary of State when 
  ok   #164 L13.practice_questions[2].text [MEDIUM] F2: 'Construct a chronological explanation' is not a stem this paper sets; the 8-mark question asks for an acc
  ok   #165 L13.practice_questions[2].marks [MEDIUM] F38/F39: the March 1975 offensive was not the Ho Chi Minh Campaign, and accounts differ over which tank broke 
  ok   #166 L13.practice_questions[3].text [HIGH] F26: there is no 8-mark source question on this paper; the 8-mark question is the account.
  ok   #167 L13.practice_questions[3].marks [HIGH] F26: there is no 8-mark source question on this paper; the 8-mark question is the account.
  ok   #168 L13.practice_questions[3].type [HIGH] F26: there is no 8-mark source question on this paper; the 8-mark question is the account.
  ok   #169 L13.practice_questions[4].text [HIGH] F25: the 16-mark question on this paper sets a statement and supplies no sources; this was written as a two-so
  ok   #170 L13.practice_questions[4].type [HIGH] F25: the 16-mark question on this paper sets a statement and supplies no sources; this was written as a two-so
  ok   #171 L13.practice_questions[4].marks [HIGH] F25: the 16-mark question on this paper sets a statement and supplies no sources; this was written as a two-so
  ok   #172 L13.practice_questions[5].text [MEDIUM] F40: the 4-mark question asks how you know, and the 1982 speech quoted a name count (58,272) that the wall did
  ok   #173 L13.practice_questions[5].marks [MEDIUM] F40: the 4-mark question asks how you know, and the 1982 speech quoted a name count (58,272) that the wall did
  ok   #174 L13.knowledge_checks[4].right[0] [HIGH] F37: Kissinger was Nixon's National Security Adviser until September 1973; he was not Secretary of State when 
  ok   #175 L13.flashcard_questions[3].a [HIGH] F37: Kissinger was Nixon's National Security Adviser until September 1973; he was not Secretary of State when 
  ok   #176 L13.flashcard_questions[1].q [MEDIUM] F21: list answer fails the flashcard validator.
  ok   #177 L13.flashcard_questions[1].a [MEDIUM] F21: list answer fails the flashcard validator.
  ok   #178 L13.flashcard_questions[9].a [MEDIUM] F39: accounts differ over which tank broke the main gate.
  PATCH L13: content_html, exam_tip_html, practice_questions, knowledge_checks, flashcard_questions
=== 182 applied, 2 skipped, 13 lessons / 42 fields changed
