
=== RE-NARRATION (changed narrated text only) ===
backup: C:\Users\tshau\Documents\Study Vault\scripts\_retrofc\units\history-aqa__conflict-tension-asia\_backup.json
unit:   history-aqa / conflict-tension-asia
run: 2026-09-05T23:13:02Z  mode: LIVE
  L04: no narrated field changed -> skip

12 lessons, 27 clips to regenerate

  L01 (Ollie)  The Origins of the Korean War
      n5: Talks on reunifying Korea collapsed almost immediately. In the Soviet north, the USSR installed Kim Il Sung , 
             -> 402 KB, 34.3s, uploaded
      manifest updated (19 entries)
  L02 (Ada)  North Korea Invades, June 1950
      n7: News of the invasion reached Truman that evening. He was clear: this was the first armed test of containment o
             -> 387 KB, 33.0s, uploaded
      n16: For a 4-mark source question on the June 1950 invasion, make two clearly distinct points about what the source
             -> 256 KB, 21.8s, uploaded
      manifest updated (20 entries)
  L03 (Ollie)  Inchon and the UN Counter-Offensive
      n5: Inchon’s tides were among the most extreme in the world — 9 metres from low to high. Outside short tidal windo
             -> 284 KB, 24.2s, uploaded
      n7: In the early hours of 15 September the US Navy bombarded Wolmido. Marines from the 1st Marine Division went as
             -> 582 KB, 49.6s, uploaded
      n15: An 8-mark account of the UN counter-offensive needs causal links, not chronology alone. Each event should make
             -> 276 KB, 23.5s, uploaded
      manifest updated (19 entries)
  L05 (Ollie)  Stalemate, Armistice and the Cost of Korea
      n10: The war was catastrophic for Korea. Around 2–3 million Korean civilians died on both sides — many from US bomb
             -> 633 KB, 54.0s, uploaded
      n11: From the US perspective, Korea was the textbook case of containment achieved . South Korea was preserved; comm
             -> 322 KB, 27.5s, uploaded
      n13: The Korean War shaped the rest of the Cold War in Asia. The UN was confirmed as a vehicle for collective secur
             -> 476 KB, 40.6s, uploaded
      n15: The 16-mark question gives you a statement and asks how far you agree. No sources are supplied, so everything 
             -> 284 KB, 24.2s, uploaded
      manifest updated (19 entries)
  L06 (Ada)  End of French Rule: Dien Bien Phu and Geneva
      n14: The United States and the State of Vietnam refused to sign the Geneva Accords. Washington feared that any nati
             -> 381 KB, 32.5s, uploaded
      n16: For a 4-mark source question on Dien Bien Phu or Geneva, make two clearly distinct points about what the sourc
             -> 250 KB, 21.3s, uploaded
      manifest updated (20 entries)
  L07 (Ollie)  Diem, the Vietcong and Civil War in the South
      n2: Ngo Dinh Diem took power in South Vietnam in 1955 after winning a referendum almost certainly rigged in his fa
             -> 415 KB, 35.4s, uploaded
      n13: This distinction matters. The Vietminh was Ho Chi Minh’s nationalist coalition founded in 1941; it fought the 
             -> 343 KB, 29.3s, uploaded
      manifest updated (19 entries)
  L08 (Ada)  Domino Theory: Eisenhower and Kennedy in Vietnam
      n16: A 12-mark usefulness question on Eisenhower or Kennedy in Vietnam needs all three of content, provenance and y
             -> 359 KB, 30.6s, uploaded
      manifest updated (20 entries)
  L09 (Ollie)  Johnson's War: Tonkin and Rolling Thunder
      n17: For an 8-mark account, an ‘and then... and then...’ chronology stalls in the middle bands. To reach the top ba
             -> 312 KB, 26.6s, uploaded
      manifest updated (21 entries)
  L10 (Ada)  Search and Destroy, My Lai and Protest
      n16: The 16-mark question gives you a statement and no sources: everything comes from your own knowledge. Build an 
             -> 293 KB, 25.0s, uploaded
      manifest updated (20 entries)
  L11 (Ollie)  The Tet Offensive, 1968
      n16: Two photographs in particular fixed Tet in American memory. Eddie Adams’s image of General Nguyen Ngoc Loan ex
             -> 374 KB, 31.9s, uploaded
      n17: For the 12-mark usefulness question, the common trap is treating ‘biased’ as the only thing worth saying about
             -> 287 KB, 24.5s, uploaded
      manifest updated (21 entries)
  L12 (Ada)  Nixon's War: Vietnamisation and Widening
      n7: From 1962 to 1971 the United States sprayed roughly 80 million litres of Agent Orange over Vietnam, Laos and C
             -> 410 KB, 35.0s, uploaded
      n10: On 4 May 1970 Ohio National Guardsmen fired on protesters at Kent State University , killing four unarmed stud
             -> 444 KB, 37.9s, uploaded
      manifest updated (20 entries)
  L13 (Ollie)  Paris, Saigon and the Price of Conflict
      n2: Formal peace talks had opened in Paris in May 1968 after Johnson’s partial bombing halt, but they spent four y
             -> 432 KB, 36.9s, uploaded
      n10: Sensing the opening, Hanoi launched its spring offensive in March 1975. The ARVN, starved of fuel, ammunition 
             -> 330 KB, 28.1s, uploaded
      n13: On the morning of 30 April 1975, North Vietnamese tanks smashed through the gates of the Independence Palace i
             -> 224 KB, 19.1s, uploaded
      n14: Key Fact . Saigon fell on 30 April 1975. Operation Frequent Wind, the day before, lifted around 7,000 American
             -> 270 KB, 23.0s, uploaded
      n16: The human cost was staggering. Around 58,000 Americans had died, with another 153,000 wounded. An estimated 1.
             -> 447 KB, 38.2s, uploaded
      n20: The 16-mark question on the end of the war gives you a statement and no sources, so avoid a single-cause answe
             -> 376 KB, 32.1s, uploaded
      manifest updated (24 entries)

Regenerated 27 clips.

=== VERIFY (ranged GET + freshness) ===
  206  L01 n5  bytes 0-3/412128  Last-Modified: Sat, 05 Sep 2026 23:13:11 GMT  mp3-sync=OK
  206  L02 n7  bytes 0-3/396000  Last-Modified: Sat, 05 Sep 2026 23:13:17 GMT  mp3-sync=OK
  206  L02 n16  bytes 0-3/262080  Last-Modified: Sat, 05 Sep 2026 23:13:21 GMT  mp3-sync=OK
  206  L03 n5  bytes 0-3/290304  Last-Modified: Sat, 05 Sep 2026 23:13:26 GMT  mp3-sync=OK
  206  L03 n7  bytes 0-3/595584  Last-Modified: Sat, 05 Sep 2026 23:13:35 GMT  mp3-sync=OK
  206  L03 n15  bytes 0-3/282240  Last-Modified: Sat, 05 Sep 2026 23:13:40 GMT  mp3-sync=OK
  206  L05 n10  bytes 0-3/648000  Last-Modified: Sat, 05 Sep 2026 23:13:49 GMT  mp3-sync=OK
  206  L05 n11  bytes 0-3/329472  Last-Modified: Sat, 05 Sep 2026 23:13:54 GMT  mp3-sync=OK
  206  L05 n13  bytes 0-3/487008  Last-Modified: Sat, 05 Sep 2026 23:14:01 GMT  mp3-sync=OK
  206  L05 n15  bytes 0-3/290592  Last-Modified: Sat, 05 Sep 2026 23:14:05 GMT  mp3-sync=OK
  206  L06 n14  bytes 0-3/390528  Last-Modified: Sat, 05 Sep 2026 23:14:11 GMT  mp3-sync=OK
  206  L06 n16  bytes 0-3/256032  Last-Modified: Sat, 05 Sep 2026 23:14:15 GMT  mp3-sync=OK
  206  L07 n2  bytes 0-3/425088  Last-Modified: Sat, 05 Sep 2026 23:14:22 GMT  mp3-sync=OK
  206  L07 n13  bytes 0-3/351072  Last-Modified: Sat, 05 Sep 2026 23:14:27 GMT  mp3-sync=OK
  206  L08 n16  bytes 0-3/367200  Last-Modified: Sat, 05 Sep 2026 23:14:33 GMT  mp3-sync=OK
  206  L09 n17  bytes 0-3/319104  Last-Modified: Sat, 05 Sep 2026 23:14:38 GMT  mp3-sync=OK
  206  L10 n16  bytes 0-3/299808  Last-Modified: Sat, 05 Sep 2026 23:14:43 GMT  mp3-sync=OK
  206  L11 n16  bytes 0-3/382752  Last-Modified: Sat, 05 Sep 2026 23:14:48 GMT  mp3-sync=OK
  206  L11 n17  bytes 0-3/294048  Last-Modified: Sat, 05 Sep 2026 23:14:53 GMT  mp3-sync=OK
  206  L12 n7  bytes 0-3/419616  Last-Modified: Sat, 05 Sep 2026 23:14:59 GMT  mp3-sync=OK
  206  L12 n10  bytes 0-3/454752  Last-Modified: Sat, 05 Sep 2026 23:15:05 GMT  mp3-sync=OK
  206  L13 n2  bytes 0-3/442368  Last-Modified: Sat, 05 Sep 2026 23:15:11 GMT  mp3-sync=OK
  206  L13 n10  bytes 0-3/337536  Last-Modified: Sat, 05 Sep 2026 23:15:16 GMT  mp3-sync=OK
  206  L13 n13  bytes 0-3/228960  Last-Modified: Sat, 05 Sep 2026 23:15:20 GMT  mp3-sync=OK
  206  L13 n14  bytes 0-3/276192  Last-Modified: Sat, 05 Sep 2026 23:15:24 GMT  mp3-sync=OK
  206  L13 n16  bytes 0-3/458208  Last-Modified: Sat, 05 Sep 2026 23:15:31 GMT  mp3-sync=OK
  206  L13 n20  bytes 0-3/385056  Last-Modified: Sat, 05 Sep 2026 23:15:38 GMT  mp3-sync=OK

27/27 clips verified HTTP 200/206 with fresh audio.
