n th
  ok   #99 L12.content_html [MEDIUM] F31: 1.6 million is the number of homesteads GRANTED between 1862 and 1934; about 40 per cent of those who beg
  ok   #100 L12.flashcard_questions[3].q [MEDIUM] F31: same correction.
  ok   #101 L12.flashcard_questions[3].a [MEDIUM] F31: same correction.
  ok   #102 L12.flashcard_questions[4].a [MEDIUM] F31: about 60 per cent of those who started a claim failed.
  ok   #103 L12.content_html [LOW] F32: the rails were joined at Promontory Summit; Promontory Point is a separate place on the Great Salt Lake.
  PATCH L12: practice_questions, exam_tip_html, content_html, flashcard_questions
  ok   #14 L13.practice_questions[0].text [HIGH] F1: the period study's 12-mark question is an essay in bullet format naming two aspects; the quoted-statement 
  ok   #15 L13.practice_questions[0].marks [MEDIUM] F1: the period study's 12-mark question is an essay in bullet format naming two aspects; the quoted-statement 
  ok   #16 L13.practice_questions[4].text [HIGH] F1: the period study's 12-mark question is an essay in bullet format naming two aspects; the quoted-statement 
  ok   #17 L13.practice_questions[4].marks [MEDIUM] F1: the period study's 12-mark question is an essay in bullet format naming two aspects; the quoted-statement 
  ok   #33 L13.practice_questions[1].text [MEDIUM] F2: reworded to the 8-mark interpretation question this paper sets (‘How convincing is Interpretation X?’, ans
  ok   #34 L13.practice_questions[2].text [MEDIUM] F2: reworded to the 8-mark interpretation question this paper sets (‘How convincing is Interpretation X?’, ans
  ok   #35 L13.practice_questions[3].text [MEDIUM] F2: reworded to the 8-mark interpretation question this paper sets (‘How convincing is Interpretation X?’, ans
  ok   #36 L13.practice_questions[5].text [MEDIUM] F2: reworded to the 8-mark interpretation question this paper sets (‘How convincing is Interpretation X?’, ans
  ok   #51 L13.content_html [MEDIUM] F5: the claim is true but belongs to the specification, which says these interpretation questions need no hist
  ok   #52 L13.exam_tip_html [MEDIUM] F5: invented band rule; the specification says only that the essay requires a judgement.
  ok   #104 L13.content_html [MEDIUM] F33: the 1868 Treaty of Fort Laramie does not contain 'as long as the grass shall grow'; its wording is 'absol
  ok   #105 L13.flashcard_questions[1].a [MEDIUM] F33: same correction.
  ok   #106 L13.content_html [LOW] F34: Custer's regular-army rank was lieutenant colonel, as the lesson itself says two paragraphs later.
  ok   #107 L13.flashcard_questions[4].a [LOW] F34: same correction.
  ok   #108 L13.content_html [LOW] F35: the 268 figure is the regiment's total dead and includes Custer, as the lesson's own flashcard says.
  ok   #109 L13.flashcard_questions[5].a [LOW] F13: bare date answer given substance.
  PATCH L13: practice_questions, content_html, exam_tip_html, flashcard_questions
=== 110 applied, 0 skipped, 13 lessons / 44 fields changed

NEW VALIDATOR VIOLATIONS after edits: {
 "4": [
  "- FC[0] answer has enumeration pattern: 'Many separate nations, each with its own language, territory...'. Split into separate cards."
 ]
}
restored L 1 ['exam_tip_html', 'content_html', 'practice_questions', 'flashcard_questions']
restored L 2 ['exam_tip_html', 'content_html', 'practice_questions', 'flashcard_questions']
restored L 3 ['exam_tip_html', 'content_html', 'knowledge_checks', 'flashcard_questions', 'practice_questions']
restored L 4 ['exam_tip_html', 'content_html', 'flashcard_questions']
restored L 5 ['exam_tip_html']
restored L 6 ['exam_tip_html', 'content_html', 'practice_questions', 'flashcard_questions']
restored L 7 ['content_html', 'exam_tip_html']
restored L 8 ['practice_questions', 'exam_tip_html', 'content_html', 'flashcard_questions']
restored L 9 ['practice_questions', 'exam_tip_html', 'content_html', 'flashcard_questions']
restored L 10 ['practice_questions', 'content_html']
restored L 11 ['practice_questions', 'exam_tip_html', 'content_html']
restored L 12 ['practice_questions', 'exam_tip_html', 'content_html', 'flashcard_questions']
restored L 13 ['practice_questions', 'content_html', 'exam_tip_html', 'flashcard_questions']
edits rolled back - fix _edits.json and re-run finish
