
=== RE-NARRATION (changed narrated text only) ===
backup: C:\Users\tshau\Documents\Study Vault\scripts\_retrofc\units\history-aqa__america-expansion-consolidation\_backup.json
unit:   history-aqa / america-expansion-consolidation
run: 2026-09-05T20:04:45Z  mode: LIVE

13 lessons, 40 clips to regenerate

  L01 (Ollie)  The Great American Desert and Manifest Destiny
      n8: In July 1845 the editor John O’Sullivan published an article in the New York magazine the Democratic Review cl
             -> 355 KB, 30.3s, uploaded
      n12: Manifest Destiny was a slogan, but it shaped concrete decisions almost at once. President James K. Polk, elect
             -> 487 KB, 41.5s, uploaded
      n16: For an 8-mark Explain Effects question, do not list everything Manifest Destiny was. Pick two or three precise
             -> 344 KB, 29.4s, uploaded
      manifest updated (20 entries)
  L02 (Ada)  Brigham Young and the Mormon Migration
      n7: In February 1846 the Saints began crossing the frozen Mississippi out of Nauvoo. Young drilled them like an ar
             -> 647 KB, 55.2s, uploaded
      n12: Three factors stand out. First, leadership: Young combined religious authority with practical organisation, so
             -> 456 KB, 39.0s, uploaded
      n15: For the first decade Deseret was almost a separate country. Young served as territorial governor from 1850, an
             -> 457 KB, 39.0s, uploaded
      n16: For an 8-mark Explain Effects question on the Mormons, resist the temptation to write everything you know in d
             -> 357 KB, 30.5s, uploaded
      manifest updated (20 entries)
  L03 (Ollie)  Pioneer Farmers, the Journey West and the Miners
      n8: In 1846 a party of 87 California-bound migrants led by George Donner left the Oregon Trail to try a shortcut d
             -> 461 KB, 39.3s, uploaded
      n10: On 24 January 1848 a New Jersey-born carpenter named James Marshall, building a sawmill on the American River 
             -> 516 KB, 44.0s, uploaded
      n15: Key Fact . The 1848 strike at Sutter’s Mill triggered the California Gold Rush. Around 80,000 forty-niners arr
             -> 245 KB, 20.9s, uploaded
      n16: For a 12-mark Period Essay, covering both bullets is the floor, not the ceiling. The top band rewards a substa
             -> 339 KB, 29.0s, uploaded
      manifest updated (20 entries)
  L04 (Ada)  The Plains Indians' Way of Life
      n5: Two animals shaped almost everything else. The Spanish had brought horses to the Americas in the 1500s; by 175
             -> 559 KB, 47.7s, uploaded
      n12: Inter-tribal conflict was real and serious. The Lakota expanded into the Black Hills in the 1770s by pushing o
             -> 347 KB, 29.6s, uploaded
      n15: The 4-mark ‘Why interpretations differ’ question often pairs a Turner-era view of the Plains as ‘empty’ or ‘pr
             -> 404 KB, 34.5s, uploaded
      manifest updated (19 entries)
  L05 (Ollie)  Early Government Policy and the Permanent Indian Frontier
      n15: Period-study questions on this lesson often ask students to track change over time, and a chronology that just
             -> 360 KB, 30.7s, uploaded
      manifest updated (19 entries)
  L06 (Ada)  Fort Laramie 1851 and the Indian Wars 1862-1867
      n6: Within a few years the treaty was unravelling. Four pressures explain why. First, the Senate quietly cut the a
             -> 550 KB, 46.9s, uploaded
      n9: In autumn 1864 the Cheyenne peace chief Black Kettle had brought his band to camp near Sand Creek in eastern C
             -> 607 KB, 51.8s, uploaded
      n11: In the north a second crisis was unfolding. The Bozeman Trail, opened in 1863, crossed straight through Lakota
             -> 552 KB, 47.1s, uploaded
      n15: The 8-mark Evaluate an Interpretation question is where this lesson’s detail pays off. Anchor the evaluation i
             -> 339 KB, 28.9s, uploaded
      manifest updated (19 entries)
  L07 (Ollie)  North vs South: the Road to the Civil War
      n2: By 1850 the United States looked like two countries pretending to be one. The North was industrialising fast: 
             -> 485 KB, 41.4s, uploaded
      n13: A recurring student error is to write ‘the war was about slavery’ and stop there. The historiographical consen
             -> 320 KB, 27.3s, uploaded
      n15: For a 12-mark Period Essay on the causes of the Civil War, do not slip into the ‘the war was about slavery — f
             -> 294 KB, 25.1s, uploaded
      manifest updated (19 entries)
  L08 (Ada)  The Civil War: Impact on Civilians
      n5: For the Union the war was an industrial accelerant. Northern factories, already growing before 1861, expanded 
             -> 415 KB, 35.4s, uploaded
      n9: From November to December 1864, Union General William Tecumseh Sherman led 60,000 troops on a 285-mile destruc
             -> 381 KB, 32.5s, uploaded
      n17: For an 8-mark Explain Effects question on the war’s civilian impact, split the impact into clear strands — soc
             -> 413 KB, 35.2s, uploaded
      manifest updated (21 entries)
  L09 (Ollie)  Mountain Meadows and the Mormon Question
      n8: The motives were a tangle: war hysteria over the approaching federal army, suspicions that the Arkansas party 
             -> 355 KB, 30.3s, uploaded
      n9: Federal investigators reopened the case after the Civil War. John D. Lee was tried twice; his second trial, in
             -> 393 KB, 33.5s, uploaded
      n15: For an 8-mark Evaluate an Interpretation question on the Mormon question, engage with the specific argument th
             -> 368 KB, 31.4s, uploaded
      manifest updated (19 entries)
  L10 (Ada)  Reconstruction and the 13th Amendment
      n15: For most of the early 20th century, US textbooks called Reconstruction ‘the tragic era’ — a story of Northern 
             -> 372 KB, 31.7s, uploaded
      manifest updated (21 entries)
  L11 (Ollie)  Carpetbaggers, the Klan and the End of Reconstruction
      n10: Congress and President Grant moved against the Klan with three laws known together as the Enforcement Acts . T
             -> 572 KB, 48.8s, uploaded
      n14: With federal troops gone, Southern state legislatures gradually built a system of racial segregation and disfr
             -> 487 KB, 41.5s, uploaded
      n16: For an 8-mark Evaluate an Interpretation, the most common student error on this topic is conflating carpetbagg
             -> 398 KB, 34.0s, uploaded
      manifest updated (20 entries)
  L12 (Ada)  Homesteaders, Railroads and the Closing Frontier
      n5: The Homestead Act became a founding myth of the American West — free land for any family with the courage to c
             -> 478 KB, 40.8s, uploaded
      n7: Construction on the transcontinental railroad began in 1863 and finished on 10 May 1869, when the Union Pacifi
             -> 523 KB, 44.6s, uploaded
      n15: For a 12-mark Period Essay on settlement, the strongest answers refuse the ‘Homestead Act success story’ clich
             -> 432 KB, 36.9s, uploaded
      manifest updated (19 entries)
  L13 (Ollie)  Little Bighorn, Wounded Knee and the End of the Frontier
      n2: By the late 1860s the United States had abandoned the older policy of a Permanent Indian Frontier and shifted 
             -> 444 KB, 37.9s, uploaded
      n6: In 1874 a US Army expedition led by Lieutenant Colonel George Custer confirmed gold in the Black Hills. Within
             -> 404 KB, 34.4s, uploaded
      n8: On 25 June 1876, Lieutenant Colonel Custer’s Seventh Cavalry attacked a vast Lakota and Cheyenne encampment al
             -> 474 KB, 40.5s, uploaded
      n14: From the 1980s onwards, revisionist historians like Patricia Nelson Limerick and Richard White rejected Turner
             -> 504 KB, 43.0s, uploaded
      n16: For a 12-mark Period Essay on the closing of the frontier, the question asks for a judgement, so take a positi
             -> 372 KB, 31.8s, uploaded
      manifest updated (20 entries)

Regenerated 40 clips.

=== VERIFY (ranged GET + freshness) ===
  206  L01 n8  bytes 0-3/363168  Last-Modified: Sat, 05 Sep 2026 20:04:52 GMT  mp3-sync=OK
  206  L01 n12  bytes 0-3/498528  Last-Modified: Sat, 05 Sep 2026 20:04:59 GMT  mp3-sync=OK
  206  L01 n16  bytes 0-3/352512  Last-Modified: Sat, 05 Sep 2026 20:05:05 GMT  mp3-sync=OK
  206  L02 n7  bytes 0-3/662688  Last-Modified: Sat, 05 Sep 2026 20:05:14 GMT  mp3-sync=OK
  206  L02 n12  bytes 0-3/467424  Last-Modified: Sat, 05 Sep 2026 20:05:21 GMT  mp3-sync=OK
  206  L02 n15  bytes 0-3/467712  Last-Modified: Sat, 05 Sep 2026 20:05:27 GMT  mp3-sync=OK
  206  L02 n16  bytes 0-3/365760  Last-Modified: Sat, 05 Sep 2026 20:05:32 GMT  mp3-sync=OK
  206  L03 n8  bytes 0-3/471744  Last-Modified: Sat, 05 Sep 2026 20:05:39 GMT  mp3-sync=OK
  206  L03 n10  bytes 0-3/527904  Last-Modified: Sat, 05 Sep 2026 20:05:46 GMT  mp3-sync=OK
  206  L03 n15  bytes 0-3/251136  Last-Modified: Sat, 05 Sep 2026 20:05:50 GMT  mp3-sync=OK
  206  L03 n16  bytes 0-3/347616  Last-Modified: Sat, 05 Sep 2026 20:05:55 GMT  mp3-sync=OK
  206  L04 n5  bytes 0-3/572832  Last-Modified: Sat, 05 Sep 2026 20:06:03 GMT  mp3-sync=OK
  206  L04 n12  bytes 0-3/355104  Last-Modified: Sat, 05 Sep 2026 20:06:09 GMT  mp3-sync=OK
  206  L04 n15  bytes 0-3/413568  Last-Modified: Sat, 05 Sep 2026 20:06:14 GMT  mp3-sync=OK
  206  L05 n15  bytes 0-3/368352  Last-Modified: Sat, 05 Sep 2026 20:06:19 GMT  mp3-sync=OK
  206  L06 n6  bytes 0-3/563040  Last-Modified: Sat, 05 Sep 2026 20:06:28 GMT  mp3-sync=OK
  206  L06 n9  bytes 0-3/621792  Last-Modified: Sat, 05 Sep 2026 20:06:36 GMT  mp3-sync=OK
  206  L06 n11  bytes 0-3/564768  Last-Modified: Sat, 05 Sep 2026 20:06:44 GMT  mp3-sync=OK
  206  L06 n15  bytes 0-3/347040  Last-Modified: Sat, 05 Sep 2026 20:06:49 GMT  mp3-sync=OK
  206  L07 n2  bytes 0-3/496512  Last-Modified: Sat, 05 Sep 2026 20:06:56 GMT  mp3-sync=OK
  206  L07 n13  bytes 0-3/327744  Last-Modified: Sat, 05 Sep 2026 20:07:00 GMT  mp3-sync=OK
  206  L07 n15  bytes 0-3/300672  Last-Modified: Sat, 05 Sep 2026 20:07:05 GMT  mp3-sync=OK
  206  L08 n5  bytes 0-3/424800  Last-Modified: Sat, 05 Sep 2026 20:07:11 GMT  mp3-sync=OK
  206  L08 n9  bytes 0-3/390240  Last-Modified: Sat, 05 Sep 2026 20:07:16 GMT  mp3-sync=OK
  206  L08 n17  bytes 0-3/422784  Last-Modified: Sat, 05 Sep 2026 20:07:21 GMT  mp3-sync=OK
  206  L09 n8  bytes 0-3/363168  Last-Modified: Sat, 05 Sep 2026 20:07:27 GMT  mp3-sync=OK
  206  L09 n9  bytes 0-3/402624  Last-Modified: Sat, 05 Sep 2026 20:07:33 GMT  mp3-sync=OK
  206  L09 n15  bytes 0-3/376992  Last-Modified: Sat, 05 Sep 2026 20:07:38 GMT  mp3-sync=OK
  206  L10 n15  bytes 0-3/380736  Last-Modified: Sat, 05 Sep 2026 20:07:44 GMT  mp3-sync=OK
  206  L11 n10  bytes 0-3/585792  Last-Modified: Sat, 05 Sep 2026 20:07:52 GMT  mp3-sync=OK
  206  L11 n14  bytes 0-3/498240  Last-Modified: Sat, 05 Sep 2026 20:07:59 GMT  mp3-sync=OK
  206  L11 n16  bytes 0-3/407520  Last-Modified: Sat, 05 Sep 2026 20:08:05 GMT  mp3-sync=OK
  206  L12 n5  bytes 0-3/489888  Last-Modified: Sat, 05 Sep 2026 20:08:11 GMT  mp3-sync=OK
  206  L12 n7  bytes 0-3/535392  Last-Modified: Sat, 05 Sep 2026 20:08:19 GMT  mp3-sync=OK
  206  L12 n15  bytes 0-3/442368  Last-Modified: Sat, 05 Sep 2026 20:08:25 GMT  mp3-sync=OK
  206  L13 n2  bytes 0-3/455040  Last-Modified: Sat, 05 Sep 2026 20:08:32 GMT  mp3-sync=OK
  206  L13 n6  bytes 0-3/413280  Last-Modified: Sat, 05 Sep 2026 20:08:38 GMT  mp3-sync=OK
  206  L13 n8  bytes 0-3/485856  Last-Modified: Sat, 05 Sep 2026 20:08:45 GMT  mp3-sync=OK
  206  L13 n14  bytes 0-3/515808  Last-Modified: Sat, 05 Sep 2026 20:08:53 GMT  mp3-sync=OK
  206  L13 n16  bytes 0-3/381312  Last-Modified: Sat, 05 Sep 2026 20:08:58 GMT  mp3-sync=OK

40/40 clips verified HTTP 200/206 with fresh audio.
