=== APPLY EDITS history-edexcel/usa-conflict-home-abroad  58 edits  LIVE  2026-09-06T02:20:44.706Z
  ok   #0 L1.content_html [MEDIUM] F1: NAACP membership was 351,000 in 1945 and 302,000 in 1958; 400,000 in 1954 is unsupported.
  ok   #1 L1.exam_tip_html [MEDIUM] F2: the 4-mark inference question is point-marked (inference + detail), not banded.
  ok   #2 L1.practice_questions[0].text [HIGH] F3: invented archive provenance (no such NAACP conference report); figures are composed.
  ok   #3 L1.practice_questions[2].text [HIGH] F4: composed words cited as a real 1952 Marshall letter.
  PATCH L1: content_html, exam_tip_html, practice_questions
  ok   #4 L2.content_html [MEDIUM] F5: Sumner was seven blocks from the Brown home; Linda's age at the attempt is disputed (7 in 1950, 8 in 1951)
  ok   #5 L2.exam_tip_html [MEDIUM] F6: SPaG marks on this paper attach to one question only, not to 'the longer questions'.
  PATCH L2: content_html, exam_tip_html
  ok   #6 L3.description [MEDIUM] F7: Parks's arrest was not planned; the WPC's use of her as a test case was.
  ok   #7 L3.content_html [MEDIUM] F8: Parks attended a short summer 1955 workshop, not most of the year.
  ok   #8 L3.content_html [LOW] F9: Robinson worked with two Alabama State students.
  ok   #9 L3.content_html [MEDIUM] F10: the MIA was formed and King elected at the afternoon meeting at Mount Zion AME Zion Church; Holt Street w
  ok   #10 L3.content_html [MEDIUM] F10: keeps Holt Street where it belongs - the evening mass meeting.
  ok   #11 L3.knowledge_checks[0].q [MEDIUM] F10: removes the false premise about Holt Street.
  ok   #12 L3.practice_questions[5].text [HIGH] F11: E. D. Nixon published no autobiography; invented archive provenance.
  PATCH L3: description, content_html, knowledge_checks, practice_questions
  ok   #13 L4.practice_questions[0].text [HIGH] F12: composed reportage cited as a dated Jet article.
  ok   #14 L4.practice_questions[2].text [HIGH] F13: Beals published a memoir (Warriors Don't Cry, 1994), not a diary; the wording is composed.
  ok   #15 L4.practice_questions[2].text [MEDIUM] F14: there were nine students, all still at the school in September 1957.
  ok   #16 L4.practice_questions[2].marks [MEDIUM] F14: mark scheme quotation follows the corrected source.
  PATCH L4: practice_questions
  ok   #17 L5.content_html [MEDIUM] F15: about 436 people took part; more than 300 were arrested in Jackson.
  ok   #18 L5.practice_questions[0].text [HIGH] F16: CORE organised the 1961 rides, as the lesson itself says; SNCC supplied the second wave.
  ok   #19 L5.practice_questions[5].text [HIGH] F17: composed words cited as a real 1962 letter to the Justice Department.
  PATCH L5: content_html, practice_questions
  ok   #20 L6.content_html [MEDIUM] F18: observers estimated 75-80 per cent of marchers were Black.
  ok   #21 L6.exam_tip_html [MEDIUM] F19: invented banding claim.
  ok   #22 L6.practice_questions[0].text [HIGH] F20: fabricated official document, with invented telegram figures.
  ok   #23 L6.practice_questions[5].text [HIGH] F21: fabricated dated SNCC press release.
  PATCH L6: content_html, exam_tip_html, practice_questions
  ok   #24 L7.content_html [MEDIUM] F22: King was arrested on 1 February 1965; 3,000 had been arrested by the end of February.
  ok   #25 L7.content_html [MEDIUM] F23: 17 hospitalised, 50 treated for lesser injuries.
  ok   #26 L7.content_html [MEDIUM] F24: the lesson's own Source B gives 80,000 of 250,000 - a third, not a half.
  ok   #27 L7.exam_tip_html [MEDIUM] F25: 'explain the importance' is not a question type on this paper.
  ok   #28 L7.practice_questions[0].text [HIGH] F26: no such Senate testimony; invented archive provenance.
  ok   #29 L7.practice_questions[5].text [HIGH] F27: fabricated Civil Rights Commission report, with invented county figures.
  PATCH L7: content_html, exam_tip_html, practice_questions
  ok   #30 L8.content_html [LOW] F28: the sentence was eight to ten years.
  ok   #31 L8.glossary_terms[7].definition [MEDIUM] F29: Aziz and Islam were exonerated in November 2021.
  ok   #32 L8.practice_questions[0].text [HIGH] F30: composed speech, and Malcolm was not at the Audubon Ballroom on 14 February 1965 - he spoke in Detroit th
  ok   #33 L8.practice_questions[5].text [MEDIUM] F31: the Hajj and the letter were April 1964; the Autobiography appeared in 1965.
  PATCH L8: content_html, glossary_terms, practice_questions
  ok   #34 L9.content_html [MEDIUM] F32: Tlatelolco was 2 October 1968, the 200m medal ceremony 16 October - fourteen days.
  ok   #35 L9.content_html [MEDIUM] F33: Smith said the scarf stood for Black pride; the beads were Carlos's, for lynching victims.
  ok   #36 L9.content_html [MEDIUM] F34: the USOC expelled them, after Brundage's threat; it had first refused.
  ok   #37 L9.content_html [MEDIUM] F33: key fact follows the corrected symbolism.
  ok   #38 L9.flashcard_questions[12].a [MEDIUM] F34: flashcard follows the corrected account.
  ok   #39 L9.practice_questions[0].text [HIGH] F35: composed report given a real newspaper and a real journalist's byline.
  ok   #40 L9.practice_questions[3].marks [MEDIUM] F36: Hoover said this in 1969.
  PATCH L9: content_html, flashcard_questions, practice_questions
  ok   #41 L10.content_html [MEDIUM] F37: the 150-plus figure is for 1967 as a whole, not July alone.
  ok   #42 L10.content_html [MEDIUM] F38: Nixon was elected on 5 November 1968, eight months after the Kerner Report.
  ok   #43 L10.practice_questions[5].text [HIGH] F39: composed report attributed to a real newspaper.
  PATCH L10: content_html, practice_questions
  ok   #44 L11.content_html [LOW] F40: the 64-year figure matches no start date for French rule.
  ok   #45 L11.content_html [MEDIUM] F41: the Republic of Vietnam was proclaimed in October 1955; before that it was the State of Vietnam.
  ok   #46 L11.content_html [MEDIUM] F42: it was not broadcast live; Browne's photograph carried it round the world.
  ok   #47 L11.content_html [LOW] F43: contradicted the lesson's own 'nine successive juntas in the first eighteen months'.
  ok   #48 L11.practice_questions[0].text [MEDIUM] F44: this sentence is not in the 7 April 1954 press-conference transcript; the rest of the quotation is genuin
  ok   #49 L11.practice_questions[5].text [HIGH] F45: fabricated dated memorandum of conversation.
  PATCH L11: content_html, practice_questions
  ok   #50 L12.practice_questions[0].text [HIGH] F46: no such US Army pamphlet; it puts 'the body count is your scorecard' into an official document.
  PATCH L12: practice_questions
  ok   #51 L13.content_html [HIGH] F47: Westmoreland spoke at the National Press Club, and 'light at the end of the tunnel' is not his wording.
  ok   #52 L13.content_html [MEDIUM] F48: gives Cronkite's actual wording at the point of teaching.
  ok   #53 L13.content_html [MEDIUM] F49: 77 guardsmen advanced; 28 of them fired the 67 rounds.
  ok   #54 L13.glossary_terms[3].definition [MEDIUM] F48/F50: Cronkite delivered the editorial after returning from Vietnam, not from Saigon.
  ok   #55 L13.practice_questions[0].text [HIGH] F51: fabricated dated memorandum.
  ok   #56 L13.practice_questions[5].text [HIGH] F52: invented provenance, and dated 1971 while claiming to be written days after May 1970.
  PATCH L13: content_html, glossary_terms, practice_questions
  ok   #57 L14.practice_questions[0].text [HIGH] F53: fabricated dated memorandum attributed to a real official.
  PATCH L14: practice_questions
=== 58 applied, 0 skipped, 14 lessons / 33 fields changed
