
=== RE-NARRATION (changed narrated text only) ===
backup: C:\Users\tshau\Documents\Study Vault\scripts\_retrofc\units\history-edexcel__usa-conflict-home-abroad\_backup.json
unit:   history-edexcel / usa-conflict-home-abroad
run: 2026-09-06T02:20:52Z  mode: LIVE
  L04: no narrated field changed -> skip
  L12: no narrated field changed -> skip
  L14: no narrated field changed -> skip

11 lessons, 25 clips to regenerate

  L01 (Ollie)  Black America in 1954: Segregation, Voting and the NAACP
      n9: Founded in 1909 by W. E. B. Du Bois and others, the National Association for the Advancement of Colored People
             -> 405 KB, 34.6s, uploaded
      n18: For the 4-mark inference question on this paper, do not summarise the source. Make a single inferred conclusio
             -> 366 KB, 31.2s, uploaded
      manifest updated (22 entries)
  L02 (Ada)  Brown v. Topeka 1954: A Legal Earthquake
      n2: In 1950 a welder called Oliver Brown tried to enrol his daughter Linda at the all-white Sumner Elementary Scho
             -> 439 KB, 37.4s, uploaded
      n17: For the 12-mark causation essay on a topic like ‘why Brown ’s impact was limited’, examiners look for the two 
             -> 459 KB, 39.1s, uploaded
      manifest updated (21 entries)
  L03 (Ollie)  Montgomery 1955-56: The Boycott That Made King
      n5: Rosa Parks , secretary of the Montgomery NAACP, was forty-two years old, married, and had attended a workshop 
             -> 303 KB, 25.9s, uploaded
      n6: The popular memory of Parks — a tired seamstress acting on impulse — misses how prepared she was. She was an e
             -> 269 KB, 22.9s, uploaded
      n9: On the afternoon of 5 December, after a successful one-day boycott, Black community leaders met at Mount Zion 
             -> 552 KB, 47.1s, uploaded
      manifest updated (24 entries)
  L05 (Ollie)  Sit-Ins, Freedom Riders and James Meredith, 1960-62
      n11: The original CORE riders were too injured to continue, but a second wave of SNCC volunteers from Nashville fle
             -> 589 KB, 50.3s, uploaded
      manifest updated (21 entries)
  L06 (Ada)  Birmingham, Washington and the Civil Rights Act, 1963-64
      n9: To pressure Congress to pass the bill, the major civil rights organisations agreed to hold the March on Washin
             -> 447 KB, 38.1s, uploaded
      n18: For an 8-mark source utility question, weigh content, provenance and your own contextual knowledge together — 
             -> 431 KB, 36.8s, uploaded
      manifest updated (22 entries)
  L07 (Ollie)  Selma and the Voting Rights Act, 1965
      n6: The campaign opened with mass attempts to register that ran straight into Clark’s tactics — long queues kept s
             -> 469 KB, 40.0s, uploaded
      n9: The marchers were charged with horses, beaten with billy clubs wrapped in barbed wire, and tear-gassed. John L
             -> 388 KB, 33.1s, uploaded
      n15: In Mississippi, Black voter registration jumped from 6.7 per cent in 1964 to 59.8 per cent in 1968. Across the
             -> 552 KB, 47.1s, uploaded
      n17: The 12-mark ‘Explain why’ question rewards a clear judgement supported by precise factual detail and causal an
             -> 415 KB, 35.4s, uploaded
      manifest updated (21 entries)
  L08 (Ada)  Malcolm X and the Black Muslims, 1952-65
      n2: Malcolm Little was born in Omaha, Nebraska, in 1925. His father Earl, a Baptist minister and follower of the B
             -> 390 KB, 33.3s, uploaded
      manifest updated (21 entries)
  L09 (Ollie)  Black Power, the Panthers and the 1968 Olympics
      n12: Fourteen days after Mexico City police killed an unknown number of student protesters in the Tlatelolco massac
             -> 669 KB, 57.0s, uploaded
      n14: Key Fact . On 16 October 1968 Tommie Smith (gold) and John Carlos (bronze) raised black-gloved fists on the 20
             -> 293 KB, 25.0s, uploaded
      manifest updated (20 entries)
  L10 (Ada)  Riots, Kerner and King's Last Year, 1965-68
      n2: Five days after President Johnson signed the Voting Rights Act, the largest Black neighbourhood in Los Angeles
             -> 687 KB, 58.6s, uploaded
      n7: Johnson, embarrassed by the criticism of his own ‘War on Poverty’ programme as inadequate, refused to receive 
             -> 386 KB, 32.9s, uploaded
      manifest updated (21 entries)
  L11 (Ollie)  From Diem to Tonkin: US Steps into Vietnam, 1954-64
      n2: In May 1954 a French army of 13,000 men surrendered at Dien Bien Phu in northern Vietnam after a fifty-six-day
             -> 491 KB, 41.9s, uploaded
      n7: The weaknesses of the Diem government were obvious to almost everyone except Diem himself. He refused to hold 
             -> 644 KB, 54.9s, uploaded
      n18: Top-band 12-mark causation answers will weigh several factors against each other. The Tonkin Resolution provid
             -> 545 KB, 46.5s, uploaded
      manifest updated (23 entries)
  L13 (Ollie)  Tet, My Lai and the War at Home, 1968-70
      n2: By the end of 1967 General William Westmoreland was telling the American public that the Vietnam War had reach
             -> 543 KB, 46.4s, uploaded
      n9: On the evening of 27 February 1968, after a reporting trip to Vietnam, the CBS Evening News anchor Walter Cron
             -> 593 KB, 50.6s, uploaded
      n15: On 30 April 1970 President Nixon announced on television that US ground troops had crossed into Cambodia. Anti
             -> 653 KB, 55.7s, uploaded
      manifest updated (24 entries)

Regenerated 25 clips.

=== VERIFY (ranged GET + freshness) ===
  206  L01 n9  bytes 0-3/415008  Last-Modified: Sun, 06 Sep 2026 02:21:07 GMT  mp3-sync=OK
  206  L01 n18  bytes 0-3/374688  Last-Modified: Sun, 06 Sep 2026 02:21:14 GMT  mp3-sync=OK
  206  L02 n2  bytes 0-3/449280  Last-Modified: Sun, 06 Sep 2026 02:21:24 GMT  mp3-sync=OK
  206  L02 n17  bytes 0-3/469728  Last-Modified: Sun, 06 Sep 2026 02:21:33 GMT  mp3-sync=OK
  206  L03 n5  bytes 0-3/310752  Last-Modified: Sun, 06 Sep 2026 02:21:39 GMT  mp3-sync=OK
  206  L03 n6  bytes 0-3/275040  Last-Modified: Sun, 06 Sep 2026 02:21:45 GMT  mp3-sync=OK
  206  L03 n9  bytes 0-3/565632  Last-Modified: Sun, 06 Sep 2026 02:21:55 GMT  mp3-sync=OK
  206  L05 n11  bytes 0-3/603072  Last-Modified: Sun, 06 Sep 2026 02:22:08 GMT  mp3-sync=OK
  206  L06 n9  bytes 0-3/457344  Last-Modified: Sun, 06 Sep 2026 02:22:17 GMT  mp3-sync=OK
  206  L06 n18  bytes 0-3/441216  Last-Modified: Sun, 06 Sep 2026 02:22:26 GMT  mp3-sync=OK
  206  L07 n6  bytes 0-3/480384  Last-Modified: Sun, 06 Sep 2026 02:22:35 GMT  mp3-sync=OK
  206  L07 n9  bytes 0-3/397152  Last-Modified: Sun, 06 Sep 2026 02:22:43 GMT  mp3-sync=OK
  206  L07 n15  bytes 0-3/565056  Last-Modified: Sun, 06 Sep 2026 02:22:54 GMT  mp3-sync=OK
  206  L07 n17  bytes 0-3/425088  Last-Modified: Sun, 06 Sep 2026 02:23:02 GMT  mp3-sync=OK
  206  L08 n2  bytes 0-3/399168  Last-Modified: Sun, 06 Sep 2026 02:23:11 GMT  mp3-sync=OK
  206  L09 n12  bytes 0-3/684576  Last-Modified: Sun, 06 Sep 2026 02:23:22 GMT  mp3-sync=OK
  206  L09 n14  bytes 0-3/300384  Last-Modified: Sun, 06 Sep 2026 02:23:27 GMT  mp3-sync=OK
  206  L10 n2  bytes 0-3/703296  Last-Modified: Sun, 06 Sep 2026 02:23:38 GMT  mp3-sync=OK
  206  L10 n7  bytes 0-3/394848  Last-Modified: Sun, 06 Sep 2026 02:23:44 GMT  mp3-sync=OK
  206  L11 n2  bytes 0-3/502560  Last-Modified: Sun, 06 Sep 2026 02:23:53 GMT  mp3-sync=OK
  206  L11 n7  bytes 0-3/659232  Last-Modified: Sun, 06 Sep 2026 02:24:03 GMT  mp3-sync=OK
  206  L11 n18  bytes 0-3/557856  Last-Modified: Sun, 06 Sep 2026 02:24:12 GMT  mp3-sync=OK
  206  L13 n2  bytes 0-3/556416  Last-Modified: Sun, 06 Sep 2026 02:24:23 GMT  mp3-sync=OK
  206  L13 n9  bytes 0-3/607680  Last-Modified: Sun, 06 Sep 2026 02:24:33 GMT  mp3-sync=OK
  206  L13 n15  bytes 0-3/668736  Last-Modified: Sun, 06 Sep 2026 02:24:43 GMT  mp3-sync=OK

25/25 clips verified HTTP 200/206 with fresh audio.
