
=== RE-NARRATION (changed narrated text only) ===
backup: C:\Users\tshau\Documents\Study Vault\scripts\_retrofc\units\design-technology-eduqas__metals-in-depth\_backup.json
unit:   design-technology-eduqas / metals-in-depth
run: 2026-09-06T09:15:10Z  mode: LIVE

4 lessons, 7 clips to regenerate

  L02 (Ada)  Selecting Metals & Heat Treatment
      n9: Key Fact . A complete metal-selection answer must address at least two factors : the key functional property (
             -> 240 KB, 20.5s, uploaded
      n25: Hardening and tempering are most commonly applied to medium and high carbon steels and to high-speed steels. T
             -> 325 KB, 27.8s, uploaded
      manifest updated (38 entries)
  L03 (Ollie)  Shaping & Forming Metals
      n12: Sawing — hand hacksaw or powered bandsaw used to cut metal to length or cut out profiles. A hacksaw blade shou
             -> 152 KB, 12.9s, uploaded
      manifest updated (37 entries)
  L04 (Ada)  Joining & Finishing Metals
      n5: MIG welding (Metal Inert Gas) — a consumable wire electrode is automatically fed through the welding gun while
             -> 300 KB, 25.6s, uploaded
      manifest updated (36 entries)
  L05 (Ollie)  Commercial Production, Sustainability & Applications
      n9: Metal products have significant sustainability implications across their full lifecycle — from ore extraction 
             -> 235 KB, 20.0s, uploaded
      n12: Recycle — metals are among the most recyclable materials. Steel is the world’s most recycled material by mass;
             -> 468 KB, 39.9s, uploaded
      n13: Refuse — say no to a material, a part or a product that is not needed. A designer can refuse a metal with a da
             -> 209 KB, 17.8s, uploaded
      manifest updated (35 entries)

Regenerated 7 clips.

=== VERIFY (ranged GET + freshness) ===
  206  L02 n9  bytes 0-3/245952  Last-Modified: Sun, 06 Sep 2026 09:15:18 GMT  mp3-sync=OK
  206  L02 n25  bytes 0-3/333216  Last-Modified: Sun, 06 Sep 2026 09:15:23 GMT  mp3-sync=OK
  206  L03 n12  bytes 0-3/155232  Last-Modified: Sun, 06 Sep 2026 09:15:26 GMT  mp3-sync=OK
  206  L04 n5  bytes 0-3/307584  Last-Modified: Sun, 06 Sep 2026 09:15:31 GMT  mp3-sync=OK
  206  L05 n9  bytes 0-3/240480  Last-Modified: Sun, 06 Sep 2026 09:15:35 GMT  mp3-sync=OK
  206  L05 n12  bytes 0-3/478944  Last-Modified: Sun, 06 Sep 2026 09:15:42 GMT  mp3-sync=OK
  206  L05 n13  bytes 0-3/213696  Last-Modified: Sun, 06 Sep 2026 09:15:46 GMT  mp3-sync=OK

7/7 clips verified HTTP 200/206 with fresh audio.
