=== APPLY EDITS english-literature-eduqas/the-woman-in-black  181 edits  LIVE  2026-09-03T19:30:32.114Z
  ok   #0 L1.content_html [MEDIUM] F3: house rule - never name the board in student-facing text
  ok   #1 L1.content_html [MEDIUM] F4: misquotation; the novel reads 'only the thinnest layer of flesh was tautly stretched and strained across h
  ok   #2 L1.content_html [MEDIUM] F3: house rule - board named in a heading
  ok   #3 L1.content_html [HIGH] F1: invented two-part 20+20 split, and AO4 defined as context. The spec gives one 40-mark source-based questio
  ok   #4 L1.conclusion_html [HIGH] F1/F2: AO4 is not context, and context is not credited in this section
  ok   #5 L1.exam_tip_html [HIGH] F1/F2: no part (b); AO4 is writing accuracy, not context
  ok   #6 L1.exam_tip_html [MEDIUM] F4: misquotation
  ok   #7 L1.flashcard_questions[7].a [MEDIUM] F4: misquotation on a memorisation card
  ok   #8 L1.flashcard_questions[9].q [HIGH] F2/F3: AO4 is not context, and the board must not be named
  ok   #9 L1.flashcard_questions[9].a [HIGH] F2: AO4 is writing accuracy; AO3 is context and is not assessed in this section
  ok   #10 L1.glossary_terms[4].definition [HIGH] F2: this is the spec definition of AO3, not AO4
  ok   #85 L1.practice_questions[0].type [HIGH] F19: the section is one 40-mark source-based question, not a 20-mark part
  ok   #86 L1.practice_questions[1].type [HIGH] F19: the section is one 40-mark source-based question, not a 20-mark part
  ok   #87 L1.practice_questions[2].type [HIGH] F19: the section is one 40-mark source-based question, not a 20-mark part
  ok   #88 L1.practice_questions[3].type [HIGH] F19: the section is one 40-mark source-based question, not a 20-mark part
  ok   #89 L1.practice_questions[4].type [HIGH] F19: the section is one 40-mark source-based question, not a 20-mark part
  ok   #90 L1.practice_questions[5].type [HIGH] F19: the section is one 40-mark source-based question, not a 20-mark part
  ok   #133 L1.practice_questions[0].marks [HIGH] F19: mark ladder rescaled from 20 to the real 40-mark question
  ok   #134 L1.practice_questions[1].marks [HIGH] F19: mark ladder rescaled from 20 to the real 40-mark question
  ok   #135 L1.practice_questions[2].marks [HIGH] F19: mark ladder rescaled from 20 to the real 40-mark question
  ok   #136 L1.practice_questions[3].marks [HIGH] F19: mark ladder rescaled from 20 to the real 40-mark question
  ok   #137 L1.practice_questions[4].marks [HIGH] F19: mark ladder rescaled from 20 to the real 40-mark question
  ok   #138 L1.practice_questions[5].marks [HIGH] F19: mark ladder rescaled from 20 to the real 40-mark question
  PATCH L1: content_html, conclusion_html, exam_tip_html, flashcard_questions, glossary_terms, practice_questions
  ok   #11 L2.content_html [HIGH] F5: both quotations are wrong. She wears a bonnet, not a veil, and the novel reads 'the skin ... was tautly st
  ok   #12 L2.content_html [MEDIUM] F5: misquotation in the revision tip
  ok   #13 L2.content_html [MEDIUM] F5: misquotation
  ok   #14 L2.conclusion_html [MEDIUM] F5: misquotation
  ok   #15 L2.flashcard_questions[0].q [HIGH] F6: wrong speaker. The lesson's own text gives the line to Sam Daily; Keckwick is the trap driver and says alm
  ok   #16 L2.flashcard_questions[1].a [MEDIUM] F5: misquotation on a memorisation card
  ok   #17 L2.flashcard_questions[8].a [LOW] F7: missing word makes the definition ungrammatical
  ok   #18 L2.flashcard_questions[10].q [LOW] F7: malformed question
  ok   #19 L2.exam_tip_html [HIGH] F1: there is no part (a); the section is one 40-mark question
  ok   #91 L2.practice_questions[0].type [HIGH] F19: the section is one 40-mark source-based question, not a 20-mark part
  ok   #92 L2.practice_questions[1].type [HIGH] F19: the section is one 40-mark source-based question, not a 20-mark part
  ok   #93 L2.practice_questions[2].type [HIGH] F19: the section is one 40-mark source-based question, not a 20-mark part
  ok   #94 L2.practice_questions[3].type [HIGH] F19: the section is one 40-mark source-based question, not a 20-mark part
  ok   #95 L2.practice_questions[4].type [HIGH] F19: the section is one 40-mark source-based question, not a 20-mark part
  ok   #96 L2.practice_questions[5].type [HIGH] F19: the section is one 40-mark source-based question, not a 20-mark part
  ok   #139 L2.practice_questions[0].marks [HIGH] F19: mark ladder rescaled from 20 to the real 40-mark question
  ok   #140 L2.practice_questions[1].marks [HIGH] F19: mark ladder rescaled from 20 to the real 40-mark question
  ok   #141 L2.practice_questions[2].marks [HIGH] F19: mark ladder rescaled from 20 to the real 40-mark question
  ok   #142 L2.practice_questions[3].marks [HIGH] F19: mark ladder rescaled from 20 to the real 40-mark question
  ok   #143 L2.practice_questions[4].marks [HIGH] F19: mark ladder rescaled from 20 to the real 40-mark question
  ok   #144 L2.practice_questions[5].marks [HIGH] F19: mark ladder rescaled from 20 to the real 40-mark question
  PATCH L2: content_html, conclusion_html, flashcard_questions, exam_tip_html, practice_questions
  ok   #20 L3.content_html [HIGH] F8: 'grey, tall, gaunt, like some bony old woman' is not in the novel. Chapter 5 reads 'a tall, gaunt house of
  ok   #21 L3.content_html [HIGH] F9: plot error. In chapter 6 Arthur is outside on the marsh when the sea fret comes down; he is not working in
  ok   #22 L3.content_html [HIGH] F9: same plot error, plus an unverifiable quotation built on it
  ok   #23 L3.content_html [HIGH] F10: plot error. Arthur never forces the nursery door; he returns with an axe and finds it ajar
  ok   #24 L3.conclusion_html [HIGH] F8: fabricated quotation
  ok   #25 L3.knowledge_checks[1].q [HIGH] F8: the gap-fill tested a quotation that is not in the novel
  ok   #26 L3.knowledge_checks[1].options [HIGH] F8: options rebuilt for the real quotation; correct index stays 1
  ok   #27 L3.flashcard_questions[0].a [HIGH] F8: fabricated quotation on a memorisation card
  ok   #28 L3.flashcard_questions[0].q [HIGH] F8: the real wording is description, not a simile
  ok   #29 L3.flashcard_questions[1].q [HIGH] F8: Hill never compares the house to an old woman
  ok   #30 L3.flashcard_questions[1].a [HIGH] F8: same
  ok   #31 L3.practice_questions[3].text [HIGH] F8: question set on a fabricated quotation
  ok   #97 L3.practice_questions[0].type [HIGH] F19: the section is one 40-mark source-based question, not a 20-mark part
  ok   #98 L3.practice_questions[1].type [HIGH] F19: the section is one 40-mark source-based question, not a 20-mark part
  ok   #99 L3.practice_questions[2].type [HIGH] F19: the section is one 40-mark source-based question, not a 20-mark part
  ok   #100 L3.practice_questions[3].type [HIGH] F19: the section is one 40-mark source-based question, not a 20-mark part
  ok   #101 L3.practice_questions[4].type [HIGH] F19: the section is one 40-mark source-based question, not a 20-mark part
  ok   #102 L3.practice_questions[5].type [HIGH] F19: the section is one 40-mark source-based question, not a 20-mark part
  ok   #145 L3.practice_questions[0].marks [HIGH] F19: mark ladder rescaled from 20 to the real 40-mark question
  ok   #146 L3.practice_questions[1].marks [HIGH] F19: mark ladder rescaled from 20 to the real 40-mark question
  ok   #147 L3.practice_questions[2].marks [HIGH] F19: mark ladder rescaled from 20 to the real 40-mark question
  ok   #148 L3.practice_questions[3].marks [HIGH] F19: mark ladder rescaled from 20 to the real 40-mark question
  ok   #149 L3.practice_questions[4].marks [HIGH] F19: mark ladder rescaled from 20 to the real 40-mark question
  ok   #150 L3.practice_questions[5].marks [HIGH] F19: mark ladder rescaled from 20 to the real 40-mark question
  PATCH L3: content_html, conclusion_html, knowledge_checks, flashcard_questions, practice_questions
  ok   #32 L4.content_html [HIGH] F11: cause of death, inside the glossary tooltip
  ok   #33 L4.content_html [HIGH] F11: the packet of letters gives three death certificates; Jennet died twelve years after Nathaniel of heart f
  ok   #34 L4.content_html [MEDIUM] F12: the novel reads 'And whenever she has been seen ... there has been one sure and certain result'
  ok   #35 L4.content_html [HIGH] F2: AO4 is writing accuracy; context is not credited on this question
  ok   #36 L4.exam_tip_html [HIGH] F1: there is no part (b); the section is one 40-mark question
  ok   #37 L4.exam_tip_html [HIGH] F2: AO4 is the accuracy of the student's own writing, not genre convention
  ok   #38 L4.flashcard_questions[0].a [MEDIUM] F12: misquotation on a memorisation card
  ok   #39 L4.flashcard_questions[11].q [MEDIUM] F11: Jennet did not die of a wasting disease
  ok   #40 L4.flashcard_questions[11].a [MEDIUM] F11: same
  ok   #103 L4.practice_questions[0].type [HIGH] F19: the section is one 40-mark source-based question, not a 20-mark part
  ok   #104 L4.practice_questions[1].type [HIGH] F19: the section is one 40-mark source-based question, not a 20-mark part
  ok   #105 L4.practice_questions[2].type [HIGH] F19: the section is one 40-mark source-based question, not a 20-mark part
  ok   #106 L4.practice_questions[3].type [HIGH] F19: the section is one 40-mark source-based question, not a 20-mark part
  ok   #107 L4.practice_questions[4].type [HIGH] F19: the section is one 40-mark source-based question, not a 20-mark part
  ok   #108 L4.practice_questions[5].type [HIGH] F19: the section is one 40-mark source-based question, not a 20-mark part
  ok   #151 L4.practice_questions[0].marks [HIGH] F19: mark ladder rescaled from 20 to the real 40-mark question
  ok   #152 L4.practice_questions[1].marks [HIGH] F19: mark ladder rescaled from 20 to the real 40-mark question
  ok   #153 L4.practice_questions[2].marks [HIGH] F19: mark ladder rescaled from 20 to the real 40-mark question
  ok   #154 L4.practice_questions[3].marks [HIGH] F19: mark ladder rescaled from 20 to the real 40-mark question
  ok   #155 L4.practice_questions[4].marks [HIGH] F19: mark ladder rescaled from 20 to the real 40-mark question
  ok   #156 L4.practice_questions[5].marks [HIGH] F19: mark ladder rescaled from 20 to the real 40-mark question
  PATCH L4: content_html, exam_tip_html, flashcard_questions, practice_questions
  ok   #41 L5.content_html [HIGH] F11: cause of death is heart failure, twelve years after Nathaniel
  ok   #42 L5.content_html [HIGH] F11: Jennet died of heart failure, not a wasting disease
  ok   #43 L5.content_html [HIGH] F13: the novel's phrase is 'a desperate, yearning malevolence'. 'Desperate, wild, grief' is not in the text
  ok   #44 L5.content_html [MEDIUM] F14: no source supports premonitions or ill health in Mrs Daily; the Dailys nurse Arthur after his collapse
  ok   #45 L5.content_html [MEDIUM] F15: the closing lines read 'They asked for my story. I have told it. Enough.'
  ok   #46 L5.exam_tip_html [HIGH] F13: fabricated quotation used as the model sentence
  ok   #47 L5.knowledge_checks[1].q [HIGH] F13: the gap-fill stem quoted wording that is not in the novel; correct index stays 1 (malevolence)
  ok   #48 L5.flashcard_questions[0].a [MEDIUM] F15: misquotation of the novel's closing lines
  ok   #49 L5.flashcard_questions[1].q [HIGH] F6: wrong speaker
  ok   #50 L5.flashcard_questions[2].a [LOW] F7: missing word
  ok   #51 L5.flashcard_questions[8].a [HIGH] F16: Jerome is the land agent. Arthur is the solicitor, sent from Mr Bentley's London firm. The lesson body sa
  ok   #109 L5.practice_questions[0].type [HIGH] F19: the section is one 40-mark source-based question, not a 20-mark part
  ok   #110 L5.practice_questions[1].type [HIGH] F19: the section is one 40-mark source-based question, not a 20-mark part
  ok   #111 L5.practice_questions[2].type [HIGH] F19: the section is one 40-mark source-based question, not a 20-mark part
  ok   #112 L5.practice_questions[3].type [HIGH] F19: the section is one 40-mark source-based question, not a 20-mark part
  ok   #113 L5.practice_questions[4].type [HIGH] F19: the section is one 40-mark source-based question, not a 20-mark part
  ok   #114 L5.practice_questions[5].type [HIGH] F19: the section is one 40-mark source-based question, not a 20-mark part
  ok   #157 L5.practice_questions[0].marks [HIGH] F19: mark ladder rescaled from 20 to the real 40-mark question
  ok   #158 L5.practice_questions[1].marks [HIGH] F19: mark ladder rescaled from 20 to the real 40-mark question
  ok   #159 L5.practice_questions[2].marks [HIGH] F19: mark ladder rescaled from 20 to the real 40-mark question
  ok   #160 L5.practice_questions[3].marks [HIGH] F19: mark ladder rescaled from 20 to the real 40-mark question
  ok   #161 L5.practice_questions[4].marks [HIGH] F19: mark ladder rescaled from 20 to the real 40-mark question
  ok   #162 L5.practice_questions[5].marks [HIGH] F19: mark ladder rescaled from 20 to the real 40-mark question
  PATCH L5: content_html, exam_tip_html, knowledge_checks, flashcard_questions, practice_questions
  ok   #52 L6.content_html [HIGH] F10: Arthur never forces the nursery door
  ok   #115 L6.practice_questions[0].type [HIGH] F19: the section is one 40-mark source-based question, not a 20-mark part
  ok   #116 L6.practice_questions[1].type [HIGH] F19: the section is one 40-mark source-based question, not a 20-mark part
  ok   #117 L6.practice_questions[2].type [HIGH] F19: the section is one 40-mark source-based question, not a 20-mark part
  ok   #118 L6.practice_questions[3].type [HIGH] F19: the section is one 40-mark source-based question, not a 20-mark part
  ok   #119 L6.practice_questions[4].type [HIGH] F19: the section is one 40-mark source-based question, not a 20-mark part
  ok   #120 L6.practice_questions[5].type [HIGH] F19: the section is one 40-mark source-based question, not a 20-mark part
  ok   #163 L6.practice_questions[0].marks [HIGH] F19: mark ladder rescaled from 20 to the real 40-mark question
  ok   #164 L6.practice_questions[1].marks [HIGH] F19: mark ladder rescaled from 20 to the real 40-mark question
  ok   #165 L6.practice_questions[2].marks [HIGH] F19: mark ladder rescaled from 20 to the real 40-mark question
  ok   #166 L6.practice_questions[3].marks [HIGH] F19: mark ladder rescaled from 20 to the real 40-mark question
  ok   #167 L6.practice_questions[4].marks [HIGH] F19: mark ladder rescaled from 20 to the real 40-mark question
  ok   #168 L6.practice_questions[5].marks [HIGH] F19: mark ladder rescaled from 20 to the real 40-mark question
  PATCH L6: content_html, practice_questions
  ok   #53 L7.content_html [HIGH] F8: fabricated quotation
  ok   #54 L7.content_html [HIGH] F10: Arthur never forces the door
  ok   #55 L7.content_html [HIGH] F17: invented plot detail. Chapter 5 gives a ruined chapel and about fifty neglected gravestones with no names
  ok   #56 L7.conclusion_html [HIGH] F8: fabricated quotation
  ok   #57 L7.knowledge_checks[0].q [HIGH] F8: the question tested a quotation that is not in the novel
  ok   #58 L7.flashcard_questions[3].a [HIGH] F8: fabricated quotation on a memorisation card
  ok   #59 L7.flashcard_questions[9].a [HIGH] F10: Arthur never forces the door
  ok   #60 L7.practice_questions[2].text [HIGH] F8: question set on a fabricated quotation
  ok   #121 L7.practice_questions[0].type [HIGH] F19: the section is one 40-mark source-based question, not a 20-mark part
  ok   #122 L7.practice_questions[1].type [HIGH] F19: the section is one 40-mark source-based question, not a 20-mark part
  ok   #123 L7.practice_questions[2].type [HIGH] F19: the section is one 40-mark source-based question, not a 20-mark part
  ok   #124 L7.practice_questions[3].type [HIGH] F19: the section is one 40-mark source-based question, not a 20-mark part
  ok   #125 L7.practice_questions[4].type [HIGH] F19: the section is one 40-mark source-based question, not a 20-mark part
  ok   #126 L7.practice_questions[5].type [HIGH] F19: the section is one 40-mark source-based question, not a 20-mark part
  ok   #169 L7.practice_questions[0].marks [HIGH] F19: mark ladder rescaled from 20 to the real 40-mark question
  ok   #170 L7.practice_questions[1].marks [HIGH] F19: mark ladder rescaled from 20 to the real 40-mark question
  ok   #171 L7.practice_questions[2].marks [HIGH] F19: mark ladder rescaled from 20 to the real 40-mark question
  ok   #172 L7.practice_questions[3].marks [HIGH] F19: mark ladder rescaled from 20 to the real 40-mark question
  ok   #173 L7.practice_questions[4].marks [HIGH] F19: mark ladder rescaled from 20 to the real 40-mark question
  ok   #174 L7.practice_questions[5].marks [HIGH] F19: mark ladder rescaled from 20 to the real 40-mark question
  PATCH L7: content_html, conclusion_html, knowledge_checks, flashcard_questions, practice_questions
  ok   #61 L8.description [MEDIUM] F3: board named in student-facing text; also brings the description under the 100-character limit
  ok   #62 L8.content_html [MEDIUM] F14: no source supports this claim about Mrs Daily
  ok   #63 L8.content_html [HIGH] F11: cause of death is heart failure
  ok   #64 L8.content_html [HIGH] F2: AO4 is not context
  ok   #65 L8.content_html [HIGH] F1: invented two-task format and AO4 as context. The spec gives one 40-mark source-based question assessing AO
  ok   #66 L8.content_html [HIGH] F1/F2: same
  ok   #67 L8.content_html [HIGH] F1: there are not two tasks
  ok   #68 L8.conclusion_html [HIGH] F1: same
  ok   #69 L8.exam_tip_html [HIGH] F1/F2/F3: board named, AO4 wrong, and no part (b)
  ok   #70 L8.knowledge_checks[0].q [HIGH] F1: the question has no two parts
  ok   #71 L8.knowledge_checks[0].options [HIGH] F1: options rebuilt around the real format; correct index stays 1
  ok   #72 L8.knowledge_checks[2].q [HIGH] F1/F2: the answer key marked AO4 as the context objective
  ok   #73 L8.knowledge_checks[2].correct [HIGH] F2: the correct answer is AO3 (index 2). AO4 IS assessed on this question
  ok   #74 L8.flashcard_questions[6].q [MEDIUM] F3: board named
  ok   #75 L8.flashcard_questions[7].q [MEDIUM] F3: board named
  ok   #76 L8.flashcard_questions[8].q [MEDIUM] F3: board named
  ok   #77 L8.flashcard_questions[8].a [HIGH] F2: that is AO3. AO4 is vocabulary, sentence structures and accuracy
  ok   #78 L8.flashcard_questions[9].q [MEDIUM] F3: board named
  ok   #79 L8.flashcard_questions[9].a [MEDIUM] F3: reworded without the board or the component code
  ok   #80 L8.flashcard_questions[10].q [HIGH] F1: there is no part (b)
  ok   #81 L8.flashcard_questions[10].a [HIGH] F2: context is not credited on this question
  ok   #82 L8.glossary_terms[4].definition [HIGH] F2: this is the spec definition of AO3, not AO4
  ok   #83 L8.practice_questions[4].text [MEDIUM] F18: 'Band 5' is not a band on this qualification and does not match the house ladder
  ok   #84 L8.practice_questions[5].text [HIGH] F1: there is no part (b)
  ok   #127 L8.practice_questions[0].type [HIGH] F19: the section is one 40-mark source-based question, not a 20-mark part
  ok   #128 L8.practice_questions[1].type [HIGH] F19: the section is one 40-mark source-based question, not a 20-mark part
  ok   #129 L8.practice_questions[2].type [HIGH] F19: the section is one 40-mark source-based question, not a 20-mark part
  ok   #130 L8.practice_questions[3].type [HIGH] F19: the section is one 40-mark source-based question, not a 20-mark part
  ok   #131 L8.practice_questions[4].type [HIGH] F19: the section is one 40-mark source-based question, not a 20-mark part
  ok   #132 L8.practice_questions[5].type [HIGH] F19: the section is one 40-mark source-based question, not a 20-mark part
  ok   #175 L8.practice_questions[0].marks [HIGH] F19: mark ladder rescaled from 20 to the real 40-mark question
  ok   #176 L8.practice_questions[1].marks [HIGH] F19: mark ladder rescaled from 20 to the real 40-mark question
  ok   #177 L8.practice_questions[2].marks [HIGH] F19: mark ladder rescaled from 20 to the real 40-mark question
  ok   #178 L8.practice_questions[3].marks [HIGH] F19: mark ladder rescaled from 20 to the real 40-mark question
  ok   #179 L8.practice_questions[4].marks [HIGH] F19: mark ladder rescaled from 20 to the real 40-mark question
  ok   #180 L8.practice_questions[5].marks [HIGH] F19: mark ladder rescaled from 20 to the real 40-mark question
  PATCH L8: description, content_html, conclusion_html, exam_tip_html, knowledge_checks, flashcard_questions, glossary_terms, practice_questions
=== 181 applied, 0 skipped, 8 lessons / 40 fields changed
