=== APPLY EDITS it-ocr/it-in-the-digital-world  34 edits  LIVE  2026-09-04T11:29:25.871Z
  ok   #0 L2.exam_tip_html [HIGH] F1: R050 has one 9-mark extended-response question.
  PATCH L2: exam_tip_html
  ok   #1 L3.content_html [MEDIUM] F2: SW1A 1AA does not match AA99 9AA.
  ok   #2 L3.practice_questions[3].marks [MEDIUM] F3: Corrects the stated structure of SW1A 1AA.
  PATCH L3: content_html, practice_questions
  ok   #3 L6.content_html [HIGH] F5: Avoids the obsolete three-offence summary and outdated section 3 description.
  ok   #4 L6.glossary_terms[5].definition [HIGH] F5: Aligns the glossary with the current legal description.
  ok   #5 L6.flashcard_questions[5].a [HIGH] F5: Corrects the flashcard’s legal summary.
  ok   #6 L6.content_html [HIGH] F6: Screen breaks are specifically governed by the Display Screen Equipment Regulations 1992.
  ok   #7 L6.flashcard_questions[8].a [HIGH] F6: Removes the incorrect attribution of screen-break rules.
  PATCH L6: content_html, glossary_terms, flashcard_questions
  ok   #8 L8.content_html [MEDIUM] F7: The web is not required for IoE device communication.
  ok   #9 L8.conclusion_html [MEDIUM] F7: Keeps the conclusion consistent with the corrected distinction.
  ok   #10 L8.content_html [MEDIUM] F8: The specification has six top-level IoE application areas.
  ok   #11 L8.content_html [MEDIUM] F8: Corrects the stated count.
  ok   #12 L8.flashcard_questions[4].q [MEDIUM] F8: Corrects the flashcard prompt’s count.
  ok   #13 L8.practice_questions[0].marks [HIGH] F9: Supplies a unique correct answer and pillar distractors.
  PATCH L8: content_html, conclusion_html, flashcard_questions, practice_questions
  ok   #14 L10.content_html [MEDIUM] F10: ChromeOS also supports installed Android and Linux applications.
  ok   #15 L10.content_html [MEDIUM] F10: Removes the false browser-only description.
  ok   #16 L10.practice_questions[0].text [MEDIUM] F10: Corrects the ChromeOS practice-question premise.
  ok   #17 L10.knowledge_checks[4].right[2] [MEDIUM] F10: Corrects the matching-answer description.
  ok   #18 L10.flashcard_questions[8].q [MEDIUM] F10: Removes the false premise from the flashcard question.
  ok   #19 L10.flashcard_questions[8].a [MEDIUM] F10: Corrects the flashcard answer.
  ok   #20 L10.glossary_terms[5].definition [MEDIUM] F10: Corrects the ChromeOS glossary definition.
  ok   #21 L10.content_html [MEDIUM] F11: Some regions permit alternative iOS app distribution.
  ok   #22 L10.content_html [MEDIUM] F11: Removes the false universal App Store requirement.
  ok   #23 L10.practice_questions[1].marks [MEDIUM] F11: Corrects the practice-answer wording.
  ok   #24 L10.knowledge_checks[3].q [MEDIUM] F11: Removes the false universal installation claim.
  ok   #25 L10.flashcard_questions[2].a [MEDIUM] F11: Corrects iOS distribution rules.
  ok   #26 L10.glossary_terms[6].definition [MEDIUM] F11: Corrects the iOS glossary definition.
  ok   #27 L10.content_html [MEDIUM] F12: Android navigation can use a bottom bar, rail or drawer.
  ok   #28 L10.glossary_terms[4].definition [HIGH] F13: Linux was not derived from Unix source code.
  ok   #29 L10.flashcard_questions[6].q [HIGH] F13: Removes the false claim that Linux derives from Unix.
  PATCH L10: content_html, practice_questions, knowledge_checks, flashcard_questions, glossary_terms
  ok   #30 L12.content_html [MEDIUM] F16: Touchscreen devices can support a mouse and pointer.
  ok   #31 L12.flashcard_questions[7].q [MEDIUM] F16: Removes the false claim that a tablet cannot use a mouse.
  ok   #32 L12.flashcard_questions[7].a [MEDIUM] F16: Corrects the flashcard answer.
  ok   #33 L12.content_html [LOW] F17: A keyboard can be used one-handed or with assistive input.
  PATCH L12: content_html, flashcard_questions
=== 34 applied, 0 skipped, 6 lessons / 17 fields changed
=== APPLY EDITS it-ocr/it-in-the-digital-world  34 edits  LIVE  2026-09-04T11:29:40.952Z
  ok   #0 L2.exam_tip_html [HIGH] F1: R050 has one 9-mark extended-response question.
  PATCH L2: exam_tip_html
  ok   #1 L3.content_html [MEDIUM] F2: SW1A 1AA does not match AA99 9AA.
  ok   #2 L3.practice_questions[3].marks [MEDIUM] F3: Corrects the stated structure of SW1A 1AA.
  PATCH L3: content_html, practice_questions
  ok   #3 L6.content_html [HIGH] F5: Avoids the obsolete three-offence summary and outdated section 3 description.
  ok   #4 L6.glossary_terms[5].definition [HIGH] F5: Aligns the glossary with the current legal description.
  ok   #5 L6.flashcard_questions[5].a [HIGH] F5: Corrects the flashcard’s legal summary.
  ok   #6 L6.content_html [HIGH] F6: Screen breaks are specifically governed by the Display Screen Equipment Regulations 1992.
  ok   #7 L6.flashcard_questions[8].a [HIGH] F6: Removes the incorrect attribution of screen-break rules.
  PATCH L6: content_html, glossary_terms, flashcard_questions
  ok   #8 L8.content_html [MEDIUM] F7: The web is not required for IoE device communication.
  ok   #9 L8.conclusion_html [MEDIUM] F7: Keeps the conclusion consistent with the corrected distinction.
  ok   #10 L8.content_html [MEDIUM] F8: The specification has six top-level IoE application areas.
  ok   #11 L8.content_html [MEDIUM] F8: Corrects the stated count.
  ok   #12 L8.flashcard_questions[4].q [MEDIUM] F8: Corrects the flashcard prompt’s count.
  ok   #13 L8.practice_questions[0].marks [HIGH] F9: Supplies a unique correct answer and pillar distractors.
  PATCH L8: content_html, conclusion_html, flashcard_questions, practice_questions
  ok   #14 L10.content_html [MEDIUM] F10: ChromeOS also supports installed Android and Linux applications.
  ok   #15 L10.content_html [MEDIUM] F10: Removes the false browser-only description.
  ok   #16 L10.practice_questions[0].text [MEDIUM] F10: Corrects the ChromeOS practice-question premise.
  ok   #17 L10.knowledge_checks[4].right[2] [MEDIUM] F10: Corrects the matching-answer description.
  ok   #18 L10.flashcard_questions[8].q [MEDIUM] F10: Removes the false premise from the flashcard question.
  ok   #19 L10.flashcard_questions[8].a [MEDIUM] F10: Corrects the flashcard answer.
  ok   #20 L10.glossary_terms[5].definition [MEDIUM] F10: Corrects the ChromeOS glossary definition.
  ok   #21 L10.content_html [MEDIUM] F11: Some regions permit alternative iOS app distribution.
  ok   #22 L10.content_html [MEDIUM] F11: Removes the false universal App Store requirement.
  ok   #23 L10.practice_questions[1].marks [MEDIUM] F11: Corrects the practice-answer wording.
  ok   #24 L10.knowledge_checks[3].q [MEDIUM] F11: Removes the false universal installation claim.
  ok   #25 L10.flashcard_questions[2].a [MEDIUM] F11: Corrects iOS distribution rules.
  ok   #26 L10.glossary_terms[6].definition [MEDIUM] F11: Corrects the iOS glossary definition.
  ok   #27 L10.content_html [MEDIUM] F12: Android navigation can use a bottom bar, rail or drawer.
  ok   #28 L10.glossary_terms[4].definition [HIGH] F13: Linux was not derived from Unix source code.
  ok   #29 L10.flashcard_questions[6].q [HIGH] F13: Removes the false claim that Linux derives from Unix.
  PATCH L10: content_html, practice_questions, knowledge_checks, flashcard_questions, glossary_terms
  ok   #30 L12.content_html [MEDIUM] F16: Touchscreen devices can support a mouse and pointer.
  ok   #31 L12.flashcard_questions[7].q [MEDIUM] F16: Removes the false claim that a tablet cannot use a mouse.
  ok   #32 L12.flashcard_questions[7].a [MEDIUM] F16: Corrects the flashcard answer.
  ok   #33 L12.content_html [LOW] F17: A keyboard can be used one-handed or with assistive input.
  PATCH L12: content_html, flashcard_questions
=== 34 applied, 0 skipped, 6 lessons / 17 fields changed
=== APPLY EDITS it-ocr/it-in-the-digital-world  34 edits  LIVE  2026-09-04T11:29:56.380Z
  ok   #0 L2.exam_tip_html [HIGH] F1: R050 has one 9-mark extended-response question.
  PATCH L2: exam_tip_html
  ok   #1 L3.content_html [MEDIUM] F2: SW1A 1AA does not match AA99 9AA.
  ok   #2 L3.practice_questions[3].marks [MEDIUM] F3: Corrects the stated structure of SW1A 1AA.
  PATCH L3: content_html, practice_questions
  ok   #3 L6.content_html [HIGH] F5: Avoids the obsolete three-offence summary and outdated section 3 description.
  ok   #4 L6.glossary_terms[5].definition [HIGH] F5: Aligns the glossary with the current legal description.
  ok   #5 L6.flashcard_questions[5].a [HIGH] F5: Corrects the flashcard’s legal summary.
  ok   #6 L6.content_html [HIGH] F6: Screen breaks are specifically governed by the Display Screen Equipment Regulations 1992.
  ok   #7 L6.flashcard_questions[8].a [HIGH] F6: Removes the incorrect attribution of screen-break rules.
  PATCH L6: content_html, glossary_terms, flashcard_questions
  ok   #8 L8.content_html [MEDIUM] F7: The web is not required for IoE device communication.
  ok   #9 L8.conclusion_html [MEDIUM] F7: Keeps the conclusion consistent with the corrected distinction.
  ok   #10 L8.content_html [MEDIUM] F8: The specification has six top-level IoE application areas.
  ok   #11 L8.content_html [MEDIUM] F8: Corrects the stated count.
  ok   #12 L8.flashcard_questions[4].q [MEDIUM] F8: Corrects the flashcard prompt’s count.
  ok   #13 L8.practice_questions[0].marks [HIGH] F9: Supplies a unique correct answer and pillar distractors.
  PATCH L8: content_html, conclusion_html, flashcard_questions, practice_questions
  ok   #14 L10.content_html [MEDIUM] F10: ChromeOS also supports installed Android and Linux applications.
  ok   #15 L10.content_html [MEDIUM] F10: Removes the false browser-only description.
  ok   #16 L10.practice_questions[0].text [MEDIUM] F10: Corrects the ChromeOS practice-question premise.
  ok   #17 L10.knowledge_checks[4].right[2] [MEDIUM] F10: Corrects the matching-answer description.
  ok   #18 L10.flashcard_questions[8].q [MEDIUM] F10: Removes the false premise from the flashcard question.
  ok   #19 L10.flashcard_questions[8].a [MEDIUM] F10: Corrects the flashcard answer.
  ok   #20 L10.glossary_terms[5].definition [MEDIUM] F10: Corrects the ChromeOS glossary definition.
  ok   #21 L10.content_html [MEDIUM] F11: Some regions permit alternative iOS app distribution.
  ok   #22 L10.content_html [MEDIUM] F11: Removes the false universal App Store requirement.
  ok   #23 L10.practice_questions[1].marks [MEDIUM] F11: Corrects the practice-answer wording.
  ok   #24 L10.knowledge_checks[3].q [MEDIUM] F11: Removes the false universal installation claim.
  ok   #25 L10.flashcard_questions[2].a [MEDIUM] F11: Corrects iOS distribution rules.
  ok   #26 L10.glossary_terms[6].definition [MEDIUM] F11: Corrects the iOS glossary definition.
  ok   #27 L10.content_html [MEDIUM] F12: Android navigation can use a bottom bar, rail or drawer.
  ok   #28 L10.glossary_terms[4].definition [HIGH] F13: Linux was not derived from Unix source code.
  ok   #29 L10.flashcard_questions[6].q [HIGH] F13: Removes the false claim that Linux derives from Unix.
  PATCH L10: content_html, practice_questions, knowledge_checks, flashcard_questions, glossary_terms
  ok   #30 L12.content_html [MEDIUM] F16: Touchscreen devices can support a mouse and pointer.
  ok   #31 L12.flashcard_questions[7].q [MEDIUM] F16: Removes the false claim that a tablet cannot use a mouse.
  ok   #32 L12.flashcard_questions[7].a [MEDIUM] F16: Corrects the flashcard answer.
  ok   #33 L12.content_html [LOW] F17: A keyboard can be used one-handed or with assistive input.
  PATCH L12: content_html, flashcard_questions
=== 34 applied, 0 skipped, 6 lessons / 17 fields changed
