
=== RE-NARRATION (changed narrated text only) ===
backup: C:\Users\tshau\Documents\Study Vault\scripts\_retrofc\units\it-ocr__it-in-the-digital-world\_backup.json
unit:   it-ocr / it-in-the-digital-world
run: 2026-09-04T11:29:59Z  mode: LIVE

6 lessons, 12 clips to regenerate

  L02 (Ada)  Human Computer Interface (HCI) in Everyday Life
      n17: Scenario questions on HCI often describe a specific context (e.g. “a supermarket self-checkout”) and ask you t
             -> 406 KB, 34.6s, uploaded
      manifest updated (21 entries)
  L03 (Ollie)  Information, Data Types & Validation
      n13: There are nine named validation tools. A data type check ensures the entry matches the expected data type (e.g
             -> 310 KB, 26.5s, uploaded
      manifest updated (22 entries)
  L06 (Ada)  Prevention Measures & IT Legislation
      n12: The Computer Misuse Act makes unauthorised access to computer systems and unauthorised acts intended to impair
             -> 252 KB, 21.5s, uploaded
      n16: The Health and Safety at Work Act requires employers to provide a safe working environment. In IT contexts, em
             -> 206 KB, 17.6s, uploaded
      manifest updated (22 entries)
  L08 (Ada)  The Internet of Everything (IoE)
      n6: The internet provides network connections for IoE devices. The World Wide Web (WWW) can provide web-based inte
             -> 192 KB, 16.4s, uploaded
      n16: Key Fact . The six application areas are: energy management, health, manufacturing, military/emergency service
             -> 280 KB, 23.9s, uploaded
      n24: IoE extends IoT by connecting four pillars: people, process, data and things. It is the intelligent interactio
             -> 224 KB, 19.1s, uploaded
      manifest updated (26 entries)
  L10 (Ada)  Operating Systems and Digital Platforms
      n9: Chrome OS is Google’s operating system for Chromebook devices, popular in schools. It supports web apps and, o
             -> 209 KB, 17.9s, uploaded
      n12: Apple iOS has a tightly controlled app ecosystem. App Store apps must pass Apple’s review process, although so
             -> 395 KB, 33.7s, uploaded
      n15: Designing against platform conventions can produce poor HCI. Navigation should use a pattern suited to the app
             -> 260 KB, 22.2s, uploaded
      manifest updated (25 entries)
  L12 (Ada)  User Interaction Methods and Digital Interactivity
      n5: Keyboard input is fast and accurate for text entry and commands. Touch-typists can enter text much faster than
             -> 397 KB, 33.9s, uploaded
      n6: Mouse input offers high precision — a skilled user can click tiny interface elements accurately, making it ide
             -> 297 KB, 25.3s, uploaded
      manifest updated (22 entries)

Regenerated 12 clips.

=== VERIFY (ranged GET + freshness) ===
  206  L02 n17  bytes 0-3/415296  Last-Modified: Fri, 04 Sep 2026 11:30:07 GMT  mp3-sync=OK
  206  L03 n13  bytes 0-3/317664  Last-Modified: Fri, 04 Sep 2026 11:30:12 GMT  mp3-sync=OK
  206  L06 n12  bytes 0-3/258336  Last-Modified: Fri, 04 Sep 2026 11:30:16 GMT  mp3-sync=OK
  206  L06 n16  bytes 0-3/211104  Last-Modified: Fri, 04 Sep 2026 11:30:19 GMT  mp3-sync=OK
  206  L08 n6  bytes 0-3/196704  Last-Modified: Fri, 04 Sep 2026 11:30:22 GMT  mp3-sync=OK
  206  L08 n16  bytes 0-3/287136  Last-Modified: Fri, 04 Sep 2026 11:30:27 GMT  mp3-sync=OK
  206  L08 n24  bytes 0-3/228960  Last-Modified: Fri, 04 Sep 2026 11:30:31 GMT  mp3-sync=OK
  206  L10 n9  bytes 0-3/214272  Last-Modified: Fri, 04 Sep 2026 11:30:35 GMT  mp3-sync=OK
  206  L10 n12  bytes 0-3/404064  Last-Modified: Fri, 04 Sep 2026 11:30:40 GMT  mp3-sync=OK
  206  L10 n15  bytes 0-3/266400  Last-Modified: Fri, 04 Sep 2026 11:30:44 GMT  mp3-sync=OK
  206  L12 n5  bytes 0-3/406656  Last-Modified: Fri, 04 Sep 2026 11:30:50 GMT  mp3-sync=OK
  206  L12 n6  bytes 0-3/303840  Last-Modified: Fri, 04 Sep 2026 11:30:55 GMT  mp3-sync=OK

12/12 clips verified HTTP 200/206 with fresh audio.
