=== APPLY EDITS english-literature-aqa/worlds-and-lives  280 edits  LIVE  2026-09-02T01:27:11.587Z
  ok   #0 L1.description [HIGH] F1: “Homing” is by Liz Berry, not Fiona Benson.
  ok   #1 L1.content_html [HIGH] F1: poet name; Berry’s poem is about accent, not landscape.
  ok   #2 L1.content_html [MEDIUM] F2: “since childhood” is not in the poem; the text says “I’ve watched thee every hour”.
  ok   #3 L1.content_html [HIGH] F3: “thy sunny youth” does not appear in Brontë’s poem.
  ok   #4 L1.content_html [HIGH] F1: poet name.
  ok   #5 L1.content_html [HIGH] F4: the fabricated reading of “Homing” replaced with the real subject.
  ok   #6 L1.content_html [HIGH] F4: real imagery from the poem.
  ok   #7 L1.content_html [HIGH] F4: poet name and real technique.
  ok   #8 L1.content_html [HIGH] F4.
  ok   #9 L1.content_html [HIGH] F4.
  ok   #10 L1.content_html [HIGH] F4: revision tip.
  ok   #11 L1.content_html [HIGH] F4.
  ok   #12 L1.content_html [HIGH] F4.
  ok   #13 L1.practice_questions[2].text [HIGH] F1: poet name and an accurate task.
  ok   #14 L1.practice_questions[2].marks [HIGH] F1/F4.
  ok   #15 L1.practice_questions[3].text [HIGH] F1/F4.
  ok   #16 L1.practice_questions[3].marks [HIGH] F4.
  ok   #17 L1.practice_questions[4].marks [HIGH] F3: fabricated quotation in a mark scheme.
  ok   #18 L1.practice_questions[5].marks [HIGH] F1/F4.
  ok   #19 L1.knowledge_checks[3].q [HIGH] F1/F4.
  ok   #20 L1.knowledge_checks[4].left[2] [HIGH] F1.
  ok   #21 L1.knowledge_checks[4].right[2] [HIGH] F4.
  ok   #22 L1.flashcard_questions[4].a [MEDIUM] F20: quotation truncated and repunctuated.
  ok   #23 L1.flashcard_questions[8].q [HIGH] F3.
  ok   #24 L1.flashcard_questions[8].a [HIGH] F3.
  ok   #25 L1.flashcard_questions[9].q [HIGH] F1.
  ok   #26 L1.flashcard_questions[10].q [HIGH] F1.
  ok   #27 L1.flashcard_questions[10].a [HIGH] F4.
  ok   #28 L1.flashcard_questions[13].q [HIGH] F1.
  ok   #29 L1.flashcard_questions[13].a [HIGH] F4.
  PATCH L1: description, content_html, practice_questions, knowledge_checks, flashcard_questions
  ok   #30 L2.description [HIGH] F5/F6: “Name Journeys” is by Raman Mundair; “Like an Heiress” is by Grace Nichols.
  ok   #31 L2.content_html [HIGH] F5/F6: poet names. Sumia Jaama has no poem in this cluster.
  ok   #32 L2.content_html [HIGH] F5: poet name.
  ok   #33 L2.content_html [HIGH] F5: the fabricated reading replaced with the real subject.
  ok   #34 L2.content_html [HIGH] F5.
  ok   #35 L2.content_html [HIGH] F5.
  ok   #36 L2.content_html [HIGH] F5: revision tip.
  ok   #37 L2.content_html [HIGH] F5.
  ok   #38 L2.content_html [HIGH] F5: onomatopoeia is not a feature of this poem; the ghazal is.
  ok   #39 L2.content_html [HIGH] F5.
  ok   #40 L2.content_html [HIGH] F7: the poem is about industrial Leeds and an ancestor, not “dual heritage as advantage”.
  ok   #41 L2.content_html [HIGH] F7.
  ok   #42 L2.content_html [HIGH] F7.
  ok   #43 L2.content_html [HIGH] F7: revision tip.
  ok   #44 L2.content_html [MEDIUM] F7: section label.
  ok   #45 L2.content_html [HIGH] F7.
  ok   #46 L2.content_html [HIGH] F7.
  ok   #47 L2.content_html [HIGH] F6: poet name.
  ok   #48 L2.content_html [HIGH] F6: the fabricated reading replaced with the real subject.
  ok   #49 L2.content_html [HIGH] F6.
  ok   #50 L2.content_html [HIGH] F6.
  ok   #51 L2.content_html [HIGH] F6.
  ok   #52 L2.content_html [HIGH] F5/F6/F7.
  ok   #53 L2.content_html [HIGH] F5/F6/F7.
  ok   #54 L2.content_html [HIGH] F5/F6/F7.
  ok   #55 L2.practice_questions[0].text [HIGH] F5.
  ok   #56 L2.practice_questions[0].marks [HIGH] F5.
  ok   #57 L2.practice_questions[1].text [HIGH] F7.
  ok   #58 L2.practice_questions[1].marks [HIGH] F7.
  ok   #59 L2.practice_questions[2].text [HIGH] F5/F6.
  ok   #60 L2.practice_questions[2].marks [HIGH] F5/F6.
  ok   #61 L2.practice_questions[3].text [HIGH] F6.
  ok   #62 L2.practice_questions[3].marks [HIGH] F6.
  ok   #63 L2.practice_questions[4].text [HIGH] F5.
  ok   #64 L2.practice_questions[4].marks [HIGH] F5.
  ok   #65 L2.knowledge_checks[0].q [HIGH] F5.
  ok   #66 L2.knowledge_checks[0].options[0] [HIGH] F5.
  ok   #67 L2.knowledge_checks[0].options[1] [HIGH] F5.
  ok   #68 L2.knowledge_checks[1].q [HIGH] F7.
  ok   #69 L2.knowledge_checks[1].options[0] [HIGH] F7.
  ok   #70 L2.knowledge_checks[1].options[1] [HIGH] F7.
  ok   #71 L2.knowledge_checks[1].options[2] [HIGH] F7.
  ok   #72 L2.knowledge_checks[1].options[3] [HIGH] F7.
  ok   #73 L2.knowledge_checks[2].q [HIGH] F6.
  ok   #74 L2.knowledge_checks[4].left[0] [HIGH] F5.
  ok   #75 L2.knowledge_checks[4].left[2] [HIGH] F6.
  ok   #76 L2.knowledge_checks[4].right[0] [HIGH] F5.
  ok   #77 L2.knowledge_checks[4].right[1] [HIGH] F7.
  ok   #78 L2.knowledge_checks[4].right[2] [HIGH] F6.
  ok   #79 L2.flashcard_questions[0].a [HIGH] F5.
  ok   #80 L2.flashcard_questions[2].q [HIGH] F5.
  ok   #81 L2.flashcard_questions[2].a [HIGH] F5.
  ok   #82 L2.flashcard_questions[3].q [HIGH] F5.
  ok   #83 L2.flashcard_questions[3].a [HIGH] F5.
  ok   #84 L2.flashcard_questions[4].q [HIGH] F5.
  ok   #85 L2.flashcard_questions[4].a [HIGH] F5.
  ok   #86 L2.flashcard_questions[5].q [HIGH] F5.
  ok   #87 L2.flashcard_questions[5].a [HIGH] F5.
  ok   #88 L2.flashcard_questions[8].q [HIGH] F7.
  ok   #89 L2.flashcard_questions[8].a [HIGH] F7.
  ok   #90 L2.flashcard_questions[9].a [HIGH] F6.
  ok   #91 L2.flashcard_questions[10].q [HIGH] F6.
  ok   #92 L2.flashcard_questions[10].a [HIGH] F6.
  ok   #93 L2.flashcard_questions[11].a [HIGH] F6.
  ok   #94 L2.flashcard_questions[12].q [HIGH] F5.
  ok   #95 L2.flashcard_questions[12].a [HIGH] F5.
  ok   #96 L2.flashcard_questions[14].q [HIGH] F5/F6.
  ok   #97 L2.glossary_terms[3].term [HIGH] F5: onomatopoeia is not used in this poem.
  ok   #98 L2.glossary_terms[3].definition [HIGH] F5.
  PATCH L2: description, content_html, practice_questions, knowledge_checks, flashcard_questions, glossary_terms
  ok   #99 L3.description [HIGH] F8: “A Century Later” is by Imtiaz Dharker, not Arundhathi Subramaniam.
  ok   #100 L3.content_html [HIGH] F8/F9: poet name and framing.
  ok   #101 L3.content_html [HIGH] F9: the poem is a friendly conversation, not a silent snub.
  ok   #102 L3.content_html [HIGH] F9.
  ok   #103 L3.content_html [HIGH] F9.
  ok   #104 L3.content_html [HIGH] F9.
  ok   #105 L3.content_html [HIGH] F9.
  ok   #106 L3.content_html [MEDIUM] F9.
  ok   #107 L3.content_html [MEDIUM] F10: food/music/storytelling are not in Robinson’s poem.
  ok   #108 L3.content_html [MEDIUM] F10: real imagery from the poem.
  ok   #109 L3.content_html [HIGH] F8: poet name.
  ok   #110 L3.content_html [HIGH] F8: the fabricated reading replaced with the real subject.
  ok   #111 L3.content_html [HIGH] F8.
  ok   #112 L3.content_html [HIGH] F8.
  ok   #113 L3.content_html [HIGH] F8/F9.
  ok   #114 L3.content_html [MEDIUM] F8: revision tip.
  ok   #115 L3.content_html [HIGH] F8/F9.
  ok   #116 L3.content_html [HIGH] F8/F9: revision tip.
  ok   #117 L3.content_html [HIGH] F8/F9.
  ok   #118 L3.content_html [HIGH] F8/F9.
  ok   #119 L3.practice_questions[0].marks [HIGH] F9.
  ok   #120 L3.practice_questions[1].marks [MEDIUM] F10.
  ok   #121 L3.practice_questions[2].marks [HIGH] F9.
  ok   #122 L3.practice_questions[3].text [HIGH] F8.
  ok   #123 L3.practice_questions[3].marks [HIGH] F8.
  ok   #124 L3.practice_questions[4].text [HIGH] F9.
  ok   #125 L3.practice_questions[4].marks [HIGH] F9.
  ok   #126 L3.practice_questions[5].marks [HIGH] F8/F9.
  ok   #127 L3.knowledge_checks[3].q [HIGH] F8.
  ok   #128 L3.knowledge_checks[3].options[0] [HIGH] F8.
  ok   #129 L3.knowledge_checks[3].options[1] [HIGH] F8.
  ok   #130 L3.knowledge_checks[3].options[2] [HIGH] F8.
  ok   #131 L3.knowledge_checks[3].options[3] [HIGH] F8.
  ok   #132 L3.knowledge_checks[4].q [HIGH] F8.
  ok   #133 L3.knowledge_checks[4].left[2] [HIGH] F8.
  ok   #134 L3.knowledge_checks[4].right[0] [HIGH] F9.
  ok   #135 L3.knowledge_checks[4].right[2] [HIGH] F8.
  ok   #136 L3.flashcard_questions[3].a [HIGH] F9.
  ok   #137 L3.flashcard_questions[7].a [MEDIUM] F10.
  ok   #138 L3.flashcard_questions[9].a [HIGH] F8.
  ok   #139 L3.flashcard_questions[10].q [HIGH] F8.
  ok   #140 L3.flashcard_questions[10].a [HIGH] F8.
  ok   #141 L3.flashcard_questions[11].a [HIGH] F9.
  ok   #142 L3.flashcard_questions[12].q [HIGH] F8.
  ok   #143 L3.flashcard_questions[12].a [HIGH] F8.
  ok   #144 L3.flashcard_questions[13].a [HIGH] F8/F9.
  ok   #145 L3.glossary_terms[5].term [HIGH] F8.
  ok   #146 L3.glossary_terms[5].definition [HIGH] F8.
  PATCH L3: description, content_html, practice_questions, knowledge_checks, flashcard_questions, glossary_terms
  ok   #147 L4.description [HIGH] F11: “The Jewellery Maker” is by Louisa Adjoa Parker, not Patience Agbabi.
  ok   #148 L4.content_html [HIGH] F11: poet name.
  ok   #149 L4.content_html [HIGH] F11: poet name.
  ok   #150 L4.content_html [HIGH] F11: the fabricated reading replaced with the real subject.
  ok   #151 L4.content_html [HIGH] F11.
  ok   #152 L4.content_html [HIGH] F11: revision tip.
  ok   #153 L4.content_html [HIGH] F11.
  ok   #154 L4.content_html [HIGH] F11.
  ok   #155 L4.content_html [HIGH] F11.
  ok   #156 L4.content_html [HIGH] F12: the poem is about a police stop and racial profiling.
  ok   #157 L4.content_html [HIGH] F12/F13: North Peckham is in south London, not North London.
  ok   #158 L4.content_html [HIGH] F13: North Peckham is in south London.
  ok   #159 L4.content_html [HIGH] F12: revision tip.
  ok   #160 L4.content_html [HIGH] F14: the phrase comes from a stranger’s grandfather, not the speaker’s relative.
  ok   #161 L4.content_html [HIGH] F14.
  ok   #162 L4.content_html [HIGH] F11/F12: revision tip.
  ok   #163 L4.content_html [HIGH] F14: no dead loved one appears in the poem.
  ok   #164 L4.content_html [MEDIUM] F14.
  ok   #165 L4.content_html [HIGH] F11/F12/F14.
  ok   #166 L4.content_html [HIGH] F11/F12/F14.
  ok   #167 L4.content_html [HIGH] F11/F12/F14.
  ok   #168 L4.content_html [HIGH] F11/F12/F14: revision tip.
  ok   #169 L4.practice_questions[0].text [HIGH] F11.
  ok   #170 L4.practice_questions[0].marks [HIGH] F11.
  ok   #171 L4.practice_questions[1].marks [HIGH] F12.
  ok   #172 L4.practice_questions[2].text [HIGH] F11/F14.
  ok   #173 L4.practice_questions[2].marks [HIGH] F11/F14.
  ok   #174 L4.practice_questions[3].marks [HIGH] F14.
  ok   #175 L4.practice_questions[4].marks [HIGH] F12.
  ok   #176 L4.practice_questions[5].marks [HIGH] F11/F12/F14.
  ok   #177 L4.knowledge_checks[0].q [HIGH] F11.
  ok   #178 L4.knowledge_checks[0].options[0] [HIGH] F11.
  ok   #179 L4.knowledge_checks[0].options[1] [HIGH] F11.
  ok   #180 L4.knowledge_checks[0].options[2] [HIGH] F11.
  ok   #181 L4.knowledge_checks[0].options[3] [HIGH] F11.
  ok   #182 L4.knowledge_checks[2].q [HIGH] F12.
  ok   #183 L4.knowledge_checks[4].left[0] [HIGH] F11.
  ok   #184 L4.knowledge_checks[4].right[0] [HIGH] F11.
  ok   #185 L4.knowledge_checks[4].right[1] [HIGH] F12.
  ok   #186 L4.knowledge_checks[4].right[2] [HIGH] F14.
  ok   #187 L4.flashcard_questions[0].a [HIGH] F11.
  ok   #188 L4.flashcard_questions[1].q [HIGH] F11.
  ok   #189 L4.flashcard_questions[1].a [HIGH] F11.
  ok   #190 L4.flashcard_questions[2].q [HIGH] F11.
  ok   #191 L4.flashcard_questions[2].a [HIGH] F11.
  ok   #192 L4.flashcard_questions[5].a [HIGH] F13.
  ok   #193 L4.flashcard_questions[6].a [HIGH] F12.
  ok   #194 L4.flashcard_questions[9].a [HIGH] F14.
  ok   #195 L4.flashcard_questions[12].a [HIGH] F11/F12/F14.
  PATCH L4: description, content_html, practice_questions, knowledge_checks, flashcard_questions
  ok   #196 L5.description [HIGH] F15: “pot” is by shamshad khan, not Imtiaz Dharker.
  ok   #197 L5.content_html [HIGH] F15: poet name and subject.
  ok   #198 L5.content_html [LOW] F16: Shelley went into voluntary exile; he was not banished.
  ok   #199 L5.content_html [HIGH] F17: “dark as funeral trains” is not in the poem.
  ok   #200 L5.content_html [HIGH] F15: poet name; AQA prints the title and the poet’s name in lower case.
  ok   #201 L5.content_html [HIGH] F15: the fabricated reading replaced with the real subject.
  ok   #202 L5.content_html [HIGH] F15.
  ok   #203 L5.content_html [HIGH] F15.
  ok   #204 L5.content_html [HIGH] F15.
  ok   #205 L5.content_html [HIGH] F15.
  ok   #206 L5.content_html [HIGH] F15.
  ok   #207 L5.content_html [HIGH] F15: revision tip.
  ok   #208 L5.content_html [HIGH] F15.
  ok   #209 L5.practice_questions[2].text [HIGH] F15.
  ok   #210 L5.practice_questions[2].marks [HIGH] F15.
  ok   #211 L5.practice_questions[3].text [HIGH] F15.
  ok   #212 L5.practice_questions[3].marks [HIGH] F15.
  ok   #213 L5.knowledge_checks[3].q [HIGH] F15.
  ok   #214 L5.knowledge_checks[4].left[2] [HIGH] F15.
  ok   #215 L5.knowledge_checks[4].right[2] [HIGH] F15.
  ok   #216 L5.flashcard_questions[9].q [HIGH] F17.
  ok   #217 L5.flashcard_questions[9].a [HIGH] F17: fabricated quotation.
  ok   #218 L5.flashcard_questions[11].q [HIGH] F15.
  ok   #219 L5.flashcard_questions[11].a [HIGH] F15.
  ok   #220 L5.flashcard_questions[12].q [HIGH] F15.
  ok   #221 L5.flashcard_questions[12].a [HIGH] F15.
  ok   #222 L5.flashcard_questions[13].a [HIGH] F15.
  PATCH L5: description, content_html, practice_questions, knowledge_checks, flashcard_questions
  ok   #223 L6.content_html [HIGH] F18: poet names corrected across the toolkit lesson.
  ok   #224 L6.content_html [HIGH] F18: revision tip.
  ok   #225 L6.content_html [HIGH] F18.
  ok   #226 L6.content_html [HIGH] F18.
  ok   #227 L6.content_html [HIGH] F18: revision tip.
  ok   #228 L6.content_html [HIGH] F18.
  ok   #229 L6.content_html [HIGH] F18.
  ok   #230 L6.content_html [MEDIUM] F18.
  ok   #231 L6.content_html [HIGH] F18.
  ok   #232 L6.practice_questions[0].marks [HIGH] F18.
  ok   #233 L6.practice_questions[2].marks [HIGH] F18.
  ok   #234 L6.knowledge_checks[4].right[2] [HIGH] F18.
  ok   #235 L6.flashcard_questions[8].q [HIGH] F18.
  ok   #236 L6.flashcard_questions[8].a [HIGH] F18.
  ok   #237 L6.flashcard_questions[9].q [HIGH] F21: 'Russell' is an invented name; no such critic appears in the lesson.
  ok   #238 L6.flashcard_questions[11].q [HIGH] F22: 'From Lucy: Englan' Lady' is a different James Berry poem and is not in this cluster.
  ok   #239 L6.flashcard_questions[11].a [HIGH] F22.
  ok   #240 L6.flashcard_questions[12].q [HIGH] F18.
  ok   #241 L6.flashcard_questions[12].a [HIGH] F18.
  PATCH L6: content_html, practice_questions, knowledge_checks, flashcard_questions
  ok   #242 L7.content_html [HIGH] F19: Sumia Jaama has no poem in this cluster.
  ok   #243 L7.content_html [MEDIUM] F9: Berry’s poem is not about exclusion.
  ok   #244 L7.practice_questions[1].marks [MEDIUM] F9.
  ok   #245 L7.practice_questions[4].text [HIGH] F19.
  ok   #246 L7.practice_questions[4].marks [HIGH] F19.
  ok   #247 L7.knowledge_checks[4].left[2] [HIGH] F19.
  ok   #248 L7.knowledge_checks[4].right[1] [MEDIUM] F9.
  PATCH L7: content_html, practice_questions, knowledge_checks
  ok   #249 L8.content_html [MEDIUM] F20: the quotation was truncated and given a question mark that is not in the text.
  ok   #250 L8.content_html [HIGH] F3: “thy sunny youth” is not in the poem.
  ok   #251 L8.content_html [HIGH] F1.
  ok   #252 L8.content_html [HIGH] F1.
  ok   #253 L8.content_html [HIGH] F5.
  ok   #254 L8.content_html [HIGH] F7.
  ok   #255 L8.content_html [HIGH] F6.
  ok   #256 L8.content_html [HIGH] F9.
  ok   #257 L8.content_html [MEDIUM] F10.
  ok   #258 L8.content_html [HIGH] F8.
  ok   #259 L8.content_html [HIGH] F11/F12: revision tip.
  ok   #260 L8.content_html [HIGH] F11.
  ok   #261 L8.content_html [HIGH] F12.
  ok   #262 L8.content_html [HIGH] F14.
  ok   #263 L8.content_html [HIGH] F17/F15: revision tip.
  ok   #264 L8.content_html [HIGH] F17: fabricated quotation.
  ok   #265 L8.content_html [HIGH] F15.
  ok   #266 L8.practice_questions[2].text [HIGH] F1.
  ok   #267 L8.practice_questions[2].marks [HIGH] F1/F4.
  ok   #268 L8.practice_questions[4].text [HIGH] F11/F15.
  ok   #269 L8.practice_questions[4].marks [HIGH] F11/F15.
  ok   #270 L8.practice_questions[5].marks [HIGH] F5/F8.
  ok   #271 L8.flashcard_questions[1].a [MEDIUM] F20.
  ok   #272 L8.flashcard_questions[2].q [HIGH] F3.
  ok   #273 L8.flashcard_questions[2].a [HIGH] F3.
  ok   #274 L8.flashcard_questions[3].q [HIGH] F1.
  ok   #275 L8.flashcard_questions[3].a [HIGH] F4.
  ok   #276 L8.flashcard_questions[6].q [HIGH] F17.
  ok   #277 L8.flashcard_questions[6].a [HIGH] F17: fabricated quotation.
  ok   #278 L8.flashcard_questions[7].q [HIGH] F15.
  ok   #279 L8.flashcard_questions[7].a [HIGH] F15.
  PATCH L8: content_html, practice_questions, flashcard_questions
=== 280 applied, 0 skipped, 8 lessons / 37 fields changed
