
=== RE-NARRATION (changed narrated text only) ===
backup: C:\Users\tshau\Documents\Study Vault\scripts\_retrofc\units\english-literature-aqa__worlds-and-lives\_backup.json
unit:   english-literature-aqa / worlds-and-lives
run: 2026-09-02T01:27:15Z  mode: LIVE

8 lessons, 96 clips to regenerate

  L01 (Ollie)  Nature, Place & Belonging
      n2: This lesson explores three poems that use the natural world to examine ideas about belonging, spiritual connec
             -> 226 KB, 19.3s, uploaded
      n10: In this poem, nature itself speaks directly to the human subject, asking whether it has lost the power to insp
             -> 202 KB, 17.2s, uploaded
      n11: Brontë reverses the typical Romantic dynamic: instead of the poet celebrating nature, nature addresses the poe
             -> 223 KB, 19.1s, uploaded
      n14: Liz Berry — “Homing”
             -> 26 KB, 2.2s, uploaded
      n15: Berry’s poem is addressed to a dead relative who was taught to hide her Black Country accent. The title sugges
             -> 150 KB, 12.8s, uploaded
      n16: Berry opens with an extended metaphor: the relative “kept your accent / in a box beneath the bed”, the lock “r
             -> 220 KB, 18.8s, uploaded
      n17: Key techniques: Berry uses sensory imagery , dialect words such as “bibble” and “fittle”, and enjambment that 
             -> 113 KB, 9.7s, uploaded
      n18: Key Fact . All three poems present nature as emotionally significant, but their approaches differ: Wordsworth 
             -> 191 KB, 16.3s, uploaded
      n20: These three poems span over two centuries but share a conviction that the natural world matters to human wellb
             -> 270 KB, 23.0s, uploaded
      n21: For Wordsworth, belonging means being in harmony with a moral universe — nature teaches us how to live. For Br
             -> 222 KB, 19.0s, uploaded
      n22: A useful comparison point: all three poets present disconnection as a form of loss. Wordsworth laments humanit
             -> 218 KB, 18.6s, uploaded
      manifest updated (22 entries)
  L02 (Ada)  Identity & Heritage
      n2: These three poems explore how identity is shaped by names, cultural inheritance, and the experience of navigat
             -> 243 KB, 20.7s, uploaded
      n3: Raman Mundair — “Name Journeys”
             -> 32 KB, 2.7s, uploaded
      n4: Mundair, born in India and brought to the UK as a child, explores how one name carries a history of migration 
             -> 222 KB, 19.0s, uploaded
      n5: The title suggests movement: a name travels, changes and gathers meaning. Mundair presents naming as a politic
             -> 206 KB, 17.5s, uploaded
      n6: Key Fact . Mundair uses her own name as a metaphor for a migrant life. The name carries a heritage that Englis
             -> 207 KB, 17.7s, uploaded
      n7: Key techniques: Mundair writes in couplets, a loose version of the ghazal , then breaks its rules with free ve
             -> 144 KB, 12.3s, uploaded
      n8: Context: Mundair was born in India and grew up in Manchester. She is disabled, neurodivergent and queer, and h
             -> 151 KB, 12.9s, uploaded
      n10: Seneviratne, of Sri Lankan and English heritage, was born and raised in Leeds, where the poem is set. She imag
             -> 197 KB, 16.9s, uploaded
      n11: The title comes from the poem: after “twelve hours combing flax” in the mill, “he craved the comfort of a wide
             -> 222 KB, 18.9s, uploaded
      n12: The last two stanzas move to Leeds “today”. The “Dark Arches”, finished in 1869, link the two times, and “the 
             -> 206 KB, 17.6s, uploaded
      n13: Key techniques: Seneviratne uses free verse, enjambment and alliteration, and a measured, reflective tone. The
             -> 158 KB, 13.4s, uploaded
      n14: Grace Nichols — “Like an Heiress”
             -> 32 KB, 2.8s, uploaded
      n15: Nichols was born in Guyana in 1950 and moved to Britain in 1977; her work draws on Caribbean Creole and oral s
             -> 245 KB, 20.9s, uploaded
      n16: Then “But” turns the poem. The sea throws back “a lone / wave of rubbish” — “car tyres, plastic bottles, styro
             -> 205 KB, 17.5s, uploaded
      n17: Key techniques: Nichols uses simile (the title itself is a simile), personification of the ocean’s “moodswings
             -> 163 KB, 13.9s, uploaded
      n18: Key Fact . All three poets present heritage as living, not fixed: Mundair shows a name reshaped by migration; 
             -> 217 KB, 18.5s, uploaded
      n20: These poems share a concern with how identity is formed at the intersection of different cultures, but they ap
             -> 246 KB, 21.0s, uploaded
      n21: All three poems hold pride and loss together. Mundair’s pride in her name is shadowed by the English mouths th
             -> 241 KB, 20.6s, uploaded
      manifest updated (22 entries)
  L03 (Ollie)  Migration & Displacement
      n2: These three poems explore what it takes to hold on to yourself in a place that does not always welcome you. Ja
             -> 190 KB, 16.2s, uploaded
      n4: Berry (1924–2017) arrived in England from Jamaica in 1948 as part of the Windrush generation . This poem captu
             -> 272 KB, 23.2s, uploaded
      n5: The woman is a Quaker who has been “moved in silence / to speak”, and she talks warmly of “racial brotherhood”
             -> 204 KB, 17.4s, uploaded
      n6: Key Fact . Berry’s poem is set in 1955, seven years after Windrush. The carriage holds connection and distance
             -> 202 KB, 17.3s, uploaded
      n7: Key techniques: Berry uses documentary precision , free verse and everyday, unmetaphorical language, and four 
             -> 204 KB, 17.4s, uploaded
      n8: Context: Berry was one of the first Caribbean-British poets to gain mainstream recognition. He documented the 
             -> 156 KB, 13.3s, uploaded
      n10: Robinson, born in London to Trinidadian parents, explores how migrants carry their homeland within themselves.
             -> 220 KB, 18.8s, uploaded
      n12: Robinson builds “paradise” from “white sands, green hills and fresh fish”, and from imperatives — “trace”, “sm
             -> 192 KB, 16.4s, uploaded
      n14: Imtiaz Dharker — “A Century Later”
             -> 36 KB, 3.1s, uploaded
      n15: Dharker was born in Pakistan, brought up in Scotland, and has lived in England, Wales and India. “A Century La
             -> 205 KB, 17.5s, uploaded
      n16: The girl in the poem can be Malala Yousafzai, shot in the head in 2012 at the age of fifteen, or any girl kept
             -> 168 KB, 14.3s, uploaded
      n17: Key techniques: Dharker uses war imagery in a peaceful setting, enjambment across a stanza break, and free ver
             -> 166 KB, 14.2s, uploaded
      n18: Key Fact . Berry shows a stranger’s kindness crossing a racial line; Robinson shows home as something you carr
             -> 182 KB, 15.5s, uploaded
      n20: All three poems ask what it costs to belong. Berry finds warmth and a careless question inside the same conver
             -> 192 KB, 16.3s, uploaded
      n21: Berry records a real conversation: warmth and an unthinking question in the same four stanzas. His tone is pla
             -> 290 KB, 24.7s, uploaded
      n22: These responses span the experience of being made an outsider: the awkwardness of arrival (Berry), the resilie
             -> 185 KB, 15.8s, uploaded
      manifest updated (22 entries)
  L04 (Ada)  Memory & Time
      n2: These three poems explore how memory shapes identity and how the passage of time transforms our relationship w
             -> 207 KB, 17.7s, uploaded
      n3: Louisa Adjoa Parker — “The Jewellery Maker”
             -> 42 KB, 3.6s, uploaded
      n4: Parker, a writer of English and Ghanaian heritage, draws a close portrait of a real craftsman. The poem is not
             -> 191 KB, 16.3s, uploaded
      n5: The first stanza builds his world through the senses — “a plate-blue sky”, “heat-baked stone”, “the slap of sa
             -> 237 KB, 20.2s, uploaded
      n6: Key Fact . The poem holds two lives side by side: the beautiful things the man makes, and the money he does no
             -> 208 KB, 17.8s, uploaded
      n7: Key techniques: Parker uses sensory imagery, simile and precise technical vocabulary from the workshop. The th
             -> 182 KB, 15.5s, uploaded
      n8: Context: Parker writes about people whose stories are usually left out. The poem never names the country, so t
             -> 147 KB, 12.5s, uploaded
      n10: Femi, a British-Nigerian poet and the first Young People’s Laureate for London, writes about being stopped by 
             -> 194 KB, 16.5s, uploaded
      n11: The title’s simplicity is deceptive: “Thirteen” is the age the speaker keeps repeating because nobody will bel
             -> 186 KB, 15.9s, uploaded
      n12: Femi’s poetry is rooted in the urban landscape of south London estates. He presents these spaces not as stereo
             -> 226 KB, 19.3s, uploaded
      n15: Antrobus, a d/Deaf poet of English and Jamaican heritage, explores connection and communication through the im
             -> 200 KB, 17.1s, uploaded
      n16: For Antrobus, whose deafness shapes his relationship with the world, birds are a form of communication that ru
             -> 198 KB, 16.9s, uploaded
      n17: Key Fact . The poem is built from connections: a stranger reading about trees in a coffeehouse, a forest heard
             -> 210 KB, 17.9s, uploaded
      n18: Key techniques: Antrobus uses aphorism (the title as a piece of inherited wisdom), couplets that mirror two th
             -> 190 KB, 16.2s, uploaded
      n20: All three poems explore how memory selects and preserves particular moments or images. Parker holds a whole li
             -> 213 KB, 18.2s, uploaded
      n21: Each poet has a different relationship with time. Parker shows a trade handed down “like his father before him
             -> 186 KB, 15.9s, uploaded
      n22: A useful comparison: all three poets are concerned with what survives. For Parker, a skill survives, passed fr
             -> 221 KB, 18.9s, uploaded
      manifest updated (22 entries)
  L05 (Ollie)  Power, Politics & Protest
      n2: These three poems use poetry as a vehicle for political critique, spanning from the Romantic era to the presen
             -> 255 KB, 21.7s, uploaded
      n8: Context: Shelley was a radical who believed in republican government and the overthrow of monarchy. He left En
             -> 206 KB, 17.6s, uploaded
      n11: Eliot watches the people below “hurry on & look upon the ground” and “glance unmarking at the passers by” — an
             -> 248 KB, 21.2s, uploaded
      n14: shamshad khan — “pot”
             -> 29 KB, 2.5s, uploaded
      n15: khan is a second-generation British Asian poet from Manchester. The poem was commissioned for the city’s museu
             -> 235 KB, 20.0s, uploaded
      n16: The poem asks how the pot got here. Lines 12–22 offer story after story — it was “bought”, it was “lost”, it “
             -> 209 KB, 17.8s, uploaded
      n17: Key Fact . khan’s “pot” is political without ever raising its voice. It argues for cultural repatriation — ret
             -> 253 KB, 21.6s, uploaded
      n18: Key techniques: khan uses an everyday object as a vehicle for complex ideas, anaphora and short single-line st
             -> 193 KB, 16.5s, uploaded
      n20: These three poems represent different modes of political poetry. Shelley is overtly revolutionary — naming spe
             -> 265 KB, 22.6s, uploaded
      n21: Each poet demonstrates a different strategy for political poetry. Shelley uses direct attack: naming the enemy
             -> 366 KB, 31.2s, uploaded
      n22: All three share a concern with confinement: Shelley’s England is trapped under corrupt rulers; Eliot’s speaker
             -> 162 KB, 13.8s, uploaded
      manifest updated (22 entries)
  L06 (Ada)  Form, Structure & Language
      n6: Free verse is used by many contemporary poets in the cluster (Mundair, Berry, Robinson, Femi, khan). The absen
             -> 301 KB, 25.7s, uploaded
      n9: Free verse (Mundair, Robinson, Berry, Femi): No fixed metre or rhyme. Line breaks, spacing, and rhythm are cho
             -> 197 KB, 16.8s, uploaded
      n14: Enjambment — when a sentence runs over the end of a line. Creates momentum, reflects overflow of thought or em
             -> 181 KB, 15.5s, uploaded
      n20: Imagery: Sensory language that creates pictures. Liz Berry uses tactile imagery of “vowels ferrous as nails”. 
             -> 217 KB, 18.6s, uploaded
      n21: Metaphor and simile: Nichols’s title is a simile (“Like an Heiress”). Liz Berry’s locked box is an extended me
             -> 152 KB, 13.0s, uploaded
      n22: Tone: The speaker’s attitude. James Berry’s plainness makes casual racism feel more chilling. Shelley’s fury c
             -> 194 KB, 16.5s, uploaded
      n23: Sound: Alliteration, assonance, sibilance, and rhythm create mood. Mundair uses the sound of her own name — “a
             -> 195 KB, 16.7s, uploaded
      manifest updated (27 entries)
  L07 (Ollie)  Comparison Skills
      n9: Mundair + Nichols — Both explore inheritance, but Mundair focuses on a name carried into England while Nichols
             -> 105 KB, 8.9s, uploaded
      n10: Berry + Robinson — Both write about the Caribbean-British experience, but Berry records one awkward, warm conv
             -> 112 KB, 9.5s, uploaded
      manifest updated (30 entries)
  L08 (Ada)  Exam Technique & Key Quotations
      n4: Wordsworth (“Lines Written in Early Spring”): “what man has made of man” — the refrain that captures humanity’
             -> 196 KB, 16.7s, uploaded
      n5: Brontë (“Shall earth no more inspire thee”): “I’ve watched thee every hour” — Earth insisting on a long, patie
             -> 164 KB, 14.0s, uploaded
      n6: Liz Berry (“Homing”): “you kept your accent / in a box beneath the bed” and “vowels ferrous as nails” convey t
             -> 166 KB, 14.2s, uploaded
      n9: Mundair (“Name Journeys”): “infertile English soil” and “a stumble / that filled English mouths” show what Eng
             -> 122 KB, 10.4s, uploaded
      n10: Seneviratne (“A Wider View”): “He craved the comfort of a wider view” — a mill worker’s horizon, and a long vi
             -> 91 KB, 7.8s, uploaded
      n11: Nichols (“Like an Heiress”): The title simile frames a Guyanese childhood as wealth; “a lone / wave of rubbish
             -> 91 KB, 7.7s, uploaded
      n13: Berry (“On an Afternoon Train…”): The title’s documentary precision (exact route, date) is itself a key quotat
             -> 148 KB, 12.6s, uploaded
      n14: Robinson (“A Portable Paradise”): The title is the poem’s central concept — paradise as something internal and
             -> 146 KB, 12.5s, uploaded
      n15: Dharker (“A Century Later”): “the school-bell is a call to battle” and “You cannot kill a book / or the buzzin
             -> 119 KB, 10.1s, uploaded
      n16: Parker (“The Jewellery Maker”): “sits straight-backed”, tools “neat as soldiers”, a wife’s jewellery “worn thi
             -> 114 KB, 9.7s, uploaded
      n17: Femi (“Thirteen”): Focus on “cornered”, “powerless – plump”, and the officer’s “little stars” and “supernovas”
             -> 109 KB, 9.3s, uploaded
      n18: Antrobus (“With Birds You’re Never Lonely”): The title is an inherited phrase, learned by a young Maori woman 
             -> 132 KB, 11.3s, uploaded
      n20: Eliot (“In a London Drawingroom”): “The world seems one huge prison-house & court” — the city as a place of ju
             -> 121 KB, 10.3s, uploaded
      n21: shamshad khan (“pot”): “you’re not really one of us”, and the wish to “shatter” the display glass. The pot as 
             -> 101 KB, 8.6s, uploaded
      manifest updated (30 entries)

Regenerated 96 clips.

=== VERIFY (ranged GET + freshness) ===
  206  L01 n2  bytes 0-3/231840  Last-Modified: Wed, 02 Sep 2026 01:27:22 GMT  mp3-sync=OK
  206  L01 n10  bytes 0-3/206784  Last-Modified: Wed, 02 Sep 2026 01:27:25 GMT  mp3-sync=OK
  206  L01 n11  bytes 0-3/228672  Last-Modified: Wed, 02 Sep 2026 01:27:29 GMT  mp3-sync=OK
  206  L01 n14  bytes 0-3/26496  Last-Modified: Wed, 02 Sep 2026 01:27:30 GMT  mp3-sync=OK
  206  L01 n15  bytes 0-3/153792  Last-Modified: Wed, 02 Sep 2026 01:27:32 GMT  mp3-sync=OK
  206  L01 n16  bytes 0-3/225792  Last-Modified: Wed, 02 Sep 2026 01:27:36 GMT  mp3-sync=OK
  206  L01 n17  bytes 0-3/116064  Last-Modified: Wed, 02 Sep 2026 01:27:38 GMT  mp3-sync=OK
  206  L01 n18  bytes 0-3/195552  Last-Modified: Wed, 02 Sep 2026 01:27:41 GMT  mp3-sync=OK
  206  L01 n20  bytes 0-3/276192  Last-Modified: Wed, 02 Sep 2026 01:27:45 GMT  mp3-sync=OK
  206  L01 n21  bytes 0-3/227808  Last-Modified: Wed, 02 Sep 2026 01:27:48 GMT  mp3-sync=OK
  206  L01 n22  bytes 0-3/222912  Last-Modified: Wed, 02 Sep 2026 01:27:52 GMT  mp3-sync=OK
  206  L02 n2  bytes 0-3/248544  Last-Modified: Wed, 02 Sep 2026 01:27:55 GMT  mp3-sync=OK
  206  L02 n3  bytes 0-3/32256  Last-Modified: Wed, 02 Sep 2026 01:27:56 GMT  mp3-sync=OK
  206  L02 n4  bytes 0-3/227808  Last-Modified: Wed, 02 Sep 2026 01:27:59 GMT  mp3-sync=OK
  206  L02 n5  bytes 0-3/210528  Last-Modified: Wed, 02 Sep 2026 01:28:02 GMT  mp3-sync=OK
  206  L02 n6  bytes 0-3/212256  Last-Modified: Wed, 02 Sep 2026 01:28:06 GMT  mp3-sync=OK
  206  L02 n7  bytes 0-3/147744  Last-Modified: Wed, 02 Sep 2026 01:28:08 GMT  mp3-sync=OK
  206  L02 n8  bytes 0-3/154368  Last-Modified: Wed, 02 Sep 2026 01:28:11 GMT  mp3-sync=OK
  206  L02 n10  bytes 0-3/202176  Last-Modified: Wed, 02 Sep 2026 01:28:14 GMT  mp3-sync=OK
  206  L02 n11  bytes 0-3/226944  Last-Modified: Wed, 02 Sep 2026 01:28:18 GMT  mp3-sync=OK
  206  L02 n12  bytes 0-3/211392  Last-Modified: Wed, 02 Sep 2026 01:28:21 GMT  mp3-sync=OK
  206  L02 n13  bytes 0-3/161280  Last-Modified: Wed, 02 Sep 2026 01:28:24 GMT  mp3-sync=OK
  206  L02 n14  bytes 0-3/33120  Last-Modified: Wed, 02 Sep 2026 01:28:25 GMT  mp3-sync=OK
  206  L02 n15  bytes 0-3/250848  Last-Modified: Wed, 02 Sep 2026 01:28:29 GMT  mp3-sync=OK
  206  L02 n16  bytes 0-3/209952  Last-Modified: Wed, 02 Sep 2026 01:28:32 GMT  mp3-sync=OK
  206  L02 n17  bytes 0-3/167328  Last-Modified: Wed, 02 Sep 2026 01:28:35 GMT  mp3-sync=OK
  206  L02 n18  bytes 0-3/222336  Last-Modified: Wed, 02 Sep 2026 01:28:38 GMT  mp3-sync=OK
  206  L02 n20  bytes 0-3/252288  Last-Modified: Wed, 02 Sep 2026 01:28:42 GMT  mp3-sync=OK
  206  L02 n21  bytes 0-3/247104  Last-Modified: Wed, 02 Sep 2026 01:28:47 GMT  mp3-sync=OK
  206  L03 n2  bytes 0-3/194112  Last-Modified: Wed, 02 Sep 2026 01:28:50 GMT  mp3-sync=OK
  206  L03 n4  bytes 0-3/278208  Last-Modified: Wed, 02 Sep 2026 01:28:54 GMT  mp3-sync=OK
  206  L03 n5  bytes 0-3/209088  Last-Modified: Wed, 02 Sep 2026 01:28:57 GMT  mp3-sync=OK
  206  L03 n6  bytes 0-3/207360  Last-Modified: Wed, 02 Sep 2026 01:29:00 GMT  mp3-sync=OK
  206  L03 n7  bytes 0-3/208800  Last-Modified: Wed, 02 Sep 2026 01:29:03 GMT  mp3-sync=OK
  206  L03 n8  bytes 0-3/159552  Last-Modified: Wed, 02 Sep 2026 01:29:06 GMT  mp3-sync=OK
  206  L03 n10  bytes 0-3/225792  Last-Modified: Wed, 02 Sep 2026 01:29:09 GMT  mp3-sync=OK
  206  L03 n12  bytes 0-3/196416  Last-Modified: Wed, 02 Sep 2026 01:29:12 GMT  mp3-sync=OK
  206  L03 n14  bytes 0-3/37152  Last-Modified: Wed, 02 Sep 2026 01:29:13 GMT  mp3-sync=OK
  206  L03 n15  bytes 0-3/210240  Last-Modified: Wed, 02 Sep 2026 01:29:16 GMT  mp3-sync=OK
  206  L03 n16  bytes 0-3/171648  Last-Modified: Wed, 02 Sep 2026 01:29:19 GMT  mp3-sync=OK
  206  L03 n17  bytes 0-3/169920  Last-Modified: Wed, 02 Sep 2026 01:29:22 GMT  mp3-sync=OK
  206  L03 n18  bytes 0-3/186336  Last-Modified: Wed, 02 Sep 2026 01:29:25 GMT  mp3-sync=OK
  206  L03 n20  bytes 0-3/196128  Last-Modified: Wed, 02 Sep 2026 01:29:28 GMT  mp3-sync=OK
  206  L03 n21  bytes 0-3/296640  Last-Modified: Wed, 02 Sep 2026 01:29:33 GMT  mp3-sync=OK
  206  L03 n22  bytes 0-3/189504  Last-Modified: Wed, 02 Sep 2026 01:29:37 GMT  mp3-sync=OK
  206  L04 n2  bytes 0-3/211968  Last-Modified: Wed, 02 Sep 2026 01:29:40 GMT  mp3-sync=OK
  206  L04 n3  bytes 0-3/43200  Last-Modified: Wed, 02 Sep 2026 01:29:42 GMT  mp3-sync=OK
  206  L04 n4  bytes 0-3/195552  Last-Modified: Wed, 02 Sep 2026 01:29:45 GMT  mp3-sync=OK
  206  L04 n5  bytes 0-3/242784  Last-Modified: Wed, 02 Sep 2026 01:29:48 GMT  mp3-sync=OK
  206  L04 n6  bytes 0-3/213408  Last-Modified: Wed, 02 Sep 2026 01:29:52 GMT  mp3-sync=OK
  206  L04 n7  bytes 0-3/186048  Last-Modified: Wed, 02 Sep 2026 01:29:55 GMT  mp3-sync=OK
  206  L04 n8  bytes 0-3/150336  Last-Modified: Wed, 02 Sep 2026 01:29:57 GMT  mp3-sync=OK
  206  L04 n10  bytes 0-3/198144  Last-Modified: Wed, 02 Sep 2026 01:30:00 GMT  mp3-sync=OK
  206  L04 n11  bytes 0-3/190368  Last-Modified: Wed, 02 Sep 2026 01:30:03 GMT  mp3-sync=OK
  206  L04 n12  bytes 0-3/231264  Last-Modified: Wed, 02 Sep 2026 01:30:07 GMT  mp3-sync=OK
  206  L04 n15  bytes 0-3/204768  Last-Modified: Wed, 02 Sep 2026 01:30:10 GMT  mp3-sync=OK
  206  L04 n16  bytes 0-3/203040  Last-Modified: Wed, 02 Sep 2026 01:30:13 GMT  mp3-sync=OK
  206  L04 n17  bytes 0-3/214848  Last-Modified: Wed, 02 Sep 2026 01:30:17 GMT  mp3-sync=OK
  206  L04 n18  bytes 0-3/194112  Last-Modified: Wed, 02 Sep 2026 01:30:20 GMT  mp3-sync=OK
  206  L04 n20  bytes 0-3/218016  Last-Modified: Wed, 02 Sep 2026 01:30:24 GMT  mp3-sync=OK
  206  L04 n21  bytes 0-3/190368  Last-Modified: Wed, 02 Sep 2026 01:30:27 GMT  mp3-sync=OK
  206  L04 n22  bytes 0-3/226656  Last-Modified: Wed, 02 Sep 2026 01:30:31 GMT  mp3-sync=OK
  206  L05 n2  bytes 0-3/260928  Last-Modified: Wed, 02 Sep 2026 01:30:35 GMT  mp3-sync=OK
  206  L05 n8  bytes 0-3/211104  Last-Modified: Wed, 02 Sep 2026 01:30:38 GMT  mp3-sync=OK
  206  L05 n11  bytes 0-3/254304  Last-Modified: Wed, 02 Sep 2026 01:30:42 GMT  mp3-sync=OK
  206  L05 n14  bytes 0-3/29952  Last-Modified: Wed, 02 Sep 2026 01:30:43 GMT  mp3-sync=OK
  206  L05 n15  bytes 0-3/240192  Last-Modified: Wed, 02 Sep 2026 01:30:46 GMT  mp3-sync=OK
  206  L05 n16  bytes 0-3/213984  Last-Modified: Wed, 02 Sep 2026 01:30:50 GMT  mp3-sync=OK
  206  L05 n17  bytes 0-3/258912  Last-Modified: Wed, 02 Sep 2026 01:30:54 GMT  mp3-sync=OK
  206  L05 n18  bytes 0-3/197568  Last-Modified: Wed, 02 Sep 2026 01:30:57 GMT  mp3-sync=OK
  206  L05 n20  bytes 0-3/271008  Last-Modified: Wed, 02 Sep 2026 01:31:01 GMT  mp3-sync=OK
  206  L05 n21  bytes 0-3/374688  Last-Modified: Wed, 02 Sep 2026 01:31:07 GMT  mp3-sync=OK
  206  L05 n22  bytes 0-3/165600  Last-Modified: Wed, 02 Sep 2026 01:31:09 GMT  mp3-sync=OK
  206  L06 n6  bytes 0-3/308448  Last-Modified: Wed, 02 Sep 2026 01:31:14 GMT  mp3-sync=OK
  206  L06 n9  bytes 0-3/201312  Last-Modified: Wed, 02 Sep 2026 01:31:17 GMT  mp3-sync=OK
  206  L06 n14  bytes 0-3/185760  Last-Modified: Wed, 02 Sep 2026 01:31:20 GMT  mp3-sync=OK
  206  L06 n20  bytes 0-3/222624  Last-Modified: Wed, 02 Sep 2026 01:31:24 GMT  mp3-sync=OK
  206  L06 n21  bytes 0-3/155808  Last-Modified: Wed, 02 Sep 2026 01:31:27 GMT  mp3-sync=OK
  206  L06 n22  bytes 0-3/198144  Last-Modified: Wed, 02 Sep 2026 01:31:31 GMT  mp3-sync=OK
  206  L06 n23  bytes 0-3/199872  Last-Modified: Wed, 02 Sep 2026 01:31:34 GMT  mp3-sync=OK
  206  L07 n9  bytes 0-3/107136  Last-Modified: Wed, 02 Sep 2026 01:31:36 GMT  mp3-sync=OK
  206  L07 n10  bytes 0-3/114336  Last-Modified: Wed, 02 Sep 2026 01:31:38 GMT  mp3-sync=OK
  206  L08 n4  bytes 0-3/200736  Last-Modified: Wed, 02 Sep 2026 01:31:41 GMT  mp3-sync=OK
  206  L08 n5  bytes 0-3/167904  Last-Modified: Wed, 02 Sep 2026 01:31:44 GMT  mp3-sync=OK
  206  L08 n6  bytes 0-3/170496  Last-Modified: Wed, 02 Sep 2026 01:31:47 GMT  mp3-sync=OK
  206  L08 n9  bytes 0-3/124416  Last-Modified: Wed, 02 Sep 2026 01:31:49 GMT  mp3-sync=OK
  206  L08 n10  bytes 0-3/93600  Last-Modified: Wed, 02 Sep 2026 01:31:50 GMT  mp3-sync=OK
  206  L08 n11  bytes 0-3/92736  Last-Modified: Wed, 02 Sep 2026 01:31:52 GMT  mp3-sync=OK
  206  L08 n13  bytes 0-3/151200  Last-Modified: Wed, 02 Sep 2026 01:31:54 GMT  mp3-sync=OK
  206  L08 n14  bytes 0-3/149760  Last-Modified: Wed, 02 Sep 2026 01:31:57 GMT  mp3-sync=OK
  206  L08 n15  bytes 0-3/121536  Last-Modified: Wed, 02 Sep 2026 01:31:59 GMT  mp3-sync=OK
  206  L08 n16  bytes 0-3/116640  Last-Modified: Wed, 02 Sep 2026 01:32:01 GMT  mp3-sync=OK
  206  L08 n17  bytes 0-3/111456  Last-Modified: Wed, 02 Sep 2026 01:32:03 GMT  mp3-sync=OK
  206  L08 n18  bytes 0-3/135648  Last-Modified: Wed, 02 Sep 2026 01:32:05 GMT  mp3-sync=OK
  206  L08 n20  bytes 0-3/123552  Last-Modified: Wed, 02 Sep 2026 01:32:08 GMT  mp3-sync=OK
  206  L08 n21  bytes 0-3/103392  Last-Modified: Wed, 02 Sep 2026 01:32:10 GMT  mp3-sync=OK

96/96 clips verified HTTP 200/206 with fresh audio.
