=== APPLY EDITS computer-science-aqa/programming  33 edits  LIVE  2026-09-06T10:54:14.998Z
  ok   #0 L1.content_html [MEDIUM] F1: marks are awarded, never deducted; the 'will cost marks' claim is not in the specification
  ok   #1 L1.exam_tip_html [MEDIUM] F1: GCSE mark schemes do not deduct marks
  ok   #2 L1.practice_questions[3].marks [MEDIUM] F2: scheme awarded three 1-mark points for a 2-mark question
  PATCH L1: content_html, exam_tip_html, practice_questions
  ok   #3 L2.conclusion_html [MEDIUM] F3: multiplication is written * in program code
  ok   #4 L2.content_html [MEDIUM] F3: no programming language or AQA pseudo-code uses the x symbol for multiplication
  ok   #5 L2.exam_tip_html [MEDIUM] F4: the specification says students may present pseudo-code answers in any suitable format
  ok   #6 L2.practice_questions[4].type [MEDIUM] F5: the question asks the student to write a condition and offers no options
  PATCH L2: conclusion_html, content_html, exam_tip_html, practice_questions
  ok   #7 L3.content_html [MEDIUM] F6: there is no system called the 'NHS Patient Record system' and the module count is invented
  ok   #8 L3.content_html [MEDIUM] F7: invented mark-scheme claim
  ok   #9 L3.exam_tip_html [MEDIUM] F7: invented mark-scheme claim
  ok   #10 L3.practice_questions[3].text [MEDIUM] F8: part (b) said 1 mark but the scheme awards 3, and the question is set at 4 marks
  PATCH L3: content_html, exam_tip_html, practice_questions
  ok   #11 L4.content_html [HIGH] F9: position returns an index for a character, not a character for an index
  ok   #12 L4.content_html [HIGH] F10: AQA substring takes start index, end index, then the string; the third value is not a length
  ok   #13 L4.content_html [MEDIUM] F11: AQA pseudo-code names this operation CHAR_TO_CODE
  ok   #14 L4.content_html [MEDIUM] F11: AQA pseudo-code names this operation CODE_TO_CHAR
  ok   #15 L4.content_html [MEDIUM] F11: AQA pseudo-code names these STRING_TO_INT and INT_TO_STRING
  ok   #16 L4.content_html [MEDIUM] F12: AQA pseudo-code reads from the keyboard with USERINPUT
  ok   #17 L4.content_html [MEDIUM] F12: INPUT() and INT() are not AQA pseudo-code
  ok   #18 L4.content_html [MEDIUM] F13: invented examiner-report claim
  ok   #19 L4.flashcard_questions[6].q [HIGH] F10: AQA argument order; the answer 'ond' is unchanged
  ok   #20 L4.flashcard_questions[7].q [MEDIUM] F11: AQA operation name
  ok   #21 L4.flashcard_questions[9].q [MEDIUM] F11: AQA operation name
  ok   #22 L4.glossary_terms[7].definition [HIGH] F10: substring definition corrected
  ok   #23 L4.knowledge_checks[4].right[1] [HIGH] F10: substring takes an end index, not a length
  ok   #24 L4.knowledge_checks[4].left[2] [MEDIUM] F11: AQA name for the character-to-code operation
  ok   #25 L4.practice_questions[0].type [MEDIUM] F5: the question offers no options
  ok   #26 L4.practice_questions[4].text [HIGH] F10: substring call rewritten in AQA order so the answer 'prog' is right
  ok   #27 L4.practice_questions[4].marks [HIGH] F10: answer key restated for start-index/end-index substring
  PATCH L4: content_html, flashcard_questions, glossary_terms, knowledge_checks, practice_questions
  ok   #28 L5.content_html [HIGH] F14: the routine shown contains no empty string check
  ok   #29 L5.content_html [MEDIUM] F12: AQA pseudo-code uses USERINPUT and STRING_TO_INT
  ok   #30 L5.content_html [MEDIUM] F12: AQA pseudo-code uses USERINPUT
  ok   #31 L5.content_html [MEDIUM] F12: AQA pseudo-code uses USERINPUT
  ok   #32 L5.practice_questions[3].text [MEDIUM] F12: AQA pseudo-code uses USERINPUT and STRING_TO_INT
  PATCH L5: content_html, practice_questions
=== 33 applied, 0 skipped, 5 lessons / 17 fields changed
