
=== RE-NARRATION (changed narrated text only) ===
backup: C:\Users\tshau\Documents\Study Vault\scripts\_retrofc\units\computer-science-aqa__programming\_backup.json
unit:   computer-science-aqa / programming
run: 2026-09-06T10:54:20Z  mode: LIVE

5 lessons, 20 clips to regenerate

  L01 (Ollie)  Data Types and Programming Constructs
      n13: Key Fact . Meaningful identifier names make code readable and maintainable. examScore is immediately clear; x 
             -> 259 KB, 22.1s, uploaded
      n24: When a question asks you to declare a variable or assign a value, always state the data type or use it correct
             -> 315 KB, 26.9s, uploaded
      manifest updated (28 entries)
  L02 (Ada)  Iteration, Selection and Operators
      n24: Arithmetic operators: + (add), − (subtract), * (multiply), / (real division — result can be decimal), DIV (int
             -> 189 KB, 16.1s, uploaded
      n31: For questions about iteration, always state which loop type you are using and why — examiners want to see that
             -> 420 KB, 35.8s, uploaded
      n35: Arithmetic operators (+, −, *, /, DIV, MOD), relational operators (=, ≠, <, >, ≤, ≥) and Boolean operators (AN
             -> 244 KB, 20.9s, uploaded
      manifest updated (35 entries)
  L03 (Ollie)  Subroutines, Parameters and Local Variables
      n3: Breaking a large program into subroutines is called the structured approach . Professional software teams rely
             -> 225 KB, 19.2s, uploaded
      n28: In an exam, if you are asked to write a subroutine, start with the signature (name and parameters), then write
             -> 176 KB, 15.1s, uploaded
      n29: For 6-mark “Write a Subroutine” questions, structure your answer in three steps: write the subroutine signatur
             -> 451 KB, 38.5s, uploaded
      manifest updated (33 entries)
  L04 (Ada)  Arrays, Records and String Handling
      n21: String operations let you inspect and manipulate text. It is easy to lose marks by applying string functions i
             -> 158 KB, 13.5s, uploaded
      n24: Position — returns the index of the first place a character appears in a string. POSITION(name, “n”) returns 2
             -> 164 KB, 14.0s, uploaded
      n25: Substring — extracts part of a string. The call is SUBSTRING(startIndex, endIndex, string) and both index posi
             -> 214 KB, 18.2s, uploaded
      n27: Character to character code — returns the ASCII/Unicode code for a character. CHAR_TO_CODE(“A”) returns 65 .
             -> 126 KB, 10.7s, uploaded
      n28: Character code to character — returns the character for a given code. CODE_TO_CHAR(65) returns “A” .
             -> 114 KB, 9.7s, uploaded
      n29: String conversion — converts between strings and numeric types. STRING_TO_INT(“42”) returns the integer 42 . I
             -> 261 KB, 22.2s, uploaded
      n31: Programs interact with users through USERINPUT and OUTPUT . The value from USERINPUT is always a string — cast
             -> 260 KB, 22.2s, uploaded
      n32: // Input and cast OUTPUT "Enter your age: " age ← STRING_TO_INT(USERINPUT) // Random number between 1 and 6 (i
             -> 168 KB, 14.3s, uploaded
      manifest updated (37 entries)
  L05 (Ollie)  Robust Programming: Validation, Authentication and Testing
      n9: Below is a routine that repeatedly asks for a score between 1 and 10. It uses a range check . The REPEAT–UNTIL
             -> 130 KB, 11.1s, uploaded
      n10: SUBROUTINE getValidScore() REPEAT OUTPUT "Enter a score (1–10): " score ← STRING_TO_INT(USERINPUT) UNTIL score
             -> 137 KB, 11.7s, uploaded
      n12: SUBROUTINE getUsername() REPEAT OUTPUT "Enter username (min 3 chars): " username ← USERINPUT UNTIL LEN(usernam
             -> 121 KB, 10.3s, uploaded
      n18: storedUser ← "admin" storedPass ← "pass123" attempts ← 0 access ← FALSE REPEAT OUTPUT "Username: " user ← USER
             -> 246 KB, 21.0s, uploaded
      manifest updated (32 entries)

Regenerated 20 clips.

=== VERIFY (ranged GET + freshness) ===
  206  L01 n13  bytes 0-3/265248  Last-Modified: Sun, 06 Sep 2026 10:54:31 GMT  mp3-sync=OK
  206  L01 n24  bytes 0-3/322848  Last-Modified: Sun, 06 Sep 2026 10:54:41 GMT  mp3-sync=OK
  206  L02 n24  bytes 0-3/193248  Last-Modified: Sun, 06 Sep 2026 10:54:46 GMT  mp3-sync=OK
  206  L02 n31  bytes 0-3/429696  Last-Modified: Sun, 06 Sep 2026 10:54:55 GMT  mp3-sync=OK
  206  L02 n35  bytes 0-3/250272  Last-Modified: Sun, 06 Sep 2026 10:55:03 GMT  mp3-sync=OK
  206  L03 n3  bytes 0-3/230688  Last-Modified: Sun, 06 Sep 2026 10:55:09 GMT  mp3-sync=OK
  206  L03 n28  bytes 0-3/180576  Last-Modified: Sun, 06 Sep 2026 10:55:13 GMT  mp3-sync=OK
  206  L03 n29  bytes 0-3/461376  Last-Modified: Sun, 06 Sep 2026 10:55:22 GMT  mp3-sync=OK
  206  L04 n21  bytes 0-3/161568  Last-Modified: Sun, 06 Sep 2026 10:55:27 GMT  mp3-sync=OK
  206  L04 n24  bytes 0-3/167904  Last-Modified: Sun, 06 Sep 2026 10:55:31 GMT  mp3-sync=OK
  206  L04 n25  bytes 0-3/218880  Last-Modified: Sun, 06 Sep 2026 10:55:36 GMT  mp3-sync=OK
  206  L04 n27  bytes 0-3/128736  Last-Modified: Sun, 06 Sep 2026 10:55:40 GMT  mp3-sync=OK
  206  L04 n28  bytes 0-3/116640  Last-Modified: Sun, 06 Sep 2026 10:55:43 GMT  mp3-sync=OK
  206  L04 n29  bytes 0-3/266976  Last-Modified: Sun, 06 Sep 2026 10:55:48 GMT  mp3-sync=OK
  206  L04 n31  bytes 0-3/266688  Last-Modified: Sun, 06 Sep 2026 10:55:54 GMT  mp3-sync=OK
  206  L04 n32  bytes 0-3/171648  Last-Modified: Sun, 06 Sep 2026 10:55:58 GMT  mp3-sync=OK
  206  L05 n9  bytes 0-3/133632  Last-Modified: Sun, 06 Sep 2026 10:56:01 GMT  mp3-sync=OK
  206  L05 n10  bytes 0-3/140256  Last-Modified: Sun, 06 Sep 2026 10:56:05 GMT  mp3-sync=OK
  206  L05 n12  bytes 0-3/123552  Last-Modified: Sun, 06 Sep 2026 10:56:09 GMT  mp3-sync=OK
  206  L05 n18  bytes 0-3/251712  Last-Modified: Sun, 06 Sep 2026 10:56:14 GMT  mp3-sync=OK

20/20 clips verified HTTP 200/206 with fresh audio.
