=== APPLY EDITS gcse-music/toto-africa  57 edits  LIVE  2026-09-18T20:00:21.501Z
  ok   #0 L1.content_html [HIGH] S1: lesson 1 listed a Chorus 4 that the walkthrough and the timings do not support
  ok   #1 L1.content_html [MEDIUM] S2: intro described as a 4-bar pattern of Riff a and Riff b in every lesson
  ok   #2 L1.content_html [HIGH] L1: reproduced line replaced by section and timing
  ok   #3 L1.content_html [HIGH] L2: reproduced line replaced by section and timing
  ok   #4 L1.content_html [HIGH] L3: reproduced line replaced by section and timing
  ok   #5 L1.content_html [HIGH] L4: reproduced line replaced by section and timing
  ok   #6 L1.conclusion_html [MEDIUM] S2: same 4-bar wording in the takeaways
  PATCH L1: content_html, conclusion_html
  ok   #7 L2.content_html [MEDIUM] S4: section timing added so the three lessons agree with the recording
  ok   #8 L2.content_html [HIGH] L5: reproduced line replaced by section and timing
  ok   #9 L2.content_html [HIGH] L6: reproduced line removed, texture point kept
  ok   #10 L2.content_html [HIGH] L7: reproduced hook line replaced by a section name
  ok   #11 L2.content_html [HIGH] L8: reproduced line removed, harmony and melisma point kept
  ok   #12 L2.content_html [MEDIUM] S2: link described with the same 4-bar pattern as the intro
  ok   #13 L2.content_html [MEDIUM] S2: removes the self-contradiction (twice vs once through)
  ok   #14 L2.content_html [MEDIUM] S2: 4-bar pattern wording in the key fact
  ok   #15 L2.content_html [MEDIUM] S4: section timing added
  ok   #16 L2.content_html [HIGH] L9: reproduced lines replaced by the musical description
  ok   #17 L2.content_html [HIGH] L10: reproduced lines replaced by the musical description
  ok   #18 L2.content_html [HIGH] L11: reproduced lines replaced by the musical description
  ok   #19 L2.content_html [HIGH] L12: lyric fragment replaced by the position in the phrase
  ok   #20 L2.content_html [MEDIUM] S4: section timing added
  ok   #21 L2.content_html [MEDIUM] S4: section timing added
  ok   #22 L2.content_html [HIGH] L13: reproduced line replaced by a timing; matches vocals return 3:05
  ok   #23 L2.content_html [MEDIUM] S4: timing anchor for the vocal return
  ok   #24 L2.content_html [MEDIUM] S1: only one chorus section follows the instrumental
  ok   #25 L2.conclusion_html [HIGH] L14: lyric fragment removed from the takeaways
  ok   #45 L2.practice_questions[2].marks [HIGH] L23: lyric fragment removed from the mark scheme
  ok   #46 L2.practice_questions[4].marks [HIGH] L24: reproduced line replaced by a timing
  ok   #47 L2.practice_questions[5].marks [MEDIUM] S2: 4-bar pattern wording in the mark scheme
  ok   #48 L2.flashcard_questions[6].q [MEDIUM] S2: flashcard matched to the 4-bar pattern
  ok   #49 L2.flashcard_questions[6].a [MEDIUM] S2: answer kept unique and no longer a single word
  PATCH L2: content_html, conclusion_html, practice_questions, flashcard_questions
  ok   #26 L3.content_html [HIGH] S3: bars 40-92 and 22 bars cannot both be true; described by timing instead
  ok   #27 L3.content_html [HIGH] L15: reproduced hook line replaced by a section name
  ok   #28 L3.content_html [HIGH] L16: reproduced hook line removed from the heading
  ok   #29 L3.content_html [HIGH] L17 + S3: hook line removed and the unverifiable bar count replaced by a timing
  ok   #30 L3.content_html [HIGH] L18: reproduced lines replaced by the material being improvised on
  ok   #31 L3.content_html [MEDIUM] S2 + S4: 4-bar pattern wording and a timing in the walkthrough
  ok   #32 L3.content_html [MEDIUM] S4: verse and lead-in timings
  ok   #33 L3.content_html [HIGH] L19 + S4: reproduced lines replaced by section names and a timing
  ok   #34 L3.content_html [MEDIUM] S2: 4-bar pattern wording
  ok   #35 L3.content_html [HIGH] L20 + S4: lyric fragment replaced by the bar, timing added
  ok   #36 L3.content_html [MEDIUM] S4: section timing added
  ok   #37 L3.content_html [MEDIUM] S2: 4-bar pattern wording
  ok   #38 L3.content_html [MEDIUM] S4: instrumental and vocal-return timings
  ok   #39 L3.content_html [HIGH] S3: unverifiable bar range replaced by the timing
  ok   #40 L3.content_html [HIGH] L21 + S3: hook line and the 22-bar count replaced by timings
  ok   #41 L3.content_html [MEDIUM] S4: fade and total-length timings
  ok   #42 L3.content_html [MEDIUM] S4: section timing added
  ok   #43 L3.content_html [MEDIUM] S4: total length of the recording
  ok   #44 L3.conclusion_html [HIGH] L22 + S3: hook line and the impossible bar figures removed from the takeaways
  ok   #50 L3.practice_questions[1].marks [HIGH] L25 + S3: hook line and the 22-bar figure removed from the mark scheme
  ok   #51 L3.practice_questions[5].marks [HIGH] L26: reproduced hook line removed from the indicative content
  ok   #52 L3.knowledge_checks[0].q [HIGH] L27: reproduced hook line removed from the question
  ok   #53 L3.flashcard_questions[0].q [HIGH] S3: the 22-bar answer is unverifiable; replaced by the timing
  ok   #54 L3.flashcard_questions[0].a [HIGH] S3: timing answer, unique in the deck
  ok   #55 L3.flashcard_questions[2].q [HIGH] L28: reproduced hook line removed from the flashcard
  ok   #56 L3.flashcard_questions[3].a [LOW] V1: single-word answer behind a How-many question
  PATCH L3: content_html, conclusion_html, practice_questions, knowledge_checks, flashcard_questions
=== 57 applied, 0 skipped, 3 lessons / 11 fields changed
