
=== RE-NARRATION (changed narrated text only) ===
backup: C:\Users\tshau\Documents\Study Vault\scripts\_retrofc\units\gcse-music@unity__toto-africa-lyrics\_backup.json
unit:   gcse-music / toto-africa
run: 2026-09-18T20:00:24Z  mode: LIVE

3 lessons, 25 clips to regenerate

  L01 (Ollie)  Africa: Overview, Introduction and Verse 1
      n10: Form and structure: Verse–chorus form — Intro, Verse 1, Chorus 1, Link 1, Verse 2, Chorus 2, Link 2, Instrumen
             -> 219 KB, 18.7s, uploaded
      n14: The scored introduction contains only three chords: ♭VII (A), vi (G#m) and ii (C#m). It is a 4-bar pattern mad
             -> 147 KB, 12.6s, uploaded
      n21: Phrase 1 . Bars 5–13 (9 bars) The first sung phrase, entering at about 0:24. The melody sits low in the voice 
             -> 555 KB, 47.4s, uploaded
      n36: The introduction is a 4-bar pattern made of two riffs — Riff a (syncopated chords ♭VII, vi, ii) and Riff b (pe
             -> 191 KB, 16.3s, uploaded
      manifest updated (38 entries)
  L02 (Ada)  Africa: Chorus, Links, Verse 2 and Instrumental
      n1: Chorus 1 — Bars 40–57 (from 1:20)
             -> 54 KB, 4.6s, uploaded
      n3: Phrase 1 — Bars 40–43 . Solo vocal The opening chorus phrase, from about 1:20, is sung by the lead vocalist al
             -> 500 KB, 42.7s, uploaded
      n14: The chords are the same as the introduction: the 4-bar pattern of Riff a and Riff b is played twice. The chord
             -> 285 KB, 24.3s, uploaded
      n15: Key Fact . Riff a appears in every section of the song except the choruses. It uses syncopation and features t
             -> 213 KB, 18.1s, uploaded
      n16: Verse 2 — Bars 14–39 (from 1:43)
             -> 55 KB, 4.7s, uploaded
      n19: Phrase 1 — Bars 14–22 (9 bars) . First phrase The verse melody and chord pattern return unchanged from Verse 1
             -> 427 KB, 36.4s, uploaded
      n23: 2. Melodic change in bar 33: The singer leaps up to pitches D# and C# early in the third phrase, which is diff
             -> 120 KB, 10.2s, uploaded
      n26: There is a clear pattern of shortening each time the verse material returns. Verse 1 has three 9-bar phrases p
             -> 379 KB, 32.3s, uploaded
      n27: Chorus 2 — Bars 40–57 (from 2:27)
             -> 56 KB, 4.8s, uploaded
      n29: The Instrumental — Bars 66–82 (from 2:50)
             -> 57 KB, 4.8s, uploaded
      n35: Bars 78–82 (5 bars): The vocal part returns at about 3:05 with the second half of the original 8-bar phrase, l
             -> 125 KB, 10.7s, uploaded
      n36: Key Fact . The instrumental melody develops Riff b from the introduction. It uses the B major pentatonic scale
             -> 250 KB, 21.4s, uploaded
      n41: Verse 2 is 9 bars shorter than Verse 1 (26 bars vs. 35 bars) and adds a countermelody on a flute-like instrume
             -> 185 KB, 15.8s, uploaded
      manifest updated (42 entries)
  L03 (Ollie)  Africa: Chorus 3, Outro and Exam Practice
      n2: Chorus 3 is the final chorus section: the vocals return at about 3:05 and the chorus repeats until the fade be
             -> 222 KB, 18.9s, uploaded
      n6: Key Fact . The three changes in Chorus 3 are: (1) a new electric guitar riff in the last bar of each phrase, (
             -> 223 KB, 19.0s, uploaded
      n8: The hook phrase — the third phrase of the chorus — is heard five times during Chorus 3. This is far more than 
             -> 291 KB, 24.8s, uploaded
      n9: During Phrase 3, a solo vocal improvisation is heard at the end of the first, second and fourth repeats. Each 
             -> 295 KB, 25.1s, uploaded
      n10: The Outro — Bars 93–96 (from about 4:00)
             -> 57 KB, 4.9s, uploaded
      n12: On the recording, this 4-bar phrase repeats continually. The key feature of the Outro is a gradual reduction i
             -> 253 KB, 21.6s, uploaded
      n16: Bars 1–4 . Intro B major, from 0:00. A 4-bar pattern of Riff a (syncopated chords) and Riff b (pentatonic osti
             -> 1694 KB, 144.6s, uploaded
      n28: Chorus 3 (A major, from about 3:05 to the fade) differs from earlier choruses with a new electric guitar riff,
             -> 159 KB, 13.6s, uploaded
      manifest updated (29 entries)

Regenerated 25 clips.

=== VERIFY (ranged GET + freshness) ===
  206  L01 n10  bytes 0-3/224064  Last-Modified: Fri, 18 Sep 2026 20:00:30 GMT  mp3-sync=OK
  206  L01 n14  bytes 0-3/150624  Last-Modified: Fri, 18 Sep 2026 20:00:33 GMT  mp3-sync=OK
  206  L01 n21  bytes 0-3/568800  Last-Modified: Fri, 18 Sep 2026 20:00:43 GMT  mp3-sync=OK
  206  L01 n36  bytes 0-3/195840  Last-Modified: Fri, 18 Sep 2026 20:00:46 GMT  mp3-sync=OK
  206  L02 n1  bytes 0-3/55008  Last-Modified: Fri, 18 Sep 2026 20:00:48 GMT  mp3-sync=OK
  206  L02 n3  bytes 0-3/512352  Last-Modified: Fri, 18 Sep 2026 20:00:56 GMT  mp3-sync=OK
  206  L02 n14  bytes 0-3/292032  Last-Modified: Fri, 18 Sep 2026 20:01:01 GMT  mp3-sync=OK
  206  L02 n15  bytes 0-3/217728  Last-Modified: Fri, 18 Sep 2026 20:01:05 GMT  mp3-sync=OK
  206  L02 n16  bytes 0-3/56448  Last-Modified: Fri, 18 Sep 2026 20:01:06 GMT  mp3-sync=OK
  206  L02 n19  bytes 0-3/436896  Last-Modified: Fri, 18 Sep 2026 20:01:13 GMT  mp3-sync=OK
  206  L02 n23  bytes 0-3/122688  Last-Modified: Fri, 18 Sep 2026 20:01:16 GMT  mp3-sync=OK
  206  L02 n26  bytes 0-3/387648  Last-Modified: Fri, 18 Sep 2026 20:01:22 GMT  mp3-sync=OK
  206  L02 n27  bytes 0-3/57600  Last-Modified: Fri, 18 Sep 2026 20:01:23 GMT  mp3-sync=OK
  206  L02 n29  bytes 0-3/57888  Last-Modified: Fri, 18 Sep 2026 20:01:24 GMT  mp3-sync=OK
  206  L02 n35  bytes 0-3/128160  Last-Modified: Fri, 18 Sep 2026 20:01:27 GMT  mp3-sync=OK
  206  L02 n36  bytes 0-3/256320  Last-Modified: Fri, 18 Sep 2026 20:01:31 GMT  mp3-sync=OK
  206  L02 n41  bytes 0-3/189216  Last-Modified: Fri, 18 Sep 2026 20:01:33 GMT  mp3-sync=OK
  206  L03 n2  bytes 0-3/226944  Last-Modified: Fri, 18 Sep 2026 20:01:37 GMT  mp3-sync=OK
  206  L03 n6  bytes 0-3/228096  Last-Modified: Fri, 18 Sep 2026 20:01:41 GMT  mp3-sync=OK
  206  L03 n8  bytes 0-3/298080  Last-Modified: Fri, 18 Sep 2026 20:01:45 GMT  mp3-sync=OK
  206  L03 n9  bytes 0-3/301824  Last-Modified: Fri, 18 Sep 2026 20:01:50 GMT  mp3-sync=OK
  206  L03 n10  bytes 0-3/58464  Last-Modified: Fri, 18 Sep 2026 20:01:52 GMT  mp3-sync=OK
  206  L03 n12  bytes 0-3/259488  Last-Modified: Fri, 18 Sep 2026 20:01:56 GMT  mp3-sync=OK
  206  L03 n16  bytes 0-3/1734624  Last-Modified: Fri, 18 Sep 2026 20:02:25 GMT  mp3-sync=OK
  206  L03 n28  bytes 0-3/162720  Last-Modified: Fri, 18 Sep 2026 20:02:27 GMT  mp3-sync=OK

25/25 clips verified HTTP 200/206 with fresh audio.
