=== APPLY EDITS business-edexcel/building-a-business  175 edits  LIVE  2026-09-06T10:11:22.028Z
  ok   #0 L1.practice_questions[1].text [HIGH] F1: 'State' is a 1-mark command word on this paper; the 2-mark slot is 'Outline' (one point plus a linked deve
  ok   #1 L1.practice_questions[1].type [HIGH] F1: 'State' is a 1-mark command word on this paper; the 2-mark slot is 'Outline' (one point plus a linked deve
  ok   #2 L1.practice_questions[1].marks [HIGH] F1: 'State' is a 1-mark command word on this paper; the 2-mark slot is 'Outline' (one point plus a linked deve
  ok   #39 L1.practice_questions[2].text [HIGH] F2: 'Outline' is the 2-mark command word on this paper; the 3-mark slot is 'Explain' (a statement plus two dev
  ok   #40 L1.practice_questions[2].type [HIGH] F2: 'Outline' is the 2-mark command word on this paper; the 3-mark slot is 'Explain' (a statement plus two dev
  ok   #41 L1.practice_questions[2].marks [HIGH] F2: 'Outline' is the 2-mark command word on this paper; the 3-mark slot is 'Explain' (a statement plus two dev
  ok   #63 L1.practice_questions[3].text [HIGH] F3: 'Explain' is the 3-mark command word on this paper. A 6-mark extended answer with no context is 'Discuss'.
  ok   #64 L1.practice_questions[3].type [HIGH] F3: 'Explain' is the 3-mark command word on this paper. A 6-mark extended answer with no context is 'Discuss'.
  ok   #97 L1.practice_questions[4].type [HIGH] F4: 'Discuss' and 'Analyse' are both 6-mark command words on this paper; there is no 9-mark Discuss or Analyse
  ok   #98 L1.practice_questions[4].marks [HIGH] F4: 'Discuss' and 'Analyse' are both 6-mark command words on this paper; there is no 9-mark Discuss or Analyse
  ok   #111 L1.practice_questions[5].type [HIGH] F5: 'Justify' (recommend one of two options) is the 9-mark question on this paper; 12 marks is 'Evaluate'. Ban
  ok   #112 L1.practice_questions[5].marks [HIGH] F5: 'Justify' (recommend one of two options) is the 9-mark question on this paper; 12 marks is 'Evaluate'. Ban
  ok   #131 L1.exam_tip_html [HIGH] F6: exam tips name tariffs this paper does not set (6-mark Explain, 9-mark Discuss/Analyse, 12-mark Justify) a
  PATCH L1: practice_questions, exam_tip_html
  ok   #27 L2.practice_questions[1].text [HIGH] F2: 'Outline' is the 2-mark command word on this paper; the 3-mark slot is 'Explain' (a statement plus two dev
  ok   #28 L2.practice_questions[1].type [HIGH] F2: 'Outline' is the 2-mark command word on this paper; the 3-mark slot is 'Explain' (a statement plus two dev
  ok   #65 L2.practice_questions[2].text [HIGH] F3: 'Explain' is the 3-mark command word on this paper. A 6-mark extended answer with no context is 'Discuss'.
  ok   #66 L2.practice_questions[2].type [HIGH] F3: 'Explain' is the 3-mark command word on this paper. A 6-mark extended answer with no context is 'Discuss'.
  ok   #81 L2.practice_questions[3].type [HIGH] F4: 'Discuss' and 'Analyse' are both 6-mark command words on this paper; there is no 9-mark Discuss or Analyse
  ok   #82 L2.practice_questions[3].marks [HIGH] F4: 'Discuss' and 'Analyse' are both 6-mark command words on this paper; there is no 9-mark Discuss or Analyse
  ok   #99 L2.practice_questions[5].type [HIGH] F4: 'Discuss' and 'Analyse' are both 6-mark command words on this paper; there is no 9-mark Discuss or Analyse
  ok   #100 L2.practice_questions[5].marks [HIGH] F4: 'Discuss' and 'Analyse' are both 6-mark command words on this paper; there is no 9-mark Discuss or Analyse
  ok   #132 L2.exam_tip_html [HIGH] F6: exam tips name tariffs this paper does not set (6-mark Explain, 9-mark Discuss/Analyse, 12-mark Justify) a
  PATCH L2: practice_questions, exam_tip_html
  ok   #42 L3.practice_questions[2].text [HIGH] F2: 'Outline' is the 2-mark command word on this paper; the 3-mark slot is 'Explain' (a statement plus two dev
  ok   #43 L3.practice_questions[2].type [HIGH] F2: 'Outline' is the 2-mark command word on this paper; the 3-mark slot is 'Explain' (a statement plus two dev
  ok   #44 L3.practice_questions[2].marks [HIGH] F2: 'Outline' is the 2-mark command word on this paper; the 3-mark slot is 'Explain' (a statement plus two dev
  ok   #83 L3.practice_questions[4].type [HIGH] F4: 'Discuss' and 'Analyse' are both 6-mark command words on this paper; there is no 9-mark Discuss or Analyse
  ok   #84 L3.practice_questions[4].marks [HIGH] F4: 'Discuss' and 'Analyse' are both 6-mark command words on this paper; there is no 9-mark Discuss or Analyse
  ok   #113 L3.practice_questions[5].type [HIGH] F5: 'Justify' (recommend one of two options) is the 9-mark question on this paper; 12 marks is 'Evaluate'. Ban
  ok   #114 L3.practice_questions[5].marks [HIGH] F5: 'Justify' (recommend one of two options) is the 9-mark question on this paper; 12 marks is 'Evaluate'. Ban
  ok   #133 L3.exam_tip_html [HIGH] F6: exam tips name tariffs this paper does not set (6-mark Explain, 9-mark Discuss/Analyse, 12-mark Justify) a
  ok   #148 L3.content_html [HIGH] F6: exam tips name tariffs this paper does not set (6-mark Explain, 9-mark Discuss/Analyse, 12-mark Justify) a
  ok   #149 L3.content_html [HIGH] F6: exam tips name tariffs this paper does not set (6-mark Explain, 9-mark Discuss/Analyse, 12-mark Justify) a
  ok   #158 L3.content_html [MEDIUM] F10: the UK-EU Trade and Cooperation Agreement keeps trade tariff-free for goods that meet rules of origin. Ta
  ok   #162 L3.practice_questions[1].marks [MEDIUM] F13: the scheme awarded nothing for correct working. The spec asks for workings to be given, and calculation s
  PATCH L3: practice_questions, exam_tip_html, content_html
  ok   #29 L4.practice_questions[1].text [HIGH] F2: 'Outline' is the 2-mark command word on this paper; the 3-mark slot is 'Explain' (a statement plus two dev
  ok   #30 L4.practice_questions[1].type [HIGH] F2: 'Outline' is the 2-mark command word on this paper; the 3-mark slot is 'Explain' (a statement plus two dev
  ok   #67 L4.practice_questions[2].text [HIGH] F3: 'Explain' is the 3-mark command word on this paper. A 6-mark extended answer with no context is 'Discuss'.
  ok   #68 L4.practice_questions[2].type [HIGH] F3: 'Explain' is the 3-mark command word on this paper. A 6-mark extended answer with no context is 'Discuss'.
  ok   #101 L4.practice_questions[3].type [HIGH] F4: 'Discuss' and 'Analyse' are both 6-mark command words on this paper; there is no 9-mark Discuss or Analyse
  ok   #102 L4.practice_questions[3].marks [HIGH] F4: 'Discuss' and 'Analyse' are both 6-mark command words on this paper; there is no 9-mark Discuss or Analyse
  ok   #115 L4.practice_questions[5].type [HIGH] F5: 'Justify' (recommend one of two options) is the 9-mark question on this paper; 12 marks is 'Evaluate'. Ban
  ok   #116 L4.practice_questions[5].marks [HIGH] F5: 'Justify' (recommend one of two options) is the 9-mark question on this paper; 12 marks is 'Evaluate'. Ban
  ok   #134 L4.exam_tip_html [HIGH] F6: no board has signalled this topic as a priority for extended evaluation; that is an invented claim about t
  ok   #135 L4.exam_tip_html [HIGH] F6: exam tips name tariffs this paper does not set (6-mark Explain, 9-mark Discuss/Analyse, 12-mark Justify) a
  ok   #151 L4.content_html [MEDIUM] F6: invented examiner claim.
  PATCH L4: practice_questions, exam_tip_html, content_html
  ok   #3 L5.practice_questions[1].text [HIGH] F1: 'State' is a 1-mark command word on this paper; the 2-mark slot is 'Outline' (one point plus a linked deve
  ok   #4 L5.practice_questions[1].type [HIGH] F1: 'State' is a 1-mark command word on this paper; the 2-mark slot is 'Outline' (one point plus a linked deve
  ok   #5 L5.practice_questions[1].marks [HIGH] F1: 'State' is a 1-mark command word on this paper; the 2-mark slot is 'Outline' (one point plus a linked deve
  ok   #31 L5.practice_questions[2].text [HIGH] F2: 'Outline' is the 2-mark command word on this paper; the 3-mark slot is 'Explain' (a statement plus two dev
  ok   #32 L5.practice_questions[2].type [HIGH] F2: 'Outline' is the 2-mark command word on this paper; the 3-mark slot is 'Explain' (a statement plus two dev
  ok   #69 L5.practice_questions[3].text [HIGH] F3: 'Explain' is the 3-mark command word on this paper. A 6-mark extended answer with no context is 'Discuss'.
  ok   #70 L5.practice_questions[3].type [HIGH] F3: 'Explain' is the 3-mark command word on this paper. A 6-mark extended answer with no context is 'Discuss'.
  ok   #103 L5.practice_questions[4].type [HIGH] F4: 'Discuss' and 'Analyse' are both 6-mark command words on this paper; there is no 9-mark Discuss or Analyse
  ok   #104 L5.practice_questions[4].marks [HIGH] F4: 'Discuss' and 'Analyse' are both 6-mark command words on this paper; there is no 9-mark Discuss or Analyse
  ok   #117 L5.practice_questions[5].type [HIGH] F5: 'Justify' (recommend one of two options) is the 9-mark question on this paper; 12 marks is 'Evaluate'. Ban
  ok   #118 L5.practice_questions[5].marks [HIGH] F5: 'Justify' (recommend one of two options) is the 9-mark question on this paper; 12 marks is 'Evaluate'. Ban
  ok   #136 L5.exam_tip_html [HIGH] F6: exam tips name tariffs this paper does not set (6-mark Explain, 9-mark Discuss/Analyse, 12-mark Justify) a
  ok   #160 L5.flashcard_questions[1].q [MEDIUM] F12: flashcards 1 and 2 asked the identical question. Card 2 repurposed to cover 'cost', the missing third ele
  ok   #161 L5.flashcard_questions[1].a [MEDIUM] F12: answer rewritten to match the new question.
  PATCH L5: practice_questions, exam_tip_html, flashcard_questions
  ok   #33 L6.practice_questions[2].text [HIGH] F2: 'Outline' is the 2-mark command word on this paper; the 3-mark slot is 'Explain' (a statement plus two dev
  ok   #34 L6.practice_questions[2].type [HIGH] F2: 'Outline' is the 2-mark command word on this paper; the 3-mark slot is 'Explain' (a statement plus two dev
  ok   #85 L6.practice_questions[4].type [HIGH] F4: 'Discuss' and 'Analyse' are both 6-mark command words on this paper; there is no 9-mark Discuss or Analyse
  ok   #86 L6.practice_questions[4].marks [HIGH] F4: 'Discuss' and 'Analyse' are both 6-mark command words on this paper; there is no 9-mark Discuss or Analyse
  ok   #119 L6.practice_questions[5].type [HIGH] F5: 'Justify' (recommend one of two options) is the 9-mark question on this paper; 12 marks is 'Evaluate'. Ban
  ok   #120 L6.practice_questions[5].marks [HIGH] F5: 'Justify' (recommend one of two options) is the 9-mark question on this paper; 12 marks is 'Evaluate'. Ban
  ok   #137 L6.exam_tip_html [HIGH] F6: exam tips name tariffs this paper does not set (6-mark Explain, 9-mark Discuss/Analyse, 12-mark Justify) a
  ok   #163 L6.practice_questions[1].text [HIGH] F14: psychological pricing is a judgement, not a calculation, and the 'formula' given was invented. Replaced w
  ok   #164 L6.practice_questions[1].marks [HIGH] F14: mark scheme rewritten for the replacement calculation.
  PATCH L6: practice_questions, exam_tip_html
  ok   #6 L7.practice_questions[1].text [HIGH] F1: 'State' is a 1-mark command word on this paper; the 2-mark slot is 'Outline' (one point plus a linked deve
  ok   #7 L7.practice_questions[1].type [HIGH] F1: 'State' is a 1-mark command word on this paper; the 2-mark slot is 'Outline' (one point plus a linked deve
  ok   #8 L7.practice_questions[1].marks [HIGH] F1: 'State' is a 1-mark command word on this paper; the 2-mark slot is 'Outline' (one point plus a linked deve
  ok   #35 L7.practice_questions[2].text [HIGH] F2: 'Outline' is the 2-mark command word on this paper; the 3-mark slot is 'Explain' (a statement plus two dev
  ok   #36 L7.practice_questions[2].type [HIGH] F2: 'Outline' is the 2-mark command word on this paper; the 3-mark slot is 'Explain' (a statement plus two dev
  ok   #71 L7.practice_questions[3].text [HIGH] F3: 'Explain' is the 3-mark command word on this paper. A 6-mark extended answer with no context is 'Discuss'.
  ok   #72 L7.practice_questions[3].type [HIGH] F3: 'Explain' is the 3-mark command word on this paper. A 6-mark extended answer with no context is 'Discuss'.
  ok   #105 L7.practice_questions[4].type [HIGH] F4: 'Discuss' and 'Analyse' are both 6-mark command words on this paper; there is no 9-mark Discuss or Analyse
  ok   #106 L7.practice_questions[4].marks [HIGH] F4: 'Discuss' and 'Analyse' are both 6-mark command words on this paper; there is no 9-mark Discuss or Analyse
  ok   #152 L7.content_html [MEDIUM] F6: invented examiner claim.
  PATCH L7: practice_questions, content_html
  ok   #9 L8.practice_questions[1].text [HIGH] F1: 'State' is a 1-mark command word on this paper; the 2-mark slot is 'Outline' (one point plus a linked deve
  ok   #10 L8.practice_questions[1].type [HIGH] F1: 'State' is a 1-mark command word on this paper; the 2-mark slot is 'Outline' (one point plus a linked deve
  ok   #11 L8.practice_questions[1].marks [HIGH] F1: 'State' is a 1-mark command word on this paper; the 2-mark slot is 'Outline' (one point plus a linked deve
  ok   #37 L8.practice_questions[2].text [HIGH] F2: 'Outline' is the 2-mark command word on this paper; the 3-mark slot is 'Explain' (a statement plus two dev
  ok   #38 L8.practice_questions[2].type [HIGH] F2: 'Outline' is the 2-mark command word on this paper; the 3-mark slot is 'Explain' (a statement plus two dev
  ok   #87 L8.practice_questions[4].type [HIGH] F4: 'Discuss' and 'Analyse' are both 6-mark command words on this paper; there is no 9-mark Discuss or Analyse
  ok   #88 L8.practice_questions[4].marks [HIGH] F4: 'Discuss' and 'Analyse' are both 6-mark command words on this paper; there is no 9-mark Discuss or Analyse
  ok   #121 L8.practice_questions[5].type [HIGH] F5: 'Justify' (recommend one of two options) is the 9-mark question on this paper; 12 marks is 'Evaluate'. Ban
  ok   #122 L8.practice_questions[5].marks [HIGH] F5: 'Justify' (recommend one of two options) is the 9-mark question on this paper; 12 marks is 'Evaluate'. Ban
  ok   #138 L8.exam_tip_html [HIGH] F6: exam tips name tariffs this paper does not set (6-mark Explain, 9-mark Discuss/Analyse, 12-mark Justify) a
  ok   #159 L8.flashcard_questions[5].a [HIGH] F11: the lesson body states job production offers maximum flexibility and customisation; batch sits between jo
  PATCH L8: practice_questions, exam_tip_html, flashcard_questions
  ok   #12 L9.practice_questions[1].text [HIGH] F1: 'State' is a 1-mark command word on this paper; the 2-mark slot is 'Outline' (one point plus a linked deve
  ok   #13 L9.practice_questions[1].type [HIGH] F1: 'State' is a 1-mark command word on this paper; the 2-mark slot is 'Outline' (one point plus a linked deve
  ok   #14 L9.practice_questions[1].marks [HIGH] F1: 'State' is a 1-mark command word on this paper; the 2-mark slot is 'Outline' (one point plus a linked deve
  ok   #45 L9.practice_questions[2].text [HIGH] F2: 'Outline' is the 2-mark command word on this paper; the 3-mark slot is 'Explain' (a statement plus two dev
  ok   #46 L9.practice_questions[2].type [HIGH] F2: 'Outline' is the 2-mark command word on this paper; the 3-mark slot is 'Explain' (a statement plus two dev
  ok   #47 L9.practice_questions[2].marks [HIGH] F2: 'Outline' is the 2-mark command word on this paper; the 3-mark slot is 'Explain' (a statement plus two dev
  ok   #73 L9.practice_questions[3].text [HIGH] F3: 'Explain' is the 3-mark command word on this paper. A 6-mark extended answer with no context is 'Discuss'.
  ok   #74 L9.practice_questions[3].type [HIGH] F3: 'Explain' is the 3-mark command word on this paper. A 6-mark extended answer with no context is 'Discuss'.
  ok   #107 L9.practice_questions[4].type [HIGH] F4: 'Discuss' and 'Analyse' are both 6-mark command words on this paper; there is no 9-mark Discuss or Analyse
  ok   #108 L9.practice_questions[4].marks [HIGH] F4: 'Discuss' and 'Analyse' are both 6-mark command words on this paper; there is no 9-mark Discuss or Analyse
  ok   #123 L9.practice_questions[5].type [HIGH] F5: 'Justify' (recommend one of two options) is the 9-mark question on this paper; 12 marks is 'Evaluate'. Ban
  ok   #124 L9.practice_questions[5].marks [HIGH] F5: 'Justify' (recommend one of two options) is the 9-mark question on this paper; 12 marks is 'Evaluate'. Ban
  ok   #139 L9.exam_tip_html [HIGH] F6: exam tips name tariffs this paper does not set (6-mark Explain, 9-mark Discuss/Analyse, 12-mark Justify) a
  ok   #153 L9.conclusion_html [HIGH] F7: buffer stock IS the minimum stock level, as the lesson body and practice question 1 both state. The conclu
  PATCH L9: practice_questions, exam_tip_html, conclusion_html
  ok   #15 L10.practice_questions[1].text [HIGH] F1: 'State' is a 1-mark command word on this paper; the 2-mark slot is 'Outline' (one point plus a linked deve
  ok   #16 L10.practice_questions[1].type [HIGH] F1: 'State' is a 1-mark command word on this paper; the 2-mark slot is 'Outline' (one point plus a linked deve
  ok   #17 L10.practice_questions[1].marks [HIGH] F1: 'State' is a 1-mark command word on this paper; the 2-mark slot is 'Outline' (one point plus a linked deve
  ok   #48 L10.practice_questions[2].text [HIGH] F2: 'Outline' is the 2-mark command word on this paper; the 3-mark slot is 'Explain' (a statement plus two dev
  ok   #49 L10.practice_questions[2].type [HIGH] F2: 'Outline' is the 2-mark command word on this paper; the 3-mark slot is 'Explain' (a statement plus two dev
  ok   #50 L10.practice_questions[2].marks [HIGH] F2: 'Outline' is the 2-mark command word on this paper; the 3-mark slot is 'Explain' (a statement plus two dev
  ok   #75 L10.practice_questions[3].text [HIGH] F3: 'Explain' is the 3-mark command word on this paper. A 6-mark extended answer with no context is 'Discuss'.
  ok   #76 L10.practice_questions[3].type [HIGH] F3: 'Explain' is the 3-mark command word on this paper. A 6-mark extended answer with no context is 'Discuss'.
  ok   #89 L10.practice_questions[4].type [HIGH] F4: 'Discuss' and 'Analyse' are both 6-mark command words on this paper; there is no 9-mark Discuss or Analyse
  ok   #90 L10.practice_questions[4].marks [HIGH] F4: 'Discuss' and 'Analyse' are both 6-mark command words on this paper; there is no 9-mark Discuss or Analyse
  ok   #140 L10.exam_tip_html [HIGH] F6: exam tips name tariffs this paper does not set (6-mark Explain, 9-mark Discuss/Analyse, 12-mark Justify) a
  PATCH L10: practice_questions, exam_tip_html
  ok   #125 L11.practice_questions[5].type [HIGH] F5: 'Justify' (recommend one of two options) is the 9-mark question on this paper; 12 marks is 'Evaluate'. Ban
  ok   #126 L11.practice_questions[5].marks [HIGH] F5: 'Justify' (recommend one of two options) is the 9-mark question on this paper; 12 marks is 'Evaluate'. Ban
  ok   #141 L11.exam_tip_html [MEDIUM] F6: 'examiners want you to' is an invented examiner claim; the advice itself is sound.
  ok   #165 L11.practice_questions[3].text [HIGH] F15: the stem said 'total additional profit' while the scheme headlined 40.00%, worked to 10.00%, then offered
  ok   #166 L11.practice_questions[3].marks [HIGH] F15: single recomputed answer. 56,000 - 40,000 = 16,000; 16,000 / 4 = 4,000; 4,000 / 40,000 x 100 = 10.00%.
  ok   #167 L11.practice_questions[2].text [MEDIUM] F16: 'Identify' reads a value straight off a table or graph. These questions need two or three calculation ste
  ok   #168 L11.practice_questions[2].type [MEDIUM] F16: 'Identify' reads a value straight off a table or graph. These questions need two or three calculation ste
  ok   #169 L11.practice_questions[2].marks [MEDIUM] F16: 'Identify' reads a value straight off a table or graph. These questions need two or three calculation ste
  ok   #173 L11.description [LOW] F17: description exceeds the 100-character limit the content validator enforces.
  PATCH L11: practice_questions, exam_tip_html, description
  ok   #51 L12.practice_questions[2].text [HIGH] F2: 'Outline' is the 2-mark command word on this paper; the 3-mark slot is 'Explain' (a statement plus two dev
  ok   #52 L12.practice_questions[2].type [HIGH] F2: 'Outline' is the 2-mark command word on this paper; the 3-mark slot is 'Explain' (a statement plus two dev
  ok   #53 L12.practice_questions[2].marks [HIGH] F2: 'Outline' is the 2-mark command word on this paper; the 3-mark slot is 'Explain' (a statement plus two dev
  ok   #91 L12.practice_questions[4].type [HIGH] F4: 'Discuss' and 'Analyse' are both 6-mark command words on this paper; there is no 9-mark Discuss or Analyse
  ok   #92 L12.practice_questions[4].marks [HIGH] F4: 'Discuss' and 'Analyse' are both 6-mark command words on this paper; there is no 9-mark Discuss or Analyse
  ok   #170 L12.practice_questions[0].text [MEDIUM] F16: 'Identify' reads a value straight off a table or graph. These questions need two or three calculation ste
  ok   #171 L12.practice_questions[0].type [MEDIUM] F16: 'Identify' reads a value straight off a table or graph. These questions need two or three calculation ste
  ok   #172 L12.practice_questions[0].marks [MEDIUM] F16: 'Identify' reads a value straight off a table or graph. These questions need two or three calculation ste
  ok   #174 L12.description [LOW] F17: description exceeds the 100-character limit the content validator enforces.
  PATCH L12: practice_questions, description
  ok   #18 L13.practice_questions[1].text [HIGH] F1: 'State' is a 1-mark command word on this paper; the 2-mark slot is 'Outline' (one point plus a linked deve
  ok   #19 L13.practice_questions[1].type [HIGH] F1: 'State' is a 1-mark command word on this paper; the 2-mark slot is 'Outline' (one point plus a linked deve
  ok   #20 L13.practice_questions[1].marks [HIGH] F1: 'State' is a 1-mark command word on this paper; the 2-mark slot is 'Outline' (one point plus a linked deve
  ok   #54 L13.practice_questions[2].text [HIGH] F2: 'Outline' is the 2-mark command word on this paper; the 3-mark slot is 'Explain' (a statement plus two dev
  ok   #55 L13.practice_questions[2].type [HIGH] F2: 'Outline' is the 2-mark command word on this paper; the 3-mark slot is 'Explain' (a statement plus two dev
  ok   #56 L13.practice_questions[2].marks [HIGH] F2: 'Outline' is the 2-mark command word on this paper; the 3-mark slot is 'Explain' (a statement plus two dev
  ok   #77 L13.practice_questions[3].text [HIGH] F3: 'Explain' is the 3-mark command word on this paper. A 6-mark extended answer with no context is 'Discuss'.
  ok   #78 L13.practice_questions[3].type [HIGH] F3: 'Explain' is the 3-mark command word on this paper. A 6-mark extended answer with no context is 'Discuss'.
  ok   #93 L13.practice_questions[4].type [HIGH] F4: 'Discuss' and 'Analyse' are both 6-mark command words on this paper; there is no 9-mark Discuss or Analyse
  ok   #94 L13.practice_questions[4].marks [HIGH] F4: 'Discuss' and 'Analyse' are both 6-mark command words on this paper; there is no 9-mark Discuss or Analyse
  ok   #127 L13.practice_questions[5].type [HIGH] F5: 'Justify' (recommend one of two options) is the 9-mark question on this paper; 12 marks is 'Evaluate'. Ban
  ok   #128 L13.practice_questions[5].marks [HIGH] F5: 'Justify' (recommend one of two options) is the 9-mark question on this paper; 12 marks is 'Evaluate'. Ban
  ok   #142 L13.exam_tip_html [HIGH] F6: exam tips name tariffs this paper does not set (6-mark Explain, 9-mark Discuss/Analyse, 12-mark Justify) a
  ok   #143 L13.exam_tip_html [HIGH] F6: exam tips name tariffs this paper does not set (6-mark Explain, 9-mark Discuss/Analyse, 12-mark Justify) a
  ok   #154 L13.content_html [HIGH] F8: the definition given is a zero-hours contract. The lesson body correctly says flexible hours means varying
  ok   #155 L13.glossary_terms[8].definition [HIGH] F8: the definition given is a zero-hours contract. The lesson body correctly says flexible hours means varying
  PATCH L13: practice_questions, exam_tip_html, content_html, glossary_terms
  ok   #21 L14.practice_questions[5].text [HIGH] F1: 'State' is a 1-mark command word on this paper; the 2-mark slot is 'Outline' (one point plus a linked deve
  ok   #22 L14.practice_questions[5].type [HIGH] F1: 'State' is a 1-mark command word on this paper; the 2-mark slot is 'Outline' (one point plus a linked deve
  ok   #23 L14.practice_questions[5].marks [HIGH] F1: 'State' is a 1-mark command word on this paper; the 2-mark slot is 'Outline' (one point plus a linked deve
  ok   #57 L14.practice_questions[1].text [HIGH] F2: 'Outline' is the 2-mark command word on this paper; the 3-mark slot is 'Explain' (a statement plus two dev
  ok   #58 L14.practice_questions[1].type [HIGH] F2: 'Outline' is the 2-mark command word on this paper; the 3-mark slot is 'Explain' (a statement plus two dev
  ok   #59 L14.practice_questions[1].marks [HIGH] F2: 'Outline' is the 2-mark command word on this paper; the 3-mark slot is 'Explain' (a statement plus two dev
  ok   #79 L14.practice_questions[2].text [HIGH] F3: 'Explain' is the 3-mark command word on this paper. A 6-mark extended answer with no context is 'Discuss'.
  ok   #80 L14.practice_questions[2].type [HIGH] F3: 'Explain' is the 3-mark command word on this paper. A 6-mark extended answer with no context is 'Discuss'.
  ok   #109 L14.practice_questions[3].type [HIGH] F4: 'Discuss' and 'Analyse' are both 6-mark command words on this paper; there is no 9-mark Discuss or Analyse
  ok   #110 L14.practice_questions[3].marks [HIGH] F4: 'Discuss' and 'Analyse' are both 6-mark command words on this paper; there is no 9-mark Discuss or Analyse
  ok   #144 L14.exam_tip_html [HIGH] F6: exam tips name tariffs this paper does not set (6-mark Explain, 9-mark Discuss/Analyse, 12-mark Justify) a
  ok   #145 L14.exam_tip_html [HIGH] F6: wrong tariff, plus an invented rule ('at least twice') that no mark scheme states.
  PATCH L14: practice_questions, exam_tip_html
  ok   #24 L15.practice_questions[1].text [HIGH] F1: 'State' is a 1-mark command word on this paper; the 2-mark slot is 'Outline' (one point plus a linked deve
  ok   #25 L15.practice_questions[1].type [HIGH] F1: 'State' is a 1-mark command word on this paper; the 2-mark slot is 'Outline' (one point plus a linked deve
  ok   #26 L15.practice_questions[1].marks [HIGH] F1: 'State' is a 1-mark command word on this paper; the 2-mark slot is 'Outline' (one point plus a linked deve
  ok   #60 L15.practice_questions[2].text [HIGH] F2: 'Outline' is the 2-mark command word on this paper; the 3-mark slot is 'Explain' (a statement plus two dev
  ok   #61 L15.practice_questions[2].type [HIGH] F2: 'Outline' is the 2-mark command word on this paper; the 3-mark slot is 'Explain' (a statement plus two dev
  ok   #62 L15.practice_questions[2].marks [HIGH] F2: 'Outline' is the 2-mark command word on this paper; the 3-mark slot is 'Explain' (a statement plus two dev
  ok   #95 L15.practice_questions[4].type [HIGH] F4: 'Discuss' and 'Analyse' are both 6-mark command words on this paper; there is no 9-mark Discuss or Analyse
  ok   #96 L15.practice_questions[4].marks [HIGH] F4: 'Discuss' and 'Analyse' are both 6-mark command words on this paper; there is no 9-mark Discuss or Analyse
  ok   #129 L15.practice_questions[5].type [HIGH] F5: 'Justify' (recommend one of two options) is the 9-mark question on this paper; 12 marks is 'Evaluate'. Ban
  ok   #130 L15.practice_questions[5].marks [HIGH] F5: 'Justify' (recommend one of two options) is the 9-mark question on this paper; 12 marks is 'Evaluate'. Ban
  ok   #146 L15.exam_tip_html [HIGH] F6: exam tips name tariffs this paper does not set (6-mark Explain, 9-mark Discuss/Analyse, 12-mark Justify) a
  ok   #147 L15.exam_tip_html [HIGH] F6: exam tips name tariffs this paper does not set (6-mark Explain, 9-mark Discuss/Analyse, 12-mark Justify) a
  ok   #150 L15.content_html [HIGH] F6: exam tips name tariffs this paper does not set (6-mark Explain, 9-mark Discuss/Analyse, 12-mark Justify) a
  ok   #156 L15.content_html [HIGH] F9: 'more varied tasks at a similar level of responsibility' is job enlargement. The lesson body correctly say
  ok   #157 L15.glossary_terms[7].definition [HIGH] F9: 'more varied tasks at a similar level of responsibility' is job enlargement. The lesson body correctly say
  PATCH L15: practice_questions, exam_tip_html, content_html, glossary_terms
=== 175 applied, 0 skipped, 15 lessons / 40 fields changed
