
=== RE-NARRATION (changed narrated text only) ===
backup: C:\Users\tshau\Documents\Study Vault\scripts\_retrofc\units\business-edexcel__building-a-business\_backup.json
unit:   business-edexcel / building-a-business
run: 2026-09-06T10:11:32Z  mode: LIVE
  L12: no narrated field changed -> skip

14 lessons, 20 clips to regenerate

  L01 (Ollie)  Methods of Business Growth
      n18: On a 6-mark Discuss question about growth methods, write two well-developed points, each with a clear statemen
             -> 437 KB, 37.3s, uploaded
      manifest updated (22 entries)
  L02 (Ada)  Why and How Aims and Objectives Change
      n15: On a 6-mark Discuss question, remember there is no case-study context — write two well-developed points using 
             -> 525 KB, 44.8s, uploaded
      manifest updated (19 entries)
  L03 (Ollie)  Globalisation and International Trade
      n3: Key Fact . Globalisation creates opportunities (new export markets, lower import costs) and threats (overseas 
             -> 211 KB, 18.0s, uploaded
      n11: Trade blocs are groups of countries that reduce or remove trade barriers between their members. The European U
             -> 378 KB, 32.3s, uploaded
      n16: Many students treat globalisation as something that only hurts UK businesses by bringing in cheap imports. In 
             -> 410 KB, 34.9s, uploaded
      n17: Calculation questions in this topic often involve converting a price using an exchange rate. For example: a bu
             -> 476 KB, 40.6s, uploaded
      manifest updated (21 entries)
  L04 (Ada)  Ethics, the Environment and Pressure Groups
      n13: Key Fact . Pressure groups can force changes to a business’s product, price, place and promotion — not just on
             -> 195 KB, 16.6s, uploaded
      n14: Ethics and environment suits the 12-mark Evaluate question, because the trade-offs give you two genuine sides 
             -> 467 KB, 39.8s, uploaded
      manifest updated (18 entries)
  L05 (Ollie)  Product and the Product Life Cycle
      n21: For a 2-mark Outline question on the product life cycle, make two linked points in context — name a phase and 
             -> 474 KB, 40.5s, uploaded
      manifest updated (25 entries)
  L06 (Ada)  Pricing Strategies and Promotion
      n18: For a 6-mark Analyse question on pricing or promotion, the question will give you a business context. Use it —
             -> 513 KB, 43.8s, uploaded
      manifest updated (22 entries)
  L07 (Ollie)  Place and the Integrated Marketing Mix
      n17: Students often list the four Ps separately and describe each one without connecting them. In extended-response
             -> 337 KB, 28.7s, uploaded
      manifest updated (22 entries)
  L08 (Ada)  Production Processes and Technology
      n20: For a 6-mark Analyse question on production processes, the question will give you a business context. Identify
             -> 487 KB, 41.5s, uploaded
      manifest updated (24 entries)
  L09 (Ollie)  Stock Control and Working with Suppliers
      n30: For “Outline” questions (2 marks), give two linked points in context — for example, state what JIT is and conn
             -> 346 KB, 29.5s, uploaded
      n32: Bar gate stock graphs show stock levels over time; the re-order level is set above the minimum stock level to 
             -> 112 KB, 9.6s, uploaded
      manifest updated (34 entries)
  L10 (Ada)  Quality and the Sales Process
      n25: For a 6-mark “Discuss” question about quality, focus on two points only — two well-developed points earn more 
             -> 399 KB, 34.1s, uploaded
      manifest updated (29 entries)
  L11 (Ollie)  Profit Calculations and Average Rate of Return
      n33: For calculation questions, always show your working even when the question only specifies 2 marks — a method m
             -> 429 KB, 36.6s, uploaded
      manifest updated (37 entries)
  L13 (Ollie)  Organisational Structures and Ways of Working
      n26: On a 6-mark Discuss question about organisational structures, you only need two well-developed points. A safe 
             -> 612 KB, 52.2s, uploaded
      manifest updated (30 entries)
  L14 (Ada)  Recruitment, Training and Development
      n24: On a 6-mark Discuss question about recruitment or training, write two clear, well-developed points rather than
             -> 481 KB, 41.1s, uploaded
      manifest updated (28 entries)
  L15 (Ollie)  Motivating Employees
      n21: The key evaluative point is that motivation is ultimately about matching the method to the employee’s needs an
             -> 213 KB, 18.2s, uploaded
      n22: For a 6-mark Analyse question on motivation, you must place your answer in context — the question will provide
             -> 704 KB, 60.0s, uploaded
      manifest updated (26 entries)

Regenerated 20 clips.

=== VERIFY (ranged GET + freshness) ===
  206  L01 n18  bytes 0-3/447552  Last-Modified: Sun, 06 Sep 2026 10:11:46 GMT  mp3-sync=OK
  206  L02 n15  bytes 0-3/537984  Last-Modified: Sun, 06 Sep 2026 10:11:54 GMT  mp3-sync=OK
  206  L03 n3  bytes 0-3/216288  Last-Modified: Sun, 06 Sep 2026 10:11:59 GMT  mp3-sync=OK
  206  L03 n11  bytes 0-3/387072  Last-Modified: Sun, 06 Sep 2026 10:12:05 GMT  mp3-sync=OK
  206  L03 n16  bytes 0-3/419328  Last-Modified: Sun, 06 Sep 2026 10:12:12 GMT  mp3-sync=OK
  206  L03 n17  bytes 0-3/487296  Last-Modified: Sun, 06 Sep 2026 10:12:18 GMT  mp3-sync=OK
  206  L04 n13  bytes 0-3/199296  Last-Modified: Sun, 06 Sep 2026 10:12:23 GMT  mp3-sync=OK
  206  L04 n14  bytes 0-3/477792  Last-Modified: Sun, 06 Sep 2026 10:12:30 GMT  mp3-sync=OK
  206  L05 n21  bytes 0-3/485568  Last-Modified: Sun, 06 Sep 2026 10:12:39 GMT  mp3-sync=OK
  206  L06 n18  bytes 0-3/525312  Last-Modified: Sun, 06 Sep 2026 10:12:47 GMT  mp3-sync=OK
  206  L07 n17  bytes 0-3/344736  Last-Modified: Sun, 06 Sep 2026 10:12:54 GMT  mp3-sync=OK
  206  L08 n20  bytes 0-3/498528  Last-Modified: Sun, 06 Sep 2026 10:13:02 GMT  mp3-sync=OK
  206  L09 n30  bytes 0-3/353952  Last-Modified: Sun, 06 Sep 2026 10:13:07 GMT  mp3-sync=OK
  206  L09 n32  bytes 0-3/114624  Last-Modified: Sun, 06 Sep 2026 10:13:10 GMT  mp3-sync=OK
  206  L10 n25  bytes 0-3/408960  Last-Modified: Sun, 06 Sep 2026 10:13:16 GMT  mp3-sync=OK
  206  L11 n33  bytes 0-3/439200  Last-Modified: Sun, 06 Sep 2026 10:13:23 GMT  mp3-sync=OK
  206  L13 n26  bytes 0-3/626400  Last-Modified: Sun, 06 Sep 2026 10:13:33 GMT  mp3-sync=OK
  206  L14 n24  bytes 0-3/492768  Last-Modified: Sun, 06 Sep 2026 10:13:41 GMT  mp3-sync=OK
  206  L15 n21  bytes 0-3/218016  Last-Modified: Sun, 06 Sep 2026 10:13:48 GMT  mp3-sync=OK
  206  L15 n22  bytes 0-3/720576  Last-Modified: Sun, 06 Sep 2026 10:14:06 GMT  mp3-sync=OK

20/20 clips verified HTTP 200/206 with fresh audio.
