=== APPLY EDITS geography-edexcel-a/paper-2-human-environment  45 edits  LIVE  2026-09-06T04:41:37.608Z
  ok   #0 L1.content_html [MEDIUM] F1: Greater London is about 9.1 million (ONS 2024), not 9.7 million.
  ok   #1 L1.content_html [MEDIUM] F2: the West Midlands conurbation holds about 2.4 million, not 4 million.
  ok   #2 L1.content_html [MEDIUM] F1/F2: corrected conurbation figures in the key fact.
  ok   #36 L1.knowledge_checks[0].options[1] [MEDIUM] F1: keeps the correct option in step with the corrected text.
  ok   #37 L1.flashcard_questions[11].a [MEDIUM] F1: corrected London figure.
  PATCH L1: content_html, knowledge_checks, flashcard_questions
  ok   #3 L2.content_html [MEDIUM] F4: Spaghetti Junction is the M6/A38(M) interchange; the M5 and M42 do not run through it.
  ok   #4 L2.content_html [MEDIUM] F2: the conurbation holds about 2.4 million.
  ok   #5 L2.content_html [MEDIUM] F5: the West Midlands makes roughly a tenth of UK manufacturing output, not a quarter.
  ok   #6 L2.content_html [MEDIUM] F6: inner Birmingham was largely cleared and rebuilt between 1950 and 1975.
  ok   #7 L2.exam_tip_html [HIGH] F7: invented mark allocation; there is no 12-mark question on this paper.
  ok   #8 L2.exam_tip_html [MEDIUM] F8: fabricated examiner claim.
  ok   #38 L2.flashcard_questions[1].a [MEDIUM] F2: corrected conurbation figure.
  PATCH L2: content_html, exam_tip_html, flashcard_questions
  ok   #9 L3.content_html [MEDIUM] F9: Romania joined the EU in 2007, not 2004.
  ok   #10 L3.content_html [MEDIUM] F10: Birmingham's own child poverty rate is about 40%, so 47% is not double the city average.
  ok   #11 L3.exam_tip_html [HIGH] F11: 12-mark extended writing belongs to the fieldwork and UK challenges paper, not this one.
  ok   #12 L3.exam_tip_html [MEDIUM] F12: fabricated examiner claim.
  PATCH L3: content_html, exam_tip_html
  ok   #13 L4.content_html [HIGH] F13: there is no 12-mark question on this paper.
  ok   #14 L4.content_html [MEDIUM] F14: Jawaharlal Nehru Port is India's busiest container port, not the world's.
  ok   #15 L4.content_html [LOW] F15: most of the Mumbai Metro is elevated; only Line 3 runs underground.
  ok   #16 L4.exam_tip_html [MEDIUM] F16: fabricated examiner claim.
  PATCH L4: content_html, exam_tip_html
  ok   #17 L5.content_html [MEDIUM] F17: World Bank 2022 PPP values are UK $60,267, Bangladesh $8,449, Norway $129,914.
  ok   #18 L5.content_html [MEDIUM] F18: World Bank 2022 PPP for Saudi Arabia is $71,957.
  ok   #19 L5.content_html [MEDIUM] F19: Somalia and South Sudan score below Niger in that report.
  ok   #20 L5.exam_tip_html [MEDIUM] F18: corrected Saudi PPP figure.
  ok   #39 L5.practice_questions[3].marks [MEDIUM] F19: Niger is not the lowest-ranked country in that report.
  ok   #40 L5.practice_questions[5].marks [MEDIUM] F17: corrected Norway PPP figure.
  PATCH L5: content_html, exam_tip_html, practice_questions
  ok   #21 L6.content_html [MEDIUM] F20: World Bank 2022 PPP gives Norway $129,914 against Burundi $1,101, a gap of about 118 times.
  ok   #22 L6.content_html [MEDIUM] F20: corrected in the key fact.
  ok   #23 L6.content_html [MEDIUM] F21: the Mumbai-Ahmedabad high-speed line is funded by Japan; the World Bank funded Mumbai's suburban rail.
  ok   #24 L6.content_html [MEDIUM] F22: £57,000 is the figure for the London region; inner London is several times higher.
  ok   #25 L6.content_html [LOW] F23: the SDGs are 17 goals, split into 169 targets.
  ok   #41 L6.knowledge_checks[1].q [LOW] F23: the SDGs are 17 goals.
  PATCH L6: content_html, knowledge_checks
  ok   #26 L7.content_html [LOW] F24: Indonesia, Pakistan and India are all close, and the ranking is disputed.
  ok   #27 L7.content_html [MEDIUM] F25: World Bank gives India's 1990 fertility rate as 4.05.
  ok   #28 L7.exam_tip_html [HIGH] F26: there is no 12-mark question on this paper.
  ok   #42 L7.practice_questions[3].marks [MEDIUM] F25: corrected 1990 fertility rate.
  PATCH L7: content_html, exam_tip_html, practice_questions
  ok   #29 L8.content_html [MEDIUM] F27: 10 million hectares is the global figure; Amazon loss is nearer 1-2 million hectares a year.
  ok   #30 L8.content_html [MEDIUM] F28: 13% is total UK woodland cover; Sitka spruce is about a quarter of it.
  ok   #31 L8.content_html [MEDIUM] F29: about 70% is the UK external water footprint; the EU's is nearer 40%.
  ok   #43 L8.flashcard_questions[6].q [MEDIUM] F28: 13% is woodland cover, not Sitka spruce alone.
  PATCH L8: content_html, flashcard_questions
  ok   #32 L9.content_html [MEDIUM] F30: low-carbon generation passed half of UK electricity several years before 2023.
  ok   #33 L9.content_html [MEDIUM] F31: EDF moved the start date to 2029-2031 in January 2024.
  ok   #34 L9.content_html [MEDIUM] F32: the 2030 date was restored, with hybrids permitted to 2035.
  ok   #44 L9.flashcard_questions[5].a [MEDIUM] F31: corrected Hinkley Point C start date.
  PATCH L9: content_html, flashcard_questions
  ok   #35 L10.content_html [MEDIUM] F33: no such campaign exists; replaced with a real UK example.
  PATCH L10: content_html
=== 45 applied, 0 skipped, 10 lessons / 23 fields changed
