
=== RE-NARRATION (changed narrated text only) ===
backup: C:\Users\tshau\Documents\Study Vault\scripts\_retrofc\units\geography-edexcel-a__paper-2-human-environment\_backup.json
unit:   geography-edexcel-a / paper-2-human-environment
run: 2026-09-06T04:41:43Z  mode: LIVE

10 lessons, 32 clips to regenerate

  L01 (Ollie)  Urbanisation: Global & UK Patterns
      n10: The UK’s urban population sits in clear clusters. Greater London dominates with about 9.1 million people — rou
             -> 556 KB, 47.4s, uploaded
      n14: Key Fact . The UK’s biggest conurbations — Greater London (9.1m), the West Midlands (2.4m), Greater Manchester
             -> 226 KB, 19.2s, uploaded
      manifest updated (19 entries)
  L02 (Ada)  A Major UK City: Site, Structure & Functions
      n2: Edexcel asks for a detailed case study of one major UK city. We will use Birmingham — the UK’s second largest 
             -> 398 KB, 34.0s, uploaded
      n4: Geographers separate site from situation . Birmingham’s site sits on a low sandstone plateau roughly 140 m abo
             -> 624 KB, 53.3s, uploaded
      n7: In its national context, Birmingham is the second-largest UK city and a major financial, retail, education and
             -> 532 KB, 45.4s, uploaded
      n15: Older British cities show a paradox — the CBD usually has both the oldest historic buildings (the Town Hall, S
             -> 465 KB, 39.7s, uploaded
      n17: Edexcel wants detailed knowledge of one named UK city, so learn it thoroughly. Always quote a specific Birming
             -> 420 KB, 35.9s, uploaded
      manifest updated (21 entries)
  L03 (Ollie)  Change & Inequality in a UK City
      n7: Birmingham’s population is one of the most ethnically mixed in the UK. Post-war Commonwealth migration brought
             -> 504 KB, 43.0s, uploaded
      n14: Economic change has widened the gap between Birmingham’s neighbourhoods. The Index of Multiple Deprivation pla
             -> 485 KB, 41.4s, uploaded
      n19: Edexcel A’s Paper 2 expects a named UK city throughout — if you write ‘in many UK cities’ you will lose marks.
             -> 380 KB, 32.5s, uploaded
      manifest updated (23 entries)
  L04 (Ada)  A Major City in a Developing or Emerging Country
      n2: Mumbai is the financial capital of India and one of the largest cities in the world, with a metropolitan popul
             -> 298 KB, 25.4s, uploaded
      n4: Mumbai sits on a narrow peninsula on the west coast of India, with the Arabian Sea on three sides. The origina
             -> 568 KB, 48.5s, uploaded
      n17: Edexcel A asks for the same depth on your developing/emerging city as on your UK city. For 6-mark questions, g
             -> 367 KB, 31.3s, uploaded
      manifest updated (21 entries)
  L05 (Ollie)  Defining & Measuring Development
      n4: The classic economic measure is GDP per capita . It tells you, on average, how much income each person in a co
             -> 391 KB, 33.3s, uploaded
      n14: Key Fact . Composite measures (HDI, IHDI, MPI), inequality measures (Gini), political measures (CPI) and secur
             -> 290 KB, 24.7s, uploaded
      n15: A single indicator gives a partial picture, so geographers combine them. Compare Saudi Arabia (high GDP per ca
             -> 536 KB, 45.7s, uploaded
      n18: Edexcel A loves the question ‘assess the usefulness of one measure of development’. Always quote one strength 
             -> 391 KB, 33.4s, uploaded
      manifest updated (22 entries)
  L06 (Ada)  Uneven Global Development & Strategies to Address It
      n2: If you map global GDP per capita, the result is striking: a wide band of high-income countries across North Am
             -> 436 KB, 37.2s, uploaded
      n5: Key Fact . Physical (climate, hazards, landlockedness, resources), historic (colonialism, conflict) and econom
             -> 228 KB, 19.5s, uploaded
      n10: Uneven development is not only a global story. The UK’s GDP per capita varies from around £57,000 in London to
             -> 483 KB, 41.2s, uploaded
      n12: Many strategies aim to reduce uneven development. International aid can be bilateral (one government to anothe
             -> 672 KB, 57.4s, uploaded
      n15: Top-down approaches use scale and central planning. Examples include the Lesotho Highlands Water Project, the 
             -> 478 KB, 40.8s, uploaded
      manifest updated (23 entries)
  L07 (Ollie)  Development in a Developing or Emerging Country
      n4: India sits in South Asia, bordered by Pakistan to the west, China and Nepal to the north, Bangladesh and Myanm
             -> 560 KB, 47.8s, uploaded
      n12: India’s population pyramid has narrowed at the base over the past 30 years. Total fertility has fallen from ar
             -> 697 KB, 59.5s, uploaded
      n19: India questions on Edexcel A reward precise place knowledge. Memorise three positive impacts (life expectancy 
             -> 411 KB, 35.1s, uploaded
      manifest updated (23 entries)
  L08 (Ada)  Global & UK Resource Distribution
      n5: Key Fact . Resource exploitation causes reduced biodiversity (global deforestation around 10 million hectares 
             -> 227 KB, 19.4s, uploaded
      n9: The UK’s smaller landscape is also unevenly resourced. Soil and agriculture: rich loamy soils in East Anglia a
             -> 791 KB, 67.5s, uploaded
      n12: Consumption is also uneven, but not in the same way as supply. Wealthy countries consume far more energy and f
             -> 672 KB, 57.3s, uploaded
      manifest updated (21 entries)
  L09 (Ollie)  Energy Resource Management
      n5: Key Fact . The UK electricity mix in 2023 was roughly: gas 32%, wind 29%, nuclear 14%, biomass 5%, solar 5%, i
             -> 240 KB, 20.5s, uploaded
      n7: The UK has decarbonised faster than most large economies. In 1990, coal generated around 65% of UK electricity
             -> 652 KB, 55.7s, uploaded
      n17: The UK’s strategy combines several elements. Top-down: contracts that guarantee renewable producers a price (C
             -> 824 KB, 70.3s, uploaded
      manifest updated (23 entries)
  L10 (Ada)  Water Resource Management
      n12: Stakeholders rarely share the same view. Individuals tend to want cheap, plentiful water on demand and resent 
             -> 518 KB, 44.2s, uploaded
      manifest updated (21 entries)

Regenerated 32 clips.

=== VERIFY (ranged GET + freshness) ===
  206  L01 n10  bytes 0-3/569088  Last-Modified: Sun, 06 Sep 2026 04:41:58 GMT  mp3-sync=OK
  206  L01 n14  bytes 0-3/230976  Last-Modified: Sun, 06 Sep 2026 04:42:06 GMT  mp3-sync=OK
  206  L02 n2  bytes 0-3/407808  Last-Modified: Sun, 06 Sep 2026 04:42:13 GMT  mp3-sync=OK
  206  L02 n4  bytes 0-3/639360  Last-Modified: Sun, 06 Sep 2026 04:42:24 GMT  mp3-sync=OK
  206  L02 n7  bytes 0-3/544320  Last-Modified: Sun, 06 Sep 2026 04:42:36 GMT  mp3-sync=OK
  206  L02 n15  bytes 0-3/476064  Last-Modified: Sun, 06 Sep 2026 04:42:45 GMT  mp3-sync=OK
  206  L02 n17  bytes 0-3/430272  Last-Modified: Sun, 06 Sep 2026 04:42:56 GMT  mp3-sync=OK
  206  L03 n7  bytes 0-3/515808  Last-Modified: Sun, 06 Sep 2026 04:43:07 GMT  mp3-sync=OK
  206  L03 n14  bytes 0-3/496224  Last-Modified: Sun, 06 Sep 2026 04:43:17 GMT  mp3-sync=OK
  206  L03 n19  bytes 0-3/389376  Last-Modified: Sun, 06 Sep 2026 04:43:27 GMT  mp3-sync=OK
  206  L04 n2  bytes 0-3/305280  Last-Modified: Sun, 06 Sep 2026 04:43:35 GMT  mp3-sync=OK
  206  L04 n4  bytes 0-3/581472  Last-Modified: Sun, 06 Sep 2026 04:43:49 GMT  mp3-sync=OK
  206  L04 n17  bytes 0-3/375552  Last-Modified: Sun, 06 Sep 2026 04:43:57 GMT  mp3-sync=OK
  206  L05 n4  bytes 0-3/400032  Last-Modified: Sun, 06 Sep 2026 04:44:16 GMT  mp3-sync=OK
  206  L05 n14  bytes 0-3/296928  Last-Modified: Sun, 06 Sep 2026 04:44:28 GMT  mp3-sync=OK
  206  L05 n15  bytes 0-3/548928  Last-Modified: Sun, 06 Sep 2026 04:44:49 GMT  mp3-sync=OK
  206  L05 n18  bytes 0-3/400608  Last-Modified: Sun, 06 Sep 2026 04:45:00 GMT  mp3-sync=OK
  206  L06 n2  bytes 0-3/446688  Last-Modified: Sun, 06 Sep 2026 04:45:13 GMT  mp3-sync=OK
  206  L06 n5  bytes 0-3/233568  Last-Modified: Sun, 06 Sep 2026 04:45:19 GMT  mp3-sync=OK
  206  L06 n10  bytes 0-3/494496  Last-Modified: Sun, 06 Sep 2026 04:45:30 GMT  mp3-sync=OK
  206  L06 n12  bytes 0-3/688608  Last-Modified: Sun, 06 Sep 2026 04:45:43 GMT  mp3-sync=OK
  206  L06 n15  bytes 0-3/489312  Last-Modified: Sun, 06 Sep 2026 04:45:56 GMT  mp3-sync=OK
  206  L07 n4  bytes 0-3/573408  Last-Modified: Sun, 06 Sep 2026 04:46:11 GMT  mp3-sync=OK
  206  L07 n12  bytes 0-3/713952  Last-Modified: Sun, 06 Sep 2026 04:46:29 GMT  mp3-sync=OK
  206  L07 n19  bytes 0-3/420768  Last-Modified: Sun, 06 Sep 2026 04:46:39 GMT  mp3-sync=OK
  206  L08 n5  bytes 0-3/232416  Last-Modified: Sun, 06 Sep 2026 04:46:46 GMT  mp3-sync=OK
  206  L08 n9  bytes 0-3/810144  Last-Modified: Sun, 06 Sep 2026 04:47:05 GMT  mp3-sync=OK
  206  L08 n12  bytes 0-3/687744  Last-Modified: Sun, 06 Sep 2026 04:47:19 GMT  mp3-sync=OK
  206  L09 n5  bytes 0-3/245952  Last-Modified: Sun, 06 Sep 2026 04:47:27 GMT  mp3-sync=OK
  206  L09 n7  bytes 0-3/667872  Last-Modified: Sun, 06 Sep 2026 04:47:45 GMT  mp3-sync=OK
  206  L09 n17  bytes 0-3/843840  Last-Modified: Sun, 06 Sep 2026 04:48:05 GMT  mp3-sync=OK
  206  L10 n12  bytes 0-3/530784  Last-Modified: Sun, 06 Sep 2026 04:48:17 GMT  mp3-sync=OK

32/32 clips verified HTTP 200/206 with fresh audio.
