=== APPLY EDITS drama/rise-up  17 edits  LIVE  2026-09-18T07:34:05.978Z
  ok   #0 L1.content_html [MEDIUM] F5: student-facing text never names the exam board.
  ok   #1 L1.content_html [MEDIUM] F4/F6: 20 marks are for analysis and evaluation and 10 for knowledge and understanding; the paper lasts 1 hour
  ok   #2 L1.content_html [MEDIUM] F3: no Freedom Rider was killed in 1961, and the Kennedy administration condemned the Rides and called for a c
  ok   #3 L1.content_html [HIGH] F2: the bus was firebombed at Anniston; Birmingham is where the riders on the second bus were beaten.
  ok   #4 L1.conclusion_html [MEDIUM] F4: terminology on its own scores nothing; those 10 marks are for knowledge and understanding.
  ok   #5 L1.exam_tip_html [MEDIUM] F4: as above.
  ok   #6 L1.knowledge_checks[0].q [MEDIUM] F5: student-facing text never names the exam board.
  PATCH L1: content_html, conclusion_html, exam_tip_html, knowledge_checks
  ok   #7 L2.content_html [HIGH] F1: the Greyhound bus was firebombed at Anniston on 14 May 1961, and the scene itself opens with “Next stop, A
  PATCH L2: content_html
  ok   #8 L3.content_html [MEDIUM] F10: Nash organised the ride from Nashville; she was not on the bus.
  ok   #9 L3.flashcard_questions[0].q [MEDIUM] F10: keeps the flashcard in step with the lesson.
  ok   #10 L3.glossary_terms[0].definition [MEDIUM] F10: keeps the glossary in step with the lesson.
  PATCH L3: content_html, flashcard_questions, glossary_terms
  ok   #11 L4.content_html [MEDIUM] F8: lesson 2 puts her on a tall stool centre stage in the White Shoppers scene, so “always” is false.
  ok   #12 L4.content_html [MEDIUM] F9: the name is Bull Connor.
  ok   #13 L4.content_html [MEDIUM] F9: the name is Bull Connor.
  ok   #14 L4.content_html [MEDIUM] F9: the name is Bull Connor.
  ok   #15 L4.content_html [MEDIUM] F4: terminology is how you show that knowledge, not a separate 10 marks.
  ok   #16 L4.conclusion_html [MEDIUM] F4: as above.
  PATCH L4: content_html, conclusion_html
=== 17 applied, 0 skipped, 4 lessons / 10 fields changed
