=== APPLY EDITS cambridge-nationals-sport-studies/contemporary-issues-in-sport  30 edits  LIVE  2026-09-04T03:47:23.760Z
  ok   #0 L2.content_html [HIGH] F3: Restore the R184 barrier list.
  ok   #1 L2.content_html [HIGH] F3: Add the missing family-role-model/family-support barrier.
  ok   #2 L2.conclusion_html [HIGH] F3: Align the conclusion with R184.
  ok   #3 L2.flashcard_questions[11].q [HIGH] F3: Use the specification's media-coverage barrier.
  ok   #4 L2.flashcard_questions[11].a [HIGH] F3: Use the specification's media-coverage barrier.
  PATCH L2: content_html, conclusion_html, flashcard_questions
  ok   #5 L3.content_html [MED] F4: Correct the participant measure and remove the unsupported pitch comparison.
  ok   #6 L3.content_html [MED] F5: Use the LTA's reported court total and target.
  ok   #7 L3.content_html [MED] F5: Correct the recognised padel NGB.
  PATCH L3: content_html
  ok   #8 L5.content_html [MED] F6: Asher-Smith did not reach the 100m final.
  ok   #9 L5.content_html [MED] F7: The 14,500 figure includes staff, not only athletes.
  ok   #10 L5.content_html [MED] F8: Correct the programme's owner, purpose and support.
  PATCH L5: content_html
  ok   #11 L6.content_html [MED] F9: Correct the scope and deadline of the all-seater requirement.
  ok   #12 L6.knowledge_checks[1].options[2] [MED] F9: Correct the all-seater requirement's scope.
  ok   #13 L6.flashcard_questions[7].a [MED] F9: Correct the all-seater requirement's scope.
  PATCH L6: content_html, knowledge_checks, flashcard_questions
  ok   #14 L7.content_html [MED] F10: Alcohol was removed from the WADA Prohibited List.
  ok   #15 L7.content_html [MED] F10: Correct the List's category count and distinguish methods.
  ok   #16 L7.flashcard_questions[5].a [MED] F10: Remove alcohol from accepted List categories.
  ok   #17 L7.content_html [HIGH] F11: Remove the incorrect body name and AIN explanation.
  ok   #18 L7.content_html [HIGH] F11: Distinguish the Tokyo doping sanction from Paris 2024 eligibility conditions.
  ok   #19 L7.flashcard_questions[7].a [HIGH] F11: Correct the reason for the Paris 2024 designation.
  ok   #27 L7.content_html [MED] F16: Replace the false universal sanctions ladder with the WADA framework.
  ok   #28 L7.flashcard_questions[9].q [MED] F16: Criminal prosecution is not a universal next-level sporting sanction.
  ok   #29 L7.flashcard_questions[9].a [MED] F16: Align the answer with the corrected question.
  PATCH L7: content_html, flashcard_questions
  ok   #20 L8.content_html [HIGH] F12: Present the two distinct measures accurately.
  ok   #21 L8.practice_questions[3].marks [HIGH] F12: Replace the false Paris budget-overrun example without changing the house mark allocation.
  ok   #22 L8.flashcard_questions[10].q [HIGH] F12: Ask for the verified budget measure.
  ok   #23 L8.flashcard_questions[10].a [HIGH] F12: Correct the Paris 2024 organising budget.
  PATCH L8: content_html, practice_questions, flashcard_questions
  ok   #24 L10.content_html [MED] F14: The specification does not prescribe four particular NGBs.
  ok   #25 L10.content_html [MED] F15: World Rugby uses instrumented mouthguards, not helmet sensors.
  ok   #26 L10.practice_questions[3].marks [MED] F15: Correct the named rugby safety technology without changing the house allocation.
  PATCH L10: content_html, practice_questions
=== 30 applied, 0 skipped, 7 lessons / 15 fields changed
=== APPLY EDITS cambridge-nationals-sport-studies/contemporary-issues-in-sport  30 edits  LIVE  2026-09-04T03:47:43.995Z
  ok   #0 L2.content_html [HIGH] F3: Restore the R184 barrier list.
  ok   #1 L2.content_html [HIGH] F3: Add the missing family-role-model/family-support barrier.
  ok   #2 L2.conclusion_html [HIGH] F3: Align the conclusion with R184.
  ok   #3 L2.flashcard_questions[11].q [HIGH] F3: Use the specification's media-coverage barrier.
  ok   #4 L2.flashcard_questions[11].a [HIGH] F3: Use the specification's media-coverage barrier.
  PATCH L2: content_html, conclusion_html, flashcard_questions
  ok   #5 L3.content_html [MED] F4: Correct the participant measure and remove the unsupported pitch comparison.
  ok   #6 L3.content_html [MED] F5: Use the LTA's reported court total and target.
  ok   #7 L3.content_html [MED] F5: Correct the recognised padel NGB.
  PATCH L3: content_html
  ok   #8 L5.content_html [MED] F6: Asher-Smith did not reach the 100m final.
  ok   #9 L5.content_html [MED] F7: The 14,500 figure includes staff, not only athletes.
  ok   #10 L5.content_html [MED] F8: Correct the programme's owner, purpose and support.
  PATCH L5: content_html
  ok   #11 L6.content_html [MED] F9: Correct the scope and deadline of the all-seater requirement.
  ok   #12 L6.knowledge_checks[1].options[2] [MED] F9: Correct the all-seater requirement's scope.
  ok   #13 L6.flashcard_questions[7].a [MED] F9: Correct the all-seater requirement's scope.
  PATCH L6: content_html, knowledge_checks, flashcard_questions
  ok   #14 L7.content_html [MED] F10: Alcohol was removed from the WADA Prohibited List.
  ok   #15 L7.content_html [MED] F10: Correct the List's category count and distinguish methods.
  ok   #16 L7.flashcard_questions[5].a [MED] F10: Remove alcohol from accepted List categories.
  ok   #17 L7.content_html [HIGH] F11: Remove the incorrect body name and AIN explanation.
  ok   #18 L7.content_html [HIGH] F11: Distinguish the Tokyo doping sanction from Paris 2024 eligibility conditions.
  ok   #19 L7.flashcard_questions[7].a [HIGH] F11: Correct the reason for the Paris 2024 designation.
  ok   #27 L7.content_html [MED] F16: Replace the false universal sanctions ladder with the WADA framework.
  ok   #28 L7.flashcard_questions[9].q [MED] F16: Criminal prosecution is not a universal next-level sporting sanction.
  ok   #29 L7.flashcard_questions[9].a [MED] F16: Align the answer with the corrected question.
  PATCH L7: content_html, flashcard_questions
  ok   #20 L8.content_html [HIGH] F12: Present the two distinct measures accurately.
  ok   #21 L8.practice_questions[3].marks [HIGH] F12: Replace the false Paris budget-overrun example without changing the house mark allocation.
  ok   #22 L8.flashcard_questions[10].q [HIGH] F12: Ask for the verified budget measure.
  ok   #23 L8.flashcard_questions[10].a [HIGH] F12: Correct the Paris 2024 organising budget.
  PATCH L8: content_html, practice_questions, flashcard_questions
  ok   #24 L10.content_html [MED] F14: The specification does not prescribe four particular NGBs.
  ok   #25 L10.content_html [MED] F15: World Rugby uses instrumented mouthguards, not helmet sensors.
  ok   #26 L10.practice_questions[3].marks [MED] F15: Correct the named rugby safety technology without changing the house allocation.
  PATCH L10: content_html, practice_questions
=== 30 applied, 0 skipped, 7 lessons / 15 fields changed
=== APPLY EDITS cambridge-nationals-sport-studies/contemporary-issues-in-sport  30 edits  LIVE  2026-09-04T03:48:06.449Z
  ok   #0 L2.content_html [HIGH] F3: Restore the R184 barrier list.
  ok   #1 L2.content_html [HIGH] F3: Add the missing family-role-model/family-support barrier.
  ok   #2 L2.conclusion_html [HIGH] F3: Align the conclusion with R184.
  ok   #3 L2.flashcard_questions[11].q [HIGH] F3: Use the specification's media-coverage barrier.
  ok   #4 L2.flashcard_questions[11].a [HIGH] F3: Use the specification's media-coverage barrier.
  PATCH L2: content_html, conclusion_html, flashcard_questions
  ok   #5 L3.content_html [MED] F4: Correct the participant measure and remove the unsupported pitch comparison.
  ok   #6 L3.content_html [MED] F5: Use the LTA's reported court total and target.
  ok   #7 L3.content_html [MED] F5: Correct the recognised padel NGB.
  PATCH L3: content_html
  ok   #8 L5.content_html [MED] F6: Asher-Smith did not reach the 100m final.
  ok   #9 L5.content_html [MED] F7: The 14,500 figure includes staff, not only athletes.
  ok   #10 L5.content_html [MED] F8: Correct the programme's owner, purpose and support.
  PATCH L5: content_html
  ok   #11 L6.content_html [MED] F9: Correct the scope and deadline of the all-seater requirement.
  ok   #12 L6.knowledge_checks[1].options[2] [MED] F9: Correct the all-seater requirement's scope.
  ok   #13 L6.flashcard_questions[7].a [MED] F9: Correct the all-seater requirement's scope.
  PATCH L6: content_html, knowledge_checks, flashcard_questions
  ok   #14 L7.content_html [MED] F10: Alcohol was removed from the WADA Prohibited List.
  ok   #15 L7.content_html [MED] F10: Correct the List's category count and distinguish methods.
  ok   #16 L7.flashcard_questions[5].a [MED] F10: Remove alcohol from accepted List categories.
  ok   #17 L7.content_html [HIGH] F11: Remove the incorrect body name and AIN explanation.
  ok   #18 L7.content_html [HIGH] F11: Distinguish the Tokyo doping sanction from Paris 2024 eligibility conditions.
  ok   #19 L7.flashcard_questions[7].a [HIGH] F11: Correct the reason for the Paris 2024 designation.
  ok   #27 L7.content_html [MED] F16: Replace the false universal sanctions ladder with the WADA framework.
  ok   #28 L7.flashcard_questions[9].q [MED] F16: Criminal prosecution is not a universal next-level sporting sanction.
  ok   #29 L7.flashcard_questions[9].a [MED] F16: Align the answer with the corrected question.
  PATCH L7: content_html, flashcard_questions
  ok   #20 L8.content_html [HIGH] F12: Present the two distinct measures accurately.
  ok   #21 L8.practice_questions[3].marks [HIGH] F12: Replace the false Paris budget-overrun example without changing the house mark allocation.
  ok   #22 L8.flashcard_questions[10].q [HIGH] F12: Ask for the verified budget measure.
  ok   #23 L8.flashcard_questions[10].a [HIGH] F12: Correct the Paris 2024 organising budget.
  PATCH L8: content_html, practice_questions, flashcard_questions
  ok   #24 L10.content_html [MED] F14: The specification does not prescribe four particular NGBs.
  ok   #25 L10.content_html [MED] F15: World Rugby uses instrumented mouthguards, not helmet sensors.
  ok   #26 L10.practice_questions[3].marks [MED] F15: Correct the named rugby safety technology without changing the house allocation.
  PATCH L10: content_html, practice_questions
=== 30 applied, 0 skipped, 7 lessons / 15 fields changed
