
=== RE-NARRATION (changed narrated text only) ===
backup: C:\Users\tshau\Documents\Study Vault\scripts\_retrofc\units\cambridge-nationals-sport-studies__contemporary-issues-in-sport\_backup.json
unit:   cambridge-nationals-sport-studies / contemporary-issues-in-sport
run: 2026-09-04T03:48:09Z  mode: LIVE

7 lessons, 17 clips to regenerate

  L02 (Ada)  Barriers to Participation — and How to Remove Them
      n3: Key Fact . The nine barriers to participation are: employment and unemployment, family commitments, lack of di
             -> 284 KB, 24.2s, uploaded
      n12: Seeing someone who looks like you succeeding in a sport increases belief that participation is possible. The a
             -> 435 KB, 37.1s, uploaded
      n25: There are nine barriers: employment/unemployment, family commitments, lack of disposable income, lack of trans
             -> 260 KB, 22.1s, uploaded
      manifest updated (27 entries)
  L03 (Ollie)  Popularity of Sport in the UK & Emerging Sports
      n5: Sports with large numbers of participants generate income through club fees, kit sales and lottery funding — w
             -> 290 KB, 24.7s, uploaded
      n19: Padel is a racket sport played in pairs on an enclosed glass-walled court about a third of the size of a tenni
             -> 427 KB, 36.4s, uploaded
      manifest updated (27 entries)
  L05 (Ollie)  The Olympic & Paralympic Movement
      n10: The Olympic movement is built on three core values. The first is Excellence — the pursuit of being the best in
             -> 242 KB, 20.6s, uploaded
      n12: The third is Friendship — using sport to build bridges between people of different backgrounds, nationalities 
             -> 307 KB, 26.2s, uploaded
      n17: Olympic and Paralympic values are not just abstract principles — they are embedded in specific campaigns and i
             -> 419 KB, 35.7s, uploaded
      manifest updated (24 entries)
  L06 (Ada)  Etiquette, Sportsmanship & Spectator Behaviour
      n15: Following the Hillsborough disaster in April 1989 — a crowd crush at Sheffield Wednesday’s ground that ultimat
             -> 633 KB, 54.0s, uploaded
      manifest updated (25 entries)
  L07 (Ollie)  Performance-Enhancing Drugs, WADA & Sanctions
      n7: The World Anti-Doping Agency (WADA) was founded in 1999 and is the international organisation responsible for 
             -> 658 KB, 56.2s, uploaded
      n8: Key Fact . WADA was founded in 1999. It publishes the annual Prohibited List, which has ten substance categori
             -> 266 KB, 22.7s, uploaded
      n14: Anti-doping tests are conducted both in-competition (at events) and out-of-competition (during training). Athl
             -> 393 KB, 33.5s, uploaded
      n16: Sanctions depend on the anti-doping rule violation, the substance or method, the athlete’s fault, and any prev
             -> 289 KB, 24.7s, uploaded
      n17: High-profile cases illustrate the consequences: swimmer Sun Yang received an eight-year ban (later revised on 
             -> 379 KB, 32.3s, uploaded
      manifest updated (23 entries)
  L08 (Ada)  Hosting a Major Sporting Event — Pre-Event & Bidding
      n14: Not everyone is delighted when their city wins a major event bid. Hosting costs can be high. The Paris 2024 Or
             -> 561 KB, 47.9s, uploaded
      manifest updated (19 entries)
  L10 (Ada)  National Governing Bodies & Technology in Sport
      n3: Key Fact . Useful NGB examples are: The FA (football), RFU (rugby union), ECB (cricket) and LTA (tennis). Each
             -> 246 KB, 21.0s, uploaded
      n14: GPS performance vests are worn by football and rugby players in training and in some competitions, tracking di
             -> 511 KB, 43.6s, uploaded
      manifest updated (22 entries)

Regenerated 17 clips.

=== VERIFY (ranged GET + freshness) ===
  206  L02 n3  bytes 0-3/290880  Last-Modified: Fri, 04 Sep 2026 03:48:15 GMT  mp3-sync=OK
  206  L02 n12  bytes 0-3/445248  Last-Modified: Fri, 04 Sep 2026 03:48:22 GMT  mp3-sync=OK
  206  L02 n25  bytes 0-3/265824  Last-Modified: Fri, 04 Sep 2026 03:48:26 GMT  mp3-sync=OK
  206  L03 n5  bytes 0-3/296928  Last-Modified: Fri, 04 Sep 2026 03:48:30 GMT  mp3-sync=OK
  206  L03 n19  bytes 0-3/437184  Last-Modified: Fri, 04 Sep 2026 03:48:36 GMT  mp3-sync=OK
  206  L05 n10  bytes 0-3/247392  Last-Modified: Fri, 04 Sep 2026 03:48:40 GMT  mp3-sync=OK
  206  L05 n12  bytes 0-3/314784  Last-Modified: Fri, 04 Sep 2026 03:48:44 GMT  mp3-sync=OK
  206  L05 n17  bytes 0-3/428832  Last-Modified: Fri, 04 Sep 2026 03:48:50 GMT  mp3-sync=OK
  206  L06 n15  bytes 0-3/648000  Last-Modified: Fri, 04 Sep 2026 03:48:59 GMT  mp3-sync=OK
  206  L07 n7  bytes 0-3/674208  Last-Modified: Fri, 04 Sep 2026 03:49:08 GMT  mp3-sync=OK
  206  L07 n8  bytes 0-3/272448  Last-Modified: Fri, 04 Sep 2026 03:49:12 GMT  mp3-sync=OK
  206  L07 n14  bytes 0-3/402048  Last-Modified: Fri, 04 Sep 2026 03:49:19 GMT  mp3-sync=OK
  206  L07 n16  bytes 0-3/296064  Last-Modified: Fri, 04 Sep 2026 03:49:24 GMT  mp3-sync=OK
  206  L07 n17  bytes 0-3/387648  Last-Modified: Fri, 04 Sep 2026 03:49:30 GMT  mp3-sync=OK
  206  L08 n14  bytes 0-3/574560  Last-Modified: Fri, 04 Sep 2026 03:49:38 GMT  mp3-sync=OK
  206  L10 n3  bytes 0-3/251712  Last-Modified: Fri, 04 Sep 2026 03:49:42 GMT  mp3-sync=OK
  206  L10 n14  bytes 0-3/523008  Last-Modified: Fri, 04 Sep 2026 03:49:50 GMT  mp3-sync=OK

17/17 clips verified HTTP 200/206 with fresh audio.
