=== APPLY EDITS english-literature-ocr/the-merchant-of-venice  71 edits  LIVE  2026-09-02T18:35:05.370Z
  ok   #0 L1.content_html [MEDIUM] F1: spec code and component code are banned in lesson text (copyright distancing).
  ok   #1 L1.content_html [MEDIUM] F2: the Venetian ducat was a gold coin, not a gold-silver alloy; the lesson's own glossary says 'Venetian gold
  ok   #2 L1.content_html [LOW] F3: banned spec code.
  ok   #3 L1.exam_tip_html [LOW] F4: banned spec code.
  ok   #35 L1.practice_questions[2].type [MEDIUM] F5: the mark scheme under this question is an 8-mark ladder (top band 7-8), so the 4-mark label is wrong.
  ok   #36 L1.practice_questions[3].type [MEDIUM] F5: the mark scheme under this question is an 8-mark ladder (top band 7-8), so the 4-mark label is wrong.
  ok   #37 L1.practice_questions[5].type [MEDIUM] F5: the mark scheme under this question is an 8-mark ladder (top band 7-8), so the 4-mark label is wrong.
  PATCH L1: content_html, exam_tip_html, practice_questions
  ok   #4 L2.exam_tip_html [LOW] F6: banned spec code.
  ok   #5 L2.content_html [LOW] F7: the line is Act 3, Scene 5, not the Act 2 elopement scenes this section covers.
  ok   #38 L2.practice_questions[2].type [MEDIUM] F5: the mark scheme under this question is an 8-mark ladder (top band 7-8), so the 4-mark label is wrong.
  ok   #39 L2.practice_questions[3].type [MEDIUM] F5: the mark scheme under this question is an 8-mark ladder (top band 7-8), so the 4-mark label is wrong.
  ok   #40 L2.practice_questions[5].type [MEDIUM] F5: the mark scheme under this question is an 8-mark ladder (top band 7-8), so the 4-mark label is wrong.
  PATCH L2: exam_tip_html, content_html, practice_questions
  ok   #6 L3.content_html [MEDIUM] F9: in Act 3 Scene 1 the taunters are Solanio and Salarino; Salerio is a different character. The lesson's own
  ok   #7 L3.content_html [MEDIUM] F10: the line repeated in Act 3 Scene 1 (this section) is 'let him look to his bond'; 'I'll have my bond' is r
  ok   #8 L3.exam_tip_html [LOW] F11: banned spec code.
  ok   #41 L3.practice_questions[2].type [MEDIUM] F5: the mark scheme under this question is an 8-mark ladder (top band 7-8), so the 4-mark label is wrong.
  ok   #42 L3.practice_questions[3].type [MEDIUM] F5: the mark scheme under this question is an 8-mark ladder (top band 7-8), so the 4-mark label is wrong.
  ok   #43 L3.practice_questions[5].type [MEDIUM] F5: the mark scheme under this question is an 8-mark ladder (top band 7-8), so the 4-mark label is wrong.
  PATCH L3: content_html, exam_tip_html, practice_questions
  ok   #9 L4.content_html [HIGH] F13: 'I'll have my bond; I will not hear thee speak' is Act 3 Scene 3, said to Antonio in the street, not a tr
  ok   #10 L4.content_html [MEDIUM] F14: the Duke says this to Antonio at the opening of Act 4 Scene 1, before Shylock enters. He does not address
  ok   #11 L4.content_html [LOW] F18: banned spec code.
  ok   #12 L4.content_html [MEDIUM] F15: Antonio is not silent after the trial. He speaks in Act 4 Scene 1 to urge Bassanio to give up the ring, a
  ok   #13 L4.exam_tip_html [LOW] F17: banned spec code.
  ok   #14 L4.practice_questions[5].text [MEDIUM] F16: rests on the false 'Antonio is silent' claim; he speaks after the trial.
  ok   #44 L4.practice_questions[2].type [MEDIUM] F5: the mark scheme under this question is an 8-mark ladder (top band 7-8), so the 4-mark label is wrong.
  ok   #45 L4.practice_questions[3].type [MEDIUM] F5: the mark scheme under this question is an 8-mark ladder (top band 7-8), so the 4-mark label is wrong.
  ok   #46 L4.practice_questions[5].type [MEDIUM] F5: the mark scheme under this question is an 8-mark ladder (top band 7-8), so the 4-mark label is wrong.
  PATCH L4: content_html, exam_tip_html, practice_questions
  ok   #15 L5.content_html [MEDIUM] F20: the ring plot starts in Act 4 Scene 1 — Portia asks for the ring after the trial and Antonio persuades Ba
  ok   #16 L5.content_html [LOW] F22: the text reads "Be valued 'gainst your wife's commandment".
  ok   #17 L5.content_html [MEDIUM] F21: 'music of the spheres' is not in the play; the quotation marks make it look like a quotable line.
  ok   #18 L5.exam_tip_html [LOW] F23: banned spec code.
  ok   #47 L5.practice_questions[2].type [MEDIUM] F5: the mark scheme under this question is an 8-mark ladder (top band 7-8), so the 4-mark label is wrong.
  ok   #48 L5.practice_questions[3].type [MEDIUM] F5: the mark scheme under this question is an 8-mark ladder (top band 7-8), so the 4-mark label is wrong.
  ok   #49 L5.practice_questions[5].type [MEDIUM] F5: the mark scheme under this question is an 8-mark ladder (top band 7-8), so the 4-mark label is wrong.
  PATCH L5: content_html, exam_tip_html, practice_questions
  ok   #19 L6.description [LOW] F25: banned spec code; replacement is 98 characters.
  ok   #20 L6.content_html [LOW] F26: banned spec code.
  ok   #21 L6.exam_tip_html [LOW] F27a: banned spec code.
  ok   #22 L6.exam_tip_html [MEDIUM] F27b: 'Level' band names are banned; house ladder names used instead.
  ok   #23 L6.knowledge_checks[0].options[3] [MEDIUM] F28: Lady Capulet is a character from a different play. Leah is Shylock's dead wife, named in this play.
  ok   #50 L6.practice_questions[2].type [MEDIUM] F5: the mark scheme under this question is an 8-mark ladder (top band 7-8), so the 4-mark label is wrong.
  ok   #51 L6.practice_questions[3].type [MEDIUM] F5: the mark scheme under this question is an 8-mark ladder (top band 7-8), so the 4-mark label is wrong.
  ok   #52 L6.practice_questions[5].type [MEDIUM] F5: the mark scheme under this question is an 8-mark ladder (top band 7-8), so the 4-mark label is wrong.
  PATCH L6: description, content_html, exam_tip_html, knowledge_checks, practice_questions
  ok   #24 L7.content_html [LOW] F30: banned spec code.
  ok   #25 L7.content_html [MEDIUM] F31: the stage direction in Act 4 Scene 1 is 'Enter Nerissa dressed like a lawyer's clerk'. Nerissa is a clerk
  ok   #26 L7.exam_tip_html [LOW] F30b: banned spec code.
  ok   #27 L7.exam_tip_html [MEDIUM] F33a: 'Level' band names are banned.
  ok   #28 L7.exam_tip_html [MEDIUM] F33b: 'Level' band names are banned.
  ok   #29 L7.flashcard_questions[12].a [MEDIUM] F32: Nerissa disguises as a lawyer's clerk, not a lawyer.
  ok   #53 L7.practice_questions[0].marks [MEDIUM] F34: malformed ladder ('Level 5-1: Descending detail.') replaced with five house bands covering the real 40-ma
  ok   #54 L7.practice_questions[1].marks [MEDIUM] F34: malformed ladder ('Level 5-1: Descending detail.') replaced with five house bands covering the real 40-ma
  ok   #55 L7.practice_questions[2].marks [MEDIUM] F34: malformed ladder ('Level 3-1: Descending detail.') replaced with the four-band 8-mark ladder used in less
  ok   #56 L7.practice_questions[2].type [MEDIUM] F5: the mark scheme under this question is an 8-mark ladder (top band 7-8), so the 4-mark label is wrong.
  ok   #57 L7.practice_questions[3].marks [MEDIUM] F34: malformed ladder ('Level 3-1: Descending detail.') replaced with the four-band 8-mark ladder used in less
  ok   #58 L7.practice_questions[3].type [MEDIUM] F5: the mark scheme under this question is an 8-mark ladder (top band 7-8), so the 4-mark label is wrong.
  ok   #59 L7.practice_questions[4].marks [MEDIUM] F34: malformed ladder ('Level 5-1: Descending detail.') replaced with five house bands covering the real 40-ma
  ok   #60 L7.practice_questions[5].marks [MEDIUM] F34: malformed ladder ('Level 3-1: Descending detail.') replaced with the four-band 8-mark ladder used in less
  ok   #61 L7.practice_questions[5].type [MEDIUM] F5: the mark scheme under this question is an 8-mark ladder (top band 7-8), so the 4-mark label is wrong.
  PATCH L7: content_html, exam_tip_html, flashcard_questions, practice_questions
  ok   #30 L8.description [MEDIUM] F35: banned spec code, and the current description is 105 characters (limit 100). Replacement is 95.
  ok   #31 L8.conclusion_html [LOW] F36: banned spec code.
  ok   #32 L8.exam_tip_html [LOW] F37: banned spec code.
  ok   #33 L8.practice_questions[5].text [LOW] F38: banned spec code.
  ok   #34 L8.knowledge_checks[1].q [LOW] F39: banned spec code. The keyed answer (AO1, AO2, AO3 and AO4) is correct — the spec assesses AO4 in Section 
  ok   #62 L8.practice_questions[0].marks [MEDIUM] F39: malformed ladder ('Level 5-1: Descending detail.') replaced with five house bands covering the real 40-ma
  ok   #63 L8.practice_questions[1].marks [MEDIUM] F39: malformed ladder ('Level 5-1: Descending detail.') replaced with five house bands covering the real 40-ma
  ok   #64 L8.practice_questions[2].marks [MEDIUM] F39: malformed ladder ('Level 3-1: Descending detail.') replaced with the four-band 8-mark ladder used in less
  ok   #65 L8.practice_questions[2].type [MEDIUM] F5: the mark scheme under this question is an 8-mark ladder (top band 7-8), so the 4-mark label is wrong.
  ok   #66 L8.practice_questions[3].marks [MEDIUM] F39: malformed ladder ('Level 3-1: Descending detail.') replaced with the four-band 8-mark ladder used in less
  ok   #67 L8.practice_questions[3].type [MEDIUM] F5: the mark scheme under this question is an 8-mark ladder (top band 7-8), so the 4-mark label is wrong.
  ok   #68 L8.practice_questions[4].marks [MEDIUM] F39: malformed ladder ('Level 5-1: Descending detail.') replaced with five house bands covering the real 40-ma
  ok   #69 L8.practice_questions[5].marks [MEDIUM] F39: malformed ladder ('Level 3-1: Descending detail.') replaced with the four-band 8-mark ladder used in less
  ok   #70 L8.practice_questions[5].type [MEDIUM] F5: the mark scheme under this question is an 8-mark ladder (top band 7-8), so the 4-mark label is wrong.
  PATCH L8: description, conclusion_html, exam_tip_html, practice_questions, knowledge_checks
=== 71 applied, 0 skipped, 8 lessons / 29 fields changed
