
=== RE-NARRATION (changed narrated text only) ===
backup: C:\Users\tshau\Documents\Study Vault\scripts\_retrofc\units\english-literature-ocr__the-merchant-of-venice\_backup.json
unit:   english-literature-ocr / the-merchant-of-venice
run: 2026-09-02T18:35:09Z  mode: LIVE

8 lessons, 23 clips to regenerate

  L01 (Ollie)  Context: Anti-Semitism & Venice
      n3: For the closed-text Shakespeare question, the most important context is the treatment of Jewish people in Eliz
             -> 382 KB, 32.6s, uploaded
      n14: Key Fact . The play is technically a comedy (marriages, happy resolution) but the treatment of Shylock — force
             -> 213 KB, 18.1s, uploaded
      n15: In the Shakespeare question, context (AO3) in The Merchant of Venice requires careful handling. Don't simply s
             -> 302 KB, 25.8s, uploaded
      manifest updated (19 entries)
  L02 (Ada)  Acts 1-2: The Bond & the Caskets
      n8: Jessica, Shylock's daughter, elopes with the Christian Lorenzo. She steals Shylock's money and jewels, includi
             -> 346 KB, 29.5s, uploaded
      n15: For the extract question on Acts 1–2, the bond negotiation scene (Act 1, Scene 3) is excellent material. Analy
             -> 330 KB, 28.2s, uploaded
      manifest updated (19 entries)
  L03 (Ollie)  Acts 2-3: Hath Not a Jew Eyes?
      n2: Act 3, Scene 1 contains the play's most famous passage. Shylock, taunted by Solanio and Salarino about Jessica
             -> 391 KB, 33.4s, uploaded
      n8: News arrives that Antonio's merchant ships have been lost at sea. This means he cannot repay Shylock's loan, a
             -> 318 KB, 27.2s, uploaded
      n15: For the extract question, 'Hath not a Jew eyes?' is one of the most powerful passages in the whole Shakespeare
             -> 330 KB, 28.1s, uploaded
      manifest updated (19 entries)
  L04 (Ada)  Acts 3-4: The Trial
      n2: The trial scene is the play's dramatic climax. Shylock comes to court to claim his pound of flesh from Antonio
             -> 300 KB, 25.6s, uploaded
      n3: Shakespeare creates a scene of extraordinary moral complexity. The Christians beg for mercy , but they have sh
             -> 388 KB, 33.1s, uploaded
      n12: After the trial, Antonio never celebrates. He speaks again only to press Bassanio for the ring. He has been sa
             -> 227 KB, 19.3s, uploaded
      n15: In the Shakespeare question, the trial scene is the most likely passage for an extract question. Analyse the g
             -> 314 KB, 26.8s, uploaded
      manifest updated (19 entries)
  L05 (Ollie)  Acts 4-5: Resolution & Belmont
      n1: The Ring Plot (Act 4, Scene 1 – Act 5)
             -> 47 KB, 4.0s, uploaded
      n2: After the trial, Portia (still disguised as Balthasar) asks Bassanio for his ring as payment. Bassanio initial
             -> 351 KB, 30.0s, uploaded
      n7: Lorenzo describes the music of the spheres — the old idea that the universe is governed by divine harmony. But
             -> 345 KB, 29.4s, uploaded
      n15: Act 5 is excellent material for discussing the play as a 'problem comedy.' The classical allusions (all tragic
             -> 267 KB, 22.8s, uploaded
      manifest updated (19 entries)
  L06 (Ada)  Character Analysis
      n3: Yet Shylock also demands a pound of flesh, refuses all offers of mercy, and sharpens his knife with apparent r
             -> 256 KB, 21.9s, uploaded
      n15: For character questions, argue complexity, not simplicity. Top-band responses recognise that Shylock is both v
             -> 266 KB, 22.7s, uploaded
      manifest updated (19 entries)
  L07 (Ollie)  Language & Structure
      n3: Shylock's rhetoric in 'Hath not a Jew eyes?' uses parallel structure to build an irresistible logical argument
             -> 343 KB, 29.3s, uploaded
      n14: Key dramatic devices include: asides (Shylock reveals his hatred), dramatic irony (the audience knows Portia i
             -> 259 KB, 22.1s, uploaded
      n16: For AO2 in the Shakespeare question, don't just identify techniques — explain how they create meaning. 'Shakes
             -> 314 KB, 26.8s, uploaded
      manifest updated (20 entries)
  L08 (Ada)  Key Themes & Exam Technique
      n16: The most effective strategy for The Merchant of Venice is to argue both sides of every debate. Is Shylock vill
             -> 257 KB, 21.9s, uploaded
      n20: In the Shakespeare question, embrace moral complexity: argue both sides, embed context, analyse technique, and
             -> 125 KB, 10.7s, uploaded
      manifest updated (20 entries)

Regenerated 23 clips.

=== VERIFY (ranged GET + freshness) ===
  206  L01 n3  bytes 0-3/391680  Last-Modified: Wed, 02 Sep 2026 18:35:17 GMT  mp3-sync=OK
  206  L01 n14  bytes 0-3/217728  Last-Modified: Wed, 02 Sep 2026 18:35:22 GMT  mp3-sync=OK
  206  L01 n15  bytes 0-3/309600  Last-Modified: Wed, 02 Sep 2026 18:35:26 GMT  mp3-sync=OK
  206  L02 n8  bytes 0-3/354528  Last-Modified: Wed, 02 Sep 2026 18:35:33 GMT  mp3-sync=OK
  206  L02 n15  bytes 0-3/338400  Last-Modified: Wed, 02 Sep 2026 18:35:38 GMT  mp3-sync=OK
  206  L03 n2  bytes 0-3/400608  Last-Modified: Wed, 02 Sep 2026 18:35:44 GMT  mp3-sync=OK
  206  L03 n8  bytes 0-3/326016  Last-Modified: Wed, 02 Sep 2026 18:35:50 GMT  mp3-sync=OK
  206  L03 n15  bytes 0-3/337824  Last-Modified: Wed, 02 Sep 2026 18:35:56 GMT  mp3-sync=OK
  206  L04 n2  bytes 0-3/307008  Last-Modified: Wed, 02 Sep 2026 18:36:01 GMT  mp3-sync=OK
  206  L04 n3  bytes 0-3/397440  Last-Modified: Wed, 02 Sep 2026 18:36:07 GMT  mp3-sync=OK
  206  L04 n12  bytes 0-3/232128  Last-Modified: Wed, 02 Sep 2026 18:36:11 GMT  mp3-sync=OK
  206  L04 n15  bytes 0-3/321408  Last-Modified: Wed, 02 Sep 2026 18:36:15 GMT  mp3-sync=OK
  206  L05 n1  bytes 0-3/47808  Last-Modified: Wed, 02 Sep 2026 18:36:17 GMT  mp3-sync=OK
  206  L05 n2  bytes 0-3/359712  Last-Modified: Wed, 02 Sep 2026 18:36:23 GMT  mp3-sync=OK
  206  L05 n7  bytes 0-3/353376  Last-Modified: Wed, 02 Sep 2026 18:36:29 GMT  mp3-sync=OK
  206  L05 n15  bytes 0-3/273312  Last-Modified: Wed, 02 Sep 2026 18:36:33 GMT  mp3-sync=OK
  206  L06 n3  bytes 0-3/262656  Last-Modified: Wed, 02 Sep 2026 18:36:38 GMT  mp3-sync=OK
  206  L06 n15  bytes 0-3/272160  Last-Modified: Wed, 02 Sep 2026 18:36:42 GMT  mp3-sync=OK
  206  L07 n3  bytes 0-3/351648  Last-Modified: Wed, 02 Sep 2026 18:36:47 GMT  mp3-sync=OK
  206  L07 n14  bytes 0-3/264960  Last-Modified: Wed, 02 Sep 2026 18:36:51 GMT  mp3-sync=OK
  206  L07 n16  bytes 0-3/321696  Last-Modified: Wed, 02 Sep 2026 18:36:56 GMT  mp3-sync=OK
  206  L08 n16  bytes 0-3/262944  Last-Modified: Wed, 02 Sep 2026 18:37:01 GMT  mp3-sync=OK
  206  L08 n20  bytes 0-3/128448  Last-Modified: Wed, 02 Sep 2026 18:37:04 GMT  mp3-sync=OK

23/23 clips verified HTTP 200/206 with fresh audio.
