
=== RE-NARRATION (changed narrated text only) ===
backup: C:\Users\tshau\Documents\Study Vault\scripts\_retrofc\units\english-literature-edexcel__twelfth-night\_backup.json
unit:   english-literature-edexcel / twelfth-night
run: 2026-09-02T07:59:39Z  mode: LIVE
  L02: no narrated field changed -> skip
  L04: no narrated field changed -> skip
  L07: no narrated field changed -> skip

4 lessons, 7 clips to regenerate

  L01 (Ollie)  Context & Elizabethan Comedy
      n3: Understanding these conventions is essential for the Edexcel exam. The play’s comedy is not random — it is str
             -> 240 KB, 20.5s, uploaded
      n20: For the Edexcel Part (a) extract question (20 marks, AO2 only), focus tightly on language analysis within the 
             -> 380 KB, 32.5s, uploaded
      manifest updated (24 entries)
  L03 (Ollie)  Love, Identity & the Triangle
      n7: The gender confusion deepens the comedy. Olivia falls in love with a woman she believes to be a man. Orsino de
             -> 437 KB, 37.3s, uploaded
      manifest updated (21 entries)
  L05 (Ollie)  Madness, Cruelty & the Dark Side
      n8: Sir Toby is the engine of the subplot’s disorder. He drinks, he schemes, he manipulates Sir Andrew Aguecheek f
             -> 470 KB, 40.1s, uploaded
      n14: Malvolio’s final line is perhaps the most troubling moment in the play. When the truth is revealed and Olivia 
             -> 357 KB, 30.5s, uploaded
      manifest updated (20 entries)
  L06 (Ada)  Character Analysis
      n16: Feste is the wisest character in the play despite being employed as a fool. He sees the truth about every char
             -> 343 KB, 29.3s, uploaded
      n17: Sebastian is less a character than a plot device. He is Viola’s twin brother, and his arrival in Illyria provi
             -> 433 KB, 36.9s, uploaded
      manifest updated (22 entries)

Regenerated 7 clips.

=== VERIFY (ranged GET + freshness) ===
  206  L01 n3  bytes 0-3/246240  Last-Modified: Wed, 02 Sep 2026 07:59:44 GMT  mp3-sync=OK
  206  L01 n20  bytes 0-3/389376  Last-Modified: Wed, 02 Sep 2026 07:59:50 GMT  mp3-sync=OK
  206  L03 n7  bytes 0-3/447840  Last-Modified: Wed, 02 Sep 2026 07:59:56 GMT  mp3-sync=OK
  206  L05 n8  bytes 0-3/481248  Last-Modified: Wed, 02 Sep 2026 08:00:03 GMT  mp3-sync=OK
  206  L05 n14  bytes 0-3/366048  Last-Modified: Wed, 02 Sep 2026 08:00:09 GMT  mp3-sync=OK
  206  L06 n16  bytes 0-3/351360  Last-Modified: Wed, 02 Sep 2026 08:00:15 GMT  mp3-sync=OK
  206  L06 n17  bytes 0-3/443232  Last-Modified: Wed, 02 Sep 2026 08:00:22 GMT  mp3-sync=OK

7/7 clips verified HTTP 200/206 with fresh audio.
