=== APPLY EDITS religious-studies-aqa/catholic-christianity-beliefs  30 edits  LIVE  2026-09-06T05:13:01.645Z
  ok   #0 L1.content_html [HIGH] F1: the creed used at Mass since 2011 is in the first person singular; the same lesson later quotes it correct
  ok   #1 L1.content_html [HIGH] F2: current English translation of the creed reads 'consubstantial with the Father'.
  ok   #2 L1.content_html [HIGH] F2: verbatim creed quotation must use the current translation.
  ok   #3 L1.content_html [HIGH] F2: current English translation of the creed reads 'consubstantial with the Father'.
  ok   #4 L1.conclusion_html [HIGH] F3: 'one substance, three persons' is the Latin formula of the early Western Church, not a phrase from Nicaea,
  ok   #5 L1.practice_questions[3].marks [MEDIUM] F2: model answer must quote the creed in the current translation.
  ok   #6 L1.practice_questions[5].text [MEDIUM] F4: retiered to the 4-mark form, so the stem must ask for development.
  ok   #7 L1.practice_questions[5].type [MEDIUM] F4: this paper sets no 2-mark question; the question forms are 1, 1, 4, 6 and 12 marks.
  ok   #8 L1.practice_questions[5].marks [MEDIUM] F4: mark scheme retiered to 4 marks.
  PATCH L1: content_html, conclusion_html, practice_questions
  ok   #9 L2.content_html [MEDIUM] F5: claim about the board's mark scheme that cannot be sourced; replaced with a plain statement.
  ok   #10 L2.exam_tip_html [MEDIUM] F5: fabricated claim about what the mark scheme rewards.
  ok   #11 L2.practice_questions[5].text [MEDIUM] F4: retiered to the 4-mark form, so the stem must ask for development.
  ok   #12 L2.practice_questions[5].type [MEDIUM] F4: this paper sets no 2-mark question; the question forms are 1, 1, 4, 6 and 12 marks.
  ok   #13 L2.practice_questions[5].marks [MEDIUM] F4: mark scheme retiered to 4 marks.
  PATCH L2: content_html, exam_tip_html, practice_questions
  ok   #14 L3.content_html [HIGH] F6: this is the 1973 wording; the creed used at Mass since 2011 reads 'and by the Holy Spirit was incarnate of
  ok   #15 L3.content_html [MEDIUM] F6: match the current wording of the creed quoted in the same paragraph.
  ok   #16 L3.conclusion_html [MEDIUM] F6: current wording of the creed.
  ok   #17 L3.exam_tip_html [MEDIUM] F6: current wording of the creed.
  ok   #18 L3.flashcard_questions[7].a [MEDIUM] F6: current wording of the creed.
  ok   #19 L3.practice_questions[3].marks [MEDIUM] F6: the current creed reads 'and rose again on the third day in accordance with the Scriptures'.
  ok   #20 L3.practice_questions[5].text [MEDIUM] F4: retiered to the 4-mark form, so the stem must ask for development.
  ok   #21 L3.practice_questions[5].type [MEDIUM] F4: this paper sets no 2-mark question; the question forms are 1, 1, 4, 6 and 12 marks.
  ok   #22 L3.practice_questions[5].marks [MEDIUM] F4: mark scheme retiered to 4 marks.
  PATCH L3: content_html, conclusion_html, exam_tip_html, flashcard_questions, practice_questions
  ok   #23 L4.content_html [HIGH] F7: this is the 1973 wording; the creed used at Mass since 2011 reads 'and I look forward to the resurrection 
  ok   #24 L4.content_html [MEDIUM] F8: the Catechism says each person receives their eternal retribution in their immortal soul at the moment of 
  ok   #25 L4.content_html [MEDIUM] F9: the aerial toll houses are a disputed devotional teaching held by some Orthodox writers and rejected by ot
  ok   #26 L4.practice_questions[4].marks [MEDIUM] F7: model answer must quote the creed in the current translation.
  ok   #27 L4.practice_questions[5].text [MEDIUM] F4: retiered to the 4-mark form, so the stem must ask for development.
  ok   #28 L4.practice_questions[5].type [MEDIUM] F4: this paper sets no 2-mark question; the question forms are 1, 1, 4, 6 and 12 marks.
  ok   #29 L4.practice_questions[5].marks [MEDIUM] F4: mark scheme retiered to 4 marks.
  PATCH L4: content_html, practice_questions
=== 30 applied, 0 skipped, 4 lessons / 13 fields changed
