
=== RE-NARRATION (changed narrated text only) ===
backup: C:\Users\tshau\Documents\Study Vault\scripts\_retrofc\units\religious-studies-aqa__catholic-christianity-beliefs\_backup.json
unit:   religious-studies-aqa / catholic-christianity-beliefs
run: 2026-09-06T05:13:06Z  mode: LIVE

4 lessons, 13 clips to regenerate

  L01 (Ollie)  The Trinity and the Nicene Creed
      n2: At the heart of Catholic Christianity is the belief that God is the Trinity — one God who exists as three co-e
             -> 302 KB, 25.8s, uploaded
      n9: The council condemned Arianism and produced the Nicene Creed — a formal statement of orthodox belief. The cree
             -> 307 KB, 26.2s, uploaded
      n12: God the Son is the eternal Word who took on human flesh — the incarnation. The creed describes him as “God fro
             -> 355 KB, 30.3s, uploaded
      n18: Key Fact . The Nicene Creed (325 CE, refined 381 CE) is the definitive Catholic statement of Trinitarian belie
             -> 274 KB, 23.4s, uploaded
      n23: Catholic Christianity teaches that God is one in three persons — Father, Son and Holy Spirit — not three gods.
             -> 241 KB, 20.6s, uploaded
      manifest updated (19 entries)
  L02 (Ada)  Creation and the Dignity of the Human Person
      n15: A common student error is to interpret “made in God’s image” as a physical resemblance — as if Genesis is clai
             -> 410 KB, 34.9s, uploaded
      n18: A very common error on creation questions is treating Genesis 1 and Genesis 2 as contradictory. A strong answe
             -> 292 KB, 24.9s, uploaded
      manifest updated (17 entries)
  L03 (Ollie)  Incarnation and Redemption
      n5: The Nicene Creed, recited at every Catholic Mass, captures this scriptural teaching in its definitive formula:
             -> 273 KB, 23.3s, uploaded
      n18: On the 6-mark Explain question about the Incarnation or Redemption, you need a named source. Strong choices in
             -> 355 KB, 30.3s, uploaded
      n21: The Incarnation means the eternal Son of God became human in Jesus of Nazareth — fully God and fully human, de
             -> 226 KB, 19.3s, uploaded
      manifest updated (19 entries)
  L04 (Ada)  Life After Death and the Seven Sacraments
      n2: Catholic Christianity teaches that death is not the end of the human person. Because Jesus rose from the dead 
             -> 348 KB, 29.7s, uploaded
      n3: After death, Catholic teaching describes a process involving personal judgement, then either heaven, hell or p
             -> 305 KB, 26.0s, uploaded
      n10: Eastern Orthodox Christianity shares much Catholic teaching about life after death — resurrection, judgement, 
             -> 288 KB, 24.6s, uploaded
      manifest updated (19 entries)

Regenerated 13 clips.

=== VERIFY (ranged GET + freshness) ===
  206  L01 n2  bytes 0-3/309024  Last-Modified: Sun, 06 Sep 2026 05:13:16 GMT  mp3-sync=OK
  206  L01 n9  bytes 0-3/314784  Last-Modified: Sun, 06 Sep 2026 05:13:23 GMT  mp3-sync=OK
  206  L01 n12  bytes 0-3/363744  Last-Modified: Sun, 06 Sep 2026 05:13:30 GMT  mp3-sync=OK
  206  L01 n18  bytes 0-3/281088  Last-Modified: Sun, 06 Sep 2026 05:13:36 GMT  mp3-sync=OK
  206  L01 n23  bytes 0-3/247104  Last-Modified: Sun, 06 Sep 2026 05:13:43 GMT  mp3-sync=OK
  206  L02 n15  bytes 0-3/419328  Last-Modified: Sun, 06 Sep 2026 05:13:53 GMT  mp3-sync=OK
  206  L02 n18  bytes 0-3/299232  Last-Modified: Sun, 06 Sep 2026 05:14:00 GMT  mp3-sync=OK
  206  L03 n5  bytes 0-3/279360  Last-Modified: Sun, 06 Sep 2026 05:14:07 GMT  mp3-sync=OK
  206  L03 n18  bytes 0-3/363456  Last-Modified: Sun, 06 Sep 2026 05:14:16 GMT  mp3-sync=OK
  206  L03 n21  bytes 0-3/231264  Last-Modified: Sun, 06 Sep 2026 05:14:22 GMT  mp3-sync=OK
  206  L04 n2  bytes 0-3/356544  Last-Modified: Sun, 06 Sep 2026 05:14:30 GMT  mp3-sync=OK
  206  L04 n3  bytes 0-3/312480  Last-Modified: Sun, 06 Sep 2026 05:14:36 GMT  mp3-sync=OK
  206  L04 n10  bytes 0-3/294624  Last-Modified: Sun, 06 Sep 2026 05:14:43 GMT  mp3-sync=OK

13/13 clips verified HTTP 200/206 with fresh audio.
