
=== RE-NARRATION (changed narrated text only) ===
backup: C:\Users\tshau\Documents\Study Vault\scripts\_retrofc\units\engineering-eduqas__engineering-materials-and-properties\_backup.json
unit:   engineering-eduqas / engineering-materials-and-properties
run: 2026-09-04T15:47:42Z  mode: LIVE

4 lessons, 10 clips to regenerate

  L01 (Ollie)  Ferrous & Non-Ferrous Metals
      n3: Key Fact . The rule: ferrous metals contain iron; non-ferrous metals do not. Ferrous metals often rust. Non-fe
             -> 201 KB, 17.2s, uploaded
      n23: Ferrous metals contain iron; non-ferrous metals do not. Magnetism alone cannot identify a metal family. Ferrou
             -> 147 KB, 12.6s, uploaded
      manifest updated (25 entries)
  L02 (Ada)  Plastics, Smart Materials & Composites
      n19: The most common error on materials questions is calling carbon fibre a smart material. Always define smart mat
             -> 521 KB, 44.5s, uploaded
      n21: Thermoplastics (acrylic, nylon, HIPS) can be re-shaped by heating. Thermosetting plastics (urea formaldehyde, 
             -> 167 KB, 14.3s, uploaded
      manifest updated (23 entries)
  L03 (Ollie)  Physical Properties & Selecting Materials for Engineered Products
      n4: Key Fact . The ten physical properties are: tensile strength, compressive strength, hardness, toughness, malle
             -> 233 KB, 19.9s, uploaded
      n29: The ten physical properties — tensile strength, compressive strength, hardness, toughness, malleability, ducti
             -> 198 KB, 16.9s, uploaded
      manifest updated (31 entries)
  L04 (Ada)  Testing Materials — Destructive & Non-Destructive
      n7: Hardness Testing
             -> 19 KB, 1.7s, uploaded
      n8: Hardness testing uses an indenter — a hard ball or diamond-tipped cone — pressed into the surface of the sampl
             -> 352 KB, 30.0s, uploaded
      n14: Electrical conductivity is tested by passing a known current through a sample of defined dimensions and measur
             -> 357 KB, 30.5s, uploaded
      n24: Destructive testing, such as tensile and impact testing, permanently damages or destroys the sample and gives 
             -> 123 KB, 10.5s, uploaded
      manifest updated (26 entries)

Regenerated 10 clips.

=== VERIFY (ranged GET + freshness) ===
  206  L01 n3  bytes 0-3/205920  Last-Modified: Fri, 04 Sep 2026 15:47:48 GMT  mp3-sync=OK
  206  L01 n23  bytes 0-3/150912  Last-Modified: Fri, 04 Sep 2026 15:47:51 GMT  mp3-sync=OK
  206  L02 n19  bytes 0-3/533664  Last-Modified: Fri, 04 Sep 2026 15:47:59 GMT  mp3-sync=OK
  206  L02 n21  bytes 0-3/171360  Last-Modified: Fri, 04 Sep 2026 15:48:02 GMT  mp3-sync=OK
  206  L03 n4  bytes 0-3/238752  Last-Modified: Fri, 04 Sep 2026 15:48:06 GMT  mp3-sync=OK
  206  L03 n29  bytes 0-3/202752  Last-Modified: Fri, 04 Sep 2026 15:48:09 GMT  mp3-sync=OK
  206  L04 n7  bytes 0-3/19872  Last-Modified: Fri, 04 Sep 2026 15:48:11 GMT  mp3-sync=OK
  206  L04 n8  bytes 0-3/360288  Last-Modified: Fri, 04 Sep 2026 15:48:17 GMT  mp3-sync=OK
  206  L04 n14  bytes 0-3/366048  Last-Modified: Fri, 04 Sep 2026 15:48:22 GMT  mp3-sync=OK
  206  L04 n24  bytes 0-3/126144  Last-Modified: Fri, 04 Sep 2026 15:48:25 GMT  mp3-sync=OK

10/10 clips verified HTTP 200/206 with fresh audio.
