
=== RE-NARRATION (changed narrated text only) ===
backup: C:\Users\tshau\Documents\Study Vault\scripts\_retrofc\units\english-literature-eduqas__poetry-anthology\_backup.json
unit:   english-literature-eduqas / poetry-anthology
run: 2026-09-04T03:39:15Z  mode: LIVE
  L01: no narrated field changed -> skip
  L02: no narrated field changed -> skip
  L03: no narrated field changed -> skip
  L04: no narrated field changed -> skip
  L05: no narrated field changed -> skip
  L07: no narrated field changed -> skip
  L08: no narrated field changed -> skip
  L10: no narrated field changed -> skip
  L12: no narrated field changed -> skip
  L13: no narrated field changed -> skip
  L14: no narrated field changed -> skip
  L15: no narrated field changed -> skip

3 lessons, 4 clips to regenerate

  L06 (Ada)  Disabled — Wilfred Owen
      n13: The stanzas vary irregularly in length, and Owen rhymes without a fixed scheme, leaving some lines unmatched. 
             -> 456 KB, 38.9s, uploaded
      manifest updated (21 entries)
  L09 (Ollie)  Catrin — Gillian Clarke
      n5: Key Fact . The poem is written in two stanzas of unequal length: a long first stanza recalling Catrin’s birth,
             -> 295 KB, 25.2s, uploaded
      manifest updated (23 entries)
  L11 (Ollie)  Kamikaze — Beatrice Garland
      n2: ‘Kamikaze’ tells the story of a Japanese fighter pilot sent on a suicide mission during the Second World War —
             -> 312 KB, 26.7s, uploaded
      n5: Key Fact . The story passes through three generations: the father lived it, the daughter is “recounting it lat
             -> 220 KB, 18.8s, uploaded
      manifest updated (20 entries)

Regenerated 4 clips.

=== VERIFY (ranged GET + freshness) ===
  206  L06 n13  bytes 0-3/466560  Last-Modified: Fri, 04 Sep 2026 03:39:23 GMT  mp3-sync=OK
  206  L09 n5  bytes 0-3/302400  Last-Modified: Fri, 04 Sep 2026 03:39:28 GMT  mp3-sync=OK
  206  L11 n2  bytes 0-3/319968  Last-Modified: Fri, 04 Sep 2026 03:39:33 GMT  mp3-sync=OK
  206  L11 n5  bytes 0-3/225216  Last-Modified: Fri, 04 Sep 2026 03:39:36 GMT  mp3-sync=OK

4/4 clips verified HTTP 200/206 with fresh audio.
