
=== RE-NARRATION (changed narrated text only) ===
backup: C:\Users\tshau\Documents\Study Vault\scripts\_retrofc\units\religious-studies-edexcel__paper-2-judaism\_backup.json
unit:   religious-studies-edexcel / paper-2-judaism
run: 2026-09-06T05:54:11Z  mode: LIVE

4 lessons, 13 clips to regenerate

  L01 (Ollie)  The Nature of God, Shekhinah and the Messiah
      n9: Shekhinah means ‘divine dwelling’ — the presence of the Almighty among the Jewish people. The named anchor tex
             -> 295 KB, 25.2s, uploaded
      n16: Both Orthodox and Reform Judaism place responsibility on the Jewish people to actively work toward the conditi
             -> 392 KB, 33.4s, uploaded
      n17: For the 5-mark ‘Explain two with sources’ question, use 2 Chronicles 7:1–3 (for the Shekhinah) or Jeremiah 23:
             -> 491 KB, 41.9s, uploaded
      manifest updated (21 entries)
  L02 (Ada)  The Covenant and Jewish Moral Principles
      n5: The second great covenant is the Sinai Covenant , recorded in Exodus 20. Through Moses , the Almighty gave the
             -> 380 KB, 32.4s, uploaded
      n9: The named anchor text is Talmud Yoma 83–84 , which teaches that Shabbat laws may be broken to save a life. It 
             -> 388 KB, 33.1s, uploaded
      n18: For the 5-mark question, name either Genesis 17 (Abrahamic covenant), Exodus 20 (Sinai Covenant / Decalogue), 
             -> 624 KB, 53.2s, uploaded
      manifest updated (18 entries)
  L03 (Ollie)  Jewish Worship: Synagogue, Prayer and Sacred Texts
      n2: Jewish public worship takes place primarily in the synagogue. Psalm 116:12–19 asks “What shall I return to the
             -> 380 KB, 32.5s, uploaded
      n8: Kashrut is the system of Jewish food laws. Kosher means ‘fit’ — food that may be eaten. Treifah (‘torn’) means
             -> 431 KB, 36.8s, uploaded
      n17: For the 5-mark question, named sources include Psalm 116:12–19 (communal worship), Perkei Avot 2 (Tenakh/Talmu
             -> 606 KB, 51.7s, uploaded
      manifest updated (21 entries)
  L04 (Ada)  Family Life, Shabbat, Festivals and the Synagogue
      n2: Jewish family life is shaped by a series of important rituals marking the key stages of life. Brit Milah (circ
             -> 379 KB, 32.4s, uploaded
      n3: Bar Mitzvah (for boys at 13) and Bat Mitzvah (for girls, typically at 12 in Orthodox communities and 13 in Ref
             -> 453 KB, 38.6s, uploaded
      n14: Orthodox Judaism observes Shabbat and all festivals strictly according to halakha (Jewish law). Reform Judaism
             -> 376 KB, 32.1s, uploaded
      n18: For the 5-mark question, named sources include Genesis 21:1–8 (birth/Brit Milah), Leviticus 12 (childbirth rit
             -> 669 KB, 57.1s, uploaded
      manifest updated (22 entries)

Regenerated 13 clips.

=== VERIFY (ranged GET + freshness) ===
  206  L01 n9  bytes 0-3/302400  Last-Modified: Sun, 06 Sep 2026 05:54:20 GMT  mp3-sync=OK
  206  L01 n16  bytes 0-3/400896  Last-Modified: Sun, 06 Sep 2026 05:54:27 GMT  mp3-sync=OK
  206  L01 n17  bytes 0-3/503136  Last-Modified: Sun, 06 Sep 2026 05:54:40 GMT  mp3-sync=OK
  206  L02 n5  bytes 0-3/389088  Last-Modified: Sun, 06 Sep 2026 05:54:48 GMT  mp3-sync=OK
  206  L02 n9  bytes 0-3/396864  Last-Modified: Sun, 06 Sep 2026 05:54:57 GMT  mp3-sync=OK
  206  L02 n18  bytes 0-3/638496  Last-Modified: Sun, 06 Sep 2026 05:55:08 GMT  mp3-sync=OK
  206  L03 n2  bytes 0-3/389376  Last-Modified: Sun, 06 Sep 2026 05:55:17 GMT  mp3-sync=OK
  206  L03 n8  bytes 0-3/441216  Last-Modified: Sun, 06 Sep 2026 05:55:27 GMT  mp3-sync=OK
  206  L03 n17  bytes 0-3/620352  Last-Modified: Sun, 06 Sep 2026 05:55:40 GMT  mp3-sync=OK
  206  L04 n2  bytes 0-3/388224  Last-Modified: Sun, 06 Sep 2026 05:55:48 GMT  mp3-sync=OK
  206  L04 n3  bytes 0-3/463392  Last-Modified: Sun, 06 Sep 2026 05:55:57 GMT  mp3-sync=OK
  206  L04 n14  bytes 0-3/384768  Last-Modified: Sun, 06 Sep 2026 05:56:05 GMT  mp3-sync=OK
  206  L04 n18  bytes 0-3/685440  Last-Modified: Sun, 06 Sep 2026 05:56:18 GMT  mp3-sync=OK

13/13 clips verified HTTP 200/206 with fresh audio.
