
=== RE-NARRATION (changed narrated text only) ===
backup: C:\Users\tshau\Documents\Study Vault\scripts\_retrofc\units\separate-sciences-ocr-b__physics-radiation-waves\_backup.json
unit:   separate-sciences-ocr-b / physics-radiation-waves
run: 2026-09-05T14:55:55Z  mode: LIVE

4 lessons, 9 clips to regenerate

  L01 (Ollie)  The EM Spectrum and its Risks
      n7: Radio waves have the longest wavelengths and lowest frequencies. They are used for AM and FM radio broadcastin
             -> 394 KB, 33.6s, uploaded
      manifest updated (23 entries)
  L02 (Ada)  Climate Models and Earth's Energy Balance
      n19: When answering questions about climate change and models, apply scientific reasoning rather than just recallin
             -> 474 KB, 40.4s, uploaded
      manifest updated (23 entries)
  L03 (Ollie)  Wave Behaviour — Reflection, Refraction, Diffraction
      n23: Questions on the wave equation v equals f times lambda are straightforward if you identify which two quantitie
             -> 509 KB, 43.4s, uploaded
      n27: Reflection bounces a wave off a surface (angle of incidence = angle of reflection); (Higher tier) refraction o
             -> 163 KB, 13.9s, uploaded
      manifest updated (27 entries)
  L04 (Ada)  Light, Sound and Materials
      n14: The bones in the middle ear are a biological example of sound transmission through a solid. The three small bo
             -> 341 KB, 29.1s, uploaded
      n15: Key Fact . Sound travels faster and more efficiently through solids and liquids than through gases, because pa
             -> 238 KB, 20.4s, uploaded
      n21: When answering questions about colour and filters, make sure you use the words ‘transmit’ and ‘absorb’ precise
             -> 471 KB, 40.2s, uploaded
      n22: Key Takeaways
             -> 19 KB, 1.6s, uploaded
      n25: (Higher tier) Sound travels better through solids and liquids than through air; the ear bones transmit vibrati
             -> 202 KB, 17.2s, uploaded
      manifest updated (25 entries)

Regenerated 9 clips.

=== VERIFY (ranged GET + freshness) ===
  206  L01 n7  bytes 0-3/403776  Last-Modified: Sat, 05 Sep 2026 14:56:07 GMT  mp3-sync=OK
  206  L02 n19  bytes 0-3/484992  Last-Modified: Sat, 05 Sep 2026 14:56:15 GMT  mp3-sync=OK
  206  L03 n23  bytes 0-3/520992  Last-Modified: Sat, 05 Sep 2026 14:56:25 GMT  mp3-sync=OK
  206  L03 n27  bytes 0-3/167328  Last-Modified: Sat, 05 Sep 2026 14:56:29 GMT  mp3-sync=OK
  206  L04 n14  bytes 0-3/349632  Last-Modified: Sat, 05 Sep 2026 14:56:37 GMT  mp3-sync=OK
  206  L04 n15  bytes 0-3/244224  Last-Modified: Sat, 05 Sep 2026 14:56:42 GMT  mp3-sync=OK
  206  L04 n21  bytes 0-3/482400  Last-Modified: Sat, 05 Sep 2026 14:56:51 GMT  mp3-sync=OK
  206  L04 n22  bytes 0-3/19296  Last-Modified: Sat, 05 Sep 2026 14:56:52 GMT  mp3-sync=OK
  206  L04 n25  bytes 0-3/206784  Last-Modified: Sat, 05 Sep 2026 14:56:56 GMT  mp3-sync=OK

9/9 clips verified HTTP 200/206 with fresh audio.
