=== APPLY EDITS religious-studies-eduqas/theme-relationships  17 edits  LIVE  2026-09-06T08:56:05.265Z
  ok   #0 L1.content_html [MEDIUM] F1: Anand Karaj means 'blissful union', as the same sentence and the glossary both say. 'Going around' is the 
  ok   #1 L1.content_html [MEDIUM] F2: the Sigalovada Sutta is a Buddhist text only. The tip asked students to recall two traditions that use it,
  ok   #2 L1.practice_questions[5].marks [MEDIUM] F3: SPaG is not a 5% add-on to one question. The paper carries 120 marks plus 6 for spelling, punctuation and 
  PATCH L1: content_html, practice_questions
  ok   #3 L2.exam_tip_html [MEDIUM] F4: invented examiner claim. No published examiner report is cited or citable here.
  ok   #4 L2.exam_tip_html [MEDIUM] F4: invented mark-scheme claim. The spec does say non-religious beliefs such as humanism may be applied throug
  ok   #5 L2.practice_questions[5].marks [MEDIUM] F5: SPaG is not a 5% add-on to one question. The paper carries 120 marks plus 6 for spelling, punctuation and 
  ok   #6 L2.flashcard_questions[9].a [MEDIUM] F6: Matthew 19:9 carries the exception clause 'except for sexual immorality'. Dropping it made the card contra
  ok   #7 L2.content_html [LOW] F7: 'formally' inverts the sense. FWBO is the former name, changed in 2010. The body text and Lesson 3 both sa
  ok   #8 L2.glossary_terms[4].definition [LOW] F7: 'formally' inverts the sense. FWBO is the former name, changed in 2010.
  PATCH L2: exam_tip_html, practice_questions, flashcard_questions, content_html, glossary_terms
  ok   #9 L3.content_html [MEDIUM] F8: the sentence said the Act came into force 'In 2013' and 'in March 2014' at once. It was passed in 2013 and
  ok   #10 L3.content_html [MEDIUM] F9: civil partnerships were created BY the Civil Partnership Act 2004, not 'later extended under' it. The late
  ok   #11 L3.knowledge_checks[2].q [MEDIUM] F10: the Sikh marriage ceremony is the Anand Karaj, as Lesson 1 teaches. The Lavan is the four stanzas sung du
  ok   #12 L3.practice_questions[5].marks [MEDIUM] F11: the paper carries 120 marks plus 6 for spelling, punctuation and grammar across specified extended-writin
  PATCH L3: content_html, knowledge_checks, practice_questions
  ok   #13 L4.exam_tip_html [MEDIUM] F12: invented examiner claim.
  ok   #14 L4.content_html [MEDIUM] F13: 'bhikkhuni sangha' is the order of nuns, not one nun. The flashcard already defines it correctly.
  ok   #15 L4.glossary_terms[3].definition [MEDIUM] F13: 'bhikkhuni sangha' is the order of nuns, not one nun.
  ok   #16 L4.practice_questions[5].marks [MEDIUM] F14: the paper carries 120 marks plus 6 for spelling, punctuation and grammar across specified extended-writin
  PATCH L4: exam_tip_html, content_html, glossary_terms, practice_questions
=== 17 applied, 0 skipped, 4 lessons / 14 fields changed
