
=== RE-NARRATION (changed narrated text only) ===
backup: C:\Users\tshau\Documents\Study Vault\scripts\_retrofc\units\religious-studies-eduqas__theme-relationships\_backup.json
unit:   religious-studies-eduqas / theme-relationships
run: 2026-09-06T08:56:07Z  mode: LIVE
  L01: fields edited but no narrated text changed -> skip

3 lessons, 3 clips to regenerate

  L02 (Ada)  Sexual Ethics and Contraception
      n23: On contraception questions, the strongest answers name Humanae Vitae (1968, Pope Paul VI) and explain what it 
             -> 396 KB, 33.8s, uploaded
      manifest updated (27 entries)
  L03 (Ollie)  Same-Sex Relationships
      n2: The Marriage (Same Sex Couples) Act 2013 came into force in March 2014, allowing same-sex couples to marry in 
             -> 349 KB, 29.8s, uploaded
      manifest updated (30 entries)
  L04 (Ada)  Gender Equality and the Roles of Women and Men
      n27: When answering questions about gender roles in religion, be careful to distinguish between theological teachin
             -> 449 KB, 38.3s, uploaded
      manifest updated (31 entries)

Regenerated 3 clips.

=== VERIFY (ranged GET + freshness) ===
  206  L02 n23  bytes 0-3/405504  Last-Modified: Sun, 06 Sep 2026 08:56:15 GMT  mp3-sync=OK
  206  L03 n2  bytes 0-3/357696  Last-Modified: Sun, 06 Sep 2026 08:56:20 GMT  mp3-sync=OK
  206  L04 n27  bytes 0-3/459936  Last-Modified: Sun, 06 Sep 2026 08:56:26 GMT  mp3-sync=OK

3/3 clips verified HTTP 200/206 with fresh audio.
