=== APPLY EDITS english-literature-ocr/never-let-me-go  84 edits  LIVE  2026-09-02T17:09:08.313Z
  ok   #37 L1.practice_questions[0].marks [MEDIUM] F10: invented AO1 8 / AO2 8 / AO3 4 split removed; spec publishes no per-question grid
  ok   #38 L1.practice_questions[1].marks [MEDIUM] F10: invented AO1 8 / AO2 8 / AO3 4 split removed; spec publishes no per-question grid
  ok   #39 L1.practice_questions[2].marks [MEDIUM] F10: invented AO1 8 / AO2 8 / AO3 4 split removed; spec publishes no per-question grid
  ok   #40 L1.practice_questions[3].marks [MEDIUM] F10: invented AO1 8 / AO2 8 / AO3 4 split removed; spec publishes no per-question grid
  ok   #41 L1.practice_questions[4].marks [MEDIUM] F10: invented AO1 8 / AO2 8 / AO3 4 split removed; spec publishes no per-question grid
  ok   #42 L1.practice_questions[5].marks [MEDIUM] F10: invented AO1 8 / AO2 8 / AO3 4 split removed; spec publishes no per-question grid
  ok   #83 L1.content_html [MEDIUM] F11: "throughout" unsupported for the unseen comparison
  PATCH L1: practice_questions, content_html
  ok   #0 L2.content_html [MEDIUM] F5: the phrase is Miss Lucy's, from her chapter 7 speech, not Kathy's.
  ok   #1 L2.content_html [MEDIUM] F5: speaker correction.
  ok   #2 L2.flashcard_questions[3].q [MEDIUM] F5: speaker correction.
  ok   #3 L2.glossary_terms[3].definition [MEDIUM] F5: speaker correction.
  ok   #43 L2.practice_questions[0].marks [MEDIUM] F10: invented AO1 8 / AO2 8 / AO3 4 split removed; spec publishes no per-question grid
  ok   #44 L2.practice_questions[1].marks [MEDIUM] F10: invented AO1 8 / AO2 8 / AO3 4 split removed; spec publishes no per-question grid
  ok   #45 L2.practice_questions[2].marks [MEDIUM] F10: invented AO1 8 / AO2 8 / AO3 4 split removed; spec publishes no per-question grid
  ok   #46 L2.practice_questions[3].marks [MEDIUM] F10: invented AO1 8 / AO2 8 / AO3 4 split removed; spec publishes no per-question grid
  ok   #47 L2.practice_questions[4].marks [MEDIUM] F10: invented AO1 8 / AO2 8 / AO3 4 split removed; spec publishes no per-question grid
  ok   #48 L2.practice_questions[5].marks [MEDIUM] F10: invented AO1 8 / AO2 8 / AO3 4 split removed; spec publishes no per-question grid
  PATCH L2: content_html, flashcard_questions, glossary_terms, practice_questions
  ok   #4 L3.content_html [LOW] F9: it is a second copy of the album, not the lost tape.
  ok   #5 L3.content_html [MEDIUM] F7: Ruth apologises on the boat trip while recovering from her first donation, not on her deathbed.
  ok   #6 L3.practice_questions[3].marks [MEDIUM] F7: removes the deathbed error from the mark scheme note.; F10 split removed
  ok   #49 L3.practice_questions[0].marks [MEDIUM] F10: invented AO1 8 / AO2 8 / AO3 4 split removed; spec publishes no per-question grid
  ok   #50 L3.practice_questions[1].marks [MEDIUM] F10: invented AO1 8 / AO2 8 / AO3 4 split removed; spec publishes no per-question grid
  ok   #51 L3.practice_questions[2].marks [MEDIUM] F10: invented AO1 8 / AO2 8 / AO3 4 split removed; spec publishes no per-question grid
  ok   #52 L3.practice_questions[4].marks [MEDIUM] F10: invented AO1 8 / AO2 8 / AO3 4 split removed; spec publishes no per-question grid
  ok   #53 L3.practice_questions[5].marks [MEDIUM] F10: invented AO1 8 / AO2 8 / AO3 4 split removed; spec publishes no per-question grid
  PATCH L3: content_html, practice_questions
  ok   #7 L4.content_html [MEDIUM] F7: the confession comes on the boat trip, weeks before her second donation.
  ok   #8 L4.content_html [HIGH] F2: the quoted line is invented; this is Miss Emily's real wording in chapter 22.
  ok   #9 L4.content_html [HIGH] F4 and F6: the quotation does not exist and Kathy is absent at Tommy's completion; the closing image is a rubb
  ok   #10 L4.content_html [MEDIUM] F6: there is no shore in the final scene.
  ok   #11 L4.flashcard_questions[3].q [MEDIUM] F7: fixes the wrong moment and the broken sentence.
  ok   #12 L4.flashcard_questions[6].a [HIGH] F2: real chapter 22 wording.
  ok   #13 L4.flashcard_questions[8].q [HIGH] F4: Kathy is not there, so she gives no description.
  ok   #14 L4.flashcard_questions[8].a [HIGH] F4: replaces an invented quotation with the real fact.
  ok   #15 L4.flashcard_questions[11].a [MEDIUM] F6: corrects the final image.
  ok   #54 L4.practice_questions[0].marks [MEDIUM] F10: invented AO1 8 / AO2 8 / AO3 4 split removed; spec publishes no per-question grid
  ok   #55 L4.practice_questions[1].marks [MEDIUM] F10: invented AO1 8 / AO2 8 / AO3 4 split removed; spec publishes no per-question grid
  ok   #56 L4.practice_questions[2].marks [MEDIUM] F10: invented AO1 8 / AO2 8 / AO3 4 split removed; spec publishes no per-question grid
  ok   #57 L4.practice_questions[3].marks [MEDIUM] F10: invented AO1 8 / AO2 8 / AO3 4 split removed; spec publishes no per-question grid
  ok   #58 L4.practice_questions[4].marks [MEDIUM] F10: invented AO1 8 / AO2 8 / AO3 4 split removed; spec publishes no per-question grid
  ok   #59 L4.practice_questions[5].marks [MEDIUM] F10: invented AO1 8 / AO2 8 / AO3 4 split removed; spec publishes no per-question grid
  PATCH L4: content_html, flashcard_questions, practice_questions
  ok   #16 L5.content_html [HIGH] F1: Syal is the author of a different set text; this novel is by Kazuo Ishiguro.
  ok   #17 L5.content_html [MEDIUM] F7 and F12: wrong moment, and the quoted line could not be traced to the novel.
  ok   #18 L5.content_html [MEDIUM] F7: not a deathbed scene.
  ok   #19 L5.content_html [MEDIUM] F7: not a deathbed scene.
  ok   #20 L5.knowledge_checks[1].q [MEDIUM] F7: the answer index is unchanged; only the moment is corrected.
  ok   #21 L5.flashcard_questions[7].q [MEDIUM] F7 and F12: removes the deathbed error and the untraced quotation.
  ok   #22 L5.flashcard_questions[7].a [MEDIUM] F12: the quoted line could not be traced to the novel.
  ok   #23 L5.practice_questions[3].marks [MEDIUM] F7: removes the deathbed error from the mark scheme note.; F10 split removed
  ok   #60 L5.practice_questions[0].marks [MEDIUM] F10: invented AO1 8 / AO2 8 / AO3 4 split removed; spec publishes no per-question grid
  ok   #61 L5.practice_questions[1].marks [MEDIUM] F10: invented AO1 8 / AO2 8 / AO3 4 split removed; spec publishes no per-question grid
  ok   #62 L5.practice_questions[2].marks [MEDIUM] F10: invented AO1 8 / AO2 8 / AO3 4 split removed; spec publishes no per-question grid
  ok   #63 L5.practice_questions[4].marks [MEDIUM] F10: invented AO1 8 / AO2 8 / AO3 4 split removed; spec publishes no per-question grid
  ok   #64 L5.practice_questions[5].marks [MEDIUM] F10: invented AO1 8 / AO2 8 / AO3 4 split removed; spec publishes no per-question grid
  PATCH L5: content_html, knowledge_checks, flashcard_questions, practice_questions
  ok   #24 L6.content_html [HIGH] F4: invented quotation, and Kathy is not present at his completion.
  ok   #25 L6.content_html [MEDIUM] F8: the novel reads 'the old kind of world'.
  ok   #26 L6.flashcard_questions[10].q [HIGH] F4: the quoted line is not in the novel.
  ok   #65 L6.practice_questions[0].marks [MEDIUM] F10: invented AO1 8 / AO2 8 / AO3 4 split removed; spec publishes no per-question grid
  ok   #66 L6.practice_questions[1].marks [MEDIUM] F10: invented AO1 8 / AO2 8 / AO3 4 split removed; spec publishes no per-question grid
  ok   #67 L6.practice_questions[2].marks [MEDIUM] F10: invented AO1 8 / AO2 8 / AO3 4 split removed; spec publishes no per-question grid
  ok   #68 L6.practice_questions[3].marks [MEDIUM] F10: invented AO1 8 / AO2 8 / AO3 4 split removed; spec publishes no per-question grid
  ok   #69 L6.practice_questions[4].marks [MEDIUM] F10: invented AO1 8 / AO2 8 / AO3 4 split removed; spec publishes no per-question grid
  ok   #70 L6.practice_questions[5].marks [MEDIUM] F10: invented AO1 8 / AO2 8 / AO3 4 split removed; spec publishes no per-question grid
  PATCH L6: content_html, flashcard_questions, practice_questions
  ok   #27 L7.content_html [LOW] F9: it is a second copy, and the same lesson later says Tommy found it.
  ok   #28 L7.content_html [MEDIUM] F8: the novel reads 'the old kind of world'.
  ok   #29 L7.content_html [MEDIUM] F8: the novel reads 'the old kind of world'.
  ok   #30 L7.flashcard_questions[6].a [MEDIUM] F8: quotation correction.
  ok   #71 L7.practice_questions[0].marks [MEDIUM] F10: invented AO1 8 / AO2 8 / AO3 4 split removed; spec publishes no per-question grid
  ok   #72 L7.practice_questions[1].marks [MEDIUM] F10: invented AO1 8 / AO2 8 / AO3 4 split removed; spec publishes no per-question grid
  ok   #73 L7.practice_questions[2].marks [MEDIUM] F10: invented AO1 8 / AO2 8 / AO3 4 split removed; spec publishes no per-question grid
  ok   #74 L7.practice_questions[3].marks [MEDIUM] F10: invented AO1 8 / AO2 8 / AO3 4 split removed; spec publishes no per-question grid
  ok   #75 L7.practice_questions[4].marks [MEDIUM] F10: invented AO1 8 / AO2 8 / AO3 4 split removed; spec publishes no per-question grid
  ok   #76 L7.practice_questions[5].marks [MEDIUM] F10: invented AO1 8 / AO2 8 / AO3 4 split removed; spec publishes no per-question grid
  PATCH L7: content_html, flashcard_questions, practice_questions
  ok   #31 L8.content_html [HIGH] F3: the memorised line must be the real chapter 22 wording.
  ok   #32 L8.content_html [HIGH] F3: real wording.
  ok   #33 L8.content_html [HIGH] F3 and F5: corrects the quotation bank a student memorises for a closed-text exam.
  ok   #34 L8.knowledge_checks[4].right[0] [HIGH] F3: real wording; the match order is unchanged.
  ok   #35 L8.flashcard_questions[1].a [HIGH] F3: real wording.
  ok   #36 L8.flashcard_questions[7].q [MEDIUM] F5: speaker correction.
  ok   #77 L8.practice_questions[0].marks [MEDIUM] F10: invented AO1 8 / AO2 8 / AO3 4 split removed; spec publishes no per-question grid
  ok   #78 L8.practice_questions[1].marks [MEDIUM] F10: invented AO1 8 / AO2 8 / AO3 4 split removed; spec publishes no per-question grid
  ok   #79 L8.practice_questions[2].marks [MEDIUM] F10: invented AO1 8 / AO2 8 / AO3 4 split removed; spec publishes no per-question grid
  ok   #80 L8.practice_questions[3].marks [MEDIUM] F10: invented AO1 8 / AO2 8 / AO3 4 split removed; spec publishes no per-question grid
  ok   #81 L8.practice_questions[4].marks [MEDIUM] F10: invented AO1 8 / AO2 8 / AO3 4 split removed; spec publishes no per-question grid
  ok   #82 L8.practice_questions[5].marks [MEDIUM] F10: invented AO1 8 / AO2 8 / AO3 4 split removed; spec publishes no per-question grid
  PATCH L8: content_html, knowledge_checks, flashcard_questions, practice_questions
=== 84 applied, 0 skipped, 8 lessons / 25 fields changed
