
=== RE-NARRATION (changed narrated text only) ===
backup: C:\Users\tshau\Documents\Study Vault\scripts\_retrofc\units\english-literature-ocr__never-let-me-go\_backup.json
unit:   english-literature-ocr / never-let-me-go
run: 2026-09-02T17:09:12Z  mode: LIVE

8 lessons, 20 clips to regenerate

  L01 (Ollie)  Context: Science, Ethics & Dystopia
      n14: For OCR Component 01 Section A, understanding this context is essential. Part (a) asks you to compare an extra
             -> 302 KB, 25.8s, uploaded
      manifest updated (20 entries)
  L02 (Ada)  Hailsham: Childhood & Clues
      n4: But even in childhood, there are clues that something is wrong. The students are never told explicitly what th
             -> 258 KB, 22.0s, uploaded
      n12: This phrase, used by Miss Lucy, is one of the novel’s most important ideas. The students are technically infor
             -> 346 KB, 29.5s, uploaded
      manifest updated (20 entries)
  L03 (Ollie)  The Cottages & the Outside World
      n7: Kathy, Tommy and Ruth travel to Norfolk searching for Ruth’s “possible” — the original human from whom she was
             -> 405 KB, 34.6s, uploaded
      n14: The Cottages chapters also develop the love triangle between Kathy, Tommy and Ruth. Ruth manoeuvres herself in
             -> 248 KB, 21.2s, uploaded
      manifest updated (20 entries)
  L04 (Ada)  Donations & the Ending
      n4: Ruth donates and completes before Kathy and Tommy. While she is recovering from her first donation, she makes 
             -> 227 KB, 19.3s, uploaded
      n7: Kathy and Tommy travel to visit Madame and Miss Emily. They present Tommy’s art and ask for a deferral. The sc
             -> 409 KB, 34.9s, uploaded
      n12: Tommy completes after his fourth donation. Kathy is not his carer by then — Tommy asks for someone else. She r
             -> 376 KB, 32.1s, uploaded
      n13: The image of Kathy in the Norfolk field is the novel’s most powerful moment. The field is empty. The fence hol
             -> 341 KB, 29.1s, uploaded
      manifest updated (20 entries)
  L05 (Ollie)  Character Analysis
      n9: Ruth is possessive, manipulative and deeply insecure. She mimics TV behaviour, blocks the Kathy-Tommy relation
             -> 298 KB, 25.4s, uploaded
      n13: The Kathy-Tommy-Ruth triangle drives the plot. Ruth positions herself between Kathy and Tommy out of insecurit
             -> 287 KB, 24.5s, uploaded
      n16: Key Fact . Kathy: acceptance through narration. Tommy: hope (art) then rage (scream). Ruth: performance and di
             -> 282 KB, 24.1s, uploaded
      manifest updated (21 entries)
  L06 (Ada)  Structure, Narration & Memory
      n12: Ishiguro gives the reader an unusual role. Because Kathy narrates with restraint and euphemism, it is the read
             -> 255 KB, 21.8s, uploaded
      n14: The novel’s title itself is a structural element. “Never Let Me Go” is the name of a song by the fictional Jud
             -> 301 KB, 25.7s, uploaded
      manifest updated (20 entries)
  L07 (Ollie)  Symbolism & Setting
      n7: Norfolk is the novel’s most complex symbol. Called “the lost corner of England,” it becomes a mythical place w
             -> 265 KB, 22.6s, uploaded
      n8: Kathy’s copy of “Never Let Me Go” by Judy Bridgewater is one of the novel’s most important symbols. She loses 
             -> 376 KB, 32.1s, uploaded
      n15: The title “Never Let Me Go” is itself symbolic. It is a plea against loss — loss of love, of life, of innocenc
             -> 292 KB, 24.9s, uploaded
      manifest updated (21 entries)
  L08 (Ada)  Key Themes & Exam Technique
      n4: What makes someone human? The clones are biologically identical to “normal” humans but are treated as less tha
             -> 343 KB, 29.3s, uploaded
      n13: Key Fact . Identity (Gallery quotation — ‘to prove you had souls at all’), Mortality (compressed lifespan inte
             -> 287 KB, 24.5s, uploaded
      n17: Build a bank of 10-12 quotations covering all five themes. Key quotations: “Your lives are set out for you” (M
             -> 277 KB, 23.7s, uploaded
      manifest updated (24 entries)

Regenerated 20 clips.

=== VERIFY (ranged GET + freshness) ===
  206  L01 n14  bytes 0-3/309312  Last-Modified: Wed, 02 Sep 2026 17:09:18 GMT  mp3-sync=OK
  206  L02 n4  bytes 0-3/264096  Last-Modified: Wed, 02 Sep 2026 17:09:23 GMT  mp3-sync=OK
  206  L02 n12  bytes 0-3/354528  Last-Modified: Wed, 02 Sep 2026 17:09:28 GMT  mp3-sync=OK
  206  L03 n7  bytes 0-3/415008  Last-Modified: Wed, 02 Sep 2026 17:09:34 GMT  mp3-sync=OK
  206  L03 n14  bytes 0-3/254016  Last-Modified: Wed, 02 Sep 2026 17:09:38 GMT  mp3-sync=OK
  206  L04 n4  bytes 0-3/232128  Last-Modified: Wed, 02 Sep 2026 17:09:42 GMT  mp3-sync=OK
  206  L04 n7  bytes 0-3/418464  Last-Modified: Wed, 02 Sep 2026 17:09:49 GMT  mp3-sync=OK
  206  L04 n12  bytes 0-3/385056  Last-Modified: Wed, 02 Sep 2026 17:09:55 GMT  mp3-sync=OK
  206  L04 n13  bytes 0-3/349344  Last-Modified: Wed, 02 Sep 2026 17:10:00 GMT  mp3-sync=OK
  206  L05 n9  bytes 0-3/305280  Last-Modified: Wed, 02 Sep 2026 17:10:06 GMT  mp3-sync=OK
  206  L05 n13  bytes 0-3/294336  Last-Modified: Wed, 02 Sep 2026 17:10:11 GMT  mp3-sync=OK
  206  L05 n16  bytes 0-3/289152  Last-Modified: Wed, 02 Sep 2026 17:10:16 GMT  mp3-sync=OK
  206  L06 n12  bytes 0-3/261216  Last-Modified: Wed, 02 Sep 2026 17:10:21 GMT  mp3-sync=OK
  206  L06 n14  bytes 0-3/308160  Last-Modified: Wed, 02 Sep 2026 17:10:25 GMT  mp3-sync=OK
  206  L07 n7  bytes 0-3/271584  Last-Modified: Wed, 02 Sep 2026 17:10:30 GMT  mp3-sync=OK
  206  L07 n8  bytes 0-3/385344  Last-Modified: Wed, 02 Sep 2026 17:10:36 GMT  mp3-sync=OK
  206  L07 n15  bytes 0-3/299232  Last-Modified: Wed, 02 Sep 2026 17:10:41 GMT  mp3-sync=OK
  206  L08 n4  bytes 0-3/351072  Last-Modified: Wed, 02 Sep 2026 17:10:46 GMT  mp3-sync=OK
  206  L08 n13  bytes 0-3/294048  Last-Modified: Wed, 02 Sep 2026 17:10:51 GMT  mp3-sync=OK
  206  L08 n17  bytes 0-3/283968  Last-Modified: Wed, 02 Sep 2026 17:10:55 GMT  mp3-sync=OK

20/20 clips verified HTTP 200/206 with fresh audio.
