
=== RE-NARRATION (changed narrated text only) ===
backup: C:\Users\tshau\Documents\Study Vault\scripts\_retrofc\units\english-literature-edexcel__poetry-belonging\_backup.json
unit:   english-literature-edexcel / poetry-belonging
run: 2026-09-02T07:46:08Z  mode: LIVE

8 lessons, 24 clips to regenerate

  L01 (Ollie)  Childhood & Memory
      n8: John Clare (1793–1864) was a labouring-class poet from Northamptonshire. His poem describes the shared ritual 
             -> 242 KB, 20.7s, uploaded
      n18: All three poets belong to or are influenced by the Romantic tradition, which idealised childhood as a state of
             -> 371 KB, 31.7s, uploaded
      n19: Structure: Hood uses a regular stanza pattern with a turning point in each stanza (past to present). Clare use
             -> 239 KB, 20.4s, uploaded
      n20: In the Edexcel anthology comparison question, the named poem will be printed for you, but your chosen comparis
             -> 307 KB, 26.2s, uploaded
      manifest updated (24 entries)
  L02 (Ada)  Nature & Spiritual Belonging
      n5: Brontë uses a series of natural images — mist, cloud, rain and damp grass — to build a sense of the landscape 
             -> 299 KB, 25.5s, uploaded
      n12: Letitia Elizabeth Landon (1802–1838), known as L.E.L., was a popular Romantic-era poet. Her poem is addressed 
             -> 327 KB, 27.9s, uploaded
      n13: Landon presents belonging as something built in play and then lost. The children turn the garden pond into the
             -> 283 KB, 24.1s, uploaded
      n14: Key Fact . Landon’s poem explores belonging that is made in childhood and then lost. Unlike Brontë, who finds 
             -> 275 KB, 23.4s, uploaded
      n16: Speaker’s relationship with nature: Brontë is immersed — she becomes part of the landscape. Bridges observes a
             -> 239 KB, 20.4s, uploaded
      n18: Context (AO3): All three poets belong to or are influenced by the pantheistic Romantic tradition that saw natu
             -> 307 KB, 26.2s, uploaded
      n23: Landon’s “Captain Cook (To My Brother)” turns a childhood garden into an imagined ocean, then mourns the loss 
             -> 87 KB, 7.5s, uploaded
      manifest updated (23 entries)
  L03 (Ollie)  Cultural Identity & Displacement
      n6: Key Fact . Nichols contrasts two soundscapes: the “sound of blue surf” (Caribbean) versus the “grey metallic s
             -> 258 KB, 22.0s, uploaded
      n10: Zephaniah was a diasporic poet — his father came to Britain from Barbados and his mother from Jamaica, and his
             -> 389 KB, 33.2s, uploaded
      n12: Kayo Chingonyi (born 1987) is a British-Zambian poet. “Kumukanda” takes its title from a Luvale coming-of-age 
             -> 321 KB, 27.4s, uploaded
      n17: Voice and perspective: Nichols uses a third-person narrative, observing the Island Man from outside. Zephaniah
             -> 230 KB, 19.7s, uploaded
      manifest updated (24 entries)
  L04 (Ada)  Home & Place
      n13: Kunial builds the poem from everyday uses of one word. He remembers that in the Midlands “us equally meant me,
             -> 418 KB, 35.7s, uploaded
      manifest updated (24 entries)
  L05 (Ollie)  Voice, Language & Form
      n2: In poetry, what a poet says about belonging matters — but how they say it matters just as much. The Belonging 
             -> 407 KB, 34.7s, uploaded
      n12: Traditional Forms: Rhyme & Regular Metre
             -> 40 KB, 3.4s, uploaded
      manifest updated (24 entries)
  L06 (Ada)  Comparing Romantic & Contemporary Voices
      n2: The Belonging anthology spans over two hundred years, from Romantic poems written in the early nineteenth cent
             -> 403 KB, 34.4s, uploaded
      n5: For Wordsworth in “To My Sister,” a spring morning is enough to create a sense of spiritual communion. For Cla
             -> 351 KB, 30.0s, uploaded
      n15: Hood and Bridges are classified as Literary Heritage poets, sitting between the Romantic and contemporary peri
             -> 420 KB, 35.9s, uploaded
      manifest updated (24 entries)
  L07 (Ollie)  Comparison Skills
      n2: The Edexcel anthology comparison question asks you to compare a named poem (printed on the paper) with one poe
             -> 305 KB, 26.0s, uploaded
      manifest updated (36 entries)
  L08 (Ada)  Exam Technique & Key Quotations
      n8: Key Fact . The named poem is in front of you, so you can quote from it freely. Your comparison poem is from me
             -> 265 KB, 22.6s, uploaded
      n44: The Part 1 question is worth 20 marks, split between AO2 and AO3 (context). The named poem is printed; your ch
             -> 131 KB, 11.2s, uploaded
      manifest updated (45 entries)

Regenerated 24 clips.

=== VERIFY (ranged GET + freshness) ===
  206  L01 n8  bytes 0-3/248256  Last-Modified: Wed, 02 Sep 2026 07:46:14 GMT  mp3-sync=OK
  206  L01 n18  bytes 0-3/379872  Last-Modified: Wed, 02 Sep 2026 07:46:19 GMT  mp3-sync=OK
  206  L01 n19  bytes 0-3/245088  Last-Modified: Wed, 02 Sep 2026 07:46:23 GMT  mp3-sync=OK
  206  L01 n20  bytes 0-3/314496  Last-Modified: Wed, 02 Sep 2026 07:46:28 GMT  mp3-sync=OK
  206  L02 n5  bytes 0-3/306144  Last-Modified: Wed, 02 Sep 2026 07:46:33 GMT  mp3-sync=OK
  206  L02 n12  bytes 0-3/334944  Last-Modified: Wed, 02 Sep 2026 07:46:38 GMT  mp3-sync=OK
  206  L02 n13  bytes 0-3/289728  Last-Modified: Wed, 02 Sep 2026 07:46:43 GMT  mp3-sync=OK
  206  L02 n14  bytes 0-3/281376  Last-Modified: Wed, 02 Sep 2026 07:46:47 GMT  mp3-sync=OK
  206  L02 n16  bytes 0-3/244512  Last-Modified: Wed, 02 Sep 2026 07:46:51 GMT  mp3-sync=OK
  206  L02 n18  bytes 0-3/313920  Last-Modified: Wed, 02 Sep 2026 07:46:55 GMT  mp3-sync=OK
  206  L02 n23  bytes 0-3/89568  Last-Modified: Wed, 02 Sep 2026 07:46:58 GMT  mp3-sync=OK
  206  L03 n6  bytes 0-3/263808  Last-Modified: Wed, 02 Sep 2026 07:47:02 GMT  mp3-sync=OK
  206  L03 n10  bytes 0-3/398592  Last-Modified: Wed, 02 Sep 2026 07:47:07 GMT  mp3-sync=OK
  206  L03 n12  bytes 0-3/328896  Last-Modified: Wed, 02 Sep 2026 07:47:12 GMT  mp3-sync=OK
  206  L03 n17  bytes 0-3/235872  Last-Modified: Wed, 02 Sep 2026 07:47:16 GMT  mp3-sync=OK
  206  L04 n13  bytes 0-3/428544  Last-Modified: Wed, 02 Sep 2026 07:47:23 GMT  mp3-sync=OK
  206  L05 n2  bytes 0-3/416448  Last-Modified: Wed, 02 Sep 2026 07:47:29 GMT  mp3-sync=OK
  206  L05 n12  bytes 0-3/41184  Last-Modified: Wed, 02 Sep 2026 07:47:30 GMT  mp3-sync=OK
  206  L06 n2  bytes 0-3/412704  Last-Modified: Wed, 02 Sep 2026 07:47:36 GMT  mp3-sync=OK
  206  L06 n5  bytes 0-3/359712  Last-Modified: Wed, 02 Sep 2026 07:47:42 GMT  mp3-sync=OK
  206  L06 n15  bytes 0-3/430272  Last-Modified: Wed, 02 Sep 2026 07:47:48 GMT  mp3-sync=OK
  206  L07 n2  bytes 0-3/312192  Last-Modified: Wed, 02 Sep 2026 07:47:52 GMT  mp3-sync=OK
  206  L08 n8  bytes 0-3/271008  Last-Modified: Wed, 02 Sep 2026 07:47:56 GMT  mp3-sync=OK
  206  L08 n44  bytes 0-3/134496  Last-Modified: Wed, 02 Sep 2026 07:47:59 GMT  mp3-sync=OK

24/24 clips verified HTTP 200/206 with fresh audio.
