=== APPLY EDITS english-literature-ocr/poetry-youth-and-age  30 edits  LIVE  2026-09-02T16:30:29.931Z
  ok   #0 L2.content_html [MEDIUM] F7: the poem is four stanzas of five lines, not four-line stanzas
  ok   #1 L2.content_html [MEDIUM] F8: the flowers lines come before the mother's words; the poem ends with the playhouse and the overheard secre
  ok   #2 L2.content_html [MEDIUM] F9: the speaker is the son, not a parent
  ok   #3 L2.content_html [MEDIUM] F9: the speaker is the son, not a parent
  ok   #4 L2.content_html [MEDIUM] F9: the speaker is the son, not a parent
  ok   #5 L2.exam_tip_html [HIGH] F10: there is no 40-mark comparison; part (a) is 20 marks and the second poem is unseen
  ok   #6 L2.knowledge_checks[4].right[0] [MEDIUM] F12: Hardy never names the boy; the refrain is a description, not a name
  ok   #7 L2.practice_questions[0].type [MEDIUM] F11: the poetry question uses no extract; this is a single-poem task
  ok   #8 L2.practice_questions[1].type [MEDIUM] F11: the poetry question uses no extract; this is a single-poem task
  ok   #9 L2.practice_questions[3].type [MEDIUM] F11: the poetry question uses no extract; this is a single-poem task
  ok   #10 L2.practice_questions[4].type [MEDIUM] F11: the poetry question uses no extract; this is a single-poem task
  ok   #11 L2.practice_questions[2].type [HIGH] F11: each part of the poetry question is 20 marks, not 40
  ok   #12 L2.practice_questions[5].type [HIGH] F11: each part of the poetry question is 20 marks, not 40
  ok   #13 L2.practice_questions[2].text [HIGH] F11: real total is 20 marks and the exam pairs one named poem with an unseen poem
  ok   #14 L2.practice_questions[5].text [HIGH] F11: real total is 20 marks and the exam pairs one named poem with an unseen poem
  PATCH L2: content_html, exam_tip_html, knowledge_checks, practice_questions
  ok   #15 L8.content_html [HIGH] F13: comparison is not a fourth assessment objective; the fourth one is spelling and punctuation, and it is no
  ok   #16 L8.content_html [MEDIUM] F14: 'bewrapt' is an old English past participle, not a Hardy coinage; the lesson's own flashcard calls it arc
  ok   #17 L8.content_html [MEDIUM] F15: the ending addresses nobody, so it is not apostrophe; the pop-up definition also contradicted the glossar
  ok   #18 L8.content_html [MEDIUM] F16: the named anthology poem is printed with the unseen poem; only the part (b) poem is from memory
  ok   #19 L8.content_html [MEDIUM] F17: the speaker's father takes the child home and watches her thrashed; he does not punish her, and the soake
  ok   #20 L8.content_html [LOW] F18: only four quotations are present
  ok   #21 L8.content_html [LOW] F19: unmatched closing div left behind when the second quotation block was dropped
  ok   #22 L8.practice_questions[0].type [HIGH] F20: each part of the poetry question is 20 marks, not 40
  ok   #23 L8.practice_questions[1].type [HIGH] F20: no part of this paper is worth 30 marks; the answer being planned is worth 20
  ok   #24 L8.practice_questions[2].type [HIGH] F20: no part of this paper is worth 30 marks
  ok   #25 L8.practice_questions[3].type [HIGH] F20: part (b) is worth 20 marks, not 30
  ok   #26 L8.practice_questions[4].type [HIGH] F20: each part of the poetry question is 20 marks, not 40
  ok   #27 L8.practice_questions[5].type [HIGH] F20: each part of the poetry question is 20 marks, not 40
  ok   #28 L8.practice_questions[0].text [HIGH] F20: the exam never compares two cluster poems; part (a) pairs a named poem with an unseen one
  ok   #29 L8.flashcard_questions[2].q [LOW] F21: 'Little - less - nothing!' is three words
  PATCH L8: content_html, practice_questions, flashcard_questions
=== 30 applied, 0 skipped, 2 lessons / 7 fields changed
