
=== RE-NARRATION (changed narrated text only) ===
backup: C:\Users\tshau\Documents\Study Vault\scripts\_retrofc\units\creative-imedia@unity__product-design\_backup.json
unit:   creative-imedia / product-design
run: 2026-09-18T09:38:20Z  mode: LIVE

6 lessons, 8 clips to regenerate

  L01 (Ollie)  Purpose, Style, Content and Layout
      n2: Every media product is created for a specific purpose . Understanding the purpose is the starting point for al
             -> 158 KB, 13.5s, uploaded
      manifest updated (18 entries)
  L02 (Ada)  Client Requirements and Communication
      n2: Before any media product is created, the producer needs to understand exactly what the client wants. Client re
             -> 244 KB, 20.9s, uploaded
      n18: In the exam, Section B scenarios are essentially client briefs. Read them like a brief: identify the product t
             -> 302 KB, 25.8s, uploaded
      manifest updated (22 entries)
  L03 (Ollie)  Audience Demographics and Segmentation
      n2: Understanding the target audience is essential when designing any media product. If a product does not appeal 
             -> 238 KB, 20.3s, uploaded
      manifest updated (21 entries)
  L04 (Ada)  Research Methods: Primary and Secondary
      n2: Before creating any media product, the production team must conduct research . Research helps producers unders
             -> 255 KB, 21.7s, uploaded
      manifest updated (23 entries)
  L05 (Ollie)  Media Codes: Camera Techniques
      n2: Media codes are the techniques and conventions used in media products to convey meaning, create impact, and en
             -> 320 KB, 27.3s, uploaded
      n14: Camera movement adds dynamism and guides the audience’s attention. There are four main types of camera movemen
             -> 90 KB, 7.7s, uploaded
      manifest updated (21 entries)
  L06 (Ada)  Media Codes: Mise-en-Scene
      n16: Key Fact . Denotation = what you literally see (a red rose is a flower). Connotation = what it symbolically re
             -> 189 KB, 16.1s, uploaded
      manifest updated (26 entries)

Regenerated 8 clips.

=== VERIFY (ranged GET + freshness) ===
  206  L01 n2  bytes 0-3/161568  Last-Modified: Fri, 18 Sep 2026 09:38:26 GMT  mp3-sync=OK
  206  L02 n2  bytes 0-3/250272  Last-Modified: Fri, 18 Sep 2026 09:38:29 GMT  mp3-sync=OK
  206  L02 n18  bytes 0-3/309312  Last-Modified: Fri, 18 Sep 2026 09:38:34 GMT  mp3-sync=OK
  206  L03 n2  bytes 0-3/243360  Last-Modified: Fri, 18 Sep 2026 09:38:39 GMT  mp3-sync=OK
  206  L04 n2  bytes 0-3/260640  Last-Modified: Fri, 18 Sep 2026 09:38:43 GMT  mp3-sync=OK
  206  L05 n2  bytes 0-3/328032  Last-Modified: Fri, 18 Sep 2026 09:38:48 GMT  mp3-sync=OK
  206  L05 n14  bytes 0-3/92160  Last-Modified: Fri, 18 Sep 2026 09:38:50 GMT  mp3-sync=OK
  206  L06 n16  bytes 0-3/193824  Last-Modified: Fri, 18 Sep 2026 09:38:55 GMT  mp3-sync=OK

8/8 clips verified HTTP 200/206 with fresh audio.
