=== APPLY EDITS english-literature-aqa/telling-tales  93 edits  LIVE  2026-09-02T00:59:23.367Z
  ok   #0 L1.content_html [HIGH] F1: the pond is in the public park ('The pond in our park was circular, exposed, perhaps fifty yards across'),
  ok   #1 L1.content_html [HIGH] F2: the father's death and the grandfather's chemistry shed are the story's founding facts; the lesson omitted
  ok   #2 L1.content_html [MEDIUM] F3: the suicide is stated (verdict of suicide by prussic acid); the doubt is about the mother's part, not abou
  ok   #3 L1.content_html [HIGH] F4: Ralph is not kind and does not include the grandfather; he is the man the boy fears and hates and plans to
  ok   #4 L1.content_html [MEDIUM] F1/F5: the outings end because the boat sinks, not because the grandfather stops going.
  ok   #5 L1.content_html [LOW] F5: the tip asked an unanswerable question once the pond claim is corrected.
  ok   #6 L1.content_html [MEDIUM] F5: same correction inside the collapsible.
  ok   #7 L1.conclusion_html [MEDIUM] F1/F5: takeaway repeated the pond error.
  ok   #47 L1.flashcard_questions[4].a [MEDIUM] F5
  ok   #48 L1.flashcard_questions[10].a [MEDIUM] F3
  ok   #49 L1.flashcard_questions[3].a [MEDIUM] F2: the father's death was missing from the whole lesson.
  PATCH L1: content_html, conclusion_html, flashcard_questions
  ok   #8 L2.content_html [LOW] F6: spelling error visible to students.
  ok   #9 L2.content_html [MEDIUM] F7: Gutenberg text: 'it fell at th' back of 'im. 'E wor under th' face, an' it niver touched 'im. It shut 'im 
  ok   #10 L2.content_html [HIGH] F8: the third association is Walter's first drunkenness, not illness; Elizabeth, not Annie, brings the flowers
  ok   #11 L2.conclusion_html [MEDIUM] F8: takeaway repeated the wrong list.
  ok   #50 L2.flashcard_questions[2].a [MEDIUM] F7
  ok   #51 L2.knowledge_checks[2].q [MEDIUM] F8
  PATCH L2: content_html, conclusion_html, flashcard_questions, knowledge_checks
  ok   #12 L3.content_html [HIGH] F9: Carla is not a teacher and is not 'paired' by a scheme; she asks the head for an address. Stefan is a teac
  ok   #13 L3.content_html [HIGH] F10: Stefan does recognise Carla and welcomes her; there is no humiliating non-recognition. The ending is a sh
  ok   #14 L3.content_html [HIGH] F10: key fact repeated the invented non-recognition.
  ok   #15 L3.content_html [MEDIUM] F10: the tip asked about an event that does not happen.
  ok   #16 L3.content_html [HIGH] F11: Stefan is not part of the institution and is not unthinkingly prejudiced; he is the outsider the staff mo
  ok   #17 L3.content_html [HIGH] F10: same invented climax.
  ok   #18 L3.content_html [MEDIUM] F12: the tie is 'red with bold green squiggles', not the Polish national colours.
  ok   #19 L3.conclusion_html [HIGH] F10: takeaway repeated the invented non-recognition.
  ok   #52 L3.knowledge_checks[4].left[1] [HIGH] F10
  ok   #53 L3.knowledge_checks[4].right[1] [HIGH] F10
  ok   #54 L3.knowledge_checks[4].right[2] [MEDIUM] F12
  ok   #55 L3.flashcard_questions[3].a [HIGH] F10
  ok   #56 L3.flashcard_questions[4].q [HIGH] F10
  ok   #57 L3.flashcard_questions[4].a [HIGH] F10
  ok   #58 L3.flashcard_questions[5].q [HIGH] F10
  ok   #59 L3.flashcard_questions[5].a [HIGH] F10
  ok   #60 L3.flashcard_questions[9].a [MEDIUM] F12
  ok   #61 L3.flashcard_questions[12].a [HIGH] F11
  ok   #85 L3.practice_questions[1].marks [HIGH] F10: the mark scheme rewarded an event that does not happen.
  PATCH L3: content_html, conclusion_html, knowledge_checks, flashcard_questions, practice_questions
  ok   #20 L4.content_html [HIGH] F13: the son does not piece it together from the father's retellings; he overhears one conversation. The money
  ok   #21 L4.content_html [MEDIUM] F13: the revelation is a single overheard conversation, not an accretion of hints; the son's refusal closes th
  ok   #22 L4.content_html [HIGH] F13: key fact repeated the wrong mechanism and called the payment insurance.
  ok   #62 L4.flashcard_questions[3].a [MEDIUM] F13
  ok   #63 L4.flashcard_questions[5].a [MEDIUM] F13
  ok   #64 L4.knowledge_checks[3].q [LOW] F13
  PATCH L4: content_html, flashcard_questions, knowledge_checks
  ok   #23 L5.description [MEDIUM] F14: the description ends mid-sentence ('duty, and.').
  ok   #24 L5.content_html [HIGH] F15: the text has the father condemn the suicide outright. The lesson reversed it.
  ok   #25 L5.content_html [HIGH] F15/F16: the father says the mother's death was no accident, and he condemns Watanabe's act.
  ok   #26 L5.content_html [HIGH] F15: key fact repeated the reversal, and a knowledge check was keyed to it.
  ok   #27 L5.content_html [MEDIUM] F15/F17: the narrator does see his father in the kitchen, and the father never states admiration for principle
  ok   #28 L5.content_html [MEDIUM] F18: there is no neglected garden in the story; the emptied house carries this meaning.
  ok   #29 L5.content_html [MEDIUM] F18: the overgrown garden is invented.
  ok   #30 L5.content_html [MEDIUM] F19: the story opens with the fugu paragraph and the drive from the airport on a sunny afternoon; the family d
  ok   #65 L5.knowledge_checks[1].q [HIGH] F15
  ok   #66 L5.knowledge_checks[1].options[1] [HIGH] F15: the keyed answer was the opposite of the text.
  ok   #67 L5.knowledge_checks[1].options[0] [HIGH] F15
  ok   #68 L5.knowledge_checks[4].left[1] [MEDIUM] F18
  ok   #69 L5.knowledge_checks[4].right[1] [MEDIUM] F18
  ok   #70 L5.knowledge_checks[4].right[2] [HIGH] F15
  ok   #71 L5.flashcard_questions[6].a [HIGH] F15
  ok   #72 L5.flashcard_questions[7].q [MEDIUM] F18
  ok   #73 L5.flashcard_questions[7].a [MEDIUM] F18
  ok   #86 L5.practice_questions[0].marks [HIGH] F15
  ok   #87 L5.practice_questions[1].marks [HIGH] F15
  ok   #90 L5.knowledge_checks[1].options[2] [MEDIUM] F15: option reworded to fit the corrected stem.
  ok   #91 L5.knowledge_checks[1].options[3] [MEDIUM] F15: option reworded to fit the corrected stem.
  PATCH L5: description, content_html, knowledge_checks, flashcard_questions, practice_questions
  ok   #31 L6.description [MEDIUM] F20: half the story takes place in England, and the punishment is for a question, not a false accusation.
  ok   #32 L6.content_html [HIGH] F21: she is punished for questioning the Columbus story in front of the inspector, not for something she did n
  ok   #33 L6.content_html [HIGH] F21: same wrong reason for the punishment.
  ok   #34 L6.content_html [MEDIUM] F21: Hortense speaks throughout; the story ends with her being heard.
  ok   #35 L6.content_html [LOW] F22: Miss Henderson is referred to as 'he'.
  ok   #74 L6.knowledge_checks[0].options[2] [HIGH] F21: the keyed answer was wrong.
  ok   #75 L6.knowledge_checks[0].options[0] [MEDIUM] F21: distractor became too close to the corrected key.
  ok   #76 L6.flashcard_questions[0].a [MEDIUM] F20
  ok   #77 L6.flashcard_questions[2].a [HIGH] F21
  ok   #88 L6.practice_questions[0].marks [HIGH] F21
  ok   #92 L6.knowledge_checks[0].options[2] [HIGH] F21: option reworded to fit the stem.
  PATCH L6: description, content_html, knowledge_checks, flashcard_questions, practice_questions
  ok   #36 L7.content_html [MEDIUM] F23: Pack of Cards is the 1986 collected volume; the story first appeared in Corruption and Other Stories (Hei
  ok   #78 L7.flashcard_questions[12].a [MEDIUM] F23
  PATCH L7: content_html, flashcard_questions
  ok   #37 L8.description [LOW] F24: the description ends mid-sentence ('essay from.').
  ok   #38 L8.content_html [HIGH] F25: AQA Telling Tales questions name one story and require one other of the candidate's choice (specimen pape
  ok   #39 L8.content_html [HIGH] F26: the grandmother is dead before the story opens; the household is grandfather, mother and son.
  ok   #40 L8.content_html [MEDIUM] F13: the fishing trip is not what breaks the relationship; the overheard conversation is.
  ok   #41 L8.content_html [HIGH] F27: the grandfather poisons himself; he does not drown. Lesson 1 of this unit states the correct fact, so the
  ok   #42 L8.content_html [HIGH] F21: same wrong reason for the punishment.
  ok   #43 L8.content_html [HIGH] F26: same wrong household.
  ok   #44 L8.content_html [MEDIUM] F13: the loss of faith comes from the overheard conversation.
  ok   #45 L8.content_html [HIGH] F25: the paper offers a choice of two questions, each naming one story and requiring a second story.
  ok   #46 L8.exam_tip_html [HIGH] F25: the old tip told students to range across the whole anthology.
  ok   #79 L8.practice_questions[0].text [MEDIUM] F25
  ok   #80 L8.practice_questions[1].text [MEDIUM] F25
  ok   #81 L8.practice_questions[2].text [MEDIUM] F25
  ok   #82 L8.practice_questions[3].text [MEDIUM] F25
  ok   #83 L8.practice_questions[4].text [MEDIUM] F25
  ok   #84 L8.practice_questions[5].text [MEDIUM] F25
  ok   #89 L8.practice_questions[0].marks [MEDIUM] F25: the question requires exactly two stories.
  PATCH L8: description, content_html, exam_tip_html, practice_questions
=== 93 applied, 0 skipped, 8 lessons / 31 fields changed
=== APPLY EDITS english-literature-aqa/telling-tales  93 edits  LIVE  2026-09-02T00:59:54.778Z
  ok   #0 L1.content_html [HIGH] F1: the pond is in the public park ('The pond in our park was circular, exposed, perhaps fifty yards across'),
  ok   #1 L1.content_html [HIGH] F2: the father's death and the grandfather's chemistry shed are the story's founding facts; the lesson omitted
  ok   #2 L1.content_html [MEDIUM] F3: the suicide is stated (verdict of suicide by prussic acid); the doubt is about the mother's part, not abou
  ok   #3 L1.content_html [HIGH] F4: Ralph is not kind and does not include the grandfather; he is the man the boy fears and hates and plans to
  ok   #4 L1.content_html [MEDIUM] F1/F5: the outings end because the boat sinks, not because the grandfather stops going.
  ok   #5 L1.content_html [LOW] F5: the tip asked an unanswerable question once the pond claim is corrected.
  ok   #6 L1.content_html [MEDIUM] F5: same correction inside the collapsible.
  ok   #7 L1.conclusion_html [MEDIUM] F1/F5: takeaway repeated the pond error.
  ok   #47 L1.flashcard_questions[4].a [MEDIUM] F5
  ok   #48 L1.flashcard_questions[10].a [MEDIUM] F3
  ok   #49 L1.flashcard_questions[3].a [MEDIUM] F2: the father's death was missing from the whole lesson.
  PATCH L1: content_html, conclusion_html, flashcard_questions
  ok   #8 L2.content_html [LOW] F6: spelling error visible to students.
  ok   #9 L2.content_html [MEDIUM] F7: Gutenberg text: 'it fell at th' back of 'im. 'E wor under th' face, an' it niver touched 'im. It shut 'im 
  ok   #10 L2.content_html [HIGH] F8: the third association is Walter's first drunkenness, not illness; Elizabeth, not Annie, brings the flowers
  ok   #11 L2.conclusion_html [MEDIUM] F8: takeaway repeated the wrong list.
  ok   #50 L2.flashcard_questions[2].a [MEDIUM] F7
  ok   #51 L2.knowledge_checks[2].q [MEDIUM] F8
  PATCH L2: content_html, conclusion_html, flashcard_questions, knowledge_checks
  ok   #12 L3.content_html [HIGH] F9: Carla is not a teacher and is not 'paired' by a scheme; she asks the head for an address. Stefan is a teac
  ok   #13 L3.content_html [HIGH] F10: Stefan does recognise Carla and welcomes her; there is no humiliating non-recognition. The ending is a sh
  ok   #14 L3.content_html [HIGH] F10: key fact repeated the invented non-recognition.
  ok   #15 L3.content_html [MEDIUM] F10: the tip asked about an event that does not happen.
  ok   #16 L3.content_html [HIGH] F11: Stefan is not part of the institution and is not unthinkingly prejudiced; he is the outsider the staff mo
  ok   #17 L3.content_html [HIGH] F10: same invented climax.
  ok   #18 L3.content_html [MEDIUM] F12: the tie is 'red with bold green squiggles', not the Polish national colours.
  ok   #19 L3.conclusion_html [HIGH] F10: takeaway repeated the invented non-recognition.
  ok   #52 L3.knowledge_checks[4].left[1] [HIGH] F10
  ok   #53 L3.knowledge_checks[4].right[1] [HIGH] F10
  ok   #54 L3.knowledge_checks[4].right[2] [MEDIUM] F12
  ok   #55 L3.flashcard_questions[3].a [HIGH] F10
  ok   #56 L3.flashcard_questions[4].q [HIGH] F10
  ok   #57 L3.flashcard_questions[4].a [HIGH] F10
  ok   #58 L3.flashcard_questions[5].q [HIGH] F10
  ok   #59 L3.flashcard_questions[5].a [HIGH] F10
  ok   #60 L3.flashcard_questions[9].a [MEDIUM] F12
  ok   #61 L3.flashcard_questions[12].a [HIGH] F11
  ok   #85 L3.practice_questions[1].marks [HIGH] F10: the mark scheme rewarded an event that does not happen.
  PATCH L3: content_html, conclusion_html, knowledge_checks, flashcard_questions, practice_questions
  ok   #20 L4.content_html [HIGH] F13: the son does not piece it together from the father's retellings; he overhears one conversation. The money
  ok   #21 L4.content_html [MEDIUM] F13: the revelation is a single overheard conversation, not an accretion of hints; the son's refusal closes th
  ok   #22 L4.content_html [HIGH] F13: key fact repeated the wrong mechanism and called the payment insurance.
  ok   #62 L4.flashcard_questions[3].a [MEDIUM] F13
  ok   #63 L4.flashcard_questions[5].a [MEDIUM] F13
  ok   #64 L4.knowledge_checks[3].q [LOW] F13
  PATCH L4: content_html, flashcard_questions, knowledge_checks
  ok   #23 L5.description [MEDIUM] F14: the description ends mid-sentence ('duty, and.').
  ok   #24 L5.content_html [HIGH] F15: the text has the father condemn the suicide outright. The lesson reversed it.
  ok   #25 L5.content_html [HIGH] F15/F16: the father says the mother's death was no accident, and he condemns Watanabe's act.
  ok   #26 L5.content_html [HIGH] F15: key fact repeated the reversal, and a knowledge check was keyed to it.
  ok   #27 L5.content_html [MEDIUM] F15/F17: the narrator does see his father in the kitchen, and the father never states admiration for principle
  ok   #28 L5.content_html [MEDIUM] F18: there is no neglected garden in the story; the emptied house carries this meaning.
  ok   #29 L5.content_html [MEDIUM] F18: the overgrown garden is invented.
  ok   #30 L5.content_html [MEDIUM] F19: the story opens with the fugu paragraph and the drive from the airport on a sunny afternoon; the family d
  ok   #65 L5.knowledge_checks[1].q [HIGH] F15
  ok   #66 L5.knowledge_checks[1].options[1] [HIGH] F15: the keyed answer was the opposite of the text.
  ok   #67 L5.knowledge_checks[1].options[0] [HIGH] F15
  ok   #68 L5.knowledge_checks[4].left[1] [MEDIUM] F18
  ok   #69 L5.knowledge_checks[4].right[1] [MEDIUM] F18
  ok   #70 L5.knowledge_checks[4].right[2] [HIGH] F15
  ok   #71 L5.flashcard_questions[6].a [HIGH] F15
  ok   #72 L5.flashcard_questions[7].q [MEDIUM] F18
  ok   #73 L5.flashcard_questions[7].a [MEDIUM] F18
  ok   #86 L5.practice_questions[0].marks [HIGH] F15
  ok   #87 L5.practice_questions[1].marks [HIGH] F15
  ok   #90 L5.knowledge_checks[1].options[2] [MEDIUM] F15: option reworded to fit the corrected stem.
  ok   #91 L5.knowledge_checks[1].options[3] [MEDIUM] F15: option reworded to fit the corrected stem.
  PATCH L5: description, content_html, knowledge_checks, flashcard_questions, practice_questions
  ok   #31 L6.description [MEDIUM] F20: half the story takes place in England, and the punishment is for a question, not a false accusation.
  ok   #32 L6.content_html [HIGH] F21: she is punished for questioning the Columbus story in front of the inspector, not for something she did n
  ok   #33 L6.content_html [HIGH] F21: same wrong reason for the punishment.
  ok   #34 L6.content_html [MEDIUM] F21: Hortense speaks throughout; the story ends with her being heard.
  ok   #35 L6.content_html [LOW] F22: Miss Henderson is referred to as 'he'.
  ok   #74 L6.knowledge_checks[0].options[2] [HIGH] F21: the keyed answer was wrong.
  ok   #75 L6.knowledge_checks[0].options[0] [MEDIUM] F21: distractor became too close to the corrected key.
  ok   #76 L6.flashcard_questions[0].a [MEDIUM] F20
  ok   #77 L6.flashcard_questions[2].a [HIGH] F21
  ok   #88 L6.practice_questions[0].marks [HIGH] F21
  ok   #92 L6.knowledge_checks[0].options[2] [HIGH] F21: option reworded to fit the stem.
  PATCH L6: description, content_html, knowledge_checks, flashcard_questions, practice_questions
  ok   #36 L7.content_html [MEDIUM] F23: Pack of Cards is the 1986 collected volume; the story first appeared in Corruption and Other Stories (Hei
  ok   #78 L7.flashcard_questions[12].a [MEDIUM] F23
  PATCH L7: content_html, flashcard_questions
  ok   #37 L8.description [LOW] F24: the description ends mid-sentence ('essay from.').
  ok   #38 L8.content_html [HIGH] F25: AQA Telling Tales questions name one story and require one other of the candidate's choice (specimen pape
  ok   #39 L8.content_html [HIGH] F26: the grandmother is dead before the story opens; the household is grandfather, mother and son.
  ok   #40 L8.content_html [MEDIUM] F13: the fishing trip is not what breaks the relationship; the overheard conversation is.
  ok   #41 L8.content_html [HIGH] F27: the grandfather poisons himself; he does not drown. Lesson 1 of this unit states the correct fact, so the
  ok   #42 L8.content_html [HIGH] F21: same wrong reason for the punishment.
  ok   #43 L8.content_html [HIGH] F26: same wrong household.
  ok   #44 L8.content_html [MEDIUM] F13: the loss of faith comes from the overheard conversation.
  ok   #45 L8.content_html [HIGH] F25: the paper offers a choice of two questions, each naming one story and requiring a second story.
  ok   #46 L8.exam_tip_html [HIGH] F25: the old tip told students to range across the whole anthology.
  ok   #79 L8.practice_questions[0].text [MEDIUM] F25
  ok   #80 L8.practice_questions[1].text [MEDIUM] F25
  ok   #81 L8.practice_questions[2].text [MEDIUM] F25
  ok   #82 L8.practice_questions[3].text [MEDIUM] F25
  ok   #83 L8.practice_questions[4].text [MEDIUM] F25
  ok   #84 L8.practice_questions[5].text [MEDIUM] F25
  ok   #89 L8.practice_questions[0].marks [MEDIUM] F25: the question requires exactly two stories.
  PATCH L8: description, content_html, exam_tip_html, practice_questions
=== 93 applied, 0 skipped, 8 lessons / 31 fields changed
