
=== RE-NARRATION (changed narrated text only) ===
backup: C:\Users\tshau\Documents\Study Vault\scripts\_retrofc\units\english-literature-aqa__telling-tales\_backup.json
unit:   english-literature-aqa / telling-tales
run: 2026-09-02T00:59:57Z  mode: LIVE

8 lessons, 42 clips to regenerate

  L01 (Ollie)  'Chemistry' — Graham Swift
      n5: The story is narrated in the first person by an unnamed adult man who looks back on a period of his childhood.
             -> 286 KB, 24.4s, uploaded
      n6: The narrator's father is already dead — his plane went down in the Irish Sea — so the boy and his mother have 
             -> 427 KB, 36.4s, uploaded
      n7: Key Fact . The pond in the park and the toy motor launch stand for the bond between grandfather and grandson. 
             -> 212 KB, 18.1s, uploaded
      n10: The grandfather is the story's most sympathetic figure. Widowed and grieving, he has displaced his love for hi
             -> 371 KB, 31.7s, uploaded
      n11: Ralph is a large, loud, coarse man whom the narrator fears and hates. He does not try to include the grandfath
             -> 358 KB, 30.5s, uploaded
      n15: At the story's opening, the pond is a space of quiet pleasure shared by grandfather and grandson. It is bounde
             -> 461 KB, 39.3s, uploaded
      n25: The pond in the park and the toy motor launch are central motifs: they symbolise the bond between grandfather 
             -> 114 KB, 9.7s, uploaded
      manifest updated (27 entries)
  L02 (Ada)  'Odour of Chrysanthemums' — D.H. Lawrence
      n2: D.H. Lawrence (1885–1930) was born in Eastwood, Nottinghamshire, into a working-class mining family. His fathe
             -> 429 KB, 36.6s, uploaded
      n5: Elizabeth Bates waits at home with her children for her husband Walter to return from the pit. She assumes he 
             -> 539 KB, 46.0s, uploaded
      n9: Chrysanthemums appear at three key moments, acquiring layered symbolic meaning. At the opening, ragged pink ch
             -> 439 KB, 37.5s, uploaded
      n24: The chrysanthemum motif is the story's structural spine: appearing at Elizabeth's wedding, at Annie's birth, a
             -> 175 KB, 14.9s, uploaded
      manifest updated (25 entries)
  L03 (Ollie)  'My Polish Teacher's Tie' — Helen Dunmore
      n5: Carla Carter works in the canteen of an English school. She is half-Polish — her mother was Polish — but she h
             -> 496 KB, 42.3s, uploaded
      n6: Stefan comes to the school on an exchange, and Carla dreads being found out. The story's climax comes after Va
             -> 339 KB, 29.0s, uploaded
      n7: Key Fact . When Stefan visits, Carla is afraid he will think less of her for working in the kitchen. He does n
             -> 256 KB, 21.9s, uploaded
      n10: Stefan Jeziorny is a teacher from Poland who signs himself Steve. In the letters he is warm, curious and equal
             -> 355 KB, 30.3s, uploaded
      n15: The pen-pal correspondence is crucial because letters create equality by removing the visual and social cues t
             -> 453 KB, 38.6s, uploaded
      n21: For your essay, think carefully about what the title refers to: the tie Steve wears on his visit is described 
             -> 321 KB, 27.4s, uploaded
      n24: The letters create an equal space in which Carla and Stefan meet as people rather than roles; when he visits h
             -> 124 KB, 10.6s, uploaded
      manifest updated (25 entries)
  L04 (Ada)  'Korea' — John McGahern
      n5: The story is told by an unnamed young narrator who works alongside his father, a former IRA fighter turned fis
             -> 465 KB, 39.7s, uploaded
      n6: The father never admits this to his son, and McGahern does not reduce him to a single motive: poverty, the los
             -> 274 KB, 23.4s, uploaded
      n7: Key Fact . Luke Moran, a local boy, was drafted in America and killed in Korea; his family received ten thousa
             -> 287 KB, 24.5s, uploaded
      manifest updated (26 entries)
  L05 (Ollie)  'A Family Supper' — Kazuo Ishiguro
      n8: Ishiguro never names the fish — the father says only, 'Just fish' — and the story stops before any consequence
             -> 291 KB, 24.8s, uploaded
      n11: The story's central theme is the tension between filial duty and personal freedom. The father represents a tra
             -> 456 KB, 39.0s, uploaded
      n12: Death and suicide run through the story as both literal events and thematic undertones. The mother's death fro
             -> 332 KB, 28.3s, uploaded
      n13: Key Fact . The father praises Watanabe as 'a man of principle and honour', but he also says plainly that the s
             -> 259 KB, 22.1s, uploaded
      n15: Ishiguro writes in a restrained, precise prose style. The narrator's voice is measured, slightly detached — he
             -> 384 KB, 32.8s, uploaded
      n16: The story makes extensive use of symbolism . The fugu fish carries the weight of the entire story's meaning: i
             -> 356 KB, 30.4s, uploaded
      n18: Ishiguro also structures the story with careful symmetry: it opens with a cool paragraph explaining exactly ho
             -> 279 KB, 23.8s, uploaded
      manifest updated (24 entries)
  L06 (Ada)  'Invisible Mass of the Back Row' — Claudette Williams
      n6: The narrator is Hortense, a Black girl seated at the back of a Jamaican classroom while Lorna Phillips, who is
             -> 553 KB, 47.2s, uploaded
      n11: The story's most powerful theme is injustice . Hortense is struck with a ruler for asking a fair question. Wha
             -> 295 KB, 25.2s, uploaded
      n12: Voice and voicelessness are equally central. The back-row children are denied voice in the most literal sense:
             -> 374 KB, 31.9s, uploaded
      n18: Dignity is consistently at stake. The punishment is a public humiliation — designed to shame as much as to pun
             -> 276 KB, 23.5s, uploaded
      manifest updated (24 entries)
  L07 (Ollie)  'The Darkness Out There' — Penelope Lively
      n2: Penelope Lively (born 1933) is a British novelist and short-story writer whose work frequently explores memory
             -> 442 KB, 37.7s, uploaded
      manifest updated (24 entries)
  L08 (Ada)  Comparing the Anthology: Themes & Exam Technique
      n2: The AQA Telling Tales anthology brings together seven short stories from a range of authors, settings, and per
             -> 358 KB, 30.6s, uploaded
      n6: Family is the anthology's most pervasive subject. In Chemistry (Graham Swift), a boy, his mother, and his gran
             -> 554 KB, 47.3s, uploaded
      n8: Primary stories for a 'family' essay: Chemistry (the fragile grandfather-mother-son triangle), A Family Supper
             -> 348 KB, 29.7s, uploaded
      n11: Death is present in nearly every story. In Chemistry , the grandfather's death is the event around which the s
             -> 401 KB, 34.2s, uploaded
      n15: Invisible Mass of the Back Row is the anthology's most explicit treatment of injustice — Hortense is struck wi
             -> 454 KB, 38.7s, uploaded
      n18: The Darkness Out There is the anthology's sharpest treatment of the gap between appearance and reality — Mrs R
             -> 468 KB, 39.9s, uploaded
      n21: For an essay on 'coming of age' or 'loss of innocence', the most productive groupings are: The Darkness Out Th
             -> 262 KB, 22.3s, uploaded
      n23: the Modern Texts section gives you two Telling Tales questions and you answer one. Each names a story and a th
             -> 362 KB, 30.9s, uploaded
      n25: The question names one story and asks for one other of your choosing, so plan around those two stories only. D
             -> 427 KB, 36.4s, uploaded
      manifest updated (29 entries)

Regenerated 42 clips.

=== VERIFY (ranged GET + freshness) ===
  206  L01 n5  bytes 0-3/293184  Last-Modified: Wed, 02 Sep 2026 01:00:06 GMT  mp3-sync=OK
  206  L01 n6  bytes 0-3/437184  Last-Modified: Wed, 02 Sep 2026 01:00:12 GMT  mp3-sync=OK
  206  L01 n7  bytes 0-3/217152  Last-Modified: Wed, 02 Sep 2026 01:00:16 GMT  mp3-sync=OK
  206  L01 n10  bytes 0-3/380160  Last-Modified: Wed, 02 Sep 2026 01:00:21 GMT  mp3-sync=OK
  206  L01 n11  bytes 0-3/366336  Last-Modified: Wed, 02 Sep 2026 01:00:27 GMT  mp3-sync=OK
  206  L01 n15  bytes 0-3/472032  Last-Modified: Wed, 02 Sep 2026 01:00:34 GMT  mp3-sync=OK
  206  L01 n25  bytes 0-3/116352  Last-Modified: Wed, 02 Sep 2026 01:00:35 GMT  mp3-sync=OK
  206  L02 n2  bytes 0-3/439488  Last-Modified: Wed, 02 Sep 2026 01:00:42 GMT  mp3-sync=OK
  206  L02 n5  bytes 0-3/552096  Last-Modified: Wed, 02 Sep 2026 01:00:49 GMT  mp3-sync=OK
  206  L02 n9  bytes 0-3/449568  Last-Modified: Wed, 02 Sep 2026 01:00:55 GMT  mp3-sync=OK
  206  L02 n24  bytes 0-3/178848  Last-Modified: Wed, 02 Sep 2026 01:00:58 GMT  mp3-sync=OK
  206  L03 n5  bytes 0-3/507744  Last-Modified: Wed, 02 Sep 2026 01:01:05 GMT  mp3-sync=OK
  206  L03 n6  bytes 0-3/347616  Last-Modified: Wed, 02 Sep 2026 01:01:10 GMT  mp3-sync=OK
  206  L03 n7  bytes 0-3/262368  Last-Modified: Wed, 02 Sep 2026 01:01:14 GMT  mp3-sync=OK
  206  L03 n10  bytes 0-3/363456  Last-Modified: Wed, 02 Sep 2026 01:01:20 GMT  mp3-sync=OK
  206  L03 n15  bytes 0-3/463680  Last-Modified: Wed, 02 Sep 2026 01:01:27 GMT  mp3-sync=OK
  206  L03 n21  bytes 0-3/328896  Last-Modified: Wed, 02 Sep 2026 01:01:32 GMT  mp3-sync=OK
  206  L03 n24  bytes 0-3/127296  Last-Modified: Wed, 02 Sep 2026 01:01:34 GMT  mp3-sync=OK
  206  L04 n5  bytes 0-3/476352  Last-Modified: Wed, 02 Sep 2026 01:01:41 GMT  mp3-sync=OK
  206  L04 n6  bytes 0-3/281088  Last-Modified: Wed, 02 Sep 2026 01:01:46 GMT  mp3-sync=OK
  206  L04 n7  bytes 0-3/293760  Last-Modified: Wed, 02 Sep 2026 01:01:50 GMT  mp3-sync=OK
  206  L05 n8  bytes 0-3/297792  Last-Modified: Wed, 02 Sep 2026 01:01:54 GMT  mp3-sync=OK
  206  L05 n11  bytes 0-3/467424  Last-Modified: Wed, 02 Sep 2026 01:02:01 GMT  mp3-sync=OK
  206  L05 n12  bytes 0-3/339840  Last-Modified: Wed, 02 Sep 2026 01:02:06 GMT  mp3-sync=OK
  206  L05 n13  bytes 0-3/264960  Last-Modified: Wed, 02 Sep 2026 01:02:10 GMT  mp3-sync=OK
  206  L05 n15  bytes 0-3/393696  Last-Modified: Wed, 02 Sep 2026 01:02:15 GMT  mp3-sync=OK
  206  L05 n16  bytes 0-3/364608  Last-Modified: Wed, 02 Sep 2026 01:02:21 GMT  mp3-sync=OK
  206  L05 n18  bytes 0-3/285408  Last-Modified: Wed, 02 Sep 2026 01:02:25 GMT  mp3-sync=OK
  206  L06 n6  bytes 0-3/565920  Last-Modified: Wed, 02 Sep 2026 01:02:34 GMT  mp3-sync=OK
  206  L06 n11  bytes 0-3/302400  Last-Modified: Wed, 02 Sep 2026 01:02:39 GMT  mp3-sync=OK
  206  L06 n12  bytes 0-3/382752  Last-Modified: Wed, 02 Sep 2026 01:02:44 GMT  mp3-sync=OK
  206  L06 n18  bytes 0-3/282528  Last-Modified: Wed, 02 Sep 2026 01:02:49 GMT  mp3-sync=OK
  206  L07 n2  bytes 0-3/452448  Last-Modified: Wed, 02 Sep 2026 01:02:55 GMT  mp3-sync=OK
  206  L08 n2  bytes 0-3/366912  Last-Modified: Wed, 02 Sep 2026 01:03:02 GMT  mp3-sync=OK
  206  L08 n6  bytes 0-3/567072  Last-Modified: Wed, 02 Sep 2026 01:03:09 GMT  mp3-sync=OK
  206  L08 n8  bytes 0-3/356256  Last-Modified: Wed, 02 Sep 2026 01:03:15 GMT  mp3-sync=OK
  206  L08 n11  bytes 0-3/410400  Last-Modified: Wed, 02 Sep 2026 01:03:21 GMT  mp3-sync=OK
  206  L08 n15  bytes 0-3/464832  Last-Modified: Wed, 02 Sep 2026 01:03:28 GMT  mp3-sync=OK
  206  L08 n18  bytes 0-3/478944  Last-Modified: Wed, 02 Sep 2026 01:03:34 GMT  mp3-sync=OK
  206  L08 n21  bytes 0-3/268128  Last-Modified: Wed, 02 Sep 2026 01:03:38 GMT  mp3-sync=OK
  206  L08 n23  bytes 0-3/370368  Last-Modified: Wed, 02 Sep 2026 01:03:43 GMT  mp3-sync=OK
  206  L08 n25  bytes 0-3/436896  Last-Modified: Wed, 02 Sep 2026 01:03:50 GMT  mp3-sync=OK

42/42 clips verified HTTP 200/206 with fresh audio.
