=== APPLY EDITS sport-science/r180  63 edits  LIVE  2026-09-18T08:54:15.304Z
  ok   #0 L1.practice_questions[5].type [MEDIUM] F1: R180 sets no quality-of-written-communication or SPaG marks
  ok   #1 L1.practice_questions[5].marks [MEDIUM] F1: R180 sets no quality-of-written-communication or SPaG marks
  PATCH L1: practice_questions
  ok   #2 L2.practice_questions[5].type [MEDIUM] F1: R180 sets no quality-of-written-communication or SPaG marks
  ok   #3 L2.practice_questions[5].marks [MEDIUM] F1: R180 sets no quality-of-written-communication or SPaG marks
  ok   #20 L2.description [MEDIUM] F2: 'physical preparation' is not one of the spec's intrinsic factors
  ok   #21 L2.content_html [MEDIUM] F2: spec 1.2 lists individual variables, psychological factors, reasons for aggression, mental strategies; nut
  ok   #22 L2.content_html [LOW] F4: a free kick in rugby union cannot be kicked at goal; the routine is before a kick at goal
  ok   #23 L2.content_html [LOW] F19: revision prompt was ungrammatical
  PATCH L2: practice_questions, description, content_html
  ok   #4 L3.practice_questions[5].type [MEDIUM] F1: R180 sets no quality-of-written-communication or SPaG marks
  ok   #5 L3.practice_questions[5].marks [MEDIUM] F1: R180 sets no quality-of-written-communication or SPaG marks
  ok   #24 L3.description [MEDIUM] F5: spec 2.1.1 names dynamic stretching in the warm up; static and PNF belong to the cool down (2.3.2)
  ok   #25 L3.content_html [MEDIUM] F5: the warm-up stretching component is dynamic stretching
  ok   #26 L3.content_html [HIGH] F5: static stretching taught as a warm-up component; spec puts it in the cool down
  ok   #27 L3.content_html [HIGH] F5: static stretching is a cool-down component
  ok   #28 L3.content_html [MEDIUM] F5: static stretching is a cool-down component
  ok   #29 L3.content_html [MEDIUM] F5: the worked warm up included static holds
  ok   #30 L3.content_html [LOW] F19: revision prompt was truncated and ungrammatical
  ok   #31 L3.conclusion_html [MEDIUM] F5: the warm-up stretching component is dynamic stretching
  ok   #32 L3.exam_tip_html [MEDIUM] F5: the warm-up stretching component is dynamic stretching
  ok   #33 L3.practice_questions[0].marks [MEDIUM] F6: spec 2.1.1 names dynamic stretching as the warm-up component
  PATCH L3: practice_questions, description, content_html, conclusion_html, exam_tip_html
  ok   #6 L4.practice_questions[5].type [MEDIUM] F1: R180 sets no quality-of-written-communication or SPaG marks
  ok   #7 L4.practice_questions[5].marks [MEDIUM] F1: R180 sets no quality-of-written-communication or SPaG marks
  ok   #34 L4.content_html [HIGH] F7: lactic acid does not cause DOMS; lactate clears within about an hour
  ok   #35 L4.content_html [HIGH] F7: misconception stated as fact; the lesson's own glossary says DOMS comes from microscopic damage to muscle 
  ok   #36 L4.content_html [HIGH] F7: lactic acid does not cause DOMS
  ok   #37 L4.content_html [MEDIUM] F8: spec 2.3 gives two cool-down components (pulse lowering, stretching); deep breathing is not spec content
  ok   #38 L4.content_html [MEDIUM] F8: spec 2.3.2 names maintenance stretches, static stretches and PNF
  ok   #39 L4.practice_questions[0].marks [MEDIUM] F8: deep breathing is not a spec cool-down component
  ok   #40 L4.practice_questions[2].marks [HIGH] F7: answer key credited the lactic-acid misconception
  ok   #41 L4.practice_questions[3].marks [MEDIUM] F7: removes the lactic-acid-causes-DOMS chain
  ok   #42 L4.exam_tip_html [MEDIUM] F8: spec 2.3 gives two cool-down components
  ok   #43 L4.conclusion_html [MEDIUM] F8: spec 2.3 gives two cool-down components
  ok   #44 L4.conclusion_html [MEDIUM] F7: removes the lactic-acid-causes-DOMS chain
  PATCH L4: practice_questions, content_html, exam_tip_html, conclusion_html
  ok   #8 L5.practice_questions[5].type [MEDIUM] F1: R180 sets no quality-of-written-communication or SPaG marks
  ok   #9 L5.practice_questions[5].marks [MEDIUM] F1: R180 sets no quality-of-written-communication or SPaG marks
  ok   #45 L5.content_html [MEDIUM] F9: concussion is a brain injury, not damage to bone; spec keeps head injuries (3.1.8) separate
  ok   #46 L5.conclusion_html [MEDIUM] F9: concussion is a brain injury, not a hard tissue injury
  PATCH L5: practice_questions, content_html, conclusion_html
  ok   #10 L6.practice_questions[5].type [MEDIUM] F1: R180 sets no quality-of-written-communication or SPaG marks
  ok   #11 L6.practice_questions[5].marks [MEDIUM] F1: R180 sets no quality-of-written-communication or SPaG marks
  ok   #47 L6.content_html [LOW] F19: the box holds no formula; the prompt was nonsense
  PATCH L6: practice_questions, content_html
  ok   #12 L7.practice_questions[5].type [MEDIUM] F1: R180 sets no quality-of-written-communication or SPaG marks
  ok   #13 L7.practice_questions[5].marks [MEDIUM] F1: R180 sets no quality-of-written-communication or SPaG marks
  ok   #48 L7.content_html [LOW] F19: revision prompt was ungrammatical
  PATCH L7: practice_questions, content_html
  ok   #14 L8.practice_questions[5].type [MEDIUM] F1: R180 sets no quality-of-written-communication or SPaG marks
  ok   #15 L8.practice_questions[5].marks [MEDIUM] F1: R180 sets no quality-of-written-communication or SPaG marks
  ok   #49 L8.content_html [HIGH] F11: spec 4.2.1 defines SALTAPS as See, Ask, Look, Touch, Active, Passive, Strength
  ok   #50 L8.content_html [LOW] F19: revision prompt was ungrammatical
  ok   #51 L8.knowledge_checks[0].options[1] [HIGH] F11: the marked-correct option gave the wrong expansion of the final S
  ok   #52 L8.practice_questions[3].marks [HIGH] F11: SALTAPS ends with Strength
  ok   #53 L8.flashcard_questions[3].q [LOW] F12: DRABC appeared twice in a five-card deck
  ok   #54 L8.flashcard_questions[3].a [LOW] F12: DRABC appeared twice in a five-card deck
  PATCH L8: practice_questions, content_html, knowledge_checks, flashcard_questions
  ok   #16 L9.practice_questions[5].type [MEDIUM] F1: R180 sets no quality-of-written-communication or SPaG marks
  ok   #17 L9.practice_questions[5].marks [MEDIUM] F1: R180 sets no quality-of-written-communication or SPaG marks
  ok   #55 L9.content_html [MEDIUM] F14: NHS asthma attack guidance says repeat after 10 minutes, not 15
  ok   #56 L9.content_html [LOW] F19: revision prompt was ungrammatical
  PATCH L9: practice_questions, content_html
  ok   #18 L10.practice_questions[5].type [MEDIUM] F1: R180 sets no quality-of-written-communication or SPaG marks
  ok   #19 L10.practice_questions[5].marks [MEDIUM] F1: R180 sets no quality-of-written-communication or SPaG marks
  ok   #57 L10.content_html [MEDIUM] F16: the tournament kept the name UEFA Euro 2020 although it was played in 2021
  ok   #58 L10.content_html [MEDIUM] F17: no UK law requires sports venues to hold a defibrillator
  ok   #59 L10.content_html [LOW] F19: revision prompt was broken mid-sentence
  ok   #60 L10.content_html [LOW] F19: revision prompt was ungrammatical
  ok   #61 L10.flashcard_questions[3].q [HIGH] F18: mangled cloze card with a one-word name answer, a stray space before the comma and no stop
  ok   #62 L10.flashcard_questions[3].a [HIGH] F18: mangled cloze card replaced with a spec term from the same lesson
  PATCH L10: practice_questions, content_html, flashcard_questions
=== 63 applied, 0 skipped, 10 lessons / 29 fields changed
