=== APPLY EDITS religious-studies-eduqas/christianity  14 edits  LIVE  2026-09-06T06:18:43.818Z
  ok   #0 L1.knowledge_checks[4].q [MEDIUM] F10: none of Luke 15:11-32, John 1:1-3/1:14 or Galatians 5:22-23 is a spec-named passage, so 'in the spec' is 
  PATCH L1: knowledge_checks
  ok   #1 L2.practice_questions[5].text [MEDIUM] F6: strips another board's four-bullet 12-mark rubric off a 15-mark question and matches the correct form alre
  PATCH L2: practice_questions
  ok   #2 L3.content_html [HIGH] F1: the 'first and greatest / the second is like it' wording is Matthew 22:37-39. In Luke 10 the expert in the
  ok   #3 L3.content_html [MEDIUM] F2: the quoted words are the modern liturgical Lord's Prayer, not the Bible text at Matthew 6. NIV Matthew 6:1
  ok   #4 L3.content_html [HIGH] F3: Shelter is a secular housing charity, not a Christian one. Tearfund is Christian and is named in the spec'
  ok   #5 L3.content_html [MEDIUM] F4: Anglicanism is the largest UK denomination by affiliation - about 23.9 million baptised, and 53% of UK Chr
  ok   #6 L3.exam_tip_html [MEDIUM] F5: removes a fabricated claim about what examiners reward.
  ok   #7 L3.practice_questions[5].text [MEDIUM] F6: strips another board's four-bullet 12-mark rubric off a 15-mark question.
  PATCH L3: content_html, exam_tip_html, practice_questions
  ok   #8 L4.content_html [MEDIUM] F9: 66 books is the Protestant canon only. Catholic Bibles hold 73.
  ok   #9 L4.content_html [MEDIUM] F8: 'All agree' is wrong - Quakers and the Salvation Army practise no sacraments. The spec requires diverse be
  ok   #10 L4.content_html [MEDIUM] F7: the spec names Walsingham and Taize as the pilgrimage sites and neither appeared anywhere in the unit.
  ok   #11 L4.conclusion_html [MEDIUM] F7: takeaway list brought into line with the spec's two named pilgrimage sites.
  ok   #12 L4.glossary_terms[0].definition [MEDIUM] F9: matches the corrected in-lesson definition.
  ok   #13 L4.practice_questions[5].text [MEDIUM] F6: strips another board's four-bullet 12-mark rubric off a 15-mark question.
  PATCH L4: content_html, conclusion_html, glossary_terms, practice_questions
=== 14 applied, 0 skipped, 4 lessons / 9 fields changed
