
=== RE-NARRATION (changed narrated text only) ===
backup: C:\Users\tshau\Documents\Study Vault\scripts\_retrofc\units\religious-studies-eduqas__christianity\_backup.json
unit:   religious-studies-eduqas / christianity
run: 2026-09-06T06:18:48Z  mode: LIVE
  L01: no narrated field changed -> skip
  L02: no narrated field changed -> skip

2 lessons, 8 clips to regenerate

  L03 (Ollie)  Christian Morality, the Church and Worship
      n5: Jesus placed love at the heart of ethical life. In Matthew 22:37–39 Jesus calls loving God with your whole hea
             -> 445 KB, 38.0s, uploaded
      n10: The Lord’s Prayer reinforces this: Jesus taught his followers to ask God, “Forgive us our debts, as we also ha
             -> 267 KB, 22.8s, uploaded
      n13: Christianity is not a single uniform tradition. In Britain, three broad groupings are particularly significant
             -> 656 KB, 55.9s, uploaded
      n17: Churches serve the surrounding community in practical ways: food banks, debt advice, bereavement support, yout
             -> 289 KB, 24.7s, uploaded
      n23: When answering questions about Christian morality, always link a teaching to a specific scripture passage and 
             -> 421 KB, 35.9s, uploaded
      manifest updated (27 entries)
  L04 (Ada)  The Bible, Sacraments and Pilgrimage
      n9: A sacrament is an outward sign of inward, spiritual grace. Roman Catholics recognise seven sacraments; most Pr
             -> 309 KB, 26.4s, uploaded
      n15: The most significant Christian pilgrimage site is the Holy Land — Israel and Palestine, where Jesus was born, 
             -> 863 KB, 73.7s, uploaded
      n21: Pilgrimage takes Christians to sacred places for spiritual renewal, healing or devotion. Key sites include Wal
             -> 140 KB, 11.9s, uploaded
      manifest updated (21 entries)

Regenerated 8 clips.

=== VERIFY (ranged GET + freshness) ===
  206  L03 n5  bytes 0-3/455616  Last-Modified: Sun, 06 Sep 2026 06:19:00 GMT  mp3-sync=OK
  206  L03 n10  bytes 0-3/273024  Last-Modified: Sun, 06 Sep 2026 06:19:05 GMT  mp3-sync=OK
  206  L03 n13  bytes 0-3/671328  Last-Modified: Sun, 06 Sep 2026 06:19:17 GMT  mp3-sync=OK
  206  L03 n17  bytes 0-3/296352  Last-Modified: Sun, 06 Sep 2026 06:19:26 GMT  mp3-sync=OK
  206  L03 n23  bytes 0-3/431136  Last-Modified: Sun, 06 Sep 2026 06:19:34 GMT  mp3-sync=OK
  206  L04 n9  bytes 0-3/316224  Last-Modified: Sun, 06 Sep 2026 06:19:42 GMT  mp3-sync=OK
  206  L04 n15  bytes 0-3/884160  Last-Modified: Sun, 06 Sep 2026 06:19:59 GMT  mp3-sync=OK
  206  L04 n21  bytes 0-3/143424  Last-Modified: Sun, 06 Sep 2026 06:20:03 GMT  mp3-sync=OK

8/8 clips verified HTTP 200/206 with fresh audio.
