=== APPLY EDITS english-literature-eduqas/othello  84 edits  LIVE  2026-09-02T23:08:44.224Z
  ok   #0 L1.content_html [HIGH] F3: house rule - never name the board in lesson prose.
  ok   #1 L1.content_html [HIGH] F1: AO4 is accurate writing, not context; context (AO3) is not assessed on this section. Also removes the boar
  ok   #2 L1.content_html [HIGH] F1: the worked example modelled a context point, which earns nothing here. It now models analysis.
  ok   #3 L1.exam_tip_html [HIGH] F2: AO4 named as context; the spec states no per-part mark split and gives Section A 40 marks.
  ok   #4 L1.flashcard_questions[12].q [HIGH] F4: the card taught that context is assessed under AO4, and named the board.
  ok   #5 L1.flashcard_questions[12].a [HIGH] F4: corrected answer.
  ok   #6 L1.flashcard_questions[0].a [LOW] F5: the question asks about the first performance but the answer gave the composition date.
  ok   #36 L1.practice_questions[0].marks [HIGH] F15: 'sooty bosom' is Brabantio at 1.2. F20: banned 'Band N' ladder replaced with the five house bands.
  ok   #37 L1.practice_questions[1].marks [MEDIUM] F20: banned 'Band N' ladder replaced with the five house bands.
  ok   #38 L1.practice_questions[2].marks [MEDIUM] F20: banned 'Band N' ladder replaced with the five house bands.
  ok   #39 L1.practice_questions[3].marks [MEDIUM] F20: banned 'Band N' ladder replaced with the five house bands.
  ok   #40 L1.practice_questions[4].marks [MEDIUM] F20: banned 'Band N' ladder replaced with the five house bands.
  ok   #41 L1.practice_questions[5].marks [MEDIUM] F20: banned 'Band N' ladder replaced with the five house bands.
  PATCH L1: content_html, exam_tip_html, flashcard_questions, practice_questions
  ok   #7 L2.exam_tip_html [MEDIUM] F6: Othello's Senate speech is blank verse; the collapse at 4.1 is prose. The tip had the forms the wrong way 
  ok   #42 L2.practice_questions[0].marks [HIGH] F15: 'sooty bosom' is Brabantio at 1.2, not Iago. F20: banned 'Band N' ladder replaced with the five house ban
  ok   #43 L2.practice_questions[1].marks [MEDIUM] F20: banned 'Band N' ladder replaced with the five house bands.
  ok   #44 L2.practice_questions[2].marks [MEDIUM] F20: banned 'Band N' ladder replaced with the five house bands.
  ok   #45 L2.practice_questions[3].marks [MEDIUM] F20: banned 'Band N' ladder replaced with the five house bands.
  ok   #46 L2.practice_questions[4].marks [MEDIUM] F20: banned 'Band N' ladder replaced with the five house bands.
  ok   #47 L2.practice_questions[5].marks [MEDIUM] F20: banned 'Band N' ladder replaced with the five house bands.
  PATCH L2: exam_tip_html, practice_questions
  ok   #8 L3.content_html [MEDIUM] F7: six lines are cut between 'O, farewell,' and 'Farewell! Othello's occupation's gone!'; the ellipsis shows 
  ok   #9 L3.content_html [MEDIUM] F7: the speech at 3.3 says 'farewell' six times; five is the count of the shortened version quoted.
  ok   #48 L3.practice_questions[0].marks [MEDIUM] F20: banned 'Band N' ladder replaced with the five house bands.
  ok   #49 L3.practice_questions[1].marks [HIGH] F7: the 3.3 speech says 'farewell' six times. F20: banned 'Band N' ladder replaced with the five house bands.
  ok   #50 L3.practice_questions[2].marks [MEDIUM] F20: banned 'Band N' ladder replaced with the five house bands.
  ok   #51 L3.practice_questions[3].marks [MEDIUM] F20: banned 'Band N' ladder replaced with the five house bands.
  ok   #52 L3.practice_questions[4].marks [HIGH] F19: 'Nile' does not appear in Othello; the extended natural simile at 3.3 is the Pontic Sea. F20: banned 'Ban
  ok   #53 L3.practice_questions[5].marks [MEDIUM] F20: banned 'Band N' ladder replaced with the five house bands.
  PATCH L3: content_html, practice_questions
  ok   #10 L4.exam_tip_html [HIGH] F8: AO4 is accurate writing, not context; this is a language and character point.
  ok   #54 L4.practice_questions[0].marks [MEDIUM] F20: banned 'Band N' ladder replaced with the five house bands.
  ok   #55 L4.practice_questions[1].marks [HIGH] F15: 'sooty bosom' is Brabantio at 1.2. F20: banned 'Band N' ladder replaced with the five house bands.
  ok   #56 L4.practice_questions[2].marks [MEDIUM] F20: banned 'Band N' ladder replaced with the five house bands.
  ok   #57 L4.practice_questions[3].marks [MEDIUM] F20: banned 'Band N' ladder replaced with the five house bands.
  ok   #58 L4.practice_questions[4].marks [MEDIUM] F20: banned 'Band N' ladder replaced with the five house bands.
  ok   #59 L4.practice_questions[5].marks [MEDIUM] F20: banned 'Band N' ladder replaced with the five house bands.
  PATCH L4: exam_tip_html, practice_questions
  ok   #60 L5.practice_questions[0].marks [MEDIUM] F20: banned 'Band N' ladder replaced with the five house bands.
  ok   #61 L5.practice_questions[1].marks [MEDIUM] F20: banned 'Band N' ladder replaced with the five house bands.
  ok   #62 L5.practice_questions[2].marks [MEDIUM] F20: banned 'Band N' ladder replaced with the five house bands.
  ok   #63 L5.practice_questions[3].marks [MEDIUM] F20: banned 'Band N' ladder replaced with the five house bands.
  ok   #64 L5.practice_questions[4].marks [MEDIUM] F20: banned 'Band N' ladder replaced with the five house bands.
  ok   #65 L5.practice_questions[5].marks [MEDIUM] F20: banned 'Band N' ladder replaced with the five house bands.
  PATCH L5: practice_questions
  ok   #11 L6.content_html [MEDIUM] F9: Othello has 'the Arabian trees / Their medicinal gum' (5.2). 'Arabian perfumes' is Macbeth, not Othello.
  ok   #12 L6.exam_tip_html [HIGH] F8: AO4 is accurate writing, not context.
  ok   #66 L6.practice_questions[0].marks [MEDIUM] F20: banned 'Band N' ladder replaced with the five house bands.
  ok   #67 L6.practice_questions[1].marks [MEDIUM] F20: banned 'Band N' ladder replaced with the five house bands.
  ok   #68 L6.practice_questions[2].marks [MEDIUM] F20: banned 'Band N' ladder replaced with the five house bands.
  ok   #69 L6.practice_questions[3].marks [MEDIUM] F20: banned 'Band N' ladder replaced with the five house bands.
  ok   #70 L6.practice_questions[4].marks [MEDIUM] F20: banned 'Band N' ladder replaced with the five house bands.
  ok   #71 L6.practice_questions[5].marks [MEDIUM] F20: banned 'Band N' ladder replaced with the five house bands.
  PATCH L6: content_html, exam_tip_html, practice_questions
  ok   #13 L7.content_html [MEDIUM] F10: Iago's soliloquies (1.3, 2.1, 2.3, 3.3) are all in verse. Only his talk with Roderigo is prose.
  ok   #14 L7.content_html [MEDIUM] F11: 'honest' occurs 52 times in the play text; 'honest Iago' occurs five times.
  ok   #15 L7.content_html [MEDIUM] F12: 3.3 reads 'Arise, black vengeance, from thy hollow hell!'
  ok   #16 L7.conclusion_html [MEDIUM] F11: same count error in the takeaway.
  ok   #17 L7.exam_tip_html [HIGH] F13: banned string - 'Band 5'.
  ok   #18 L7.glossary_terms[4].definition [MEDIUM] F11: same count error in the glossary.
  ok   #19 L7.flashcard_questions[9].q [MEDIUM] F11: the play uses 'honest' about 50 times; Iago is called 'honest Iago' five times.
  ok   #20 L7.flashcard_questions[9].a [MEDIUM] F11: corrected answer.
  ok   #21 L7.knowledge_checks[1].q [MEDIUM] F11: the answer 'about fifty times' is right for the word in the play, not for Iago being called honest.
  ok   #72 L7.practice_questions[0].marks [MEDIUM] F20: banned 'Band N' ladder replaced with the five house bands.
  ok   #73 L7.practice_questions[1].marks [MEDIUM] F20: banned 'Band N' ladder replaced with the five house bands.
  ok   #74 L7.practice_questions[2].marks [MEDIUM] F20: banned 'Band N' ladder replaced with the five house bands.
  ok   #75 L7.practice_questions[3].marks [HIGH] F11: 'honest Iago' occurs five times; the word 'honest' about 50. F20: banned 'Band N' ladder replaced with th
  ok   #76 L7.practice_questions[4].marks [MEDIUM] F20: banned 'Band N' ladder replaced with the five house bands.
  ok   #77 L7.practice_questions[5].marks [HIGH] F11: same count error. F20: banned 'Band N' ladder replaced with the five house bands.
  PATCH L7: content_html, conclusion_html, exam_tip_html, glossary_terms, flashcard_questions, knowledge_checks, practice_questions
  ok   #22 L8.description [LOW] F14: description must be under 100 characters; this one is exactly 100.
  ok   #23 L8.content_html [MEDIUM] F15: 'sooty bosom' is Brabantio at 1.2, not Iago.
  ok   #24 L8.content_html [LOW] F16: the spec is definite - learners may not take copies of the set texts into the exam.
  ok   #25 L8.content_html [HIGH] F17: context is not assessed on the Shakespeare section; the spec gives Section A 40 marks in a two-hour paper
  ok   #26 L8.content_html [HIGH] F17: same context error.
  ok   #27 L8.conclusion_html [HIGH] F17: AO4 is accurate writing, not context.
  ok   #28 L8.conclusion_html [HIGH] F17: both questions carry the same objectives; AO4 is not context.
  ok   #29 L8.conclusion_html [HIGH] F17: same context error.
  ok   #30 L8.exam_tip_html [HIGH] F17: AO4 is accurate writing, not context.
  ok   #31 L8.knowledge_checks[1].q [HIGH] F18: the check marked 'Context (AO4)' correct. Context is not assessed on this section at all, and AO4 is accu
  ok   #32 L8.knowledge_checks[1].options [HIGH] F18: options rewritten so index 2 is the true answer.
  ok   #33 L8.flashcard_questions[11].q [MEDIUM] F3: house rule - never name the board.
  ok   #34 L8.flashcard_questions[12].q [MEDIUM] F3: house rule - never name the board.
  ok   #35 L8.glossary_terms[5].definition [MEDIUM] F3: house rule - never name the board.
  ok   #78 L8.practice_questions[0].marks [MEDIUM] F20: banned 'Band N' ladder replaced with the five house bands.
  ok   #79 L8.practice_questions[1].marks [MEDIUM] F20: banned 'Band N' ladder replaced with the five house bands.
  ok   #80 L8.practice_questions[2].marks [MEDIUM] F20: banned 'Band N' ladder replaced with the five house bands.
  ok   #81 L8.practice_questions[3].marks [MEDIUM] F20: banned 'Band N' ladder replaced with the five house bands.
  ok   #82 L8.practice_questions[4].marks [MEDIUM] F20: banned 'Band N' ladder replaced with the five house bands.
  ok   #83 L8.practice_questions[5].marks [MEDIUM] F20: banned 'Band N' ladder replaced with the five house bands.
  PATCH L8: description, content_html, conclusion_html, exam_tip_html, knowledge_checks, flashcard_questions, glossary_terms, practice_questions
=== 84 applied, 0 skipped, 8 lessons / 29 fields changed
