
=== RE-NARRATION (changed narrated text only) ===
backup: C:\Users\tshau\Documents\Study Vault\scripts\_retrofc\units\english-literature-eduqas__othello\_backup.json
unit:   english-literature-eduqas / othello
run: 2026-09-02T23:08:47Z  mode: LIVE
  L05: no narrated field changed -> skip

7 lessons, 20 clips to regenerate

  L01 (Ollie)  Context: Race, Jealousy & Jacobean England
      n14: Context is not assessed on the Shakespeare question. The marks come from understanding (AO1), analysis of lang
             -> 381 KB, 32.5s, uploaded
      n15: A strong analytical point looks like this: “Brabantio reaches for ‘spells and medicines’ because he cannot say
             -> 185 KB, 15.8s, uploaded
      n16: The Shakespeare section prints an extract and asks two questions: part (i) on the extract and part (ii) on the
             -> 312 KB, 26.6s, uploaded
      manifest updated (20 entries)
  L02 (Ada)  Act 1: Venice, Elopement & Iago's Plot
      n15: The Senate scene (Act 1, Scene 3) is a popular extract. For part (i), focus on Othello’s rhetoric (litotes, st
             -> 290 KB, 24.8s, uploaded
      manifest updated (19 entries)
  L03 (Ollie)  Acts 2-3: Cyprus, the Handkerchief & Manipulation
      n15: In Act 3, Scene 3, Othello mourns the loss of his peace: “Farewell the tranquil mind! Farewell content! / Fare
             -> 461 KB, 39.3s, uploaded
      manifest updated (20 entries)
  L04 (Ada)  Acts 3-4: Othello's Transformation
      n17: When analysing Othello’s language change for part (i), always contrast his earlier eloquence (Act 1) with his 
             -> 369 KB, 31.5s, uploaded
      manifest updated (21 entries)
  L06 (Ada)  Character Analysis
      n3: Othello’s strengths: military authority, eloquence (Senate speech), deep love for Desdemona (“She loved me for
             -> 789 KB, 67.3s, uploaded
      n16: For character questions in part (ii), structure chronologically: track the character across acts. For Othello,
             -> 366 KB, 31.2s, uploaded
      manifest updated (20 entries)
  L07 (Ollie)  Language & Stagecraft
      n3: Iago, by contrast, moves fluidly between verse and prose depending on his audience. He speaks prose with Roder
             -> 275 KB, 23.5s, uploaded
      n13: Shakespeare creates sustained dramatic irony through the word “honest.” The word “honest” echoes about fifty t
             -> 316 KB, 26.9s, uploaded
      n16: Hell imagery clusters around Iago: “Divinity of hell”, “Hell and night / Must bring this monstrous birth”, “I 
             -> 306 KB, 26.1s, uploaded
      n17: For part (i), identifying the verse/prose distinction is one of the strongest AO2 points for Othello. Name the
             -> 310 KB, 26.4s, uploaded
      n20: Animal imagery (concentrated in Iago’s speech) degrades human beings. The word “honest” repeats about 50 times
             -> 149 KB, 12.7s, uploaded
      manifest updated (21 entries)
  L08 (Ada)  Key Themes & Exam Technique
      n4: Race is not a subplot but the foundation of the tragedy. Othello is perpetually othered : valued for his milit
             -> 439 KB, 37.5s, uploaded
      n15: Your Shakespeare paper is closed book , giving you a printed extract and asking two linked tasks: (i) close an
             -> 371 KB, 31.6s, uploaded
      n16: For Othello specifically: always engage with the race debate (it is central, not optional), track language cha
             -> 251 KB, 21.4s, uploaded
      n21: For every paragraph, follow PEAD: Point, Evidence, Analysis, Development. In part (i), AO2 is essential: name 
             -> 398 KB, 34.0s, uploaded
      n23: Six key themes: jealousy, race/otherness, appearance vs reality, honour, manipulation, and love. Each needs qu
             -> 129 KB, 11.0s, uploaded
      n24: The exam is closed book. Part (i) = close extract analysis. Part (ii) = theme or character elsewhere. Both que
             -> 227 KB, 19.3s, uploaded
      n25: For Othello, always engage with race (central, not optional), track language change (AO2), use the honour code
             -> 162 KB, 13.8s, uploaded
      manifest updated (25 entries)

Regenerated 20 clips.

=== VERIFY (ranged GET + freshness) ===
  206  L01 n14  bytes 0-3/389664  Last-Modified: Wed, 02 Sep 2026 23:08:55 GMT  mp3-sync=OK
  206  L01 n15  bytes 0-3/189216  Last-Modified: Wed, 02 Sep 2026 23:08:59 GMT  mp3-sync=OK
  206  L01 n16  bytes 0-3/319680  Last-Modified: Wed, 02 Sep 2026 23:09:03 GMT  mp3-sync=OK
  206  L02 n15  bytes 0-3/297216  Last-Modified: Wed, 02 Sep 2026 23:09:08 GMT  mp3-sync=OK
  206  L03 n15  bytes 0-3/472032  Last-Modified: Wed, 02 Sep 2026 23:09:15 GMT  mp3-sync=OK
  206  L04 n17  bytes 0-3/377856  Last-Modified: Wed, 02 Sep 2026 23:09:21 GMT  mp3-sync=OK
  206  L06 n3  bytes 0-3/807552  Last-Modified: Wed, 02 Sep 2026 23:09:32 GMT  mp3-sync=OK
  206  L06 n16  bytes 0-3/374400  Last-Modified: Wed, 02 Sep 2026 23:09:38 GMT  mp3-sync=OK
  206  L07 n3  bytes 0-3/281952  Last-Modified: Wed, 02 Sep 2026 23:09:42 GMT  mp3-sync=OK
  206  L07 n13  bytes 0-3/323136  Last-Modified: Wed, 02 Sep 2026 23:09:47 GMT  mp3-sync=OK
  206  L07 n16  bytes 0-3/313632  Last-Modified: Wed, 02 Sep 2026 23:09:52 GMT  mp3-sync=OK
  206  L07 n17  bytes 0-3/317088  Last-Modified: Wed, 02 Sep 2026 23:09:56 GMT  mp3-sync=OK
  206  L07 n20  bytes 0-3/152640  Last-Modified: Wed, 02 Sep 2026 23:09:59 GMT  mp3-sync=OK
  206  L08 n4  bytes 0-3/449856  Last-Modified: Wed, 02 Sep 2026 23:10:05 GMT  mp3-sync=OK
  206  L08 n15  bytes 0-3/379584  Last-Modified: Wed, 02 Sep 2026 23:10:11 GMT  mp3-sync=OK
  206  L08 n16  bytes 0-3/257184  Last-Modified: Wed, 02 Sep 2026 23:10:14 GMT  mp3-sync=OK
  206  L08 n21  bytes 0-3/407520  Last-Modified: Wed, 02 Sep 2026 23:10:20 GMT  mp3-sync=OK
  206  L08 n23  bytes 0-3/131904  Last-Modified: Wed, 02 Sep 2026 23:10:22 GMT  mp3-sync=OK
  206  L08 n24  bytes 0-3/232128  Last-Modified: Wed, 02 Sep 2026 23:10:26 GMT  mp3-sync=OK
  206  L08 n25  bytes 0-3/166176  Last-Modified: Wed, 02 Sep 2026 23:10:29 GMT  mp3-sync=OK

20/20 clips verified HTTP 200/206 with fresh audio.
