=== APPLY EDITS computer-science-eduqas/data-representation-storage  45 edits  LIVE  2026-09-06T10:26:40.753Z
  ok   #0 L2.practice_questions[3].marks [MEDIUM] F1: the mark scheme showed 144 as 64+16 (=80) and left a broken self-correction in the student-facing text
  PATCH L2: practice_questions
  ok   #1 L3.content_html [MEDIUM] F2: character encoding is the mapping scheme, not the act of converting between standards
  ok   #2 L3.glossary_terms[3].definition [MEDIUM] F2: same definition fixed in the glossary
  PATCH L3: content_html, glossary_terms
  ok   #3 L4.content_html [HIGH] F3: the spec's storage unit is the kilobyte (1,024 bytes); KiB is not used in this course
  ok   #4 L4.content_html [HIGH] F3: the course defines a kilobyte as 1,024 bytes, so the KiB-versus-KB rule taught here is wrong
  ok   #5 L4.content_html [HIGH] F3: exam vocabulary is kilobytes
  ok   #6 L4.content_html [HIGH] F3: same value, correct unit name (1 KB = 1024 bytes here)
  ok   #7 L4.content_html [HIGH] F3: replaces an invented KiB-versus-KB exam rule with the real base-2 kilobyte
  ok   #8 L4.conclusion_html [HIGH] F3: exam vocabulary is kilobytes
  ok   #9 L4.exam_tip_html [HIGH] F3: exam vocabulary is kilobytes
  ok   #10 L4.exam_tip_html [HIGH] F3: the course's KB, MB and GB are the base-2 units, so telling students to avoid them is wrong
  ok   #11 L4.practice_questions[2].text [HIGH] F3: exam vocabulary is kilobytes
  ok   #12 L4.practice_questions[2].marks [HIGH] F3: same arithmetic, correct unit name
  ok   #13 L4.practice_questions[4].text [HIGH] F4: 5,760 KB cannot be reached by any method, so the error the question asks for did not exist; 6,220.8 is wha
  ok   #14 L4.practice_questions[4].marks [HIGH] F4: 6,220,800 bytes is 6,075 KB and 5.93 MB; the old 5,932.5 figure was arithmetically impossible
  ok   #15 L4.flashcard_questions[3].q [HIGH] F3: exam vocabulary is kilobytes
  ok   #16 L4.flashcard_questions[3].a [HIGH] F3: exam vocabulary is kilobytes
  ok   #17 L4.flashcard_questions[9].q [HIGH] F3: exam vocabulary is kilobytes
  ok   #18 L4.flashcard_questions[9].a [HIGH] F3: the course kilobyte is 1,024 bytes
  PATCH L4: content_html, conclusion_html, exam_tip_html, practice_questions, flashcard_questions
  ok   #19 L5.content_html [HIGH] F5: the spec's storage unit is the kilobyte (1,024 bytes)
  ok   #20 L5.content_html [HIGH] F5: exam vocabulary is megabytes
  ok   #21 L5.content_html [HIGH] F5: same value, correct unit name
  ok   #22 L5.content_html [HIGH] F5: same value, correct unit name
  ok   #23 L5.content_html [HIGH] F5: exam vocabulary is megabytes
  ok   #24 L5.exam_tip_html [HIGH] F5: the course's KB and MB are the base-2 units
  ok   #25 L5.practice_questions[2].text [HIGH] F5: exam vocabulary is kilobytes
  ok   #26 L5.practice_questions[2].marks [HIGH] F5: same arithmetic, correct unit name
  PATCH L5: content_html, exam_tip_html, practice_questions
  ok   #27 L6.content_html [HIGH] F6: the course names the units kilobyte to petabyte and defines a kilobyte as 1,024 bytes; the kibibyte scale 
  ok   #28 L6.content_html [HIGH] F6: the same symbols carry both conventions; the course fixes KB at 1,024 bytes
  ok   #29 L6.content_html [HIGH] F6: these are the unit names the course lists
  ok   #30 L6.content_html [HIGH] F6: correct unit names, same values
  ok   #31 L6.content_html [HIGH] F6: correct unit names, same values
  ok   #32 L6.content_html [HIGH] F6: correct unit names, same values
  ok   #33 L6.content_html [HIGH] F6: correct unit names, same values
  ok   #34 L6.content_html [HIGH] F6: correct unit names, same values
  ok   #35 L6.conclusion_html [HIGH] F6: correct unit names, same values
  ok   #36 L6.practice_questions[0].text [HIGH] F6: the course defines the kilobyte as 1,024 bytes
  ok   #37 L6.practice_questions[0].marks [HIGH] F6: correct unit name
  ok   #38 L6.practice_questions[2].text [HIGH] F6: correct unit names, same values
  ok   #39 L6.practice_questions[3].text [HIGH] F6: correct unit names, same values
  ok   #40 L6.practice_questions[3].marks [HIGH] F6: correct unit names, same values
  ok   #41 L6.knowledge_checks[0].q [HIGH] F6: correct unit name; answer 1,048,576 is unchanged
  ok   #42 L6.knowledge_checks[4].left [HIGH] F6: correct unit names; the matched byte values are unchanged
  ok   #43 L6.flashcard_questions[2].q [HIGH] F6: correct unit name
  ok   #44 L6.flashcard_questions[8].a [HIGH] F6: correct unit names, same values
  PATCH L6: content_html, conclusion_html, practice_questions, knowledge_checks, flashcard_questions
=== 45 applied, 0 skipped, 5 lessons / 16 fields changed
