
=== RE-NARRATION (changed narrated text only) ===
backup: C:\Users\tshau\Documents\Study Vault\scripts\_retrofc\units\computer-science-eduqas__data-representation-storage\_backup.json
unit:   computer-science-eduqas / data-representation-storage
run: 2026-09-06T10:26:47Z  mode: LIVE
  L02: no narrated field changed -> skip
  L03: fields edited but no narrated text changed -> skip

3 lessons, 20 clips to regenerate

  L04 (Ada)  Graphics: Pixels, Resolution and Colour Depth
      n12: Key Fact . The formula for the uncompressed size of a bitmap image is: File size (bits) = width (pixels) × hei
             -> 296 KB, 25.2s, uploaded
      n13: An image is 640 × 480 pixels with a colour depth of 24 bits per pixel. Calculate its uncompressed file size in
             -> 121 KB, 10.3s, uploaded
      n16: Step 3 — convert to kilobytes: 921,600 ÷ 1024 = 900 KB .
             -> 112 KB, 9.6s, uploaded
      n25: Misconception 2: “A kilobyte is 1000 bytes.” — Not in this course. Storage units here are base-2, so 1 KB = 10
             -> 278 KB, 23.7s, uploaded
      n27: For the storage calculation question, show each step: (1) width × height × colour depth in bits, (2) divide by
             -> 516 KB, 44.0s, uploaded
      n30: File size (bits) = width × height × colour depth. Divide by 8 for bytes, then by 1024 for kilobytes (base-2 pr
             -> 138 KB, 11.8s, uploaded
      manifest updated (31 entries)
  L05 (Ollie)  Sound: Sampling and File Size
      n17: Divide by 8 to get bytes, then by 1024 to get kilobytes, and so on. Number of channels is 1 for mono and 2 for
             -> 188 KB, 16.0s, uploaded
      n18: A 3-minute stereo recording at CD quality (44,100 Hz sample rate, 16-bit depth). Calculate the uncompressed fi
             -> 134 KB, 11.4s, uploaded
      n22: Step 4: Kilobytes = 31,752,000 ÷ 1024 = 31,007.8 KB.
             -> 119 KB, 10.2s, uploaded
      n23: Step 5: Megabytes = 31,007.8 ÷ 1024 = 30.3 MB (approximately).
             -> 114 KB, 9.7s, uploaded
      n24: An MP3 file of the same track might be around 3–5 MB — lossy compression reduces it to roughly one-tenth the s
             -> 112 KB, 9.5s, uploaded
      n29: The most common error in audio file size questions is forgetting to include the number of channels — if the qu
             -> 408 KB, 34.8s, uploaded
      manifest updated (33 entries)
  L06 (Ada)  Storage Units, Capacity and Compression
      n3: Storage units — base-2 (binary) prefix definitions Unit Abbreviation Exact value Bit b 1 binary digit (0 or 1)
             -> 440 KB, 37.5s, uploaded
      n4: In everyday consumer products, manufacturers often count in powers of 10 instead: 1 kilobyte = 1000 bytes, 1 m
             -> 369 KB, 31.5s, uploaded
      n5: Key Fact . Each step up the base-2 prefix scale multiplies by 1024 : 1 KB = 1024 B, 1 MB = 1024 KB, 1 GB = 102
             -> 272 KB, 23.2s, uploaded
      n8: A USB drive has a capacity of 8 GB. Each audio file has an uncompressed size of 40 MB. How many files fit on t
             -> 119 KB, 10.1s, uploaded
      n9: Step 1: Convert the drive capacity to megabytes: 8 GB × 1024 = 8192 MB.
             -> 118 KB, 10.1s, uploaded
      n11: If the same files were compressed to 4 MB each (10:1 compression): 8192 ÷ 4 = 2048 files. Compression allows t
             -> 167 KB, 14.3s, uploaded
      n24: A ratio of 4:1 means the compressed file is one-quarter the size of the original. For example, if a 20 MB WAV 
             -> 269 KB, 22.9s, uploaded
      n29: Storage units use base-2 prefixes: 1 KB = 1024 B, 1 MB = 1024 KB, 1 GB = 1024 MB. Each step multiplies by 1024
             -> 208 KB, 17.7s, uploaded
      manifest updated (31 entries)

Regenerated 20 clips.

=== VERIFY (ranged GET + freshness) ===
  206  L04 n12  bytes 0-3/302976  Last-Modified: Sun, 06 Sep 2026 10:26:55 GMT  mp3-sync=OK
  206  L04 n13  bytes 0-3/123840  Last-Modified: Sun, 06 Sep 2026 10:26:58 GMT  mp3-sync=OK
  206  L04 n16  bytes 0-3/114912  Last-Modified: Sun, 06 Sep 2026 10:27:01 GMT  mp3-sync=OK
  206  L04 n25  bytes 0-3/284544  Last-Modified: Sun, 06 Sep 2026 10:27:06 GMT  mp3-sync=OK
  206  L04 n27  bytes 0-3/527904  Last-Modified: Sun, 06 Sep 2026 10:27:15 GMT  mp3-sync=OK
  206  L04 n30  bytes 0-3/141696  Last-Modified: Sun, 06 Sep 2026 10:27:18 GMT  mp3-sync=OK
  206  L05 n17  bytes 0-3/192384  Last-Modified: Sun, 06 Sep 2026 10:27:22 GMT  mp3-sync=OK
  206  L05 n18  bytes 0-3/137088  Last-Modified: Sun, 06 Sep 2026 10:27:26 GMT  mp3-sync=OK
  206  L05 n22  bytes 0-3/122112  Last-Modified: Sun, 06 Sep 2026 10:27:29 GMT  mp3-sync=OK
  206  L05 n23  bytes 0-3/116928  Last-Modified: Sun, 06 Sep 2026 10:27:31 GMT  mp3-sync=OK
  206  L05 n24  bytes 0-3/114336  Last-Modified: Sun, 06 Sep 2026 10:27:35 GMT  mp3-sync=OK
  206  L05 n29  bytes 0-3/417312  Last-Modified: Sun, 06 Sep 2026 10:27:43 GMT  mp3-sync=OK
  206  L06 n3  bytes 0-3/450144  Last-Modified: Sun, 06 Sep 2026 10:27:51 GMT  mp3-sync=OK
  206  L06 n4  bytes 0-3/377568  Last-Modified: Sun, 06 Sep 2026 10:27:58 GMT  mp3-sync=OK
  206  L06 n5  bytes 0-3/278784  Last-Modified: Sun, 06 Sep 2026 10:28:04 GMT  mp3-sync=OK
  206  L06 n8  bytes 0-3/121536  Last-Modified: Sun, 06 Sep 2026 10:28:08 GMT  mp3-sync=OK
  206  L06 n9  bytes 0-3/120672  Last-Modified: Sun, 06 Sep 2026 10:28:10 GMT  mp3-sync=OK
  206  L06 n11  bytes 0-3/171072  Last-Modified: Sun, 06 Sep 2026 10:28:15 GMT  mp3-sync=OK
  206  L06 n24  bytes 0-3/275328  Last-Modified: Sun, 06 Sep 2026 10:28:20 GMT  mp3-sync=OK
  206  L06 n29  bytes 0-3/212544  Last-Modified: Sun, 06 Sep 2026 10:28:25 GMT  mp3-sync=OK

20/20 clips verified HTTP 200/206 with fresh audio.
