=== APPLY EDITS english-literature-edexcel/hobsons-choice  76 edits  LIVE  2026-09-02T12:55:07.697Z
  ok   #0 L1.practice_questions[0].marks [MEDIUM] F14: band ladder ran 1-25 on a question worth 40 marks; rescaled to 40.
  ok   #1 L1.practice_questions[1].marks [MEDIUM] F14: band ladder ran 1-25 on a question worth 40 marks; rescaled to 40.
  ok   #2 L1.practice_questions[2].marks [MEDIUM] F14: band ladder ran 1-25 on a question worth 40 marks; rescaled to 40.
  ok   #3 L1.practice_questions[3].marks [MEDIUM] F14: band ladder ran 1-25 on a question worth 40 marks; rescaled to 40.
  ok   #4 L1.practice_questions[4].marks [HIGH] F1/F2/F10 + F14: AO4 on this section is written accuracy, not the writer's methods; band ladder rescaled to th
  ok   #5 L1.practice_questions[5].marks [HIGH] F1/F2/F10 + F14: AO4 on this section is written accuracy, not the writer's methods; band ladder rescaled to th
  ok   #42 L1.content_html [MEDIUM] F25: the 1882 Act post-dates the play's 1880 setting, and the 1870 Act covered earnings, not full ownership.
  ok   #43 L1.exam_tip_html [MEDIUM] F29: the spec says the quotation is there 'to provide a stimulus for the response'; there is no requirement to
  ok   #44 L1.flashcard_questions[8].q [MEDIUM] F25: the 1882 Act had not happened in 1880.
  ok   #45 L1.flashcard_questions[8].a [MEDIUM] F25: matches the corrected question.
  PATCH L1: practice_questions, content_html, exam_tip_html, flashcard_questions
  ok   #6 L2.practice_questions[0].marks [MEDIUM] F14: band ladder ran 1-25 on a question worth 40 marks; rescaled to 40.
  ok   #7 L2.practice_questions[1].marks [MEDIUM] F14: band ladder ran 1-25 on a question worth 40 marks; rescaled to 40.
  ok   #8 L2.practice_questions[2].marks [MEDIUM] F14: band ladder ran 1-25 on a question worth 40 marks; rescaled to 40.
  ok   #9 L2.practice_questions[3].marks [MEDIUM] F14: band ladder ran 1-25 on a question worth 40 marks; rescaled to 40.
  ok   #10 L2.practice_questions[4].marks [MEDIUM] F14: band ladder ran 1-25 on a question worth 40 marks; rescaled to 40.
  ok   #11 L2.practice_questions[5].marks [MEDIUM] F14: band ladder ran 1-25 on a question worth 40 marks; rescaled to 40.
  ok   #46 L2.content_html [MEDIUM] F30: the Act 1 stage direction has Hobson enter from the house on his way OUT to the Moonraker's; he does not 
  ok   #47 L2.content_html [MEDIUM] F31: Willie's stage direction says he is 'about thirty', the same age as Maggie, so he is not younger than her
  ok   #48 L2.content_html [MEDIUM] F22: Ada comes alone with Willie's dinner; Mrs Figgins is only spoken about.
  ok   #49 L2.content_html [MEDIUM] F23: the threat to leave is Willie's, not Maggie's; Maggie only says 'I'm watching you, my lad'.
  PATCH L2: practice_questions, content_html
  ok   #12 L3.practice_questions[0].marks [MEDIUM] F14: band ladder ran 1-25 on a question worth 40 marks; rescaled to 40.
  ok   #13 L3.practice_questions[1].marks [MEDIUM] F14: band ladder ran 1-25 on a question worth 40 marks; rescaled to 40.
  ok   #14 L3.practice_questions[2].marks [MEDIUM] F14: band ladder ran 1-25 on a question worth 40 marks; rescaled to 40.
  ok   #15 L3.practice_questions[3].marks [MEDIUM] F14: band ladder ran 1-25 on a question worth 40 marks; rescaled to 40.
  ok   #16 L3.practice_questions[4].marks [MEDIUM] F14: band ladder ran 1-25 on a question worth 40 marks; rescaled to 40.
  ok   #17 L3.practice_questions[5].marks [MEDIUM] F14: band ladder ran 1-25 on a question worth 40 marks; rescaled to 40.
  ok   #50 L3.content_html [HIGH] F19: the writing lessons are at the end of Act 3, not in Act 2.
  ok   #51 L3.content_html [MEDIUM] F24: the full line is hedged, so the quotation does not show 'evident pride'.
  ok   #52 L3.content_html [MEDIUM] F26 and F20: the 1870 Act did not make attendance compulsory (the 1880 Act did), and Willie is not wholly illi
  ok   #53 L3.exam_tip_html [HIGH] F3: AO4 on this section is spelling, punctuation and grammar; AO2 (methods) is not assessed here.
  ok   #54 L3.practice_questions[4].text [HIGH] F19: there are no reading lessons in Act 2; Maggie sets Willie writing copies at the end of Act 3.
  ok   #55 L3.flashcard_questions[4].q [MEDIUM] F26: the 1870 Act did not make attendance compulsory.
  PATCH L3: practice_questions, content_html, exam_tip_html, flashcard_questions
  ok   #18 L4.practice_questions[0].marks [MEDIUM] F14: band ladder ran 1-25 on a question worth 40 marks; rescaled to 40.
  ok   #19 L4.practice_questions[1].marks [MEDIUM] F14: band ladder ran 1-25 on a question worth 40 marks; rescaled to 40.
  ok   #20 L4.practice_questions[2].marks [MEDIUM] F14: band ladder ran 1-25 on a question worth 40 marks; rescaled to 40.
  ok   #21 L4.practice_questions[3].marks [MEDIUM] F14: band ladder ran 1-25 on a question worth 40 marks; rescaled to 40.
  ok   #22 L4.practice_questions[4].marks [MEDIUM] F14: band ladder ran 1-25 on a question worth 40 marks; rescaled to 40.
  ok   #23 L4.practice_questions[5].marks [MEDIUM] F14: band ladder ran 1-25 on a question worth 40 marks; rescaled to 40.
  ok   #56 L4.content_html [HIGH] F15: the fall and the trespass claim belong to Act 2, and the fall is reported, not staged.
  ok   #57 L4.content_html [HIGH] F16: Doctor MacFarlane examines Hobson in Act 4, not Act 3.
  ok   #58 L4.content_html [MEDIUM] F17: the action is invented by Maggie and used in Act 3 to force the settlements; her return to Hobson's house
  ok   #59 L4.content_html [MEDIUM] F18: Maggie proposes 'Hobson and Mossop'; Willie insists on 'Mossop and Hobson' against her.
  ok   #60 L4.exam_tip_html [HIGH] F4: AO4 on this section is written accuracy, not the writer's methods.
  ok   #61 L4.knowledge_checks[0].q [HIGH] F15: the writ arrives in Act 2.
  ok   #62 L4.flashcard_questions[0].q [HIGH] F15: the fall happens offstage on the morning of Act 2.
  ok   #63 L4.flashcard_questions[3].q [HIGH] F16: the doctor appears in Act 4.
  PATCH L4: practice_questions, content_html, exam_tip_html, knowledge_checks, flashcard_questions
  ok   #24 L5.practice_questions[0].marks [MEDIUM] F14: band ladder ran 1-25 on a question worth 40 marks; rescaled to 40.
  ok   #25 L5.practice_questions[1].marks [MEDIUM] F14: band ladder ran 1-25 on a question worth 40 marks; rescaled to 40.
  ok   #26 L5.practice_questions[2].marks [MEDIUM] F14: band ladder ran 1-25 on a question worth 40 marks; rescaled to 40.
  ok   #27 L5.practice_questions[3].marks [MEDIUM] F14: band ladder ran 1-25 on a question worth 40 marks; rescaled to 40.
  ok   #28 L5.practice_questions[4].marks [MEDIUM] F14: band ladder ran 1-25 on a question worth 40 marks; rescaled to 40.
  ok   #29 L5.practice_questions[5].marks [MEDIUM] F14: band ladder ran 1-25 on a question worth 40 marks; rescaled to 40.
  ok   #64 L5.content_html [HIGH] F5: the spec lists AO1, AO3 and AO4 for the post-1914 text; AO4 is written accuracy and AO2 is not assessed.
  ok   #65 L5.content_html [LOW] F28: Maggie opens the doors and tells Ada she has no business there; Ada leaves on her own feet.
  ok   #66 L5.content_html [MEDIUM] F20: Willie tells Mrs Hepworth 'I do a bit', so he is barely literate rather than illiterate.
  ok   #67 L5.exam_tip_html [HIGH] F6: AO4 on this section is written accuracy, not the writer's methods.
  PATCH L5: practice_questions, content_html, exam_tip_html
  ok   #30 L6.practice_questions[0].marks [HIGH] F1/F2/F10 + F14: AO4 on this section is written accuracy, not the writer's methods; band ladder rescaled to th
  ok   #31 L6.practice_questions[1].marks [MEDIUM] F14: band ladder ran 1-25 on a question worth 40 marks; rescaled to 40.
  ok   #32 L6.practice_questions[2].marks [MEDIUM] F14: band ladder ran 1-25 on a question worth 40 marks; rescaled to 40.
  ok   #33 L6.practice_questions[3].marks [MEDIUM] F14: band ladder ran 1-25 on a question worth 40 marks; rescaled to 40.
  ok   #34 L6.practice_questions[4].marks [MEDIUM] F14: band ladder ran 1-25 on a question worth 40 marks; rescaled to 40.
  ok   #35 L6.practice_questions[5].marks [MEDIUM] F14: band ladder ran 1-25 on a question worth 40 marks; rescaled to 40.
  ok   #68 L6.content_html [HIGH] F7: the spec defines AO4 as written accuracy; AO2 (methods) is not assessed on the post-1914 text.
  ok   #69 L6.content_html [MEDIUM] F21: Act 3 is set in Will Mossop's cellar in Oldfield Road; only Act 4 goes back to Hobson's.
  ok   #70 L6.exam_tip_html [HIGH] F8: AO4 on this section is spelling, punctuation and grammar.
  ok   #71 L6.flashcard_questions[1].q [HIGH] F9: no assessment objective rewards methods analysis on the post-1914 text.
  ok   #72 L6.flashcard_questions[1].a [HIGH] F9: matches the corrected question and states what AO4 really is.
  PATCH L6: practice_questions, content_html, exam_tip_html, flashcard_questions
  ok   #36 L7.practice_questions[0].marks [MEDIUM] F14: band ladder ran 1-25 on a question worth 40 marks; rescaled to 40.
  ok   #37 L7.practice_questions[1].marks [MEDIUM] F14: band ladder ran 1-25 on a question worth 40 marks; rescaled to 40.
  ok   #38 L7.practice_questions[2].marks [MEDIUM] F14: band ladder ran 1-25 on a question worth 40 marks; rescaled to 40.
  ok   #39 L7.practice_questions[3].marks [MEDIUM] F14: band ladder ran 1-25 on a question worth 40 marks; rescaled to 40.
  ok   #40 L7.practice_questions[4].marks [MEDIUM] F14: band ladder ran 1-25 on a question worth 40 marks; rescaled to 40.
  ok   #41 L7.practice_questions[5].marks [MEDIUM] F14: band ladder ran 1-25 on a question worth 40 marks; rescaled to 40.
  ok   #73 L7.content_html [HIGH] F11: AO4 on this section is written accuracy, not the writer's methods.
  ok   #74 L7.conclusion_html [HIGH] F12: AO4 on this section is written accuracy, not the writer's methods.
  ok   #75 L7.knowledge_checks[1].q [HIGH] F13: the key marked AO4 correct for methods analysis; AO4 is written accuracy and AO2 is not assessed on this 
  PATCH L7: practice_questions, content_html, conclusion_html, knowledge_checks
=== 76 applied, 0 skipped, 7 lessons / 26 fields changed
