=== APPLY EDITS religious-studies-edexcel/paper-2-buddhism  38 edits  LIVE  2026-09-06T05:38:57.859Z
  ok   #8 L1.content_html [MEDIUM] F4: this board's 12-mark command word is Evaluate; Discuss belongs to another board.
  ok   #9 L1.exam_tip_html [MEDIUM] F4: this board's 12-mark command word is Evaluate; Discuss belongs to another board.
  ok   #14 L1.practice_questions[4].text [MEDIUM] F4: this board's 12-mark command word is Evaluate; Discuss belongs to another board.
  ok   #15 L1.practice_questions[4].type [MEDIUM] F4: this board's 12-mark command word is Evaluate; Discuss belongs to another board.
  ok   #22 L1.practice_questions[1].text [MEDIUM] F5: this paper's 3-mark part is 'Outline three'; the command-word appendix puts Describe at 4 marks, so a 3-ma
  ok   #23 L1.practice_questions[1].type [MEDIUM] F5: this paper's 3-mark part is 'Outline three'; the command-word appendix puts Describe at 4 marks, so a 3-ma
  ok   #24 L1.practice_questions[1].marks [MEDIUM] F5: this paper's 3-mark part is 'Outline three'; the command-word appendix puts Describe at 4 marks, so a 3-ma
  PATCH L1: content_html, exam_tip_html, practice_questions
  ok   #0 L2.content_html [HIGH] F1: the hub animals are pig=delusion, snake=hatred, cockerel=greed (Bhavachakra); the pairing was reversed.
  ok   #1 L2.content_html [HIGH] F1: the hub animals are pig=delusion, snake=hatred, cockerel=greed (Bhavachakra); the pairing was reversed.
  ok   #2 L2.flashcard_questions[10].a [HIGH] F1: the hub animals are pig=delusion, snake=hatred, cockerel=greed (Bhavachakra); the pairing was reversed.
  ok   #10 L2.exam_tip_html [MEDIUM] F4: this board's 12-mark command word is Evaluate; Discuss belongs to another board.
  ok   #16 L2.practice_questions[4].text [MEDIUM] F4: this board's 12-mark command word is Evaluate; Discuss belongs to another board.
  ok   #17 L2.practice_questions[4].type [MEDIUM] F4: this board's 12-mark command word is Evaluate; Discuss belongs to another board.
  ok   #25 L2.practice_questions[1].text [MEDIUM] F5: this paper's 3-mark part is 'Outline three'; the command-word appendix puts Describe at 4 marks, so a 3-ma
  ok   #26 L2.practice_questions[1].type [MEDIUM] F5: this paper's 3-mark part is 'Outline three'; the command-word appendix puts Describe at 4 marks, so a 3-ma
  ok   #27 L2.practice_questions[1].marks [MEDIUM] F5: this paper's 3-mark part is 'Outline three'; the command-word appendix puts Describe at 4 marks, so a 3-ma
  ok   #34 L2.content_html [MEDIUM] F6: the lesson's own key fact calls the Three Poisons the root causes of tanha; the body reversed it.
  PATCH L2: content_html, flashcard_questions, exam_tip_html, practice_questions
  ok   #3 L3.knowledge_checks[1].q [HIGH] F2: the Khuddakapatha holds the Ten Training Rules, the Refuges and the merit discourse (Nidhi Kanda); the spe
  ok   #4 L3.practice_questions[3].marks [HIGH] F2: the Khuddakapatha holds the Ten Training Rules, the Refuges and the merit discourse (Nidhi Kanda); the spe
  ok   #5 L3.exam_tip_html [HIGH] F2: the Khuddakapatha holds the Ten Training Rules, the Refuges and the merit discourse (Nidhi Kanda); the spe
  ok   #6 L3.content_html [MEDIUM] F3: Dhammapada 1 reads 'Mind precedes all mental states', not 'forerunner of all actions'.
  ok   #7 L3.flashcard_questions[11].a [MEDIUM] F3: Dhammapada 1 reads 'Mind precedes all mental states', not 'forerunner of all actions'.
  ok   #11 L3.exam_tip_html [MEDIUM] F4: this board's 12-mark command word is Evaluate; Discuss belongs to another board.
  ok   #18 L3.practice_questions[4].text [MEDIUM] F4: this board's 12-mark command word is Evaluate; Discuss belongs to another board.
  ok   #19 L3.practice_questions[4].type [MEDIUM] F4: this board's 12-mark command word is Evaluate; Discuss belongs to another board.
  ok   #28 L3.practice_questions[1].text [MEDIUM] F5: this paper's 3-mark part is 'Outline three'; the command-word appendix puts Describe at 4 marks, so a 3-ma
  ok   #29 L3.practice_questions[1].type [MEDIUM] F5: this paper's 3-mark part is 'Outline three'; the command-word appendix puts Describe at 4 marks, so a 3-ma
  ok   #30 L3.practice_questions[1].marks [MEDIUM] F5: this paper's 3-mark part is 'Outline three'; the command-word appendix puts Describe at 4 marks, so a 3-ma
  PATCH L3: knowledge_checks, practice_questions, exam_tip_html, content_html, flashcard_questions
  ok   #12 L4.content_html [MEDIUM] F4: this board's 12-mark command word is Evaluate; Discuss belongs to another board.
  ok   #13 L4.exam_tip_html [MEDIUM] F4: this board's 12-mark command word is Evaluate; Discuss belongs to another board.
  ok   #20 L4.practice_questions[4].text [MEDIUM] F4: this board's 12-mark command word is Evaluate; Discuss belongs to another board.
  ok   #21 L4.practice_questions[4].type [MEDIUM] F4: this board's 12-mark command word is Evaluate; Discuss belongs to another board.
  ok   #31 L4.practice_questions[1].text [MEDIUM] F5: this paper's 3-mark part is 'Outline three'; the command-word appendix puts Describe at 4 marks, so a 3-ma
  ok   #32 L4.practice_questions[1].type [MEDIUM] F5: this paper's 3-mark part is 'Outline three'; the command-word appendix puts Describe at 4 marks, so a 3-ma
  ok   #33 L4.practice_questions[1].marks [MEDIUM] F5: this paper's 3-mark part is 'Outline three'; the command-word appendix puts Describe at 4 marks, so a 3-ma
  ok   #35 L4.content_html [MEDIUM] F7: Triratna is a Western Buddhist movement (the Triratna Buddhist Order), not a type of building.
  ok   #36 L4.glossary_terms[2].definition [MEDIUM] F7: Triratna is a Western Buddhist movement (the Triratna Buddhist Order), not a type of building.
  ok   #37 L4.knowledge_checks[2].q [LOW] F8 ruling: stem no longer gives its own answer.
  PATCH L4: content_html, exam_tip_html, practice_questions, glossary_terms, knowledge_checks
=== 38 applied, 0 skipped, 4 lessons / 17 fields changed
