
=== RE-NARRATION (changed narrated text only) ===
backup: C:\Users\tshau\Documents\Study Vault\scripts\_retrofc\units\english-literature-aqa__the-tempest\_backup.json
unit:   english-literature-aqa / the-tempest
run: 2026-09-02T04:18:15Z  mode: LIVE
  L03: fields edited but no narrated text changed -> skip
  L06: no narrated field changed -> skip
  L07: no narrated field changed -> skip

4 lessons, 6 clips to regenerate

  L01 (Ollie)  Context: Colonialism & Jacobean Power
      n17: AO3 (context) is worth 6 of the 30 marks on the Shakespeare question, but embedding it well lifts your entire 
             -> 339 KB, 29.0s, uploaded
      manifest updated (21 entries)
  L02 (Ada)  Act 1: The Storm & Prospero's Story
      n4: Key Fact . The storm is artificial — created by Prospero through Ariel’s magic. No one is harmed, as Ariel rep
             -> 291 KB, 24.9s, uploaded
      n11: This exchange is troubling. Prospero saved Ariel from one form of imprisonment only to impose another. He hold
             -> 421 KB, 36.0s, uploaded
      manifest updated (21 entries)
  L04 (Ada)  Acts 4-5: Resolution & Forgiveness
      n19: The epilogue is unusual for Shakespeare. Prospero steps forward alone and addresses the audience directly: “No
             -> 490 KB, 41.8s, uploaded
      manifest updated (24 entries)
  L05 (Ollie)  Character Analysis
      n6: Caliban is the most debated character in the play. Prospero calls him a “thing of darkness” and “a born devil,
             -> 362 KB, 30.9s, uploaded
      n20: When analysing characters for AQA, always discuss how Shakespeare presents them — through language, imagery, s
             -> 350 KB, 29.9s, uploaded
      manifest updated (24 entries)

Regenerated 6 clips.

=== VERIFY (ranged GET + freshness) ===
  206  L01 n17  bytes 0-3/347616  Last-Modified: Wed, 02 Sep 2026 04:18:21 GMT  mp3-sync=OK
  206  L02 n4  bytes 0-3/298368  Last-Modified: Wed, 02 Sep 2026 04:18:26 GMT  mp3-sync=OK
  206  L02 n11  bytes 0-3/431424  Last-Modified: Wed, 02 Sep 2026 04:18:32 GMT  mp3-sync=OK
  206  L04 n19  bytes 0-3/501696  Last-Modified: Wed, 02 Sep 2026 04:18:40 GMT  mp3-sync=OK
  206  L05 n6  bytes 0-3/370368  Last-Modified: Wed, 02 Sep 2026 04:18:45 GMT  mp3-sync=OK
  206  L05 n20  bytes 0-3/358272  Last-Modified: Wed, 02 Sep 2026 04:18:50 GMT  mp3-sync=OK

6/6 clips verified HTTP 200/206 with fresh audio.
