=== APPLY EDITS gcse-music/musical-forms-and-devices  25 edits  LIVE  2026-09-18T07:54:44.469Z
  ok   #0 L1.content_html [HIGH] F1: the minuet is a 17th-century French court dance, not a Classical-era invention; the lesson elsewhere lists
  ok   #1 L1.content_html [MEDIUM] F3: the board is never named to students.
  ok   #2 L1.content_html [MEDIUM] F4: the board is never named, and the specimen brief wording is the board's own material.
  ok   #3 L1.content_html [MEDIUM] F5: the board is never named to students.
  ok   #4 L1.exam_tip_html [MEDIUM] F6: the board is never named to students.
  ok   #5 L1.knowledge_checks[0].options[3] [MEDIUM] F2: the lesson teaches that AABB is still binary, so AABB was a true answer marked wrong. AABA (32-bar song fo
  ok   #6 L1.practice_questions[5].type [MEDIUM] F8: no extract and no score are involved, so the prepared-extract label is the wrong question type.
  ok   #7 L1.practice_questions[5].marks [MEDIUM] F7: this paper has no quality-of-written-communication or SPaG allocation.
  PATCH L1: content_html, exam_tip_html, knowledge_checks, practice_questions
  ok   #8 L2.content_html [HIGH] F9: the third movement is the Menuetto, a minuet and trio (ternary). The Romance (second movement) is the rond
  ok   #9 L2.content_html [MEDIUM] F10: the board is never named to students.
  ok   #10 L2.practice_questions[5].text [MEDIUM] F11: the question was keyed to a printed extract the student never sees, and to a set work no longer on the sp
  ok   #11 L2.practice_questions[5].marks [MEDIUM] F11: mark scheme matched to the rewritten question.
  PATCH L2: content_html, practice_questions
  ok   #12 L3.description [MEDIUM] F12: this area of study lists about twenty devices; six is not the whole set.
  ok   #13 L3.content_html [MEDIUM] F12/F14: the board is never named, and six is not the full list of examinable devices.
  ok   #14 L3.conclusion_html [MEDIUM] F12: six is not the whole set of examinable devices.
  ok   #15 L3.content_html [MEDIUM] F13: the brief for the first composition is set by the board; for the second, free composition the learner wri
  ok   #16 L3.content_html [MEDIUM] F14: the board is never named to students.
  ok   #17 L3.practice_questions[4].type [HIGH] F15: a one-mark identification question carried the twelve-mark prepared-extract label, so AI marking scored i
  ok   #18 L3.practice_questions[4].text [HIGH] F15: the question asked for a bar number in an extract the student is never given.
  ok   #19 L3.practice_questions[4].marks [HIGH] F15: mark scheme matched to the rewritten question, and the board is never named.
  PATCH L3: description, content_html, conclusion_html, practice_questions
  ok   #20 L4.practice_questions[2].text [HIGH] F19: the Badinerie begins in B minor. F# minor is where Section B starts, so the question contradicted the les
  ok   #21 L4.exam_tip_html [MEDIUM] F20: the board is never named; the 12-mark tariff and the three hearings are not in the specification; the spe
  ok   #22 L4.content_html [MEDIUM] F21: the movement has no ostinato. The device to name here is sequence; calling the rhythms ostinato patterns 
  ok   #23 L4.flashcard_questions[4].a [MEDIUM] F22: the entity for the dash was stripped, leaving a nonsense answer.
  ok   #24 L4.flashcard_questions[4].q [MEDIUM] F22: the question was a truncated fragment.
  PATCH L4: practice_questions, exam_tip_html, content_html, flashcard_questions
=== 25 applied, 0 skipped, 4 lessons / 14 fields changed
