
=== RE-NARRATION (changed narrated text only) ===
backup: C:\Users\tshau\Documents\Study Vault\scripts\_retrofc\units\gcse-music@unity__musical-forms-and-devices\_backup.json
unit:   gcse-music / musical-forms-and-devices
run: 2026-09-18T07:54:47Z  mode: LIVE

4 lessons, 13 clips to regenerate

  L01 (Ollie)  Binary and Ternary Form
      n2: In music, form (also called structure) refers to how a piece of music is organised into sections. Composers us
             -> 276 KB, 23.5s, uploaded
      n21: Ternary form is found across many genres and periods. Classical minuets with a trio section follow a ternary p
             -> 306 KB, 26.1s, uploaded
      n42: If your composition brief asks you to write in ternary form, you must clearly show three sections: A, B, and A
             -> 343 KB, 29.2s, uploaded
      n49: The minuet and trio is a special case of ternary form that you are very likely to encounter in the exam. It be
             -> 235 KB, 20.0s, uploaded
      n43: In the listening exam, if you are asked to identify the form of a piece, write the letter labels clearly — “bi
             -> 467 KB, 39.9s, uploaded
      manifest updated (56 entries)
  L02 (Ada)  Rondo and Theme and Variations
      n8: Mozart’s Eine Kleine Nachtmusik (Second Movement, the Romance) is a well-known example of rondo form from the 
             -> 348 KB, 29.7s, uploaded
      n27: In the listening exam, AoS1 questions test your ability to identify and describe musical forms. Here are some 
             -> 132 KB, 11.3s, uploaded
      manifest updated (45 entries)
  L03 (Ollie)  Musical Devices
      n2: Musical devices are techniques that composers use to develop, decorate, and add interest to their music. AoS1 
             -> 330 KB, 28.2s, uploaded
      n3: Being able to identify these devices by ear and describe how they are used is essential for the listening exam
             -> 186 KB, 15.8s, uploaded
      n31: In the listening exam, you may be asked to identify a device by name, give a bar number where it occurs, or ex
             -> 148 KB, 12.6s, uploaded
      n35: Six core AoS1 musical devices are sequence, ostinato, imitation, pedal, drone, and canon — know the definition
             -> 115 KB, 9.8s, uploaded
      manifest updated (55 entries)
  L04 (Ada)  Bach: Badinerie — Set Work Study
      n26: The time signature is 2/4 (simple duple) throughout. The tempo is Allegro (fast), though this is not marked on
             -> 312 KB, 26.7s, uploaded
      n42: In the listening exam, the Badinerie appears as a prepared extract . Sections of the score are printed on the 
             -> 581 KB, 49.6s, uploaded
      manifest updated (46 entries)

Regenerated 13 clips.

=== VERIFY (ranged GET + freshness) ===
  206  L01 n2  bytes 0-3/282528  Last-Modified: Fri, 18 Sep 2026 07:54:54 GMT  mp3-sync=OK
  206  L01 n21  bytes 0-3/313632  Last-Modified: Fri, 18 Sep 2026 07:54:59 GMT  mp3-sync=OK
  206  L01 n42  bytes 0-3/350784  Last-Modified: Fri, 18 Sep 2026 07:55:04 GMT  mp3-sync=OK
  206  L01 n49  bytes 0-3/240480  Last-Modified: Fri, 18 Sep 2026 07:55:08 GMT  mp3-sync=OK
  206  L01 n43  bytes 0-3/478656  Last-Modified: Fri, 18 Sep 2026 07:55:15 GMT  mp3-sync=OK
  206  L02 n8  bytes 0-3/355968  Last-Modified: Fri, 18 Sep 2026 07:55:21 GMT  mp3-sync=OK
  206  L02 n27  bytes 0-3/135648  Last-Modified: Fri, 18 Sep 2026 07:55:23 GMT  mp3-sync=OK
  206  L03 n2  bytes 0-3/338112  Last-Modified: Fri, 18 Sep 2026 07:55:29 GMT  mp3-sync=OK
  206  L03 n3  bytes 0-3/190080  Last-Modified: Fri, 18 Sep 2026 07:55:32 GMT  mp3-sync=OK
  206  L03 n31  bytes 0-3/151200  Last-Modified: Fri, 18 Sep 2026 07:55:34 GMT  mp3-sync=OK
  206  L03 n35  bytes 0-3/118080  Last-Modified: Fri, 18 Sep 2026 07:55:37 GMT  mp3-sync=OK
  206  L04 n26  bytes 0-3/319968  Last-Modified: Fri, 18 Sep 2026 07:55:42 GMT  mp3-sync=OK
  206  L04 n42  bytes 0-3/594720  Last-Modified: Fri, 18 Sep 2026 07:55:51 GMT  mp3-sync=OK

13/13 clips verified HTTP 200/206 with fresh audio.
