=== APPLY EDITS gcse-music/musical-elements  44 edits  LIVE  2026-09-18T07:49:36.023Z
  ok   #0 L1.description [HIGH] F1: the board is never named to students
  ok   #1 L1.content_html [HIGH] F1: the board is never named to students
  ok   #2 L1.content_html [HIGH] F1: the board is never named to students
  ok   #3 L1.exam_tip_html [HIGH] F1: the board is never named to students
  ok   #17 L1.practice_questions[1].type [MEDIUM] F6: question asks for two differences and the scheme gives 2 marks; the label said 1 mark
  ok   #18 L1.practice_questions[5].marks [MEDIUM] F7: written communication is not separately assessed in this exam
  ok   #19 L1.practice_questions[5].type [MEDIUM] F8: the question gives no prepared extract or score, so the label was wrong
  PATCH L1: description, content_html, exam_tip_html, practice_questions
  ok   #4 L2.content_html [HIGH] F2: the board is never named to students
  ok   #5 L2.content_html [HIGH] F2: the board is never named to students
  ok   #6 L2.content_html [HIGH] F2: the board is never named to students
  ok   #20 L2.flashcard_questions[3].a [HIGH] F9: the answer was a mangled entity (1600ndash1750) and did not answer the question
  ok   #21 L2.flashcard_questions[3].q [HIGH] F9: card rewritten so the blank has one right answer
  ok   #22 L2.flashcard_questions[4].a [HIGH] F10: the answer was a mangled entity (1820ndash1900) and did not answer the question
  ok   #23 L2.flashcard_questions[4].q [HIGH] F10: card rewritten so the blank has one right answer
  ok   #24 L2.content_html [MEDIUM] F11: past-paper question and its accepted answers removed (copyright distancing)
  ok   #25 L2.content_html [MEDIUM] F12: 6/8 does not stress all six quavers; the main pulses are 1 and 4
  ok   #26 L2.practice_questions[1].type [MEDIUM] F13: the scheme caps this at 2 marks; the label said 4
  ok   #27 L2.practice_questions[2].type [MEDIUM] F13: the scheme caps this at 3 marks; the label said 4
  ok   #28 L2.practice_questions[2].marks [MEDIUM] F14: rubric phrasing replaced with house wording
  ok   #29 L2.practice_questions[3].marks [MEDIUM] F14: rubric phrasing replaced with house wording
  ok   #30 L2.practice_questions[4].marks [MEDIUM] F15: board level wording replaced with house band names
  PATCH L2: content_html, flashcard_questions, practice_questions
  ok   #7 L3.description [HIGH] F3: the board is never named to students
  ok   #8 L3.content_html [HIGH] F3: the board is never named to students
  ok   #9 L3.content_html [HIGH] F3: the board is never named to students
  ok   #10 L3.content_html [HIGH] F3: the board is never named to students
  ok   #11 L3.content_html [HIGH] F3: the board is never named to students
  ok   #31 L3.content_html [MEDIUM] F16: the box lists four textures, so the prompt asked for the wrong number
  ok   #32 L3.practice_questions[1].type [MEDIUM] F17: question asks for two ways and the scheme gives 2 marks; the label said 1 mark
  PATCH L3: description, content_html, practice_questions
  ok   #12 L4.content_html [HIGH] F4: the board is never named to students
  ok   #33 L4.flashcard_questions[3].a [HIGH] F18: this card repeated the answer of card 1 (Harmony), which the validator forbids
  ok   #34 L4.flashcard_questions[3].q [HIGH] F18: replaced with a card that has its own answer
  ok   #35 L4.flashcard_questions[4].a [HIGH] F19: the card was built from an image caption and its answer was the word Generated
  ok   #36 L4.flashcard_questions[4].q [HIGH] F19: replaced with a card built from the lesson content
  ok   #37 L4.practice_questions[5].text [MEDIUM] F20: written communication is not separately assessed in this exam
  ok   #38 L4.content_html [MEDIUM] F21: F# is not a note of the E chord, so E/F# is not an inversion
  ok   #39 L4.practice_questions[3].marks [MEDIUM] F21: answer key matched to the corrected fact
  ok   #40 L4.practice_questions[1].type [MEDIUM] F22: the scheme caps this at 2 marks; the label said 4
  ok   #41 L4.practice_questions[2].type [MEDIUM] F22: the scheme caps this at 3 marks; the label said 4
  PATCH L4: content_html, flashcard_questions, practice_questions
  ok   #13 L5.content_html [HIGH] F5: the board is never named to students
  ok   #14 L5.content_html [HIGH] F5: board name removed; the truncated prompt also repaired
  ok   #15 L5.content_html [HIGH] F5: the board is never named to students
  ok   #16 L5.exam_tip_html [HIGH] F5: the board is never named to students
  ok   #42 L5.content_html [MEDIUM] F23: the riff was programmed on a synthesiser, not played on real tuned percussion
  ok   #43 L5.practice_questions[2].text [MEDIUM] F24: the scheme allows up to 4 marks at 1 mark a point
  PATCH L5: content_html, exam_tip_html, practice_questions
=== 44 applied, 0 skipped, 5 lessons / 16 fields changed
=== APPLY EDITS gcse-music/musical-elements  44 edits  LIVE  2026-09-18T07:49:42.893Z
  ok   #0 L1.description [HIGH] F1: the board is never named to students
  ok   #1 L1.content_html [HIGH] F1: the board is never named to students
  ok   #2 L1.content_html [HIGH] F1: the board is never named to students
  ok   #3 L1.exam_tip_html [HIGH] F1: the board is never named to students
  ok   #17 L1.practice_questions[1].type [MEDIUM] F6: question asks for two differences and the scheme gives 2 marks; the label said 1 mark
  ok   #18 L1.practice_questions[5].marks [MEDIUM] F7: written communication is not separately assessed in this exam
  ok   #19 L1.practice_questions[5].type [MEDIUM] F8: the question gives no prepared extract or score, so the label was wrong
  PATCH L1: description, content_html, exam_tip_html, practice_questions
  ok   #4 L2.content_html [HIGH] F2: the board is never named to students
  ok   #5 L2.content_html [HIGH] F2: the board is never named to students
  ok   #6 L2.content_html [HIGH] F2: the board is never named to students
  ok   #20 L2.flashcard_questions[3].a [HIGH] F9: the answer was a mangled entity (1600ndash1750) and did not answer the question
  ok   #21 L2.flashcard_questions[3].q [HIGH] F9: card rewritten so the blank has one right answer
  ok   #22 L2.flashcard_questions[4].a [HIGH] F10: the answer was a mangled entity (1820ndash1900) and did not answer the question
  ok   #23 L2.flashcard_questions[4].q [HIGH] F10: card rewritten so the blank has one right answer
  ok   #24 L2.content_html [MEDIUM] F11: past-paper question and its accepted answers removed (copyright distancing)
  ok   #25 L2.content_html [MEDIUM] F12: 6/8 does not stress all six quavers; the main pulses are 1 and 4
  ok   #26 L2.practice_questions[1].type [MEDIUM] F13: the scheme caps this at 2 marks; the label said 4
  ok   #27 L2.practice_questions[2].type [MEDIUM] F13: the scheme caps this at 3 marks; the label said 4
  ok   #28 L2.practice_questions[2].marks [MEDIUM] F14: rubric phrasing replaced with house wording
  ok   #29 L2.practice_questions[3].marks [MEDIUM] F14: rubric phrasing replaced with house wording
  ok   #30 L2.practice_questions[4].marks [MEDIUM] F15: board level wording replaced with house band names
  PATCH L2: content_html, flashcard_questions, practice_questions
  ok   #7 L3.description [HIGH] F3: the board is never named to students
  ok   #8 L3.content_html [HIGH] F3: the board is never named to students
  ok   #9 L3.content_html [HIGH] F3: the board is never named to students
  ok   #10 L3.content_html [HIGH] F3: the board is never named to students
  ok   #11 L3.content_html [HIGH] F3: the board is never named to students
  ok   #31 L3.content_html [MEDIUM] F16: the box lists four textures, so the prompt asked for the wrong number
  ok   #32 L3.practice_questions[1].type [MEDIUM] F17: question asks for two ways and the scheme gives 2 marks; the label said 1 mark
  PATCH L3: description, content_html, practice_questions
  ok   #12 L4.content_html [HIGH] F4: the board is never named to students
  ok   #33 L4.flashcard_questions[3].a [HIGH] F18: this card repeated the answer of card 1 (Harmony), which the validator forbids
  ok   #34 L4.flashcard_questions[3].q [HIGH] F18: replaced with a card that has its own answer
  ok   #35 L4.flashcard_questions[4].a [HIGH] F19: the card was built from an image caption and its answer was the word Generated
  ok   #36 L4.flashcard_questions[4].q [HIGH] F19: replaced with a card built from the lesson content
  ok   #37 L4.practice_questions[5].text [MEDIUM] F20: written communication is not separately assessed in this exam
  ok   #38 L4.content_html [MEDIUM] F21: F# is not a note of the E chord, so E/F# is not an inversion
  ok   #39 L4.practice_questions[3].marks [MEDIUM] F21: answer key matched to the corrected fact
  ok   #40 L4.practice_questions[1].type [MEDIUM] F22: the scheme caps this at 2 marks; the label said 4
  ok   #41 L4.practice_questions[2].type [MEDIUM] F22: the scheme caps this at 3 marks; the label said 4
  PATCH L4: content_html, flashcard_questions, practice_questions
  ok   #13 L5.content_html [HIGH] F5: the board is never named to students
  ok   #14 L5.content_html [HIGH] F5: board name removed; the truncated prompt also repaired
  ok   #15 L5.content_html [HIGH] F5: the board is never named to students
  ok   #16 L5.exam_tip_html [HIGH] F5: the board is never named to students
  ok   #42 L5.content_html [MEDIUM] F23: the riff was programmed on a synthesiser, not played on real tuned percussion
  ok   #43 L5.practice_questions[2].text [MEDIUM] F24: the scheme allows up to 4 marks at 1 mark a point
  PATCH L5: content_html, exam_tip_html, practice_questions
=== 44 applied, 0 skipped, 5 lessons / 16 fields changed
=== APPLY EDITS gcse-music/musical-elements  44 edits  LIVE  2026-09-18T07:50:55.551Z
  ok   #0 L1.description [HIGH] F1: the board is never named to students
  ok   #1 L1.content_html [HIGH] F1: the board is never named to students
  ok   #2 L1.content_html [HIGH] F1: the board is never named to students
  ok   #3 L1.exam_tip_html [HIGH] F1: the board is never named to students
  ok   #17 L1.practice_questions[1].type [MEDIUM] F6: question asks for two differences and the scheme gives 2 marks; the label said 1 mark
  ok   #18 L1.practice_questions[5].marks [MEDIUM] F7: written communication is not separately assessed in this exam
  ok   #19 L1.practice_questions[5].type [MEDIUM] F8: the question gives no prepared extract or score, so the label was wrong
  PATCH L1: description, content_html, exam_tip_html, practice_questions
  ok   #4 L2.content_html [HIGH] F2: the board is never named to students
  ok   #5 L2.content_html [HIGH] F2: the board is never named to students
  ok   #6 L2.content_html [HIGH] F2: the board is never named to students
  ok   #20 L2.flashcard_questions[3].a [HIGH] F9: the answer was a mangled entity (1600ndash1750) and did not answer the question
  ok   #21 L2.flashcard_questions[3].q [HIGH] F9: card rewritten so the blank has one right answer
  ok   #22 L2.flashcard_questions[4].a [HIGH] F10: the answer was a mangled entity (1820ndash1900) and did not answer the question
  ok   #23 L2.flashcard_questions[4].q [HIGH] F10: card rewritten so the blank has one right answer
  ok   #24 L2.content_html [MEDIUM] F11: past-paper question and its accepted answers removed (copyright distancing)
  ok   #25 L2.content_html [MEDIUM] F12: 6/8 does not stress all six quavers; the main pulses are 1 and 4
  ok   #26 L2.practice_questions[1].type [MEDIUM] F13: the scheme caps this at 2 marks; the label said 4
  ok   #27 L2.practice_questions[2].type [MEDIUM] F13: the scheme caps this at 3 marks; the label said 4
  ok   #28 L2.practice_questions[2].marks [MEDIUM] F14: rubric phrasing replaced with house wording
  ok   #29 L2.practice_questions[3].marks [MEDIUM] F14: rubric phrasing replaced with house wording
  ok   #30 L2.practice_questions[4].marks [MEDIUM] F15: board level wording replaced with house band names
  PATCH L2: content_html, flashcard_questions, practice_questions
  ok   #7 L3.description [HIGH] F3: the board is never named to students
  ok   #8 L3.content_html [HIGH] F3: the board is never named to students
  ok   #9 L3.content_html [HIGH] F3: the board is never named to students
  ok   #10 L3.content_html [HIGH] F3: the board is never named to students
  ok   #11 L3.content_html [HIGH] F3: the board is never named to students
  ok   #31 L3.content_html [MEDIUM] F16: the box lists four textures, so the prompt asked for the wrong number
  ok   #32 L3.practice_questions[1].type [MEDIUM] F17: question asks for two ways and the scheme gives 2 marks; the label said 1 mark
  PATCH L3: description, content_html, practice_questions
  ok   #12 L4.content_html [HIGH] F4: the board is never named to students
  ok   #33 L4.flashcard_questions[3].a [HIGH] F18: this card repeated the answer of card 1 (Harmony), which the validator forbids
  ok   #34 L4.flashcard_questions[3].q [HIGH] F18: replaced with a card that has its own answer
  ok   #35 L4.flashcard_questions[4].a [HIGH] F19: the card was built from an image caption and its answer was the word Generated
  ok   #36 L4.flashcard_questions[4].q [HIGH] F19: replaced with a card built from the lesson content
  ok   #37 L4.practice_questions[5].text [MEDIUM] F20: written communication is not separately assessed in this exam
  ok   #38 L4.content_html [MEDIUM] F21: F# is not a note of the E chord, so E/F# is not an inversion
  ok   #39 L4.practice_questions[3].marks [MEDIUM] F21: answer key matched to the corrected fact
  ok   #40 L4.practice_questions[1].type [MEDIUM] F22: the scheme caps this at 2 marks; the label said 4
  ok   #41 L4.practice_questions[2].type [MEDIUM] F22: the scheme caps this at 3 marks; the label said 4
  PATCH L4: content_html, flashcard_questions, practice_questions
  ok   #13 L5.content_html [HIGH] F5: the board is never named to students
  ok   #14 L5.content_html [HIGH] F5: board name removed; the truncated prompt also repaired
  ok   #15 L5.content_html [HIGH] F5: the board is never named to students
  ok   #16 L5.exam_tip_html [HIGH] F5: the board is never named to students
  ok   #42 L5.content_html [MEDIUM] F23: the riff was programmed on a synthesiser, not played on real tuned percussion
  ok   #43 L5.practice_questions[2].text [MEDIUM] F24: the scheme allows up to 4 marks at 1 mark a point
  PATCH L5: content_html, exam_tip_html, practice_questions
=== 44 applied, 0 skipped, 5 lessons / 16 fields changed
