
=== RE-NARRATION (changed narrated text only) ===
backup: C:\Users\tshau\Documents\Study Vault\scripts\_retrofc\units\gcse-music@unity__musical-elements\_backup.json
unit:   gcse-music / musical-elements
run: 2026-09-18T07:50:58Z  mode: LIVE

5 lessons, 17 clips to regenerate

  L01 (Ollie)  Melody and Articulation
      n2: Melody is one of the most important musical elements you will need to identify and describe in the listening e
             -> 253 KB, 21.6s, uploaded
      n27: These are the main articulation terms the specification expects you to know:
             -> 58 KB, 5.0s, uploaded
      n35: In the listening exam, the command word “describe” means you need to say what is happening in the music and wh
             -> 321 KB, 27.4s, uploaded
      manifest updated (39 entries)
  L02 (Ada)  Dynamics, Tempo and Rhythm
      n2: In the GCSE Music listening exam, you will need to identify and describe how dynamics , tempo and rhythm are u
             -> 237 KB, 20.2s, uploaded
      n9: In Baroque music (c.1600–1750), dynamics tend to change suddenly between loud and quiet sections. This is call
             -> 368 KB, 31.4s, uploaded
      n17: Key Fact . In the listening exam, if you are asked for an Italian term for the tempo, don’t just write “fast” 
             -> 206 KB, 17.6s, uploaded
      n40: Simple time means each beat divides into two equal parts (e.g. 2/4, 3/4, 4/4). Compound time means each beat d
             -> 459 KB, 39.2s, uploaded
      manifest updated (52 entries)
  L03 (Ollie)  Texture and Structure
      n2: Texture describes how the different layers of sound in a piece of music relate to each other. Think of it like
             -> 218 KB, 18.6s, uploaded
      n13: Key Fact . In the listening exam, you may be asked to identify a change in texture at a specific point in the 
             -> 190 KB, 16.2s, uploaded
      n15: Structure (also called form) refers to how a piece of music is organised into sections. Recognising structure 
             -> 218 KB, 18.6s, uploaded
      n21: The specification covers several structural forms beyond verse–chorus. You may hear these in any area of study
             -> 88 KB, 7.5s, uploaded
      manifest updated (39 entries)
  L04 (Ada)  Harmony and Tonality
      n2: Harmony refers to the combination of notes sounding together at the same time. When you hear a chord being pla
             -> 225 KB, 19.2s, uploaded
      n32: Verses (B major): A longer 9-bar chord sequence: I–iii–vi–Ic–♮VIIc–IV–vi–♮VII–vi–ii (B–D#m7–G#m7–B/F#–A/E–E/F#
             -> 305 KB, 26.1s, uploaded
      manifest updated (58 entries)
  L05 (Ollie)  Instruments and Timbre
      n2: In the GCSE Music listening exam, you will be asked to identify instruments and describe the quality of the so
             -> 293 KB, 25.0s, uploaded
      n15: Key Fact . In Toto’s “Africa” (the set work), the instrumentation includes drum kit, additional unpitched perc
             -> 270 KB, 23.1s, uploaded
      n29: In Toto’s “Africa,” the eight-bar percussion introduction uses only unpitched percussion instruments with laye
             -> 339 KB, 28.9s, uploaded
      n30: In the listening exam, identification questions often ask you to name the instrument family (strings, woodwind
             -> 461 KB, 39.4s, uploaded
      manifest updated (34 entries)

Regenerated 17 clips.

=== VERIFY (ranged GET + freshness) ===
  206  L01 n2  bytes 0-3/258624  Last-Modified: Fri, 18 Sep 2026 07:51:05 GMT  mp3-sync=OK
  206  L01 n27  bytes 0-3/59616  Last-Modified: Fri, 18 Sep 2026 07:51:06 GMT  mp3-sync=OK
  206  L01 n35  bytes 0-3/329184  Last-Modified: Fri, 18 Sep 2026 07:51:12 GMT  mp3-sync=OK
  206  L02 n2  bytes 0-3/242496  Last-Modified: Fri, 18 Sep 2026 07:51:16 GMT  mp3-sync=OK
  206  L02 n9  bytes 0-3/376704  Last-Modified: Fri, 18 Sep 2026 07:51:21 GMT  mp3-sync=OK
  206  L02 n17  bytes 0-3/210816  Last-Modified: Fri, 18 Sep 2026 07:51:25 GMT  mp3-sync=OK
  206  L02 n40  bytes 0-3/470304  Last-Modified: Fri, 18 Sep 2026 07:51:32 GMT  mp3-sync=OK
  206  L03 n2  bytes 0-3/223488  Last-Modified: Fri, 18 Sep 2026 07:51:36 GMT  mp3-sync=OK
  206  L03 n13  bytes 0-3/194688  Last-Modified: Fri, 18 Sep 2026 07:51:40 GMT  mp3-sync=OK
  206  L03 n15  bytes 0-3/222912  Last-Modified: Fri, 18 Sep 2026 07:51:43 GMT  mp3-sync=OK
  206  L03 n21  bytes 0-3/90432  Last-Modified: Fri, 18 Sep 2026 07:51:45 GMT  mp3-sync=OK
  206  L04 n2  bytes 0-3/230400  Last-Modified: Fri, 18 Sep 2026 07:51:50 GMT  mp3-sync=OK
  206  L04 n32  bytes 0-3/312768  Last-Modified: Fri, 18 Sep 2026 07:51:54 GMT  mp3-sync=OK
  206  L05 n2  bytes 0-3/300096  Last-Modified: Fri, 18 Sep 2026 07:52:01 GMT  mp3-sync=OK
  206  L05 n15  bytes 0-3/276768  Last-Modified: Fri, 18 Sep 2026 07:52:05 GMT  mp3-sync=OK
  206  L05 n29  bytes 0-3/347328  Last-Modified: Fri, 18 Sep 2026 07:52:11 GMT  mp3-sync=OK
  206  L05 n30  bytes 0-3/472320  Last-Modified: Fri, 18 Sep 2026 07:52:17 GMT  mp3-sync=OK

17/17 clips verified HTTP 200/206 with fresh audio.
