
=== RE-NARRATION (changed narrated text only) ===
backup: C:\Users\tshau\Documents\Study Vault\scripts\_retrofc\units\separate-sciences-ocr-b__chemistry-earth-air-water\_backup.json
unit:   separate-sciences-ocr-b / chemistry-earth-air-water
run: 2026-09-05T13:56:50Z  mode: LIVE
  L03: no narrated field changed -> skip

3 lessons, 6 clips to regenerate

  L01 (Ollie)  The Earth's Atmosphere Through Time
      n21: Questions on the atmosphere often ask you to explain a change, not just describe it — so include the cause. Fo
             -> 558 KB, 47.6s, uploaded
      manifest updated (25 entries)
  L02 (Ada)  Energy in Chemical Reactions
      n12: An energy profile diagram shows this graphically. Exam questions call it a reaction profile, so treat the two 
             -> 264 KB, 22.5s, uploaded
      manifest updated (30 entries)
  L04 (Ada)  Potable Water
      n14: Analysing Water Samples (Practical Activity)
             -> 44 KB, 3.8s, uploaded
      n15: This course does not use ‘required practicals’. Instead you cover eight practical activity groups. One of them
             -> 437 KB, 37.3s, uploaded
      n21: When describing water treatment, use the correct sequence: filtration, then sedimentation, then sterilisation.
             -> 435 KB, 37.1s, uploaded
      n25: The practical activity involves analysing water samples to compare composition; a well-designed investigation 
             -> 153 KB, 13.1s, uploaded
      manifest updated (25 entries)

Regenerated 6 clips.

=== VERIFY (ranged GET + freshness) ===
  206  L01 n21  bytes 0-3/571392  Last-Modified: Sat, 05 Sep 2026 13:57:02 GMT  mp3-sync=OK
  206  L02 n12  bytes 0-3/269856  Last-Modified: Sat, 05 Sep 2026 13:57:07 GMT  mp3-sync=OK
  206  L04 n14  bytes 0-3/45216  Last-Modified: Sat, 05 Sep 2026 13:57:09 GMT  mp3-sync=OK
  206  L04 n15  bytes 0-3/447552  Last-Modified: Sat, 05 Sep 2026 13:57:16 GMT  mp3-sync=OK
  206  L04 n21  bytes 0-3/445824  Last-Modified: Sat, 05 Sep 2026 13:57:22 GMT  mp3-sync=OK
  206  L04 n25  bytes 0-3/156672  Last-Modified: Sat, 05 Sep 2026 13:57:25 GMT  mp3-sync=OK

6/6 clips verified HTTP 200/206 with fresh audio.
