=== APPLY EDITS english-literature-eduqas/the-merchant-of-venice  29 edits  LIVE  2026-09-03T20:03:32.647Z
  ok   #0 L1.content_html [HIGH] F1: names the board (house rule) and credits context to AO4, which is accurate writing, not context
  ok   #1 L1.content_html [HIGH] F2: names the board in student-facing text (house rule)
  ok   #2 L1.content_html [HIGH] F3: names the board and a spec code (house rule / banned string)
  ok   #3 L1.content_html [HIGH] F4/F5: AO4 is accurate writing, not context; board named; the 20+20 split is not stated in the spec
  ok   #4 L1.exam_tip_html [HIGH] F6: labels context as AO4; the Shakespeare question assesses AO1, AO2 and AO4 (accurate writing) only
  ok   #5 L1.practice_questions[0].marks [MEDIUM] F7: credits context to AO4 in the mark guidance
  PATCH L1: content_html, exam_tip_html, practice_questions
  ok   #6 L3.content_html [MEDIUM] F8: the taunters in Act 3 Scene 1 are Solanio and Salarino; Salerio is a different character who arrives in 3.
  ok   #7 L3.content_html [MEDIUM] F9: the line (Act 3 Scene 3) is ‘I’ll have my bond. I will not hear thee speak.’
  ok   #8 L3.content_html [MEDIUM] F8: wrong character name in the Key Fact
  ok   #9 L3.knowledge_checks[4].q [MEDIUM] F10: Jessica’s elopement happens in Act 2 Scene 6, not Act 3
  ok   #10 L3.flashcard_questions[3].a [MEDIUM] F9: misquoted memorisation card; the text reads ‘I’ll have my bond’
  ok   #11 L3.flashcard_questions[11].a [MEDIUM] F8: wrong character name on a memorisation card
  ok   #12 L3.flashcard_questions[11].q [MEDIUM] F10: one of the three (the elopement) is an Act 2 event
  PATCH L3: content_html, knowledge_checks, flashcard_questions
  ok   #13 L4.flashcard_questions[2].q [LOW] F11: ‘I am content’ is three words, not two
  ok   #14 L4.flashcard_questions[3].q [LOW] F11: ‘I am not well’ is four words, not three
  PATCH L4: flashcard_questions
  ok   #15 L5.content_html [MEDIUM] F12: the 1600 quarto called it a history; the comedy label comes from the 1623 First Folio
  ok   #16 L5.flashcard_questions[3].q [LOW] F13: Lorenzo cites Troilus and Dido; Jessica cites Thisbe and Medea
  PATCH L5: content_html, flashcard_questions
  ok   #17 L6.content_html [HIGH] F14: names the board in student-facing text (house rule)
  ok   #18 L6.content_html [MEDIUM] F15: Jessica has four speeches in the ‘in such a night’ exchange; her real silence is after ‘I am never merry 
  ok   #19 L6.exam_tip_html [HIGH] F16: AO4 is accurate writing, not context; the Shakespeare question does not assess context as an objective
  PATCH L6: content_html, exam_tip_html
  ok   #20 L7.content_html [MEDIUM] F17: Claudio is a character from a different play; ‘sister play’ is not a real relationship and would waste ma
  ok   #21 L7.content_html [MEDIUM] F18: the speech is prose; the lesson invites students to claim Shylock rises from prose into verse
  ok   #22 L7.content_html [MEDIUM] F18: Key Fact implies the great speeches are verse; ‘Hath not a Jew eyes?’ is prose
  ok   #23 L7.flashcard_questions[3].q [MEDIUM] F19: the line is on the scroll inside the gold casket and is read aloud by Morocco in Act 2 Scene 7, not spoke
  PATCH L7: content_html, flashcard_questions
  ok   #24 L8.description [HIGH] F20: names the board in student-facing text (house rule)
  ok   #25 L8.content_html [HIGH] F21: AO4 is accurate writing, not context
  ok   #26 L8.exam_tip_html [HIGH] F21: AO4 is accurate writing, not context (and an AO code before a full stop fails the house validator)
  ok   #27 L8.knowledge_checks[2].q [HIGH] F22: names the board and a spec code (house rule / banned string)
  ok   #28 L8.glossary_terms[5].definition [HIGH] F22: names the board and a spec code (house rule / banned string)
  PATCH L8: description, content_html, exam_tip_html, knowledge_checks, glossary_terms
=== 29 applied, 0 skipped, 7 lessons / 18 fields changed
