
=== RE-NARRATION (changed narrated text only) ===
backup: C:\Users\tshau\Documents\Study Vault\scripts\_retrofc\units\english-literature-eduqas__the-merchant-of-venice\_backup.json
unit:   english-literature-eduqas / the-merchant-of-venice
run: 2026-09-03T20:03:35Z  mode: LIVE
  L04: no narrated field changed -> skip

6 lessons, 15 clips to regenerate

  L01 (Ollie)  Context: Anti-Semitism & Elizabethan Venice
      n3: In 1594, two years before The Merchant , the Queen’s Jewish physician Roderigo Lopez was executed for allegedl
             -> 386 KB, 33.0s, uploaded
      n8: The Merchant of Venice was first classified as a comedy, and it does end with marriages and the restoration of
             -> 455 KB, 38.8s, uploaded
      n12: The Shakespeare question tests AO1 (understanding and response), AO2 (analysis of language, form and structure
             -> 452 KB, 38.5s, uploaded
      n13: For The Merchant of Venice, context is not credited on its own, but it sharpens your reading. Always acknowled
             -> 316 KB, 26.9s, uploaded
      manifest updated (17 entries)
  L03 (Ollie)  Act 3: Hath Not a Jew Eyes?
      n10: Act 3 is the play’s turning point. Shylock moves from resentful restraint to active revenge. Solanio and Salar
             -> 519 KB, 44.3s, uploaded
      n11: Key Fact . Three events drive Shylock to revenge: Jessica’s elopement (loss of daughter, money, Leah’s ring), 
             -> 250 KB, 21.3s, uploaded
      manifest updated (17 entries)
  L05 (Ollie)  Act 5 & Resolution
      n10: The play’s genre is disputed. It was grouped with the comedies in the First Folio of 1623, and it does end wit
             -> 394 KB, 33.6s, uploaded
      manifest updated (17 entries)
  L06 (Ada)  Character Analysis
      n4: Key Fact . Shylock as victim: Antonio spits on him, Jessica betrays him, the court strips his wealth and faith
             -> 301 KB, 25.7s, uploaded
      n10: Jessica is the play’s most morally uncomfortable figure after Shylock. She steals from her father, converts to
             -> 467 KB, 39.8s, uploaded
      n13: Character questions in Part (ii) should trace development across the play. For Shylock, use Act 1 (grievances)
             -> 344 KB, 29.4s, uploaded
      manifest updated (17 entries)
  L07 (Ollie)  Language & Dramatic Structure
      n2: Shakespeare uses the distinction between verse and prose to mark social boundaries. The Christian characters —
             -> 428 KB, 36.5s, uploaded
      n4: Key Fact . Shylock speaks prose in his early scenes, and his greatest speech, “Hath not a Jew eyes?”, is prose
             -> 294 KB, 25.1s, uploaded
      n7: Shakespeare structures the play around acts of reading and interpretation . The caskets test how characters re
             -> 324 KB, 27.6s, uploaded
      manifest updated (17 entries)
  L08 (Ada)  Key Themes & Exam Technique
      n14: Prepare for these five likely extract focuses: (1) Shylock’s grievances (Act 1, Scene 3: “many a time and oft”
             -> 439 KB, 37.5s, uploaded
      n15: The strongest responses to The Merchant of Venice hold contradictory readings simultaneously. Never write ‘Shy
             -> 276 KB, 23.5s, uploaded
      manifest updated (19 entries)

Regenerated 15 clips.

=== VERIFY (ranged GET + freshness) ===
  206  L01 n3  bytes 0-3/395424  Last-Modified: Thu, 03 Sep 2026 20:03:44 GMT  mp3-sync=OK
  206  L01 n8  bytes 0-3/465696  Last-Modified: Thu, 03 Sep 2026 20:03:50 GMT  mp3-sync=OK
  206  L01 n12  bytes 0-3/462528  Last-Modified: Thu, 03 Sep 2026 20:03:57 GMT  mp3-sync=OK
  206  L01 n13  bytes 0-3/323136  Last-Modified: Thu, 03 Sep 2026 20:04:02 GMT  mp3-sync=OK
  206  L03 n10  bytes 0-3/531072  Last-Modified: Thu, 03 Sep 2026 20:04:10 GMT  mp3-sync=OK
  206  L03 n11  bytes 0-3/256032  Last-Modified: Thu, 03 Sep 2026 20:04:14 GMT  mp3-sync=OK
  206  L05 n10  bytes 0-3/403200  Last-Modified: Thu, 03 Sep 2026 20:04:20 GMT  mp3-sync=OK
  206  L06 n4  bytes 0-3/307872  Last-Modified: Thu, 03 Sep 2026 20:05:30 GMT  mp3-sync=OK
  206  L06 n10  bytes 0-3/478080  Last-Modified: Thu, 03 Sep 2026 20:05:36 GMT  mp3-sync=OK
  206  L06 n13  bytes 0-3/352512  Last-Modified: Thu, 03 Sep 2026 20:05:41 GMT  mp3-sync=OK
  206  L07 n2  bytes 0-3/438048  Last-Modified: Thu, 03 Sep 2026 20:05:48 GMT  mp3-sync=OK
  206  L07 n4  bytes 0-3/300672  Last-Modified: Thu, 03 Sep 2026 20:05:53 GMT  mp3-sync=OK
  206  L07 n7  bytes 0-3/331488  Last-Modified: Thu, 03 Sep 2026 20:05:57 GMT  mp3-sync=OK
  206  L08 n14  bytes 0-3/449856  Last-Modified: Thu, 03 Sep 2026 20:06:04 GMT  mp3-sync=OK
  206  L08 n15  bytes 0-3/282240  Last-Modified: Thu, 03 Sep 2026 20:06:08 GMT  mp3-sync=OK

15/15 clips verified HTTP 200/206 with fresh audio.
