
=== RE-NARRATION (changed narrated text only) ===
backup: C:\Users\tshau\Documents\Study Vault\scripts\_retrofc\units\english-literature-aqa__lord-of-the-flies\_backup.json
unit:   english-literature-aqa / lord-of-the-flies
run: 2026-09-01T22:41:23Z  mode: LIVE
  L01: no narrated field changed -> skip
  L02: no narrated field changed -> skip
  L06: no narrated field changed -> skip
  L07: no narrated field changed -> skip

3 lessons, 3 clips to regenerate

  L03 (Ollie)  Chapters 4-6: The Beast & the Breakdown
      n2: Chapter 4 marks the turning point. Jack paints his face with clay and charcoal to camouflage himself for hunti
             -> 310 KB, 26.4s, uploaded
      manifest updated (22 entries)
  L04 (Ada)  Chapters 7-9: Savagery & Simon's Death
      n7: Jack’s hunters kill a sow (a mother pig nursing her piglets). The killing is described in sexually violent lan
             -> 326 KB, 27.8s, uploaded
      manifest updated (21 entries)
  L05 (Ollie)  Chapters 10-12: The Final Descent
      n15: Third, and most devastating: the officer has come ashore from a warship, his cruiser waiting just off the beac
             -> 246 KB, 21.0s, uploaded
      manifest updated (23 entries)

Regenerated 3 clips.

=== VERIFY (ranged GET + freshness) ===
  206  L03 n2  bytes 0-3/317088  Last-Modified: Tue, 01 Sep 2026 22:41:31 GMT  mp3-sync=OK
  206  L04 n7  bytes 0-3/334080  Last-Modified: Tue, 01 Sep 2026 22:41:38 GMT  mp3-sync=OK
  206  L05 n15  bytes 0-3/252288  Last-Modified: Tue, 01 Sep 2026 22:41:42 GMT  mp3-sync=OK

3/3 clips verified HTTP 200/206 with fresh audio.
