=== APPLY EDITS english-literature-edexcel/pride-and-prejudice  51 edits  LIVE  2026-09-02T06:29:27.159Z
  ok   #0 L1.content_html [MEDIUM] F3: banned paper/component code; house wording
  ok   #1 L1.content_html [HIGH] F2: “every possible right” is not in the novel; ch. 19 has “wilful self-deception”
  ok   #2 L1.content_html [MEDIUM] F3: banned paper/component code; house wording
  ok   #3 L1.exam_tip_html [MEDIUM] F3: banned component code; the two parts are exactly 20 marks each, not approximate
  ok   #4 L1.practice_questions[1]['text'] [HIGH] F1: AO3 (context) is not assessed on this section, so the rubric line is from another board
  ok   #35 L1.practice_questions[1]['type'] [MEDIUM] F19: a whole-novel question labelled as extract analysis
  ok   #36 L1.practice_questions[4]['type'] [MEDIUM] F19: a whole-novel question labelled as extract analysis
  PATCH L1: content_html, exam_tip_html, practice_questions
  ok   #5 L2.content_html [MEDIUM] F3: banned paper/component code; house wording
  ok   #6 L2.exam_tip_html [MEDIUM] F3: banned paper/component code; house wording
  ok   #37 L2.practice_questions[1]['type'] [MEDIUM] F19: a whole-novel question labelled as extract analysis
  ok   #38 L2.practice_questions[4]['type'] [MEDIUM] F19: a whole-novel question labelled as extract analysis
  PATCH L2: content_html, exam_tip_html, practice_questions
  ok   #7 L3.content_html [MEDIUM] F7: Darcy’s letter says Wickham resigned the living and ‘accepted in return three thousand pounds’, then asked
  ok   #8 L3.content_html [HIGH] F5: Austen writes “How despicably have I acted!” (ch. 36)
  ok   #9 L3.flashcard_questions[15]['a'] [HIGH] F5: word order — “How despicably have I acted!” (ch. 36)
  ok   #39 L3.practice_questions[1]['type'] [MEDIUM] F19: a whole-novel question labelled as extract analysis
  ok   #40 L3.practice_questions[4]['type'] [MEDIUM] F19: a whole-novel question labelled as extract analysis
  PATCH L3: content_html, flashcard_questions, practice_questions
  ok   #10 L4.content_html [HIGH] F8: Wickham calls Georgiana “very, very proud” (ch. 16); Miss Bingley praises her
  ok   #11 L4.content_html [HIGH] F9: Mrs Reynolds says “I have never had a cross word from him in my life” (ch. 43)
  ok   #12 L4.content_html [MEDIUM] F10: the Gardiners and Elizabeth stay at Lambton; there is no inn at Pemberley
  ok   #13 L4.flashcard_questions[3]['q'] [MEDIUM] F11: the line is ch. 60, after the engagement, not at Pemberley — the lesson body already says so
  ok   #41 L4.practice_questions[1]['type'] [MEDIUM] F19: a whole-novel question labelled as extract analysis
  ok   #42 L4.practice_questions[4]['type'] [MEDIUM] F19: a whole-novel question labelled as extract analysis
  PATCH L4: content_html, flashcard_questions, practice_questions
  ok   #14 L5.content_html [MEDIUM] F12: an action producing the opposite result is situational irony; dramatic irony is audience knowledge a char
  ok   #15 L5.glossary_terms[3]['term'] [MEDIUM] F12: the definition given is situational irony, not dramatic irony
  ok   #16 L5.practice_questions[4]['marks'] [LOW] F13: Elizabeth says “selfish disdain of the feelings of others” (ch. 34)
  ok   #43 L5.practice_questions[1]['type'] [MEDIUM] F19: a whole-novel question labelled as extract analysis
  ok   #44 L5.practice_questions[4]['type'] [MEDIUM] F19: a whole-novel question labelled as extract analysis
  PATCH L5: content_html, glossary_terms, practice_questions
  ok   #17 L6.content_html [HIGH] F5: Austen writes “How despicably have I acted!” (ch. 36)
  ok   #18 L6.content_html [HIGH] F14: Mrs Bennet says Lydia “was only sixteen last June” (ch. 49); the elopement is that August
  ok   #19 L6.content_html [MEDIUM] F15: Lady Catherine asks “Are any of your younger sisters out, Miss Bennet?” (ch. 29)
  ok   #20 L6.practice_questions[0]['text'] [HIGH] F5: word order — “How despicably have I acted!” (ch. 36)
  ok   #21 L6.flashcard_questions[2]['a'] [HIGH] F5: word order — “How despicably have I acted!” (ch. 36)
  ok   #45 L6.practice_questions[1]['type'] [MEDIUM] F19: a whole-novel question labelled as extract analysis
  ok   #46 L6.practice_questions[4]['type'] [MEDIUM] F19: a whole-novel question labelled as extract analysis
  PATCH L6: content_html, practice_questions, flashcard_questions
  ok   #22 L7.content_html [MEDIUM] F3: banned paper/component code; house wording
  ok   #23 L7.content_html [MEDIUM] F4: banned “Level N” band name; house ladder wording
  ok   #24 L7.exam_tip_html [MEDIUM] F4: banned “Level N” band name; house ladder wording
  ok   #47 L7.practice_questions[1]['type'] [MEDIUM] F19: a whole-novel question labelled as extract analysis
  ok   #48 L7.practice_questions[4]['type'] [MEDIUM] F19: a whole-novel question labelled as extract analysis
  PATCH L7: content_html, exam_tip_html, practice_questions
  ok   #25 L8.content_html [HIGH] F16: part (a) carries 20 marks for AO2 only on this board
  ok   #26 L8.content_html [HIGH] F16: part (b) carries 20 marks for AO1 only on this board
  ok   #27 L8.content_html [HIGH] F16: this coaches AO2 work on a part that is marked for AO1 only
  ok   #28 L8.content_html [MEDIUM] F12: Lady Catherine’s visit backfiring is situational irony
  ok   #29 L8.conclusion_html [HIGH] F3 + F16: banned component code, and part (b) is marked for AO1 only
  ok   #30 L8.exam_tip_html [MEDIUM] F4: banned “Level N” band name; house ladder wording
  ok   #31 L8.knowledge_checks[1]['q'] [MEDIUM] F3: banned paper/component code
  ok   #32 L8.knowledge_checks[1]['options'][3] [LOW] F17: AO4 on this board is vocabulary and written accuracy, not comparison
  ok   #33 L8.knowledge_checks[3]['q'] [MEDIUM] F3: banned paper/component code
  ok   #34 L8.flashcard_questions[5]['q'] [MEDIUM] F18: Miss Bingley and Mrs Hurst sneer at Cheapside (ch. 8), not Lady Catherine
  ok   #49 L8.practice_questions[1]['type'] [MEDIUM] F19: a whole-novel question labelled as extract analysis
  ok   #50 L8.practice_questions[4]['type'] [MEDIUM] F19: a whole-novel question labelled as extract analysis
  PATCH L8: content_html, conclusion_html, exam_tip_html, knowledge_checks, flashcard_questions, practice_questions
=== 51 applied, 0 skipped, 8 lessons / 27 fields changed
