
=== RE-NARRATION (changed narrated text only) ===
backup: C:\Users\tshau\Documents\Study Vault\scripts\_retrofc\units\english-literature-edexcel__pride-and-prejudice\_backup.json
unit:   english-literature-edexcel / pride-and-prejudice
run: 2026-09-02T06:29:31Z  mode: LIVE

8 lessons, 23 clips to regenerate

  L01 (Ollie)  Context: Regency Society & Austen's World
      n2: Pride and Prejudice was published in 1813, during the Regency era . Jane Austen wrote about what she knew — th
             -> 261 KB, 22.3s, uploaded
      n11: Austen uses free indirect discourse throughout the novel, blending the narrator’s voice with the characters’ t
             -> 239 KB, 20.4s, uploaded
      n17: For the 19th-century novel question, you are assessed on AO1 (response supported by textual references) and AO
             -> 348 KB, 29.7s, uploaded
      n18: In this section you answer a two-part question on your 19th-century novel. Part (a) asks you to analyse a prin
             -> 426 KB, 36.3s, uploaded
      manifest updated (22 entries)
  L02 (Ada)  The Assembly & First Impressions
      n2: The novel’s famous opening line — “It is a truth universally acknowledged, that a single man in possession of 
             -> 326 KB, 27.8s, uploaded
      n18: For Part (a) of the 19th-century novel question, if you get an extract from the Meryton assembly, focus on Aus
             -> 325 KB, 27.7s, uploaded
      manifest updated (22 entries)
  L03 (Ollie)  Wickham, Collins & Darcy's Letter
      n15: The day after the proposal, Darcy delivers a letter that transforms Elizabeth’s understanding of everything. H
             -> 319 KB, 27.2s, uploaded
      n17: Elizabeth’s self-recognition is devastating in its honesty. She accuses herself: “How despicably have I acted!
             -> 341 KB, 29.1s, uploaded
      manifest updated (23 entries)
  L04 (Ada)  Pemberley & Changed Perceptions
      n4: Key Fact . Pemberley functions as a symbol of Darcy’s true character. Its natural beauty, tasteful elegance, a
             -> 265 KB, 22.6s, uploaded
      n11: Georgiana is shy and reserved — the opposite of the proud, haughty sister Wickham’s gossip suggested. Her near
             -> 351 KB, 29.9s, uploaded
      n14: Elizabeth receives the news at the inn in Lambton, just as her relationship with Darcy is warming. She is deva
             -> 325 KB, 27.8s, uploaded
      manifest updated (22 entries)
  L05 (Ollie)  Resolution & Marriage
      n8: Ironically, Lady Catherine’s attempt to prevent the marriage actually causes it. She reports Elizabeth’s refus
             -> 314 KB, 26.8s, uploaded
      manifest updated (23 entries)
  L06 (Ada)  Character Analysis
      n3: Elizabeth’s growth comes through painful self-recognition. After reading Darcy’s letter, she admits: “How desp
             -> 334 KB, 28.5s, uploaded
      n11: Wickham is the novel’s antagonist — not in the dramatic sense of a villain, but as the embodiment of the surfa
             -> 330 KB, 28.2s, uploaded
      n18: Lady Catherine de Bourgh represents unchecked class arrogance. She assumes her rank gives her the right to dic
             -> 332 KB, 28.3s, uploaded
      manifest updated (23 entries)
  L07 (Ollie)  Irony, Satire & Narrative Voice
      n3: For the 19th-century novel question, analysing Austen’s narrative voice is essential. The examiner wants to se
             -> 337 KB, 28.8s, uploaded
      n4: Key Fact . Austen’s narrator uses verbal irony constantly: the gap between what is said and what is meant crea
             -> 253 KB, 21.6s, uploaded
      n19: When the examiner asks about “language and structure,” structure includes narrative techniques like free indir
             -> 356 KB, 30.4s, uploaded
      manifest updated (23 entries)
  L08 (Ada)  Key Themes & Exam Technique
      n17: Extract analysis — Part (a), marked for AO2: You are typically given a printed extract. Analyse language (indi
             -> 340 KB, 29.0s, uploaded
      n18: Wider-text response — Part (b), marked for AO1: The second task is usually a thematic essay on the whole novel
             -> 341 KB, 29.1s, uploaded
      n29: 8. “Are the shades of Pemberley to be thus polluted?” — Themes: class, arrogance, situational irony.
             -> 97 KB, 8.3s, uploaded
      n32: In the exam, always connect theme to method. Do not write “Austen explores the theme of pride” — write “Austen
             -> 396 KB, 33.8s, uploaded
      n36: For this section: Part (a) requires close language and structure analysis of the extract, marked for AO2; Part
             -> 209 KB, 17.8s, uploaded
      manifest updated (36 entries)

Regenerated 23 clips.

=== VERIFY (ranged GET + freshness) ===
  206  L01 n2  bytes 0-3/267552  Last-Modified: Wed, 02 Sep 2026 06:29:37 GMT  mp3-sync=OK
  206  L01 n11  bytes 0-3/244800  Last-Modified: Wed, 02 Sep 2026 06:29:41 GMT  mp3-sync=OK
  206  L01 n17  bytes 0-3/356544  Last-Modified: Wed, 02 Sep 2026 06:29:47 GMT  mp3-sync=OK
  206  L01 n18  bytes 0-3/435744  Last-Modified: Wed, 02 Sep 2026 06:29:53 GMT  mp3-sync=OK
  206  L02 n2  bytes 0-3/333504  Last-Modified: Wed, 02 Sep 2026 06:29:58 GMT  mp3-sync=OK
  206  L02 n18  bytes 0-3/332640  Last-Modified: Wed, 02 Sep 2026 06:30:02 GMT  mp3-sync=OK
  206  L03 n15  bytes 0-3/326304  Last-Modified: Wed, 02 Sep 2026 06:30:08 GMT  mp3-sync=OK
  206  L03 n17  bytes 0-3/349056  Last-Modified: Wed, 02 Sep 2026 06:30:14 GMT  mp3-sync=OK
  206  L04 n4  bytes 0-3/271584  Last-Modified: Wed, 02 Sep 2026 06:30:18 GMT  mp3-sync=OK
  206  L04 n11  bytes 0-3/359136  Last-Modified: Wed, 02 Sep 2026 06:30:23 GMT  mp3-sync=OK
  206  L04 n14  bytes 0-3/333216  Last-Modified: Wed, 02 Sep 2026 06:30:28 GMT  mp3-sync=OK
  206  L05 n8  bytes 0-3/321984  Last-Modified: Wed, 02 Sep 2026 06:30:33 GMT  mp3-sync=OK
  206  L06 n3  bytes 0-3/341856  Last-Modified: Wed, 02 Sep 2026 06:30:38 GMT  mp3-sync=OK
  206  L06 n11  bytes 0-3/338400  Last-Modified: Wed, 02 Sep 2026 06:30:43 GMT  mp3-sync=OK
  206  L06 n18  bytes 0-3/339840  Last-Modified: Wed, 02 Sep 2026 06:30:49 GMT  mp3-sync=OK
  206  L07 n3  bytes 0-3/345024  Last-Modified: Wed, 02 Sep 2026 06:30:54 GMT  mp3-sync=OK
  206  L07 n4  bytes 0-3/259488  Last-Modified: Wed, 02 Sep 2026 06:30:58 GMT  mp3-sync=OK
  206  L07 n19  bytes 0-3/364608  Last-Modified: Wed, 02 Sep 2026 06:31:04 GMT  mp3-sync=OK
  206  L08 n17  bytes 0-3/348480  Last-Modified: Wed, 02 Sep 2026 06:31:09 GMT  mp3-sync=OK
  206  L08 n18  bytes 0-3/349056  Last-Modified: Wed, 02 Sep 2026 06:31:14 GMT  mp3-sync=OK
  206  L08 n29  bytes 0-3/99072  Last-Modified: Wed, 02 Sep 2026 06:31:16 GMT  mp3-sync=OK
  206  L08 n32  bytes 0-3/405216  Last-Modified: Wed, 02 Sep 2026 06:31:22 GMT  mp3-sync=OK
  206  L08 n36  bytes 0-3/213696  Last-Modified: Wed, 02 Sep 2026 06:31:25 GMT  mp3-sync=OK

23/23 clips verified HTTP 200/206 with fresh audio.
