=== APPLY EDITS classical-civilisation-ocr/women-religion-and-power  14 edits  LIVE  2026-09-06T00:40:13.711Z
  ok   #0 L1.content_html [HIGH] F1: Athens observed the Thesmophoria over three days.
  ok   #1 L1.practice_questions[2].text [HIGH] F1: Correct the passage’s duration for the Athenian festival.
  ok   #2 L1.glossary_terms[3].definition [HIGH] F1: Correct the Athenian duration and avoid a false generalisation about other cities.
  ok   #3 L1.content_html [HIGH] F2: Herodotus names the Pythia Aristonike.
  ok   #12 L1.content_html [MEDIUM] F3 ruling: traditional account, hedged.
  PATCH L1: content_html, practice_questions, glossary_terms
  ok   #4 L2.content_html [MEDIUM] F4: Correct the allegation reported by Plutarch.
  PATCH L2: content_html
  ok   #13 L3.content_html [HIGH] F5 ruling: extension label; Cleopatra named as the prescribed figure.
  PATCH L3: content_html
  ok   #5 L4.content_html [HIGH] F6: Arruns attacks from an ambush, but the spear strikes Camilla in the breast.
  ok   #6 L4.practice_questions[2].text [HIGH] F6: Remove the inaccurate claim that the spear struck from behind.
  ok   #7 L4.knowledge_checks[1].options[1] [HIGH] F6: Correct the answer key for Camilla’s death.
  ok   #8 L4.content_html [MEDIUM] F7: The poem’s setting predates Rome; name Arruns accurately.
  PATCH L4: content_html, practice_questions, knowledge_checks
  ok   #9 L5.content_html [MEDIUM] F8: Sappho is a surviving ancient woman poet.
  ok   #10 L5.content_html [MEDIUM] F9: Fragments attributed to Cornelia survive in Cornelius Nepos manuscripts.
  ok   #11 L5.flashcard_questions[8].q [HIGH] F10: Against Neaira is an Athenian court speech.
  PATCH L5: content_html, flashcard_questions
=== 14 applied, 0 skipped, 5 lessons / 10 fields changed
