
=== RE-NARRATION (changed narrated text only) ===
backup: C:\Users\tshau\Documents\Study Vault\scripts\_retrofc\units\classical-civilisation-ocr__women-religion-and-power\_backup.json
unit:   classical-civilisation-ocr / women-religion-and-power
run: 2026-09-06T00:40:16Z  mode: LIVE

5 lessons, 9 clips to regenerate

  L01 (Ollie)  Women & Religion
      n4: Greek sanctuaries regularly appointed women to serve female deities, and sometimes male ones too. The hiereia 
             -> 558 KB, 47.6s, uploaded
      n5: The literary source Plutarch, writing in his essay On the Oracles at Delphi , describes the process in some de
             -> 458 KB, 39.1s, uploaded
      n8: Several major Athenian festivals required female participants. The Thesmophoria was one of the most widespread
             -> 491 KB, 41.9s, uploaded
      manifest updated (23 entries)
  L02 (Ada)  Women, Power & Exclusion
      n9: The seclusion of respectable Athenian women did not mean they had no influence at all. As household managers, 
             -> 663 KB, 56.6s, uploaded
      manifest updated (9 entries)
  L03 (Ollie)  Powerful Women of Rome
      n4: Livia Drusilla was the wife of Rome’s first emperor, Augustus, whom she married in 38 BC. She remained his wif
             -> 783 KB, 66.8s, uploaded
      manifest updated (20 entries)
  L04 (Ada)  Warrior Women
      n13: Virgil’s portrayal of Camilla is genuinely admiring: she is brave, skilled, and noble, and she dies heroically
             -> 518 KB, 44.2s, uploaded
      n15: Both Greek and Roman cultures produced warrior women who were admirable but ultimately defeated, and both used
             -> 697 KB, 59.5s, uploaded
      manifest updated (20 entries)
  L05 (Ollie)  Notable Women & the Sources
      n2: Most surviving texts about women were written by men. In Athens and Rome, literacy was predominantly a male ac
             -> 474 KB, 40.4s, uploaded
      n5: Cornelia was also known in antiquity for her education. The Roman author and lawyer Cicero praised the quality
             -> 399 KB, 34.0s, uploaded
      manifest updated (21 entries)

Regenerated 9 clips.

=== VERIFY (ranged GET + freshness) ===
  206  L01 n4  bytes 0-3/571392  Last-Modified: Sun, 06 Sep 2026 00:40:26 GMT  mp3-sync=OK
  206  L01 n5  bytes 0-3/468864  Last-Modified: Sun, 06 Sep 2026 00:40:33 GMT  mp3-sync=OK
  206  L01 n8  bytes 0-3/502560  Last-Modified: Sun, 06 Sep 2026 00:40:40 GMT  mp3-sync=OK
  206  L02 n9  bytes 0-3/679104  Last-Modified: Sun, 06 Sep 2026 00:40:49 GMT  mp3-sync=OK
  206  L03 n4  bytes 0-3/802080  Last-Modified: Sun, 06 Sep 2026 00:41:00 GMT  mp3-sync=OK
  206  L04 n13  bytes 0-3/530496  Last-Modified: Sun, 06 Sep 2026 00:41:08 GMT  mp3-sync=OK
  206  L04 n15  bytes 0-3/713952  Last-Modified: Sun, 06 Sep 2026 00:41:17 GMT  mp3-sync=OK
  206  L05 n2  bytes 0-3/484992  Last-Modified: Sun, 06 Sep 2026 00:41:24 GMT  mp3-sync=OK
  206  L05 n5  bytes 0-3/408096  Last-Modified: Sun, 06 Sep 2026 00:41:29 GMT  mp3-sync=OK

9/9 clips verified HTTP 200/206 with fresh audio.
