
=== RE-NARRATION (changed narrated text only) ===
backup: C:\Users\tshau\Documents\Study Vault\scripts\_retrofc\units\english-literature-edexcel__animal-farm\_backup.json
unit:   english-literature-edexcel / animal-farm
run: 2026-09-02T13:40:49Z  mode: LIVE
  L05: no narrated field changed -> skip

7 lessons, 15 clips to regenerate

  L01 (Ollie)  Context: The Russian Revolution & Orwell's Purpose
      n17: In the Edexcel post-1914 novel exam, you answer ONE essay question from a choice of two. Each question is prec
             -> 425 KB, 36.2s, uploaded
      n18: The Edexcel post-1914 novel essay is worth 40 marks (AO1 16, AO3 16, AO4 8). There is no AO2 in this section, 
             -> 442 KB, 37.8s, uploaded
      manifest updated (22 entries)
  L02 (Ada)  Chapters 1-3: The Rebellion
      n6: After Old Major dies, the animals drive Mr Jones from the farm. Nothing of the kind had been planned. Jones fa
             -> 377 KB, 32.2s, uploaded
      manifest updated (21 entries)
  L03 (Ollie)  Chapters 4-6: Napoleon's Rise
      n7: The nine dogs represent Stalin’s secret police (the NKVD, later the KGB). Napoleon takes them as puppies and r
             -> 476 KB, 40.6s, uploaded
      n10: Key Fact . Squealer uses several propaganda techniques: false statistics (“the production of every class of fo
             -> 303 KB, 25.8s, uploaded
      n16: When writing about Napoleon’s rise to power, focus on the methods he uses rather than just describing events. 
             -> 352 KB, 30.1s, uploaded
      manifest updated (20 entries)
  L04 (Ada)  Chapters 7-8: Terror & Purges
      n2: Chapters 7 and 8 represent the darkest phase of Animal Farm, mirroring the Great Purges of the 1930s under Sta
             -> 462 KB, 39.4s, uploaded
      n15: After the executions, Napoleon bans ‘Beasts of England’ and replaces it with a new song by Minimus the poet, w
             -> 407 KB, 34.7s, uploaded
      manifest updated (20 entries)
  L06 (Ada)  Character Analysis
      n15: The nine dogs are not characters in the traditional sense — they have no individual personalities, no dialogue
             -> 508 KB, 43.3s, uploaded
      n18: In the Edexcel exam, character questions ask you to explore what a character represents as well as what they d
             -> 414 KB, 35.3s, uploaded
      manifest updated (22 entries)
  L07 (Ollie)  Allegory & Symbolism
      n13: Moses flies off after Mrs Jones on the day of the Rebellion, and the pigs tell the animals his stories are lie
             -> 392 KB, 33.4s, uploaded
      n15: The song ‘Beasts of England’ functions as a powerful symbol that tracks the trajectory of the revolution. Taug
             -> 448 KB, 38.2s, uploaded
      n18: When writing about allegory and symbolism, avoid simply listing what each element represents. Instead, explain
             -> 355 KB, 30.3s, uploaded
      manifest updated (22 entries)
  L08 (Ada)  Key Themes & Exam Technique
      n14: You answer ONE essay question from a choice of two on Animal Farm. Each question starts with a short quotation
             -> 239 KB, 20.4s, uploaded
      n18: Remember: the Edexcel post-1914 novel essay tests AO1 (personal response + textual references), AO3 (context) 
             -> 627 KB, 53.5s, uploaded
      manifest updated (22 entries)

Regenerated 15 clips.

=== VERIFY (ranged GET + freshness) ===
  206  L01 n17  bytes 0-3/434880  Last-Modified: Wed, 02 Sep 2026 13:40:58 GMT  mp3-sync=OK
  206  L01 n18  bytes 0-3/453024  Last-Modified: Wed, 02 Sep 2026 13:41:04 GMT  mp3-sync=OK
  206  L02 n6  bytes 0-3/386208  Last-Modified: Wed, 02 Sep 2026 13:41:11 GMT  mp3-sync=OK
  206  L03 n7  bytes 0-3/487296  Last-Modified: Wed, 02 Sep 2026 13:41:20 GMT  mp3-sync=OK
  206  L03 n10  bytes 0-3/309888  Last-Modified: Wed, 02 Sep 2026 13:41:24 GMT  mp3-sync=OK
  206  L03 n16  bytes 0-3/360576  Last-Modified: Wed, 02 Sep 2026 13:41:30 GMT  mp3-sync=OK
  206  L04 n2  bytes 0-3/472608  Last-Modified: Wed, 02 Sep 2026 13:41:38 GMT  mp3-sync=OK
  206  L04 n15  bytes 0-3/416448  Last-Modified: Wed, 02 Sep 2026 13:41:44 GMT  mp3-sync=OK
  206  L06 n15  bytes 0-3/519840  Last-Modified: Wed, 02 Sep 2026 13:41:52 GMT  mp3-sync=OK
  206  L06 n18  bytes 0-3/423936  Last-Modified: Wed, 02 Sep 2026 13:41:59 GMT  mp3-sync=OK
  206  L07 n13  bytes 0-3/400896  Last-Modified: Wed, 02 Sep 2026 13:42:05 GMT  mp3-sync=OK
  206  L07 n15  bytes 0-3/458784  Last-Modified: Wed, 02 Sep 2026 13:42:11 GMT  mp3-sync=OK
  206  L07 n18  bytes 0-3/363744  Last-Modified: Wed, 02 Sep 2026 13:42:16 GMT  mp3-sync=OK
  206  L08 n14  bytes 0-3/244800  Last-Modified: Wed, 02 Sep 2026 13:42:21 GMT  mp3-sync=OK
  206  L08 n18  bytes 0-3/642528  Last-Modified: Wed, 02 Sep 2026 13:42:29 GMT  mp3-sync=OK

15/15 clips verified HTTP 200/206 with fresh audio.
