=== APPLY EDITS english-literature-edexcel/the-tempest  72 edits  LIVE  2026-09-02T13:09:30.854Z
  ok   #0 L1.practice_questions[1].marks [HIGH] F1: Edexcel Shakespeare is a two-part question, 20 + 20, not the 15 + 25 split of another board
  ok   #1 L1.practice_questions[1].type [HIGH] F1: Edexcel Shakespeare is a two-part question, 20 + 20, not the 15 + 25 split of another board
  ok   #2 L1.practice_questions[2].marks [HIGH] F1: Edexcel Shakespeare is a two-part question, 20 + 20, not the 15 + 25 split of another board
  ok   #3 L1.practice_questions[2].text [MEDIUM] F2: the stem copies another board's “extract and the play as a whole” formula; Edexcel part (b) asks how the t
  ok   #4 L1.practice_questions[2].type [HIGH] F1: Edexcel Shakespeare is a two-part question, 20 + 20, not the 15 + 25 split of another board
  ok   #5 L1.practice_questions[4].marks [HIGH] F1: Edexcel Shakespeare is a two-part question, 20 + 20, not the 15 + 25 split of another board
  ok   #6 L1.practice_questions[4].type [HIGH] F1: Edexcel Shakespeare is a two-part question, 20 + 20, not the 15 + 25 split of another board
  ok   #7 L1.practice_questions[5].marks [HIGH] F1: Edexcel Shakespeare is a two-part question, 20 + 20, not the 15 + 25 split of another board
  ok   #8 L1.practice_questions[5].type [HIGH] F1: Edexcel Shakespeare is a two-part question, 20 + 20, not the 15 + 25 split of another board
  PATCH L1: practice_questions
  ok   #9 L2.content_html [MEDIUM] F3: Prospero never says “in my trust”; the line is “my trust, / Like a good parent, did beget of him / A false
  ok   #10 L2.practice_questions[1].marks [HIGH] F1: Edexcel Shakespeare is a two-part question, 20 + 20, not the 15 + 25 split of another board
  ok   #11 L2.practice_questions[1].type [HIGH] F1: Edexcel Shakespeare is a two-part question, 20 + 20, not the 15 + 25 split of another board
  ok   #12 L2.practice_questions[2].marks [HIGH] F1: Edexcel Shakespeare is a two-part question, 20 + 20, not the 15 + 25 split of another board
  ok   #13 L2.practice_questions[2].text [MEDIUM] F2: the stem copies another board's “extract and the play as a whole” formula; Edexcel part (b) asks how the t
  ok   #14 L2.practice_questions[2].type [HIGH] F1: Edexcel Shakespeare is a two-part question, 20 + 20, not the 15 + 25 split of another board
  ok   #15 L2.practice_questions[4].marks [HIGH] F1: Edexcel Shakespeare is a two-part question, 20 + 20, not the 15 + 25 split of another board
  ok   #16 L2.practice_questions[4].type [HIGH] F1: Edexcel Shakespeare is a two-part question, 20 + 20, not the 15 + 25 split of another board
  ok   #17 L2.practice_questions[5].marks [HIGH] F1: Edexcel Shakespeare is a two-part question, 20 + 20, not the 15 + 25 split of another board
  ok   #18 L2.practice_questions[5].type [HIGH] F1: Edexcel Shakespeare is a two-part question, 20 + 20, not the 15 + 25 split of another board
  PATCH L2: content_html, practice_questions
  ok   #19 L3.content_html [MEDIUM] F4: Antonio does speak in Act 5 — “one of them / Is a plain fish, and no doubt marketable”; what he never does
  ok   #20 L3.content_html [LOW] F5: Sebastian and Antonio interrupt between the two halves; an ellipsis marks the cut so a student does not qu
  ok   #21 L3.flashcard_questions[8].a [MEDIUM] F4: Antonio speaks once in Act 5; he simply never replies to the forgiveness
  ok   #22 L3.practice_questions[1].marks [HIGH] F1: Edexcel Shakespeare is a two-part question, 20 + 20, not the 15 + 25 split of another board
  ok   #23 L3.practice_questions[1].type [HIGH] F1: Edexcel Shakespeare is a two-part question, 20 + 20, not the 15 + 25 split of another board
  ok   #24 L3.practice_questions[2].marks [HIGH] F1: Edexcel Shakespeare is a two-part question, 20 + 20, not the 15 + 25 split of another board
  ok   #25 L3.practice_questions[2].text [MEDIUM] F2: the stem copies another board's “extract and the play as a whole” formula; Edexcel part (b) asks how the t
  ok   #26 L3.practice_questions[2].type [HIGH] F1: Edexcel Shakespeare is a two-part question, 20 + 20, not the 15 + 25 split of another board
  ok   #27 L3.practice_questions[4].marks [HIGH] F1: Edexcel Shakespeare is a two-part question, 20 + 20, not the 15 + 25 split of another board
  ok   #28 L3.practice_questions[4].type [HIGH] F1: Edexcel Shakespeare is a two-part question, 20 + 20, not the 15 + 25 split of another board
  ok   #29 L3.practice_questions[5].marks [HIGH] F1: Edexcel Shakespeare is a two-part question, 20 + 20, not the 15 + 25 split of another board
  ok   #30 L3.practice_questions[5].type [HIGH] F1: Edexcel Shakespeare is a two-part question, 20 + 20, not the 15 + 25 split of another board
  PATCH L3: content_html, flashcard_questions, practice_questions
  ok   #31 L4.practice_questions[1].marks [HIGH] F1: Edexcel Shakespeare is a two-part question, 20 + 20, not the 15 + 25 split of another board
  ok   #32 L4.practice_questions[1].type [HIGH] F1: Edexcel Shakespeare is a two-part question, 20 + 20, not the 15 + 25 split of another board
  ok   #33 L4.practice_questions[2].marks [HIGH] F1: Edexcel Shakespeare is a two-part question, 20 + 20, not the 15 + 25 split of another board
  ok   #34 L4.practice_questions[2].text [MEDIUM] F2: the stem copies another board's “extract and the play as a whole” formula; Edexcel part (b) asks how the t
  ok   #35 L4.practice_questions[2].type [HIGH] F1: Edexcel Shakespeare is a two-part question, 20 + 20, not the 15 + 25 split of another board
  ok   #36 L4.practice_questions[4].marks [HIGH] F1: Edexcel Shakespeare is a two-part question, 20 + 20, not the 15 + 25 split of another board
  ok   #37 L4.practice_questions[4].type [HIGH] F1: Edexcel Shakespeare is a two-part question, 20 + 20, not the 15 + 25 split of another board
  ok   #38 L4.practice_questions[5].marks [HIGH] F1: Edexcel Shakespeare is a two-part question, 20 + 20, not the 15 + 25 split of another board
  ok   #39 L4.practice_questions[5].type [HIGH] F1: Edexcel Shakespeare is a two-part question, 20 + 20, not the 15 + 25 split of another board
  PATCH L4: practice_questions
  ok   #40 L5.content_html [LOW] F6: two lines (“To work mine end upon their senses that / This airy charm is for”) are cut without a mark
  ok   #41 L5.practice_questions[1].marks [HIGH] F1: Edexcel Shakespeare is a two-part question, 20 + 20, not the 15 + 25 split of another board
  ok   #42 L5.practice_questions[1].type [HIGH] F1: Edexcel Shakespeare is a two-part question, 20 + 20, not the 15 + 25 split of another board
  ok   #43 L5.practice_questions[2].marks [HIGH] F1: Edexcel Shakespeare is a two-part question, 20 + 20, not the 15 + 25 split of another board
  ok   #44 L5.practice_questions[2].text [MEDIUM] F2: the stem copies another board's “extract and the play as a whole” formula; Edexcel part (b) asks how the t
  ok   #45 L5.practice_questions[2].type [HIGH] F1: Edexcel Shakespeare is a two-part question, 20 + 20, not the 15 + 25 split of another board
  ok   #46 L5.practice_questions[4].marks [HIGH] F1: Edexcel Shakespeare is a two-part question, 20 + 20, not the 15 + 25 split of another board
  ok   #47 L5.practice_questions[4].type [HIGH] F1: Edexcel Shakespeare is a two-part question, 20 + 20, not the 15 + 25 split of another board
  ok   #48 L5.practice_questions[5].marks [HIGH] F1: Edexcel Shakespeare is a two-part question, 20 + 20, not the 15 + 25 split of another board
  ok   #49 L5.practice_questions[5].type [HIGH] F1: Edexcel Shakespeare is a two-part question, 20 + 20, not the 15 + 25 split of another board
  PATCH L5: content_html, practice_questions
  ok   #50 L6.content_html [MEDIUM] F4: Antonio is not silent in Act 5 — he speaks once, about Caliban; he never answers the forgiveness
  ok   #51 L6.flashcard_questions[10].q [LOW] F8: “Holy Gonzalo, honourable man” is Prospero's line about Gonzalo, not a line of Gonzalo's
  ok   #52 L6.knowledge_checks[3].q [LOW] F4: keeps the answer 'silence' true — Antonio does speak in Act 5, just not in reply to Prospero
  ok   #53 L6.practice_questions[1].marks [HIGH] F1: Edexcel Shakespeare is a two-part question, 20 + 20, not the 15 + 25 split of another board
  ok   #54 L6.practice_questions[1].type [HIGH] F1: Edexcel Shakespeare is a two-part question, 20 + 20, not the 15 + 25 split of another board
  ok   #55 L6.practice_questions[2].marks [HIGH] F1: Edexcel Shakespeare is a two-part question, 20 + 20, not the 15 + 25 split of another board
  ok   #56 L6.practice_questions[2].text [MEDIUM] F2: the stem copies another board's “extract and the play as a whole” formula; Edexcel part (b) asks how the t
  ok   #57 L6.practice_questions[2].type [HIGH] F1: Edexcel Shakespeare is a two-part question, 20 + 20, not the 15 + 25 split of another board
  ok   #58 L6.practice_questions[4].marks [HIGH] F1: Edexcel Shakespeare is a two-part question, 20 + 20, not the 15 + 25 split of another board
  ok   #59 L6.practice_questions[4].type [HIGH] F1: Edexcel Shakespeare is a two-part question, 20 + 20, not the 15 + 25 split of another board
  ok   #60 L6.practice_questions[5].marks [HIGH] F1: Edexcel Shakespeare is a two-part question, 20 + 20, not the 15 + 25 split of another board
  ok   #61 L6.practice_questions[5].type [HIGH] F1: Edexcel Shakespeare is a two-part question, 20 + 20, not the 15 + 25 split of another board
  PATCH L6: content_html, flashcard_questions, knowledge_checks, practice_questions
  ok   #62 L7.practice_questions[1].marks [HIGH] F1: Edexcel Shakespeare is a two-part question, 20 + 20, not the 15 + 25 split of another board
  ok   #63 L7.practice_questions[1].type [HIGH] F1: Edexcel Shakespeare is a two-part question, 20 + 20, not the 15 + 25 split of another board
  ok   #64 L7.practice_questions[2].marks [HIGH] F1: Edexcel Shakespeare is a two-part question, 20 + 20, not the 15 + 25 split of another board
  ok   #65 L7.practice_questions[2].text [MEDIUM] F2: the stem copies another board's “extract and the play as a whole” formula; Edexcel part (b) asks how the t
  ok   #66 L7.practice_questions[2].type [HIGH] F1: Edexcel Shakespeare is a two-part question, 20 + 20, not the 15 + 25 split of another board
  ok   #67 L7.practice_questions[3].marks [MEDIUM] F7: the question asks about Prospero's characterisation of Caliban, but only Stephano and Trinculo ever call h
  ok   #68 L7.practice_questions[4].marks [HIGH] F1: Edexcel Shakespeare is a two-part question, 20 + 20, not the 15 + 25 split of another board
  ok   #69 L7.practice_questions[4].type [HIGH] F1: Edexcel Shakespeare is a two-part question, 20 + 20, not the 15 + 25 split of another board
  ok   #70 L7.practice_questions[5].marks [HIGH] F1: Edexcel Shakespeare is a two-part question, 20 + 20, not the 15 + 25 split of another board
  ok   #71 L7.practice_questions[5].type [HIGH] F1: Edexcel Shakespeare is a two-part question, 20 + 20, not the 15 + 25 split of another board
  PATCH L7: practice_questions
=== 72 applied, 0 skipped, 7 lessons / 14 fields changed
