
=== RE-NARRATION (changed narrated text only) ===
backup: C:\Users\tshau\Documents\Study Vault\scripts\_retrofc\units\english-literature-edexcel__the-tempest\_backup.json
unit:   english-literature-edexcel / the-tempest
run: 2026-09-02T13:09:34Z  mode: LIVE
  L01: no narrated field changed -> skip
  L04: no narrated field changed -> skip
  L07: no narrated field changed -> skip

4 lessons, 5 clips to regenerate

  L02 (Ada)  The Storm, Prospero & Ariel
      n6: Act 1, Scene 2 is the longest scene in the play and serves as the exposition . Prospero tells Miranda their hi
             -> 299 KB, 25.5s, uploaded
      manifest updated (21 entries)
  L03 (Ollie)  Power Struggles & Rebellion
      n2: While the shipwrecked nobles explore the island, the elderly counsellor Gonzalo imagines an ideal commonwealth
             -> 304 KB, 26.0s, uploaded
      n7: Antonio is the play’s most morally unredeemed character. He shows no remorse for overthrowing his brother, and
             -> 278 KB, 23.7s, uploaded
      manifest updated (21 entries)
  L05 (Ollie)  The Masque, Forgiveness & Endings
      n6: In his most powerful soliloquy , Prospero catalogues his magical achievements: he has dimmed the sun, raised s
             -> 291 KB, 24.8s, uploaded
      manifest updated (20 entries)
  L06 (Ada)  Character Analysis
      n14: Antonio is the play’s most clearly villainous character. He overthrew his own brother, conspires to kill Alons
             -> 319 KB, 27.2s, uploaded
      manifest updated (21 entries)

Regenerated 5 clips.

=== VERIFY (ranged GET + freshness) ===
  206  L02 n6  bytes 0-3/306144  Last-Modified: Wed, 02 Sep 2026 13:09:41 GMT  mp3-sync=OK
  206  L03 n2  bytes 0-3/311616  Last-Modified: Wed, 02 Sep 2026 13:09:46 GMT  mp3-sync=OK
  206  L03 n7  bytes 0-3/284544  Last-Modified: Wed, 02 Sep 2026 13:09:51 GMT  mp3-sync=OK
  206  L05 n6  bytes 0-3/298080  Last-Modified: Wed, 02 Sep 2026 13:09:56 GMT  mp3-sync=OK
  206  L06 n14  bytes 0-3/326880  Last-Modified: Wed, 02 Sep 2026 13:10:01 GMT  mp3-sync=OK

5/5 clips verified HTTP 200/206 with fresh audio.
