=== APPLY EDITS english-literature-edexcel/refugee-boy  124 edits  LIVE  2026-09-02T11:53:56.504Z
  ok   #0 L1.practice_questions[0].marks [HIGH] F1: 40-mark post-1914 essay rewritten onto the real mark ladder (was a 20- or 10-mark ladder)
  ok   #1 L1.practice_questions[1].marks [HIGH] F1: 40-mark post-1914 essay rewritten onto the real mark ladder (was a 20- or 10-mark ladder)
  ok   #2 L1.practice_questions[2].marks [HIGH] F1: 40-mark post-1914 essay rewritten onto the real mark ladder (was a 20- or 10-mark ladder)
  ok   #3 L1.practice_questions[3].marks [HIGH] F1: 40-mark post-1914 essay rewritten onto the real mark ladder (was a 20- or 10-mark ladder)
  ok   #4 L1.practice_questions[4].marks [HIGH] F1: 40-mark post-1914 essay rewritten onto the real mark ladder (was a 20- or 10-mark ladder)
  ok   #5 L1.practice_questions[5].marks [HIGH] F1: 40-mark post-1914 essay rewritten onto the real mark ladder (was a 20- or 10-mark ladder)
  ok   #42 L1.content_html [LOW] F2: validator rejects an AO code immediately followed by a full stop
  ok   #43 L1.content_html [HIGH] F3: banned spec-code string
  ok   #44 L1.exam_tip_html [HIGH] F3 and F4: banned spec-code string; the paper offers a choice of two questions
  PATCH L1: practice_questions, content_html, exam_tip_html
  ok   #6 L2.practice_questions[0].marks [HIGH] F1: 40-mark post-1914 essay rewritten onto the real mark ladder (was a 20- or 10-mark ladder)
  ok   #7 L2.practice_questions[1].marks [HIGH] F1: 40-mark post-1914 essay rewritten onto the real mark ladder (was a 20- or 10-mark ladder)
  ok   #8 L2.practice_questions[2].marks [HIGH] F1: 40-mark post-1914 essay rewritten onto the real mark ladder (was a 20- or 10-mark ladder)
  ok   #9 L2.practice_questions[3].marks [HIGH] F1: 40-mark post-1914 essay rewritten onto the real mark ladder (was a 20- or 10-mark ladder)
  ok   #10 L2.practice_questions[4].marks [HIGH] F1: 40-mark post-1914 essay rewritten onto the real mark ladder (was a 20- or 10-mark ladder)
  ok   #11 L2.practice_questions[5].marks [HIGH] F1: 40-mark post-1914 essay rewritten onto the real mark ladder (was a 20- or 10-mark ladder)
  ok   #45 L2.content_html [HIGH] F5: the hotel is Mr Hardwick's, in London, and the play opens with a flashback to Alem and his father under th
  ok   #46 L2.content_html [HIGH] F6: the play is episodic, in numbered scenes played without an interval, not in three acts
  ok   #47 L2.content_html [HIGH] F6: no three-act structure
  ok   #48 L2.content_html [HIGH] F6: no three-act structure
  ok   #49 L2.content_html [HIGH] F6: no three-act structure
  ok   #50 L2.content_html [HIGH] F6: no three-act structure
  ok   #51 L2.conclusion_html [HIGH] F6: no three-act structure
  ok   #52 L2.practice_questions[1].text [HIGH] F6: no three-act structure
  ok   #53 L2.practice_questions[4].text [HIGH] F6: no three-act structure
  ok   #54 L2.knowledge_checks[4].q [HIGH] F6: no three-act structure
  ok   #55 L2.flashcard_questions[5].q [HIGH] F6: no three-act structure
  ok   #56 L2.flashcard_questions[10].q [HIGH] F6: no three-act structure
  PATCH L2: practice_questions, content_html, conclusion_html, knowledge_checks, flashcard_questions
  ok   #12 L3.practice_questions[0].marks [HIGH] F1: 40-mark post-1914 essay rewritten onto the real mark ladder (was a 20- or 10-mark ladder)
  ok   #13 L3.practice_questions[1].marks [HIGH] F1: 40-mark post-1914 essay rewritten onto the real mark ladder (was a 20- or 10-mark ladder)
  ok   #14 L3.practice_questions[2].marks [HIGH] F1: 40-mark post-1914 essay rewritten onto the real mark ladder (was a 20- or 10-mark ladder)
  ok   #15 L3.practice_questions[3].marks [HIGH] F1: 40-mark post-1914 essay rewritten onto the real mark ladder (was a 20- or 10-mark ladder)
  ok   #16 L3.practice_questions[4].marks [HIGH] F1: 40-mark post-1914 essay rewritten onto the real mark ladder (was a 20- or 10-mark ladder)
  ok   #17 L3.practice_questions[5].marks [HIGH] F1: 40-mark post-1914 essay rewritten onto the real mark ladder (was a 20- or 10-mark ladder)
  ok   #57 L3.content_html [HIGH] F7: Alem meets Mustapha and Sweeney in the children's care home, not at school
  ok   #58 L3.content_html [HIGH] F7: the racism Alem meets first comes from Sweeney in the care home; also fixes 'a ugly'
  ok   #59 L3.content_html [HIGH] F7: Sweeney is a bully in the care home
  ok   #60 L3.content_html [MEDIUM] F7: the friendship is built in the care home, where Mustapha had also been bullied by Sweeney
  ok   #61 L3.content_html [HIGH] F7: Mustapha and Sweeney are care-home characters
  ok   #62 L3.content_html [HIGH] F6: no three-act structure
  ok   #63 L3.content_html [HIGH] F6: no three-act structure
  ok   #64 L3.content_html [HIGH] F8: Ruth is the Fitzgeralds' daughter, not a social worker or case worker
  ok   #65 L3.conclusion_html [HIGH] F7: Mustapha and Sweeney are care-home characters
  ok   #66 L3.practice_questions[3].text [HIGH] F7: the racism scenes with Sweeney are set in the care home
  ok   #67 L3.practice_questions[4].text [HIGH] F8: Ruth is the Fitzgeralds' daughter, not part of the asylum system
  ok   #68 L3.practice_questions[5].text [MEDIUM] F7: the idea is not carried by school scenes alone
  ok   #69 L3.knowledge_checks[1].q [HIGH] F7: Alem meets Mustapha in the care home
  ok   #70 L3.knowledge_checks[2].q [HIGH] F7: Sweeney bullies Alem in the care home
  ok   #71 L3.flashcard_questions[2].q [HIGH] F7: Mustapha is a care-home friend
  ok   #72 L3.flashcard_questions[3].q [HIGH] F7: Sweeney is a care-home bully
  ok   #73 L3.flashcard_questions[5].a [HIGH] F8: Ruth is the Fitzgeralds' daughter
  ok   #74 L3.flashcard_questions[6].q [HIGH] F8: Ruth is family, not a state worker
  ok   #75 L3.flashcard_questions[6].a [HIGH] F8: Ruth is family, not a state worker
  ok   #76 L3.flashcard_questions[9].q [HIGH] F7: Mustapha and Sweeney are care-home characters
  ok   #77 L3.flashcard_questions[11].a [MEDIUM] F2: validator rejects an AO code immediately followed by a full stop
  ok   #78 L3.glossary_terms[1].definition [HIGH] F7
  ok   #79 L3.glossary_terms[3].definition [HIGH] F7
  ok   #80 L3.glossary_terms[5].definition [HIGH] F8
  PATCH L3: practice_questions, content_html, conclusion_html, knowledge_checks, flashcard_questions, glossary_terms
  ok   #18 L4.practice_questions[0].marks [HIGH] F1: 40-mark post-1914 essay rewritten onto the real mark ladder (was a 20- or 10-mark ladder)
  ok   #19 L4.practice_questions[1].marks [HIGH] F1: 40-mark post-1914 essay rewritten onto the real mark ladder (was a 20- or 10-mark ladder)
  ok   #20 L4.practice_questions[2].marks [HIGH] F1: 40-mark post-1914 essay rewritten onto the real mark ladder (was a 20- or 10-mark ladder)
  ok   #21 L4.practice_questions[3].marks [HIGH] F1: 40-mark post-1914 essay rewritten onto the real mark ladder (was a 20- or 10-mark ladder)
  ok   #22 L4.practice_questions[4].marks [HIGH] F1: 40-mark post-1914 essay rewritten onto the real mark ladder (was a 20- or 10-mark ladder)
  ok   #23 L4.practice_questions[5].marks [HIGH] F1: 40-mark post-1914 essay rewritten onto the real mark ladder (was a 20- or 10-mark ladder)
  ok   #81 L4.content_html [HIGH] F6: no three-act structure
  ok   #82 L4.content_html [HIGH] F6: no three-act structure
  ok   #83 L4.content_html [HIGH] F6: the play is episodic and non-linear, in numbered scenes played without an interval; there are no acts
  ok   #84 L4.conclusion_html [HIGH] F6: no three-act structure
  ok   #85 L4.content_html [HIGH] F9: Alem's mother is Mrs Kelo; 'Mariam' is a Refugee Council worker, not Alem's mother
  ok   #86 L4.exam_tip_html [HIGH] F3: banned spec-code string
  ok   #87 L4.practice_questions[2].text [HIGH] F6: no three-act structure
  ok   #88 L4.practice_questions[3].text [HIGH] F9: Alem's mother is Mrs Kelo, not Mariam
  ok   #89 L4.practice_questions[5].text [HIGH] F6: the play is episodic, not three-act
  ok   #90 L4.knowledge_checks[1].q [HIGH] F9
  ok   #91 L4.knowledge_checks[3].q [HIGH] F6
  ok   #92 L4.knowledge_checks[4].q [HIGH] F6
  ok   #93 L4.knowledge_checks[4].left [HIGH] F6
  ok   #94 L4.flashcard_questions[4].q [HIGH] F9
  ok   #95 L4.flashcard_questions[4].a [HIGH] F9
  ok   #96 L4.flashcard_questions[6].q [HIGH] F10: the question came from another text and did not match its own answer; no town features in Refugee Boy
  ok   #97 L4.flashcard_questions[10].q [HIGH] F6
  ok   #98 L4.flashcard_questions[10].a [HIGH] F6
  ok   #99 L4.glossary_terms[4].term [HIGH] F9
  PATCH L4: practice_questions, content_html, conclusion_html, exam_tip_html, knowledge_checks, flashcard_questions, glossary_terms
  ok   #24 L5.practice_questions[0].marks [HIGH] F1: 40-mark post-1914 essay rewritten onto the real mark ladder (was a 20- or 10-mark ladder)
  ok   #25 L5.practice_questions[1].marks [HIGH] F1: 40-mark post-1914 essay rewritten onto the real mark ladder (was a 20- or 10-mark ladder)
  ok   #26 L5.practice_questions[2].marks [HIGH] F1: 40-mark post-1914 essay rewritten onto the real mark ladder (was a 20- or 10-mark ladder)
  ok   #27 L5.practice_questions[3].marks [HIGH] F1: 40-mark post-1914 essay rewritten onto the real mark ladder (was a 20- or 10-mark ladder)
  ok   #28 L5.practice_questions[4].marks [HIGH] F1: 40-mark post-1914 essay rewritten onto the real mark ladder (was a 20- or 10-mark ladder)
  ok   #29 L5.practice_questions[5].marks [HIGH] F1: 40-mark post-1914 essay rewritten onto the real mark ladder (was a 20- or 10-mark ladder)
  ok   #100 L5.description [HIGH] F9
  ok   #101 L5.content_html [HIGH] F9
  ok   #102 L5.content_html [HIGH] F9
  ok   #103 L5.content_html [HIGH] F9
  ok   #104 L5.content_html [HIGH] F9
  ok   #105 L5.content_html [HIGH] F8: Ruth is the Fitzgeralds' daughter, not a case worker
  ok   #106 L5.content_html [HIGH] F8: Ruth is family, not part of the state
  ok   #107 L5.content_html [HIGH] F8
  ok   #108 L5.practice_questions[4].text [HIGH] F9
  ok   #109 L5.knowledge_checks[4].right [HIGH] F8: Ruth is the Fitzgeralds' daughter, not an institution
  ok   #110 L5.flashcard_questions[4].q [HIGH] F9 and F11: her name is Mrs Kelo, and she is alive at the start - her death comes later in the story
  ok   #111 L5.flashcard_questions[4].a [HIGH] F9
  ok   #112 L5.flashcard_questions[5].q [HIGH] F9
  ok   #113 L5.flashcard_questions[7].q [HIGH] F8
  ok   #114 L5.flashcard_questions[7].a [HIGH] F8
  PATCH L5: practice_questions, description, content_html, knowledge_checks, flashcard_questions
  ok   #30 L6.practice_questions[0].marks [HIGH] F1: 40-mark post-1914 essay rewritten onto the real mark ladder (was a 20- or 10-mark ladder)
  ok   #31 L6.practice_questions[1].marks [HIGH] F1: 40-mark post-1914 essay rewritten onto the real mark ladder (was a 20- or 10-mark ladder)
  ok   #32 L6.practice_questions[2].marks [HIGH] F1: 40-mark post-1914 essay rewritten onto the real mark ladder (was a 20- or 10-mark ladder)
  ok   #33 L6.practice_questions[3].marks [HIGH] F1: 40-mark post-1914 essay rewritten onto the real mark ladder (was a 20- or 10-mark ladder)
  ok   #34 L6.practice_questions[4].marks [HIGH] F1: 40-mark post-1914 essay rewritten onto the real mark ladder (was a 20- or 10-mark ladder)
  ok   #35 L6.practice_questions[5].marks [HIGH] F1: 40-mark post-1914 essay rewritten onto the real mark ladder (was a 20- or 10-mark ladder)
  ok   #115 L6.content_html [HIGH] F3: banned spec-code string
  ok   #116 L6.content_html [HIGH] F9
  ok   #117 L6.exam_tip_html [MEDIUM] F2: validator rejects an AO code immediately followed by a full stop
  ok   #118 L6.flashcard_questions[12].a [HIGH] F9
  PATCH L6: practice_questions, content_html, exam_tip_html, flashcard_questions
  ok   #36 L7.practice_questions[0].marks [HIGH] F1: 40-mark post-1914 essay rewritten onto the real mark ladder (was a 20- or 10-mark ladder)
  ok   #37 L7.practice_questions[1].marks [HIGH] F1: 40-mark post-1914 essay rewritten onto the real mark ladder (was a 20- or 10-mark ladder)
  ok   #38 L7.practice_questions[2].marks [HIGH] F1: 40-mark post-1914 essay rewritten onto the real mark ladder (was a 20- or 10-mark ladder)
  ok   #39 L7.practice_questions[3].marks [HIGH] F1: 40-mark post-1914 essay rewritten onto the real mark ladder (was a 20- or 10-mark ladder)
  ok   #40 L7.practice_questions[4].marks [HIGH] F1: 40-mark post-1914 essay rewritten onto the real mark ladder (was a 20- or 10-mark ladder)
  ok   #41 L7.practice_questions[5].marks [HIGH] F1: 40-mark post-1914 essay rewritten onto the real mark ladder (was a 20- or 10-mark ladder)
  ok   #119 L7.content_html [HIGH] F9
  ok   #120 L7.content_html [HIGH] F6
  ok   #121 L7.exam_tip_html [HIGH] F3: banned spec-code string
  ok   #122 L7.knowledge_checks[3].q [HIGH] F3: banned spec-code string
  ok   #123 L7.flashcard_questions[11].q [HIGH] F12: the question credited the stage version to Zephaniah; Lemn Sissay wrote the play
  PATCH L7: practice_questions, content_html, exam_tip_html, knowledge_checks, flashcard_questions
=== 124 applied, 0 skipped, 7 lessons / 35 fields changed
