
=== RE-NARRATION (changed narrated text only) ===
backup: C:\Users\tshau\Documents\Study Vault\scripts\_retrofc\units\english-literature-edexcel__refugee-boy\_backup.json
unit:   english-literature-edexcel / refugee-boy
run: 2026-09-02T11:53:59Z  mode: LIVE

7 lessons, 34 clips to regenerate

  L01 (Ollie)  Context: Refugees, Asylum & Modern Britain
      n15: Understanding the differences between novel and play is useful for AO3 (context). The stage adaptation makes A
             -> 167 KB, 14.3s, uploaded
      n17: When writing about context in the post-1914 play essay, you must connect contextual knowledge to specific mome
             -> 397 KB, 33.9s, uploaded
      n18: In the Edexcel post-1914 play essay, you choose one question from two. Each question is introduced by a short 
             -> 392 KB, 33.5s, uploaded
      manifest updated (22 entries)
  L02 (Ada)  Act 1: Alem's Abandonment
      n2: Early in the play Alem and his father, Mr Kelo , are staying at Mr Hardwick’s small hotel in London. For Alem,
             -> 332 KB, 28.3s, uploaded
      n6: The turning point of the opening scenes comes when Alem wakes to find his father gone. In his place is a lette
             -> 259 KB, 22.1s, uploaded
      n14: One of the most complex ideas in these opening scenes is the nature of Mr Kelo’s decision. He abandons his son
             -> 316 KB, 27.0s, uploaded
      n17: The Emotional Arc of the Opening Scenes
             -> 33 KB, 2.8s, uploaded
      n18: The opening scenes take Alem from security to total vulnerability in a compressed timeframe. The emotional arc
             -> 365 KB, 31.2s, uploaded
      n21: Mr Kelo’s abandonment of Alem is simultaneously an act of love and a devastating betrayal — this paradox drive
             -> 110 KB, 9.4s, uploaded
      manifest updated (23 entries)
  L03 (Ollie)  Act 2: The Foster Family & School
      n6: The children’s home is where Alem meets both the best and the worst of his new life. On one hand, he makes a g
             -> 273 KB, 23.3s, uploaded
      n7: On the other hand, the home exposes Alem to racism . Sweeney, another boy there, is hostile simply because Ale
             -> 292 KB, 24.9s, uploaded
      n11: Against the hostility, Sissay places moments of genuine human connection. Mustapha’s friendship with Alem is s
             -> 283 KB, 24.1s, uploaded
      n13: Key Fact . The play sets two responses to Alem side by side: friendship (Mustapha in the care home) and hostil
             -> 211 KB, 18.0s, uploaded
      n15: As the play goes on, Alem gradually adjusts to life in England. He learns the rhythms of school, the Fitzgeral
             -> 279 KB, 23.8s, uploaded
      n17: Ruth is the Fitzgeralds’ daughter. She shares her home with Alem, so the welcome he gets comes from the whole 
             -> 299 KB, 25.5s, uploaded
      n19: The dramatic tension of these middle scenes comes from the contrast between Alem’s growing sense of belonging 
             -> 334 KB, 28.5s, uploaded
      n23: The care-home scenes contrast friendship (Mustapha) with hostility (Sweeney), showing two opposing responses t
             -> 125 KB, 10.7s, uploaded
      manifest updated (24 entries)
  L04 (Ada)  Act 3: The Asylum Hearing & Resolution
      n2: The final scenes bring Alem face to face with the asylum tribunal — the legal hearing that will determine his 
             -> 247 KB, 21.1s, uploaded
      n14: Regardless of the tribunal’s outcome, Alem has already experienced profound loss. His father is gone. His moth
             -> 280 KB, 23.9s, uploaded
      n18: The Emotional Arc of the Final Scenes
             -> 32 KB, 2.7s, uploaded
      n19: Refugee Boy is not divided into acts. It runs as a chain of short scenes, played straight through, and it move
             -> 410 KB, 34.9s, uploaded
      n20: The tribunal scene is rich material for the Edexcel post-1914 play essay. Focus on how Sissay uses the shift i
             -> 360 KB, 30.7s, uploaded
      n23: Alem’s testimony is the emotional centrepiece of the closing scenes, exploiting the unique power of live theat
             -> 110 KB, 9.4s, uploaded
      manifest updated (24 entries)
  L05 (Ollie)  Character Analysis
      n8: Alem’s mother, Mrs Kelo, is largely absent from the play’s present-day action. She may appear in flashback seq
             -> 297 KB, 25.4s, uploaded
      n9: In exam essays, Alem’s mother can be discussed in terms of what she represents rather than what she does on st
             -> 241 KB, 20.6s, uploaded
      n17: Ruth is the Fitzgeralds’ daughter. She shares her home with Alem, so the welcome he gets comes from the whole 
             -> 270 KB, 23.0s, uploaded
      n18: In essays, Ruth can be compared with her parents. Mr and Mrs Fitzgerald choose to foster; Ruth simply finds a 
             -> 194 KB, 16.5s, uploaded
      n20: The characters in Refugee Boy are not just individuals — they represent different attitudes and systems. Mr Ke
             -> 412 KB, 35.2s, uploaded
      manifest updated (25 entries)
  L06 (Ada)  Staging & Dramatic Techniques
      n2: The Edexcel post-1914 play question tests your ability to analyse a play as a piece of drama — not just as a t
             -> 298 KB, 25.4s, uploaded
      n7: Flashbacks are used to show Alem’s life before England: his family together, his mother Mrs Kelo, and the esca
             -> 371 KB, 31.7s, uploaded
      n20: When analysing dramatic techniques, always follow this structure: name the technique, give a specific example 
             -> 372 KB, 31.8s, uploaded
      manifest updated (24 entries)
  L07 (Ollie)  Key Themes & Exam Technique
      n12: Family in Refugee Boy is both the source of deepest love and the site of deepest loss. Mr Kelo’s sacrifice sho
             -> 348 KB, 29.7s, uploaded
      n21: Step 2: Explore the theme across the play. Do not limit yourself to the quoted scene. Show how the theme devel
             -> 165 KB, 14.1s, uploaded
      n26: For the highest marks in the post-1914 play essay, your essay must do four things simultaneously: analyse lang
             -> 359 KB, 30.6s, uploaded
      manifest updated (30 entries)

Regenerated 34 clips.

=== VERIFY (ranged GET + freshness) ===
  206  L01 n15  bytes 0-3/171360  Last-Modified: Wed, 02 Sep 2026 11:54:04 GMT  mp3-sync=OK
  206  L01 n17  bytes 0-3/406368  Last-Modified: Wed, 02 Sep 2026 11:54:11 GMT  mp3-sync=OK
  206  L01 n18  bytes 0-3/401472  Last-Modified: Wed, 02 Sep 2026 11:54:18 GMT  mp3-sync=OK
  206  L02 n2  bytes 0-3/339840  Last-Modified: Wed, 02 Sep 2026 11:54:23 GMT  mp3-sync=OK
  206  L02 n6  bytes 0-3/264960  Last-Modified: Wed, 02 Sep 2026 11:54:28 GMT  mp3-sync=OK
  206  L02 n14  bytes 0-3/323712  Last-Modified: Wed, 02 Sep 2026 11:54:33 GMT  mp3-sync=OK
  206  L02 n17  bytes 0-3/33696  Last-Modified: Wed, 02 Sep 2026 11:54:34 GMT  mp3-sync=OK
  206  L02 n18  bytes 0-3/374112  Last-Modified: Wed, 02 Sep 2026 11:54:40 GMT  mp3-sync=OK
  206  L02 n21  bytes 0-3/112320  Last-Modified: Wed, 02 Sep 2026 11:54:42 GMT  mp3-sync=OK
  206  L03 n6  bytes 0-3/279072  Last-Modified: Wed, 02 Sep 2026 11:54:47 GMT  mp3-sync=OK
  206  L03 n7  bytes 0-3/299232  Last-Modified: Wed, 02 Sep 2026 11:54:52 GMT  mp3-sync=OK
  206  L03 n11  bytes 0-3/289440  Last-Modified: Wed, 02 Sep 2026 11:54:57 GMT  mp3-sync=OK
  206  L03 n13  bytes 0-3/216000  Last-Modified: Wed, 02 Sep 2026 11:55:00 GMT  mp3-sync=OK
  206  L03 n15  bytes 0-3/285984  Last-Modified: Wed, 02 Sep 2026 11:55:05 GMT  mp3-sync=OK
  206  L03 n17  bytes 0-3/305856  Last-Modified: Wed, 02 Sep 2026 11:55:10 GMT  mp3-sync=OK
  206  L03 n19  bytes 0-3/341568  Last-Modified: Wed, 02 Sep 2026 11:55:15 GMT  mp3-sync=OK
  206  L03 n23  bytes 0-3/127872  Last-Modified: Wed, 02 Sep 2026 11:55:18 GMT  mp3-sync=OK
  206  L04 n2  bytes 0-3/252576  Last-Modified: Wed, 02 Sep 2026 11:55:22 GMT  mp3-sync=OK
  206  L04 n14  bytes 0-3/286848  Last-Modified: Wed, 02 Sep 2026 11:55:27 GMT  mp3-sync=OK
  206  L04 n18  bytes 0-3/32544  Last-Modified: Wed, 02 Sep 2026 11:55:28 GMT  mp3-sync=OK
  206  L04 n19  bytes 0-3/419328  Last-Modified: Wed, 02 Sep 2026 11:55:35 GMT  mp3-sync=OK
  206  L04 n20  bytes 0-3/368352  Last-Modified: Wed, 02 Sep 2026 11:55:40 GMT  mp3-sync=OK
  206  L04 n23  bytes 0-3/112608  Last-Modified: Wed, 02 Sep 2026 11:55:42 GMT  mp3-sync=OK
  206  L05 n8  bytes 0-3/304416  Last-Modified: Wed, 02 Sep 2026 11:55:47 GMT  mp3-sync=OK
  206  L05 n9  bytes 0-3/247104  Last-Modified: Wed, 02 Sep 2026 11:55:51 GMT  mp3-sync=OK
  206  L05 n17  bytes 0-3/276480  Last-Modified: Wed, 02 Sep 2026 11:55:55 GMT  mp3-sync=OK
  206  L05 n18  bytes 0-3/198144  Last-Modified: Wed, 02 Sep 2026 11:55:59 GMT  mp3-sync=OK
  206  L05 n20  bytes 0-3/421920  Last-Modified: Wed, 02 Sep 2026 11:56:06 GMT  mp3-sync=OK
  206  L06 n2  bytes 0-3/305280  Last-Modified: Wed, 02 Sep 2026 11:56:12 GMT  mp3-sync=OK
  206  L06 n7  bytes 0-3/379872  Last-Modified: Wed, 02 Sep 2026 11:56:18 GMT  mp3-sync=OK
  206  L06 n20  bytes 0-3/381024  Last-Modified: Wed, 02 Sep 2026 11:56:23 GMT  mp3-sync=OK
  206  L07 n12  bytes 0-3/356544  Last-Modified: Wed, 02 Sep 2026 11:56:30 GMT  mp3-sync=OK
  206  L07 n21  bytes 0-3/169344  Last-Modified: Wed, 02 Sep 2026 11:56:33 GMT  mp3-sync=OK
  206  L07 n26  bytes 0-3/367200  Last-Modified: Wed, 02 Sep 2026 11:56:39 GMT  mp3-sync=OK

34/34 clips verified HTTP 200/206 with fresh audio.
