=== APPLY EDITS history-edexcel/american-west  133 edits  LIVE  2026-09-06T01:50:15.839Z
  ok   #0 L1.content_html [MEDIUM] F2: there is no 2026 edition of the specification; the current one is Issue 6, June 2024.
  ok   #1 L1.exam_tip_html [HIGH] F1/F3: the consequence question is 8 marks, not 4; 'examiners want' is an invented exam claim.
  ok   #2 L1.glossary_terms[1].definition [MEDIUM] F2: no 2026 edition of the specification exists.
  ok   #3 L1.flashcard_questions[6].q [MEDIUM] F7: a 'name three' question forces a list answer, which the validator rejects.
  ok   #4 L1.flashcard_questions[6].a [MEDIUM] F7: one idea per card.
  ok   #83 L1.practice_questions[0].type [HIGH] F1: the Edexcel period study sets ‘Explain two consequences of…’ at 8 marks, 4 for each consequence; this was 
  ok   #84 L1.practice_questions[0].marks [HIGH] F1: the Edexcel period study sets ‘Explain two consequences of…’ at 8 marks, 4 for each consequence; this was 
  ok   #85 L1.practice_questions[2].type [HIGH] F1: the Edexcel period study sets ‘Explain two consequences of…’ at 8 marks, 4 for each consequence; this was 
  ok   #86 L1.practice_questions[2].marks [HIGH] F1: the Edexcel period study sets ‘Explain two consequences of…’ at 8 marks, 4 for each consequence; this was 
  ok   #87 L1.practice_questions[4].type [HIGH] F1: the Edexcel period study sets ‘Explain two consequences of…’ at 8 marks, 4 for each consequence; this was 
  ok   #88 L1.practice_questions[4].marks [HIGH] F1: the Edexcel period study sets ‘Explain two consequences of…’ at 8 marks, 4 for each consequence; this was 
  PATCH L1: content_html, exam_tip_html, glossary_terms, flashcard_questions, practice_questions
  ok   #5 L2.content_html [MEDIUM] F2: no 2026 edition of the specification exists.
  ok   #6 L2.content_html [MEDIUM] F4: the Whitman wagon was abandoned at Fort Hall; it never reached the Columbia.
  ok   #7 L2.content_html [MEDIUM] F5: the Oregon Trail does not cross the Sierra Nevada; that is the California Trail.
  ok   #8 L2.content_html [MEDIUM] F2: no 2026 edition of the specification exists.
  ok   #9 L2.exam_tip_html [HIGH] F3: fabricated examiner-report citation.
  ok   #10 L2.exam_tip_html [HIGH] F1: the consequence question is 8 marks, not 4.
  ok   #11 L2.flashcard_questions[1].q [MEDIUM] F7: a 'three strands' question forces a list answer.
  ok   #12 L2.flashcard_questions[1].a [MEDIUM] F7: one idea per card.
  ok   #13 L2.flashcard_questions[2].q [MEDIUM] F2: no 2026 edition of the specification exists.
  ok   #14 L2.flashcard_questions[5].a [MEDIUM] F4: the wagon was abandoned at Fort Hall.
  ok   #15 L2.flashcard_questions[7].a [MEDIUM] F5: Oregon-bound trains did not cross the Sierra Nevada.
  ok   #89 L2.practice_questions[1].type [HIGH] F1: the Edexcel period study sets ‘Explain two consequences of…’ at 8 marks, 4 for each consequence; this was 
  ok   #90 L2.practice_questions[1].marks [HIGH] F1: the Edexcel period study sets ‘Explain two consequences of…’ at 8 marks, 4 for each consequence; this was 
  ok   #91 L2.practice_questions[3].type [HIGH] F1: the Edexcel period study sets ‘Explain two consequences of…’ at 8 marks, 4 for each consequence; this was 
  ok   #92 L2.practice_questions[3].marks [HIGH] F1: the Edexcel period study sets ‘Explain two consequences of…’ at 8 marks, 4 for each consequence; this was 
  ok   #93 L2.practice_questions[5].type [HIGH] F1: the Edexcel period study sets ‘Explain two consequences of…’ at 8 marks, 4 for each consequence; this was 
  ok   #94 L2.practice_questions[5].marks [HIGH] F1: the Edexcel period study sets ‘Explain two consequences of…’ at 8 marks, 4 for each consequence; this was 
  PATCH L2: content_html, exam_tip_html, flashcard_questions, practice_questions
  ok   #16 L3.content_html [HIGH] F3: fabricated examiner-report citation.
  ok   #17 L3.content_html [MEDIUM] F8: the Perpetual Emigrating Fund was launched in 1849, after the 1846-47 trek.
  ok   #18 L3.content_html [MEDIUM] F8: the emigration fund post-dates the 1846-47 trek.
  ok   #19 L3.content_html [MEDIUM] F8: the emigration fund post-dates the 1846-47 trek.
  ok   #20 L3.conclusion_html [MEDIUM] F8: the emigration fund post-dates the 1846-47 trek.
  ok   #21 L3.exam_tip_html [MEDIUM] F3: 'explicitly capped' is an invented mark-scheme rule.
  ok   #22 L3.flashcard_questions[12].q [MEDIUM] F7/F8: a 'name two' question forces a list answer, and the fund post-dates the trek.
  ok   #23 L3.flashcard_questions[12].a [MEDIUM] F7/F8: one idea per card; the fund post-dates the trek.
  ok   #95 L3.practice_questions[2].type [HIGH] F1: the Edexcel period study sets ‘Explain two consequences of…’ at 8 marks, 4 for each consequence; this was 
  ok   #96 L3.practice_questions[2].marks [HIGH] F1: the Edexcel period study sets ‘Explain two consequences of…’ at 8 marks, 4 for each consequence; this was 
  ok   #97 L3.practice_questions[5].type [HIGH] F1: the Edexcel period study sets ‘Explain two consequences of…’ at 8 marks, 4 for each consequence; this was 
  ok   #98 L3.practice_questions[5].marks [HIGH] F1: the Edexcel period study sets ‘Explain two consequences of…’ at 8 marks, 4 for each consequence; this was 
  PATCH L3: content_html, conclusion_html, exam_tip_html, flashcard_questions, practice_questions
  ok   #24 L4.content_html [MEDIUM] F10: the Trail of Tears of 1838-39 was the Cherokee removal; the other nations were removed at other dates.
  ok   #25 L4.content_html [MEDIUM] F2: no 2026 edition of the specification exists.
  ok   #26 L4.content_html [MEDIUM] F11: roughly half the forty-niners came by sea round Cape Horn or through Panama.
  ok   #27 L4.content_html [HIGH] F3: fabricated examiner-report citation.
  ok   #28 L4.exam_tip_html [MEDIUM] F3: 'examiners want' is an invented exam claim.
  ok   #29 L4.exam_tip_html [HIGH] F3/F1: fabricated examiner-report citation; the consequence question is 8 marks.
  ok   #30 L4.flashcard_questions[3].q [MEDIUM] F7: a 'name two' question forces a list answer.
  ok   #31 L4.flashcard_questions[3].a [MEDIUM] F7: one idea per card.
  ok   #99 L4.practice_questions[1].type [HIGH] F1: the Edexcel period study sets ‘Explain two consequences of…’ at 8 marks, 4 for each consequence; this was 
  ok   #100 L4.practice_questions[1].marks [HIGH] F1: the Edexcel period study sets ‘Explain two consequences of…’ at 8 marks, 4 for each consequence; this was 
  ok   #101 L4.practice_questions[3].type [HIGH] F1: the Edexcel period study sets ‘Explain two consequences of…’ at 8 marks, 4 for each consequence; this was 
  ok   #102 L4.practice_questions[3].marks [HIGH] F1: the Edexcel period study sets ‘Explain two consequences of…’ at 8 marks, 4 for each consequence; this was 
  ok   #103 L4.practice_questions[5].type [HIGH] F1: the Edexcel period study sets ‘Explain two consequences of…’ at 8 marks, 4 for each consequence; this was 
  ok   #104 L4.practice_questions[5].marks [HIGH] F1: the Edexcel period study sets ‘Explain two consequences of…’ at 8 marks, 4 for each consequence; this was 
  PATCH L4: content_html, exam_tip_html, flashcard_questions, practice_questions
  ok   #32 L5.content_html [MEDIUM] F13: the San Francisco committees targeted the Australian 'Sydney Ducks' and Irish Catholics, not Chinese or H
  ok   #33 L5.exam_tip_html [MEDIUM] F3: 'examiners reward' is an invented exam claim.
  ok   #34 L5.exam_tip_html [HIGH] F1: the consequence question is 8 marks, not 4.
  ok   #105 L5.practice_questions[0].type [HIGH] F1: the Edexcel period study sets ‘Explain two consequences of…’ at 8 marks, 4 for each consequence; this was 
  ok   #106 L5.practice_questions[0].marks [HIGH] F1: the Edexcel period study sets ‘Explain two consequences of…’ at 8 marks, 4 for each consequence; this was 
  ok   #107 L5.practice_questions[2].type [HIGH] F1: the Edexcel period study sets ‘Explain two consequences of…’ at 8 marks, 4 for each consequence; this was 
  ok   #108 L5.practice_questions[2].marks [HIGH] F1: the Edexcel period study sets ‘Explain two consequences of…’ at 8 marks, 4 for each consequence; this was 
  ok   #109 L5.practice_questions[4].type [HIGH] F1: the Edexcel period study sets ‘Explain two consequences of…’ at 8 marks, 4 for each consequence; this was 
  ok   #110 L5.practice_questions[4].marks [HIGH] F1: the Edexcel period study sets ‘Explain two consequences of…’ at 8 marks, 4 for each consequence; this was 
  PATCH L5: content_html, exam_tip_html, practice_questions
  ok   #35 L6.content_html [MEDIUM] F17: the ceremony was at Promontory Summit; Promontory Point is a different place further south.
  ok   #36 L6.content_html [MEDIUM] F16: the 1862 Act gave five sections each side (ten a mile, 6,400 acres); 1864 doubled it to twenty.
  ok   #37 L6.content_html [HIGH] F15: Judah died in November 1863, before any Chinese hiring; Stanford was the company president, not an engine
  ok   #38 L6.exam_tip_html [HIGH] F3: fabricated mark-scheme citation.
  ok   #39 L6.glossary_terms[0].definition [MEDIUM] F17: Promontory Summit is the correct place name.
  PATCH L6: content_html, exam_tip_html, glossary_terms
  ok   #40 L7.content_html [HIGH] F3: fabricated examiner-report citation.
  ok   #41 L7.exam_tip_html [HIGH] F3/F1: fabricated examiner-report citation; the consequence question is 8 marks.
  ok   #42 L7.exam_tip_html [MEDIUM] F3: 'explicitly caps you' is an invented mark-scheme rule.
  ok   #111 L7.practice_questions[0].type [HIGH] F1: the Edexcel period study sets ‘Explain two consequences of…’ at 8 marks, 4 for each consequence; this was 
  ok   #112 L7.practice_questions[0].marks [HIGH] F1: the Edexcel period study sets ‘Explain two consequences of…’ at 8 marks, 4 for each consequence; this was 
  ok   #113 L7.practice_questions[2].type [HIGH] F1: the Edexcel period study sets ‘Explain two consequences of…’ at 8 marks, 4 for each consequence; this was 
  ok   #114 L7.practice_questions[2].marks [HIGH] F1: the Edexcel period study sets ‘Explain two consequences of…’ at 8 marks, 4 for each consequence; this was 
  ok   #115 L7.practice_questions[4].type [HIGH] F1: the Edexcel period study sets ‘Explain two consequences of…’ at 8 marks, 4 for each consequence; this was 
  ok   #116 L7.practice_questions[4].marks [HIGH] F1: the Edexcel period study sets ‘Explain two consequences of…’ at 8 marks, 4 for each consequence; this was 
  PATCH L7: content_html, exam_tip_html, practice_questions
  ok   #43 L8.content_html [HIGH] F3: fabricated examiner-report citation.
  ok   #44 L8.content_html [HIGH] F18: four states entered the Union in 1889; the six-state total needs Idaho and Wyoming in 1890.
  ok   #45 L8.content_html [MEDIUM] F19: Earp was a town/deputy marshal, never a sheriff, and both men appear in Lesson 12.
  ok   #46 L8.conclusion_html [HIGH] F18: four states entered the Union in 1889.
  ok   #47 L8.exam_tip_html [HIGH] F3: fabricated examiner-report citation and quotation.
  ok   #48 L8.flashcard_questions[0].q [MEDIUM] F7: a 'three layers' question forces a list answer.
  ok   #49 L8.flashcard_questions[0].a [MEDIUM] F7: one idea per card.
  ok   #50 L8.flashcard_questions[13].q [MEDIUM] F7: the old question forces a three-item list answer.
  ok   #51 L8.flashcard_questions[13].a [MEDIUM] F7: one idea per card.
  ok   #117 L8.practice_questions[1].type [HIGH] F1: the Edexcel period study sets ‘Explain two consequences of…’ at 8 marks, 4 for each consequence; this was 
  ok   #118 L8.practice_questions[1].marks [HIGH] F1: the Edexcel period study sets ‘Explain two consequences of…’ at 8 marks, 4 for each consequence; this was 
  ok   #119 L8.practice_questions[5].type [HIGH] F1: the Edexcel period study sets ‘Explain two consequences of…’ at 8 marks, 4 for each consequence; this was 
  ok   #120 L8.practice_questions[5].marks [HIGH] F1: the Edexcel period study sets ‘Explain two consequences of…’ at 8 marks, 4 for each consequence; this was 
  PATCH L8: content_html, conclusion_html, exam_tip_html, flashcard_questions, practice_questions
  ok   #52 L9.content_html [HIGH] F3: fabricated mark-scheme citation.
  ok   #53 L9.content_html [MEDIUM] F21: historians put Black cowboys at up to a quarter (about 5,000 men); a third-plus-a-third doubles the accep
  ok   #54 L9.conclusion_html [MEDIUM] F21: corrected cowboy demographics.
  ok   #55 L9.exam_tip_html [HIGH] F3: fabricated mark-scheme citation.
  ok   #56 L9.exam_tip_html [HIGH] F3: fabricated examiner-report citation.
  ok   #57 L9.knowledge_checks[3].q [MEDIUM] F21: corrected cowboy demographics; the answer is unchanged.
  ok   #58 L9.flashcard_questions[11].a [MEDIUM] F21: corrected cowboy demographics.
  ok   #59 L9.flashcard_questions[5].q [MEDIUM] F7: the old question forces a three-item list answer.
  ok   #60 L9.flashcard_questions[5].a [MEDIUM] F7: one idea per card.
  ok   #121 L9.practice_questions[5].type [HIGH] F1: the Edexcel period study sets ‘Explain two consequences of…’ at 8 marks, 4 for each consequence; this was 
  ok   #122 L9.practice_questions[5].marks [HIGH] F1: the Edexcel period study sets ‘Explain two consequences of…’ at 8 marks, 4 for each consequence; this was 
  PATCH L9: content_html, conclusion_html, exam_tip_html, knowledge_checks, flashcard_questions, practice_questions
  ok   #61 L10.content_html [MEDIUM] F24: the wording survives only in a 1907 memoir, so it should be reported speech, not a quotation.
  ok   #62 L10.content_html [MEDIUM] F2: no 2026 edition of the specification exists.
  ok   #63 L10.content_html [MEDIUM] F23: Bozeman and Jacobs scouted the route in 1863 and took the first wagon train through in 1864.
  ok   #64 L10.content_html [HIGH] F3: fabricated examiner-report citation.
  ok   #65 L10.content_html [MEDIUM] F3: 'examiners reward' is an invented exam claim.
  ok   #66 L10.exam_tip_html [HIGH] F3: fabricated examiner-report citation and quotation.
  ok   #67 L10.exam_tip_html [HIGH] F3/F2: fabricated examiner-report citation; no 2026 edition of the specification exists.
  ok   #68 L10.flashcard_questions[13].q [MEDIUM] F2: no 2026 edition of the specification exists.
  ok   #69 L10.flashcard_questions[13].a [MEDIUM] F7: the old answer was a list of six nations.
  ok   #123 L10.practice_questions[2].type [HIGH] F1: the Edexcel period study sets ‘Explain two consequences of…’ at 8 marks, 4 for each consequence; this was 
  ok   #124 L10.practice_questions[2].marks [HIGH] F1: the Edexcel period study sets ‘Explain two consequences of…’ at 8 marks, 4 for each consequence; this was 
  ok   #125 L10.practice_questions[5].type [HIGH] F1: the Edexcel period study sets ‘Explain two consequences of…’ at 8 marks, 4 for each consequence; this was 
  ok   #126 L10.practice_questions[5].marks [HIGH] F1: the Edexcel period study sets ‘Explain two consequences of…’ at 8 marks, 4 for each consequence; this was 
  PATCH L10: content_html, exam_tip_html, flashcard_questions, practice_questions
  ok   #70 L11.content_html [HIGH] F3: fabricated examiner-report citation.
  ok   #71 L11.exam_tip_html [HIGH] F3: fabricated examiner-report and past-paper citation.
  ok   #72 L11.flashcard_questions[10].a [MEDIUM] F7: the old answer was a three-item list.
  ok   #127 L11.practice_questions[5].type [HIGH] F1: the Edexcel period study sets ‘Explain two consequences of…’ at 8 marks, 4 for each consequence; this was 
  ok   #128 L11.practice_questions[5].marks [HIGH] F1: the Edexcel period study sets ‘Explain two consequences of…’ at 8 marks, 4 for each consequence; this was 
  PATCH L11: content_html, exam_tip_html, flashcard_questions, practice_questions
  ok   #73 L12.content_html [HIGH] F3: fabricated examiner-report citation.
  ok   #74 L12.content_html [HIGH] F26: there was no jury trial and no acquittal; the prosecution collapsed over costs in January 1893.
  ok   #75 L12.content_html [HIGH] F26: no jury trial took place.
  ok   #76 L12.conclusion_html [HIGH] F26: no jury trial took place, and a jury cannot prevent a massacre.
  ok   #77 L12.exam_tip_html [HIGH] F3: fabricated examiner-report citation.
  ok   #78 L12.flashcard_questions[12].q [HIGH] F26: there was no verdict.
  ok   #79 L12.flashcard_questions[12].a [HIGH] F26: the prosecution collapsed over costs; there was no jury verdict.
  ok   #129 L12.practice_questions[5].type [HIGH] F1: the Edexcel period study sets ‘Explain two consequences of…’ at 8 marks, 4 for each consequence; this was 
  ok   #130 L12.practice_questions[5].marks [HIGH] F1: the Edexcel period study sets ‘Explain two consequences of…’ at 8 marks, 4 for each consequence; this was 
  PATCH L12: content_html, conclusion_html, exam_tip_html, flashcard_questions, practice_questions
  ok   #80 L13.content_html [MEDIUM] F28: the specification names the Oklahoma Land Rush of 1893, so it must be dated and named in the lesson.
  ok   #81 L13.content_html [HIGH] F3: invented examiner-report quotation; the specification's own wording is accurate and is used instead.
  ok   #82 L13.exam_tip_html [HIGH] F3/F1: fabricated past-paper and mark-scheme citation; the consequence question is 8 marks.
  ok   #131 L13.practice_questions[5].type [HIGH] F1: the Edexcel period study sets ‘Explain two consequences of…’ at 8 marks, 4 for each consequence; this was 
  ok   #132 L13.practice_questions[5].marks [HIGH] F1: the Edexcel period study sets ‘Explain two consequences of…’ at 8 marks, 4 for each consequence; this was 
  PATCH L13: content_html, exam_tip_html, practice_questions
=== 133 applied, 0 skipped, 13 lessons / 54 fields changed
