
=== RE-NARRATION (changed narrated text only) ===
backup: C:\Users\tshau\Documents\Study Vault\scripts\_retrofc\units\history-edexcel__american-west\_backup.json
unit:   history-edexcel / american-west
run: 2026-09-06T01:50:20Z  mode: LIVE

13 lessons, 50 clips to regenerate

  L01 (Ollie)  The Plains Nations: Beliefs and Way of Life
      n3: The Edexcel specification reflects this by using the term Indigenous peoples . The change matters: it signals 
             -> 234 KB, 20.0s, uploaded
      n19: The consequence question asks for two consequences and is worth 8 marks, four for each one. Give each conseque
             -> 429 KB, 36.6s, uploaded
      manifest updated (23 entries)
  L02 (Ada)  Manifest Destiny and the Pull of the West
      n2: In the summer of 1845 a New York editor named John O’Sullivan coined the phrase Manifest Destiny . Writing in 
             -> 333 KB, 28.4s, uploaded
      n9: The route west that opened first ran 2,000 miles from Independence, Missouri across the prairies, through the 
             -> 452 KB, 38.5s, uploaded
      n10: Speed was everything. Trains had to cross the Rockies at South Pass and then the Blue Mountains of Oregon befo
             -> 350 KB, 29.9s, uploaded
      n11: A common student error is to write that Manifest Destiny was about ‘filling empty land’. The Great Plains, the
             -> 410 KB, 35.0s, uploaded
      n19: For an 8-mark Explain the Importance question on the California Gold Rush, write about what the Rush caused, n
             -> 513 KB, 43.8s, uploaded
      manifest updated (23 entries)
  L03 (Ollie)  Mountain Men, the Donner Party and the Mormon Trek
      n9: Students often write that the party were ‘unlucky’ with snow and stop there. The stronger answer stresses link
             -> 384 KB, 32.8s, uploaded
      n14: Young deliberately chose somewhere no one else wanted: the basin of the Great Salt Lake, in Mexican territory 
             -> 377 KB, 32.2s, uploaded
      n16: Three differences explain the gap. First, leadership: Brigham Young exercised firm authority over a religious 
             -> 445 KB, 37.9s, uploaded
      n17: Key Fact . The Mormon Trek of 1846–47 covered 1,300 miles from Nauvoo to the Salt Lake Valley under Brigham Yo
             -> 197 KB, 16.8s, uploaded
      n18: For an 8-mark Analytical Narrative on the Donner Party expedition, do not list events — chain them. Use sequen
             -> 460 KB, 39.2s, uploaded
      n22: The Mormon migration of 1846–47 succeeded under Brigham Young’s leadership through pioneer companies, way stat
             -> 143 KB, 12.2s, uploaded
      manifest updated (22 entries)
  L04 (Ada)  The Permanent Indian Frontier and the First Fort Laramie Treaty
      n2: By the 1830s the United States had a settled answer to what it called ‘the Indian question’: removal. The 1830
             -> 396 KB, 33.8s, uploaded
      n3: Out of removal grew the idea of the Permanent Indian Frontier . This was a line drawn on maps from the 1830s, 
             -> 377 KB, 32.2s, uploaded
      n6: By 1851 the line was dead in everything but name. Three pressures had broken it. The first was migration: from
             -> 433 KB, 36.9s, uploaded
      n14: No. Confusing the two is one of the easiest ways to lose marks on this topic. From this lesson on, every refer
             -> 411 KB, 35.1s, uploaded
      n18: For an 8-mark Explain the Importance question on the first Fort Laramie Treaty (1851), build every paragraph a
             -> 491 KB, 41.9s, uploaded
      manifest updated (22 entries)
  L05 (Ollie)  Lawlessness in the Early West
      n14: Vigilance committees were welcomed by frightened residents, but they had obvious problems. Their trials had no
             -> 378 KB, 32.2s, uploaded
      n21: For an 8-mark narrative account on lawlessness in the early West, LINKED reasoning scores far better than thre
             -> 497 KB, 42.4s, uploaded
      manifest updated (25 entries)
  L06 (Ada)  Railroads and the Pacific Railroad Act
      n6: No private investor would have built the line on commercial terms alone. The 1862 Act and its 1864 amendment o
             -> 548 KB, 46.8s, uploaded
      n9: The build was a feat of engineering that required two very different labour forces. The Central Pacific, worki
             -> 505 KB, 43.1s, uploaded
      n19: For the 8-mark Explain the Importance question on the railroad, write LINKED chains, not lists of facts. Build
             -> 539 KB, 46.0s, uploaded
      manifest updated (23 entries)
  L07 (Ollie)  Homesteaders: The Homestead Act and the Timber Culture Act
      n11: A common error on the consequence question is to say that Indigenous peoples of the Plains could claim 160 acr
             -> 453 KB, 38.7s, uploaded
      n18: The consequence question on the Homestead Act is worth 8 marks, four for each consequence. Two errors cost mar
             -> 505 KB, 43.1s, uploaded
      manifest updated (23 entries)
  L08 (Ada)  Establishing Law and Order on the Plains
      n11: A weak narrative paints the West as wild and ungoverned until heroic sheriffs arrived. The reality is more int
             -> 469 KB, 40.0s, uploaded
      n17: A territory was a federal possession run from Washington. A state was a self-governing member of the Union wit
             -> 498 KB, 42.5s, uploaded
      n18: Statehood did not end frontier crime overnight. The Johnson County War of 1892 in Wyoming — only two years a s
             -> 425 KB, 36.2s, uploaded
      n20: For an 8-mark Explain the Importance question on federal government and law and order, vague generalisations a
             -> 530 KB, 45.2s, uploaded
      n24: Statehood — Nebraska 1867, Colorado 1876, four states in 1889 — was the milestone that shifted authority from 
             -> 247 KB, 21.1s, uploaded
      manifest updated (24 entries)
  L09 (Ollie)  The Cattle Industry and the Cowboy
      n11: Iliff, McCoy and Goodnight are NAMED in the specification — they will appear in 8-mark ‘Explain the Importance
             -> 490 KB, 41.9s, uploaded
      n16: The Hollywood cowboy of the 20th century was overwhelmingly white. The historical cowboy was not. Up to a quar
             -> 304 KB, 26.0s, uploaded
      n22: Iliff, McCoy and Goodnight are named in the specification, which means they will appear in 8-mark Explain the 
             -> 503 KB, 42.9s, uploaded
      n26: Up to a quarter of Plains cowboys were Black and many more were Hispanic, working in a Mexican vaquero traditi
             -> 161 KB, 13.8s, uploaded
      manifest updated (26 entries)
  L10 (Ada)  Settler Pressure: Railroads, Cattle, Gold and the Indigenous Plains
      n7: From the trains themselves, sport shooters fired into the herds for entertainment as carriages rolled past. Fr
             -> 559 KB, 47.7s, uploaded
      n11: Weaker answers refer to ‘the Sioux’ as if all Plains nations were one. They were not. The Lakota Sioux, Cheyen
             -> 466 KB, 39.8s, uploaded
      n14: The pattern repeated. In 1863 the prospector John Bozeman blazed a trail north from the Oregon Trail to the ne
             -> 511 KB, 43.6s, uploaded
      n15: Students regularly mix up the two Fort Laramie Treaties — an error that keeps Q3 answers in the lower bands. T
             -> 558 KB, 47.6s, uploaded
      n18: By the late 1870s, dependence on government rations — with the buffalo gone, the open range fenced and the Bla
             -> 264 KB, 22.5s, uploaded
      n20: For the 8-mark narrative account, three paragraphs that do not link stay in the lower bands. Treat the impacts
             -> 483 KB, 41.3s, uploaded
      manifest updated (24 entries)
  L11 (Ollie)  Indian Wars: Little Crow, Sand Creek and Red Cloud
      n16: This confusion is one of the most common errors on questions about the early Plains wars. The first Fort Laram
             -> 495 KB, 42.2s, uploaded
      n21: For 8-mark Explain the Importance questions on these wars, show consequences, not description. Two errors cost
             -> 525 KB, 44.8s, uploaded
      manifest updated (25 entries)
  L12 (Ada)  Cattle's End, the Range Wars and Frontier Law and Order
      n17: The narrative account question punishes answers that drift outside the dates it gives you. A question on the c
             -> 450 KB, 38.4s, uploaded
      n20: The expedition reached Wyoming in early April 1892 and killed two suspected rustlers at the KC Ranch before be
             -> 524 KB, 44.7s, uploaded
      n21: Key Fact . The Johnson County War (April 1892) saw the Wyoming Stock Growers Association hire 50 Texas gunmen 
             -> 359 KB, 30.6s, uploaded
      n22: For an 8-mark Analytical Narrative on the cattle industry c1876–c1890, the top band goes to answers that link 
             -> 434 KB, 37.0s, uploaded
      n26: The Johnson County War of April 1892 saw the Wyoming Stock Growers Association hire 50 Texas gunmen against su
             -> 240 KB, 20.5s, uploaded
      manifest updated (26 entries)
  L13 (Ollie)  Wounded Knee, the Dawes Act and the End of the Frontier
      n13: Ten years later, settlement reached its most theatrical moment. On 22 April 1889 around 50,000 settlers raced 
             -> 405 KB, 34.6s, uploaded
      n17: On this paper ‘importance’ means impact on what came AFTER. The specification defines the question as being ab
             -> 402 KB, 34.3s, uploaded
      n25: For 8-mark Explain the Importance questions on this lesson’s topics, write consequences, not narration. On an 
             -> 530 KB, 45.2s, uploaded
      manifest updated (29 entries)

Regenerated 50 clips.

=== VERIFY (ranged GET + freshness) ===
  206  L01 n3  bytes 0-3/239616  Last-Modified: Sun, 06 Sep 2026 01:50:30 GMT  mp3-sync=OK
  206  L01 n19  bytes 0-3/439200  Last-Modified: Sun, 06 Sep 2026 01:50:37 GMT  mp3-sync=OK
  206  L02 n2  bytes 0-3/340704  Last-Modified: Sun, 06 Sep 2026 01:50:43 GMT  mp3-sync=OK
  206  L02 n9  bytes 0-3/462528  Last-Modified: Sun, 06 Sep 2026 01:50:49 GMT  mp3-sync=OK
  206  L02 n10  bytes 0-3/358560  Last-Modified: Sun, 06 Sep 2026 01:50:54 GMT  mp3-sync=OK
  206  L02 n11  bytes 0-3/420192  Last-Modified: Sun, 06 Sep 2026 01:51:01 GMT  mp3-sync=OK
  206  L02 n19  bytes 0-3/525024  Last-Modified: Sun, 06 Sep 2026 01:51:08 GMT  mp3-sync=OK
  206  L03 n9  bytes 0-3/393408  Last-Modified: Sun, 06 Sep 2026 01:51:14 GMT  mp3-sync=OK
  206  L03 n14  bytes 0-3/386496  Last-Modified: Sun, 06 Sep 2026 01:51:20 GMT  mp3-sync=OK
  206  L03 n16  bytes 0-3/455328  Last-Modified: Sun, 06 Sep 2026 01:51:27 GMT  mp3-sync=OK
  206  L03 n17  bytes 0-3/201600  Last-Modified: Sun, 06 Sep 2026 01:51:30 GMT  mp3-sync=OK
  206  L03 n18  bytes 0-3/470880  Last-Modified: Sun, 06 Sep 2026 01:51:38 GMT  mp3-sync=OK
  206  L03 n22  bytes 0-3/146304  Last-Modified: Sun, 06 Sep 2026 01:51:42 GMT  mp3-sync=OK
  206  L04 n2  bytes 0-3/405792  Last-Modified: Sun, 06 Sep 2026 01:51:48 GMT  mp3-sync=OK
  206  L04 n3  bytes 0-3/385920  Last-Modified: Sun, 06 Sep 2026 01:51:54 GMT  mp3-sync=OK
  206  L04 n6  bytes 0-3/443232  Last-Modified: Sun, 06 Sep 2026 01:52:02 GMT  mp3-sync=OK
  206  L04 n14  bytes 0-3/420768  Last-Modified: Sun, 06 Sep 2026 01:52:08 GMT  mp3-sync=OK
  206  L04 n18  bytes 0-3/502560  Last-Modified: Sun, 06 Sep 2026 01:52:14 GMT  mp3-sync=OK
  206  L05 n14  bytes 0-3/386784  Last-Modified: Sun, 06 Sep 2026 01:52:19 GMT  mp3-sync=OK
  206  L05 n21  bytes 0-3/508896  Last-Modified: Sun, 06 Sep 2026 01:52:27 GMT  mp3-sync=OK
  206  L06 n6  bytes 0-3/561024  Last-Modified: Sun, 06 Sep 2026 01:52:34 GMT  mp3-sync=OK
  206  L06 n9  bytes 0-3/517248  Last-Modified: Sun, 06 Sep 2026 01:52:42 GMT  mp3-sync=OK
  206  L06 n19  bytes 0-3/552096  Last-Modified: Sun, 06 Sep 2026 01:52:50 GMT  mp3-sync=OK
  206  L07 n11  bytes 0-3/464256  Last-Modified: Sun, 06 Sep 2026 01:52:56 GMT  mp3-sync=OK
  206  L07 n18  bytes 0-3/516672  Last-Modified: Sun, 06 Sep 2026 01:53:03 GMT  mp3-sync=OK
  206  L08 n11  bytes 0-3/480096  Last-Modified: Sun, 06 Sep 2026 01:53:10 GMT  mp3-sync=OK
  206  L08 n17  bytes 0-3/509760  Last-Modified: Sun, 06 Sep 2026 01:53:17 GMT  mp3-sync=OK
  206  L08 n18  bytes 0-3/434880  Last-Modified: Sun, 06 Sep 2026 01:53:22 GMT  mp3-sync=OK
  206  L08 n20  bytes 0-3/542880  Last-Modified: Sun, 06 Sep 2026 01:53:29 GMT  mp3-sync=OK
  206  L08 n24  bytes 0-3/252864  Last-Modified: Sun, 06 Sep 2026 01:53:33 GMT  mp3-sync=OK
  206  L09 n11  bytes 0-3/502272  Last-Modified: Sun, 06 Sep 2026 01:53:41 GMT  mp3-sync=OK
  206  L09 n16  bytes 0-3/311616  Last-Modified: Sun, 06 Sep 2026 01:53:45 GMT  mp3-sync=OK
  206  L09 n22  bytes 0-3/515232  Last-Modified: Sun, 06 Sep 2026 01:53:53 GMT  mp3-sync=OK
  206  L09 n26  bytes 0-3/165024  Last-Modified: Sun, 06 Sep 2026 01:53:56 GMT  mp3-sync=OK
  206  L10 n7  bytes 0-3/572256  Last-Modified: Sun, 06 Sep 2026 01:54:04 GMT  mp3-sync=OK
  206  L10 n11  bytes 0-3/477216  Last-Modified: Sun, 06 Sep 2026 01:54:11 GMT  mp3-sync=OK
  206  L10 n14  bytes 0-3/523584  Last-Modified: Sun, 06 Sep 2026 01:54:18 GMT  mp3-sync=OK
  206  L10 n15  bytes 0-3/571392  Last-Modified: Sun, 06 Sep 2026 01:54:26 GMT  mp3-sync=OK
  206  L10 n18  bytes 0-3/270432  Last-Modified: Sun, 06 Sep 2026 01:54:30 GMT  mp3-sync=OK
  206  L10 n20  bytes 0-3/495072  Last-Modified: Sun, 06 Sep 2026 01:54:36 GMT  mp3-sync=OK
  206  L11 n16  bytes 0-3/506880  Last-Modified: Sun, 06 Sep 2026 01:54:44 GMT  mp3-sync=OK
  206  L11 n21  bytes 0-3/537696  Last-Modified: Sun, 06 Sep 2026 01:54:52 GMT  mp3-sync=OK
  206  L12 n17  bytes 0-3/460800  Last-Modified: Sun, 06 Sep 2026 01:54:59 GMT  mp3-sync=OK
  206  L12 n20  bytes 0-3/536256  Last-Modified: Sun, 06 Sep 2026 01:55:08 GMT  mp3-sync=OK
  206  L12 n21  bytes 0-3/367200  Last-Modified: Sun, 06 Sep 2026 01:55:14 GMT  mp3-sync=OK
  206  L12 n22  bytes 0-3/444384  Last-Modified: Sun, 06 Sep 2026 01:55:20 GMT  mp3-sync=OK
  206  L12 n26  bytes 0-3/246240  Last-Modified: Sun, 06 Sep 2026 01:55:23 GMT  mp3-sync=OK
  206  L13 n13  bytes 0-3/415008  Last-Modified: Sun, 06 Sep 2026 01:55:29 GMT  mp3-sync=OK
  206  L13 n17  bytes 0-3/411552  Last-Modified: Sun, 06 Sep 2026 01:55:35 GMT  mp3-sync=OK
  206  L13 n25  bytes 0-3/542304  Last-Modified: Sun, 06 Sep 2026 01:55:42 GMT  mp3-sync=OK

50/50 clips verified HTTP 200/206 with fresh audio.
