=== APPLY EDITS history-aqa/germany-democracy-dictatorship  56 edits  LIVE  2026-09-05T18:41:46.617Z
  ok   #0 L1.content_html [MEDIUM] F1: Wilhelm II was born 27 January 1859, so he was 31 when he dismissed Bismarck in March 1890; he was 29 when
  ok   #38 L1.flashcard_questions[8].q [MEDIUM] F2: cloze card with a one-word answer rewritten as a substantive question.
  ok   #39 L1.flashcard_questions[8].a [MEDIUM] F2: one-word answer replaced with a fuller answer.
  ok   #40 L1.flashcard_questions[10].q [MEDIUM] F3: cloze card whose question gave away the answer, rewritten.
  ok   #41 L1.flashcard_questions[10].a [MEDIUM] F3: fuller answer.
  PATCH L1: content_html, flashcard_questions
  ok   #1 L2.exam_tip_html [MEDIUM] F5: invented exam claim removed; the spec bullet does name the domestic importance of the Navy Laws.
  PATCH L2: exam_tip_html
  ok   #2 L3.content_html [HIGH] F8: Erzberger signed the armistice at Compiegne, not Ebert. Lesson 4 of this unit says so itself.
  ok   #3 L3.content_html [MEDIUM] F9: Wilhelm II left Spa and crossed into the Netherlands on 10 November 1918.
  ok   #4 L3.content_html [MEDIUM] F10: the Kiel mutiny began on 3 November 1918; the refusal to sail was at Wilhelmshaven on 30-31 October.
  ok   #5 L3.content_html [MEDIUM] F11: Prince Max of Baden was appointed Chancellor on 3 October 1918.
  ok   #42 L3.practice_questions[4].marks [MEDIUM] F10: the Kiel mutiny began on 3 November 1918. F9: it was Groener who told the Kaiser the army would not stand
  ok   #43 L3.knowledge_checks[4].right[2] [MEDIUM] F10: match-set date corrected; order preserved.
  ok   #44 L3.flashcard_questions[3].a [MEDIUM] F10: the Kiel mutiny began on 3 November 1918.
  PATCH L3: content_html, practice_questions, knowledge_checks, flashcard_questions
  ok   #6 L4.content_html [MEDIUM] F13: the Saar was placed under League of Nations administration for fifteen years, with the mines given to Fra
  ok   #7 L4.content_html [MEDIUM] F14: passive resistance ended in September 1923 but French and Belgian troops did not leave the Ruhr until Aug
  ok   #8 L4.content_html [MEDIUM] F15: invented exam claim removed.
  ok   #9 L4.exam_tip_html [MEDIUM] F16: invented exam claim removed.
  PATCH L4: content_html, exam_tip_html
  ok   #10 L5.content_html [MEDIUM] F17: invented exam claim removed.
  ok   #11 L5.content_html [MEDIUM] F18: invented exam claim removed.
  ok   #12 L5.content_html [HIGH] F19: Weimar courts did not hang left-wing rebels. Liebknecht and Luxemburg were murdered by Freikorps without 
  ok   #13 L5.exam_tip_html [MEDIUM] F20: invented exam claim removed.
  ok   #14 L5.conclusion_html [MEDIUM] F21: Hitler was arrested on 11 November, two days after the march (as the lesson body says); the trial ran 26 
  ok   #45 L5.practice_questions[2].marks [MEDIUM] F19: Liebknecht and Luxemburg were murdered without trial, not judicially executed.
  ok   #46 L5.practice_questions[4].text [MEDIUM] F21: the interpretation contradicted its own mark scheme, which correctly says Hitler was arrested two days la
  PATCH L5: content_html, exam_tip_html, conclusion_html, practice_questions
  ok   #15 L6.content_html [MEDIUM] F23: quotation cannot be sourced to Peukert, whose thesis is the 'crisis of classical modernity'. His argument
  ok   #16 L6.content_html [MEDIUM] F24: invented exam claim removed.
  ok   #17 L6.content_html [MEDIUM] F25: there were fifteen original signatories in total on 27 August 1928, Germany included.
  ok   #18 L6.content_html [MEDIUM] F26: The Blue Angel was not the first synchronised-sound film; that was The Jazz Singer (1927).
  ok   #19 L6.content_html [MEDIUM] F27: Hindenburg was born 2 October 1847 and was 77 when elected President in April 1925.
  ok   #47 L6.flashcard_questions[11].a [MEDIUM] F27: Hindenburg was 77 when elected President in April 1925.
  PATCH L6: content_html, flashcard_questions
  ok   #20 L7.content_html [MEDIUM] F30: the May 1928 election was seventeen months before the crash of October 1929.
  ok   #21 L7.content_html [MEDIUM] F31: invented exam claim removed.
  ok   #22 L7.content_html [MEDIUM] F32: five emergency decrees belong to 1930, not 1931; the same standard table gives the 1932 figures the lesso
  ok   #23 L7.content_html [MEDIUM] F33: the KPD went from 10.6% in 1928 to 13.1% in 1930, which is a rise, not a doubling.
  ok   #24 L7.content_html [MEDIUM] F34: 12 seats to 230 seats is a nineteenfold rise.
  ok   #25 L7.content_html [MEDIUM] F34: 2.6% to 37.4% is a fourteenfold rise in vote share.
  ok   #26 L7.exam_tip_html [MEDIUM] F35: invented exam claim removed.
  ok   #27 L7.exam_tip_html [MEDIUM] F35: invented exam claim removed.
  ok   #48 L7.practice_questions[2].marks [MEDIUM] F34: 'thirteenfold' is wrong for both seats and vote share.
  ok   #49 L7.practice_questions[3].marks [MEDIUM] F33: the KPD vote rose but did not double.
  PATCH L7: content_html, exam_tip_html, practice_questions
  ok   #28 L8.content_html [MEDIUM] F36: 6 November 1932 to 30 January 1933 is about twelve weeks.
  ok   #29 L8.content_html [MEDIUM] F37: Papen's cabinet had about ten posts, of which roughly six or seven went to nobles.
  PATCH L8: content_html
  ok   #52 L10.content_html [MEDIUM] F48 ruling: standard annual series (1936 = 1.6m, 1937 = 0.9m).
  ok   #53 L10.content_html [MEDIUM] F48 ruling.
  PATCH L10: content_html
  ok   #30 L11.content_html [MEDIUM] F39: the lesson itself dates the Mother's Cross to 1938; the revision tip contradicted it.
  ok   #31 L11.content_html [MEDIUM] F40: 'white flight' is a term for racial residential movement in US history and does not belong here.
  ok   #32 L11.content_html [MEDIUM] F41: the Barmen Declaration was drafted by Karl Barth with Hans Asmussen; Bonhoeffer was in London and was not
  ok   #50 L11.glossary_terms[6].definition [MEDIUM] F41: the Barmen Declaration was drafted by Karl Barth with Hans Asmussen, not by Bonhoeffer.
  ok   #54 L11.content_html [MEDIUM] F49 ruling: 15 per cent of the timetable, not 15 periods.
  ok   #55 L11.practice_questions[4].marks [MEDIUM] F49 ruling: mark scheme aligned.
  PATCH L11: content_html, glossary_terms, practice_questions
  ok   #33 L12.content_html [MEDIUM] F42: about 282,000 of 523,000 German Jews had emigrated by September 1939; by the end of 1938 the figure was n
  PATCH L12: content_html
  ok   #34 L13.content_html [MEDIUM] F43: 'atomisation' is an analytical term used by later historians, not a Nazi coinage.
  ok   #35 L13.content_html [MEDIUM] F44: invented exam claim removed.
  PATCH L13: content_html
  ok   #36 L14.content_html [MEDIUM] F45: invented exam claim removed.
  ok   #37 L14.content_html [MEDIUM] F46: the sixth and final leaflet was smuggled out by Helmuth James von Moltke and dropped by Allied aircraft i
  ok   #51 L14.practice_questions[2].marks [MEDIUM] F46: it was the sixth and final leaflet.
  PATCH L14: content_html, practice_questions
=== 56 applied, 0 skipped, 13 lessons / 27 fields changed
