
=== RE-NARRATION (changed narrated text only) ===
backup: C:\Users\tshau\Documents\Study Vault\scripts\_retrofc\units\history-aqa__germany-democracy-dictatorship\_backup.json
unit:   history-aqa / germany-democracy-dictatorship
run: 2026-09-05T18:41:52Z  mode: LIVE

13 lessons, 35 clips to regenerate

  L01 (Ollie)  Kaiser Wilhelm and the difficulties of ruling Germany
      n4: In 1890, the new Kaiser dismissed Bismarck. Wilhelm II was thirty-one, ambitious and determined to be his own 
             -> 313 KB, 26.7s, uploaded
      manifest updated (22 entries)
  L02 (Ada)  Weltpolitik, the Navy Laws and German society
      n18: The specification asks for the domestic importance of the Navy Laws — jobs, taxes, popularity, the SPD — not j
             -> 420 KB, 35.9s, uploaded
      manifest updated (22 entries)
  L03 (Ollie)  Impact of the First World War on Germany
      n16: Ludendorff insisted that civilian politicians, not generals, sign the armistice. He wanted the army's reputati
             -> 388 KB, 33.1s, uploaded
      n18: The trigger was the navy. In late October 1918 admirals ordered the High Seas Fleet to sea for one last battle
             -> 381 KB, 32.5s, uploaded
      manifest updated (25 entries)
  L04 (Ada)  Post-war problems and the Treaty of Versailles
      n3: Germany was not invited to negotiate. Allied delegates handed German representatives a 440-article treaty in M
             -> 422 KB, 36.0s, uploaded
      n12: Chancellor Wilhelm Cuno's government called for passive resistance . Workers went on strike. Trains stopped. M
             -> 349 KB, 29.8s, uploaded
      n15: Hyperinflation did not hurt all Germans equally. Losers : pensioners on fixed incomes saw savings vanish; war 
             -> 542 KB, 46.2s, uploaded
      n20: Never claim hyperinflation hurt all Germans equally — you must show who lost (savers, pensioners, the middle c
             -> 552 KB, 47.1s, uploaded
      manifest updated (24 entries)
  L05 (Ollie)  Weimar democracy and political unrest, 1919-1923
      n1: Between January 1919 and November 1923 the new Weimar Republic faced four serious attempts to overthrow it. Tw
             -> 316 KB, 27.0s, uploaded
      n4: The constitution had two structural weaknesses. First, proportional representation meant that even tiny partie
             -> 381 KB, 32.5s, uploaded
      n14: The aftermath was telling. Kapp himself died awaiting trial in 1922. Few of his fellow conspirators received s
             -> 305 KB, 26.1s, uploaded
      n20: Students confuse the Spartacist uprising (January 1919, far-left) with the Kapp Putsch (March 1920, far-right)
             -> 425 KB, 36.3s, uploaded
      n24: The Munich Putsch (November 1923) was a fiasco that ended with Hitler arrested two days later, but his trial i
             -> 139 KB, 11.8s, uploaded
      manifest updated (24 entries)
  L06 (Ada)  The Stresemann era — recovery and Weimar culture
      n1: From the wreckage of November 1923 a different Germany emerged. By 1928 unemployment was below 1.4 million, fo
             -> 411 KB, 35.1s, uploaded
      n11: In September 1926 Germany was admitted to the League of Nations as a permanent member of its Council, equal in
             -> 220 KB, 18.8s, uploaded
      n13: Students mix these two plans up constantly. The Dawes Plan (1924) restructured payments and brought in US loan
             -> 355 KB, 30.3s, uploaded
      n15: As Germany stabilised politically, an extraordinary cultural flowering followed. Walter Gropius founded the Ba
             -> 494 KB, 42.2s, uploaded
      n18: For all the headlines, the ‘Golden Years’ were patchy. Unemployment never fell below 1.3 million. Agriculture 
             -> 460 KB, 39.3s, uploaded
      manifest updated (25 entries)
  L07 (Ollie)  The Depression and the rise of the Nazis, 1928-1932
      n1: In May 1928, a year and a half before the Wall Street Crash, the Nazi Party polled 2.6% in the Reichstag elect
             -> 390 KB, 33.3s, uploaded
      n5: Key Fact . The Nazi Party rose from 12 Reichstag seats in 1928 to 230 seats in July 1932 — a nineteenfold rise
             -> 278 KB, 23.7s, uploaded
      n7: In March 1930 the SPD-led grand coalition collapsed over how to fund unemployment insurance. President Hindenb
             -> 438 KB, 37.4s, uploaded
      n11: In the September 1930 Reichstag election the Nazi vote leapt from 2.6% to 18.3%. The party won 107 seats, beco
             -> 349 KB, 29.8s, uploaded
      n12: In April 1932 Hitler stood for President against Hindenburg. He lost, but won 36% of the vote in the second ro
             -> 397 KB, 33.9s, uploaded
      n20: Two precision points for this lesson. First, do not write that Hitler caused the Depression — the Depression c
             -> 585 KB, 49.9s, uploaded
      manifest updated (24 entries)
  L08 (Ada)  The failure of Weimar democracy and Hitler's appointment
      n1: By the end of 1932 the Nazi vote was falling and the party was almost bankrupt. Yet on 30 January 1933 Adolf H
             -> 412 KB, 35.2s, uploaded
      n7: In May 1932 Schleicher persuaded Hindenburg to dismiss Bruning and appoint Franz von Papen , an obscure Centre
             -> 289 KB, 24.6s, uploaded
      manifest updated (22 entries)
  L10 (Ada)  The Nazi economy — work, rearmament and self-sufficiency
      n4: Schacht imposed strict import controls and signed bilateral trade agreements with Balkan states (Yugoslavia, R
             -> 399 KB, 34.0s, uploaded
      n5: Key Fact . Official German unemployment fell from six million in 1933 to 1.6 million by 1936 and under a milli
             -> 327 KB, 27.9s, uploaded
      manifest updated (25 entries)
  L11 (Ollie)  Nazi social policy — women, youth, churches
      n13: Schools were brought into line under Bernhard Rust as Reich Education Minister from 1934. Textbooks were rewri
             -> 443 KB, 37.8s, uploaded
      n22: Key Fact . The Concordat (July 1933) bought Catholic neutrality but was quickly broken. The Reich Church (1933
             -> 401 KB, 34.2s, uploaded
      manifest updated (27 entries)
  L12 (Ada)  Aryan ideas, racial policy and the Final Solution
      n8: In September 1935 the Reichstag passed the Nuremberg Laws . The Reich Citizenship Law stripped German Jews of 
             -> 378 KB, 32.3s, uploaded
      manifest updated (27 entries)
  L13 (Ollie)  Propaganda, the police state and Nazi culture
      n18: These three are constantly mixed up. The SA was the brown-shirted street paramilitary of the 1920s and early 1
             -> 438 KB, 37.3s, uploaded
      n20: The most powerful police mechanism was self-policing. Most Germans never met a Gestapo officer; they policed t
             -> 545 KB, 46.5s, uploaded
      manifest updated (26 entries)
  L14 (Ada)  Opposition, resistance and Germany at war
      n1: By 1939 the Nazi state had reshaped almost every German institution. Yet there were always Germans who refused
             -> 347 KB, 29.6s, uploaded
      n10: In Munich, a small group of university students and one professor formed the White Rose in 1942. Hans and Soph
             -> 598 KB, 51.0s, uploaded
      manifest updated (28 entries)

Regenerated 35 clips.

=== VERIFY (ranged GET + freshness) ===
  206  L01 n4  bytes 0-3/320256  Last-Modified: Sat, 05 Sep 2026 18:42:02 GMT  mp3-sync=OK
  206  L02 n18  bytes 0-3/430560  Last-Modified: Sat, 05 Sep 2026 18:42:08 GMT  mp3-sync=OK
  206  L03 n16  bytes 0-3/396864  Last-Modified: Sat, 05 Sep 2026 18:42:14 GMT  mp3-sync=OK
  206  L03 n18  bytes 0-3/389952  Last-Modified: Sat, 05 Sep 2026 18:42:20 GMT  mp3-sync=OK
  206  L04 n3  bytes 0-3/432288  Last-Modified: Sat, 05 Sep 2026 18:42:29 GMT  mp3-sync=OK
  206  L04 n12  bytes 0-3/357696  Last-Modified: Sat, 05 Sep 2026 18:42:35 GMT  mp3-sync=OK
  206  L04 n15  bytes 0-3/554976  Last-Modified: Sat, 05 Sep 2026 18:42:43 GMT  mp3-sync=OK
  206  L04 n20  bytes 0-3/565632  Last-Modified: Sat, 05 Sep 2026 18:42:52 GMT  mp3-sync=OK
  206  L05 n1  bytes 0-3/323712  Last-Modified: Sat, 05 Sep 2026 18:42:58 GMT  mp3-sync=OK
  206  L05 n4  bytes 0-3/389952  Last-Modified: Sat, 05 Sep 2026 18:43:04 GMT  mp3-sync=OK
  206  L05 n14  bytes 0-3/312768  Last-Modified: Sat, 05 Sep 2026 18:43:09 GMT  mp3-sync=OK
  206  L05 n20  bytes 0-3/435168  Last-Modified: Sat, 05 Sep 2026 18:43:15 GMT  mp3-sync=OK
  206  L05 n24  bytes 0-3/141984  Last-Modified: Sat, 05 Sep 2026 18:43:17 GMT  mp3-sync=OK
  206  L06 n1  bytes 0-3/421344  Last-Modified: Sat, 05 Sep 2026 18:43:24 GMT  mp3-sync=OK
  206  L06 n11  bytes 0-3/225216  Last-Modified: Sat, 05 Sep 2026 18:43:29 GMT  mp3-sync=OK
  206  L06 n13  bytes 0-3/363744  Last-Modified: Sat, 05 Sep 2026 18:43:37 GMT  mp3-sync=OK
  206  L06 n15  bytes 0-3/506016  Last-Modified: Sat, 05 Sep 2026 18:43:45 GMT  mp3-sync=OK
  206  L06 n18  bytes 0-3/471168  Last-Modified: Sat, 05 Sep 2026 18:43:52 GMT  mp3-sync=OK
  206  L07 n1  bytes 0-3/399456  Last-Modified: Sat, 05 Sep 2026 18:43:59 GMT  mp3-sync=OK
  206  L07 n5  bytes 0-3/284544  Last-Modified: Sat, 05 Sep 2026 18:44:04 GMT  mp3-sync=OK
  206  L07 n7  bytes 0-3/448416  Last-Modified: Sat, 05 Sep 2026 18:44:11 GMT  mp3-sync=OK
  206  L07 n11  bytes 0-3/357696  Last-Modified: Sat, 05 Sep 2026 18:44:17 GMT  mp3-sync=OK
  206  L07 n12  bytes 0-3/406656  Last-Modified: Sat, 05 Sep 2026 18:44:23 GMT  mp3-sync=OK
  206  L07 n20  bytes 0-3/599328  Last-Modified: Sat, 05 Sep 2026 18:44:33 GMT  mp3-sync=OK
  206  L08 n1  bytes 0-3/421920  Last-Modified: Sat, 05 Sep 2026 18:44:40 GMT  mp3-sync=OK
  206  L08 n7  bytes 0-3/295776  Last-Modified: Sat, 05 Sep 2026 18:44:45 GMT  mp3-sync=OK
  206  L10 n4  bytes 0-3/408096  Last-Modified: Sat, 05 Sep 2026 18:44:53 GMT  mp3-sync=OK
  206  L10 n5  bytes 0-3/334944  Last-Modified: Sat, 05 Sep 2026 18:44:59 GMT  mp3-sync=OK
  206  L11 n13  bytes 0-3/453600  Last-Modified: Sat, 05 Sep 2026 18:45:08 GMT  mp3-sync=OK
  206  L11 n22  bytes 0-3/410976  Last-Modified: Sat, 05 Sep 2026 18:45:14 GMT  mp3-sync=OK
  206  L12 n8  bytes 0-3/387072  Last-Modified: Sat, 05 Sep 2026 18:45:20 GMT  mp3-sync=OK
  206  L13 n18  bytes 0-3/448128  Last-Modified: Sat, 05 Sep 2026 18:45:27 GMT  mp3-sync=OK
  206  L13 n20  bytes 0-3/557856  Last-Modified: Sat, 05 Sep 2026 18:45:37 GMT  mp3-sync=OK
  206  L14 n1  bytes 0-3/355392  Last-Modified: Sat, 05 Sep 2026 18:45:44 GMT  mp3-sync=OK
  206  L14 n10  bytes 0-3/612288  Last-Modified: Sat, 05 Sep 2026 18:45:53 GMT  mp3-sync=OK

35/35 clips verified HTTP 200/206 with fresh audio.
