=== APPLY EDITS english-literature-eduqas/macbeth  81 edits  LIVE  2026-09-04T01:29:04.035Z
  ok   #0 L1.content_html [HIGH] F1: AO4 is accurate writing, not context; context is not assessed on the Shakespeare section. Board name and c
  ok   #1 L1.content_html [HIGH] F2: house rule — never name the board in lesson prose.
  ok   #2 L1.content_html [HIGH] F2: false rule (context assessed under AO4); board name and spec code removed.
  ok   #3 L1.exam_tip_html [HIGH] F3: the spec states no per-part mark split and no AO3; AO4 is written accuracy.
  ok   #33 L1.practice_questions[0].marks [MEDIUM] F25: board 'Band N' ladder replaced with the five house bands.
  ok   #34 L1.practice_questions[1].marks [MEDIUM] F25: board 'Band N' ladder replaced with the five house bands.
  ok   #35 L1.practice_questions[2].marks [MEDIUM] F25: board 'Band N' ladder replaced with the five house bands.
  ok   #36 L1.practice_questions[3].marks [MEDIUM] F25: board 'Band N' ladder replaced with the five house bands.
  ok   #37 L1.practice_questions[4].marks [MEDIUM] F25: board 'Band N' ladder replaced with the five house bands.
  ok   #38 L1.practice_questions[5].marks [MEDIUM] F25: board 'Band N' ladder replaced with the five house bands.
  PATCH L1: content_html, exam_tip_html, practice_questions
  ok   #4 L2.content_html [MEDIUM] F4: the 1.3 speech is an aside, not a soliloquy.
  ok   #5 L2.content_html [MEDIUM] F4: the text marks the speech [Aside.]; Banquo, Ross and Angus are on stage. The lesson's own flashcard alread
  ok   #6 L2.exam_tip_html [HIGH] F5: AO4 named as context on a section where context is not assessed.
  ok   #39 L2.practice_questions[0].marks [MEDIUM] F25: board 'Band N' ladder replaced with the five house bands.
  ok   #40 L2.practice_questions[1].marks [MEDIUM] F25: board 'Band N' ladder replaced with the five house bands.
  ok   #41 L2.practice_questions[2].marks [MEDIUM] F25: board 'Band N' ladder replaced with the five house bands.
  ok   #42 L2.practice_questions[3].marks [MEDIUM] F25: board 'Band N' ladder replaced with the five house bands.
  ok   #43 L2.practice_questions[4].marks [MEDIUM] F25: board 'Band N' ladder replaced with the five house bands.
  ok   #44 L2.practice_questions[5].marks [MEDIUM] F25: board 'Band N' ladder replaced with the five house bands.
  PATCH L2: content_html, exam_tip_html, practice_questions
  ok   #7 L3.exam_tip_html [MEDIUM] F6: board band naming in student-facing prose; house ladder wording used.
  ok   #45 L3.practice_questions[0].marks [MEDIUM] F25: board 'Band N' ladder replaced with the five house bands.
  ok   #46 L3.practice_questions[1].marks [MEDIUM] F25: board 'Band N' ladder replaced with the five house bands.
  ok   #47 L3.practice_questions[2].marks [MEDIUM] F25: board 'Band N' ladder replaced with the five house bands.
  ok   #48 L3.practice_questions[3].marks [MEDIUM] F25: board 'Band N' ladder replaced with the five house bands.
  ok   #49 L3.practice_questions[4].marks [MEDIUM] F25: board 'Band N' ladder replaced with the five house bands.
  ok   #50 L3.practice_questions[5].marks [MEDIUM] F25: board 'Band N' ladder replaced with the five house bands.
  PATCH L3: exam_tip_html, practice_questions
  ok   #8 L4.content_html [MEDIUM] F7: dramatic irony defined as suspense. The lesson's own glossary gives the correct definition.
  ok   #9 L4.content_html [LOW] F8: Lady Macbeth has no Act 4 scene; she returns only at 5.1.
  ok   #51 L4.practice_questions[0].marks [MEDIUM] F25: board 'Band N' ladder replaced with the five house bands.
  ok   #52 L4.practice_questions[1].marks [MEDIUM] F25: board 'Band N' ladder replaced with the five house bands.
  ok   #53 L4.practice_questions[2].marks [MEDIUM] F25: board 'Band N' ladder replaced with the five house bands.
  ok   #54 L4.practice_questions[3].marks [MEDIUM] F25: board 'Band N' ladder replaced with the five house bands.
  ok   #55 L4.practice_questions[4].marks [MEDIUM] F25: board 'Band N' ladder replaced with the five house bands.
  ok   #56 L4.practice_questions[5].marks [MEDIUM] F25: board 'Band N' ladder replaced with the five house bands.
  PATCH L4: content_html, practice_questions
  ok   #10 L5.content_html [HIGH] F9: AO4 is accurate writing, and context is not assessed on this section.
  ok   #11 L5.content_html [MEDIUM] F10: dramatic irony defined as delayed significance.
  ok   #57 L5.practice_questions[0].marks [MEDIUM] F25: board 'Band N' ladder replaced with the five house bands.
  ok   #58 L5.practice_questions[1].marks [MEDIUM] F25: board 'Band N' ladder replaced with the five house bands.
  ok   #59 L5.practice_questions[2].marks [MEDIUM] F25: board 'Band N' ladder replaced with the five house bands.
  ok   #60 L5.practice_questions[3].marks [MEDIUM] F25: board 'Band N' ladder replaced with the five house bands.
  ok   #61 L5.practice_questions[4].marks [MEDIUM] F25: board 'Band N' ladder replaced with the five house bands.
  ok   #62 L5.practice_questions[5].marks [MEDIUM] F25: board 'Band N' ladder replaced with the five house bands.
  PATCH L5: content_html, practice_questions
  ok   #12 L6.content_html [MEDIUM] F11: Seyton reports the death at 5.5; Macbeth's line is his reaction, not the report.
  ok   #13 L6.exam_tip_html [HIGH] F12: AO4 used to mean context on a section where context is not assessed.
  ok   #63 L6.practice_questions[0].marks [MEDIUM] F25: board 'Band N' ladder replaced with the five house bands.
  ok   #64 L6.practice_questions[1].marks [MEDIUM] F25: board 'Band N' ladder replaced with the five house bands.
  ok   #65 L6.practice_questions[2].marks [MEDIUM] F25: board 'Band N' ladder replaced with the five house bands.
  ok   #66 L6.practice_questions[3].marks [MEDIUM] F25: board 'Band N' ladder replaced with the five house bands.
  ok   #67 L6.practice_questions[4].marks [MEDIUM] F25: board 'Band N' ladder replaced with the five house bands.
  ok   #68 L6.practice_questions[5].marks [MEDIUM] F25: board 'Band N' ladder replaced with the five house bands.
  PATCH L6: content_html, exam_tip_html, practice_questions
  ok   #14 L7.content_html [MEDIUM] F13: dramatic irony defined as retrospective significance; the lesson's own glossary is correct.
  ok   #15 L7.exam_tip_html [LOW] F26: an AO code immediately before a full stop is the validator's spec-code pattern.
  ok   #16 L7.content_html [MEDIUM] F14: Malcolm's line reads 'planted newly with the time'.
  ok   #17 L7.content_html [MEDIUM] F15: the line is Caithness at 5.2 and the quotation silently dropped 'And with him'.
  ok   #18 L7.flashcard_questions[7].q [HIGH] F15: the line is spoken by Caithness at 5.2, not by Malcolm.
  ok   #19 L7.flashcard_questions[7].a [HIGH] F15: corrected speaker and wording.
  ok   #69 L7.practice_questions[0].marks [MEDIUM] F25: board 'Band N' ladder replaced with the five house bands.
  ok   #70 L7.practice_questions[1].marks [MEDIUM] F25: board 'Band N' ladder replaced with the five house bands.
  ok   #71 L7.practice_questions[2].marks [MEDIUM] F25: board 'Band N' ladder replaced with the five house bands.
  ok   #72 L7.practice_questions[3].marks [MEDIUM] F25: board 'Band N' ladder replaced with the five house bands.
  ok   #73 L7.practice_questions[4].marks [MEDIUM] F25: board 'Band N' ladder replaced with the five house bands.
  ok   #74 L7.practice_questions[5].marks [MEDIUM] F25: board 'Band N' ladder replaced with the five house bands.
  PATCH L7: content_html, exam_tip_html, flashcard_questions, practice_questions
  ok   #20 L8.content_html [HIGH] F16: labels a context statement AO4 on a section that assesses no context.
  ok   #21 L8.content_html [HIGH] F17: the model answer teaches a context paragraph labelled AO4.
  ok   #22 L8.content_html [MEDIUM] F18: 'embed context' implies context earns marks here.
  ok   #23 L8.conclusion_html [HIGH] F19: AO4 named as context.
  ok   #24 L8.conclusion_html [HIGH] F19: AO4 = context, and the timing was wrong; the Shakespeare section is about an hour of the two-hour paper.
  ok   #25 L8.exam_tip_html [HIGH] F20: AO4 named as context.
  ok   #26 L8.knowledge_checks[1].q [HIGH] F21: both parts assess the same objectives; context is not assessed at all. Board name removed.
  ok   #27 L8.knowledge_checks[1].options [HIGH] F21: options rebuilt for the corrected question.
  ok   #28 L8.knowledge_checks[1].correct [HIGH] F21: the key marked 'Context (AO4)' correct, teaching a false rule.
  ok   #29 L8.flashcard_questions[12].q [HIGH] F22: memorisation card taught a false rule and named the board.
  ok   #30 L8.flashcard_questions[12].a [HIGH] F22: corrected answer.
  ok   #31 L8.flashcard_questions[13].q [MEDIUM] F23: house rule — never name the board.
  ok   #32 L8.glossary_terms[5].definition [HIGH] F24: the entry gave AO3's definition. Spec AO4: 'Use a range of vocabulary and sentence structures for clarity
  ok   #75 L8.practice_questions[0].marks [MEDIUM] F25: board 'Band N' ladder replaced with the five house bands.
  ok   #76 L8.practice_questions[1].marks [MEDIUM] F25: board 'Band N' ladder replaced with the five house bands.
  ok   #77 L8.practice_questions[2].marks [MEDIUM] F25: board 'Band N' ladder replaced with the five house bands.
  ok   #78 L8.practice_questions[3].marks [MEDIUM] F25: board 'Band N' ladder replaced with the five house bands.
  ok   #79 L8.practice_questions[4].marks [MEDIUM] F25: board 'Band N' ladder replaced with the five house bands.
  ok   #80 L8.practice_questions[5].marks [MEDIUM] F25: board 'Band N' ladder replaced with the five house bands.
  PATCH L8: content_html, conclusion_html, exam_tip_html, knowledge_checks, flashcard_questions, glossary_terms, practice_questions
=== 81 applied, 0 skipped, 8 lessons / 26 fields changed
