
=== RE-NARRATION (changed narrated text only) ===
backup: C:\Users\tshau\Documents\Study Vault\scripts\_retrofc\units\english-literature-eduqas__macbeth\_backup.json
unit:   english-literature-eduqas / macbeth
run: 2026-09-04T01:29:07Z  mode: LIVE

8 lessons, 20 clips to regenerate

  L01 (Ollie)  Context: Jacobean World, James I & Witchcraft
      n3: Understanding this context helps you make sense of the play. The Shakespeare section gives you a printed extra
             -> 270 KB, 23.0s, uploaded
      n19: How Context Helps You Read the Play
             -> 33 KB, 2.8s, uploaded
      n20: Context is not assessed on your Shakespeare question. Use it to sharpen an analytical point, never as a paragr
             -> 279 KB, 23.8s, uploaded
      n21: Your Shakespeare question prints an extract and asks two things: part (i) on the extract, and part (ii) on the
             -> 391 KB, 33.4s, uploaded
      manifest updated (25 entries)
  L02 (Ada)  Act 1: Prophecies & Lady Macbeth
      n5: Macbeth’s First Aside — “If Good, Why Do I Yield?”
             -> 51 KB, 4.4s, uploaded
      n6: In his first long aside (Act 1, Scene 3), Macbeth reveals that murder has already entered his mind: “Why do I 
             -> 293 KB, 25.0s, uploaded
      n21: For part (i), if the extract is from Act 1, focus tightly on AO2: language devices and structural choices. For
             -> 271 KB, 23.2s, uploaded
      manifest updated (25 entries)
  L03 (Ollie)  Act 2: Duncan's Murder & Guilt
      n18: When analysing blood imagery in part (i), always compare Macbeth’s “Neptune’s ocean” with Lady Macbeth’s “a li
             -> 292 KB, 24.9s, uploaded
      manifest updated (22 entries)
  L04 (Ada)  Act 3: Banquo's Ghost & Paranoia
      n15: Act 3 marks the turning point in the Macbeths’ partnership. In Act 1, Lady Macbeth planned and controlled; in 
             -> 383 KB, 32.7s, uploaded
      manifest updated (22 entries)
  L05 (Ollie)  Acts 4-5: Madness, Revenge & Downfall
      n8: Before the news of his family, Macduff meets Malcolm in England. Malcolm tests Macduff’s loyalty by pretending
             -> 487 KB, 41.5s, uploaded
      manifest updated (22 entries)
  L06 (Ada)  Character Analysis
      n7: Her sleepwalking in Act 5 shows complete psychological collapse. She speaks in prose (not verse), her speech f
             -> 377 KB, 32.2s, uploaded
      n15: For part (ii), character questions are common: “How does Shakespeare present [character] elsewhere in the play
             -> 283 KB, 24.1s, uploaded
      manifest updated (20 entries)
  L07 (Ollie)  Language, Structure & Dramatic Techniques
      n11: Shakespeare uses pathetic fallacy extensively. Duncan’s Scotland is fertile (“I have begun to plant thee”, Act
             -> 338 KB, 28.8s, uploaded
      n12: The disease motif becomes explicit in Act 5: Caithness urges the thanes to “meet we the med’cine of the sickly
             -> 269 KB, 23.0s, uploaded
      n18: For part (i), demonstrating awareness of language techniques (imagery, metaphor, word-level analysis) and stru
             -> 327 KB, 27.9s, uploaded
      manifest updated (23 entries)
  L08 (Ada)  Key Themes & Exam Technique
      n5: Key Fact . Guilt is inescapable in Macbeth. Macbeth’s guilt is immediate (dagger, “Neptune’s ocean”, Banquo’s 
             -> 283 KB, 24.2s, uploaded
      n13: Your Shakespeare paper will typically give you a printed extract and ask you to respond in two connected tasks
             -> 335 KB, 28.6s, uploaded
      n16: Point: Shakespeare presents guilt as inescapable through the blood motif. Evidence: “Will all great Neptune’s 
             -> 597 KB, 51.0s, uploaded
      n19: Six key themes: ambition, guilt, power/kingship, supernatural/fate vs free will, masculinity, appearance vs re
             -> 150 KB, 12.8s, uploaded
      n20: Part (i) = close analysis of the extract. Part (ii) = theme or character across the play. Both parts assess th
             -> 179 KB, 15.2s, uploaded
      manifest updated (20 entries)

Regenerated 20 clips.

=== VERIFY (ranged GET + freshness) ===
  206  L01 n3  bytes 0-3/276480  Last-Modified: Fri, 04 Sep 2026 01:29:14 GMT  mp3-sync=OK
  206  L01 n19  bytes 0-3/33408  Last-Modified: Fri, 04 Sep 2026 01:29:15 GMT  mp3-sync=OK
  206  L01 n20  bytes 0-3/285408  Last-Modified: Fri, 04 Sep 2026 01:29:19 GMT  mp3-sync=OK
  206  L01 n21  bytes 0-3/400320  Last-Modified: Fri, 04 Sep 2026 01:29:24 GMT  mp3-sync=OK
  206  L02 n5  bytes 0-3/52416  Last-Modified: Fri, 04 Sep 2026 01:29:26 GMT  mp3-sync=OK
  206  L02 n6  bytes 0-3/299808  Last-Modified: Fri, 04 Sep 2026 01:29:31 GMT  mp3-sync=OK
  206  L02 n21  bytes 0-3/277920  Last-Modified: Fri, 04 Sep 2026 01:29:35 GMT  mp3-sync=OK
  206  L03 n18  bytes 0-3/299232  Last-Modified: Fri, 04 Sep 2026 01:29:39 GMT  mp3-sync=OK
  206  L04 n15  bytes 0-3/392256  Last-Modified: Fri, 04 Sep 2026 01:29:45 GMT  mp3-sync=OK
  206  L05 n8  bytes 0-3/498240  Last-Modified: Fri, 04 Sep 2026 01:29:52 GMT  mp3-sync=OK
  206  L06 n7  bytes 0-3/386496  Last-Modified: Fri, 04 Sep 2026 01:29:57 GMT  mp3-sync=OK
  206  L06 n15  bytes 0-3/289728  Last-Modified: Fri, 04 Sep 2026 01:30:01 GMT  mp3-sync=OK
  206  L07 n11  bytes 0-3/345600  Last-Modified: Fri, 04 Sep 2026 01:30:06 GMT  mp3-sync=OK
  206  L07 n12  bytes 0-3/275616  Last-Modified: Fri, 04 Sep 2026 01:30:10 GMT  mp3-sync=OK
  206  L07 n18  bytes 0-3/334368  Last-Modified: Fri, 04 Sep 2026 01:30:15 GMT  mp3-sync=OK
  206  L08 n5  bytes 0-3/290016  Last-Modified: Fri, 04 Sep 2026 01:30:19 GMT  mp3-sync=OK
  206  L08 n13  bytes 0-3/343008  Last-Modified: Fri, 04 Sep 2026 01:30:24 GMT  mp3-sync=OK
  206  L08 n16  bytes 0-3/611424  Last-Modified: Fri, 04 Sep 2026 01:30:32 GMT  mp3-sync=OK
  206  L08 n19  bytes 0-3/153216  Last-Modified: Fri, 04 Sep 2026 01:30:35 GMT  mp3-sync=OK
  206  L08 n20  bytes 0-3/182880  Last-Modified: Fri, 04 Sep 2026 01:30:38 GMT  mp3-sync=OK

20/20 clips verified HTTP 200/206 with fresh audio.
