=== APPLY EDITS sociology-eduqas/crime-deviance  13 edits  LIVE  2026-09-06T09:46:42.307Z
  ok   #1 L1.content_html [MEDIUM] F2: Dutch policy is tolerance, not legalisation. The cross-cultural point is kept as a difference in enforceme
  ok   #2 L1.flashcard_questions[11].a [MEDIUM] F3: same cannabis error. Replaced with an example where the law itself differs by place, matching the question
  ok   #3 L1.exam_tip_html [MEDIUM] F4: fabricated examiner claim removed; the advice is kept.
  PATCH L1: content_html, flashcard_questions, exam_tip_html
  ok   #4 L3.content_html [MEDIUM] F5: no source supports the property-crime clause; CSEW household crime carries no sex of victim. The correct c
  PATCH L3: content_html
  ok   #0 L4.content_html [HIGH] F1: strain theory is the 1938 journal article; Social Theory and Social Structure is the later book (1949, enl
  PATCH L4: content_html
  ok   #5 L6.content_html [MEDIUM] F6: benefit fraud is a claimant offence, and lessons 2 and 3 correctly list it as working-class crime that pol
  PATCH L6: content_html
  ok   #6 L7.knowledge_checks[4].q [MEDIUM] F7: a pilot study is not a sampling method. The three pairings are correct, so only the stem changes.
  ok   #7 L7.content_html [MEDIUM] F8: the spec prints no section structure. Applied methods is a topic area of the written exam.
  ok   #8 L7.content_html [MEDIUM] F9: invented mark-scheme claim. The requirement comes from the spec content.
  ok   #9 L7.exam_tip_html [MEDIUM] F10: there is no separate applied research paper; applied methods sits in the same written exam as crime and s
  PATCH L7: knowledge_checks, content_html, exam_tip_html
  ok   #10 L8.content_html [MEDIUM] F11: 15.2 against 22.7 is a 33% gap, not 'closely'. The lesson warns against exactly this over-statement.
  ok   #11 L8.conclusion_html [MEDIUM] F12: invented mark-scheme claim.
  ok   #12 L8.exam_tip_html [MEDIUM] F13: no printed data interpretation section, and the claim about what the exam rewards is fabricated. The sequ
  PATCH L8: content_html, conclusion_html, exam_tip_html
=== 13 applied, 0 skipped, 6 lessons / 12 fields changed
