
=== RE-NARRATION (changed narrated text only) ===
backup: C:\Users\tshau\Documents\Study Vault\scripts\_retrofc\units\geography-edexcel-b__global-geographical-issues\_backup.json
unit:   geography-edexcel-b / global-geographical-issues
run: 2026-09-06T04:33:20Z  mode: LIVE

10 lessons, 18 clips to regenerate

  L01 (Ollie)  The Atmosphere & Global Climate System
      n16: For the 4-mark Explain question, write a chain of reasoning, not a list. State the cause, then the process, th
             -> 387 KB, 33.0s, uploaded
      manifest updated (20 entries)
  L02 (Ada)  Climate Change: Causes & Evidence
      n17: For the 8-mark Extended Writing question, structure your answer around two or three big points, each developed
             -> 337 KB, 28.7s, uploaded
      manifest updated (21 entries)
  L03 (Ollie)  Tropical Cyclones: Formation & Hazards
      n10: Cyclones cause damage in three main ways. High winds tear off roofs, snap trees, hurl debris and disable power
             -> 414 KB, 35.4s, uploaded
      n17: For the 8-mark Examine question on cyclone responses, always compare a developed country (e.g. USA Hurricane K
             -> 363 KB, 31.0s, uploaded
      manifest updated (21 entries)
  L04 (Ada)  Plate Tectonics & Hazard Distribution
      n16: A magnitude 7 quake in Haiti (2010) killed an estimated 230,000. A magnitude 6.3 quake in Christchurch, New Ze
             -> 420 KB, 35.9s, uploaded
      n18: For the 8-mark Examine question on tectonic hazards, you must compare a developed country with a developing or
             -> 357 KB, 30.5s, uploaded
      manifest updated (22 entries)
  L05 (Ollie)  Defining & Measuring Development
      n8: The Human Development Index was created by the UN in 1990. It combines three measures: gross national income (
             -> 438 KB, 37.4s, uploaded
      n9: The Gini coefficient measures income inequality on a scale of 0 (everyone earns the same) to 1 (one person ear
             -> 337 KB, 28.8s, uploaded
      n11: A country’s demographic data tells a story too. Fertility rate (births per woman) is around 1.4 in the UK and 
             -> 418 KB, 35.7s, uploaded
      manifest updated (21 entries)
  L06 (Ada)  Approaches to Development
      n16: For the 8-mark Examine question on development approaches, the strongest answers balance top-down AND bottom-u
             -> 345 KB, 29.4s, uploaded
      manifest updated (21 entries)
  L07 (Ollie)  Case Study: Development in an Emerging Country (India)
      n12: Key Fact . Around 415 million Indians escaped poverty between 2005 and 2021 (UN figures). But around 230 milli
             -> 230 KB, 19.6s, uploaded
      n15: India’s rapid growth, and the core-periphery inequality it has created, have changed its position in the world
             -> 431 KB, 36.7s, uploaded
      n16: For the 8-mark Examine question on a case study, depth beats breadth. Use specific Indian figures throughout: 
             -> 353 KB, 30.1s, uploaded
      manifest updated (20 entries)
  L08 (Ada)  Causes & Patterns of Urbanisation
      n16: To find percentage change in urban population: subtract the start value from the end value, divide by the star
             -> 486 KB, 41.5s, uploaded
      manifest updated (21 entries)
  L09 (Ollie)  Case Study: A Megacity (Mumbai)
      n4: Mumbai’s site is unusual: the city was originally seven small islands, joined together over the eighteenth and
             -> 432 KB, 36.9s, uploaded
      n9: Mumbai’s population was about 1.5 million in 1941. By 1991 it had reached 12 million and by 2011 over 18 milli
             -> 480 KB, 40.9s, uploaded
      n15: For the 8-mark megacity case-study question, use specific named places (Dharavi, Nariman Point, Antilia, Navi 
             -> 372 KB, 31.8s, uploaded
      manifest updated (19 entries)
  L10 (Ada)  Sustainable Strategies in a Megacity
      n20: For 8-mark ‘Assess’ or ‘Examine’ questions, the strongest answers explicitly compare top-down with bottom-up. 
             -> 307 KB, 26.2s, uploaded
      manifest updated (24 entries)

Regenerated 18 clips.

=== VERIFY (ranged GET + freshness) ===
  206  L01 n16  bytes 0-3/396000  Last-Modified: Sun, 06 Sep 2026 04:33:28 GMT  mp3-sync=OK
  206  L02 n17  bytes 0-3/344736  Last-Modified: Sun, 06 Sep 2026 04:33:30 GMT  mp3-sync=OK
  206  L03 n10  bytes 0-3/424224  Last-Modified: Sun, 06 Sep 2026 04:33:33 GMT  mp3-sync=OK
  206  L03 n17  bytes 0-3/372096  Last-Modified: Sun, 06 Sep 2026 04:33:35 GMT  mp3-sync=OK
  206  L04 n16  bytes 0-3/430272  Last-Modified: Sun, 06 Sep 2026 04:33:39 GMT  mp3-sync=OK
  206  L04 n18  bytes 0-3/365760  Last-Modified: Sun, 06 Sep 2026 04:33:42 GMT  mp3-sync=OK
  206  L05 n8  bytes 0-3/448704  Last-Modified: Sun, 06 Sep 2026 04:33:46 GMT  mp3-sync=OK
  206  L05 n9  bytes 0-3/345312  Last-Modified: Sun, 06 Sep 2026 04:33:51 GMT  mp3-sync=OK
  206  L05 n11  bytes 0-3/427968  Last-Modified: Sun, 06 Sep 2026 04:33:57 GMT  mp3-sync=OK
  206  L06 n16  bytes 0-3/352800  Last-Modified: Sun, 06 Sep 2026 04:34:01 GMT  mp3-sync=OK
  206  L07 n12  bytes 0-3/235296  Last-Modified: Sun, 06 Sep 2026 04:34:07 GMT  mp3-sync=OK
  206  L07 n15  bytes 0-3/440928  Last-Modified: Sun, 06 Sep 2026 04:34:17 GMT  mp3-sync=OK
  206  L07 n16  bytes 0-3/361728  Last-Modified: Sun, 06 Sep 2026 04:34:24 GMT  mp3-sync=OK
  206  L08 n16  bytes 0-3/497952  Last-Modified: Sun, 06 Sep 2026 04:34:34 GMT  mp3-sync=OK
  206  L09 n4  bytes 0-3/442656  Last-Modified: Sun, 06 Sep 2026 04:34:45 GMT  mp3-sync=OK
  206  L09 n9  bytes 0-3/491040  Last-Modified: Sun, 06 Sep 2026 04:34:55 GMT  mp3-sync=OK
  206  L09 n15  bytes 0-3/381024  Last-Modified: Sun, 06 Sep 2026 04:35:03 GMT  mp3-sync=OK
  206  L10 n20  bytes 0-3/314208  Last-Modified: Sun, 06 Sep 2026 04:35:10 GMT  mp3-sync=OK

18/18 clips verified HTTP 200/206 with fresh audio.
