
=== RE-NARRATION (changed narrated text only) ===
backup: C:\Users\tshau\Documents\Study Vault\scripts\_retrofc\units\classical-civilisation-ocr__homers-odyssey\_backup.json
unit:   classical-civilisation-ocr / homers-odyssey
run: 2026-09-05T15:10:52Z  mode: LIVE

3 lessons, 4 clips to regenerate

  L02 (Ada)  The Wanderings of Odysseus
      n11: In Book 10, after further adventures, Odysseus’s ship arrives at the island of Aeaea, home of the goddess-witc
             -> 402 KB, 34.3s, uploaded
      manifest updated (22 entries)
  L03 (Ollie)  The Homecoming
      n10: In Book 21, Penelope announces a contest to decide who she will marry: any man who can string Odysseus’s great
             -> 307 KB, 26.2s, uploaded
      manifest updated (24 entries)
  L05 (Ollie)  Gods, Values & the Household
      n11: One of the most consistent ways Homer builds his moral universe is by measuring each character and community a
             -> 427 KB, 36.4s, uploaded
      n16: Penelope’s intelligence mirrors Odysseus’s. The weaving trick shows she can use deception to protect what she 
             -> 407 KB, 34.7s, uploaded
      manifest updated (25 entries)

Regenerated 4 clips.

=== VERIFY (ranged GET + freshness) ===
  206  L02 n11  bytes 0-3/411552  Last-Modified: Sat, 05 Sep 2026 15:11:00 GMT  mp3-sync=OK
  206  L03 n10  bytes 0-3/314208  Last-Modified: Sat, 05 Sep 2026 15:11:05 GMT  mp3-sync=OK
  206  L05 n11  bytes 0-3/436896  Last-Modified: Sat, 05 Sep 2026 15:11:12 GMT  mp3-sync=OK
  206  L05 n16  bytes 0-3/416448  Last-Modified: Sat, 05 Sep 2026 15:11:19 GMT  mp3-sync=OK

4/4 clips verified HTTP 200/206 with fresh audio.
