=== APPLY EDITS english-literature-ocr/great-expectations  122 edits  LIVE  2026-09-02T19:05:56.393Z
  ok   #0 L1.content_html [HIGH] F3: ch. 42 — Compeyson got seven years and Magwitch fourteen at that trial. Magwitch was only sent for life af
  ok   #1 L1.content_html [MEDIUM] F4: ch. 42 wording — Magwitch says 'pocket-handkercher' and 'a common sort of a wretch'.
  ok   #2 L1.exam_tip_html [MEDIUM] F5: spec codes are banned in lesson fields; the house phrasing names the question, not the component.
  ok   #3 L1.flashcard_questions[5].q [HIGH] F3: the sentences were seven years and fourteen years (ch. 42).
  ok   #26 L1.practice_questions[0].type [HIGH] F1: Great Expectations is the 19th-century prose text; Shakespeare sits in the other component.
  ok   #27 L1.practice_questions[1].type [HIGH] F1: Great Expectations is the 19th-century prose text; Shakespeare sits in the other component.
  ok   #28 L1.practice_questions[2].type [HIGH] F1: Great Expectations is the 19th-century prose text; Shakespeare sits in the other component.
  ok   #29 L1.practice_questions[3].type [HIGH] F1: Great Expectations is the 19th-century prose text; Shakespeare sits in the other component.
  ok   #30 L1.practice_questions[4].type [HIGH] F1: Great Expectations is the 19th-century prose text; Shakespeare sits in the other component.
  ok   #31 L1.practice_questions[5].type [HIGH] F1: Great Expectations is the 19th-century prose text; Shakespeare sits in the other component.
  ok   #74 L1.practice_questions[0].marks [MEDIUM] F2: the old ladder used non-house band names ('Band 6', 'Lower bands') and did not scale to 40 marks; rescaled
  ok   #75 L1.practice_questions[1].marks [MEDIUM] F2: the old ladder used non-house band names ('Band 6', 'Lower bands') and did not scale to 40 marks; rescaled
  ok   #76 L1.practice_questions[2].marks [MEDIUM] F2: the old ladder used non-house band names ('Band 6', 'Lower bands') and did not scale to 40 marks; rescaled
  ok   #77 L1.practice_questions[3].marks [MEDIUM] F2: the old ladder used non-house band names ('Band 6', 'Lower bands') and did not scale to 40 marks; rescaled
  ok   #78 L1.practice_questions[4].marks [MEDIUM] F2: the old ladder used non-house band names ('Band 6', 'Lower bands') and did not scale to 40 marks; rescaled
  ok   #79 L1.practice_questions[5].marks [MEDIUM] F2: the old ladder used non-house band names ('Band 6', 'Lower bands') and did not scale to 40 marks; rescaled
  PATCH L1: content_html, exam_tip_html, flashcard_questions, practice_questions
  ok   #4 L2.content_html [MEDIUM] F6: ch. 2 — the food comes from the pantry; the file comes 'from among Joe's tools' in the forge.
  ok   #5 L2.content_html [HIGH] F7: Joe never says this. The word 'pals' is never in his mouth. His real line is ch. 7.
  ok   #6 L2.content_html [MEDIUM] F8: ch. 8 has no comma after 'courtyard', and a sentence sits between the two quoted ones, so the join needs a
  ok   #7 L2.content_html [MEDIUM] F9: the quotation is Pip's private narration in the ch. 8 courtyard, not the confession he makes to Joe in ch.
  ok   #8 L2.content_html [HIGH] F10: 'mortification' is never Pip's word for the forge, and 'quite painfully' belongs to a ch. 13 sentence abo
  ok   #9 L2.flashcard_questions[8].a [HIGH] F7: fabricated Joe line replaced with his real one (ch. 7).
  ok   #10 L2.practice_questions[2].text [MEDIUM] F8: the printed extract must match ch. 8 — no comma after 'courtyard', and an ellipsis for the sentence left o
  ok   #11 L2.practice_questions[4].text [MEDIUM] F9: the line is ch. 8 narration in the courtyard, not part of the ch. 9 lies.
  ok   #12 L2.flashcard_questions[14].q [MEDIUM] F9: the wish is ch. 8 narration; it is not said to Biddy.
  ok   #32 L2.practice_questions[0].type [HIGH] F1: Great Expectations is the 19th-century prose text; Shakespeare sits in the other component.
  ok   #33 L2.practice_questions[1].type [HIGH] F1: Great Expectations is the 19th-century prose text; Shakespeare sits in the other component.
  ok   #34 L2.practice_questions[2].type [HIGH] F1: Great Expectations is the 19th-century prose text; Shakespeare sits in the other component.
  ok   #35 L2.practice_questions[3].type [HIGH] F1: Great Expectations is the 19th-century prose text; Shakespeare sits in the other component.
  ok   #36 L2.practice_questions[4].type [HIGH] F1: Great Expectations is the 19th-century prose text; Shakespeare sits in the other component.
  ok   #37 L2.practice_questions[5].type [HIGH] F1: Great Expectations is the 19th-century prose text; Shakespeare sits in the other component.
  ok   #80 L2.practice_questions[0].marks [MEDIUM] F2: the old ladder used non-house band names ('Band 6', 'Lower bands') and did not scale to 40 marks; rescaled
  ok   #81 L2.practice_questions[1].marks [MEDIUM] F2: the old ladder used non-house band names ('Band 6', 'Lower bands') and did not scale to 40 marks; rescaled
  ok   #82 L2.practice_questions[2].marks [MEDIUM] F2: the old ladder used non-house band names ('Band 6', 'Lower bands') and did not scale to 40 marks; rescaled
  ok   #83 L2.practice_questions[3].marks [MEDIUM] F2: the old ladder used non-house band names ('Band 6', 'Lower bands') and did not scale to 40 marks; rescaled
  ok   #84 L2.practice_questions[4].marks [MEDIUM] F2: the old ladder used non-house band names ('Band 6', 'Lower bands') and did not scale to 40 marks; rescaled
  ok   #85 L2.practice_questions[5].marks [MEDIUM] F2: the old ladder used non-house band names ('Band 6', 'Lower bands') and did not scale to 40 marks; rescaled
  PATCH L2: content_html, flashcard_questions, practice_questions
  ok   #38 L3.practice_questions[0].type [HIGH] F1: Great Expectations is the 19th-century prose text; Shakespeare sits in the other component.
  ok   #39 L3.practice_questions[1].type [HIGH] F1: Great Expectations is the 19th-century prose text; Shakespeare sits in the other component.
  ok   #40 L3.practice_questions[2].type [HIGH] F1: Great Expectations is the 19th-century prose text; Shakespeare sits in the other component.
  ok   #41 L3.practice_questions[3].type [HIGH] F1: Great Expectations is the 19th-century prose text; Shakespeare sits in the other component.
  ok   #42 L3.practice_questions[4].type [HIGH] F1: Great Expectations is the 19th-century prose text; Shakespeare sits in the other component.
  ok   #43 L3.practice_questions[5].type [HIGH] F1: Great Expectations is the 19th-century prose text; Shakespeare sits in the other component.
  ok   #86 L3.practice_questions[0].marks [MEDIUM] F2: the old ladder used non-house band names ('Band 6', 'Lower bands') and did not scale to 40 marks; rescaled
  ok   #87 L3.practice_questions[1].marks [MEDIUM] F2: the old ladder used non-house band names ('Band 6', 'Lower bands') and did not scale to 40 marks; rescaled
  ok   #88 L3.practice_questions[2].marks [MEDIUM] F2: the old ladder used non-house band names ('Band 6', 'Lower bands') and did not scale to 40 marks; rescaled
  ok   #89 L3.practice_questions[3].marks [MEDIUM] F2: the old ladder used non-house band names ('Band 6', 'Lower bands') and did not scale to 40 marks; rescaled
  ok   #90 L3.practice_questions[4].marks [MEDIUM] F2: the old ladder used non-house band names ('Band 6', 'Lower bands') and did not scale to 40 marks; rescaled
  ok   #91 L3.practice_questions[5].marks [MEDIUM] F2: the old ladder used non-house band names ('Band 6', 'Lower bands') and did not scale to 40 marks; rescaled
  PATCH L3: practice_questions
  ok   #13 L4.practice_questions[3].text [MEDIUM] F11: the line is in ch. 40, the morning after the ch. 39 revelation.
  ok   #44 L4.practice_questions[0].type [HIGH] F1: Great Expectations is the 19th-century prose text; Shakespeare sits in the other component.
  ok   #45 L4.practice_questions[1].type [HIGH] F1: Great Expectations is the 19th-century prose text; Shakespeare sits in the other component.
  ok   #46 L4.practice_questions[2].type [HIGH] F1: Great Expectations is the 19th-century prose text; Shakespeare sits in the other component.
  ok   #47 L4.practice_questions[3].type [HIGH] F1: Great Expectations is the 19th-century prose text; Shakespeare sits in the other component.
  ok   #48 L4.practice_questions[4].type [HIGH] F1: Great Expectations is the 19th-century prose text; Shakespeare sits in the other component.
  ok   #49 L4.practice_questions[5].type [HIGH] F1: Great Expectations is the 19th-century prose text; Shakespeare sits in the other component.
  ok   #92 L4.practice_questions[0].marks [MEDIUM] F2: the old ladder used non-house band names ('Band 6', 'Lower bands') and did not scale to 40 marks; rescaled
  ok   #93 L4.practice_questions[1].marks [MEDIUM] F2: the old ladder used non-house band names ('Band 6', 'Lower bands') and did not scale to 40 marks; rescaled
  ok   #94 L4.practice_questions[2].marks [MEDIUM] F2: the old ladder used non-house band names ('Band 6', 'Lower bands') and did not scale to 40 marks; rescaled
  ok   #95 L4.practice_questions[3].marks [MEDIUM] F2: the old ladder used non-house band names ('Band 6', 'Lower bands') and did not scale to 40 marks; rescaled
  ok   #96 L4.practice_questions[4].marks [MEDIUM] F2: the old ladder used non-house band names ('Band 6', 'Lower bands') and did not scale to 40 marks; rescaled
  ok   #97 L4.practice_questions[5].marks [MEDIUM] F2: the old ladder used non-house band names ('Band 6', 'Lower bands') and did not scale to 40 marks; rescaled
  PATCH L4: practice_questions
  ok   #14 L5.content_html [MEDIUM] F12: ch. 57 — the officers 'forbore to remove me'. Pip is never imprisoned; Joe pays the debt.
  ok   #15 L5.flashcard_questions[6].q [MEDIUM] F12: Pip is not taken to a debtors' prison.
  ok   #50 L5.practice_questions[0].type [HIGH] F1: Great Expectations is the 19th-century prose text; Shakespeare sits in the other component.
  ok   #51 L5.practice_questions[1].type [HIGH] F1: Great Expectations is the 19th-century prose text; Shakespeare sits in the other component.
  ok   #52 L5.practice_questions[2].type [HIGH] F1: Great Expectations is the 19th-century prose text; Shakespeare sits in the other component.
  ok   #53 L5.practice_questions[3].type [HIGH] F1: Great Expectations is the 19th-century prose text; Shakespeare sits in the other component.
  ok   #54 L5.practice_questions[4].type [HIGH] F1: Great Expectations is the 19th-century prose text; Shakespeare sits in the other component.
  ok   #55 L5.practice_questions[5].type [HIGH] F1: Great Expectations is the 19th-century prose text; Shakespeare sits in the other component.
  ok   #98 L5.practice_questions[0].marks [MEDIUM] F2: the old ladder used non-house band names ('Band 6', 'Lower bands') and did not scale to 40 marks; rescaled
  ok   #99 L5.practice_questions[1].marks [MEDIUM] F2: the old ladder used non-house band names ('Band 6', 'Lower bands') and did not scale to 40 marks; rescaled
  ok   #100 L5.practice_questions[2].marks [MEDIUM] F2: the old ladder used non-house band names ('Band 6', 'Lower bands') and did not scale to 40 marks; rescaled
  ok   #101 L5.practice_questions[3].marks [MEDIUM] F2: the old ladder used non-house band names ('Band 6', 'Lower bands') and did not scale to 40 marks; rescaled
  ok   #102 L5.practice_questions[4].marks [MEDIUM] F2: the old ladder used non-house band names ('Band 6', 'Lower bands') and did not scale to 40 marks; rescaled
  ok   #103 L5.practice_questions[5].marks [MEDIUM] F2: the old ladder used non-house band names ('Band 6', 'Lower bands') and did not scale to 40 marks; rescaled
  PATCH L5: content_html, flashcard_questions, practice_questions
  ok   #16 L6.content_html [HIGH] F13: ch. 49 — Pip smothers the fire and the surgeon calls her hurts 'far from hopeless'. Joe reports her death
  ok   #17 L6.content_html [MEDIUM] F14: 'a touch of reproach' is what Pip feels towards Magwitch in ch. 39. It is not about Joe.
  ok   #18 L6.flashcard_questions[12].a [HIGH] F13: she survives the fire itself and dies later of the injuries.
  ok   #56 L6.practice_questions[0].type [HIGH] F1: Great Expectations is the 19th-century prose text; Shakespeare sits in the other component.
  ok   #57 L6.practice_questions[1].type [HIGH] F1: Great Expectations is the 19th-century prose text; Shakespeare sits in the other component.
  ok   #58 L6.practice_questions[2].type [HIGH] F1: Great Expectations is the 19th-century prose text; Shakespeare sits in the other component.
  ok   #59 L6.practice_questions[3].type [HIGH] F1: Great Expectations is the 19th-century prose text; Shakespeare sits in the other component.
  ok   #60 L6.practice_questions[4].type [HIGH] F1: Great Expectations is the 19th-century prose text; Shakespeare sits in the other component.
  ok   #61 L6.practice_questions[5].type [HIGH] F1: Great Expectations is the 19th-century prose text; Shakespeare sits in the other component.
  ok   #104 L6.practice_questions[0].marks [MEDIUM] F2: the old ladder used non-house band names ('Band 6', 'Lower bands') and did not scale to 40 marks; rescaled
  ok   #105 L6.practice_questions[1].marks [MEDIUM] F2: the old ladder used non-house band names ('Band 6', 'Lower bands') and did not scale to 40 marks; rescaled
  ok   #106 L6.practice_questions[2].marks [MEDIUM] F2: the old ladder used non-house band names ('Band 6', 'Lower bands') and did not scale to 40 marks; rescaled
  ok   #107 L6.practice_questions[3].marks [MEDIUM] F2: the old ladder used non-house band names ('Band 6', 'Lower bands') and did not scale to 40 marks; rescaled
  ok   #108 L6.practice_questions[4].marks [MEDIUM] F2: the old ladder used non-house band names ('Band 6', 'Lower bands') and did not scale to 40 marks; rescaled
  ok   #109 L6.practice_questions[5].marks [MEDIUM] F2: the old ladder used non-house band names ('Band 6', 'Lower bands') and did not scale to 40 marks; rescaled
  PATCH L6: content_html, flashcard_questions, practice_questions
  ok   #62 L7.practice_questions[0].type [HIGH] F1: Great Expectations is the 19th-century prose text; Shakespeare sits in the other component.
  ok   #63 L7.practice_questions[1].type [HIGH] F1: Great Expectations is the 19th-century prose text; Shakespeare sits in the other component.
  ok   #64 L7.practice_questions[2].type [HIGH] F1: Great Expectations is the 19th-century prose text; Shakespeare sits in the other component.
  ok   #65 L7.practice_questions[3].type [HIGH] F1: Great Expectations is the 19th-century prose text; Shakespeare sits in the other component.
  ok   #66 L7.practice_questions[4].type [HIGH] F1: Great Expectations is the 19th-century prose text; Shakespeare sits in the other component.
  ok   #67 L7.practice_questions[5].type [HIGH] F1: Great Expectations is the 19th-century prose text; Shakespeare sits in the other component.
  ok   #110 L7.practice_questions[0].marks [MEDIUM] F2: the old ladder used non-house band names ('Band 6', 'Lower bands') and did not scale to 40 marks; rescaled
  ok   #111 L7.practice_questions[1].marks [MEDIUM] F2: the old ladder used non-house band names ('Band 6', 'Lower bands') and did not scale to 40 marks; rescaled
  ok   #112 L7.practice_questions[2].marks [MEDIUM] F2: the old ladder used non-house band names ('Band 6', 'Lower bands') and did not scale to 40 marks; rescaled
  ok   #113 L7.practice_questions[3].marks [MEDIUM] F2: the old ladder used non-house band names ('Band 6', 'Lower bands') and did not scale to 40 marks; rescaled
  ok   #114 L7.practice_questions[4].marks [MEDIUM] F2: the old ladder used non-house band names ('Band 6', 'Lower bands') and did not scale to 40 marks; rescaled
  ok   #115 L7.practice_questions[5].marks [MEDIUM] F2: the old ladder used non-house band names ('Band 6', 'Lower bands') and did not scale to 40 marks; rescaled
  PATCH L7: practice_questions
  ok   #19 L8.knowledge_checks[0].q [HIGH] F15: spec codes are banned in lesson fields.
  ok   #20 L8.knowledge_checks[0].correct [HIGH] F15: AO4 is assessed in this section (spec 3h), so 'AO1, AO2, AO3, and AO4' is the right answer. The check mar
  ok   #21 L8.knowledge_checks[1].q [MEDIUM] F16: section codes are banned in lesson fields; the answer (40) is right.
  ok   #22 L8.content_html [HIGH] F17: AO4 is assessed on this question (spec 3h). Teaching three objectives hides marks the student can win.
  ok   #23 L8.content_html [LOW] F17: the choice of two is fixed, not a possibility.
  ok   #24 L8.exam_tip_html [MEDIUM] F18: the tip listed three objectives and left out accurate writing, which carries marks here.
  ok   #25 L8.glossary_terms[3].definition [MEDIUM] F18: the definition left out accurate writing, which is assessed on this question.
  ok   #68 L8.practice_questions[0].type [HIGH] F1: Great Expectations is the 19th-century prose text; Shakespeare sits in the other component.
  ok   #69 L8.practice_questions[1].type [HIGH] F1: Great Expectations is the 19th-century prose text; Shakespeare sits in the other component.
  ok   #70 L8.practice_questions[2].type [HIGH] F1: Great Expectations is the 19th-century prose text; Shakespeare sits in the other component.
  ok   #71 L8.practice_questions[3].type [HIGH] F1: Great Expectations is the 19th-century prose text; Shakespeare sits in the other component.
  ok   #72 L8.practice_questions[4].type [HIGH] F1: Great Expectations is the 19th-century prose text; Shakespeare sits in the other component.
  ok   #73 L8.practice_questions[5].type [HIGH] F1: Great Expectations is the 19th-century prose text; Shakespeare sits in the other component.
  ok   #116 L8.practice_questions[0].marks [MEDIUM] F2: the old ladder used non-house band names ('Band 6', 'Lower bands') and did not scale to 40 marks; rescaled
  ok   #117 L8.practice_questions[1].marks [MEDIUM] F2: the old ladder used non-house band names ('Band 6', 'Lower bands') and did not scale to 40 marks; rescaled
  ok   #118 L8.practice_questions[2].marks [MEDIUM] F2: the old ladder used non-house band names ('Band 6', 'Lower bands') and did not scale to 40 marks; rescaled
  ok   #119 L8.practice_questions[3].marks [MEDIUM] F2: the old ladder used non-house band names ('Band 6', 'Lower bands') and did not scale to 40 marks; rescaled
  ok   #120 L8.practice_questions[4].marks [MEDIUM] F2: the old ladder used non-house band names ('Band 6', 'Lower bands') and did not scale to 40 marks; rescaled
  ok   #121 L8.practice_questions[5].marks [MEDIUM] F2: the old ladder used non-house band names ('Band 6', 'Lower bands') and did not scale to 40 marks; rescaled
  PATCH L8: knowledge_checks, content_html, exam_tip_html, glossary_terms, practice_questions
=== 122 applied, 0 skipped, 8 lessons / 21 fields changed
