
=== RE-NARRATION (changed narrated text only) ===
backup: C:\Users\tshau\Documents\Study Vault\scripts\_retrofc\units\english-literature-ocr__great-expectations\_backup.json
unit:   english-literature-ocr / great-expectations
run: 2026-09-02T19:05:59Z  mode: LIVE
  L03: no narrated field changed -> skip
  L04: no narrated field changed -> skip
  L07: no narrated field changed -> skip

5 lessons, 12 clips to regenerate

  L01 (Ollie)  Context: Victorian Class & Social Mobility
      n8: Compeyson and Magwitch committed the same crime, but at trial Compeyson — who dressed like a gentleman — recei
             -> 293 KB, 25.0s, uploaded
      n20: For the 19th-century novel question, always connect Victorian context to Dickens’s methods and purpose. Instea
             -> 213 KB, 18.2s, uploaded
      manifest updated (24 entries)
  L02 (Ada)  Pip's Childhood: Magwitch & Miss Havisham
      n3: Pip steals food from his sister’s pantry and a file from Joe’s forge, and brings them to Magwitch. This act of
             -> 355 KB, 30.3s, uploaded
      n6: Pip is “brought up by hand” by his sister, Mrs Joe Gargery, a phrase Dickens uses with dark irony — it means b
             -> 367 KB, 31.3s, uploaded
      n11: Miss Havisham has adopted Estella and raised her as a weapon of revenge against men. Estella is beautiful, col
             -> 417 KB, 35.6s, uploaded
      n16: After visiting Satis House, Pip begins to lie. He tells Mrs Joe and Pumblechook fantastic stories about Miss H
             -> 432 KB, 36.9s, uploaded
      n18: By the end of Stage 1, Pip is apprenticed to Joe as a blacksmith — a future that once seemed natural and good.
             -> 298 KB, 25.4s, uploaded
      manifest updated (23 entries)
  L05 (Ollie)  The Ending & Pip's Redemption
      n10: After Magwitch’s death, Pip falls desperately ill with fever and debt. He is arrested for debt, but he is too 
             -> 344 KB, 29.4s, uploaded
      manifest updated (21 entries)
  L06 (Ada)  Character Analysis
      n2: Pip is both the novel’s protagonist and its most deeply flawed character. As a child, he is innocent, compassi
             -> 269 KB, 22.9s, uploaded
      n11: Yet Dickens also presents her as a victim. She was defrauded of her money and her happiness by a man who explo
             -> 378 KB, 32.2s, uploaded
      manifest updated (22 entries)
  L08 (Ada)  Key Themes & Exam Technique
      n16: Your 19th-century novel question gives you a choice of two tasks: an extract-based one or a discursive one. Ex
             -> 613 KB, 52.3s, uploaded
      n19: Remember: OCR marks this answer as a whole, not objective by objective. Response, language analysis, context a
             -> 248 KB, 21.1s, uploaded
      manifest updated (23 entries)

Regenerated 12 clips.

=== VERIFY (ranged GET + freshness) ===
  206  L01 n8  bytes 0-3/299808  Last-Modified: Wed, 02 Sep 2026 19:06:06 GMT  mp3-sync=OK
  206  L01 n20  bytes 0-3/218592  Last-Modified: Wed, 02 Sep 2026 19:06:10 GMT  mp3-sync=OK
  206  L02 n3  bytes 0-3/363168  Last-Modified: Wed, 02 Sep 2026 19:06:16 GMT  mp3-sync=OK
  206  L02 n6  bytes 0-3/375840  Last-Modified: Wed, 02 Sep 2026 19:06:22 GMT  mp3-sync=OK
  206  L02 n11  bytes 0-3/427392  Last-Modified: Wed, 02 Sep 2026 19:06:29 GMT  mp3-sync=OK
  206  L02 n16  bytes 0-3/442656  Last-Modified: Wed, 02 Sep 2026 19:06:36 GMT  mp3-sync=OK
  206  L02 n18  bytes 0-3/305280  Last-Modified: Wed, 02 Sep 2026 19:06:40 GMT  mp3-sync=OK
  206  L05 n10  bytes 0-3/352224  Last-Modified: Wed, 02 Sep 2026 19:06:47 GMT  mp3-sync=OK
  206  L06 n2  bytes 0-3/275040  Last-Modified: Wed, 02 Sep 2026 19:06:51 GMT  mp3-sync=OK
  206  L06 n11  bytes 0-3/386784  Last-Modified: Wed, 02 Sep 2026 19:06:57 GMT  mp3-sync=OK
  206  L08 n16  bytes 0-3/627552  Last-Modified: Wed, 02 Sep 2026 19:07:06 GMT  mp3-sync=OK
  206  L08 n19  bytes 0-3/253440  Last-Modified: Wed, 02 Sep 2026 19:07:11 GMT  mp3-sync=OK

12/12 clips verified HTTP 200/206 with fresh audio.
