=== APPLY EDITS history-aqa/conflict-tension-first-world-war  194 edits  LIVE  2026-09-05T23:09:10.328Z
  ok   #0 L1.exam_tip_html [HIGH] F7: the tip described the wrong task and told students not to use their own knowledge on a question that requi
  ok   #1 L1.practice_questions[0].text [HIGH] F1: the 4-mark source question on this paper asks how you know, using the source and contextual knowledge; 'id
  ok   #2 L1.practice_questions[0].marks [HIGH] F1: the 4-mark source question on this paper asks how you know, using the source and contextual knowledge; 'id
  ok   #3 L1.practice_questions[1].text [MEDIUM] F4: 'Construct a chronological explanation of...' is not a stem this paper sets; the 8-mark question is 'Write
  ok   #4 L1.practice_questions[3].text [HIGH] F3: this paper's 16-mark question is a knowledge essay on a quoted statement and supplies no sources; it was s
  ok   #5 L1.practice_questions[3].type [HIGH] F3: this paper's 16-mark question is a knowledge essay on a quoted statement and supplies no sources; it was s
  ok   #6 L1.practice_questions[3].marks [HIGH] F3: this paper's 16-mark question is a knowledge essay on a quoted statement and supplies no sources; it was s
  ok   #7 L1.practice_questions[4].text [HIGH] F2: there is no 8-mark source question on this paper. The 8-mark question is the narrative account; converted 
  ok   #8 L1.practice_questions[4].marks [HIGH] F2: there is no 8-mark source question on this paper. The 8-mark question is the narrative account; converted 
  ok   #9 L1.practice_questions[4].type [HIGH] F2: there is no 8-mark source question on this paper. The 8-mark question is the narrative account; converted 
  ok   #10 L1.practice_questions[5].text [MEDIUM] F4: 'Construct a chronological explanation of...' is not a stem this paper sets; the 8-mark question is 'Write
  PATCH L1: exam_tip_html, practice_questions
  ok   #11 L2.exam_tip_html [MEDIUM] F6: invented exam claim - the spec attributes no such expectation to examiners.
  ok   #12 L2.practice_questions[0].text [HIGH] F1: the 4-mark source question on this paper asks how you know, using the source and contextual knowledge; 'id
  ok   #13 L2.practice_questions[0].marks [HIGH] F1: the 4-mark source question on this paper asks how you know, using the source and contextual knowledge; 'id
  ok   #14 L2.practice_questions[1].text [MEDIUM] F4: 'Construct a chronological explanation of...' is not a stem this paper sets; the 8-mark question is 'Write
  ok   #15 L2.practice_questions[2].text [MEDIUM] F5: invented archive provenance on a composed source.
  ok   #16 L2.practice_questions[3].text [HIGH] F3: this paper's 16-mark question is a knowledge essay on a quoted statement and supplies no sources; it was s
  ok   #17 L2.practice_questions[3].type [HIGH] F3: this paper's 16-mark question is a knowledge essay on a quoted statement and supplies no sources; it was s
  ok   #18 L2.practice_questions[3].marks [HIGH] F3: this paper's 16-mark question is a knowledge essay on a quoted statement and supplies no sources; it was s
  ok   #19 L2.practice_questions[4].text [HIGH] F2: there is no 8-mark source question on this paper. The 8-mark question is the narrative account; converted 
  ok   #20 L2.practice_questions[4].marks [HIGH] F2: there is no 8-mark source question on this paper. The 8-mark question is the narrative account; converted 
  ok   #21 L2.practice_questions[4].type [HIGH] F2: there is no 8-mark source question on this paper. The 8-mark question is the narrative account; converted 
  ok   #22 L2.practice_questions[5].text [MEDIUM] F4: 'Construct a chronological explanation of...' is not a stem this paper sets; the 8-mark question is 'Write
  ok   #23 L2.flashcard_questions[1].a [MEDIUM] F8: comma-list answer; matches the validator's enumeration pattern.
  ok   #24 L2.flashcard_questions[10].a [MEDIUM] F9: the 1907 convention did not make Tibet a British zone - both powers agreed to keep out and to respect Chin
  PATCH L2: exam_tip_html, practice_questions, flashcard_questions
  ok   #25 L3.description [MEDIUM] F10: the description was cut off mid-sentence at 'the dreadnought race that poisoned.'
  ok   #26 L3.content_html [MEDIUM] F11: the two figures were not counting the same thing. Britain's 29 is 20 dreadnoughts plus 9 battlecruisers; 
  ok   #27 L3.content_html [LOW] F12: the book is 'The Rise of the Anglo-German Antagonism, 1860-1914'.
  ok   #28 L3.flashcard_questions[13].a [LOW] F12: the book is 'The Rise of the Anglo-German Antagonism, 1860-1914'.
  ok   #29 L3.exam_tip_html [MEDIUM] F6: invented exam claim - the spec attributes no such expectation to examiners.
  ok   #30 L3.practice_questions[0].text [HIGH] F1: the 4-mark source question on this paper asks how you know, using the source and contextual knowledge; 'id
  ok   #31 L3.practice_questions[0].marks [HIGH] F1: the 4-mark source question on this paper asks how you know, using the source and contextual knowledge; 'id
  ok   #32 L3.practice_questions[1].text [MEDIUM] F4: 'Construct a chronological explanation of...' is not a stem this paper sets; the 8-mark question is 'Write
  ok   #33 L3.practice_questions[2].text [HIGH] F13: Bülow's 'place in the sun' speech was made on 6 December 1897, not December 1899; the archive provenance 
  ok   #34 L3.practice_questions[3].text [HIGH] F3: this paper's 16-mark question is a knowledge essay on a quoted statement and supplies no sources; it was s
  ok   #35 L3.practice_questions[3].type [HIGH] F3: this paper's 16-mark question is a knowledge essay on a quoted statement and supplies no sources; it was s
  ok   #36 L3.practice_questions[3].marks [HIGH] F3: this paper's 16-mark question is a knowledge essay on a quoted statement and supplies no sources; it was s
  ok   #37 L3.practice_questions[4].text [HIGH] F2: there is no 8-mark source question on this paper. The 8-mark question is the narrative account; converted 
  ok   #38 L3.practice_questions[4].marks [HIGH] F2: there is no 8-mark source question on this paper. The 8-mark question is the narrative account; converted 
  ok   #39 L3.practice_questions[4].type [HIGH] F2: there is no 8-mark source question on this paper. The 8-mark question is the narrative account; converted 
  ok   #40 L3.practice_questions[5].text [MEDIUM] F4: 'Construct a chronological explanation of...' is not a stem this paper sets; the 8-mark question is 'Write
  ok   #41 L3.practice_questions[5].marks [HIGH] F13: the speech was December 1897, and the chronology question's own model answer listed it out of order, afte
  PATCH L3: description, content_html, flashcard_questions, exam_tip_html, practice_questions
  ok   #42 L4.description [MEDIUM] F14: the description was cut off mid-sentence at 'three pre-war shocks that hardened the.'
  ok   #43 L4.exam_tip_html [MEDIUM] F6: invented exam claim - the spec attributes no such expectation to examiners.
  ok   #44 L4.practice_questions[0].text [HIGH] F1: the 4-mark source question on this paper asks how you know, using the source and contextual knowledge; 'id
  ok   #45 L4.practice_questions[0].marks [HIGH] F1: the 4-mark source question on this paper asks how you know, using the source and contextual knowledge; 'id
  ok   #46 L4.practice_questions[1].text [MEDIUM] F4: 'Construct a chronological explanation of...' is not a stem this paper sets; the 8-mark question is 'Write
  ok   #47 L4.practice_questions[3].text [HIGH] F3: this paper's 16-mark question is a knowledge essay on a quoted statement and supplies no sources; it was s
  ok   #48 L4.practice_questions[3].type [HIGH] F3: this paper's 16-mark question is a knowledge essay on a quoted statement and supplies no sources; it was s
  ok   #49 L4.practice_questions[3].marks [HIGH] F3: this paper's 16-mark question is a knowledge essay on a quoted statement and supplies no sources; it was s
  ok   #50 L4.practice_questions[4].text [HIGH] F2: there is no 8-mark source question on this paper. The 8-mark question is the narrative account; converted 
  ok   #51 L4.practice_questions[4].marks [HIGH] F2: there is no 8-mark source question on this paper. The 8-mark question is the narrative account; converted 
  ok   #52 L4.practice_questions[4].type [HIGH] F2: there is no 8-mark source question on this paper. The 8-mark question is the narrative account; converted 
  ok   #53 L4.practice_questions[5].text [MEDIUM] F4: 'Construct a chronological explanation of...' is not a stem this paper sets; the 8-mark question is 'Write
  ok   #54 L4.flashcard_questions[2].q [MEDIUM] F15: the question asked for two states and the answer named one.
  ok   #55 L4.flashcard_questions[2].a [MEDIUM] F15: the question asked for two states and the answer named one.
  PATCH L4: description, exam_tip_html, practice_questions, flashcard_questions
  ok   #56 L5.exam_tip_html [HIGH] F16: the tip coached a source-based essay; this paper's 16-mark question supplies no sources, and the SPaG mar
  ok   #57 L5.practice_questions[0].text [HIGH] F1: the 4-mark source question on this paper asks how you know, using the source and contextual knowledge; 'id
  ok   #58 L5.practice_questions[0].marks [HIGH] F1: the 4-mark source question on this paper asks how you know, using the source and contextual knowledge; 'id
  ok   #59 L5.practice_questions[1].text [MEDIUM] F4: 'Construct a chronological explanation of...' is not a stem this paper sets; the 8-mark question is 'Write
  ok   #60 L5.practice_questions[2].text [MEDIUM] F5: invented archive provenance on a composed source.
  ok   #61 L5.practice_questions[3].text [HIGH] F3: this paper's 16-mark question is a knowledge essay on a quoted statement and supplies no sources; it was s
  ok   #62 L5.practice_questions[3].type [HIGH] F3: this paper's 16-mark question is a knowledge essay on a quoted statement and supplies no sources; it was s
  ok   #63 L5.practice_questions[3].marks [HIGH] F3: this paper's 16-mark question is a knowledge essay on a quoted statement and supplies no sources; it was s
  ok   #64 L5.practice_questions[4].text [HIGH] F2: there is no 8-mark source question on this paper. The 8-mark question is the narrative account; converted 
  ok   #65 L5.practice_questions[4].marks [HIGH] F2: there is no 8-mark source question on this paper. The 8-mark question is the narrative account; converted 
  ok   #66 L5.practice_questions[4].type [HIGH] F2: there is no 8-mark source question on this paper. The 8-mark question is the narrative account; converted 
  ok   #67 L5.practice_questions[5].text [MEDIUM] F4: 'Construct a chronological explanation of...' is not a stem this paper sets; the 8-mark question is 'Write
  PATCH L5: exam_tip_html, practice_questions
  ok   #68 L6.content_html [MEDIUM] F17: the remark that the war was lost is attributed to Moltke speaking to the Kaiser, and its wording is dispu
  ok   #69 L6.practice_questions[0].text [HIGH] F1: the 4-mark source question on this paper asks how you know, using the source and contextual knowledge; 'id
  ok   #70 L6.practice_questions[0].marks [HIGH] F1: the 4-mark source question on this paper asks how you know, using the source and contextual knowledge; 'id
  ok   #71 L6.practice_questions[1].text [MEDIUM] F4: 'Construct a chronological explanation of...' is not a stem this paper sets; the 8-mark question is 'Write
  ok   #72 L6.practice_questions[2].text [MEDIUM] F5/F19: invented archive provenance, and Kluck's memoir of the 1914 campaign was published in 1920, not 1925.
  ok   #73 L6.practice_questions[2].marks [LOW] F19: follows the corrected publication date of Kluck's memoir (1920).
  ok   #74 L6.practice_questions[3].text [HIGH] F3: this paper's 16-mark question is a knowledge essay on a quoted statement and supplies no sources; it was s
  ok   #75 L6.practice_questions[3].type [HIGH] F3: this paper's 16-mark question is a knowledge essay on a quoted statement and supplies no sources; it was s
  ok   #76 L6.practice_questions[3].marks [HIGH] F3: this paper's 16-mark question is a knowledge essay on a quoted statement and supplies no sources; it was s
  ok   #77 L6.practice_questions[4].text [HIGH] F2: there is no 8-mark source question on this paper. The 8-mark question is the narrative account; converted 
  ok   #78 L6.practice_questions[4].marks [HIGH] F2: there is no 8-mark source question on this paper. The 8-mark question is the narrative account; converted 
  ok   #79 L6.practice_questions[4].type [HIGH] F2: there is no 8-mark source question on this paper. The 8-mark question is the narrative account; converted 
  ok   #80 L6.practice_questions[5].text [MEDIUM] F4: 'Construct a chronological explanation of...' is not a stem this paper sets; the 8-mark question is 'Write
  ok   #81 L6.practice_questions[5].marks [MEDIUM] F18: the ultimatum to Belgium was delivered on 2 August 1914, the day before the declaration of war on France.
  PATCH L6: content_html, practice_questions
  ok   #82 L7.exam_tip_html [MEDIUM] F6: invented exam claim - the spec attributes no such expectation to examiners.
  ok   #83 L7.practice_questions[0].text [HIGH] F1: the 4-mark source question on this paper asks how you know, using the source and contextual knowledge; 'id
  ok   #84 L7.practice_questions[0].marks [HIGH] F1: the 4-mark source question on this paper asks how you know, using the source and contextual knowledge; 'id
  ok   #85 L7.practice_questions[1].text [MEDIUM] F4: 'Construct a chronological explanation of...' is not a stem this paper sets; the 8-mark question is 'Write
  ok   #86 L7.practice_questions[2].text [HIGH] F20: Haig published no memoir; he died in January 1928 and his diaries appeared only after his death. The extr
  ok   #87 L7.practice_questions[2].marks [HIGH] F20: follows the corrected provenance of Source C.
  ok   #88 L7.practice_questions[3].text [HIGH] F3: this paper's 16-mark question is a knowledge essay on a quoted statement and supplies no sources; it was s
  ok   #89 L7.practice_questions[3].type [HIGH] F3: this paper's 16-mark question is a knowledge essay on a quoted statement and supplies no sources; it was s
  ok   #90 L7.practice_questions[3].marks [HIGH] F3: this paper's 16-mark question is a knowledge essay on a quoted statement and supplies no sources; it was s
  ok   #91 L7.practice_questions[4].text [HIGH] F2: there is no 8-mark source question on this paper. The 8-mark question is the narrative account; converted 
  ok   #92 L7.practice_questions[4].marks [HIGH] F2: there is no 8-mark source question on this paper. The 8-mark question is the narrative account; converted 
  ok   #93 L7.practice_questions[4].type [HIGH] F2: there is no 8-mark source question on this paper. The 8-mark question is the narrative account; converted 
  ok   #94 L7.practice_questions[5].text [MEDIUM] F4: 'Construct a chronological explanation of...' is not a stem this paper sets; the 8-mark question is 'Write
  ok   #95 L7.flashcard_questions[2].a [MEDIUM] F8: comma-list answer; matches the validator's enumeration pattern.
  PATCH L7: exam_tip_html, practice_questions, flashcard_questions
  ok   #96 L8.content_html [MEDIUM] F21: the opening bombardment at Verdun on 21 February 1916 ran for about ten hours.
  ok   #97 L8.content_html [MEDIUM] F22: Fort Vaux was retaken on 2 November 1916, not in December.
  ok   #98 L8.exam_tip_html [HIGH] F16: the tip coached a source-based essay; this paper's 16-mark question supplies no sources.
  ok   #99 L8.exam_tip_html [MEDIUM] F16: the SPaG marks on this question were not mentioned.
  ok   #100 L8.practice_questions[0].text [HIGH] F1: the 4-mark source question on this paper asks how you know, using the source and contextual knowledge; 'id
  ok   #101 L8.practice_questions[0].marks [HIGH] F1: the 4-mark source question on this paper asks how you know, using the source and contextual knowledge; 'id
  ok   #102 L8.practice_questions[1].text [MEDIUM] F23: the 'Christmas Memorandum' survives only in Falkenhayn's own post-war account; presenting it as an archiv
  ok   #103 L8.practice_questions[1].marks [MEDIUM] F23: follows the corrected provenance of Source B.
  ok   #104 L8.practice_questions[2].text [MEDIUM] F4: 'Construct a chronological explanation of...' is not a stem this paper sets; the 8-mark question is 'Write
  ok   #105 L8.practice_questions[3].text [HIGH] F3: this paper's 16-mark question is a knowledge essay on a quoted statement and supplies no sources; it was s
  ok   #106 L8.practice_questions[3].type [HIGH] F3: this paper's 16-mark question is a knowledge essay on a quoted statement and supplies no sources; it was s
  ok   #107 L8.practice_questions[3].marks [HIGH] F3: this paper's 16-mark question is a knowledge essay on a quoted statement and supplies no sources; it was s
  ok   #108 L8.practice_questions[4].text [HIGH] F2: there is no 8-mark source question on this paper. The 8-mark question is the narrative account; converted 
  ok   #109 L8.practice_questions[4].marks [HIGH] F2: there is no 8-mark source question on this paper. The 8-mark question is the narrative account; converted 
  ok   #110 L8.practice_questions[4].type [HIGH] F2: there is no 8-mark source question on this paper. The 8-mark question is the narrative account; converted 
  ok   #111 L8.practice_questions[5].text [MEDIUM] F4: 'Construct a chronological explanation of...' is not a stem this paper sets; the 8-mark question is 'Write
  ok   #112 L8.practice_questions[5].marks [MEDIUM] F21/F22: the bombardment ran about ten hours, and Fort Vaux was retaken on 2 November 1916.
  PATCH L8: content_html, exam_tip_html, practice_questions
  ok   #113 L9.content_html [MEDIUM] F24: the Somme preliminary bombardment fired about 1.5 million shells and Third Ypres about 4.25 million, so '
  ok   #114 L9.exam_tip_html [MEDIUM] F6: invented exam claim - the spec attributes no such expectation to examiners.
  ok   #115 L9.practice_questions[0].text [HIGH] F1: the 4-mark source question on this paper asks how you know, using the source and contextual knowledge; 'id
  ok   #116 L9.practice_questions[0].marks [HIGH] F1: the 4-mark source question on this paper asks how you know, using the source and contextual knowledge; 'id
  ok   #117 L9.practice_questions[1].text [MEDIUM] F4: 'Construct a chronological explanation of...' is not a stem this paper sets; the 8-mark question is 'Write
  ok   #118 L9.practice_questions[2].text [MEDIUM] F5: invented archive provenance on a composed source.
  ok   #119 L9.practice_questions[3].text [HIGH] F3: this paper's 16-mark question is a knowledge essay on a quoted statement and supplies no sources; it was s
  ok   #120 L9.practice_questions[3].type [HIGH] F3: this paper's 16-mark question is a knowledge essay on a quoted statement and supplies no sources; it was s
  ok   #121 L9.practice_questions[3].marks [HIGH] F3: this paper's 16-mark question is a knowledge essay on a quoted statement and supplies no sources; it was s
  ok   #122 L9.practice_questions[4].text [HIGH] F2: there is no 8-mark source question on this paper. The 8-mark question is the narrative account; converted 
  ok   #123 L9.practice_questions[4].marks [HIGH] F2: there is no 8-mark source question on this paper. The 8-mark question is the narrative account; converted 
  ok   #124 L9.practice_questions[4].type [HIGH] F2: there is no 8-mark source question on this paper. The 8-mark question is the narrative account; converted 
  ok   #125 L9.practice_questions[5].text [MEDIUM] F4: 'Construct a chronological explanation of...' is not a stem this paper sets; the 8-mark question is 'Write
  PATCH L9: content_html, exam_tip_html, practice_questions
  ok   #126 L10.content_html [MEDIUM] F25: Churchill did not resign from the Admiralty; he was moved out of it in the coalition reshuffle of May 191
  ok   #127 L10.flashcard_questions[6].a [MEDIUM] F25: he was moved out of the Admiralty rather than resigning from it.
  ok   #128 L10.exam_tip_html [MEDIUM] F6: invented exam claim - the spec attributes no such expectation to examiners.
  ok   #129 L10.practice_questions[0].text [HIGH] F1: the 4-mark source question on this paper asks how you know, using the source and contextual knowledge; 'id
  ok   #130 L10.practice_questions[0].marks [HIGH] F1: the 4-mark source question on this paper asks how you know, using the source and contextual knowledge; 'id
  ok   #131 L10.practice_questions[1].text [MEDIUM] F5: invented archive provenance on a composed source.
  ok   #132 L10.practice_questions[2].text [MEDIUM] F4: 'Construct a chronological explanation of...' is not a stem this paper sets; the 8-mark question is 'Write
  ok   #133 L10.practice_questions[3].text [HIGH] F3: this paper's 16-mark question is a knowledge essay on a quoted statement and supplies no sources; it was s
  ok   #134 L10.practice_questions[3].type [HIGH] F3: this paper's 16-mark question is a knowledge essay on a quoted statement and supplies no sources; it was s
  ok   #135 L10.practice_questions[3].marks [HIGH] F3: this paper's 16-mark question is a knowledge essay on a quoted statement and supplies no sources; it was s
  ok   #136 L10.practice_questions[4].text [HIGH] F2: there is no 8-mark source question on this paper. The 8-mark question is the narrative account; converted 
  ok   #137 L10.practice_questions[4].marks [HIGH] F2: there is no 8-mark source question on this paper. The 8-mark question is the narrative account; converted 
  ok   #138 L10.practice_questions[4].type [HIGH] F2: there is no 8-mark source question on this paper. The 8-mark question is the narrative account; converted 
  ok   #139 L10.practice_questions[5].text [MEDIUM] F4: 'Construct a chronological explanation of...' is not a stem this paper sets; the 8-mark question is 'Write
  PATCH L10: content_html, flashcard_questions, exam_tip_html, practice_questions
  ok   #140 L11.content_html [MEDIUM] F26: the 1909 Declaration of London was never ratified and never came into force, so it required nothing; the 
  ok   #141 L11.content_html [LOW] F27: 1,198 is the total of passengers and crew, not passengers alone.
  ok   #142 L11.flashcard_questions[5].a [LOW] F27: 1,198 is the total of passengers and crew.
  ok   #143 L11.content_html [HIGH] F28: the Kiel mutiny began on 3 November 1918. The sortie order was issued on 24 October and crews first refus
  ok   #144 L11.exam_tip_html [MEDIUM] F6: invented exam claim - the spec attributes no such expectation to examiners.
  ok   #145 L11.practice_questions[0].text [HIGH] F1: the 4-mark source question on this paper asks how you know, using the source and contextual knowledge; 'id
  ok   #146 L11.practice_questions[0].marks [HIGH] F1: the 4-mark source question on this paper asks how you know, using the source and contextual knowledge; 'id
  ok   #147 L11.practice_questions[1].text [MEDIUM] F4: 'Construct a chronological explanation of...' is not a stem this paper sets; the 8-mark question is 'Write
  ok   #148 L11.practice_questions[2].text [HIGH] F29: Jellicoe was the leading opponent of convoying, not its advocate, and the first convoy had already sailed
  ok   #149 L11.practice_questions[2].marks [HIGH] F29: follows the corrected attribution of Source B.
  ok   #150 L11.practice_questions[3].text [HIGH] F3: this paper's 16-mark question is a knowledge essay on a quoted statement and supplies no sources; it was s
  ok   #151 L11.practice_questions[3].type [HIGH] F3: this paper's 16-mark question is a knowledge essay on a quoted statement and supplies no sources; it was s
  ok   #152 L11.practice_questions[3].marks [HIGH] F3: this paper's 16-mark question is a knowledge essay on a quoted statement and supplies no sources; it was s
  ok   #153 L11.practice_questions[4].text [HIGH] F2: there is no 8-mark source question on this paper. The 8-mark question is the narrative account; converted 
  ok   #154 L11.practice_questions[4].marks [HIGH] F2: there is no 8-mark source question on this paper. The 8-mark question is the narrative account; converted 
  ok   #155 L11.practice_questions[4].type [HIGH] F2: there is no 8-mark source question on this paper. The 8-mark question is the narrative account; converted 
  ok   #156 L11.practice_questions[5].text [MEDIUM] F4: 'Construct a chronological explanation of...' is not a stem this paper sets; the 8-mark question is 'Write
  PATCH L11: content_html, flashcard_questions, exam_tip_html, practice_questions
  ok   #157 L12.content_html [HIGH] F30: invented exam claim inside the article text.
  ok   #158 L12.exam_tip_html [HIGH] F16: the tip coached a source-based essay and attributed its advice to examiner reports.
  ok   #159 L12.exam_tip_html [HIGH] F16: no sources are supplied on the 16-mark question.
  ok   #160 L12.exam_tip_html [MEDIUM] F16: the SPaG marks on this question were not mentioned.
  ok   #161 L12.practice_questions[0].text [HIGH] F1: the 4-mark source question on this paper asks how you know, using the source and contextual knowledge; 'id
  ok   #162 L12.practice_questions[0].marks [HIGH] F1: the 4-mark source question on this paper asks how you know, using the source and contextual knowledge; 'id
  ok   #163 L12.practice_questions[1].text [MEDIUM] F5: invented archive provenance on a composed source.
  ok   #164 L12.practice_questions[2].text [MEDIUM] F4: 'Construct a chronological explanation of...' is not a stem this paper sets; the 8-mark question is 'Write
  ok   #165 L12.practice_questions[3].text [HIGH] F3: this paper's 16-mark question is a knowledge essay on a quoted statement and supplies no sources; it was s
  ok   #166 L12.practice_questions[3].type [HIGH] F3: this paper's 16-mark question is a knowledge essay on a quoted statement and supplies no sources; it was s
  ok   #167 L12.practice_questions[3].marks [HIGH] F3: this paper's 16-mark question is a knowledge essay on a quoted statement and supplies no sources; it was s
  ok   #168 L12.practice_questions[4].text [HIGH] F2: there is no 8-mark source question on this paper. The 8-mark question is the narrative account; converted 
  ok   #169 L12.practice_questions[4].marks [HIGH] F2: there is no 8-mark source question on this paper. The 8-mark question is the narrative account; converted 
  ok   #170 L12.practice_questions[4].type [HIGH] F2: there is no 8-mark source question on this paper. The 8-mark question is the narrative account; converted 
  ok   #171 L12.practice_questions[5].text [MEDIUM] F4: 'Construct a chronological explanation of...' is not a stem this paper sets; the 8-mark question is 'Write
  ok   #172 L12.flashcard_questions[7].a [MEDIUM] F8: comma-list answer; matches the validator's enumeration pattern.
  PATCH L12: content_html, exam_tip_html, practice_questions, flashcard_questions
  ok   #173 L13.content_html [HIGH] F31: the order of events was reversed - Foch was appointed on 26 March, before Haig's order of 11 April, which
  ok   #174 L13.content_html [MEDIUM] F32: Ludendorff left office on 26 October 1918.
  ok   #175 L13.content_html [HIGH] F28: the Kiel mutiny began on 3 November 1918. The sortie order was issued on 24 October and the first refusal
  ok   #176 L13.conclusion_html [HIGH] F28: the Kiel mutiny began on 3 November 1918.
  ok   #177 L13.exam_tip_html [HIGH] F16: the tip coached a source-based essay and attributed its advice to examiner reports.
  ok   #178 L13.exam_tip_html [MEDIUM] F16: the SPaG marks on this question were not mentioned.
  ok   #179 L13.practice_questions[0].text [HIGH] F1: the 4-mark source question on this paper asks how you know, using the source and contextual knowledge; 'id
  ok   #180 L13.practice_questions[0].marks [HIGH] F1: the 4-mark source question on this paper asks how you know, using the source and contextual knowledge; 'id
  ok   #181 L13.practice_questions[1].text [MEDIUM] F4: 'Construct a chronological explanation of...' is not a stem this paper sets; the 8-mark question is 'Write
  ok   #182 L13.practice_questions[2].text [MEDIUM] F5: invented archive provenance on a composed source.
  ok   #183 L13.practice_questions[3].text [HIGH] F3: this paper's 16-mark question is a knowledge essay on a quoted statement and supplies no sources; it was s
  ok   #184 L13.practice_questions[3].type [HIGH] F3: this paper's 16-mark question is a knowledge essay on a quoted statement and supplies no sources; it was s
  ok   #185 L13.practice_questions[3].marks [HIGH] F3: this paper's 16-mark question is a knowledge essay on a quoted statement and supplies no sources; it was s
  ok   #186 L13.practice_questions[4].text [HIGH] F2: there is no 8-mark source question on this paper. The 8-mark question is the narrative account; converted 
  ok   #187 L13.practice_questions[4].marks [HIGH] F2: there is no 8-mark source question on this paper. The 8-mark question is the narrative account; converted 
  ok   #188 L13.practice_questions[4].type [HIGH] F2: there is no 8-mark source question on this paper. The 8-mark question is the narrative account; converted 
  ok   #189 L13.practice_questions[5].text [MEDIUM] F4: 'Construct a chronological explanation of...' is not a stem this paper sets; the 8-mark question is 'Write
  ok   #190 L13.practice_questions[5].marks [HIGH] F28: the Kiel mutiny began on 3 November 1918.
  ok   #191 L13.flashcard_questions[2].q [MEDIUM] F8: comma-list answer; matches the validator's enumeration pattern.
  ok   #192 L13.flashcard_questions[2].a [MEDIUM] F8: comma-list answer; matches the validator's enumeration pattern.
  ok   #193 L13.flashcard_questions[8].a [HIGH] F28: the Kiel mutiny began on 3 November 1918.
  PATCH L13: content_html, conclusion_html, exam_tip_html, practice_questions, flashcard_questions
=== 194 applied, 0 skipped, 13 lessons / 44 fields changed
