=== APPLY EDITS english-literature-eduqas/a-christmas-carol  129 edits  LIVE  2026-09-04T02:18:47.118Z
  ok   #0 L1.practice_questions[0].type [HIGH] F1: the 19th-century prose question is a single 40-mark source-based question, so a 20-mark label is wrong.
  ok   #1 L1.practice_questions[0].marks [MEDIUM] F2: ladder rescaled to 40 marks and to the five house bands; the invented AO split and the AO4 line removed (n
  ok   #2 L1.practice_questions[1].type [HIGH] F1: the 19th-century prose question is a single 40-mark source-based question, so a 20-mark label is wrong.
  ok   #3 L1.practice_questions[1].marks [MEDIUM] F2: ladder rescaled to 40 marks and to the five house bands; the invented AO split and the AO4 line removed (n
  ok   #4 L1.practice_questions[2].marks [MEDIUM] F2: ladder rescaled to 40 marks and to the five house bands; the invented AO split and the AO4 line removed (n
  ok   #5 L1.practice_questions[3].type [HIGH] F1: the 19th-century prose question is a single 40-mark source-based question, so a 20-mark label is wrong.
  ok   #6 L1.practice_questions[3].marks [MEDIUM] F2: ladder rescaled to 40 marks and to the five house bands; the invented AO split and the AO4 line removed (n
  ok   #7 L1.practice_questions[4].type [HIGH] F1: the 19th-century prose question is a single 40-mark source-based question, so a 20-mark label is wrong.
  ok   #8 L1.practice_questions[4].marks [MEDIUM] F2: ladder rescaled to 40 marks and to the five house bands; the invented AO split and the AO4 line removed (n
  ok   #9 L1.practice_questions[5].marks [MEDIUM] F2: ladder rescaled to 40 marks and to the five house bands; the invented AO split and the AO4 line removed (n
  ok   #83 L1.description [HIGH] F3: house rule - Eduqas lessons never name the board or the spec code in student-facing text.
  ok   #84 L1.content_html [MEDIUM] F13: the report Dickens read in 1843 was the Second Report of the Children’s Employment Commission, on trades 
  ok   #85 L1.content_html [HIGH] F3: house rule - Eduqas lessons never name the board or the spec code in student-facing text.
  ok   #86 L1.content_html [HIGH] F3: house rule - Eduqas lessons never name the board or the spec code in student-facing text.
  ok   #87 L1.exam_tip_html [HIGH] F4: Section B of the 19th-century prose paper assesses AO1, AO2 and AO3 (context) only, so spelling, punctuati
  ok   #88 L1.flashcard_questions[2].q [LOW] F15: the Old Joe scene is not at the opening of Stave 4; the businessmen scene comes first.
  ok   #89 L1.flashcard_questions[11].q [MEDIUM] F7: the novella does not end at Christmas dinner. Stave 5 ends the next morning at the office with Bob Cratchi
  ok   #90 L1.flashcard_questions[11].a [MEDIUM] F7: answer reworded to match the corrected question.
  PATCH L1: practice_questions, description, content_html, exam_tip_html, flashcard_questions
  ok   #10 L2.practice_questions[0].type [HIGH] F1: the 19th-century prose question is a single 40-mark source-based question, so a 20-mark label is wrong.
  ok   #11 L2.practice_questions[0].marks [MEDIUM] F2: ladder rescaled to 40 marks and to the five house bands; the invented AO split and the AO4 line removed (n
  ok   #12 L2.practice_questions[1].type [HIGH] F1: the 19th-century prose question is a single 40-mark source-based question, so a 20-mark label is wrong.
  ok   #13 L2.practice_questions[1].marks [MEDIUM] F2: ladder rescaled to 40 marks and to the five house bands; the invented AO split and the AO4 line removed (n
  ok   #14 L2.practice_questions[2].marks [MEDIUM] F2: ladder rescaled to 40 marks and to the five house bands; the invented AO split and the AO4 line removed (n
  ok   #15 L2.practice_questions[3].type [HIGH] F1: the 19th-century prose question is a single 40-mark source-based question, so a 20-mark label is wrong.
  ok   #16 L2.practice_questions[3].marks [MEDIUM] F2: ladder rescaled to 40 marks and to the five house bands; the invented AO split and the AO4 line removed (n
  ok   #17 L2.practice_questions[4].type [HIGH] F1: the 19th-century prose question is a single 40-mark source-based question, so a 20-mark label is wrong.
  ok   #18 L2.practice_questions[4].marks [MEDIUM] F2: ladder rescaled to 40 marks and to the five house bands; the invented AO split and the AO4 line removed (n
  ok   #19 L2.practice_questions[5].type [HIGH] F1: the 19th-century prose question is a single 40-mark source-based question, so a 20-mark label is wrong.
  ok   #20 L2.practice_questions[5].marks [MEDIUM] F2: ladder rescaled to 40 marks and to the five house bands; the invented AO split and the AO4 line removed (n
  ok   #91 L2.exam_tip_html [HIGH] F3: house rule - Eduqas lessons never name the board or the spec code in student-facing text.
  ok   #92 L2.exam_tip_html [HIGH] F4: Section B of the 19th-century prose paper assesses AO1, AO2 and AO3 (context) only, so spelling, punctuati
  ok   #93 L2.flashcard_questions[7].a [MEDIUM] F9: the Stave 1 allusion Dickens makes is to Hamlet, as this unit states elsewhere. Marley’s chain alluding to
  PATCH L2: practice_questions, exam_tip_html, flashcard_questions
  ok   #21 L3.practice_questions[0].type [HIGH] F1: the 19th-century prose question is a single 40-mark source-based question, so a 20-mark label is wrong.
  ok   #22 L3.practice_questions[0].marks [MEDIUM] F2: ladder rescaled to 40 marks and to the five house bands; the invented AO split and the AO4 line removed (n
  ok   #23 L3.practice_questions[1].type [HIGH] F1: the 19th-century prose question is a single 40-mark source-based question, so a 20-mark label is wrong.
  ok   #24 L3.practice_questions[1].marks [MEDIUM] F2: ladder rescaled to 40 marks and to the five house bands; the invented AO split and the AO4 line removed (n
  ok   #25 L3.practice_questions[2].marks [MEDIUM] F2: ladder rescaled to 40 marks and to the five house bands; the invented AO split and the AO4 line removed (n
  ok   #26 L3.practice_questions[3].type [HIGH] F1: the 19th-century prose question is a single 40-mark source-based question, so a 20-mark label is wrong.
  ok   #27 L3.practice_questions[3].marks [MEDIUM] F2: ladder rescaled to 40 marks and to the five house bands; the invented AO split and the AO4 line removed (n
  ok   #28 L3.practice_questions[4].type [HIGH] F1: the 19th-century prose question is a single 40-mark source-based question, so a 20-mark label is wrong.
  ok   #29 L3.practice_questions[4].marks [MEDIUM] F2: ladder rescaled to 40 marks and to the five house bands; the invented AO split and the AO4 line removed (n
  ok   #30 L3.practice_questions[5].type [HIGH] F1: the 19th-century prose question is a single 40-mark source-based question, so a 20-mark label is wrong.
  ok   #31 L3.practice_questions[5].marks [MEDIUM] F2: ladder rescaled to 40 marks and to the five house bands; the invented AO split and the AO4 line removed (n
  ok   #94 L3.content_html [MEDIUM] F12: the pop-up definition attached to the word “metaphor” defines allegory, not metaphor.
  ok   #95 L3.content_html [LOW] F14: Dickens does not show Scrooge laughing at Fezziwig’s ball - he “enjoyed everything”. Stave 5 calls his la
  ok   #96 L3.content_html [HIGH] F3: house rule - Eduqas lessons never name the board or the spec code in student-facing text.
  ok   #97 L3.content_html [HIGH] F3: house rule - Eduqas lessons never name the board or the spec code in student-facing text.
  ok   #98 L3.exam_tip_html [HIGH] F3: house rule - Eduqas lessons never name the board or the spec code in student-facing text.
  PATCH L3: practice_questions, content_html, exam_tip_html
  ok   #32 L4.practice_questions[0].type [HIGH] F1: the 19th-century prose question is a single 40-mark source-based question, so a 20-mark label is wrong.
  ok   #33 L4.practice_questions[0].marks [MEDIUM] F2: ladder rescaled to 40 marks and to the five house bands; the invented AO split and the AO4 line removed (n
  ok   #34 L4.practice_questions[1].type [HIGH] F1: the 19th-century prose question is a single 40-mark source-based question, so a 20-mark label is wrong.
  ok   #35 L4.practice_questions[1].marks [MEDIUM] F2: ladder rescaled to 40 marks and to the five house bands; the invented AO split and the AO4 line removed (n
  ok   #36 L4.practice_questions[2].marks [MEDIUM] F2: ladder rescaled to 40 marks and to the five house bands; the invented AO split and the AO4 line removed (n
  ok   #37 L4.practice_questions[3].type [HIGH] F1: the 19th-century prose question is a single 40-mark source-based question, so a 20-mark label is wrong.
  ok   #38 L4.practice_questions[3].marks [MEDIUM] F2: ladder rescaled to 40 marks and to the five house bands; the invented AO split and the AO4 line removed (n
  ok   #39 L4.practice_questions[4].type [HIGH] F1: the 19th-century prose question is a single 40-mark source-based question, so a 20-mark label is wrong.
  ok   #40 L4.practice_questions[4].marks [MEDIUM] F2: ladder rescaled to 40 marks and to the five house bands; the invented AO split and the AO4 line removed (n
  ok   #41 L4.practice_questions[5].marks [MEDIUM] F2: ladder rescaled to 40 marks and to the five house bands; the invented AO split and the AO4 line removed (n
  ok   #99 L4.content_html [MEDIUM] F11: Dickens writes “in shape not unlike Plenty’s horn”. “Horn of Plenty” is not his wording.
  ok   #100 L4.exam_tip_html [HIGH] F3: house rule - Eduqas lessons never name the board or the spec code in student-facing text.
  ok   #101 L4.flashcard_questions[0].q [LOW] F16: broken wording “the Tiny Tim’s”.
  PATCH L4: practice_questions, content_html, exam_tip_html, flashcard_questions
  ok   #42 L5.practice_questions[0].type [HIGH] F1: the 19th-century prose question is a single 40-mark source-based question, so a 20-mark label is wrong.
  ok   #43 L5.practice_questions[0].marks [MEDIUM] F2: ladder rescaled to 40 marks and to the five house bands; the invented AO split and the AO4 line removed (n
  ok   #44 L5.practice_questions[1].type [HIGH] F1: the 19th-century prose question is a single 40-mark source-based question, so a 20-mark label is wrong.
  ok   #45 L5.practice_questions[1].marks [MEDIUM] F2: ladder rescaled to 40 marks and to the five house bands; the invented AO split and the AO4 line removed (n
  ok   #46 L5.practice_questions[2].marks [MEDIUM] F2: ladder rescaled to 40 marks and to the five house bands; the invented AO split and the AO4 line removed (n
  ok   #47 L5.practice_questions[3].type [HIGH] F1: the 19th-century prose question is a single 40-mark source-based question, so a 20-mark label is wrong.
  ok   #48 L5.practice_questions[3].marks [MEDIUM] F2: ladder rescaled to 40 marks and to the five house bands; the invented AO split and the AO4 line removed (n
  ok   #49 L5.practice_questions[4].type [HIGH] F1: the 19th-century prose question is a single 40-mark source-based question, so a 20-mark label is wrong.
  ok   #50 L5.practice_questions[4].marks [MEDIUM] F2: ladder rescaled to 40 marks and to the five house bands; the invented AO split and the AO4 line removed (n
  ok   #51 L5.practice_questions[5].type [HIGH] F1: the 19th-century prose question is a single 40-mark source-based question, so a 20-mark label is wrong.
  ok   #52 L5.practice_questions[5].marks [MEDIUM] F2: ladder rescaled to 40 marks and to the five house bands; the invented AO split and the AO4 line removed (n
  ok   #102 L5.content_html [MEDIUM] F8: the final line is “And so, as Tiny Tim observed, God bless Us, Every One!”. The quoted phrase comes from t
  ok   #103 L5.exam_tip_html [HIGH] F3: house rule - Eduqas lessons never name the board or the spec code in student-facing text.
  ok   #104 L5.flashcard_questions[12].q [MEDIUM] F8: the quoted phrase is not the closing line of the novella.
  PATCH L5: practice_questions, content_html, exam_tip_html, flashcard_questions
  ok   #53 L6.practice_questions[0].type [HIGH] F1: the 19th-century prose question is a single 40-mark source-based question, so a 20-mark label is wrong.
  ok   #54 L6.practice_questions[0].marks [MEDIUM] F2: ladder rescaled to 40 marks and to the five house bands; the invented AO split and the AO4 line removed (n
  ok   #55 L6.practice_questions[1].type [HIGH] F1: the 19th-century prose question is a single 40-mark source-based question, so a 20-mark label is wrong.
  ok   #56 L6.practice_questions[1].marks [MEDIUM] F2: ladder rescaled to 40 marks and to the five house bands; the invented AO split and the AO4 line removed (n
  ok   #57 L6.practice_questions[2].marks [MEDIUM] F2: ladder rescaled to 40 marks and to the five house bands; the invented AO split and the AO4 line removed (n
  ok   #58 L6.practice_questions[3].type [HIGH] F1: the 19th-century prose question is a single 40-mark source-based question, so a 20-mark label is wrong.
  ok   #59 L6.practice_questions[3].marks [MEDIUM] F2: ladder rescaled to 40 marks and to the five house bands; the invented AO split and the AO4 line removed (n
  ok   #60 L6.practice_questions[4].type [HIGH] F1: the 19th-century prose question is a single 40-mark source-based question, so a 20-mark label is wrong.
  ok   #61 L6.practice_questions[4].marks [MEDIUM] F2: ladder rescaled to 40 marks and to the five house bands; the invented AO split and the AO4 line removed (n
  ok   #62 L6.practice_questions[5].type [HIGH] F1: the 19th-century prose question is a single 40-mark source-based question, so a 20-mark label is wrong.
  ok   #63 L6.practice_questions[5].marks [MEDIUM] F2: ladder rescaled to 40 marks and to the five house bands; the invented AO split and the AO4 line removed (n
  ok   #105 L6.description [HIGH] F3: house rule - Eduqas lessons never name the board or the spec code in student-facing text.
  ok   #106 L6.content_html [HIGH] F3: house rule - Eduqas lessons never name the board or the spec code in student-facing text.
  ok   #107 L6.exam_tip_html [HIGH] F3: house rule - Eduqas lessons never name the board or the spec code in student-facing text.
  ok   #108 L6.flashcard_questions[11].a [MEDIUM] F10: Dickens writes “I see a vacant seat... in the poor chimney-corner”. “Empty seat in the corner” is not his
  PATCH L6: practice_questions, description, content_html, exam_tip_html, flashcard_questions
  ok   #64 L7.practice_questions[0].marks [MEDIUM] F2: ladder rescaled to 40 marks and to the five house bands; the invented AO split and the AO4 line removed (n
  ok   #65 L7.practice_questions[1].type [HIGH] F1: the 19th-century prose question is a single 40-mark source-based question, so a 20-mark label is wrong.
  ok   #66 L7.practice_questions[1].marks [MEDIUM] F2: ladder rescaled to 40 marks and to the five house bands; the invented AO split and the AO4 line removed (n
  ok   #67 L7.practice_questions[2].type [HIGH] F1: the 19th-century prose question is a single 40-mark source-based question, so a 20-mark label is wrong.
  ok   #68 L7.practice_questions[2].marks [MEDIUM] F2: ladder rescaled to 40 marks and to the five house bands; the invented AO split and the AO4 line removed (n
  ok   #69 L7.practice_questions[3].type [HIGH] F1: the 19th-century prose question is a single 40-mark source-based question, so a 20-mark label is wrong.
  ok   #70 L7.practice_questions[3].marks [MEDIUM] F2: ladder rescaled to 40 marks and to the five house bands; the invented AO split and the AO4 line removed (n
  ok   #71 L7.practice_questions[4].type [HIGH] F1: the 19th-century prose question is a single 40-mark source-based question, so a 20-mark label is wrong.
  ok   #72 L7.practice_questions[4].marks [MEDIUM] F2: ladder rescaled to 40 marks and to the five house bands; the invented AO split and the AO4 line removed (n
  ok   #73 L7.practice_questions[5].type [HIGH] F1: the 19th-century prose question is a single 40-mark source-based question, so a 20-mark label is wrong.
  ok   #74 L7.practice_questions[5].marks [MEDIUM] F2: ladder rescaled to 40 marks and to the five house bands; the invented AO split and the AO4 line removed (n
  ok   #109 L7.content_html [HIGH] F3: house rule - Eduqas lessons never name the board or the spec code in student-facing text.
  ok   #110 L7.exam_tip_html [HIGH] F3: house rule - Eduqas lessons never name the board or the spec code in student-facing text.
  PATCH L7: practice_questions, content_html, exam_tip_html
  ok   #75 L8.practice_questions[0].marks [MEDIUM] F2: ladder rescaled to 40 marks and to the five house bands; the invented AO split and the AO4 line removed (n
  ok   #76 L8.practice_questions[1].marks [MEDIUM] F2: ladder rescaled to 40 marks and to the five house bands; the invented AO split and the AO4 line removed (n
  ok   #77 L8.practice_questions[2].marks [MEDIUM] F2: ladder rescaled to 40 marks and to the five house bands; the invented AO split and the AO4 line removed (n
  ok   #78 L8.practice_questions[3].type [HIGH] F1: the 19th-century prose question is a single 40-mark source-based question, so a 20-mark label is wrong.
  ok   #79 L8.practice_questions[3].marks [MEDIUM] F2: ladder rescaled to 40 marks and to the five house bands; the invented AO split and the AO4 line removed (n
  ok   #80 L8.practice_questions[4].type [HIGH] F1: the 19th-century prose question is a single 40-mark source-based question, so a 20-mark label is wrong.
  ok   #81 L8.practice_questions[4].marks [MEDIUM] F2: ladder rescaled to 40 marks and to the five house bands; the invented AO split and the AO4 line removed (n
  ok   #82 L8.practice_questions[5].marks [MEDIUM] F2: ladder rescaled to 40 marks and to the five house bands; the invented AO split and the AO4 line removed (n
  ok   #111 L8.description [HIGH] F3: house rule - Eduqas lessons never name the board or the spec code in student-facing text.
  ok   #112 L8.content_html [HIGH] F4: Section B of the 19th-century prose paper assesses AO1, AO2 and AO3 (context) only, so spelling, punctuati
  ok   #113 L8.content_html [HIGH] F4: Section B of the 19th-century prose paper assesses AO1, AO2 and AO3 (context) only, so spelling, punctuati
  ok   #114 L8.content_html [HIGH] F4: Section B of the 19th-century prose paper assesses AO1, AO2 and AO3 (context) only, so spelling, punctuati
  ok   #115 L8.content_html [HIGH] F4: Section B of the 19th-century prose paper assesses AO1, AO2 and AO3 (context) only, so spelling, punctuati
  ok   #116 L8.content_html [MEDIUM] F4: Section B of the 19th-century prose paper assesses AO1, AO2 and AO3 (context) only, so spelling, punctuati
  ok   #117 L8.content_html [HIGH] F4: Section B of the 19th-century prose paper assesses AO1, AO2 and AO3 (context) only, so spelling, punctuati
  ok   #118 L8.content_html [HIGH] F4: Section B of the 19th-century prose paper assesses AO1, AO2 and AO3 (context) only, so spelling, punctuati
  ok   #119 L8.content_html [HIGH] F4: Section B of the 19th-century prose paper assesses AO1, AO2 and AO3 (context) only, so spelling, punctuati
  ok   #120 L8.conclusion_html [HIGH] F5: the board names no split of the 40 marks between objectives, and AO4 is not assessed on the 19th-century p
  ok   #121 L8.conclusion_html [HIGH] F4: Section B of the 19th-century prose paper assesses AO1, AO2 and AO3 (context) only, so spelling, punctuati
  ok   #122 L8.exam_tip_html [HIGH] F4: Section B of the 19th-century prose paper assesses AO1, AO2 and AO3 (context) only, so spelling, punctuati
  ok   #123 L8.practice_questions[4].text [HIGH] F3: house rule - Eduqas lessons never name the board or the spec code in student-facing text.
  ok   #124 L8.knowledge_checks[0].q [HIGH] F3: house rule - Eduqas lessons never name the board or the spec code in student-facing text.
  ok   #125 L8.knowledge_checks[1].q [HIGH] F6: the question rewarded AO4, which is not assessed on the 19th-century prose question. Retargeted to AO3, wh
  ok   #126 L8.knowledge_checks[1].correct [HIGH] F6: answer key moved to AO3 to match the corrected question.
  ok   #127 L8.flashcard_questions[3].q [HIGH] F4: Section B of the 19th-century prose paper assesses AO1, AO2 and AO3 (context) only, so spelling, punctuati
  ok   #128 L8.flashcard_questions[3].a [HIGH] F4: Section B of the 19th-century prose paper assesses AO1, AO2 and AO3 (context) only, so spelling, punctuati
  PATCH L8: practice_questions, description, content_html, conclusion_html, exam_tip_html, knowledge_checks, flashcard_questions
=== 129 applied, 0 skipped, 8 lessons / 34 fields changed
