
=== RE-NARRATION (changed narrated text only) ===
backup: C:\Users\tshau\Documents\Study Vault\scripts\_retrofc\units\english-literature-eduqas__a-christmas-carol\_backup.json
unit:   english-literature-eduqas / a-christmas-carol
run: 2026-09-04T02:18:50Z  mode: LIVE

8 lessons, 26 clips to regenerate

  L01 (Ollie)  Context: Victorian Poverty & Dickens' Purpose
      n3: In 1843, Dickens read a Parliamentary Commission report on the employment of children in factories and worksho
             -> 305 KB, 26.0s, uploaded
      n16: Your Exam Question & Context
             -> 33 KB, 2.8s, uploaded
      n17: In the exam, you will receive a printed extract from A Christmas Carol and must write about both the extract a
             -> 332 KB, 28.4s, uploaded
      manifest updated (21 entries)
  L02 (Ada)  Stave 1: Scrooge & Marley's Ghost
      n17: For your 19th-century prose question on A Christmas Carol , you will be given a printed extract. Always start 
             -> 326 KB, 27.8s, uploaded
      manifest updated (21 entries)
  L03 (Ollie)  Stave 2: Ghost of Christmas Past
      n15: Throughout Stave 2, Scrooge shows increasing emotional distress. He weeps at seeing his lonely childhood self,
             -> 319 KB, 27.2s, uploaded
      n16: Stave 2 in the Exam
             -> 27 KB, 2.3s, uploaded
      n17: Stave 2 is rich material for the 19th-century prose extract question. The ghost’s appearance, the childhood sc
             -> 252 KB, 21.5s, uploaded
      n18: If your extract comes from Stave 2, focus on how Dickens uses memory to begin Scrooge’s transformation. Analys
             -> 238 KB, 20.3s, uploaded
      manifest updated (22 entries)
  L04 (Ada)  Stave 3: Ghost of Christmas Present
      n2: The second spirit is the Ghost of Christmas Present . Dickens describes it as a “jolly Giant” dressed in a gre
             -> 363 KB, 31.0s, uploaded
      n17: Stave 3 gives you some of the richest extract material in the novella. If you get an extract about the Cratchi
             -> 304 KB, 26.0s, uploaded
      manifest updated (21 entries)
  L05 (Ollie)  Staves 4-5: Redemption
      n11: The novella’s closing verdict on Scrooge — “it was always said of him, that he knew how to keep Christmas well
             -> 256 KB, 21.9s, uploaded
      n18: Stave 4 is strong extract material because of its rich Gothic imagery and emotional power. If you get an extra
             -> 275 KB, 23.5s, uploaded
      manifest updated (22 entries)
  L06 (Ada)  Character Analysis
      n2: Dickens uses his characters not just as people in a story, but as vehicles for his social message. Each major 
             -> 251 KB, 21.4s, uploaded
      n19: In the exam, character questions require you to analyse how Dickens presents a character (AO2: language and st
             -> 283 KB, 24.1s, uploaded
      manifest updated (23 entries)
  L07 (Ollie)  Structure, Language & Symbolism
      n2: For the exam, you need to be able to identify and analyse the key themes that run through the novella. Themes 
             -> 327 KB, 27.9s, uploaded
      n20: When writing about themes in the exam, always link them to Dickens’s methods and purpose. Don’t just say “the 
             -> 281 KB, 24.0s, uploaded
      manifest updated (24 entries)
  L08 (Ada)  Key Themes & Exam Technique
      n2: 19th-century novel questions typically give you a printed extract from the text and ask you to write about its
             -> 354 KB, 30.2s, uploaded
      n3: Key Fact . This question rewards three Assessment Objectives: AO1 (maintaining a critical argument supported b
             -> 308 KB, 26.3s, uploaded
      n8: Step 3: Write your response. Open with a clear statement about the extract’s significance. Then work through y
             -> 199 KB, 17.0s, uploaded
      n10: Step 5: Proofread. Use your final few minutes to check spelling, punctuation, and sentence structure. Clear wr
             -> 162 KB, 13.8s, uploaded
      n14: The strongest paragraphs integrate several AOs seamlessly. Begin with a clear analytical point about the extra
             -> 465 KB, 39.7s, uploaded
      n17: Treat the extract as a window into the whole novella, not a destination. The extract provides your closest tex
             -> 247 KB, 21.1s, uploaded
      n24: The most common mistakes in 19th-century novel responses are: (1) Only writing about the extract — you must co
             -> 399 KB, 34.0s, uploaded
      n25: Time management is crucial. Spend 5 minutes reading and planning, 35–40 minutes writing, and 5 minutes proofre
             -> 336 KB, 28.7s, uploaded
      n27: The A Christmas Carol question is worth 40 marks and is marked on AO1, AO2 and AO3 (context).
             -> 95 KB, 8.1s, uploaded
      n29: Use literary terminology, plan before writing, and leave time to check your argument. Structure each paragraph
             -> 130 KB, 11.1s, uploaded
      manifest updated (29 entries)

Regenerated 26 clips.

=== VERIFY (ranged GET + freshness) ===
  206  L01 n3  bytes 0-3/312480  Last-Modified: Fri, 04 Sep 2026 02:18:57 GMT  mp3-sync=OK
  206  L01 n16  bytes 0-3/33696  Last-Modified: Fri, 04 Sep 2026 02:18:58 GMT  mp3-sync=OK
  206  L01 n17  bytes 0-3/340416  Last-Modified: Fri, 04 Sep 2026 02:19:04 GMT  mp3-sync=OK
  206  L02 n17  bytes 0-3/333792  Last-Modified: Fri, 04 Sep 2026 02:19:10 GMT  mp3-sync=OK
  206  L03 n15  bytes 0-3/326304  Last-Modified: Fri, 04 Sep 2026 02:19:16 GMT  mp3-sync=OK
  206  L03 n16  bytes 0-3/27360  Last-Modified: Fri, 04 Sep 2026 02:19:17 GMT  mp3-sync=OK
  206  L03 n17  bytes 0-3/257760  Last-Modified: Fri, 04 Sep 2026 02:19:21 GMT  mp3-sync=OK
  206  L03 n18  bytes 0-3/243936  Last-Modified: Fri, 04 Sep 2026 02:19:24 GMT  mp3-sync=OK
  206  L04 n2  bytes 0-3/372096  Last-Modified: Fri, 04 Sep 2026 02:19:30 GMT  mp3-sync=OK
  206  L04 n17  bytes 0-3/311616  Last-Modified: Fri, 04 Sep 2026 02:19:35 GMT  mp3-sync=OK
  206  L05 n11  bytes 0-3/262368  Last-Modified: Fri, 04 Sep 2026 02:19:39 GMT  mp3-sync=OK
  206  L05 n18  bytes 0-3/281952  Last-Modified: Fri, 04 Sep 2026 02:19:43 GMT  mp3-sync=OK
  206  L06 n2  bytes 0-3/256896  Last-Modified: Fri, 04 Sep 2026 02:19:48 GMT  mp3-sync=OK
  206  L06 n19  bytes 0-3/289440  Last-Modified: Fri, 04 Sep 2026 02:19:52 GMT  mp3-sync=OK
  206  L07 n2  bytes 0-3/334944  Last-Modified: Fri, 04 Sep 2026 02:19:57 GMT  mp3-sync=OK
  206  L07 n20  bytes 0-3/287712  Last-Modified: Fri, 04 Sep 2026 02:20:02 GMT  mp3-sync=OK
  206  L08 n2  bytes 0-3/362592  Last-Modified: Fri, 04 Sep 2026 02:20:07 GMT  mp3-sync=OK
  206  L08 n3  bytes 0-3/315648  Last-Modified: Fri, 04 Sep 2026 02:20:12 GMT  mp3-sync=OK
  206  L08 n8  bytes 0-3/203904  Last-Modified: Fri, 04 Sep 2026 02:20:15 GMT  mp3-sync=OK
  206  L08 n10  bytes 0-3/165600  Last-Modified: Fri, 04 Sep 2026 02:20:18 GMT  mp3-sync=OK
  206  L08 n14  bytes 0-3/476640  Last-Modified: Fri, 04 Sep 2026 02:20:25 GMT  mp3-sync=OK
  206  L08 n17  bytes 0-3/252576  Last-Modified: Fri, 04 Sep 2026 02:20:29 GMT  mp3-sync=OK
  206  L08 n24  bytes 0-3/408096  Last-Modified: Fri, 04 Sep 2026 02:20:35 GMT  mp3-sync=OK
  206  L08 n25  bytes 0-3/343872  Last-Modified: Fri, 04 Sep 2026 02:20:40 GMT  mp3-sync=OK
  206  L08 n27  bytes 0-3/97344  Last-Modified: Fri, 04 Sep 2026 02:20:42 GMT  mp3-sync=OK
  206  L08 n29  bytes 0-3/133344  Last-Modified: Fri, 04 Sep 2026 02:20:44 GMT  mp3-sync=OK

26/26 clips verified HTTP 200/206 with fresh audio.
