=== APPLY EDITS creative-imedia/the-media-industry  40 edits  LIVE  2026-09-18T09:24:01.177Z
  ok   #0 L1.content_html [MEDIUM] F1: the exam board must not be named in student-facing text.
  ok   #1 L1.conclusion_html [MEDIUM] F2: spec code removed (house copyright-distancing rule).
  ok   #2 L1.flashcard_questions[3].q [MEDIUM] F3: filler card duplicated the answer of card 1.
  ok   #3 L1.flashcard_questions[3].a [MEDIUM] F3: answer must be unique within the deck.
  ok   #4 L1.practice_questions[2].marks [MEDIUM] F4: mark scheme credited a false date claim; the internet and computer games are decades old.
  ok   #30 L1.practice_questions[4].marks [LOW] F17: band ladder uses the house vocabulary (Top / Upper-mid / Mid / Lower-mid / Low).
  ok   #31 L1.practice_questions[5].marks [LOW] F17: band ladder uses the house vocabulary (Top / Upper-mid / Mid / Lower-mid / Low).
  PATCH L1: content_html, conclusion_html, flashcard_questions, practice_questions
  ok   #5 L2.content_html [MEDIUM] F5: the exam board must not be named in student-facing text.
  ok   #6 L2.flashcard_questions[3].q [HIGH] F6: auto-generated cloze card gave its own answer away in the question.
  ok   #7 L2.flashcard_questions[3].a [HIGH] F6: answer word appeared in its own question.
  ok   #8 L2.flashcard_questions[4].q [HIGH] F7: auto-generated cloze card gave its own answer away in the question.
  ok   #9 L2.flashcard_questions[4].a [HIGH] F7: answer word appeared in its own question.
  ok   #32 L2.practice_questions[4].marks [LOW] F17: band ladder uses the house vocabulary (Top / Upper-mid / Mid / Lower-mid / Low).
  ok   #33 L2.practice_questions[5].marks [LOW] F17: band ladder uses the house vocabulary (Top / Upper-mid / Mid / Lower-mid / Low).
  PATCH L2: content_html, flashcard_questions, practice_questions
  ok   #10 L3.content_html [HIGH] F8: types of animation are taught in the optional animation NEA unit, not in this exam unit.
  ok   #11 L3.practice_questions[0].text [HIGH] F8: the exam unit cannot ask for types of animation; it lists 13 product types.
  ok   #12 L3.practice_questions[0].marks [HIGH] F8: mark scheme rebuilt from the exam unit's own product list.
  ok   #13 L3.flashcard_questions[1].q [MEDIUM] F9: the card's question contained every word of its own answer.
  ok   #34 L3.practice_questions[4].marks [LOW] F17: band ladder uses the house vocabulary (Top / Upper-mid / Mid / Lower-mid / Low).
  ok   #35 L3.practice_questions[5].marks [LOW] F17: band ladder uses the house vocabulary (Top / Upper-mid / Mid / Lower-mid / Low).
  PATCH L3: content_html, practice_questions, flashcard_questions
  ok   #14 L4.content_html [MEDIUM] F10: the exam board must not be named in student-facing text.
  ok   #15 L4.content_html [HIGH] F11: the spec names three production phases, not four; distribution is a separate topic area.
  ok   #16 L4.content_html [HIGH] F11: the spec names three production phases.
  ok   #17 L4.conclusion_html [HIGH] F11: the spec names three production phases.
  ok   #18 L4.knowledge_checks[2].q [HIGH] F11: the check taught a fourth phase that the spec does not name.
  ok   #19 L4.knowledge_checks[2].options [HIGH] F11: options rebuilt for the three-phase answer.
  ok   #20 L4.knowledge_checks[2].correct [HIGH] F11: correct index now points to post-production.
  ok   #21 L4.flashcard_questions[0].q [HIGH] F11: definition corrected to three phases.
  ok   #22 L4.glossary_terms[0].definition [HIGH] F11: definition corrected to three phases.
  ok   #23 L4.flashcard_questions[3].q [MEDIUM] F12: filler card duplicated the answer of card 1.
  ok   #24 L4.flashcard_questions[3].a [MEDIUM] F12: answer must be unique within the deck.
  ok   #36 L4.practice_questions[4].marks [LOW] F17: band ladder uses the house vocabulary (Top / Upper-mid / Mid / Lower-mid / Low).
  ok   #37 L4.practice_questions[5].marks [LOW] F17: band ladder uses the house vocabulary (Top / Upper-mid / Mid / Lower-mid / Low).
  PATCH L4: content_html, conclusion_html, knowledge_checks, flashcard_questions, glossary_terms, practice_questions
  ok   #25 L5.content_html [MEDIUM] F13: the exam board must not be named in student-facing text.
  ok   #26 L5.content_html [MEDIUM] F14: the spec lists five transferable skills; teamwork is not one of them.
  ok   #27 L5.content_html [MEDIUM] F15: distribution was set out as a fourth production phase.
  ok   #28 L5.flashcard_questions[4].q [MEDIUM] F16: filler card duplicated the answer of card 1.
  ok   #29 L5.flashcard_questions[4].a [MEDIUM] F16: answer must be unique within the deck.
  ok   #38 L5.practice_questions[4].marks [LOW] F17: band ladder uses the house vocabulary (Top / Upper-mid / Mid / Lower-mid / Low).
  ok   #39 L5.practice_questions[5].marks [LOW] F17: band ladder uses the house vocabulary (Top / Upper-mid / Mid / Lower-mid / Low).
  PATCH L5: content_html, flashcard_questions, practice_questions
=== 40 applied, 0 skipped, 5 lessons / 19 fields changed
