
=== RE-NARRATION (changed narrated text only) ===
backup: C:\Users\tshau\Documents\Study Vault\scripts\_retrofc\units\creative-imedia@unity__the-media-industry\_backup.json
unit:   creative-imedia / the-media-industry
run: 2026-09-18T09:24:05Z  mode: LIVE

5 lessons, 10 clips to regenerate

  L01 (Ollie)  Introduction to Creative iMedia
      n2: The Cambridge National in Creative iMedia is a vocational qualification designed to give you knowledge and ski
             -> 177 KB, 15.1s, uploaded
      n20: Creative iMedia has one exam unit (R093) worth 40% of the qualification, covering four topic areas: the media 
             -> 176 KB, 15.0s, uploaded
      manifest updated (18 entries)
  L02 (Ada)  Sectors of the Media Industry
      n2: The media sector is a distinct area of the media industry. The specification divides the media industry into t
             -> 234 KB, 20.0s, uploaded
      manifest updated (21 entries)
  L03 (Ollie)  Products in the Media Industry
      n6: Animation involves creating the illusion of movement using a sequence of images. Animation itself is the produ
             -> 286 KB, 24.4s, uploaded
      manifest updated (22 entries)
  L04 (Ada)  Job Roles in the Media Industry (Part 1)
      n2: The media industry employs people in a wide range of job roles. The specification organises these into three c
             -> 248 KB, 21.2s, uploaded
      n3: Key Fact . There are three production phases: pre-production (planning, research, design), production (creatin
             -> 238 KB, 20.3s, uploaded
      n19: Each role contributes to specific production phases (pre-production, production, post-production), though some
             -> 145 KB, 12.3s, uploaded
      manifest updated (19 entries)
  L05 (Ollie)  Job Roles in the Media Industry (Part 2)
      n2: Senior roles in the media industry involve managing teams, overseeing projects, and making high-level creative
             -> 224 KB, 19.1s, uploaded
      n8: In pre-production , the script writer creates the screenplay, the director develops the creative vision, the p
             -> 503 KB, 42.9s, uploaded
      n17: The specification identifies several transferable skills that Creative iMedia develops: creative thinking, ana
             -> 189 KB, 16.1s, uploaded
      manifest updated (22 entries)

Regenerated 10 clips.

=== VERIFY (ranged GET + freshness) ===
  206  L01 n2  bytes 0-3/181728  Last-Modified: Fri, 18 Sep 2026 09:24:10 GMT  mp3-sync=OK
  206  L01 n20  bytes 0-3/179712  Last-Modified: Fri, 18 Sep 2026 09:24:13 GMT  mp3-sync=OK
  206  L02 n2  bytes 0-3/239904  Last-Modified: Fri, 18 Sep 2026 09:24:17 GMT  mp3-sync=OK
  206  L03 n6  bytes 0-3/292608  Last-Modified: Fri, 18 Sep 2026 09:24:21 GMT  mp3-sync=OK
  206  L04 n2  bytes 0-3/254016  Last-Modified: Fri, 18 Sep 2026 09:24:25 GMT  mp3-sync=OK
  206  L04 n3  bytes 0-3/243360  Last-Modified: Fri, 18 Sep 2026 09:24:29 GMT  mp3-sync=OK
  206  L04 n19  bytes 0-3/148032  Last-Modified: Fri, 18 Sep 2026 09:24:32 GMT  mp3-sync=OK
  206  L05 n2  bytes 0-3/228960  Last-Modified: Fri, 18 Sep 2026 09:24:36 GMT  mp3-sync=OK
  206  L05 n8  bytes 0-3/514944  Last-Modified: Fri, 18 Sep 2026 09:24:44 GMT  mp3-sync=OK
  206  L05 n17  bytes 0-3/193536  Last-Modified: Fri, 18 Sep 2026 09:24:47 GMT  mp3-sync=OK

10/10 clips verified HTTP 200/206 with fresh audio.
