
=== RE-NARRATION (changed narrated text only) ===
backup: C:\Users\tshau\Documents\Study Vault\scripts\_retrofc\units\l12-ict__data-information-and-networks\_backup.json
unit:   l12-ict / data-information-and-networks
run: 2026-09-04T03:02:27Z  mode: LIVE

3 lessons, 8 clips to regenerate

  L01 (Ollie)  Data, Information and Fit for Purpose
      n2: When we talk about what computers work with, three terms come up again and again: data, information and knowle
             -> 534 KB, 45.6s, uploaded
      manifest updated (26 entries)
  L02 (Ada)  Data Capture and Error Checking
      n15: A check digit is the final digit of a product barcode or ISBN, calculated mathematically from all the precedin
             -> 536 KB, 45.8s, uploaded
      manifest updated (22 entries)
  L03 (Ollie)  Networks and Connectivity
      n13: When data travels across a network it is divided into small chunks called packets . Packets carry a data paylo
             -> 298 KB, 25.5s, uploaded
      n16: Cloud computing means storing data and running applications on remote servers accessed over the internet, rath
             -> 719 KB, 61.3s, uploaded
      n17: Key Fact . Cloud computing: scalable, accessible anywhere, less hardware maintenance, but requires internet ac
             -> 215 KB, 18.4s, uploaded
      n19: Devices connect to networks through a wide range of methods. Short-range wireless connections include: 802.11 
             -> 884 KB, 75.4s, uploaded
      n20: Both NFC and Bluetooth are short-range wireless technologies, but they work at very different distances and se
             -> 577 KB, 49.2s, uploaded
      n21: When data travels across a network it is broken into packets. On a shared or poorly secured network — such as 
             -> 681 KB, 58.1s, uploaded
      manifest updated (30 entries)

Regenerated 8 clips.

=== VERIFY (ranged GET + freshness) ===
  206  L01 n2  bytes 0-3/546912  Last-Modified: Fri, 04 Sep 2026 03:02:37 GMT  mp3-sync=OK
  206  L02 n15  bytes 0-3/549216  Last-Modified: Fri, 04 Sep 2026 03:02:44 GMT  mp3-sync=OK
  206  L03 n13  bytes 0-3/305568  Last-Modified: Fri, 04 Sep 2026 03:02:49 GMT  mp3-sync=OK
  206  L03 n16  bytes 0-3/736128  Last-Modified: Fri, 04 Sep 2026 03:02:59 GMT  mp3-sync=OK
  206  L03 n17  bytes 0-3/220608  Last-Modified: Fri, 04 Sep 2026 03:03:03 GMT  mp3-sync=OK
  206  L03 n19  bytes 0-3/904896  Last-Modified: Fri, 04 Sep 2026 03:03:14 GMT  mp3-sync=OK
  206  L03 n20  bytes 0-3/590976  Last-Modified: Fri, 04 Sep 2026 03:03:22 GMT  mp3-sync=OK
  206  L03 n21  bytes 0-3/696960  Last-Modified: Fri, 04 Sep 2026 03:03:32 GMT  mp3-sync=OK

8/8 clips verified HTTP 200/206 with fresh audio.
