=== APPLY EDITS english-literature-eduqas/the-history-boys  250 edits  LIVE  2026-09-04T01:12:01.282Z
  ok   #0 L1.practice_questions[0].type [HIGH] F5: the drama question is one 40-mark source-based response on a printed extract plus the whole play; there is
  ok   #1 L1.practice_questions[0].text [HIGH] F5: the question is worth 40 marks, not 20.
  ok   #2 L1.practice_questions[0].marks [HIGH] F5: band ladder rescaled to the 40-mark question
  ok   #3 L1.practice_questions[1].type [HIGH] F5: the drama question is one 40-mark source-based response on a printed extract plus the whole play; there is
  ok   #4 L1.practice_questions[1].text [HIGH] F5: the question is worth 40 marks, not 20.
  ok   #5 L1.practice_questions[1].marks [HIGH] F5: band ladder rescaled to the 40-mark question
  ok   #6 L1.practice_questions[2].type [HIGH] F5: the drama question is one 40-mark source-based response on a printed extract plus the whole play; there is
  ok   #7 L1.practice_questions[2].marks [HIGH] F5: band ladder rescaled to the 40-mark question
  ok   #8 L1.practice_questions[3].type [HIGH] F5: the drama question is one 40-mark source-based response on a printed extract plus the whole play; there is
  ok   #9 L1.practice_questions[3].text [HIGH] F5: the question is worth 40 marks, not 20.
  ok   #10 L1.practice_questions[3].marks [HIGH] F5: band ladder rescaled to the 40-mark question
  ok   #11 L1.practice_questions[4].type [HIGH] F5: the drama question is one 40-mark source-based response on a printed extract plus the whole play; there is
  ok   #12 L1.practice_questions[4].text [HIGH] F5/F15: 40 marks, and the school is a grammar school, not a comprehensive.
  ok   #13 L1.practice_questions[4].marks [HIGH] F5: band ladder rescaled to the 40-mark question
  ok   #14 L1.practice_questions[5].type [HIGH] F5: the drama question is one 40-mark source-based response on a printed extract plus the whole play; there is
  ok   #15 L1.practice_questions[5].text [HIGH] F5: the question is worth 40 marks, not 20.
  ok   #16 L1.practice_questions[5].marks [HIGH] F5: band ladder rescaled to the 40-mark question; plus a corrected claim
  ok   #143 L1.content_html [MEDIUM] F21: ‘I am thinking of league tables’ is not a line in the play; the Headmaster's actual demand is ‘Get me sch
  ok   #144 L1.content_html [MEDIUM] F21: ‘I want results’ is not a line in the play.
  ok   #145 L1.content_html [HIGH] F9: ‘History is not a good career for women’ is not in the play. Her line is ‘History is a commentary on the v
  ok   #146 L1.content_html [HIGH] F6: ‘torture the evidence’ is not in the play. Irwin's method line is ‘Find a proposition, invert it, then loo
  ok   #147 L1.content_html [HIGH] F3/F4: context is not assessed on this question, and the board is never named in student-facing text.
  ok   #148 L1.content_html [HIGH] F2/F3/F4: AO4 is written accuracy, not context; Section A assesses AO1, AO2 and AO4 only; board name removed.
  ok   #149 L1.content_html [MEDIUM] F4: the board is never named in student-facing text.
  ok   #150 L1.conclusion_html [MEDIUM] F15: Bennett's stage direction places the play in a boys' school in the north of England ‘in the eighties’; 19
  ok   #151 L1.exam_tip_html [HIGH] F1/F2/F3/F4: one 40-mark source-based question, not a two-part (a)/(b) task; context is not assessed in this s
  ok   #152 L1.content_html [MEDIUM] F15: the lesson's own opening paragraph places the play in the mid-to-late 1980s.
  ok   #153 L1.flashcard_questions[1].a [MEDIUM] F15: 1983 is the film's dating, not the play's.
  ok   #154 L1.flashcard_questions[0].a [MEDIUM] F15: the school is Cutlers’ Grammar School and the play is set in the eighties; 1983 is the film's date.
  ok   #155 L1.flashcard_questions[3].a [MEDIUM] F21: ‘I want results’ is not a line in the play.
  ok   #156 L1.flashcard_questions[8].q [HIGH] F9: the quoted line does not exist in the play.
  ok   #157 L1.flashcard_questions[8].a [HIGH] F9: replaced with Mrs Lintott's actual line.
  ok   #158 L1.flashcard_questions[9].a [HIGH] F6: ‘torture the evidence’ is not in the play.
  ok   #159 L1.flashcard_questions[12].q [HIGH] F2/F4: AO4 is written accuracy, not context; board name removed.
  ok   #160 L1.flashcard_questions[12].a [HIGH] F2: AO4 is written accuracy, and context is not assessed in this section.
  ok   #161 L1.glossary_terms[4].definition [HIGH] F2: the specification defines AO4 as vocabulary, sentence structure, spelling and punctuation — not context.
  PATCH L1: practice_questions, content_html, conclusion_html, exam_tip_html, flashcard_questions, glossary_terms
  ok   #17 L2.practice_questions[0].type [HIGH] F5: the drama question is one 40-mark source-based response on a printed extract plus the whole play; there is
  ok   #18 L2.practice_questions[0].text [HIGH] F5: the question is worth 40 marks, not 20.
  ok   #19 L2.practice_questions[0].marks [HIGH] F5: band ladder rescaled to the 40-mark question
  ok   #20 L2.practice_questions[1].type [HIGH] F5: the drama question is one 40-mark source-based response on a printed extract plus the whole play; there is
  ok   #21 L2.practice_questions[1].text [HIGH] F5: the question is worth 40 marks, not 20.
  ok   #22 L2.practice_questions[1].marks [HIGH] F5: band ladder rescaled to the 40-mark question; plus a corrected claim
  ok   #23 L2.practice_questions[2].type [HIGH] F5: the drama question is one 40-mark source-based response on a printed extract plus the whole play; there is
  ok   #24 L2.practice_questions[2].text [HIGH] F5: the question is worth 40 marks, not 20.
  ok   #25 L2.practice_questions[2].marks [HIGH] F5: band ladder rescaled to the 40-mark question
  ok   #26 L2.practice_questions[3].type [HIGH] F5: the drama question is one 40-mark source-based response on a printed extract plus the whole play; there is
  ok   #27 L2.practice_questions[3].text [HIGH] F5: the question is worth 40 marks, not 20.
  ok   #28 L2.practice_questions[3].marks [HIGH] F5: band ladder rescaled to the 40-mark question; plus a corrected claim
  ok   #29 L2.practice_questions[4].type [HIGH] F5: the drama question is one 40-mark source-based response on a printed extract plus the whole play; there is
  ok   #30 L2.practice_questions[4].text [HIGH] F5: the question is worth 40 marks, not 20.
  ok   #31 L2.practice_questions[4].marks [HIGH] F5: band ladder rescaled to the 40-mark question
  ok   #32 L2.practice_questions[5].type [HIGH] F5: the drama question is one 40-mark source-based response on a printed extract plus the whole play; there is
  ok   #33 L2.practice_questions[5].text [HIGH] F5: the question is worth 40 marks, not 20.
  ok   #34 L2.practice_questions[5].marks [HIGH] F5: band ladder rescaled to the 40-mark question; plus a corrected claim
  ok   #162 L2.content_html [MEDIUM] F16/F18: the Drummer Hodge scene is a private Act 1 lesson in which Posner reads to Hector, and the quotation 
  ok   #163 L2.content_html [HIGH] F12: Brief Encounter is performed in English by Posner and Scripps; the French scene is the improvised brothel
  ok   #164 L2.content_html [MEDIUM] F17: ‘Not for me, not for you, but for someone who’s not yet born’ is not the play's wording; the verified lin
  ok   #165 L2.content_html [MEDIUM] F17: the quoted phrase is not in the play.
  ok   #166 L2.content_html [HIGH] F6: the word ‘torture’ is never used for Irwin's method, and it does not appear in the Holocaust scene.
  ok   #167 L2.exam_tip_html [HIGH] F1/F2/F4: there is no part (a)/(b); AO4 is written accuracy, not context; board name removed.
  ok   #168 L2.knowledge_checks[4].right [HIGH] F12: Brief Encounter is performed in English, so the match card was wrong.
  ok   #169 L2.knowledge_checks[2].q [HIGH] F6: the answer key rested on ‘torture the evidence’, which is not in the play.
  ok   #170 L2.knowledge_checks[2].options [HIGH] F6: options rewritten for Irwin's actual method line.
  PATCH L2: practice_questions, content_html, exam_tip_html, knowledge_checks
  ok   #35 L3.practice_questions[0].type [HIGH] F5: the drama question is one 40-mark source-based response on a printed extract plus the whole play; there is
  ok   #36 L3.practice_questions[0].text [HIGH] F5: the question is worth 40 marks, not 20.
  ok   #37 L3.practice_questions[0].marks [HIGH] F5: band ladder rescaled to the 40-mark question
  ok   #38 L3.practice_questions[1].type [HIGH] F5: the drama question is one 40-mark source-based response on a printed extract plus the whole play; there is
  ok   #39 L3.practice_questions[1].text [HIGH] F5: the question is worth 40 marks, not 20.
  ok   #40 L3.practice_questions[1].marks [HIGH] F5: band ladder rescaled to the 40-mark question
  ok   #41 L3.practice_questions[2].type [HIGH] F5: the drama question is one 40-mark source-based response on a printed extract plus the whole play; there is
  ok   #42 L3.practice_questions[2].text [HIGH] F5: the question is worth 40 marks, not 20.
  ok   #43 L3.practice_questions[2].marks [HIGH] F5: band ladder rescaled to the 40-mark question
  ok   #44 L3.practice_questions[3].type [HIGH] F5: the drama question is one 40-mark source-based response on a printed extract plus the whole play; there is
  ok   #45 L3.practice_questions[3].text [HIGH] F5: the question is worth 40 marks, not 20.
  ok   #46 L3.practice_questions[3].marks [HIGH] F5: band ladder rescaled to the 40-mark question
  ok   #47 L3.practice_questions[4].type [HIGH] F5: the drama question is one 40-mark source-based response on a printed extract plus the whole play; there is
  ok   #48 L3.practice_questions[4].text [HIGH] F5: the question is worth 40 marks, not 20.
  ok   #49 L3.practice_questions[4].marks [HIGH] F5: band ladder rescaled to the 40-mark question
  ok   #50 L3.practice_questions[5].type [HIGH] F5: the drama question is one 40-mark source-based response on a printed extract plus the whole play; there is
  ok   #51 L3.practice_questions[5].text [HIGH] F5: the question is worth 40 marks, not 20.
  ok   #52 L3.practice_questions[5].marks [HIGH] F5: band ladder rescaled to the 40-mark question
  ok   #171 L3.content_html [HIGH] F6: the play never describes Irwin's method as torturing the evidence.
  ok   #172 L3.content_html [HIGH] F6: the play never calls Irwin's method ‘torture’.
  ok   #173 L3.content_html [HIGH] F6: neither ‘it’s torture’ nor ‘torture works’ is in the play, and the word ‘torture’ does not appear in the H
  ok   #174 L3.content_html [HIGH] F20: ‘What is truth? said jesting Pilate’ is Francis Bacon and is not spoken in the play; Scripps does raise t
  ok   #175 L3.exam_tip_html [HIGH] F1/F2: there is no part (a)/(b), and AO4 is written accuracy rather than context.
  ok   #176 L3.knowledge_checks[0].q [HIGH] F10: Rudge's place turns on his father having been a college servant (a scout) at Christ Church, not on a gran
  PATCH L3: practice_questions, content_html, exam_tip_html, knowledge_checks
  ok   #53 L4.practice_questions[0].type [HIGH] F5: the drama question is one 40-mark source-based response on a printed extract plus the whole play; there is
  ok   #54 L4.practice_questions[0].text [HIGH] F5: the question is worth 40 marks, not 20.
  ok   #55 L4.practice_questions[0].marks [HIGH] F5: band ladder rescaled to the 40-mark question; plus a corrected claim
  ok   #56 L4.practice_questions[1].type [HIGH] F5: the drama question is one 40-mark source-based response on a printed extract plus the whole play; there is
  ok   #57 L4.practice_questions[1].text [HIGH] F5: the question is worth 40 marks, not 20.
  ok   #58 L4.practice_questions[1].marks [HIGH] F5: band ladder rescaled to the 40-mark question; plus a corrected claim
  ok   #59 L4.practice_questions[2].type [HIGH] F5: the drama question is one 40-mark source-based response on a printed extract plus the whole play; there is
  ok   #60 L4.practice_questions[2].text [HIGH] F5/F6: 40 marks, and the scene's loaded word is ‘context’, not ‘torture’.
  ok   #61 L4.practice_questions[2].marks [HIGH] F5: band ladder rescaled to the 40-mark question; plus a corrected claim
  ok   #62 L4.practice_questions[3].type [HIGH] F5: the drama question is one 40-mark source-based response on a printed extract plus the whole play; there is
  ok   #63 L4.practice_questions[3].text [HIGH] F5: the question is worth 40 marks, not 20.
  ok   #64 L4.practice_questions[3].marks [HIGH] F5: band ladder rescaled to the 40-mark question
  ok   #65 L4.practice_questions[4].type [HIGH] F5: the drama question is one 40-mark source-based response on a printed extract plus the whole play; there is
  ok   #66 L4.practice_questions[4].text [HIGH] F5: the question is worth 40 marks, not 20.
  ok   #67 L4.practice_questions[4].marks [HIGH] F5: band ladder rescaled to the 40-mark question
  ok   #68 L4.practice_questions[5].type [HIGH] F5: the drama question is one 40-mark source-based response on a printed extract plus the whole play; there is
  ok   #69 L4.practice_questions[5].text [HIGH] F5: the question is worth 40 marks, not 20.
  ok   #70 L4.practice_questions[5].marks [HIGH] F5: band ladder rescaled to the 40-mark question
  ok   #177 L4.content_html [HIGH] F8: Irwin does not propose the ‘not unique’ line; Lockwood and Dakin do, and Irwin balks at it (‘inexpedient’,
  ok   #178 L4.content_html [HIGH] F6: the word ‘torture’ is not used in the play.
  ok   #179 L4.content_html [HIGH] F6: the ‘torture’ motif does not exist; the scene's loaded word is ‘context’.
  ok   #180 L4.content_html [HIGH] F8: those arguments are the boys' contributions, not Irwin's suggestions.
  ok   #181 L4.content_html [HIGH] F6: the quoted heading is not a line in the play; Hector's actual question is ‘But how can you teach the Holoc
  ok   #182 L4.content_html [HIGH] F7: ‘I’m a Jew. I’m small…’ is spoken privately to Irwin in Act 1, not in the Holocaust lesson. Posner's words
  ok   #183 L4.content_html [HIGH] F7: the speech belongs to a private Act 1 conversation with Irwin, not to the classroom scene.
  ok   #184 L4.content_html [HIGH] F7: the speech is placed in Act 1 and linked to, not merged with, the Holocaust lesson.
  ok   #185 L4.content_html [HIGH] F6: the ‘torture’ motif is not in the play.
  ok   #186 L4.content_html [HIGH] F6: rebuilt on the word the scene actually turns on.
  ok   #187 L4.content_html [HIGH] F6: rebuilt without the invented ‘torture’ motif.
  ok   #188 L4.conclusion_html [HIGH] F7: that speech is from Act 1, not from this scene.
  ok   #189 L4.conclusion_html [HIGH] F6: the play's loaded word here is ‘context’.
  ok   #190 L4.exam_tip_html [HIGH] F1/F4/F6: no part (a)/(b); board name removed; ‘torture’ corrected to ‘context’.
  ok   #191 L4.knowledge_checks[0].q [HIGH] F8: the ‘not unique’ argument is the boys’, and Irwin rejects Dakin's version of it.
  ok   #192 L4.knowledge_checks[0].options [HIGH] F8: the key now matches Irwin's actual instruction, ‘But this is history. Distance yourselves.’
  ok   #193 L4.knowledge_checks[3].q [HIGH] F6: the answer key rested on a word that is not in the play.
  ok   #194 L4.knowledge_checks[3].options [HIGH] F6: options rewritten around the scene's actual loaded word.
  ok   #195 L4.flashcard_questions[0].a [HIGH] F6: ‘Torture the evidence’ is not in the play.
  ok   #196 L4.flashcard_questions[0].q [HIGH] F6: reworded for the real method line.
  ok   #197 L4.flashcard_questions[1].q [HIGH] F6: the scene turns on ‘context’, not ‘torture’.
  ok   #198 L4.flashcard_questions[1].a [HIGH] F6: corrected to the scene's real double meaning.
  ok   #199 L4.flashcard_questions[2].q [HIGH] F7: the speech belongs to Act 1, not the Holocaust lesson.
  ok   #200 L4.flashcard_questions[5].q [HIGH] F8: the ‘not unique’ line is the boys’, not Irwin's advice.
  ok   #201 L4.flashcard_questions[5].a [HIGH] F8: replaced with Irwin's actual instruction.
  ok   #202 L4.flashcard_questions[9].q [HIGH] F6: the ‘torture’ motif does not exist.
  ok   #203 L4.glossary_terms[1].definition [HIGH] F6: the glossary entry described an invented ‘torture’ motif.
  PATCH L4: practice_questions, content_html, conclusion_html, exam_tip_html, knowledge_checks, flashcard_questions, glossary_terms
  ok   #71 L5.practice_questions[0].type [HIGH] F5: the drama question is one 40-mark source-based response on a printed extract plus the whole play; there is
  ok   #72 L5.practice_questions[0].text [HIGH] F5: the question is worth 40 marks, not 20.
  ok   #73 L5.practice_questions[0].marks [HIGH] F5: band ladder rescaled to the 40-mark question
  ok   #74 L5.practice_questions[1].type [HIGH] F5: the drama question is one 40-mark source-based response on a printed extract plus the whole play; there is
  ok   #75 L5.practice_questions[1].text [HIGH] F5: the question is worth 40 marks, not 20.
  ok   #76 L5.practice_questions[1].marks [HIGH] F5: band ladder rescaled to the 40-mark question
  ok   #77 L5.practice_questions[2].type [HIGH] F5: the drama question is one 40-mark source-based response on a printed extract plus the whole play; there is
  ok   #78 L5.practice_questions[2].text [HIGH] F5: the question is worth 40 marks, not 20.
  ok   #79 L5.practice_questions[2].marks [HIGH] F5: band ladder rescaled to the 40-mark question
  ok   #80 L5.practice_questions[3].type [HIGH] F5: the drama question is one 40-mark source-based response on a printed extract plus the whole play; there is
  ok   #81 L5.practice_questions[3].text [HIGH] F5: the question is worth 40 marks, not 20.
  ok   #82 L5.practice_questions[3].marks [HIGH] F5: band ladder rescaled to the 40-mark question
  ok   #83 L5.practice_questions[4].type [HIGH] F5: the drama question is one 40-mark source-based response on a printed extract plus the whole play; there is
  ok   #84 L5.practice_questions[4].text [HIGH] F5: the question is worth 40 marks, not 20.
  ok   #85 L5.practice_questions[4].marks [HIGH] F5: band ladder rescaled to the 40-mark question
  ok   #86 L5.practice_questions[5].type [HIGH] F5: the drama question is one 40-mark source-based response on a printed extract plus the whole play; there is
  ok   #87 L5.practice_questions[5].text [HIGH] F5: the question is worth 40 marks, not 20.
  ok   #88 L5.practice_questions[5].marks [HIGH] F5: band ladder rescaled to the 40-mark question; plus a corrected claim
  ok   #204 L5.content_html [MEDIUM] F16: Hector's line is ‘which you had thought special and particular to you’.
  ok   #205 L5.content_html [HIGH] F6: ‘torture the evidence’ is not in the play.
  ok   #206 L5.content_html [MEDIUM] F19: ‘I’m going to have you’ is not in the play. Dakin's verified metaphor is ‘she’s my Western Front’, and he
  ok   #207 L5.content_html [MEDIUM] F22: the quoted line is not in the play; Mrs Lintott's own account of her role is ‘confided in by all parties’
  ok   #208 L5.content_html [HIGH] F9: the quoted line does not exist; her actual words are ‘History is women following behind with the bucket.’
  ok   #209 L5.exam_tip_html [HIGH] F1: there is no part (a)/(b) on this question.
  ok   #210 L5.knowledge_checks[2].q [HIGH] F19: the answer key rested on ‘I’m going to have you’, which is not in the play.
  ok   #211 L5.knowledge_checks[2].options [HIGH] F19: options rewritten for Dakin's verified metaphor.
  PATCH L5: practice_questions, content_html, exam_tip_html, knowledge_checks
  ok   #89 L6.practice_questions[0].type [HIGH] F5: the drama question is one 40-mark source-based response on a printed extract plus the whole play; there is
  ok   #90 L6.practice_questions[0].text [HIGH] F5: the question is worth 40 marks, not 20.
  ok   #91 L6.practice_questions[0].marks [HIGH] F5: band ladder rescaled to the 40-mark question
  ok   #92 L6.practice_questions[1].type [HIGH] F5: the drama question is one 40-mark source-based response on a printed extract plus the whole play; there is
  ok   #93 L6.practice_questions[1].text [HIGH] F5: the question is worth 40 marks, not 20.
  ok   #94 L6.practice_questions[1].marks [HIGH] F5: band ladder rescaled to the 40-mark question
  ok   #95 L6.practice_questions[2].type [HIGH] F5: the drama question is one 40-mark source-based response on a printed extract plus the whole play; there is
  ok   #96 L6.practice_questions[2].text [HIGH] F5: the question is worth 40 marks, not 20.
  ok   #97 L6.practice_questions[2].marks [HIGH] F5: band ladder rescaled to the 40-mark question
  ok   #98 L6.practice_questions[3].type [HIGH] F5: the drama question is one 40-mark source-based response on a printed extract plus the whole play; there is
  ok   #99 L6.practice_questions[3].text [HIGH] F5: the question is worth 40 marks, not 20.
  ok   #100 L6.practice_questions[3].marks [HIGH] F5: band ladder rescaled to the 40-mark question
  ok   #101 L6.practice_questions[4].type [HIGH] F5: the drama question is one 40-mark source-based response on a printed extract plus the whole play; there is
  ok   #102 L6.practice_questions[4].text [HIGH] F5: the question is worth 40 marks, not 20.
  ok   #103 L6.practice_questions[4].marks [HIGH] F5: band ladder rescaled to the 40-mark question
  ok   #104 L6.practice_questions[5].type [HIGH] F5: the drama question is one 40-mark source-based response on a printed extract plus the whole play; there is
  ok   #105 L6.practice_questions[5].text [HIGH] F5: the question is worth 40 marks, not 20.
  ok   #106 L6.practice_questions[5].marks [HIGH] F5: band ladder rescaled to the 40-mark question
  ok   #212 L6.content_html [MEDIUM] F15/F23: the play is set in the eighties, and its opening flash-forward shows Irwin advising MPs — the televis
  ok   #213 L6.content_html [HIGH] F12: the scene is performed in English.
  ok   #214 L6.content_html [HIGH] F12: the scene is in English, performed by Posner and Scripps; it is the French brothel improvisation that the
  ok   #215 L6.content_html [MEDIUM] F14: Philip Larkin was neither northern by birth nor working class; his father was Coventry's City Treasurer.
  ok   #216 L6.conclusion_html [MEDIUM] F15: the play is set in the eighties; 1983 is the film's dating.
  ok   #217 L6.exam_tip_html [HIGH] F1/F4: there is no part (a)/(b), and the board is not named in student-facing text.
  ok   #218 L6.knowledge_checks[0].q [HIGH] F12: the film scene is performed in English; the French scene is the brothel improvisation.
  ok   #219 L6.knowledge_checks[1].q [HIGH] F11: Drummer Hodge is recited in Act 1 to Hector alone, not at an interview — as this lesson's own content say
  ok   #220 L6.knowledge_checks[2].q [MEDIUM] F15: the play is set in the eighties.
  ok   #221 L6.flashcard_questions[0].q [MEDIUM] F13: ‘Drummer Hodge’ is a Boer War poem, not a First World War one.
  ok   #222 L6.flashcard_questions[2].q [HIGH] F12: the scene is performed in English.
  ok   #223 L6.flashcard_questions[3].a [MEDIUM] F15: the play is set in the eighties.
  ok   #224 L6.flashcard_questions[10].a [HIGH] F12: the scene is not in French.
  PATCH L6: practice_questions, content_html, conclusion_html, exam_tip_html, knowledge_checks, flashcard_questions
  ok   #107 L7.practice_questions[0].type [HIGH] F5: the drama question is one 40-mark source-based response on a printed extract plus the whole play; there is
  ok   #108 L7.practice_questions[0].text [HIGH] F5: the question is worth 40 marks, not 20.
  ok   #109 L7.practice_questions[0].marks [HIGH] F5: band ladder rescaled to the 40-mark question
  ok   #110 L7.practice_questions[1].type [HIGH] F5: the drama question is one 40-mark source-based response on a printed extract plus the whole play; there is
  ok   #111 L7.practice_questions[1].text [HIGH] F5: the question is worth 40 marks, not 20.
  ok   #112 L7.practice_questions[1].marks [HIGH] F5: band ladder rescaled to the 40-mark question
  ok   #113 L7.practice_questions[2].type [HIGH] F5: the drama question is one 40-mark source-based response on a printed extract plus the whole play; there is
  ok   #114 L7.practice_questions[2].text [HIGH] F5: the question is worth 40 marks, not 20.
  ok   #115 L7.practice_questions[2].marks [HIGH] F5: band ladder rescaled to the 40-mark question
  ok   #116 L7.practice_questions[3].type [HIGH] F5: the drama question is one 40-mark source-based response on a printed extract plus the whole play; there is
  ok   #117 L7.practice_questions[3].text [HIGH] F5: the question is worth 40 marks, not 20.
  ok   #118 L7.practice_questions[3].marks [HIGH] F5: band ladder rescaled to the 40-mark question; plus a corrected claim
  ok   #119 L7.practice_questions[4].type [HIGH] F5: the drama question is one 40-mark source-based response on a printed extract plus the whole play; there is
  ok   #120 L7.practice_questions[4].text [HIGH] F5: the question is worth 40 marks, not 20.
  ok   #121 L7.practice_questions[4].marks [HIGH] F5: band ladder rescaled to the 40-mark question
  ok   #122 L7.practice_questions[5].type [HIGH] F5: the drama question is one 40-mark source-based response on a printed extract plus the whole play; there is
  ok   #123 L7.practice_questions[5].text [HIGH] F5: the question is worth 40 marks, not 20.
  ok   #124 L7.practice_questions[5].marks [HIGH] F5: band ladder rescaled to the 40-mark question
  ok   #225 L7.content_html [MEDIUM] F4: the board is never named in student-facing text.
  ok   #226 L7.content_html [MEDIUM] F16: corrected to Hector's actual wording.
  ok   #227 L7.content_html [HIGH] F6/F20: ‘Torture the evidence’ and ‘What is truth?’ are not Irwin's lines; both examples replaced with verifie
  ok   #228 L7.content_html [MEDIUM] F24: Irwin's verified put-down is ‘the dullest of the lot’.
  ok   #229 L7.content_html [MEDIUM] F19: ‘I’m going to have you’ is not in the play.
  ok   #230 L7.content_html [MEDIUM] F19: replaced with Dakin's verified metaphor.
  ok   #231 L7.content_html [MEDIUM] F22: the quoted line is not in the play.
  ok   #232 L7.exam_tip_html [MEDIUM] F4: the board is never named in student-facing text.
  ok   #233 L7.flashcard_questions[1].a [HIGH] F6: ‘Torture the evidence’ is not in the play.
  ok   #234 L7.flashcard_questions[7].a [MEDIUM] F24: corrected to Irwin's verified put-down.
  PATCH L7: practice_questions, content_html, exam_tip_html, flashcard_questions
  ok   #125 L8.practice_questions[0].type [HIGH] F5: the drama question is one 40-mark source-based response on a printed extract plus the whole play; there is
  ok   #126 L8.practice_questions[0].text [HIGH] F5: the question is worth 40 marks, not 20.
  ok   #127 L8.practice_questions[0].marks [HIGH] F5: band ladder rescaled to the 40-mark question
  ok   #128 L8.practice_questions[1].type [HIGH] F5: the drama question is one 40-mark source-based response on a printed extract plus the whole play; there is
  ok   #129 L8.practice_questions[1].text [HIGH] F5: the question is worth 40 marks, not 20.
  ok   #130 L8.practice_questions[1].marks [HIGH] F5: band ladder rescaled to the 40-mark question
  ok   #131 L8.practice_questions[2].type [HIGH] F5: the drama question is one 40-mark source-based response on a printed extract plus the whole play; there is
  ok   #132 L8.practice_questions[2].text [HIGH] F5: the question is worth 40 marks, not 20.
  ok   #133 L8.practice_questions[2].marks [HIGH] F5: band ladder rescaled to the 40-mark question
  ok   #134 L8.practice_questions[3].type [HIGH] F5: the drama question is one 40-mark source-based response on a printed extract plus the whole play; there is
  ok   #135 L8.practice_questions[3].text [HIGH] F5: the question is worth 40 marks, not 20.
  ok   #136 L8.practice_questions[3].marks [HIGH] F5: band ladder rescaled to the 40-mark question
  ok   #137 L8.practice_questions[4].type [HIGH] F5: the drama question is one 40-mark source-based response on a printed extract plus the whole play; there is
  ok   #138 L8.practice_questions[4].text [HIGH] F5: the question is worth 40 marks, not 20.
  ok   #139 L8.practice_questions[4].marks [HIGH] F5: band ladder rescaled to the 40-mark question
  ok   #140 L8.practice_questions[5].type [HIGH] F5: the drama question is one 40-mark source-based response on a printed extract plus the whole play; there is
  ok   #141 L8.practice_questions[5].text [HIGH] F5: the question is worth 40 marks, not 20.
  ok   #142 L8.practice_questions[5].marks [HIGH] F5: band ladder rescaled to the 40-mark question
  ok   #235 L8.content_html [HIGH] F6/F21: neither quotation is in the play; both replaced with verified lines.
  ok   #236 L8.content_html [HIGH] F20/F6: ‘What is truth? said jesting Pilate’ is Francis Bacon and is not in the play; Irwin's verified line ab
  ok   #237 L8.content_html [MEDIUM] F15: the play is set in the eighties; 1983 is the film's dating.
  ok   #238 L8.content_html [HIGH] F2/F3: AO4 is written accuracy, and context is not assessed on this question.
  ok   #239 L8.content_html [HIGH] F1/F3: this is one answer, not a separate task, and context is not credited.
  ok   #240 L8.content_html [HIGH] F1/F2: one 40-mark question, not two tasks; AO4 is written accuracy, not context.
  ok   #241 L8.conclusion_html [HIGH] F1/F4: there is no part (a)/(b), and the board is not named in student-facing text.
  ok   #242 L8.conclusion_html [MEDIUM] F4: the board is never named in student-facing text.
  ok   #243 L8.exam_tip_html [HIGH] F1/F4: there is no part (b), and the board is not named in student-facing text.
  ok   #244 L8.knowledge_checks[1].q [MEDIUM] F4: the board is never named in student-facing text. The keyed answer (AO1, AO2, AO4) is correct.
  ok   #245 L8.knowledge_checks[3].q [HIGH] F1/F4: there is no 20 + 20 two-part split; the keyed answer ‘whole’ still fits.
  ok   #246 L8.flashcard_questions[1].a [HIGH] F6: ‘Torture the evidence’ is not in the play.
  ok   #247 L8.flashcard_questions[2].a [MEDIUM] F21: ‘I want results’ is not a line in the play.
  ok   #248 L8.flashcard_questions[10].q [HIGH] F1/F4: no part (a)/(b); board name removed.
  ok   #249 L8.flashcard_questions[10].a [HIGH] F1: the specification sets a single 40-mark source-based question.
  PATCH L8: practice_questions, content_html, conclusion_html, exam_tip_html, knowledge_checks, flashcard_questions
=== 250 applied, 0 skipped, 8 lessons / 41 fields changed
