=== APPLY EDITS history/elizabethan  133 edits  LIVE  2026-09-18T10:49:10.930Z
  ok   #0 L1.exam_tip_html [HIGH] F1: the option is Elizabethan England c1568-1603; the examined period does not start in 1558
  ok   #1 L1.content_html [LOW] F2: Arthur married on 14 November 1501 and died on 2 April 1502 - about four and a half months
  ok   #2 L1.flashcard_questions[3].a [MEDIUM] F3: broken auto-generated card - mangled answer 'Elizabeths', answer word inside its own question
  ok   #3 L1.flashcard_questions[3].q [MEDIUM] F3: broken auto-generated card - mangled answer 'Elizabeths', answer word inside its own question
  ok   #4 L1.flashcard_questions[4].q [LOW] F3: cloze question began 'In', not What/Which/Who/When/Name
  PATCH L1: exam_tip_html, content_html, flashcard_questions
  ok   #5 L2.content_html [MEDIUM] F4: the Ninety-five Theses went on All Saints' (Castle) Church in Wittenberg, not a cathedral
  ok   #6 L2.knowledge_checks[2].q [MEDIUM] F4: same error in the knowledge check
  ok   #7 L2.content_html [MEDIUM] F5: a massacre of 1572 cannot be evidence of conflict 'by 1558'
  ok   #8 L2.practice_questions[3].marks [HIGH] F5b: the Northern Rebellion (November 1569) came before the papal bull (February 1570), not after it - Lesson 
  ok   #9 L2.flashcard_questions[2].a [MEDIUM] F3: broken auto-generated card; its answer also duplicated the next card's
  ok   #10 L2.flashcard_questions[2].q [MEDIUM] F3: broken auto-generated card; its answer also duplicated the next card's
  ok   #11 L2.flashcard_questions[3].a [MEDIUM] F3: duplicate answer 'Religious' within the same deck
  ok   #12 L2.flashcard_questions[3].q [MEDIUM] F3: duplicate answer 'Religious' within the same deck
  ok   #13 L2.flashcard_questions[4].a [MEDIUM] F3: broken auto-generated card with answer 'Background'
  ok   #14 L2.flashcard_questions[4].q [MEDIUM] F3: broken auto-generated card with answer 'Background'
  PATCH L2: content_html, knowledge_checks, practice_questions, flashcard_questions
  ok   #15 L3.content_html [MEDIUM] F7: Hatton was born in 1540, seven years after Elizabeth, and came to her notice dancing at court about 1561
  ok   #16 L3.flashcard_questions[3].a [MEDIUM] F3: broken auto-generated card with answer 'Royal'
  ok   #17 L3.flashcard_questions[3].q [MEDIUM] F3: broken auto-generated card with answer 'Royal'
  ok   #18 L3.flashcard_questions[4].a [MEDIUM] F3: answer duplicated card 1's 'Royal Prerogative' and the question asked nothing
  ok   #19 L3.flashcard_questions[4].q [MEDIUM] F3: answer duplicated card 1's 'Royal Prerogative' and the question asked nothing
  PATCH L3: content_html, flashcard_questions
  ok   #20 L4.flashcard_questions[1].q [MEDIUM] F3: cloze began 'In' and opened with an orphan pronoun 'his'
  ok   #21 L4.flashcard_questions[2].a [MEDIUM] F3: mangled answer 'Elizabeths'
  ok   #22 L4.flashcard_questions[2].q [MEDIUM] F3: mangled answer 'Elizabeths'
  ok   #23 L4.flashcard_questions[3].a [MEDIUM] F3: mangled answer 'Bartholomews'
  ok   #24 L4.flashcard_questions[3].q [MEDIUM] F3: mangled answer 'Bartholomews'
  ok   #25 L4.flashcard_questions[4].a [MEDIUM] F3: cloze began 'By the'
  ok   #26 L4.flashcard_questions[4].q [MEDIUM] F3: cloze began 'By the'
  PATCH L4: flashcard_questions
  ok   #27 L5.content_html [LOW] F10: Percy was taken in Scotland in 1569 and sold to England in 1572, then beheaded at York
  ok   #28 L5.flashcard_questions[2].a [MEDIUM] F3: mangled answer '15681587' - the dash in 1568-1587 was stripped out
  ok   #29 L5.flashcard_questions[2].q [MEDIUM] F3: mangled answer '15681587' - the dash in 1568-1587 was stripped out
  ok   #30 L5.flashcard_questions[3].a [MEDIUM] F3: mangled answer 'Marys'; 'Mary' also appeared in its own question
  ok   #31 L5.flashcard_questions[3].q [MEDIUM] F3: mangled answer 'Marys'; 'Mary' also appeared in its own question
  ok   #32 L5.flashcard_questions[4].a [MEDIUM] F3: cloze opened with an orphan pronoun 'She'
  ok   #33 L5.flashcard_questions[4].q [MEDIUM] F3: cloze opened with an orphan pronoun 'She'
  PATCH L5: content_html, flashcard_questions
  ok   #34 L6.content_html [MEDIUM] F12: Douai was founded by William Allen as a seminary for secular priests; the Jesuit mission to England began
  ok   #35 L6.content_html [MEDIUM] F12: the Douai men were seminary priests, not Jesuits
  ok   #36 L6.content_html [MEDIUM] F13: recusancy fines began with the 1559 Act of Uniformity, as Lesson 2 teaches; 1571 was the Act against Bull
  ok   #37 L6.content_html [LOW] F14: Throckmorton was a gentleman, not a nobleman
  ok   #38 L6.flashcard_questions[3].a [MEDIUM] F3: answer 'Catholic' appeared in its own question
  ok   #39 L6.flashcard_questions[3].q [MEDIUM] F3: answer 'Catholic' appeared in its own question
  ok   #40 L6.flashcard_questions[4].a [MEDIUM] F3: broken auto-generated cloze card
  ok   #41 L6.flashcard_questions[4].q [MEDIUM] F3: broken auto-generated cloze card
  PATCH L6: content_html, flashcard_questions
  ok   #42 L7.content_html [MEDIUM] F16: Cartwright was Lady Margaret Professor of Divinity at Cambridge and never an MP
  ok   #43 L7.content_html [MEDIUM] F17: John Field was a London preacher, not an MP and not a member of Elizabeth's government
  ok   #44 L7.flashcard_questions[1].a [MEDIUM] F3: broken auto-generated card with answer 'Religious'
  ok   #45 L7.flashcard_questions[1].q [MEDIUM] F3: broken auto-generated card with answer 'Religious'
  ok   #46 L7.flashcard_questions[2].q [LOW] F3: cloze question began 'In'
  ok   #47 L7.flashcard_questions[3].a [MEDIUM] F3: answer 'Pamphlets' appeared in its own question
  ok   #48 L7.flashcard_questions[3].q [MEDIUM] F3: answer 'Pamphlets' appeared in its own question
  ok   #49 L7.flashcard_questions[4].a [MEDIUM] F3: answer 'Refusal' echoed 'refused' in its own question
  ok   #50 L7.flashcard_questions[4].q [MEDIUM] F3: answer 'Refusal' echoed 'refused' in its own question
  ok   #129 L7.conclusion_html [MEDIUM] Orchestrator ruling: Parker suspended 37 London ministers in March 1566 (vestments controversy)
  ok   #130 L7.practice_questions[1].marks [MEDIUM] Orchestrator ruling: Parker suspended 37 London ministers in March 1566
  ok   #131 L7.practice_questions[2].marks [MEDIUM] Orchestrator ruling: Parker suspended 37 London ministers in March 1566
  ok   #132 L7.knowledge_checks[4].right[0] [MEDIUM] Orchestrator ruling: Parker suspended 37 London ministers in March 1566
  PATCH L7: content_html, flashcard_questions, conclusion_html, practice_questions, knowledge_checks
  ok   #51 L8.flashcard_questions[1].a [MEDIUM] F3: broken auto-generated card with answer 'Conflict'
  ok   #52 L8.flashcard_questions[1].q [MEDIUM] F3: broken auto-generated card with answer 'Conflict'
  ok   #53 L8.flashcard_questions[2].a [MEDIUM] F3: broken auto-generated card with answer 'Spanish'
  ok   #54 L8.flashcard_questions[2].q [MEDIUM] F3: broken auto-generated card with answer 'Spanish'
  ok   #55 L8.flashcard_questions[3].a [MEDIUM] F3: mangled answer 'Elizabeths'
  ok   #56 L8.flashcard_questions[3].q [MEDIUM] F3: mangled answer 'Elizabeths'
  ok   #57 L8.flashcard_questions[4].a [MEDIUM] F3: broken auto-generated cloze card
  ok   #58 L8.flashcard_questions[4].q [MEDIUM] F3: broken auto-generated cloze card
  PATCH L8: flashcard_questions
  ok   #59 L9.flashcard_questions[0].a [MEDIUM] F3: answer 'Spanish' appeared in its own question
  ok   #60 L9.flashcard_questions[0].q [MEDIUM] F3: answer 'Spanish' appeared in its own question
  ok   #61 L9.flashcard_questions[1].a [MEDIUM] F3: mangled answer 'Spains'
  ok   #62 L9.flashcard_questions[1].q [MEDIUM] F3: mangled answer 'Spains'
  ok   #63 L9.flashcard_questions[2].a [MEDIUM] F3: broken auto-generated card with answer 'Political'
  ok   #64 L9.flashcard_questions[2].q [MEDIUM] F3: broken auto-generated card with answer 'Political'
  ok   #65 L9.flashcard_questions[3].a [MEDIUM] F3: mangled answer 'Drakes'
  ok   #66 L9.flashcard_questions[3].q [MEDIUM] F3: mangled answer 'Drakes'
  ok   #67 L9.flashcard_questions[4].a [MEDIUM] F3: card began with a stray quotation mark and a broken cloze
  ok   #68 L9.flashcard_questions[4].q [MEDIUM] F3: card began with a stray quotation mark and a broken cloze
  PATCH L9: flashcard_questions
  ok   #69 L10.flashcard_questions[1].a [MEDIUM] F3: broken auto-generated card with answer 'Problem'
  ok   #70 L10.flashcard_questions[1].q [MEDIUM] F3: broken auto-generated card with answer 'Problem'
  ok   #71 L10.flashcard_questions[2].a [MEDIUM] F3: broken auto-generated card with answer 'Growing'
  ok   #72 L10.flashcard_questions[2].q [MEDIUM] F3: broken auto-generated card with answer 'Growing'
  ok   #73 L10.flashcard_questions[3].a [MEDIUM] F3: mangled answer '15941597' - the dash in 1594-1597 was stripped out
  ok   #74 L10.flashcard_questions[3].q [MEDIUM] F3: mangled answer '15941597' - the dash in 1594-1597 was stripped out
  ok   #75 L10.flashcard_questions[4].a [MEDIUM] F3: broken auto-generated card with answer 'Dissolution'
  ok   #76 L10.flashcard_questions[4].q [MEDIUM] F3: broken auto-generated card with answer 'Dissolution'
  PATCH L10: flashcard_questions
  ok   #77 L11.content_html [MEDIUM] F22: a compass gives a bearing, not a position; longitude could not be measured at sea in this period
  ok   #78 L11.content_html [MEDIUM] F23: Hawkins's first slaving voyage was 1562-63 and the people were seized in Sierra Leone, not taken off a Sp
  ok   #79 L11.content_html [LOW] F24: CROATOAN was cut into a palisade post; only 'CRO' was on a tree
  ok   #80 L11.flashcard_questions[2].a [MEDIUM] F3: this card duplicated card 1 exactly, answer and question
  ok   #81 L11.flashcard_questions[2].q [MEDIUM] F3: this card duplicated card 1 exactly, answer and question
  ok   #82 L11.flashcard_questions[3].a [MEDIUM] F3: mangled answer 'Mercators'
  ok   #83 L11.flashcard_questions[3].q [MEDIUM] F3: mangled answer 'Mercators'
  ok   #84 L11.flashcard_questions[4].a [MEDIUM] F3: cloze began 'In' with an orphan pronoun 'he'
  ok   #85 L11.flashcard_questions[4].q [MEDIUM] F3: cloze began 'In' with an orphan pronoun 'he'
  PATCH L11: content_html, flashcard_questions
  ok   #86 L12.content_html [LOW] F26: The Theatre and The Curtain stood in Shoreditch, north of the walls
  ok   #87 L12.flashcard_questions[2].a [MEDIUM] F3: broken auto-generated card with answer 'Land'
  ok   #88 L12.flashcard_questions[2].q [MEDIUM] F3: broken auto-generated card with answer 'Land'
  ok   #89 L12.flashcard_questions[3].a [MEDIUM] F3: broken auto-generated card with answer 'Case'
  ok   #90 L12.flashcard_questions[3].q [MEDIUM] F3: broken auto-generated card with answer 'Case'
  ok   #91 L12.flashcard_questions[4].a [MEDIUM] F3: answer duplicated card 1's 'Great Chain of Being' and the question asked nothing
  ok   #92 L12.flashcard_questions[4].q [MEDIUM] F3: answer duplicated card 1's 'Great Chain of Being' and the question asked nothing
  PATCH L12: content_html, flashcard_questions
  ok   #93 L13.content_html [HIGH] F28: William Cecil died on 4 August 1598, not in 1588-91; Lessons 1 and 3 both say he served 40 years
  ok   #94 L13.content_html [MEDIUM] F29: born 10 November 1565; Walter Devereux died in September 1576
  ok   #95 L13.content_html [MEDIUM] F30: tried on 19 February 1601, executed on 25 February 1601
  ok   #96 L13.practice_questions[2].marks [HIGH] F28: the top-band model answer repeated the wrong death date for William Cecil
  ok   #97 L13.flashcard_questions[1].a [MEDIUM] F3: answer 'Essex' appeared in its own question
  ok   #98 L13.flashcard_questions[1].q [MEDIUM] F3: answer 'Essex' appeared in its own question
  ok   #99 L13.flashcard_questions[2].a [MEDIUM] F3: broken auto-generated card with answer 'Context'
  ok   #100 L13.flashcard_questions[2].q [MEDIUM] F3: broken auto-generated card with answer 'Context'
  ok   #101 L13.flashcard_questions[3].a [HIGH] F28: the card repeated the false claim that William Cecil died between 1588 and 1591
  ok   #102 L13.flashcard_questions[3].q [HIGH] F28: the card repeated the false claim that William Cecil died between 1588 and 1591
  ok   #103 L13.flashcard_questions[4].a [MEDIUM] F3: cloze began 'Between'
  ok   #104 L13.flashcard_questions[4].q [MEDIUM] F3: cloze began 'Between'
  PATCH L13: content_html, practice_questions, flashcard_questions
  ok   #105 L14.flashcard_questions[0].a [MEDIUM] F3: broken auto-generated card with answer 'Papal'
  ok   #106 L14.flashcard_questions[0].q [MEDIUM] F3: broken auto-generated card with answer 'Papal'
  ok   #107 L14.flashcard_questions[1].a [MEDIUM] F3: answer 'Catholic' appeared in its own question
  ok   #108 L14.flashcard_questions[1].q [MEDIUM] F3: answer 'Catholic' appeared in its own question
  ok   #109 L14.flashcard_questions[2].a [MEDIUM] F3: broken auto-generated card with answer 'William'
  ok   #110 L14.flashcard_questions[2].q [MEDIUM] F3: broken auto-generated card with answer 'William'
  ok   #111 L14.flashcard_questions[3].a [MEDIUM] F3: answer 'Throckmorton' appeared in its own question
  ok   #112 L14.flashcard_questions[3].q [MEDIUM] F3: answer 'Throckmorton' appeared in its own question
  ok   #113 L14.flashcard_questions[4].a [MEDIUM] F3: broken auto-generated cloze card
  ok   #114 L14.flashcard_questions[4].q [MEDIUM] F3: broken auto-generated cloze card
  PATCH L14: flashcard_questions
  ok   #115 L15.flashcard_questions[0].a [MEDIUM] F3: mangled answer 'Elizabeths'
  ok   #116 L15.flashcard_questions[0].q [MEDIUM] F3: mangled answer 'Elizabeths'
  ok   #117 L15.flashcard_questions[1].a [MEDIUM] F3: broken auto-generated cloze card
  ok   #118 L15.flashcard_questions[1].q [MEDIUM] F3: broken auto-generated cloze card
  ok   #119 L15.flashcard_questions[2].a [MEDIUM] F3: broken auto-generated card with answer 'Elizabeth'
  ok   #120 L15.flashcard_questions[2].q [MEDIUM] F3: broken auto-generated card with answer 'Elizabeth'
  ok   #121 L15.flashcard_questions[3].a [MEDIUM] F3: broken auto-generated card with answer 'Earl'
  ok   #122 L15.flashcard_questions[3].q [MEDIUM] F3: broken auto-generated card with answer 'Earl'
  ok   #123 L15.flashcard_questions[4].a [MEDIUM] F3: the card asked for 'a key concept' and answered with the lesson title
  ok   #124 L15.flashcard_questions[4].q [MEDIUM] F3: the card asked for 'a key concept' and answered with the lesson title
  PATCH L15: flashcard_questions
  ok   #125 L16.content_html [HIGH] F34: never name the exam board in student-facing text
  ok   #126 L16.exam_tip_html [HIGH] F35: 'Level 4' is a banned mark-scheme band name
  PATCH L16: content_html, exam_tip_html
  ok   #127 L17.content_html [HIGH] F34: never name the exam board in student-facing text
  ok   #128 L17.content_html [MEDIUM] F36: section codes are house-banned; say 'this section'
  PATCH L17: content_html
=== 133 applied, 0 skipped, 17 lessons / 34 fields changed
