
=== RE-NARRATION (changed narrated text only) ===
backup: C:\Users\tshau\Documents\Study Vault\scripts\_retrofc\units\history@unity__elizabethan\_backup.json
unit:   history / elizabethan
run: 2026-09-18T10:49:15Z  mode: LIVE
  L04: no narrated field changed -> skip
  L08: no narrated field changed -> skip
  L09: no narrated field changed -> skip
  L10: no narrated field changed -> skip
  L14: no narrated field changed -> skip
  L15: no narrated field changed -> skip

11 lessons, 23 clips to regenerate

  L01 (Ollie)  Elizabeth’s Accession & Early Problems
      n5: Henry VII’s eldest son Arthur died a few months after marrying the Spanish princess, Catherine of Aragon . To 
             -> 180 KB, 15.3s, uploaded
      n30: The examined period starts at c1568 , but Elizabeth’s background is still useful context. Mentioning her early
             -> 226 KB, 19.3s, uploaded
      manifest updated (31 entries)
  L02 (Ada)  The Religious Settlement of 1559
      n4: In 1517 , the Reformation began in Europe. A German priest called Martin Luther nailed his 95 complaints to a 
             -> 237 KB, 20.2s, uploaded
      n5: The Reformation caused violent conflict across Europe. In France, thousands of Protestants were killed in the 
             -> 156 KB, 13.3s, uploaded
      manifest updated (23 entries)
  L03 (Ollie)  Court, Government & Parliament
      n34: William Cecil (Lord Burghley) — Elizabeth’s most trusted advisor for 40 years, serving as Secretary of State a
             -> 431 KB, 36.7s, uploaded
      manifest updated (34 entries)
  L05 (Ollie)  Mary, Queen of Scots
      n31: Mary was moved further south before the rebels could reach her . No foreign help arrived — Spain and the Pope 
             -> 355 KB, 30.3s, uploaded
      manifest updated (30 entries)
  L06 (Ada)  Catholic Plots Against Elizabeth
      n9: In 1568 , the exiled English priest William Allen set up a training college at Douai in the Netherlands. It tr
             -> 205 KB, 17.5s, uploaded
      n10: These missionary priests secretly stayed in the homes of wealthy Catholic families. They held hidden Catholic 
             -> 207 KB, 17.6s, uploaded
      n16: By the 1580s, Sir Francis Walsingham had built a powerful spy network. His agents uncovered a plot led by Fran
             -> 144 KB, 12.3s, uploaded
      n44: 1571: It became treason to bring a papal bull into England, and illegal to own Catholic items such as rosary b
             -> 523 KB, 44.6s, uploaded
      manifest updated (43 entries)
  L07 (Ollie)  The Puritan Challenge
      n23: In Parliament: Puritan MPs pushed for further reform. In 1571 , Walter Strickland proposed a new prayer book a
             -> 760 KB, 64.9s, uploaded
      n12: Puritan sympathisers included the preacher John Field and, at the top of government, the Earl of Leicester and
             -> 244 KB, 20.9s, uploaded
      n25: Religious and political challenge: Puritans pushed for further reform, directly challenging Elizabeth’s Royal 
             -> 390 KB, 33.2s, uploaded
      manifest updated (22 entries)
  L11 (Ollie)  Elizabethan Exploration
      n29: Better ships: New designs had triangular sails that could be turned quickly to catch the wind, plus improved r
             -> 645 KB, 55.1s, uploaded
      n7: Hawkins was one of the first English sailors involved in the transatlantic slave trade . His slaving voyages b
             -> 468 KB, 39.9s, uploaded
      n30: Roanoke — First Colony (1585): Raleigh organised and financed the voyage but was ordered to stay in England as
             -> 482 KB, 41.1s, uploaded
      manifest updated (29 entries)
  L12 (Ada)  The Rise of the Gentry & Theatre
      n16: Puritans opposed theatre, calling it a drunken and lawless distraction from worshipping God. The City of Londo
             -> 330 KB, 28.1s, uploaded
      manifest updated (27 entries)
  L13 (Ollie)  The Essex Rebellion
      n4: By the 1590s, Elizabeth’s position had weakened. Between 1588 and 1591 , three of her closest advisors — Dudle
             -> 298 KB, 25.4s, uploaded
      n7: Robert Devereux became the Earl of Essex aged 10 when his father died in 1576. He was the stepson of Robert Du
             -> 202 KB, 17.2s, uploaded
      n29: Essex was tried for treason and found guilty. He was executed on 25 February 1601 at the Tower of London — jus
             -> 296 KB, 25.2s, uploaded
      manifest updated (27 entries)
  L16 (Ada)  The Spanish Armada: Historic Environment 2027
      n2: The Spanish Armada is the named historic environment for your 2027 exam. That gives Paper 2 a guaranteed 16-ma
             -> 381 KB, 32.5s, uploaded
      n14: Anchor every paragraph of your site answer in a named place doing causal work — the Calais roadstead, the Zeel
             -> 306 KB, 26.1s, uploaded
      manifest updated (19 entries)
  L17 (Ollie)  Kenilworth Castle: Historic Environment 2028
      n2: Kenilworth Castle is the named historic environment for your 2028 exam, which guarantees Paper 2 a 16-mark que
             -> 454 KB, 38.8s, uploaded
      manifest updated (20 entries)

Regenerated 23 clips.

=== VERIFY (ranged GET + freshness) ===
  206  L01 n5  bytes 0-3/184032  Last-Modified: Fri, 18 Sep 2026 10:49:22 GMT  mp3-sync=OK
  206  L01 n30  bytes 0-3/231552  Last-Modified: Fri, 18 Sep 2026 10:49:26 GMT  mp3-sync=OK
  206  L02 n4  bytes 0-3/242496  Last-Modified: Fri, 18 Sep 2026 10:49:30 GMT  mp3-sync=OK
  206  L02 n5  bytes 0-3/159840  Last-Modified: Fri, 18 Sep 2026 10:49:33 GMT  mp3-sync=OK
  206  L03 n34  bytes 0-3/440928  Last-Modified: Fri, 18 Sep 2026 10:49:40 GMT  mp3-sync=OK
  206  L05 n31  bytes 0-3/363744  Last-Modified: Fri, 18 Sep 2026 10:49:47 GMT  mp3-sync=OK
  206  L06 n9  bytes 0-3/210240  Last-Modified: Fri, 18 Sep 2026 10:49:51 GMT  mp3-sync=OK
  206  L06 n10  bytes 0-3/211680  Last-Modified: Fri, 18 Sep 2026 10:49:54 GMT  mp3-sync=OK
  206  L06 n16  bytes 0-3/147744  Last-Modified: Fri, 18 Sep 2026 10:49:57 GMT  mp3-sync=OK
  206  L06 n44  bytes 0-3/535104  Last-Modified: Fri, 18 Sep 2026 10:50:05 GMT  mp3-sync=OK
  206  L07 n23  bytes 0-3/778752  Last-Modified: Fri, 18 Sep 2026 10:50:18 GMT  mp3-sync=OK
  206  L07 n12  bytes 0-3/250272  Last-Modified: Fri, 18 Sep 2026 10:50:22 GMT  mp3-sync=OK
  206  L07 n25  bytes 0-3/398880  Last-Modified: Fri, 18 Sep 2026 10:50:28 GMT  mp3-sync=OK
  206  L11 n29  bytes 0-3/660960  Last-Modified: Fri, 18 Sep 2026 10:50:38 GMT  mp3-sync=OK
  206  L11 n7  bytes 0-3/479232  Last-Modified: Fri, 18 Sep 2026 10:50:45 GMT  mp3-sync=OK
  206  L11 n30  bytes 0-3/493056  Last-Modified: Fri, 18 Sep 2026 10:50:53 GMT  mp3-sync=OK
  206  L12 n16  bytes 0-3/337536  Last-Modified: Fri, 18 Sep 2026 10:50:58 GMT  mp3-sync=OK
  206  L13 n4  bytes 0-3/304992  Last-Modified: Fri, 18 Sep 2026 10:51:04 GMT  mp3-sync=OK
  206  L13 n7  bytes 0-3/206784  Last-Modified: Fri, 18 Sep 2026 10:51:07 GMT  mp3-sync=OK
  206  L13 n29  bytes 0-3/302976  Last-Modified: Fri, 18 Sep 2026 10:51:12 GMT  mp3-sync=OK
  206  L16 n2  bytes 0-3/390240  Last-Modified: Fri, 18 Sep 2026 10:51:18 GMT  mp3-sync=OK
  206  L16 n14  bytes 0-3/313632  Last-Modified: Fri, 18 Sep 2026 10:51:23 GMT  mp3-sync=OK
  206  L17 n2  bytes 0-3/465408  Last-Modified: Fri, 18 Sep 2026 10:51:30 GMT  mp3-sync=OK

23/23 clips verified HTTP 200/206 with fresh audio.
