
=== RE-NARRATION (changed narrated text only) ===
backup: C:\Users\tshau\Documents\Study Vault\scripts\_retrofc\units\english-literature-eduqas__anita-and-me\_backup.json
unit:   english-literature-eduqas / anita-and-me
run: 2026-09-04T03:58:59Z  mode: LIVE

8 lessons, 53 clips to regenerate

  L01 (Ollie)  Context: 1960s/70s Britain & Immigration
      n2: Anita and Me is set in the fictional village of Tollington, a thinly disguised version of the real Black Count
             -> 284 KB, 24.3s, uploaded
      n3: Post-war Britain faced a severe labour shortage. The 1948 British Nationality Act gave citizens of Commonwealt
             -> 358 KB, 30.6s, uploaded
      n7: Syal shows the same rhetoric working at village level. When Sam Lowbridge stands up at the village fete and ob
             -> 349 KB, 29.8s, uploaded
      n14: Your prose question It credits your response to the text (AO1), your analysis of language, structure and form 
             -> 377 KB, 32.1s, uploaded
      n19: Your prose question is one source-based task worth 40 marks. An extract is printed on the paper, and your sing
             -> 515 KB, 43.9s, uploaded
      n23: Context is not assessed on this question, so use background only where it sharpens a point about Syal’s langua
             -> 84 KB, 7.2s, uploaded
      manifest updated (23 entries)
  L02 (Ada)  Meena's World & Tollington
      n2: Meena Kumar is nine years old when the novel begins, and she is already navigating a problem that most of the 
             -> 501 KB, 42.7s, uploaded
      n4: Key Fact . Meena’s admission that she is “a freak of some kind, too mouthy, clumsy and scabby to be a real Ind
             -> 298 KB, 25.4s, uploaded
      n11: Meena is a compulsive liar, and Syal makes this one of her most defining characteristics. “I’m not really a li
             -> 500 KB, 42.6s, uploaded
      n13: Key Fact . Meena’s declaration “I’m not really a liar” blurs the line between fiction and deception. Syal sugg
             -> 256 KB, 21.8s, uploaded
      n19: Your prose question is one source-based task worth 40 marks, and it opens with a printed extract, so start wit
             -> 445 KB, 37.9s, uploaded
      n22: Her compulsive lying (“I’m not really a liar”) is a coping mechanism that allows her to construct a version of
             -> 94 KB, 8.0s, uploaded
      manifest updated (23 entries)
  L03 (Ollie)  Anita Rutter
      n7: The contrast with the Kumar household could not be starker. Where Mama cooks elaborate meals and monitors Meen
             -> 396 KB, 33.8s, uploaded
      n8: Syal resists easy judgement of Deirdre. On one hand, her neglect of Anita is clear and damaging: Anita raises 
             -> 401 KB, 34.2s, uploaded
      n15: By the end of the novel, Meena recognises this. She learns that “the place in which I belonged was wherever I 
             -> 205 KB, 17.5s, uploaded
      n19: When answering questions about Anita, always consider what she represents as well as who she is. A strong resp
             -> 347 KB, 29.6s, uploaded
      manifest updated (23 entries)
  L04 (Ada)  Racism, Sam Lowbridge & Growing Apart
      n3: When Sam stands up at the Spring Fete and delivers his racist speech — echoing the language of populist rhetor
             -> 358 KB, 30.5s, uploaded
      n11: Sam’s speech triggers a profound identity crisis in Meena. Before the fete, she believed — or at least hoped —
             -> 377 KB, 32.2s, uploaded
      n22: When writing about Sam Lowbridge, you may use the background of economic decline and Enoch Powell’s rhetoric t
             -> 455 KB, 38.9s, uploaded
      manifest updated (26 entries)
  L05 (Ollie)  The Ending & Growing Up
      n3: The break is painful but necessary. When Meena finally walks away from Anita, she is not simply ending a frien
             -> 383 KB, 32.7s, uploaded
      n4: Key Fact . Meena’s line “the place in which I belonged was wherever I stood” reverses her earlier desire to bl
             -> 271 KB, 23.1s, uploaded
      n6: Meena passes the eleven-plus and wins a grammar school place — an opportunity that will take her away from Tol
             -> 295 KB, 25.2s, uploaded
      n13: Key Fact . Meena ends by “claiming each resting place as home.” That simple idea shows how far she has come. S
             -> 296 KB, 25.3s, uploaded
      n16: This ambiguity is important for the exam. A strong response will note that the ending is hopeful for Meena as 
             -> 348 KB, 29.7s, uploaded
      n20: The closing pages of Anita and Me offer a vision of identity that is generous and inclusive. Meena does not re
             -> 306 KB, 26.1s, uploaded
      n22: Your prose question is one source-based task worth 40 marks covering the printed extract and the whole novel, 
             -> 470 KB, 40.1s, uploaded
      n24: Meena’s rejection of Anita is also a rejection of the idea that she must suppress her identity to belong — “th
             -> 104 KB, 8.9s, uploaded
      n25: The grammar school place represents education as liberation, echoing Papa’s values and contrasting with Anita’
             -> 91 KB, 7.7s, uploaded
      manifest updated (26 entries)
  L06 (Ada)  Character Analysis
      n3: Meena’s central quality is her hunger for belonging. Calling herself “a freak of some kind” establishes her co
             -> 363 KB, 31.0s, uploaded
      n4: Key Fact . Meena is a dynamic character : she changes fundamentally over the course of the novel. Her journey 
             -> 212 KB, 18.1s, uploaded
      n9: Papa (Shyam) is educated, dignified, and quietly principled. He works in a factory despite being overqualified
             -> 415 KB, 35.4s, uploaded
      n15: Deirdre Rutter is Anita’s mother and the novel’s most visible example of parental failure. She is neglectful, 
             -> 485 KB, 41.4s, uploaded
      n20: When analysing characters in your prose answer, focus on Syal’s methods: how does she use language, dialogue, 
             -> 365 KB, 31.2s, uploaded
      n22: Meena is a dynamic character whose journey from “a freak of some kind” to “the place in which I belonged was w
             -> 103 KB, 8.8s, uploaded
      manifest updated (24 entries)
  L07 (Ollie)  Narrative Voice & Structure
      n3: The opening line demonstrates this dual perspective immediately: “I do not have many memories of my very early
             -> 390 KB, 33.3s, uploaded
      n25: In the exam, understanding the retrospective narrative voice is essential for AO2, the analysis of the writer’
             -> 362 KB, 30.9s, uploaded
      n27: When you work on the printed extract, identify whether the passage is dominated by the child’s voice or the ad
             -> 433 KB, 37.0s, uploaded
      manifest updated (31 entries)
  L08 (Ada)  Key Themes & Exam Technique
      n2: The most important theme in Anita and Me is identity . Meena spends the entire novel asking the same question:
             -> 440 KB, 37.5s, uploaded
      n3: Syal’s argument is that identity for a second-generation immigrant is not a choice between two cultures. It is
             -> 309 KB, 26.4s, uploaded
      n4: Key Fact . The three key identity quotations form a clear arc: “a freak of some kind... to be a real Indian gi
             -> 298 KB, 25.4s, uploaded
      n17: The theme of growing up encompasses all the other themes. Meena’s journey is from confusion to clarity, from d
             -> 358 KB, 30.5s, uploaded
      n18: Exam Technique: The Source-Based Prose Question
             -> 43 KB, 3.7s, uploaded
      n19: Your prose question is a single source-based task worth 40 marks. An extract from the novel is printed on the 
             -> 461 KB, 39.3s, uploaded
      n23: Step 4: Write 3–4 focused paragraphs. Each should analyse a different feature. Move on to the rest of the nove
             -> 118 KB, 10.0s, uploaded
      n24: Step 1: Plan before you write. Identify 3–4 key points from across the novel (not just one scene). Each point 
             -> 145 KB, 12.4s, uploaded
      n26: Step 3: Use background sparingly. Context is not assessed on this question, so never write a separate context 
             -> 258 KB, 22.0s, uploaded
      n27: Step 4: Analyse language (AO2). Away from the printed extract too, you must analyse specific words and phrases
             -> 171 KB, 14.6s, uploaded
      n31: “I knew I was a freak of some kind, too mouthy, clumsy and scabby to be a real Indian girl” — Identity : Meena
             -> 109 KB, 9.3s, uploaded
      n32: “I’m not really a liar, I just learned very early on that those of us deprived of history sometimes need to tu
             -> 138 KB, 11.7s, uploaded
      n35: “Claiming each resting place as home” — Family/Culture : Meena belonging without denying her heritage.
             -> 77 KB, 6.6s, uploaded
      n36: “The place in which I belonged was wherever I stood” — Growing up : Meena’s final self-acceptance.
             -> 72 KB, 6.2s, uploaded
      n37: Time management is critical. The paper lasts two hours and thirty minutes and holds three sections of 40 marks
             -> 334 KB, 28.5s, uploaded
      n41: Your prose question is one source-based task worth 40 marks, so analyse the printed extract closely, then rang
             -> 182 KB, 15.5s, uploaded
      manifest updated (41 entries)

Regenerated 53 clips.

=== VERIFY (ranged GET + freshness) ===
  206  L01 n2  bytes 0-3/291168  Last-Modified: Fri, 04 Sep 2026 03:59:05 GMT  mp3-sync=OK
  206  L01 n3  bytes 0-3/366624  Last-Modified: Fri, 04 Sep 2026 03:59:11 GMT  mp3-sync=OK
  206  L01 n7  bytes 0-3/357408  Last-Modified: Fri, 04 Sep 2026 03:59:17 GMT  mp3-sync=OK
  206  L01 n14  bytes 0-3/385632  Last-Modified: Fri, 04 Sep 2026 03:59:22 GMT  mp3-sync=OK
  206  L01 n19  bytes 0-3/527328  Last-Modified: Fri, 04 Sep 2026 03:59:29 GMT  mp3-sync=OK
  206  L01 n23  bytes 0-3/86112  Last-Modified: Fri, 04 Sep 2026 03:59:31 GMT  mp3-sync=OK
  206  L02 n2  bytes 0-3/512640  Last-Modified: Fri, 04 Sep 2026 03:59:38 GMT  mp3-sync=OK
  206  L02 n4  bytes 0-3/304704  Last-Modified: Fri, 04 Sep 2026 03:59:43 GMT  mp3-sync=OK
  206  L02 n11  bytes 0-3/511488  Last-Modified: Fri, 04 Sep 2026 03:59:51 GMT  mp3-sync=OK
  206  L02 n13  bytes 0-3/262080  Last-Modified: Fri, 04 Sep 2026 03:59:55 GMT  mp3-sync=OK
  206  L02 n19  bytes 0-3/455328  Last-Modified: Fri, 04 Sep 2026 04:00:01 GMT  mp3-sync=OK
  206  L02 n22  bytes 0-3/95904  Last-Modified: Fri, 04 Sep 2026 04:00:03 GMT  mp3-sync=OK
  206  L03 n7  bytes 0-3/405216  Last-Modified: Fri, 04 Sep 2026 04:00:09 GMT  mp3-sync=OK
  206  L03 n8  bytes 0-3/410400  Last-Modified: Fri, 04 Sep 2026 04:00:15 GMT  mp3-sync=OK
  206  L03 n15  bytes 0-3/209952  Last-Modified: Fri, 04 Sep 2026 04:00:19 GMT  mp3-sync=OK
  206  L03 n19  bytes 0-3/355104  Last-Modified: Fri, 04 Sep 2026 04:00:24 GMT  mp3-sync=OK
  206  L04 n3  bytes 0-3/366336  Last-Modified: Fri, 04 Sep 2026 04:00:29 GMT  mp3-sync=OK
  206  L04 n11  bytes 0-3/385920  Last-Modified: Fri, 04 Sep 2026 04:00:36 GMT  mp3-sync=OK
  206  L04 n22  bytes 0-3/466272  Last-Modified: Fri, 04 Sep 2026 04:00:42 GMT  mp3-sync=OK
  206  L05 n3  bytes 0-3/392544  Last-Modified: Fri, 04 Sep 2026 04:00:48 GMT  mp3-sync=OK
  206  L05 n4  bytes 0-3/277344  Last-Modified: Fri, 04 Sep 2026 04:00:52 GMT  mp3-sync=OK
  206  L05 n6  bytes 0-3/302400  Last-Modified: Fri, 04 Sep 2026 04:00:57 GMT  mp3-sync=OK
  206  L05 n13  bytes 0-3/303552  Last-Modified: Fri, 04 Sep 2026 04:01:02 GMT  mp3-sync=OK
  206  L05 n16  bytes 0-3/355968  Last-Modified: Fri, 04 Sep 2026 04:01:07 GMT  mp3-sync=OK
  206  L05 n20  bytes 0-3/313632  Last-Modified: Fri, 04 Sep 2026 04:01:12 GMT  mp3-sync=OK
  206  L05 n22  bytes 0-3/481536  Last-Modified: Fri, 04 Sep 2026 04:01:19 GMT  mp3-sync=OK
  206  L05 n24  bytes 0-3/106560  Last-Modified: Fri, 04 Sep 2026 04:01:21 GMT  mp3-sync=OK
  206  L05 n25  bytes 0-3/92736  Last-Modified: Fri, 04 Sep 2026 04:01:22 GMT  mp3-sync=OK
  206  L06 n3  bytes 0-3/372096  Last-Modified: Fri, 04 Sep 2026 04:01:29 GMT  mp3-sync=OK
  206  L06 n4  bytes 0-3/217440  Last-Modified: Fri, 04 Sep 2026 04:01:33 GMT  mp3-sync=OK
  206  L06 n9  bytes 0-3/425088  Last-Modified: Fri, 04 Sep 2026 04:01:39 GMT  mp3-sync=OK
  206  L06 n15  bytes 0-3/496512  Last-Modified: Fri, 04 Sep 2026 04:01:45 GMT  mp3-sync=OK
  206  L06 n20  bytes 0-3/374112  Last-Modified: Fri, 04 Sep 2026 04:01:50 GMT  mp3-sync=OK
  206  L06 n22  bytes 0-3/105696  Last-Modified: Fri, 04 Sep 2026 04:01:52 GMT  mp3-sync=OK
  206  L07 n3  bytes 0-3/399456  Last-Modified: Fri, 04 Sep 2026 04:01:58 GMT  mp3-sync=OK
  206  L07 n25  bytes 0-3/370656  Last-Modified: Fri, 04 Sep 2026 04:02:04 GMT  mp3-sync=OK
  206  L07 n27  bytes 0-3/443808  Last-Modified: Fri, 04 Sep 2026 04:02:10 GMT  mp3-sync=OK
  206  L08 n2  bytes 0-3/450432  Last-Modified: Fri, 04 Sep 2026 04:02:18 GMT  mp3-sync=OK
  206  L08 n3  bytes 0-3/316800  Last-Modified: Fri, 04 Sep 2026 04:02:23 GMT  mp3-sync=OK
  206  L08 n4  bytes 0-3/304704  Last-Modified: Fri, 04 Sep 2026 04:02:28 GMT  mp3-sync=OK
  206  L08 n17  bytes 0-3/366336  Last-Modified: Fri, 04 Sep 2026 04:02:33 GMT  mp3-sync=OK
  206  L08 n18  bytes 0-3/44064  Last-Modified: Fri, 04 Sep 2026 04:02:35 GMT  mp3-sync=OK
  206  L08 n19  bytes 0-3/472032  Last-Modified: Fri, 04 Sep 2026 04:02:42 GMT  mp3-sync=OK
  206  L08 n23  bytes 0-3/120384  Last-Modified: Fri, 04 Sep 2026 04:02:44 GMT  mp3-sync=OK
  206  L08 n24  bytes 0-3/148896  Last-Modified: Fri, 04 Sep 2026 04:02:47 GMT  mp3-sync=OK
  206  L08 n26  bytes 0-3/263808  Last-Modified: Fri, 04 Sep 2026 04:02:51 GMT  mp3-sync=OK
  206  L08 n27  bytes 0-3/175104  Last-Modified: Fri, 04 Sep 2026 04:02:54 GMT  mp3-sync=OK
  206  L08 n31  bytes 0-3/111168  Last-Modified: Fri, 04 Sep 2026 04:02:56 GMT  mp3-sync=OK
  206  L08 n32  bytes 0-3/140832  Last-Modified: Fri, 04 Sep 2026 04:02:58 GMT  mp3-sync=OK
  206  L08 n35  bytes 0-3/79200  Last-Modified: Fri, 04 Sep 2026 04:03:00 GMT  mp3-sync=OK
  206  L08 n36  bytes 0-3/74016  Last-Modified: Fri, 04 Sep 2026 04:03:01 GMT  mp3-sync=OK
  206  L08 n37  bytes 0-3/341856  Last-Modified: Fri, 04 Sep 2026 04:03:06 GMT  mp3-sync=OK
  206  L08 n41  bytes 0-3/186336  Last-Modified: Fri, 04 Sep 2026 04:03:11 GMT  mp3-sync=OK

53/53 clips verified HTTP 200/206 with fresh audio.
