==============================================================================
EngLit fix re-narration 2026-08-30T01:37:52.435335+00:00  dry_run=True

── frankenstein L6 (Walton/Creature ambiguity)  L6  voice=Ada  1/18 clips changed
      n13   639 chars  'The novel ends where it began: with Walton in the Arctic. His crew demand they turn back'

── leave-taking L2 (Act 1 title)  L2  voice=Ada  0/15 clips changed
    (no narrated text changed — nothing to do)

── leave-taking L3 (Act 2 title + Enid marriage)  L3  voice=Ollie  0/16 clips changed
    (no narrated text changed — nothing to do)

── leave-taking L5 (Enid marriage)  L5  voice=Ollie  0/18 clips changed
    (no narrated text changed — nothing to do)

── boys-dont-cry L6 (n28 playwright->novelist)  L6  voice=Ada  1/34 clips changed
      n28   382 chars  'In your exam response, always move from identifying a technique to explaining its effect'

TOTAL: 2 clips, 1021 chars, est $0.016
  frankenstein L6 (Walton/Creature ambiguity): 1 re-narrated, 0 verified HTTP 200 + fresh timestamp
  leave-taking L2 (Act 1 title): 0 re-narrated, 0 verified HTTP 200 + fresh timestamp
  leave-taking L3 (Act 2 title + Enid marriage): 0 re-narrated, 0 verified HTTP 200 + fresh timestamp
  leave-taking L5 (Enid marriage): 0 re-narrated, 0 verified HTTP 200 + fresh timestamp
  boys-dont-cry L6 (n28 playwright->novelist): 1 re-narrated, 0 verified HTTP 200 + fresh timestamp
[DRY RUN] no audio generated, no writes.
==============================================================================
EngLit fix re-narration 2026-08-30T01:40:17.849442+00:00  dry_run=True

── frankenstein L6 (Walton/Creature ambiguity)  L6  voice=Ada  1/18 clips changed
      n13   639 chars  'The novel ends where it began: with Walton in the Arctic. His crew demand they turn back'

── leave-taking L2 (Act 1 title)  L2  voice=Ada  0/15 clips changed
    (no narrated text changed — nothing to do)

── leave-taking L3 (Act 2 title + Enid marriage)  L3  voice=Ollie  0/16 clips changed
    (no narrated text changed — nothing to do)

── leave-taking L5 (Enid marriage)  L5  voice=Ollie  1/18 clips changed
       n3   695 chars  "Enid's backstory is gradually revealed across the play. Her husband subjected her to dom"

── boys-dont-cry L6 (n28 playwright->novelist)  L6  voice=Ada  1/34 clips changed
      n28   382 chars  'In your exam response, always move from identifying a technique to explaining its effect'

── frankenstein L2 (Walton ambiguity, same error as L6)  L2  voice=Ada  1/18 clips changed
      n13   518 chars  'Walton is Victor’s mirror. Both sacrifice relationships for discovery. Both use the lang'

TOTAL: 4 clips, 2234 chars, est $0.036
  frankenstein L6 (Walton/Creature ambiguity): 1 re-narrated, 0 verified HTTP 200 + fresh timestamp
  leave-taking L2 (Act 1 title): 0 re-narrated, 0 verified HTTP 200 + fresh timestamp
  leave-taking L3 (Act 2 title + Enid marriage): 0 re-narrated, 0 verified HTTP 200 + fresh timestamp
  leave-taking L5 (Enid marriage): 1 re-narrated, 0 verified HTTP 200 + fresh timestamp
  boys-dont-cry L6 (n28 playwright->novelist): 1 re-narrated, 0 verified HTTP 200 + fresh timestamp
  frankenstein L2 (Walton ambiguity, same error as L6): 1 re-narrated, 0 verified HTTP 200 + fresh timestamp
[DRY RUN] no audio generated, no writes.
==============================================================================
EngLit fix re-narration 2026-08-30T01:40:22.789934+00:00  dry_run=False

── frankenstein L6 (Walton/Creature ambiguity)  L6  voice=Ada  1/18 clips changed
      n13   639 chars  'The novel ends where it began: with Walton in the Arctic. His crew demand they turn back'
      n13 uploaded 393KB -> 459KB  58.6s  english-literature-aqa/frankenstein/narration_lesson-06_n13.mp3
    manifest updated: 18 entries
    verify   n13 HTTP 200  r2=470880B live=470880B  mtime 2026-05-08 22:05:26+00:00 -> 2026-08-30 01:40:32+00:00  FRESH

── leave-taking L2 (Act 1 title)  L2  voice=Ada  0/15 clips changed
    (no narrated text changed — nothing to do)

── leave-taking L3 (Act 2 title + Enid marriage)  L3  voice=Ollie  0/16 clips changed
    (no narrated text changed — nothing to do)

── leave-taking L5 (Enid marriage)  L5  voice=Ollie  1/18 clips changed
       n3   695 chars  "Enid's backstory is gradually revealed across the play. Her husband subjected her to dom"
       n3 uploaded 417KB -> 475KB  20.2s  english-literature-aqa/leave-taking/narration_lesson-05_n3.mp3
    manifest updated: 18 entries
    verify    n3 HTTP 200  r2=487296B live=487296B  mtime 2026-05-08 22:43:20+00:00 -> 2026-08-30 01:40:40+00:00  FRESH

── boys-dont-cry L6 (n28 playwright->novelist)  L6  voice=Ada  1/34 clips changed
      n28   382 chars  'In your exam response, always move from identifying a technique to explaining its effect'
      n28 uploaded 280KB -> 278KB  23.5s  english-literature-edexcel/boys-dont-cry/narration_lesson-06_n28.mp3
    manifest updated: 34 entries
    verify   n28 HTTP 200  r2=284832B live=284832B  mtime 2026-08-30 01:26:30+00:00 -> 2026-08-30 01:40:46+00:00  FRESH

── frankenstein L2 (Walton ambiguity, same error as L6)  L2  voice=Ada  1/18 clips changed
      n13   518 chars  'Walton is Victor’s mirror. Both sacrifice relationships for discovery. Both use the lang'
      n13 uploaded 334KB -> 370KB  23.5s  english-literature/frankenstein/narration_lesson-02_n13.mp3
    manifest updated: 18 entries
    verify   n13 HTTP 200  r2=379008B live=379008B  mtime 2026-03-27 14:16:07+00:00 -> 2026-08-30 01:40:53+00:00  FRESH

TOTAL: 4 clips, 2234 chars, est $0.036
  frankenstein L6 (Walton/Creature ambiguity): 1 re-narrated, 1 verified HTTP 200 + fresh timestamp
  leave-taking L2 (Act 1 title): 0 re-narrated, 0 verified HTTP 200 + fresh timestamp
  leave-taking L3 (Act 2 title + Enid marriage): 0 re-narrated, 0 verified HTTP 200 + fresh timestamp
  leave-taking L5 (Enid marriage): 1 re-narrated, 1 verified HTTP 200 + fresh timestamp
  boys-dont-cry L6 (n28 playwright->novelist): 1 re-narrated, 1 verified HTTP 200 + fresh timestamp
  frankenstein L2 (Walton ambiguity, same error as L6): 1 re-narrated, 1 verified HTTP 200 + fresh timestamp
