
=== RE-NARRATION (changed narrated text only) ===
backup: C:\Users\tshau\Documents\Study Vault\scripts\_retrofc\units\english-literature-eduqas__blood-brothers\_backup.json
unit:   english-literature-eduqas / blood-brothers
run: 2026-09-04T02:38:18Z  mode: LIVE

8 lessons, 25 clips to regenerate

  L01 (Ollie)  Context: Class Divide in 1980s Liverpool
      n2: Willy Russell grew up in a working-class family on Merseyside. He left school with no qualifications, worked a
             -> 332 KB, 28.3s, uploaded
      n3: Understanding Russell’s background helps you explain what the play is trying to do. The play is not a neutral 
             -> 204 KB, 17.4s, uploaded
      n6: The musical version of Blood Brothers opened at the Liverpool Playhouse in January 1983 and reached the West E
             -> 353 KB, 30.1s, uploaded
      n12: Russell shows the consequences through Mrs Johnstone. She is not lazy or irresponsible — she works as a cleane
             -> 358 KB, 30.5s, uploaded
      n14: The drama question gives no marks for context, so never write a separate context paragraph. The strongest appr
             -> 306 KB, 26.1s, uploaded
      n19: The drama question is one task worth 40 marks, with an extract printed on the paper. It rewards your response 
             -> 386 KB, 32.9s, uploaded
      manifest updated (23 entries)
  L02 (Ada)  Act 1: Mrs Johnstone & the Pact
      n9: Mrs Lyons then invents the superstition that if the twins ever discover they are brothers, they will both die.
             -> 379 KB, 32.3s, uploaded
      n17: You get one 40-mark question with an extract printed on the paper. If the extract shows the pact scene, analys
             -> 383 KB, 32.7s, uploaded
      manifest updated (21 entries)
  L03 (Ollie)  Childhood: Mickey & Eddie Meet
      n7: The comedy of the scene comes from each boy’s fascination with the other’s language. Eddie thinks Mickey’s swe
             -> 384 KB, 32.7s, uploaded
      n9: Linda joins their games as the boldest of the three — she is the one who dares the boys into throwing stones a
             -> 278 KB, 23.7s, uploaded
      n14: Russell reinforces the class divide through the policeman who visits both households after the boys are caught
             -> 368 KB, 31.4s, uploaded
      n16: You get one 40-mark question with an extract printed on the paper. If the extract is from the childhood scenes
             -> 326 KB, 27.8s, uploaded
      manifest updated (20 entries)
  L04 (Ada)  Adolescence & Growing Apart
      n14: Sammy is Mickey’s older brother, and his trajectory is a warning. As a child, Sammy is a bully who burns the s
             -> 320 KB, 27.3s, uploaded
      n16: You get one 40-mark question with an extract printed on the paper. If it comes from the adolescence scenes, an
             -> 343 KB, 29.2s, uploaded
      manifest updated (20 entries)
  L05 (Ollie)  The Tragic Ending
      n1: The Pills and the Man Who Disappears
             -> 34 KB, 2.9s, uploaded
      n4: Key Fact . Mickey’s pills symbolise the system’s response to working-class suffering: medicate, don’t fix. Lin
             -> 262 KB, 22.4s, uploaded
      n9: Mickey does not go to the Town Hall intending to kill. He goes in anguish, confusion, and rage. The gun shakes
             -> 328 KB, 28.0s, uploaded
      n16: For the climax extract, analyse Mickey’s language closely: the short, broken sentences (“I could have been him
             -> 318 KB, 27.1s, uploaded
      manifest updated (20 entries)
  L06 (Ada)  Character Analysis
      n11: Linda is often reduced to “the girl between two brothers,” but Russell writes her with more complexity. As a c
             -> 368 KB, 31.4s, uploaded
      n15: Sammy’s importance is structural. He is the person who hides the gun under the floor that Mickey later takes. 
             -> 341 KB, 29.1s, uploaded
      n16: For character questions, always link the character to Russell’s political purpose. Do not just describe what M
             -> 319 KB, 27.2s, uploaded
      manifest updated (20 entries)
  L07 (Ollie)  Structure, Music & the Narrator
      n9: “That Guy” reveals how much each twin envies the other. Mickey watches Eddie and wishes he could be “that guy”
             -> 262 KB, 22.3s, uploaded
      manifest updated (21 entries)
  L08 (Ada)  Key Themes & Exam Technique
      n14: Typical question format: Modern drama questions often give you a printed extract and ask you to analyse it, th
             -> 380 KB, 32.4s, uploaded
      n16: Writing about the whole play: Range across the whole play — do not just retell the plot. Pick 3–4 moments from
             -> 314 KB, 26.8s, uploaded
      n22: In the exam you get one 40-mark question: analyse the printed extract (3–4 PEA paragraphs), then range across 
             -> 177 KB, 15.1s, uploaded
      manifest updated (22 entries)

Regenerated 25 clips.

=== VERIFY (ranged GET + freshness) ===
  206  L01 n2  bytes 0-3/339552  Last-Modified: Fri, 04 Sep 2026 02:38:25 GMT  mp3-sync=OK
  206  L01 n3  bytes 0-3/209088  Last-Modified: Fri, 04 Sep 2026 02:38:28 GMT  mp3-sync=OK
  206  L01 n6  bytes 0-3/361728  Last-Modified: Fri, 04 Sep 2026 02:38:33 GMT  mp3-sync=OK
  206  L01 n12  bytes 0-3/366336  Last-Modified: Fri, 04 Sep 2026 02:38:40 GMT  mp3-sync=OK
  206  L01 n14  bytes 0-3/313632  Last-Modified: Fri, 04 Sep 2026 02:38:44 GMT  mp3-sync=OK
  206  L01 n19  bytes 0-3/394848  Last-Modified: Fri, 04 Sep 2026 02:38:50 GMT  mp3-sync=OK
  206  L02 n9  bytes 0-3/387648  Last-Modified: Fri, 04 Sep 2026 02:38:55 GMT  mp3-sync=OK
  206  L02 n17  bytes 0-3/392256  Last-Modified: Fri, 04 Sep 2026 02:39:01 GMT  mp3-sync=OK
  206  L03 n7  bytes 0-3/392832  Last-Modified: Fri, 04 Sep 2026 02:39:07 GMT  mp3-sync=OK
  206  L03 n9  bytes 0-3/284256  Last-Modified: Fri, 04 Sep 2026 02:39:11 GMT  mp3-sync=OK
  206  L03 n14  bytes 0-3/377280  Last-Modified: Fri, 04 Sep 2026 02:39:17 GMT  mp3-sync=OK
  206  L03 n16  bytes 0-3/333792  Last-Modified: Fri, 04 Sep 2026 02:39:23 GMT  mp3-sync=OK
  206  L04 n14  bytes 0-3/327168  Last-Modified: Fri, 04 Sep 2026 02:39:28 GMT  mp3-sync=OK
  206  L04 n16  bytes 0-3/350784  Last-Modified: Fri, 04 Sep 2026 02:39:33 GMT  mp3-sync=OK
  206  L05 n1  bytes 0-3/34848  Last-Modified: Fri, 04 Sep 2026 02:39:35 GMT  mp3-sync=OK
  206  L05 n4  bytes 0-3/268416  Last-Modified: Fri, 04 Sep 2026 02:39:39 GMT  mp3-sync=OK
  206  L05 n9  bytes 0-3/336096  Last-Modified: Fri, 04 Sep 2026 02:39:45 GMT  mp3-sync=OK
  206  L05 n16  bytes 0-3/325152  Last-Modified: Fri, 04 Sep 2026 02:39:50 GMT  mp3-sync=OK
  206  L06 n11  bytes 0-3/376992  Last-Modified: Fri, 04 Sep 2026 02:39:55 GMT  mp3-sync=OK
  206  L06 n15  bytes 0-3/349056  Last-Modified: Fri, 04 Sep 2026 02:40:01 GMT  mp3-sync=OK
  206  L06 n16  bytes 0-3/326304  Last-Modified: Fri, 04 Sep 2026 02:40:05 GMT  mp3-sync=OK
  206  L07 n9  bytes 0-3/267840  Last-Modified: Fri, 04 Sep 2026 02:40:10 GMT  mp3-sync=OK
  206  L08 n14  bytes 0-3/388800  Last-Modified: Fri, 04 Sep 2026 02:40:15 GMT  mp3-sync=OK
  206  L08 n16  bytes 0-3/321120  Last-Modified: Fri, 04 Sep 2026 02:40:20 GMT  mp3-sync=OK
  206  L08 n22  bytes 0-3/181440  Last-Modified: Fri, 04 Sep 2026 02:40:23 GMT  mp3-sync=OK

25/25 clips verified HTTP 200/206 with fresh audio.
