
=== RE-NARRATION (changed narrated text only) ===
backup: C:\Users\tshau\Documents\Study Vault\scripts\_retrofc\units\sociology-aqa__families\_backup.json
unit:   sociology-aqa / families
run: 2026-09-06T09:28:18Z  mode: LIVE

3 lessons, 4 clips to regenerate

  L04 (Ada)  Changing Relationships Within Families
      n8: Peter Willmott and Michael Young (1973) developed an influential account of the contemporary family in their s
             -> 361 KB, 30.8s, uploaded
      n9: Central to their explanation was the principle of stratified diffusion . They observed that the symmetrical fa
             -> 330 KB, 28.2s, uploaded
      manifest updated (17 entries)
  L06 (Ada)  Divorce: Patterns, Causes and Consequences
      n4: One of the most significant causes of the rising divorce rate was legal change. The Divorce Reform Act 1969 ca
             -> 609 KB, 52.0s, uploaded
      manifest updated (22 entries)
  L07 (Ollie)  Researching Families
      n4: Surveys using questionnaires have been widely used to study the domestic division of labour and conjugal roles
             -> 309 KB, 26.3s, uploaded
      manifest updated (18 entries)

Regenerated 4 clips.

=== VERIFY (ranged GET + freshness) ===
  206  L04 n8  bytes 0-3/369216  Last-Modified: Sun, 06 Sep 2026 09:28:26 GMT  mp3-sync=OK
  206  L04 n9  bytes 0-3/338112  Last-Modified: Sun, 06 Sep 2026 09:28:32 GMT  mp3-sync=OK
  206  L06 n4  bytes 0-3/624096  Last-Modified: Sun, 06 Sep 2026 09:28:43 GMT  mp3-sync=OK
  206  L07 n4  bytes 0-3/315936  Last-Modified: Sun, 06 Sep 2026 09:28:48 GMT  mp3-sync=OK

4/4 clips verified HTTP 200/206 with fresh audio.
