=== APPLY EDITS drama-aqa/around-the-world-80-days  41 edits  LIVE  2026-09-06T00:13:29.780Z
  ok   #0 L1.content_html [HIGH] F1: The adaptation premiered in Chicago in 2008; the New Vic production was in 2013.
  ok   #1 L1.content_html [HIGH] F1: Correct the revision prompt’s false premise.
  ok   #2 L1.content_html [HIGH] F1: Distinguish the 2008 world premiere from the 2013 New Vic production.
  ok   #3 L1.practice_questions[0].text [HIGH] F1: The New Vic production was not the world premiere.
  ok   #4 L1.knowledge_checks[0].q [HIGH] F1: The New Vic production was not the adaptation’s premiere.
  ok   #5 L1.flashcard_questions[0].a [HIGH] F1: Correct the year and venue of the adaptation’s first performance.
  ok   #6 L1.flashcard_questions[1].q [HIGH] F1: Theresa Heskins directed the New Vic production, not the world premiere.
  ok   #7 L1.flashcard_questions[2].q [HIGH] F1: Identify the production accurately.
  PATCH L1: content_html, practice_questions, knowledge_checks, flashcard_questions
  ok   #8 L3.content_html [HIGH] F2: A blackout is not itself a slow fade.
  ok   #9 L3.flashcard_questions[6].a [HIGH] F2: Correct the lighting definition.
  ok   #10 L3.glossary_terms[4].definition [HIGH] F2: Correct the lighting definition.
  ok   #11 L3.exam_tip_html [HIGH] F3: This is a house task, not AQA’s 12-mark set-text format.
  ok   #12 L3.exam_tip_html [HIGH] F3: This is a house task, not AQA’s 20-mark set-text format.
  PATCH L3: content_html, flashcard_questions, glossary_terms, exam_tip_html
  ok   #13 L4.content_html [HIGH] F4: Separate serial publication in 1872 from book publication in 1873.
  ok   #14 L4.content_html [HIGH] F5: The adaptation itself premiered in Chicago in 2008.
  ok   #15 L4.content_html [HIGH] F5: The adaptation predates the New Vic production.
  ok   #16 L4.content_html [HIGH] F5: Correct the premiere and remove the unsupported New Vic commission claim.
  ok   #17 L4.content_html [HIGH] F5: Do not attribute the adaptation’s form to a venue used only by a later production.
  ok   #18 L4.conclusion_html [HIGH] F5: Correct the relationship between the adaptation and the New Vic production.
  ok   #19 L4.practice_questions[4].text [HIGH] F5: The adaptation was not made in 2013.
  ok   #20 L4.knowledge_checks[1].q [HIGH] F5: Correct the New Vic production’s status.
  ok   #21 L4.flashcard_questions[2].a [HIGH] F5: The available source does not support a New Vic commission for the adaptation.
  ok   #22 L4.flashcard_questions[3].q [HIGH] F5: Theresa Heskins directed the New Vic production, not the world premiere.
  ok   #23 L4.content_html [HIGH] F6: The director/context format is house practice, not AQA’s 12-mark format.
  ok   #24 L4.exam_tip_html [HIGH] F6: Scope the intentions task as house practice.
  PATCH L4: content_html, conclusion_html, practice_questions, knowledge_checks, flashcard_questions, exam_tip_html
  ok   #25 L5.flashcard_questions[8].a [HIGH] F7: Correct the adaptation’s premiere venue and year.
  ok   #26 L5.flashcard_questions[11].a [MEDIUM] F8: The question asks for companies and the lesson identifies both.
  ok   #27 L5.exam_tip_html [HIGH] F9: Scope the analyse-intentions task as house practice.
  PATCH L5: flashcard_questions, exam_tip_html
  ok   #28 L6.content_html [HIGH] F10: The adaptation premiered in Chicago; the 2013 New Vic production used this configuration.
  ok   #29 L6.exam_tip_html [HIGH] F11: AQA’s 8-mark set-text question is for a performer.
  ok   #30 L6.exam_tip_html [HIGH] F11: Scope the multi-discipline staging task as house practice.
  PATCH L6: content_html, exam_tip_html
  ok   #31 L7.flashcard_questions[8].a [HIGH] F12: The adaptation’s original production was in Chicago.
  ok   #32 L7.exam_tip_html [HIGH] F13: Scope the intentions task as house practice.
  PATCH L7: flashcard_questions, exam_tip_html
  ok   #33 L8.content_html [MEDIUM] F14: Add co-founder Vicki Middleton.
  ok   #34 L8.knowledge_checks[2].q [MEDIUM] F14: Correct the founders named in the question.
  ok   #35 L8.flashcard_questions[0].a [MEDIUM] F14: Add co-founder Vicki Middleton.
  ok   #36 L8.glossary_terms[0].definition [MEDIUM] F14: Add co-founder Vicki Middleton.
  ok   #37 L8.content_html [MEDIUM] F15: Name all four founders.
  ok   #38 L8.flashcard_questions[1].a [MEDIUM] F15: Name all four founders.
  ok   #39 L8.glossary_terms[1].definition [MEDIUM] F15: Name all four founders.
  ok   #40 L8.exam_tip_html [HIGH] F16: The lesson includes house practitioner tasks; AQA’s 8-mark set-text format is performer-only.
  PATCH L8: content_html, knowledge_checks, flashcard_questions, glossary_terms, exam_tip_html
=== 41 applied, 0 skipped, 7 lessons / 25 fields changed
