
=== RE-NARRATION (changed narrated text only) ===
backup: C:\Users\tshau\Documents\Study Vault\scripts\_retrofc\units\drama-aqa__around-the-world-80-days\_backup.json
unit:   drama-aqa / around-the-world-80-days
run: 2026-09-06T00:13:34Z  mode: LIVE

7 lessons, 16 clips to regenerate

  L01 (Ollie)  Plot and Structure: Eight Actors, Eighty Days
      n2: Jules Verne published his adventure novel in 1872, at a moment when two technologies had just made circumnavig
             -> 628 KB, 53.6s, uploaded
      n3: Key Fact . Eason’s adaptation was first performed at Lookingglass Theater in Chicago in 2008. Theresa Heskins 
             -> 164 KB, 14.0s, uploaded
      manifest updated (20 entries)
  L03 (Ollie)  Themes: Time, Empire and Adventure
      n12: For this lesson’s 12-mark analyse-intentions practice question on themes, the most common mistake is describin
             -> 551 KB, 47.0s, uploaded
      manifest updated (18 entries)
  L04 (Ada)  Context: Verne in 1872, Eason in 2013
      n2: Around the World in 80 Days exists in two historical moments simultaneously. Jules Verne published the novel i
             -> 558 KB, 47.6s, uploaded
      n4: Jules Verne (1828–1905) was a French novelist and one of the founders of adventure fiction as a genre. He was 
             -> 653 KB, 55.8s, uploaded
      n10: Laura Eason and the 2013 New Vic Production
             -> 43 KB, 3.6s, uploaded
      n11: Laura Eason is an American playwright. Her adaptation had its world premiere at Lookingglass Theater in Chicag
             -> 509 KB, 43.4s, uploaded
      n14: A student who understands both historical contexts can answer a context question with precision. For example: 
             -> 658 KB, 56.1s, uploaded
      n15: Context questions require you to connect historical or theatrical facts directly to staging choices — not simp
             -> 592 KB, 50.5s, uploaded
      n18: The 2013 New Vic production of Eason’s adaptation draws on the physical-theatre traditions of Complicite and F
             -> 140 KB, 11.9s, uploaded
      manifest updated (19 entries)
  L05 (Ollie)  Dramatic Methods: Multi-roling, Mime and Storytelling
      n21: For this lesson’s analyse intentions 12-mark practice question, the most common error is to describe what happ
             -> 426 KB, 36.3s, uploaded
      manifest updated (25 entries)
  L06 (Ada)  Staging and Design: A World on a Bare Stage
      n2: The 2013 New Vic production used theatre in the round at the New Vic, Newcastle-under-Lyme. That configuration
             -> 325 KB, 27.7s, uploaded
      n21: For design responses, the most frequent error is to give one vague idea per discipline (“I would use interesti
             -> 505 KB, 43.1s, uploaded
      manifest updated (25 entries)
  L07 (Ollie)  Performance Interpretation: Comic Precision and Ensemble Trust
      n18: For the 8-mark performer question, the most common error is to describe the character’s emotional state (“Fogg
             -> 497 KB, 42.4s, uploaded
      manifest updated (22 entries)
  L08 (Ada)  Practitioner Application: Physical Theatre and Ensemble Storytelling
      n5: Frantic Assembly, founded in 1994 by Scott Graham, Steven Hoggett and Vicki Middleton, built its reputation on
             -> 310 KB, 26.4s, uploaded
      n18: When applying a practitioner to a set play, the most common error is to describe the practitioner’s biography 
             -> 602 KB, 51.4s, uploaded
      manifest updated (22 entries)

Regenerated 16 clips.

=== VERIFY (ranged GET + freshness) ===
  206  L01 n2  bytes 0-3/642816  Last-Modified: Sun, 06 Sep 2026 00:13:46 GMT  mp3-sync=OK
  206  L01 n3  bytes 0-3/167904  Last-Modified: Sun, 06 Sep 2026 00:13:50 GMT  mp3-sync=OK
  206  L03 n12  bytes 0-3/564192  Last-Modified: Sun, 06 Sep 2026 00:13:57 GMT  mp3-sync=OK
  206  L04 n2  bytes 0-3/571104  Last-Modified: Sun, 06 Sep 2026 00:14:06 GMT  mp3-sync=OK
  206  L04 n4  bytes 0-3/669024  Last-Modified: Sun, 06 Sep 2026 00:14:15 GMT  mp3-sync=OK
  206  L04 n10  bytes 0-3/43776  Last-Modified: Sun, 06 Sep 2026 00:14:17 GMT  mp3-sync=OK
  206  L04 n11  bytes 0-3/520992  Last-Modified: Sun, 06 Sep 2026 00:14:24 GMT  mp3-sync=OK
  206  L04 n14  bytes 0-3/673632  Last-Modified: Sun, 06 Sep 2026 00:14:32 GMT  mp3-sync=OK
  206  L04 n15  bytes 0-3/606240  Last-Modified: Sun, 06 Sep 2026 00:14:41 GMT  mp3-sync=OK
  206  L04 n18  bytes 0-3/143136  Last-Modified: Sun, 06 Sep 2026 00:14:44 GMT  mp3-sync=OK
  206  L05 n21  bytes 0-3/435744  Last-Modified: Sun, 06 Sep 2026 00:14:52 GMT  mp3-sync=OK
  206  L06 n2  bytes 0-3/332640  Last-Modified: Sun, 06 Sep 2026 00:14:57 GMT  mp3-sync=OK
  206  L06 n21  bytes 0-3/516672  Last-Modified: Sun, 06 Sep 2026 00:15:05 GMT  mp3-sync=OK
  206  L07 n18  bytes 0-3/508896  Last-Modified: Sun, 06 Sep 2026 00:15:13 GMT  mp3-sync=OK
  206  L08 n5  bytes 0-3/317376  Last-Modified: Sun, 06 Sep 2026 00:15:19 GMT  mp3-sync=OK
  206  L08 n18  bytes 0-3/616608  Last-Modified: Sun, 06 Sep 2026 00:15:28 GMT  mp3-sync=OK

16/16 clips verified HTTP 200/206 with fresh audio.
