
=== JANE EYRE ADJUDICATION (DRY RUN) — 2026-08-30T13:40:09.061Z ===
7 lessons; all status=live

L02  Gateshead & Lowood
      id=2fe05d71-6399-483a-a753-1bdbda1322ed   fields: content_html
        [G4] content_html

L05  Moor House & St John Rivers
      id=4c8076a1-bc72-49dd-a8c2-0c0ec5c08575   fields: content_html, conclusion_html, flashcard_questions, knowledge_checks
        [G7] content_html
        [G8] content_html
        [G7] conclusion_html
        [G8] conclusion_html
        [G7] flashcard_questions[1].a
        [G8] flashcard_questions[11].a
        [G8] knowledge_checks[3].q

L06  The Reunion & Resolution
      id=af674381-5ea7-4dfc-8fca-1a23988803f8   fields: content_html, flashcard_questions, glossary_terms
        [G5] content_html
        [G6] content_html
        [G5] flashcard_questions[4].a
        [G6] flashcard_questions[9].q
        [G6] flashcard_questions[9].a
        [G5] glossary_terms["simile"]

L07  Key Themes & Exam Technique
      id=72efcb5b-998b-4056-b6cf-04e9e0363f04   fields: content_html
        [G3] content_html

WOULD PATCH: 4 lessons, 9 fields, 15 edits

=== JANE EYRE ADJUDICATION (LIVE) — 2026-08-30T13:40:12.519Z ===
7 lessons; all status=live

L02  Gateshead & Lowood
      id=2fe05d71-6399-483a-a753-1bdbda1322ed   fields: content_html
        [G4] content_html
      -> PATCHED

L05  Moor House & St John Rivers
      id=4c8076a1-bc72-49dd-a8c2-0c0ec5c08575   fields: content_html, conclusion_html, flashcard_questions, knowledge_checks
        [G7] content_html
        [G8] content_html
        [G7] conclusion_html
        [G8] conclusion_html
        [G7] flashcard_questions[1].a
        [G8] flashcard_questions[11].a
        [G8] knowledge_checks[3].q
      -> PATCHED

L06  The Reunion & Resolution
      id=af674381-5ea7-4dfc-8fca-1a23988803f8   fields: content_html, flashcard_questions, glossary_terms
        [G5] content_html
        [G6] content_html
        [G5] flashcard_questions[4].a
        [G6] flashcard_questions[9].q
        [G6] flashcard_questions[9].a
        [G5] glossary_terms["simile"]
      -> PATCHED

L07  Key Themes & Exam Technique
      id=72efcb5b-998b-4056-b6cf-04e9e0363f04   fields: content_html
        [G3] content_html
      -> PATCHED

PATCHED: 4 lessons, 9 fields, 15 edits
