
=== ADJUDICATION RE-NARRATION (changed narrated text only) ===
run: 2026-08-30T13:40:51Z  mode: DRY RUN

4 lessons, 8 clips to regenerate

  L02 (Ada)  Gateshead & Lowood
      n11 -> english-literature-aqa/jane-eyre/narration_lesson-02_n11.mp3
         Conditions at Lowood are appalling. The food is so poor that the girls are constantly hungry. In spring, a typhus epidemic sweeps through the school, killing ma
  L05 (Ollie)  Moor House & St John Rivers
      n4 -> english-literature/jane-eyre/narration_lesson-05_n4.mp3
         Key Fact . At Moor House, Jane gains three crucial things: (1) a family — she discovers the Rivers siblings are her cousins; (2) financial independence — she in
      n15 -> english-literature/jane-eyre/narration_lesson-05_n15.mp3
         At the moment Jane is about to yield to St John, a voice cries “Jane! Jane! Jane!” She is indoors at Moor House, in a room filling with moonlight, and the cry s
      n19 -> english-literature/jane-eyre/narration_lesson-05_n19.mp3
         Moor House gives Jane what she has always lacked: family (the Rivers cousins), financial independence (£20,000 inheritance shared equally), and meaningful work 
      n21 -> english-literature/jane-eyre/narration_lesson-05_n21.mp3
         Indoors at Moor House, Jane hears Rochester’s voice cry her name from nowhere she can place, breaking St John’s hold and proving that genuine feeling is a more 
  L06 (Ada)  The Reunion & Resolution
      n6 -> english-literature/jane-eyre/narration_lesson-06_n6.mp3
         Rochester at Ferndean is a profoundly changed man. He has lost his sight, his left hand, and his grand estate. He is dependent on servants and isolated from soc
      n14 -> english-literature/jane-eyre/narration_lesson-06_n14.mp3
         In the final pages, Brontë reveals that Rochester eventually regains sight in one eye and is able to see their first-born child. This partial recovery is carefu
  L07 (Ollie)  Key Themes & Exam Technique
      n16 -> english-literature/jane-eyre/narration_lesson-07_n16.mp3
         AQA Paper 1 is 1 hour 45 minutes long and worth 64 marks — 40% of your GCSE. Section B is the 19th-century novel: one question on Jane Eyre , worth 30 marks. Th

=== ADJUDICATION RE-NARRATION (changed narrated text only) ===
run: 2026-08-30T13:40:59Z  mode: LIVE

4 lessons, 8 clips to regenerate

  L02 (Ada)  Gateshead & Lowood
      n11: Conditions at Lowood are appalling. The food is so poor that the girls are constantly hungry. In spring, a typ
             -> 734 KB, 62.6s, uploaded
      manifest updated (21 entries)
  L05 (Ollie)  Moor House & St John Rivers
      n4: Key Fact . At Moor House, Jane gains three crucial things: (1) a family — she discovers the Rivers siblings ar
             -> 309 KB, 26.4s, uploaded
      n15: At the moment Jane is about to yield to St John, a voice cries “Jane! Jane! Jane!” She is indoors at Moor Hous
             -> 557 KB, 47.5s, uploaded
      n19: Moor House gives Jane what she has always lacked: family (the Rivers cousins), financial independence (£20,000
             -> 157 KB, 13.4s, uploaded
      n21: Indoors at Moor House, Jane hears Rochester’s voice cry her name from nowhere she can place, breaking St John’
             -> 129 KB, 11.0s, uploaded
      manifest updated (21 entries)
  L06 (Ada)  The Reunion & Resolution
      n6: Rochester at Ferndean is a profoundly changed man. He has lost his sight, his left hand, and his grand estate.
             -> 455 KB, 38.8s, uploaded
      n14: In the final pages, Brontë reveals that Rochester eventually regains sight in one eye and is able to see their
             -> 470 KB, 40.1s, uploaded
      manifest updated (21 entries)
  L07 (Ollie)  Key Themes & Exam Technique
      n16: AQA Paper 1 is 1 hour 45 minutes long and worth 64 marks — 40% of your GCSE. Section B is the 19th-century nov
             -> 601 KB, 51.3s, uploaded
      manifest updated (28 entries)

Regenerated 8 clips.

=== VERIFY (ranged GET + freshness) ===
  206  L02 n11  bytes 0-3/751680  Last-Modified: Sun, 30 Aug 2026 13:41:11 GMT  mp3-sync=OK
  206  L05 n4  bytes 0-3/316224  Last-Modified: Sun, 30 Aug 2026 13:41:16 GMT  mp3-sync=OK
  206  L05 n15  bytes 0-3/570528  Last-Modified: Sun, 30 Aug 2026 13:41:25 GMT  mp3-sync=OK
  206  L05 n19  bytes 0-3/160416  Last-Modified: Sun, 30 Aug 2026 13:41:27 GMT  mp3-sync=OK
  206  L05 n21  bytes 0-3/131616  Last-Modified: Sun, 30 Aug 2026 13:41:29 GMT  mp3-sync=OK
  206  L06 n6  bytes 0-3/465696  Last-Modified: Sun, 30 Aug 2026 13:41:36 GMT  mp3-sync=OK
  206  L06 n14  bytes 0-3/481536  Last-Modified: Sun, 30 Aug 2026 13:41:43 GMT  mp3-sync=OK
  206  L07 n16  bytes 0-3/615168  Last-Modified: Sun, 30 Aug 2026 13:41:51 GMT  mp3-sync=OK

8/8 clips verified HTTP 200/206 with fresh audio.
