
=== JANE EYRE FIX (DRY RUN) — 2026-08-30T13:29:35.558Z ===
7 lessons; all status=live

L01  Context: Victorian Women & the Gothic
      id=7b89d14e-53f5-43ea-a3d6-c7941769081b   fields: flashcard_questions
        [HIGH] flashcard_questions[12].q: Self-contradicting card. The answer names Brocklehurst, Helen Burns and St John Rivers, but this lesson’s own body text says Helen "practises patient,

L02  Gateshead & Lowood
      id=2fe05d71-6399-483a-a753-1bdbda1322ed   fields: content_html, conclusion_html, knowledge_checks, flashcard_questions, practice_questions
        [MEDIUM] content_html: Misquotation. Brontë writes "you are a dependent, mama says" (Ch 1) — spelt "dependent", not "dependant". Quotation restored verbatim; the glossary te
        [HIGH] content_html: Wrong speaker and wrong moment. Gutenberg #1260 Ch 1: Jane says this to JOHN Reed immediately after he throws the book and cuts her head — NOT to Mrs 
        [HIGH] conclusion_html: Same misattribution in the takeaway: the "murderer" similes are addressed to John Reed (Ch 1).
        [HIGH] knowledge_checks[1].q: Factually wrong and contradicts this lesson’s own content_html and glossary. Ch 9: the epidemic is typhus, but "her complaint was consumption, not typ
        [HIGH] knowledge_checks[2].q: Wrong addressee — Ch 1, spoken to John Reed.
        [MEDIUM] flashcard_questions[1].a: Misquotation — Brontë writes "dependent" (Ch 1).
        [HIGH] flashcard_questions[4].q: Wrong addressee — Ch 1, spoken to John Reed.
        [HIGH] flashcard_questions[8].a: Botched earlier edit: the answer named the epidemic as consumption, contradicting the question ("what epidemic"), the lesson body and the glossary. Ch
        [HIGH] practice_questions[0].text: Wrong chapter on the printed extract: the "murderer / slave-driver / Roman emperors" speech is Ch 1 (to John Reed), not Ch 4.

L03  Thornfield & Rochester
      id=a2aef0cd-8098-4670-aff1-c75ccc5204f9   fields: flashcard_questions
        [LOW] flashcard_questions[6].q: The gipsy disguise arrives in Ch 18, but Jane’s own interview — the test of HER — is Ch 19. Span given instead of the single wrong chapter.

L04  The Proposal & the Secret
      id=246f7147-3260-44b7-ab29-0f56ab2c4bdc   fields: content_html, flashcard_questions, glossary_terms
        [MEDIUM] content_html: Unsupported textual claim + misquotation. Rochester never habitually calls Jane his "bird"; "lark" is actually "my skylark" and occurs only at Ferndea
        [MEDIUM] content_html: Factual error. "Creole" in this period means born and raised in the West Indies, not "of mixed European and Caribbean descent". Bertha is the daughter
        [LOW] flashcard_questions[13].a: US "toward" — house style is British English ("towards"). Only instance in the unit.
        [MEDIUM] flashcard_questions[14].a: Same "Creole" error as the body gloss — see L4 content note.
        [MEDIUM] glossary_terms["Creole"]: Same "Creole" error as the body gloss — see L4 content note.

L07  Key Themes & Exam Technique
      id=72efcb5b-998b-4056-b6cf-04e9e0363f04   fields: content_html
        [MEDIUM] content_html: Misquotation in the memorisation bank. Brontë writes "dependent" (Ch 1). Students memorise this verbatim, so the spelling matters.
        [HIGH] content_html: Wrong chapter in the memorisation bank: the triple simile is Ch 1, addressed to John Reed. Addressee added because L2 taught it as spoken to Mrs Reed.
        [MEDIUM] content_html: The inline definition of anaphora described climax/auxesis, not anaphora, and contradicted this lesson’s own glossary entry. Aligned to the (correct) 
        [MEDIUM] content_html: Same unsupported claim as L4 n7, inside the model exam paragraph — the version a student is most likely to copy. Replaced with verbatim, correctly-pla

WOULD PATCH: 5 lessons, 11 fields
fixed findings: HIGH=9 MEDIUM=9 LOW=2

=== JANE EYRE FIX (LIVE) — 2026-08-30T13:29:39.663Z ===
7 lessons; all status=live

L01  Context: Victorian Women & the Gothic
      id=7b89d14e-53f5-43ea-a3d6-c7941769081b   fields: flashcard_questions
        [HIGH] flashcard_questions[12].q: Self-contradicting card. The answer names Brocklehurst, Helen Burns and St John Rivers, but this lesson’s own body text says Helen "practises patient,
      -> PATCHED

L02  Gateshead & Lowood
      id=2fe05d71-6399-483a-a753-1bdbda1322ed   fields: content_html, conclusion_html, knowledge_checks, flashcard_questions, practice_questions
        [MEDIUM] content_html: Misquotation. Brontë writes "you are a dependent, mama says" (Ch 1) — spelt "dependent", not "dependant". Quotation restored verbatim; the glossary te
        [HIGH] content_html: Wrong speaker and wrong moment. Gutenberg #1260 Ch 1: Jane says this to JOHN Reed immediately after he throws the book and cuts her head — NOT to Mrs 
        [HIGH] conclusion_html: Same misattribution in the takeaway: the "murderer" similes are addressed to John Reed (Ch 1).
        [HIGH] knowledge_checks[1].q: Factually wrong and contradicts this lesson’s own content_html and glossary. Ch 9: the epidemic is typhus, but "her complaint was consumption, not typ
        [HIGH] knowledge_checks[2].q: Wrong addressee — Ch 1, spoken to John Reed.
        [MEDIUM] flashcard_questions[1].a: Misquotation — Brontë writes "dependent" (Ch 1).
        [HIGH] flashcard_questions[4].q: Wrong addressee — Ch 1, spoken to John Reed.
        [HIGH] flashcard_questions[8].a: Botched earlier edit: the answer named the epidemic as consumption, contradicting the question ("what epidemic"), the lesson body and the glossary. Ch
        [HIGH] practice_questions[0].text: Wrong chapter on the printed extract: the "murderer / slave-driver / Roman emperors" speech is Ch 1 (to John Reed), not Ch 4.
      -> PATCHED

L03  Thornfield & Rochester
      id=a2aef0cd-8098-4670-aff1-c75ccc5204f9   fields: flashcard_questions
        [LOW] flashcard_questions[6].q: The gipsy disguise arrives in Ch 18, but Jane’s own interview — the test of HER — is Ch 19. Span given instead of the single wrong chapter.
      -> PATCHED

L04  The Proposal & the Secret
      id=246f7147-3260-44b7-ab29-0f56ab2c4bdc   fields: content_html, flashcard_questions, glossary_terms
        [MEDIUM] content_html: Unsupported textual claim + misquotation. Rochester never habitually calls Jane his "bird"; "lark" is actually "my skylark" and occurs only at Ferndea
        [MEDIUM] content_html: Factual error. "Creole" in this period means born and raised in the West Indies, not "of mixed European and Caribbean descent". Bertha is the daughter
        [LOW] flashcard_questions[13].a: US "toward" — house style is British English ("towards"). Only instance in the unit.
        [MEDIUM] flashcard_questions[14].a: Same "Creole" error as the body gloss — see L4 content note.
        [MEDIUM] glossary_terms["Creole"]: Same "Creole" error as the body gloss — see L4 content note.
      -> PATCHED

L07  Key Themes & Exam Technique
      id=72efcb5b-998b-4056-b6cf-04e9e0363f04   fields: content_html
        [MEDIUM] content_html: Misquotation in the memorisation bank. Brontë writes "dependent" (Ch 1). Students memorise this verbatim, so the spelling matters.
        [HIGH] content_html: Wrong chapter in the memorisation bank: the triple simile is Ch 1, addressed to John Reed. Addressee added because L2 taught it as spoken to Mrs Reed.
        [MEDIUM] content_html: The inline definition of anaphora described climax/auxesis, not anaphora, and contradicted this lesson’s own glossary entry. Aligned to the (correct) 
        [MEDIUM] content_html: Same unsupported claim as L4 n7, inside the model exam paragraph — the version a student is most likely to copy. Replaced with verbatim, correctly-pla
      -> PATCHED

PATCHED: 5 lessons, 11 fields
fixed findings: HIGH=9 MEDIUM=9 LOW=2
