
=== RE-NARRATION (changed narrated text only) ===
run: 2026-08-30T13:29:49Z  mode: DRY RUN
  L01: no content_html change -> skip
  L03: no content_html change -> skip

3 lessons, 7 clips to regenerate

  L02 (Ada)  Gateshead & Lowood
      n3 -> english-literature-aqa/jane-eyre/narration_lesson-02_n3.mp3
         John Reed embodies the entitlement of the Victorian upper-class male. He tells Jane: “You have no business to take our books; you are a depe
      n6 -> english-literature-aqa/jane-eyre/narration_lesson-02_n6.mp3
         Jane’s response to the Reed family is extraordinary for a Victorian child — she fights back. When John attacks her, she retaliates physicall
      n20 -> english-literature-aqa/jane-eyre/narration_lesson-02_n20.mp3
         Jane’s rebellion against John Reed — “You are like a murderer” — establishes her as a character who refuses to accept injustice silently, ev
  L04 (Ada)  The Proposal & the Secret
      n7 -> english-literature/jane-eyre/narration_lesson-04_n7.mp3
         Brontë uses bird imagery throughout the novel to represent Jane’s desire for freedom. Rochester repeatedly likens Jane to a caged bird. In C
  L07 (Ollie)  Key Themes & Exam Technique
      n10 -> english-literature/jane-eyre/narration_lesson-07_n10.mp3
         "You have no business to take our books; you are a dependent, mama says." (John Reed, Ch. 1) — The possessive "our" and the label "dependent
      n11 -> english-literature/jane-eyre/narration_lesson-07_n11.mp3
         "You are like a murderer — you are like a slave-driver — you are like the Roman emperors!" (Jane to John Reed, Ch. 1) — Triple simile escala
      n21 -> english-literature/jane-eyre/narration_lesson-07_n21.mp3
         Point: Brontë presents Jane as a woman who refuses to be possessed. Evidence: In the proposal scene, Jane declares: "I am no bird; and no ne

=== RE-NARRATION (changed narrated text only) ===
run: 2026-08-30T13:30:24Z  mode: LIVE
  L01: no content_html change -> skip
  L03: no content_html change -> skip

3 lessons, 7 clips to regenerate

  L02 (Ada)  Gateshead & Lowood
      n3: John Reed embodies the entitlement of the Victorian upper-class male. He tells Jane: “You have no business to 
             -> 395 KB, 33.7s, uploaded
      n6: Jane’s response to the Reed family is extraordinary for a Victorian child — she fights back. In Chapter 1, Joh
             -> 393 KB, 33.6s, uploaded
      n20: Jane’s rebellion against John Reed — “You are like a murderer” — establishes her as a character who refuses to
             -> 119 KB, 10.1s, uploaded
      manifest updated (21 entries)
  L04 (Ada)  The Proposal & the Secret
      n7: Brontë uses bird imagery throughout the novel to represent Jane’s desire for freedom. Rochester repeatedly lik
             -> 706 KB, 60.2s, uploaded
      manifest updated (20 entries)
  L07 (Ollie)  Key Themes & Exam Technique
      n10: "You have no business to take our books; you are a dependent, mama says." (John Reed, Ch. 1) — The possessive 
             -> 147 KB, 12.6s, uploaded
      n11: "You are like a murderer — you are like a slave-driver — you are like the Roman emperors!" (Jane to John Reed,
             -> 162 KB, 13.8s, uploaded
      n21: Point: Brontë presents Jane as a woman who refuses to be possessed. Evidence: In the proposal scene, Jane decl
             -> 783 KB, 66.8s, uploaded
      manifest updated (28 entries)

Regenerated 7 clips.

=== VERIFY (ranged GET + freshness) ===
  206  L02 n3  bytes 0-3/404928  Last-Modified: Sun, 30 Aug 2026 13:30:33 GMT  mp3-sync=OK
  206  L02 n6  bytes 0-3/402912  Last-Modified: Sun, 30 Aug 2026 13:30:40 GMT  mp3-sync=OK
  206  L02 n20  bytes 0-3/121536  Last-Modified: Sun, 30 Aug 2026 13:30:42 GMT  mp3-sync=OK
  206  L04 n7  bytes 0-3/722592  Last-Modified: Sun, 30 Aug 2026 13:30:52 GMT  mp3-sync=OK
  206  L07 n10  bytes 0-3/150912  Last-Modified: Sun, 30 Aug 2026 13:30:55 GMT  mp3-sync=OK
  206  L07 n11  bytes 0-3/166176  Last-Modified: Sun, 30 Aug 2026 13:30:58 GMT  mp3-sync=OK
  206  L07 n21  bytes 0-3/802080  Last-Modified: Sun, 30 Aug 2026 13:31:09 GMT  mp3-sync=OK

7/7 clips verified HTTP 200/206 with fresh audio.
