
=== RE-NARRATION (changed narrated text only) ===
backup: C:\Users\tshau\Documents\Study Vault\scripts\_retrofc\units\electronics-eduqas__discovering-electronics\_backup.json
unit:   electronics-eduqas / discovering-electronics
run: 2026-09-04T18:15:39Z  mode: LIVE

8 lessons, 16 clips to regenerate

  L01 (Ollie)  Electronic Systems and Sub-Systems
      n35: Block diagram: The LDR sensor and PIR sensor both feed the AND gate. The AND gate feeds the transistor driver,
             -> 111 KB, 9.5s, uploaded
      n43: Input sensors include LDRs, thermistors, microphones, pressure sensors and moisture sensors. A pulse generator
             -> 140 KB, 12.0s, uploaded
      manifest updated (44 entries)
  L04 (Ada)  Resistors in Series and Parallel; the E24 Series
      n28: For this course, select from the E24 preferred values . These are the 24 values per decade (multiplied by 1, 1
             -> 152 KB, 13.0s, uploaded
      n33: Step 1: Look at the E24 table for values that might pair up. 510 Ω + 240 Ω = 750 Ω exactly.
             -> 114 KB, 9.7s, uploaded
      n34: Step 2: Check tolerance. With a ±5% tolerance, 750 Ω nominal could measure between 712.5 Ω and 787.5 Ω.
             -> 152 KB, 13.0s, uploaded
      n35: Step 3: Confirm the answer: 510 Ω and 240 Ω in series give 750 Ω exactly.
             -> 102 KB, 8.7s, uploaded
      n40: For E24 selection, use the nearest E24 value or combine E24 resistors. Always check power rating using P equal
             -> 125 KB, 10.6s, uploaded
      manifest updated (40 entries)
  L05 (Ollie)  Sensing Circuits and Voltage Dividers
      n2: A resistive sensor on its own produces a change in resistance, not a change in voltage. To turn a varying resi
             -> 218 KB, 18.6s, uploaded
      manifest updated (40 entries)
  L06 (Ada)  Transistor and MOSFET Switching Circuits
      n14: Step 3 — base resistor: R sub B equals V sub RB / I sub B equals 4.3 / 0.002 equals 2150. Nearest E24 value be
             -> 294 KB, 25.1s, uploaded
      manifest updated (31 entries)
  L07 (Ollie)  Voltage Comparators
      n11: The convention used in the circuits in this course is: the inverting (−) input gets the reference voltage and 
             -> 123 KB, 10.5s, uploaded
      n27: Output: Comparator output → base resistor → npn transistor base. When comparator is HIGH, transistor saturates
             -> 171 KB, 14.6s, uploaded
      manifest updated (32 entries)
  L08 (Ada)  Diodes, Half-Wave Rectification and Zener Voltage Regulation
      n4: A silicon diode has an anode (positive terminal) and a cathode (negative terminal). When the anode is more pos
             -> 399 KB, 34.0s, uploaded
      n11: Signal path for a relay circuit with flyback protection: Supply (+) → Relay coil → Transistor collector → Tran
             -> 218 KB, 18.6s, uploaded
      n24: The nearest standard E24 value at or above 97.5 Ω is 100 Ω , which keeps the zener current within its rating. 
             -> 208 KB, 17.8s, uploaded
      manifest updated (32 entries)
  L09 (Ollie)  Logic Gates, Truth Tables and Boolean Algebra
      n25: For this course, expressions are kept to a maximum of three inputs. A typical sum-of-products expression for t
             -> 213 KB, 18.2s, uploaded
      manifest updated (33 entries)
  L10 (Ada)  Designing Logic Systems and NAND-Only Implementations
      n23: De Morgan’s theorem states A times B equals A + B, which rearranges to show that NAND of the complements equal
             -> 209 KB, 17.8s, uploaded
      manifest updated (32 entries)

Regenerated 16 clips.

=== VERIFY (ranged GET + freshness) ===
  206  L01 n35  bytes 0-3/113472  Last-Modified: Fri, 04 Sep 2026 18:15:43 GMT  mp3-sync=OK
  206  L01 n43  bytes 0-3/143712  Last-Modified: Fri, 04 Sep 2026 18:15:46 GMT  mp3-sync=OK
  206  L04 n28  bytes 0-3/156096  Last-Modified: Fri, 04 Sep 2026 18:15:49 GMT  mp3-sync=OK
  206  L04 n33  bytes 0-3/116352  Last-Modified: Fri, 04 Sep 2026 18:15:51 GMT  mp3-sync=OK
  206  L04 n34  bytes 0-3/156096  Last-Modified: Fri, 04 Sep 2026 18:15:53 GMT  mp3-sync=OK
  206  L04 n35  bytes 0-3/104544  Last-Modified: Fri, 04 Sep 2026 18:15:55 GMT  mp3-sync=OK
  206  L04 n40  bytes 0-3/127584  Last-Modified: Fri, 04 Sep 2026 18:15:57 GMT  mp3-sync=OK
  206  L05 n2  bytes 0-3/222912  Last-Modified: Fri, 04 Sep 2026 18:16:01 GMT  mp3-sync=OK
  206  L06 n14  bytes 0-3/301536  Last-Modified: Fri, 04 Sep 2026 18:16:06 GMT  mp3-sync=OK
  206  L07 n11  bytes 0-3/126144  Last-Modified: Fri, 04 Sep 2026 18:16:08 GMT  mp3-sync=OK
  206  L07 n27  bytes 0-3/175104  Last-Modified: Fri, 04 Sep 2026 18:16:11 GMT  mp3-sync=OK
  206  L08 n4  bytes 0-3/408096  Last-Modified: Fri, 04 Sep 2026 18:16:17 GMT  mp3-sync=OK
  206  L08 n11  bytes 0-3/223488  Last-Modified: Fri, 04 Sep 2026 18:16:21 GMT  mp3-sync=OK
  206  L08 n24  bytes 0-3/213408  Last-Modified: Fri, 04 Sep 2026 18:16:25 GMT  mp3-sync=OK
  206  L09 n25  bytes 0-3/218304  Last-Modified: Fri, 04 Sep 2026 18:16:29 GMT  mp3-sync=OK
  206  L10 n23  bytes 0-3/213696  Last-Modified: Fri, 04 Sep 2026 18:16:33 GMT  mp3-sync=OK

16/16 clips verified HTTP 200/206 with fresh audio.
