
=== RE-NARRATION (changed narrated text only) ===
backup: C:\Users\tshau\Documents\Study Vault\scripts\_retrofc\units\computer-science-aqa__computer-systems\_backup.json
unit:   computer-science-aqa / computer-systems
run: 2026-09-06T10:42:54Z  mode: LIVE
  L04: no narrated field changed -> skip

2 lessons, 5 clips to regenerate

  L01 (Ollie)  Boolean Logic and Truth Tables
      n5: The NOT gate has a single input and inverts it. If the input is 1, the output is 0; if the input is 0, the out
             -> 190 KB, 16.2s, uploaded
      n20: Ā (A with an overbar above it) means NOT A.
             -> 47 KB, 4.0s, uploaded
      n21: So the expression (A AND B) OR (NOT C) is written as: A · B + C̄ . Always evaluate brackets first, just as in 
             -> 135 KB, 11.5s, uploaded
      n24: Expression: (A AND B) OR (NOT C) — written as A · B + C̄
             -> 69 KB, 5.9s, uploaded
      manifest updated (36 entries)
  L03 (Ollie)  Memory and Storage
      n2: Computers use two broad categories of storage. Primary storage is directly accessible by the CPU and is used f
             -> 295 KB, 25.1s, uploaded
      manifest updated (33 entries)

Regenerated 5 clips.

=== VERIFY (ranged GET + freshness) ===
  206  L01 n5  bytes 0-3/194976  Last-Modified: Sun, 06 Sep 2026 10:43:02 GMT  mp3-sync=OK
  206  L01 n20  bytes 0-3/48384  Last-Modified: Sun, 06 Sep 2026 10:43:05 GMT  mp3-sync=OK
  206  L01 n21  bytes 0-3/137952  Last-Modified: Sun, 06 Sep 2026 10:43:08 GMT  mp3-sync=OK
  206  L01 n24  bytes 0-3/71136  Last-Modified: Sun, 06 Sep 2026 10:43:11 GMT  mp3-sync=OK
  206  L03 n2  bytes 0-3/301824  Last-Modified: Sun, 06 Sep 2026 10:43:17 GMT  mp3-sync=OK

5/5 clips verified HTTP 200/206 with fresh audio.
