=== APPLY EDITS geography-eduqas/development-resources  31 edits  LIVE  2026-09-06T04:16:14.766Z
  ok   #0 L1.content_html [MEDIUM] F1: house rule - the exam board is never named in student-facing prose.
  ok   #1 L1.content_html [MEDIUM] F2: World Bank 2025 GDP per capita - UK US$57,602, USA US$90,027, Bangladesh US$2,597.
  ok   #2 L1.content_html [MEDIUM] F3: house rule - the exam board is never named in student-facing prose.
  ok   #3 L1.content_html [MEDIUM] F4: recomputed from World Bank 2025 per-capita values and populations - the ratio is about five, not six.
  ok   #4 L1.content_html [MEDIUM] F5: names the board and invents an examiner claim.
  ok   #5 L1.exam_tip_html [LOW] F6: invented examiner claim.
  ok   #6 L1.flashcard_questions[4].q [MEDIUM] F2: figure re-dated.
  ok   #7 L1.flashcard_questions[4].a [MEDIUM] F2: World Bank 2025 UK GDP per capita US$57,602.
  ok   #8 L1.flashcard_questions[5].q [LOW] F2: figure re-dated; US$2,600 is the 2025 value.
  ok   #9 L1.practice_questions[4].marks [MEDIUM] F2: mark scheme figures matched to the corrected content.
  PATCH L1: content_html, exam_tip_html, flashcard_questions, practice_questions
  ok   #10 L2.description [LOW] F19: description was 106 characters; the validator limit is under 100.
  ok   #11 L2.content_html [HIGH] F7: the original sentence is garbled and states the effect of subsidies backwards.
  ok   #12 L2.content_html [MEDIUM] F8: iPhone final assembly is in China and India; Vietnam builds other Apple products.
  ok   #13 L2.content_html [MEDIUM] F9: copper is well over 70% of Zambian export earnings.
  ok   #14 L2.flashcard_questions[6].a [MEDIUM] F9: matched to the corrected content.
  ok   #15 L2.content_html [MEDIUM] F10: trade blocs cut tariffs on goods; they do not set air-fare taxes.
  PATCH L2: description, content_html, flashcard_questions
  ok   #16 L3.exam_tip_html [LOW] F11: invented examiner claim.
  PATCH L3: exam_tip_html
  ok   #17 L4.content_html [HIGH] F12: Lake Vyrnwy supplies Merseyside. The Wales-to-Midlands transfer is Elan Valley to Birmingham.
  ok   #18 L4.content_html [MEDIUM] F13: Akosombo was built for the aluminium industry; irrigation is not one of its functions.
  ok   #19 L4.exam_tip_html [LOW] F14: invented examiner claim.
  PATCH L4: content_html, exam_tip_html
  ok   #20 L5.content_html [HIGH] F15: ONS 2020-2022 - Blackpool 73.4 years (lowest), Hart 83.7 years (highest), a gap of 10.3 years.
  ok   #21 L5.content_html [MEDIUM] F16: ONS regional GDP 2023 - London GBP 69,077 per head, North East GBP 28,583.
  ok   #22 L5.content_html [MEDIUM] F17: HS2 Phase 1 is under construction; the Leeds leg went in 2021 and the Manchester leg in 2023. Crossrail i
  ok   #23 L5.exam_tip_html [LOW] F18: invented examiner claim.
  ok   #24 L5.flashcard_questions[3].q [MEDIUM] F16: matched to the corrected content.
  ok   #25 L5.flashcard_questions[3].a [MEDIUM] F16: ONS regional GDP per head 2023.
  ok   #26 L5.flashcard_questions[4].q [HIGH] F15: the highest male life expectancy is Hart, not west London.
  ok   #27 L5.flashcard_questions[4].a [HIGH] F15: ONS 2020-2022 figures.
  ok   #28 L5.flashcard_questions[6].a [MEDIUM] F17: matched to the corrected content.
  ok   #29 L5.practice_questions[1].marks [HIGH] F15: mark scheme matched to the corrected figures.
  ok   #30 L5.knowledge_checks[4].right[0] [MEDIUM] F17: matched to the corrected content.
  PATCH L5: content_html, exam_tip_html, flashcard_questions, practice_questions, knowledge_checks
=== 31 applied, 0 skipped, 5 lessons / 15 fields changed
