
=== RE-NARRATION (changed narrated text only) ===
backup: C:\Users\tshau\Documents\Study Vault\scripts\_retrofc\units\geography-eduqas__development-resources\_backup.json
unit:   geography-eduqas / development-resources
run: 2026-09-06T04:16:19Z  mode: LIVE

5 lessons, 16 clips to regenerate

  L01 (Ollie)  Measuring Global Inequalities
      n2: Development describes how a country becomes ‘better off’ for its citizens — not just richer, but healthier, be
             -> 328 KB, 28.0s, uploaded
      n5: Gross Domestic Product (GDP) is the total value of goods and services made within a country’s borders in a yea
             -> 474 KB, 40.4s, uploaded
      n7: Gross National Income (GNI) — the headline measure in this topic — is broader than GDP. It counts everything e
             -> 467 KB, 39.8s, uploaded
      n8: Total GDP can be misleading. China’s GDP (about US$19 trillion in 2025) is roughly five times the UK’s — but C
             -> 397 KB, 33.9s, uploaded
      n15: For 3-mark explain questions, link the cause (e.g. inequality) to the effect on the data (e.g. high GNI per ca
             -> 393 KB, 33.5s, uploaded
      manifest updated (19 entries)
  L02 (Ada)  Causes of Uneven Development
      n6: The rules of trade can deepen this gap. Trade blocs like the European Union remove tariffs between members but
             -> 338 KB, 28.8s, uploaded
      n7: More than 70% of Zambia’s export earnings still come from copper. When the world copper price falls, Zambia’s 
             -> 338 KB, 28.9s, uploaded
      n9: An MNC has its head office in one country and factories, offices or shops in many others. Apple is American, b
             -> 317 KB, 27.1s, uploaded
      n17: Trade rules, MNCs and tourism are not separate stories — they reinforce each other. An MNC opens a textile fac
             -> 366 KB, 31.2s, uploaded
      manifest updated (22 entries)
  L03 (Ollie)  Responses to Uneven Development
      n19: For 6-mark ‘Explain with Example’ questions, anchor every answer in a real organisation and a real place — ‘Wa
             -> 262 KB, 22.3s, uploaded
      manifest updated (23 entries)
  L04 (Ada)  Water Resources & Management
      n7: When demand outgrows local supply, governments turn to large engineering projects. Reservoirs behind dams stor
             -> 336 KB, 28.7s, uploaded
      n11: Some countries move water across the country to balance wet and dry regions. China’s South-North Water Transfe
             -> 410 KB, 34.9s, uploaded
      n18: For 6-mark questions on water management, always anchor the answer in named places — ‘The Three Gorges Dam on 
             -> 246 KB, 21.0s, uploaded
      manifest updated (22 entries)
  L05 (Ollie)  UK Regional Inequalities
      n5: The gap is real and measurable. GDP per person in London was about £69,000 in 2023, more than double the north
             -> 385 KB, 32.9s, uploaded
      n14: Successive governments have tried to narrow the gap. Three approaches stand out. Infrastructure projects aim t
             -> 271 KB, 23.1s, uploaded
      n18: For 6-mark questions on UK regional inequalities, anchor every point in named places — Blackpool life expectan
             -> 290 KB, 24.7s, uploaded
      manifest updated (22 entries)

Regenerated 16 clips.

=== VERIFY (ranged GET + freshness) ===
  206  L01 n2  bytes 0-3/336384  Last-Modified: Sun, 06 Sep 2026 04:16:30 GMT  mp3-sync=OK
  206  L01 n5  bytes 0-3/485280  Last-Modified: Sun, 06 Sep 2026 04:16:39 GMT  mp3-sync=OK
  206  L01 n7  bytes 0-3/478080  Last-Modified: Sun, 06 Sep 2026 04:16:48 GMT  mp3-sync=OK
  206  L01 n8  bytes 0-3/406944  Last-Modified: Sun, 06 Sep 2026 04:16:56 GMT  mp3-sync=OK
  206  L01 n15  bytes 0-3/402336  Last-Modified: Sun, 06 Sep 2026 04:17:07 GMT  mp3-sync=OK
  206  L02 n6  bytes 0-3/345888  Last-Modified: Sun, 06 Sep 2026 04:17:15 GMT  mp3-sync=OK
  206  L02 n7  bytes 0-3/346176  Last-Modified: Sun, 06 Sep 2026 04:17:21 GMT  mp3-sync=OK
  206  L02 n9  bytes 0-3/324576  Last-Modified: Sun, 06 Sep 2026 04:17:28 GMT  mp3-sync=OK
  206  L02 n17  bytes 0-3/374400  Last-Modified: Sun, 06 Sep 2026 04:17:36 GMT  mp3-sync=OK
  206  L03 n19  bytes 0-3/268128  Last-Modified: Sun, 06 Sep 2026 04:17:43 GMT  mp3-sync=OK
  206  L04 n7  bytes 0-3/343872  Last-Modified: Sun, 06 Sep 2026 04:17:54 GMT  mp3-sync=OK
  206  L04 n11  bytes 0-3/419328  Last-Modified: Sun, 06 Sep 2026 04:18:03 GMT  mp3-sync=OK
  206  L04 n18  bytes 0-3/252000  Last-Modified: Sun, 06 Sep 2026 04:18:09 GMT  mp3-sync=OK
  206  L05 n5  bytes 0-3/394560  Last-Modified: Sun, 06 Sep 2026 04:18:18 GMT  mp3-sync=OK
  206  L05 n14  bytes 0-3/277632  Last-Modified: Sun, 06 Sep 2026 04:18:25 GMT  mp3-sync=OK
  206  L05 n18  bytes 0-3/296640  Last-Modified: Sun, 06 Sep 2026 04:18:31 GMT  mp3-sync=OK

16/16 clips verified HTTP 200/206 with fresh audio.
