=== APPLY EDITS religious-studies-edexcel/paper-3-philosophy-ethics-christianity  17 edits  LIVE  2026-09-06T06:02:55.000Z
  ok   #0 L1.exam_tip_html [MEDIUM] F5: the 12-mark command word is Evaluate, not Discuss; and the claim about what examiners note is invented.
  ok   #1 L1.practice_questions[1].type [MEDIUM] F6: Paper 3 has no Describe question; the 3-mark form is outline three.
  ok   #2 L1.practice_questions[1].text [MEDIUM] F6: stem rewritten to the real 3-mark form; the mark scheme already gives three separate points.
  ok   #3 L1.practice_questions[4].type [MEDIUM] F7: the 12-mark command word is Evaluate.
  ok   #4 L1.practice_questions[4].text [MEDIUM] F7: the 12-mark command word is Evaluate.
  PATCH L1: exam_tip_html, practice_questions
  ok   #5 L2.exam_tip_html [MEDIUM] F8: the 12-mark command word is Evaluate, not Discuss.
  ok   #6 L2.practice_questions[1].type [MEDIUM] F9: Paper 3 has no Describe question; the 3-mark form is outline three.
  ok   #7 L2.practice_questions[1].text [MEDIUM] F9: stem rewritten to the real 3-mark form; the mark scheme already gives three separate points.
  ok   #8 L2.practice_questions[4].type [MEDIUM] F9: the 12-mark command word is Evaluate.
  ok   #9 L2.practice_questions[4].text [MEDIUM] F9: the 12-mark command word is Evaluate.
  ok   #10 L2.practice_questions[5].marks [MEDIUM] F10: Darwin is not a source of wisdom and authority, so citing him cannot earn the fifth mark.
  PATCH L2: exam_tip_html, practice_questions
  ok   #11 L3.exam_tip_html [MEDIUM] F11: the 12-mark command word is Evaluate, not Discuss.
  ok   #12 L3.practice_questions[1].type [MEDIUM] F12: Paper 3 has no Describe question; the 3-mark form is outline three.
  ok   #13 L3.practice_questions[1].text [MEDIUM] F12: stem rewritten to the real 3-mark form; the mark scheme already gives three separate points.
  ok   #14 L3.practice_questions[4].type [MEDIUM] F12: the 12-mark command word is Evaluate.
  ok   #15 L3.practice_questions[4].text [MEDIUM] F12: the 12-mark command word is Evaluate.
  ok   #16 L3.practice_questions[5].marks [MEDIUM] F13: The God Delusion is not a source of wisdom and authority, so citing it cannot earn the fifth mark.
  PATCH L3: exam_tip_html, practice_questions
=== 17 applied, 0 skipped, 3 lessons / 6 fields changed
