
=== RE-NARRATION (changed narrated text only) ===
backup: C:\Users\tshau\Documents\Study Vault\scripts\_retrofc\units\religious-studies-edexcel__paper-3-philosophy-ethics-christianity\_backup.json
unit:   religious-studies-edexcel / paper-3-philosophy-ethics-christianity
run: 2026-09-06T06:02:59Z  mode: LIVE

3 lessons, 3 clips to regenerate

  L01 (Ollie)  Revelation, Visions and Miracles
      n13: For the 5-mark “Explain Two with Sources,” cite either Hebrews 1:1–4 (revelation through Jesus) or Genesis 15 
             -> 516 KB, 44.0s, uploaded
      manifest updated (17 entries)
  L02 (Ada)  Religious Experience, Prayer, Design and Cosmological Arguments
      n16: This lesson covers four arguments in one — make sure you can write specifically about each one rather than blu
             -> 621 KB, 53.0s, uploaded
      manifest updated (20 entries)
  L03 (Ollie)  Religious Upbringing as an Argument
      n13: This is a short spec point (3B 1.8) but it generates rich discussion questions. For the 5-mark source answer, 
             -> 564 KB, 48.2s, uploaded
      manifest updated (13 entries)

Regenerated 3 clips.

=== VERIFY (ranged GET + freshness) ===
  206  L01 n13  bytes 0-3/528480  Last-Modified: Sun, 06 Sep 2026 06:03:11 GMT  mp3-sync=OK
  206  L02 n16  bytes 0-3/636192  Last-Modified: Sun, 06 Sep 2026 06:03:22 GMT  mp3-sync=OK
  206  L03 n13  bytes 0-3/578016  Last-Modified: Sun, 06 Sep 2026 06:03:33 GMT  mp3-sync=OK

3/3 clips verified HTTP 200/206 with fresh audio.
