=== APPLY EDITS english-literature-aqa/julius-caesar  26 edits  LIVE  2026-09-02T04:54:34.859Z
  ok   #0 L1.content_html [HIGH] F1: the soothsayer and the Ides warning are in North's Plutarch; Shakespeare did not invent them.
  ok   #1 L1.conclusion_html [HIGH] F1: the soothsayer comes from Plutarch, not from Shakespeare's invention.
  ok   #2 L1.practice_questions[2].marks [HIGH] F1+F2: Plutarch supplies the soothsayer, and Antony's funeral oration is Shakespeare's invention — the mark sc
  ok   #3 L1.practice_questions[1].marks [MEDIUM] F3: question is labelled 30 marks but its ladder topped out at 12; rescaled to the house 30-mark ladder alread
  PATCH L1: content_html, conclusion_html, practice_questions
  ok   #4 L2.practice_questions[5].marks [MEDIUM] F3: question is labelled 30 marks but its ladder topped out at 12; rescaled to the house 30-mark ladder alread
  PATCH L2: practice_questions
  ok   #5 L3.practice_questions[4].marks [MEDIUM] F3: question is labelled 30 marks but its ladder topped out at 12; rescaled to the house 30-mark ladder alread
  ok   #10 L3.content_html [HIGH] F4: 'How many ages hence...' is spoken by Cassius (3.1), not Brutus.
  ok   #11 L3.content_html [HIGH] F4: metatheatre definition misattributed the lines to Brutus.
  ok   #12 L3.content_html [HIGH] F4: the speaker of the metatheatrical lines is Cassius.
  ok   #13 L3.glossary_terms[1].definition [HIGH] F4: glossary repeated the misattribution of 'How many ages hence' to Brutus.
  ok   #14 L3.glossary_terms[4].definition [MEDIUM] F5: 'blank verse' was defined as a stress pattern (that is metre); blank verse is unrhymed iambic pentameter.
  ok   #15 L3.content_html [MEDIUM] F5: same wrong definition of blank verse in the hover definition.
  PATCH L3: practice_questions, content_html, glossary_terms
  ok   #6 L4.practice_questions[4].marks [MEDIUM] F3: question is labelled 30 marks but its ladder topped out at 12; rescaled to the house 30-mark ladder alread
  ok   #16 L4.content_html [HIGH] F6: those lines are Brutus's (5.1); Cassius replies 'we'll smile indeed'.
  ok   #17 L4.practice_questions[0].marks [HIGH] F7: the ironic 'honourable men' speech is Antony's funeral speech, not Cassius's.
  ok   #18 L4.practice_questions[1].text [LOW] F8: 'the weakness of mine eyes' is spoken as the ghost enters, so the stated extract ran backwards and enclose
  PATCH L4: practice_questions, content_html
  ok   #7 L5.practice_questions[2].marks [MEDIUM] F3: question is labelled 30 marks but its ladder topped out at 12; rescaled to the house 30-mark ladder alread
  ok   #19 L5.content_html [HIGH] F9: Octavius never says 'I was born free' — that line is Cassius's (1.2).
  ok   #20 L5.practice_questions[1].text [MEDIUM] F10: extract extended so it contains the third-person self-reference the mark scheme asks for.
  ok   #21 L5.practice_questions[1].marks [MEDIUM] F10: 'Caesar should be a beast without a heart' is Act 2 Scene 2, not the Act 1 Scene 2 extract.
  PATCH L5: practice_questions, content_html
  ok   #8 L6.practice_questions[2].marks [MEDIUM] F3: question is labelled 30 marks but its ladder topped out at 12; rescaled to the house 30-mark ladder alread
  ok   #22 L6.content_html [MEDIUM] F11: 'verse' was defined as unrhymed — that is blank verse; verse may rhyme.
  ok   #23 L6.glossary_terms[2].definition [MEDIUM] F11: same wrong definition of verse in the glossary.
  ok   #24 L6.flashcard_questions[8].q [LOW] F12: Caesar's ghost appears after the assassination and foreshadows Brutus's defeat, not Caesar's death.
  PATCH L6: practice_questions, content_html, glossary_terms, flashcard_questions
  ok   #9 L7.practice_questions[1].marks [MEDIUM] F3: question is labelled 30 marks but its ladder topped out at 12; rescaled to the house 30-mark ladder alread
  ok   #25 L7.conclusion_html [MEDIUM] F13: AO4 rewards accurate writing and range of vocabulary; subject terminology is credited under AO2.
  PATCH L7: practice_questions, conclusion_html
=== 26 applied, 0 skipped, 7 lessons / 17 fields changed
