
=== RE-NARRATION (changed narrated text only) ===
backup: C:\Users\tshau\Documents\Study Vault\scripts\_retrofc\units\english-literature-aqa__julius-caesar\_backup.json
unit:   english-literature-aqa / julius-caesar
run: 2026-09-02T04:54:38Z  mode: LIVE
  L02: no narrated field changed -> skip
  L06: fields edited but no narrated text changed -> skip

5 lessons, 7 clips to regenerate

  L01 (Ollie)  Context: Republican Rome & Elizabethan England
      n2: Shakespeare wrote Julius Caesar around 1599, drawing heavily on Sir Thomas North’s English translation of Plut
             -> 327 KB, 27.9s, uploaded
      n21: Shakespeare drew on Plutarch’s Lives (translated by North) for the historical detail but transformed it with d
             -> 147 KB, 12.5s, uploaded
      manifest updated (23 entries)
  L03 (Ollie)  Act 3: The Assassination & the Speeches
      n6: Immediately after the murder, Brutus instructs the conspirators to wash their hands in Caesar’s blood: ‘Stoop,
             -> 345 KB, 29.4s, uploaded
      n7: This is a stunning moment of metatheatre — Cassius is describing exactly what is happening in the Globe Theatr
             -> 239 KB, 20.4s, uploaded
      manifest updated (23 entries)
  L04 (Ada)  Acts 4-5: Civil War & the Ending
      n14: In Act 5, the conspirators face the triumvirate’s forces at Philippi. Before the battle, Brutus and Cassius ha
             -> 340 KB, 29.0s, uploaded
      manifest updated (24 entries)
  L05 (Ollie)  Character Analysis
      n20: Octavius, Caesar’s adopted heir, appears relatively briefly but is significant. He speaks with quiet authority
             -> 435 KB, 37.1s, uploaded
      manifest updated (25 entries)
  L07 (Ollie)  Key Themes & Exam Technique
      n34: For the AQA exam: analyse the extract in detail (AO1 + AO2), extend to the whole play with memorised quotation
             -> 181 KB, 15.5s, uploaded
      manifest updated (34 entries)

Regenerated 7 clips.

=== VERIFY (ranged GET + freshness) ===
  206  L01 n2  bytes 0-3/334656  Last-Modified: Wed, 02 Sep 2026 04:54:44 GMT  mp3-sync=OK
  206  L01 n21  bytes 0-3/150048  Last-Modified: Wed, 02 Sep 2026 04:54:46 GMT  mp3-sync=OK
  206  L03 n6  bytes 0-3/353376  Last-Modified: Wed, 02 Sep 2026 04:54:52 GMT  mp3-sync=OK
  206  L03 n7  bytes 0-3/244800  Last-Modified: Wed, 02 Sep 2026 04:54:55 GMT  mp3-sync=OK
  206  L04 n14  bytes 0-3/348480  Last-Modified: Wed, 02 Sep 2026 04:55:01 GMT  mp3-sync=OK
  206  L05 n20  bytes 0-3/445536  Last-Modified: Wed, 02 Sep 2026 04:55:07 GMT  mp3-sync=OK
  206  L07 n34  bytes 0-3/185472  Last-Modified: Wed, 02 Sep 2026 04:55:10 GMT  mp3-sync=OK

7/7 clips verified HTTP 200/206 with fresh audio.
