=== APPLY EDITS geography-eduqas/landscapes-physical-processes  15 edits  LIVE  2026-09-06T03:27:58.716Z
  ok   #0 L1.exam_tip_html [MEDIUM] F1: fabricated examiner claim removed
  ok   #1 L1.exam_tip_html [MEDIUM] F2: Tarn Hows visitor figure not supported; safe published value is over half a million
  ok   #2 L1.content_html [MEDIUM] F2: Tarn Hows visitor figure
  ok   #12 L1.practice_questions[4].marks [MEDIUM] F2: answer key must match the corrected visitor figure
  ok   #13 L1.flashcard_questions[5].a [MEDIUM] F2: flashcard answer must match the corrected visitor figure
  PATCH L1: exam_tip_html, content_html, practice_questions, flashcard_questions
  ok   #3 L2.exam_tip_html [MEDIUM] F3: house rule - never name the board in student prose
  ok   #4 L2.exam_tip_html [MEDIUM] F4: fabricated marker claim removed
  ok   #5 L2.content_html [MEDIUM] F5: the High Force gorge is about 700 m long, not over 1 km
  PATCH L2: exam_tip_html, content_html
  ok   #6 L4.exam_tip_html [MEDIUM] F6: names the board and invents a marker claim
  ok   #7 L4.content_html [MEDIUM] F7: the Birling Gap loss is reported for the 2013-14 winter storm season, not one weekend
  ok   #14 L4.flashcard_questions[11].a [MEDIUM] F7: drops the unsupported single-weekend timeframe
  PATCH L4: exam_tip_html, content_html, flashcard_questions
  ok   #8 L5.exam_tip_html [MEDIUM] F8: names the board and cites an examiner report that is not quoted
  PATCH L5: exam_tip_html
  ok   #9 L6.exam_tip_html [MEDIUM] F9: fabricated mark-scheme claim removed
  ok   #10 L6.exam_tip_html [MEDIUM] F10: fabricated examiner claim removed
  ok   #11 L6.content_html [MEDIUM] F11: the Environment Agency covers England only; Wales uses NRW maps and Scotland SEPA
  PATCH L6: exam_tip_html, content_html
=== 15 applied, 0 skipped, 5 lessons / 12 fields changed
