
=== RE-NARRATION (changed narrated text only) ===
backup: C:\Users\tshau\Documents\Study Vault\scripts\_retrofc\units\geography-eduqas__landscapes-physical-processes\_backup.json
unit:   geography-eduqas / landscapes-physical-processes
run: 2026-09-06T03:28:02Z  mode: LIVE

5 lessons, 9 clips to regenerate

  L01 (Ollie)  Distinctive UK Landscapes
      n11: However, the negative impacts are clear at busy weekends. Tarn Hows in the Lake District attracts more than ha
             -> 315 KB, 26.9s, uploaded
      n21: Located detail earns marks. When you write about UK landscapes, name the place (Lake District, Norfolk Broads,
             -> 375 KB, 32.0s, uploaded
      manifest updated (25 entries)
  L02 (Ada)  River Landforms & Processes
      n6: Waterfalls form when a river crosses a layer of hard rock that lies on top of softer rock. The softer rock ero
             -> 357 KB, 30.4s, uploaded
      n19: The exam often asks you to explain how a single landform forms. Use a clear sequence: name the process, say wh
             -> 364 KB, 31.1s, uploaded
      manifest updated (23 entries)
  L04 (Ada)  Factors Affecting Landform Change
      n9: Most UK landform change happens in short, dramatic bursts during extreme weather. The winter of 2013–14 was on
             -> 360 KB, 30.7s, uploaded
      n18: Answers that link the three factors score better than answers that just list them. For 6-mark explanation ques
             -> 364 KB, 31.1s, uploaded
      manifest updated (22 entries)
  L05 (Ollie)  Drainage Basins & Flooding
      n18: Two mistakes come up again and again with hydrographs. First, students confuse peak rainfall with peak dischar
             -> 401 KB, 34.2s, uploaded
      manifest updated (22 entries)
  L06 (Ada)  Managing UK Flood Risk
      n12: Land-use zoning stops new flood damage by putting low-risk uses in high-risk places. The Environment Agency di
             -> 287 KB, 24.5s, uploaded
      n19: For 8-mark evaluations on flood management, weigh costs against benefits and reach a clear judgement. Pick a r
             -> 378 KB, 32.3s, uploaded
      manifest updated (23 entries)

Regenerated 9 clips.

=== VERIFY (ranged GET + freshness) ===
  206  L01 n11  bytes 0-3/322848  Last-Modified: Sun, 06 Sep 2026 03:28:12 GMT  mp3-sync=OK
  206  L01 n21  bytes 0-3/383616  Last-Modified: Sun, 06 Sep 2026 03:28:20 GMT  mp3-sync=OK
  206  L02 n6  bytes 0-3/365184  Last-Modified: Sun, 06 Sep 2026 03:28:29 GMT  mp3-sync=OK
  206  L02 n19  bytes 0-3/373248  Last-Modified: Sun, 06 Sep 2026 03:28:36 GMT  mp3-sync=OK
  206  L04 n9  bytes 0-3/368640  Last-Modified: Sun, 06 Sep 2026 03:28:42 GMT  mp3-sync=OK
  206  L04 n18  bytes 0-3/372960  Last-Modified: Sun, 06 Sep 2026 03:28:48 GMT  mp3-sync=OK
  206  L05 n18  bytes 0-3/410400  Last-Modified: Sun, 06 Sep 2026 03:28:56 GMT  mp3-sync=OK
  206  L06 n12  bytes 0-3/293760  Last-Modified: Sun, 06 Sep 2026 03:29:03 GMT  mp3-sync=OK
  206  L06 n19  bytes 0-3/387360  Last-Modified: Sun, 06 Sep 2026 03:29:11 GMT  mp3-sync=OK

9/9 clips verified HTTP 200/206 with fresh audio.
