=== APPLY EDITS computer-science-eduqas/algorithms-programming-software  26 edits  LIVE  2026-09-06T10:36:00.226Z
  ok   #0 L1.content_html [MEDIUM] F1: the keyword table taught another board's notation. Replaced with the conventions printed in the spec appen
  ok   #1 L1.content_html [MEDIUM] F1: tells the student what the paper actually looks like.
  ok   #2 L1.content_html [MEDIUM] F2: RECEIVE ... FROM (TYPE) is not this board's notation.
  ok   #3 L1.content_html [MEDIUM] F2: matches the corrected example.
  ok   #4 L1.content_html [MEDIUM] F6: 'you score zero' is false and contradicts the sentence before it.
  ok   #5 L1.content_html [MEDIUM] F2: RECEIVE is not this board's notation.
  ok   #6 L1.conclusion_html [MEDIUM] F2: RECEIVE is not this board's notation.
  ok   #7 L1.exam_tip_html [MEDIUM] F2: RECEIVE is not this board's notation; adds what the paper prints.
  ok   #8 L1.practice_questions[1].marks [MEDIUM] F2: answer key named another board's keyword as the expected answer.
  ok   #9 L1.practice_questions[4].marks [MEDIUM] F2: model answer used another board's notation.
  ok   #10 L1.flashcard_questions[3].a [MEDIUM] F2: flashcard drilled another board's keyword.
  PATCH L1: content_html, conclusion_html, exam_tip_html, practice_questions, flashcard_questions
  ok   #11 L2.content_html [MEDIUM] F3: RECEIVE ... FROM (TYPE) is not this board's notation.
  ok   #12 L2.content_html [MEDIUM] F3: RECEIVE ... FROM (TYPE) is not this board's notation.
  ok   #13 L2.content_html [MEDIUM] F3: RECEIVE ... FROM (TYPE) is not this board's notation.
  ok   #14 L2.content_html [MEDIUM] F3: RECEIVE ... FROM (TYPE) is not this board's notation.
  ok   #15 L2.content_html [MEDIUM] F8: the paper's own subroutine notation was missing.
  ok   #16 L2.practice_questions[3].marks [MEDIUM] F3: model answer used another board's notation.
  PATCH L2: content_html, practice_questions
  ok   #17 L3.content_html [MEDIUM] F9: the KaTeX delimiters were broken, and 'at most' understates the true worst case (8 items can need 4 compar
  ok   #18 L3.practice_questions[1].marks [MEDIUM] F10: 'Accept 4 if working shown with rounding up' was incoherent; log2 8 is exactly 3.
  ok   #19 L3.content_html [MEDIUM] F11: linked lists are not in the spec's data structures, and the 'will earn the mark' claim is invented.
  ok   #20 L3.practice_questions[4].marks [MEDIUM] F4: answer key used another board's notation.
  PATCH L3: content_html, practice_questions
  ok   #21 L4.practice_questions[1].marks [LOW] F12: GCSE does not award half marks; [0.5] was used twice.
  PATCH L4: practice_questions
  ok   #22 L5.content_html [MEDIUM] F5: RECEIVE ... FROM (TYPE) is not this board's notation.
  ok   #23 L5.content_html [MEDIUM] F5: RECEIVE ... FROM (TYPE) is not this board's notation.
  ok   #24 L5.practice_questions[3].marks [MEDIUM] F5: model answer used another board's notation.
  PATCH L5: content_html, practice_questions
  ok   #25 L6.description [LOW] F16: the description was 105 characters, over the 100-character limit.
  PATCH L6: description
=== 26 applied, 0 skipped, 6 lessons / 13 fields changed
