
=== RE-NARRATION (changed narrated text only) ===
backup: C:\Users\tshau\Documents\Study Vault\scripts\_retrofc\units\computer-science-eduqas__algorithms-programming-software\_backup.json
unit:   computer-science-eduqas / algorithms-programming-software
run: 2026-09-06T10:36:05Z  mode: LIVE
  L04: no narrated field changed -> skip
  L06: no narrated field changed -> skip

4 lessons, 17 clips to regenerate

  L01 (Ollie)  Defining Algorithms: Pseudocode and Flowcharts
      n7: The key pseudocode keywords you need are shown below. The exam paper prints them in lower case, and it ends a 
             -> 157 KB, 13.4s, uploaded
      n8: Purpose Pseudocode keyword Example Assignment set set total = 0 Output to screen output output “Hello” Input f
             -> 372 KB, 31.7s, uploaded
      n10: INPUT num1 INPUT num2 INPUT num3 SET total = num1 + num2 + num3 SET average = total / 3 OUTPUT “The average is
             -> 110 KB, 9.4s, uploaded
      n11: Notice: INPUT handles input, SET handles assignment, and OUTPUT sends text to the screen. The & operator joins
             -> 133 KB, 11.4s, uploaded
      n16: Many students write Python or JavaScript instead of pseudocode when the exam asks for an algorithm. Real code 
             -> 260 KB, 22.2s, uploaded
      n17: Another common error is writing prose instead of pseudocode: “Ask the user for a number, add it to the total, 
             -> 224 KB, 19.1s, uploaded
      n24: When a question asks you to “write an algorithm in pseudocode”, use the correct keywords: SET , OUTPUT , INPUT
             -> 350 KB, 29.8s, uploaded
      n27: Pseudocode uses keywords such as SET, OUTPUT, INPUT, IF, FOR, WHILE, and REPEAT — learn the exact conventions 
             -> 117 KB, 10.0s, uploaded
      manifest updated (28 entries)
  L02 (Ada)  Programming Constructs and Subroutines
      n5: INPUT length INPUT width SET area = length * width OUTPUT “Area is ” & area
             -> 70 KB, 6.0s, uploaded
      n8: INPUT grade IF grade >= 70 THEN OUTPUT “Merit” ELSE IF grade >= 50 THEN OUTPUT “Pass” ELSE OUTPUT “Fail” END I
             -> 115 KB, 9.8s, uploaded
      n15: SET password = “” REPEAT INPUT password UNTIL password = “secret123” OUTPUT “Access granted”
             -> 89 KB, 7.6s, uploaded
      n17: SET total = 0 INPUT number WHILE number <> -1 SET total = total + number INPUT number END WHILE OUTPUT “Total:
             -> 108 KB, 9.2s, uploaded
      n21: A procedure carries out a task but does not return a value. A function carries out a task AND returns a value 
             -> 245 KB, 20.9s, uploaded
      manifest updated (32 entries)
  L03 (Ollie)  Searching: Linear and Binary
      n7: Key Fact . Linear search may check every item in the list in the worst case — if the target is last or not pre
             -> 210 KB, 17.9s, uploaded
      n22: Binary search also assumes you can jump straight to any position in the data. An array lets you do that, becau
             -> 196 KB, 16.8s, uploaded
      manifest updated (27 entries)
  L05 (Ollie)  Validation, Verification and High-Level Languages
      n7: Below is a pseudocode routine that validates a student’s percentage score. It combines a type check (implicit 
             -> 121 KB, 10.3s, uploaded
      n8: INPUT score WHILE score < 0 OR score > 100 OUTPUT “Score must be between 0 and 100. Try again.” INPUT score EN
             -> 148 KB, 12.7s, uploaded
      manifest updated (25 entries)

Regenerated 17 clips.

=== VERIFY (ranged GET + freshness) ===
  206  L01 n7  bytes 0-3/160704  Last-Modified: Sun, 06 Sep 2026 10:36:15 GMT  mp3-sync=OK
  206  L01 n8  bytes 0-3/380448  Last-Modified: Sun, 06 Sep 2026 10:36:22 GMT  mp3-sync=OK
  206  L01 n10  bytes 0-3/112608  Last-Modified: Sun, 06 Sep 2026 10:36:25 GMT  mp3-sync=OK
  206  L01 n11  bytes 0-3/136512  Last-Modified: Sun, 06 Sep 2026 10:36:29 GMT  mp3-sync=OK
  206  L01 n16  bytes 0-3/266400  Last-Modified: Sun, 06 Sep 2026 10:36:35 GMT  mp3-sync=OK
  206  L01 n17  bytes 0-3/228960  Last-Modified: Sun, 06 Sep 2026 10:36:40 GMT  mp3-sync=OK
  206  L01 n24  bytes 0-3/357984  Last-Modified: Sun, 06 Sep 2026 10:36:47 GMT  mp3-sync=OK
  206  L01 n27  bytes 0-3/119808  Last-Modified: Sun, 06 Sep 2026 10:36:50 GMT  mp3-sync=OK
  206  L02 n5  bytes 0-3/72000  Last-Modified: Sun, 06 Sep 2026 10:36:53 GMT  mp3-sync=OK
  206  L02 n8  bytes 0-3/118080  Last-Modified: Sun, 06 Sep 2026 10:36:57 GMT  mp3-sync=OK
  206  L02 n15  bytes 0-3/91008  Last-Modified: Sun, 06 Sep 2026 10:37:00 GMT  mp3-sync=OK
  206  L02 n17  bytes 0-3/110880  Last-Modified: Sun, 06 Sep 2026 10:37:03 GMT  mp3-sync=OK
  206  L02 n21  bytes 0-3/250560  Last-Modified: Sun, 06 Sep 2026 10:37:09 GMT  mp3-sync=OK
  206  L03 n7  bytes 0-3/214560  Last-Modified: Sun, 06 Sep 2026 10:37:15 GMT  mp3-sync=OK
  206  L03 n22  bytes 0-3/201024  Last-Modified: Sun, 06 Sep 2026 10:37:19 GMT  mp3-sync=OK
  206  L05 n7  bytes 0-3/124128  Last-Modified: Sun, 06 Sep 2026 10:37:24 GMT  mp3-sync=OK
  206  L05 n8  bytes 0-3/152064  Last-Modified: Sun, 06 Sep 2026 10:37:28 GMT  mp3-sync=OK

17/17 clips verified HTTP 200/206 with fresh audio.
