=== APPLY EDITS physical-education-ocr/socio-cultural-issues-and-sports-psychology  43 edits  LIVE  2026-09-06T10:38:11.596Z
  ok   #0 L1.content_html [MEDIUM] F1: Storey has 19 Paralympic golds after Paris 2024, not 17.
  PATCH L1: content_html
  ok   #1 L2.exam_tip_html [HIGH] F2: no 8-mark item on this paper (extended response is 6 marks); mark-scheme claim removed.
  ok   #2 L2.practice_questions[3].marks [HIGH] F3: 1,650 / 12 = 137.5, so 'over 200 times' is wrong.
  PATCH L2: exam_tip_html, practice_questions
  ok   #3 L4.practice_questions[5].type [HIGH] F5: impossible tariff; OCR PE extended response is 6 marks.
  ok   #4 L4.exam_tip_html [HIGH] F6: no 8-mark item on this paper.
  ok   #5 L4.content_html [MEDIUM] F7: no 8-mark item on this paper.
  PATCH L4: practice_questions, exam_tip_html, content_html
  ok   #6 L6.practice_questions[5].type [HIGH] F8: impossible tariff; OCR PE extended response is 6 marks.
  ok   #7 L6.exam_tip_html [HIGH] F9: no 8-mark item on this paper.
  PATCH L6: practice_questions, exam_tip_html
  ok   #8 L8.practice_questions[4].type [HIGH] F10: impossible tariff; OCR PE extended response is 6 marks.
  ok   #9 L8.exam_tip_html [HIGH] F11: no 8-mark item; mark-scheme claim removed.
  PATCH L8: practice_questions, exam_tip_html
  ok   #10 L9.practice_questions[5].type [HIGH] F12: impossible tariff; OCR PE extended response is 6 marks.
  ok   #11 L9.exam_tip_html [HIGH] F13: no 8-mark item on this paper.
  ok   #12 L9.exam_tip_html [MEDIUM] F13b: fabricated mark-scheme claim.
  PATCH L9: practice_questions, exam_tip_html
  ok   #13 L10.practice_questions[5].type [HIGH] F14: impossible tariff; OCR PE extended response is 6 marks.
  ok   #14 L10.practice_questions[5].marks [HIGH] F14b: band ranges rebanded to the corrected 6-mark tariff.
  ok   #15 L10.exam_tip_html [HIGH] F15: no 8-mark item; mark-scheme claim removed.
  PATCH L10: practice_questions, exam_tip_html
  ok   #16 L11.content_html [MEDIUM] F17: spec 2.3 lists eight physical items; injury was missing.
  ok   #17 L11.content_html [MEDIUM] F17b: injury added to the key-fact list.
  ok   #18 L11.content_html [MEDIUM] F17c: 8 physical + 3 emotional + 3 social = 14.
  ok   #19 L11.content_html [MEDIUM] F17d: revision tip count corrected.
  ok   #20 L11.conclusion_html [MEDIUM] F17e: count corrected in the takeaway.
  ok   #21 L11.flashcard_questions[2].q [MEDIUM] F17f: count corrected.
  ok   #22 L11.flashcard_questions[2].a [MEDIUM] F17g: injury added; answer keeps its existing shape, 21 words.
  ok   #23 L11.practice_questions[5].type [HIGH] F18: impossible tariff; OCR PE extended response is 6 marks.
  ok   #24 L11.practice_questions[5].marks [HIGH] F18b: band ranges rebanded to the corrected 6-mark tariff.
  ok   #25 L11.exam_tip_html [HIGH] F19: no 8-mark item on this paper.
  ok   #26 L11.exam_tip_html [MEDIUM] F19b: fabricated mark-scheme claim.
  ok   #27 L11.content_html [MEDIUM] F20: fabricated mark-scheme weighting claim.
  PATCH L11: content_html, conclusion_html, flashcard_questions, practice_questions, exam_tip_html
  ok   #28 L12.content_html [MEDIUM] F21: the spec names no closed list of six; it also names bone density, posture, fitness and injury.
  ok   #29 L12.content_html [MEDIUM] F21b: adds the spec items the closed list dropped.
  ok   #30 L12.content_html [MEDIUM] F21c: revision tip no longer claims a closed OCR list.
  ok   #31 L12.conclusion_html [MEDIUM] F21d: closed-list claim removed, missing spec items added.
  ok   #32 L12.flashcard_questions[1].q [MEDIUM] F21e: closed-list claim removed.
  PATCH L12: content_html, conclusion_html, flashcard_questions
  ok   #33 L13.practice_questions[5].type [HIGH] F22: impossible tariff; OCR PE extended response is 6 marks.
  ok   #34 L13.practice_questions[5].marks [HIGH] F22b: band ranges rebanded to the corrected 6-mark tariff.
  ok   #35 L13.exam_tip_html [MEDIUM] F23: the worked example asked for a percentage but answered in kilocalories.
  ok   #36 L13.exam_tip_html [HIGH] F23b: no 8-mark item on this paper.
  ok   #37 L13.content_html [MEDIUM] F24: glycogen loading is an endurance strategy; Asher-Smith is a sprinter.
  ok   #38 L13.content_html [MEDIUM] F25: fat supplies most energy at low intensity, and the next paragraph says so.
  ok   #39 L13.content_html [MEDIUM] F25b: key fact aligned with the corrected statement.
  ok   #40 L13.conclusion_html [MEDIUM] F25c: takeaway aligned with the corrected statement.
  ok   #41 L13.knowledge_checks[4].right[0] [MEDIUM] F25d: match option aligned with the corrected statement.
  ok   #42 L13.flashcard_questions[0].a [MEDIUM] F25e: flashcard aligned with the corrected statement.
  PATCH L13: practice_questions, exam_tip_html, content_html, conclusion_html, knowledge_checks, flashcard_questions
=== 43 applied, 0 skipped, 10 lessons / 28 fields changed
