
=== RE-NARRATION (changed narrated text only) ===
backup: C:\Users\tshau\Documents\Study Vault\scripts\_retrofc\units\physical-education-ocr__socio-cultural-issues-and-sports-psychology\_backup.json
unit:   physical-education-ocr / socio-cultural-issues-and-sports-psychology
run: 2026-09-06T10:38:17Z  mode: LIVE

10 lessons, 19 clips to regenerate

  L01 (Ollie)  Engagement Patterns in Physical Activity and Sport
      n13: People with physical or intellectual disabilities historically face some of the most significant barriers to s
             -> 530 KB, 45.3s, uploaded
      manifest updated (17 entries)
  L02 (Ada)  Commercialisation, Sponsorship and the Media
      n17: On a 6 marks — Analyse question about commercialisation, list-style answers score poorly. Each point should fo
             -> 605 KB, 51.6s, uploaded
      manifest updated (17 entries)
  L04 (Ada)  Drugs in Sport
      n18: Some performers argue that if everyone is doping, using PEDs simply restores a level playing field. This reaso
             -> 509 KB, 43.4s, uploaded
      n19: On a 1 mark — Identify question about a PED, name the category precisely: “anabolic steroids”, “beta blockers”
             -> 670 KB, 57.2s, uploaded
      manifest updated (20 entries)
  L06 (Ada)  Characteristics and Classification of Skill
      n24: On ‘explain’ and ‘analyse’ questions about skill classification, the most common error is stating a classifica
             -> 690 KB, 58.9s, uploaded
      manifest updated (24 entries)
  L08 (Ada)  Mental Preparation Techniques
      n21: On 4-mark explain questions about mental preparation, the most common error is describing a technique without 
             -> 686 KB, 58.6s, uploaded
      manifest updated (21 entries)
  L09 (Ollie)  Types of Guidance in Sport
      n23: On 6-mark analyse questions about guidance, the most effective structure is: name the guidance type → explain 
             -> 596 KB, 50.9s, uploaded
      manifest updated (23 entries)
  L10 (Ada)  Types of Feedback in Sport
      n21: On a 2 marks — Define question, you need a precise one-sentence definition. “Positive feedback is good feedbac
             -> 683 KB, 58.2s, uploaded
      manifest updated (21 entries)
  L11 (Ollie)  Health, Fitness and Wellbeing
      n6: Regular physical activity produces a wide range of physical health benefits, many of which directly reduce the
             -> 324 KB, 27.6s, uploaded
      n12: OCR specifically names three emotional benefits: improved self-esteem and confidence, better stress management
             -> 200 KB, 17.1s, uploaded
      n23: Key Fact . OCR’s named physical benefits: reduced injury risk, reduced CHD, improved blood pressure, increased
             -> 347 KB, 29.6s, uploaded
      n24: The most common error on wellbeing extended-response questions is writing only about physical benefits. The sp
             -> 615 KB, 52.5s, uploaded
      n26: Physical activity produces eight named physical health benefits (including reduced injury risk, CHD prevention
             -> 253 KB, 21.6s, uploaded
      manifest updated (25 entries)
  L12 (Ada)  Sedentary Lifestyle and Consequences
      n4: Key Fact . Six main consequences of a sedentary lifestyle are: obesity, coronary heart disease (CHD), Type 2 d
             -> 269 KB, 22.9s, uploaded
      n18: A sedentary lifestyle is characterised by prolonged physical inactivity and causes six main consequences: obes
             -> 268 KB, 22.9s, uploaded
      manifest updated (16 entries)
  L13 (Ollie)  Diet, Nutrition and Hydration
      n8: Carbohydrate is the body’s main fuel for exercise, and it becomes the dominant fuel as intensity rises. At an 
             -> 474 KB, 40.5s, uploaded
      n11: Key Fact . A balanced diet is approximately 55–60% carbohydrate (main energy source), 25–30% fat (energy at lo
             -> 267 KB, 22.8s, uploaded
      n22: On a 3 marks — Calculate from Data question involving nutrition percentages, always show your working, state t
             -> 712 KB, 60.8s, uploaded
      n24: A balanced diet contains seven components: carbohydrates (55–60%, main energy source), fats (25–30%, low-inten
             -> 311 KB, 26.6s, uploaded
      manifest updated (23 entries)

Regenerated 19 clips.

=== VERIFY (ranged GET + freshness) ===
  206  L01 n13  bytes 0-3/543168  Last-Modified: Sun, 06 Sep 2026 10:38:31 GMT  mp3-sync=OK
  206  L02 n17  bytes 0-3/619488  Last-Modified: Sun, 06 Sep 2026 10:38:41 GMT  mp3-sync=OK
  206  L04 n18  bytes 0-3/521280  Last-Modified: Sun, 06 Sep 2026 10:38:52 GMT  mp3-sync=OK
  206  L04 n19  bytes 0-3/686592  Last-Modified: Sun, 06 Sep 2026 10:39:05 GMT  mp3-sync=OK
  206  L06 n24  bytes 0-3/706752  Last-Modified: Sun, 06 Sep 2026 10:39:18 GMT  mp3-sync=OK
  206  L08 n21  bytes 0-3/702720  Last-Modified: Sun, 06 Sep 2026 10:39:33 GMT  mp3-sync=OK
  206  L09 n23  bytes 0-3/610272  Last-Modified: Sun, 06 Sep 2026 10:39:44 GMT  mp3-sync=OK
  206  L10 n21  bytes 0-3/698976  Last-Modified: Sun, 06 Sep 2026 10:39:57 GMT  mp3-sync=OK
  206  L11 n6  bytes 0-3/331776  Last-Modified: Sun, 06 Sep 2026 10:40:04 GMT  mp3-sync=OK
  206  L11 n12  bytes 0-3/205056  Last-Modified: Sun, 06 Sep 2026 10:40:08 GMT  mp3-sync=OK
  206  L11 n23  bytes 0-3/355680  Last-Modified: Sun, 06 Sep 2026 10:40:16 GMT  mp3-sync=OK
  206  L11 n24  bytes 0-3/629856  Last-Modified: Sun, 06 Sep 2026 10:40:28 GMT  mp3-sync=OK
  206  L11 n26  bytes 0-3/259200  Last-Modified: Sun, 06 Sep 2026 10:40:33 GMT  mp3-sync=OK
  206  L12 n4  bytes 0-3/275040  Last-Modified: Sun, 06 Sep 2026 10:40:39 GMT  mp3-sync=OK
  206  L12 n18  bytes 0-3/274176  Last-Modified: Sun, 06 Sep 2026 10:40:44 GMT  mp3-sync=OK
  206  L13 n8  bytes 0-3/485856  Last-Modified: Sun, 06 Sep 2026 10:40:53 GMT  mp3-sync=OK
  206  L13 n11  bytes 0-3/273312  Last-Modified: Sun, 06 Sep 2026 10:40:59 GMT  mp3-sync=OK
  206  L13 n22  bytes 0-3/729504  Last-Modified: Sun, 06 Sep 2026 10:41:11 GMT  mp3-sync=OK
  206  L13 n24  bytes 0-3/318816  Last-Modified: Sun, 06 Sep 2026 10:41:17 GMT  mp3-sync=OK

19/19 clips verified HTTP 200/206 with fresh audio.
