=== APPLY EDITS religious-studies-aqa/theme-f-human-rights-social-justice  31 edits  LIVE  2026-09-06T05:28:56.089Z
  ok   #0 L1.content_html [HIGH] F1: the Synod voted on women priests in 1992 and they were ordained in 1994; the Synod voted on women bishops 
  ok   #1 L1.content_html [HIGH] F2: 1990 was the CCAR decision on gay and lesbian rabbis, not on same-sex marriage; same-sex officiation was s
  ok   #2 L1.content_html [MEDIUM] F3: Fiducia supplicans was published on 18 December 2023.
  ok   #3 L1.content_html [MEDIUM] F4: the Farewell Sermon was given in the Uranah valley of Mount Arafat, not in Mecca.
  ok   #4 L1.content_html [MEDIUM] F5: invented mark-scheme claim; no board mark scheme lists sub-traditions.
  ok   #5 L1.content_html [HIGH] F1: the first Church of England woman bishop was consecrated in January 2015.
  ok   #6 L1.content_html [HIGH] F2: 1990 was the decision on gay and lesbian rabbis; same-sex officiation dates from 2000.
  ok   #7 L1.conclusion_html [MEDIUM] F5: invented mark-scheme claim.
  ok   #8 L1.exam_tip_html [MEDIUM] F5: invented mark-scheme claim.
  ok   #9 L1.practice_questions[2].text [MEDIUM] F6: the spec sets contrasting beliefs on the status of women with reference to Christianity and one or more OT
  ok   #10 L1.practice_questions[2].marks [HIGH] F6/F1: the contrast must cross religions, and the first Church of England woman bishop was consecrated in 2015
  ok   #11 L1.practice_questions[5].type [HIGH] F7: AQA 8062 Component 2 sets one five-part question per theme of 1, 1, 4, 6 and 12 marks. There is no 2-mark 
  ok   #12 L1.practice_questions[5].text [HIGH] F7: re-tariffed to the 4-mark form.
  ok   #13 L1.practice_questions[5].marks [HIGH] F7: re-tariffed to the 4-mark form.
  ok   #14 L1.knowledge_checks[2].options[0] [HIGH] F1: the first Church of England woman bishop was consecrated in 2015.
  ok   #15 L1.knowledge_checks[3].q [HIGH] F2: the 1990 CCAR decision was on gay and lesbian rabbis, not same-sex marriage; the question now matches the 
  ok   #16 L1.knowledge_checks[4].right[1] [HIGH] F1: the first Church of England woman bishop was consecrated in 2015.
  PATCH L1: content_html, conclusion_html, exam_tip_html, practice_questions, knowledge_checks
  ok   #17 L2.content_html [MEDIUM] F8: Tutu was the chairman of the commission; Alex Boraine was his deputy.
  ok   #18 L2.content_html [MEDIUM] F4: the Farewell Sermon was given at Mount Arafat, not in Mecca.
  ok   #19 L2.content_html [MEDIUM] F9: the option for the poor comes from Arrupe's 1968 letter and the Medellin conference, not from Gaudium et S
  ok   #20 L2.content_html [MEDIUM] F10: the wrongful detentions ran from the 2012 hostile-environment rules; the scandal became public in 2017-18
  ok   #21 L2.conclusion_html [MEDIUM] F11: the 12-mark question requires a justified conclusion, so telling students not to state a view would cost 
  ok   #22 L2.exam_tip_html [MEDIUM] F12: invented examiner claim.
  ok   #23 L2.practice_questions[4].marks [MEDIUM] F9: wrong attribution to Gaudium et Spes.
  ok   #24 L2.practice_questions[5].type [HIGH] F7: AQA 8062 Component 2 has no 2-mark part; the parts are 1, 1, 4, 6 and 12 marks.
  ok   #25 L2.practice_questions[5].text [HIGH] F7: re-tariffed to the 4-mark form.
  ok   #26 L2.practice_questions[5].marks [HIGH] F7: re-tariffed to the 4-mark form.
  PATCH L2: content_html, conclusion_html, exam_tip_html, practice_questions
  ok   #27 L3.practice_questions[2].text [MEDIUM] F6: the uses of wealth is one of the three named contrasting-belief issues, and the contrast must be between C
  ok   #28 L3.practice_questions[5].type [HIGH] F7: AQA 8062 Component 2 has no 2-mark part; the parts are 1, 1, 4, 6 and 12 marks.
  ok   #29 L3.practice_questions[5].text [HIGH] F7: re-tariffed to the 4-mark form.
  ok   #30 L3.practice_questions[5].marks [HIGH] F7: re-tariffed to the 4-mark form.
  PATCH L3: practice_questions
=== 31 applied, 0 skipped, 3 lessons / 10 fields changed
