=== APPLY EDITS drama-aqa/things-i-know-to-be-true  17 edits  LIVE  2026-09-05T23:47:19.199Z
  ok   #0 L1.exam_tip_html [HIGH] F3: removes the inaccurate board-question claim.
  ok   #1 L1.exam_tip_html [HIGH] F4: removes the false requirement to cover both perspectives.
  PATCH L1: exam_tip_html
  ok   #2 L3.exam_tip_html [HIGH] F7: removes the inaccurate board-question claim.
  ok   #3 L3.exam_tip_html [HIGH] F8: removes the false requirement to combine performer and design responses.
  PATCH L3: exam_tip_html
  ok   #4 L4.exam_tip_html [HIGH] F9: removes the inaccurate board-question claim.
  ok   #5 L4.exam_tip_html [HIGH] F10: removes the false combined-response requirement.
  PATCH L4: exam_tip_html
  ok   #6 L5.exam_tip_html [HIGH] F12: removes the inaccurate board-question claim.
  ok   #7 L5.exam_tip_html [HIGH] F13: removes the false combined-response requirement.
  PATCH L5: exam_tip_html
  ok   #8 L6.exam_tip_html [HIGH] F15: removes the inaccurate 8-mark design-question claim.
  ok   #9 L6.exam_tip_html [HIGH] F16: corrects the one-specialism format of a design response.
  PATCH L6: exam_tip_html
  ok   #10 L7.content_html [HIGH] F17: Mark's disclosure occurs in winter.
  ok   #11 L7.exam_tip_html [HIGH] F18: removes the false combined-response requirement.
  PATCH L7: content_html, exam_tip_html
  ok   #12 L8.content_html [HIGH] F19: distinguishes an objective from a super-objective.
  ok   #13 L8.knowledge_checks[2].q [HIGH] F20: objectives are scene-or-moment goals.
  ok   #14 L8.flashcard_questions[3].a [HIGH] F21: distinguishes an objective from a super-objective.
  ok   #15 L8.glossary_terms[3].definition [HIGH] F22: distinguishes an objective from a super-objective.
  ok   #16 L8.exam_tip_html [HIGH] F23: removes the false combined-response requirement.
  PATCH L8: content_html, knowledge_checks, flashcard_questions, glossary_terms, exam_tip_html
=== 17 applied, 0 skipped, 7 lessons / 12 fields changed
