
=== RE-NARRATION (changed narrated text only) ===
backup: C:\Users\tshau\Documents\Study Vault\scripts\_retrofc\units\drama-aqa__things-i-know-to-be-true\_backup.json
unit:   drama-aqa / things-i-know-to-be-true
run: 2026-09-05T23:47:24Z  mode: LIVE

7 lessons, 13 clips to regenerate

  L01 (Ollie)  Plot and Structure: Four Seasons, Four Children
      n18: When analysing the play’s structure in practice, avoid simply retelling events. Explain how a structural choic
             -> 191 KB, 16.3s, uploaded
      n19: For an extended response, use the performer or designer perspective named in the question. Keep every choice s
             -> 136 KB, 11.6s, uploaded
      manifest updated (23 entries)
  L03 (Ollie)  Themes: Family, Identity, Truth
      n21: When analysing a thematic moment in practice, avoid simply describing events. Explain what the dramatic method
             -> 168 KB, 14.3s, uploaded
      n22: For an extended response, use the performer or designer perspective named in the question. Give detailed choic
             -> 147 KB, 12.6s, uploaded
      manifest updated (26 entries)
  L04 (Ada)  Context: Bovell, Frantic Assembly and 2016 Adelaide
      n19: When discussing context in practice, use it analytically rather than as background decoration. Explain how the
             -> 157 KB, 13.4s, uploaded
      n20: For an extended response, use the performer or designer perspective named in the question. Apply relevant cont
             -> 138 KB, 11.8s, uploaded
      manifest updated (24 entries)
  L05 (Ollie)  Dramatic Methods: Monologue and Movement
      n18: When analysing direct address and movement in practice, consider how each controls the audience’s relationship
             -> 138 KB, 11.8s, uploaded
      n19: For an extended response, use the performer or designer perspective named in the question. Make precise choice
             -> 124 KB, 10.6s, uploaded
      manifest updated (23 entries)
  L06 (Ada)  Staging and Design: The Garden and the Kitchen
      n17: When developing a design response, avoid general descriptions such as “dark lighting to create a sad mood”. Na
             -> 158 KB, 13.5s, uploaded
      n18: For a 20-mark design response, develop detailed choices in the one design specialism named in the question. Li
             -> 144 KB, 12.3s, uploaded
      manifest updated (22 entries)
  L07 (Ollie)  Performance Interpretation: Bob's Final Tableau
      n8: The winter scene in which Mark tells his parents that he is transitioning to Mia is one of the play’s most com
             -> 337 KB, 28.8s, uploaded
      n19: For a 20-mark response, use the performer or designer perspective named in the question. Keep your choices pre
             -> 146 KB, 12.5s, uploaded
      manifest updated (23 entries)
  L08 (Ada)  Practitioner Application: Stanislavski Meets Frantic Assembly
      n19: For a 20-mark response, use the performer or designer perspective named in the question. Explain how the chose
             -> 148 KB, 12.7s, uploaded
      manifest updated (23 entries)

Regenerated 13 clips.

=== VERIFY (ranged GET + freshness) ===
  206  L01 n18  bytes 0-3/195840  Last-Modified: Sat, 05 Sep 2026 23:47:29 GMT  mp3-sync=OK
  206  L01 n19  bytes 0-3/139392  Last-Modified: Sat, 05 Sep 2026 23:47:32 GMT  mp3-sync=OK
  206  L03 n21  bytes 0-3/172224  Last-Modified: Sat, 05 Sep 2026 23:47:36 GMT  mp3-sync=OK
  206  L03 n22  bytes 0-3/150912  Last-Modified: Sat, 05 Sep 2026 23:47:38 GMT  mp3-sync=OK
  206  L04 n19  bytes 0-3/160992  Last-Modified: Sat, 05 Sep 2026 23:47:41 GMT  mp3-sync=OK
  206  L04 n20  bytes 0-3/141696  Last-Modified: Sat, 05 Sep 2026 23:47:44 GMT  mp3-sync=OK
  206  L05 n18  bytes 0-3/141408  Last-Modified: Sat, 05 Sep 2026 23:47:46 GMT  mp3-sync=OK
  206  L05 n19  bytes 0-3/127296  Last-Modified: Sat, 05 Sep 2026 23:47:48 GMT  mp3-sync=OK
  206  L06 n17  bytes 0-3/161856  Last-Modified: Sat, 05 Sep 2026 23:47:51 GMT  mp3-sync=OK
  206  L06 n18  bytes 0-3/147744  Last-Modified: Sat, 05 Sep 2026 23:47:53 GMT  mp3-sync=OK
  206  L07 n8  bytes 0-3/345312  Last-Modified: Sat, 05 Sep 2026 23:47:58 GMT  mp3-sync=OK
  206  L07 n19  bytes 0-3/149760  Last-Modified: Sat, 05 Sep 2026 23:48:00 GMT  mp3-sync=OK
  206  L08 n19  bytes 0-3/151776  Last-Modified: Sat, 05 Sep 2026 23:48:03 GMT  mp3-sync=OK

13/13 clips verified HTTP 200/206 with fresh audio.
