=== APPLY EDITS history-edexcel/medicine-in-britain  190 edits  LIVE  2026-09-06T00:30:58.775Z
  ok   #0 L1.content_html [MEDIUM] F3: the glossary entry defined the Church as God, not as an institution.
  ok   #1 L1.exam_tip_html [HIGH] F4: this paper sets no 4-mark 'Explain one cause' question.
  ok   #15 L1.practice_questions[0].text [HIGH] F1: converted to the 12-mark 'Explain why' form this paper sets.
  ok   #16 L1.practice_questions[0].type [HIGH] F1: form label.
  ok   #17 L1.practice_questions[0].marks [HIGH] F1: mark scheme rebuilt for the 12-mark form.
  ok   #18 L1.practice_questions[1].text [HIGH] F1: converted to the 4-mark similarity or difference form.
  ok   #19 L1.practice_questions[1].type [HIGH] F1: form label.
  ok   #20 L1.practice_questions[1].marks [HIGH] F1: mark scheme rebuilt.
  ok   #21 L1.practice_questions[2].text [HIGH] F1: converted from the 8-mark significance form, which this paper does not set.
  ok   #22 L1.practice_questions[2].type [HIGH] F1: form label.
  ok   #23 L1.practice_questions[2].marks [HIGH] F1: mark scheme rebuilt.
  ok   #24 L1.practice_questions[3].text [HIGH] F2: the composed 1392 handbook is removed; this section sets no source questions.
  ok   #25 L1.practice_questions[3].type [HIGH] F2: form label.
  ok   #26 L1.practice_questions[3].marks [HIGH] F2: mark scheme rebuilt.
  ok   #27 L1.practice_questions[4].text [HIGH] F1: converted to the 12-mark 'Explain why' form.
  ok   #28 L1.practice_questions[4].type [HIGH] F1: form label.
  ok   #29 L1.practice_questions[4].marks [HIGH] F1: mark scheme rebuilt.
  ok   #30 L1.practice_questions[5].text [MEDIUM] F5: the 16-mark question on this paper prints two prompts and asks for own knowledge.
  ok   #31 L1.flashcard_questions[2].a [LOW] F6: single-word answer given substance.
  ok   #32 L1.flashcard_questions[3].a [LOW] F6: single-word answer given substance.
  ok   #33 L1.flashcard_questions[10].a [LOW] F6: list answer replaced with one idea.
  ok   #34 L1.flashcard_questions[12].a [LOW] F6: single-word answer given substance.
  PATCH L1: content_html, exam_tip_html, practice_questions, flashcard_questions
  ok   #2 L2.content_html [LOW] F9: 'plague' was defined as a single outbreak rather than as the disease.
  ok   #3 L2.content_html [MEDIUM] F7: Ragusa's 30-day rule dates from 1377, not 1348; and Ragusa is a place, not a measure.
  ok   #4 L2.exam_tip_html [HIGH] F10: this paper sets no 8-mark 'Explain significance' question.
  ok   #35 L2.practice_questions[0].text [HIGH] F8: converted to the 12-mark 'Explain why' form.
  ok   #36 L2.practice_questions[0].type [HIGH] F8: form label.
  ok   #37 L2.practice_questions[0].marks [HIGH] F8: mark scheme rebuilt.
  ok   #38 L2.practice_questions[1].text [HIGH] F8: converted to the 4-mark similarity or difference form.
  ok   #39 L2.practice_questions[1].type [HIGH] F8: form label.
  ok   #40 L2.practice_questions[1].marks [HIGH] F8: mark scheme rebuilt.
  ok   #41 L2.practice_questions[2].text [HIGH] F8: converted from the 8-mark significance form.
  ok   #42 L2.practice_questions[2].type [HIGH] F8: form label.
  ok   #43 L2.practice_questions[2].marks [HIGH] F8: mark scheme rebuilt.
  ok   #44 L2.practice_questions[3].text [HIGH] F8: the composed monastic chronicle is removed; this section sets no source questions.
  ok   #45 L2.practice_questions[3].type [HIGH] F8: form label.
  ok   #46 L2.practice_questions[3].marks [HIGH] F8: mark scheme rebuilt.
  ok   #47 L2.practice_questions[4].text [HIGH] F8: converted to the 12-mark 'Explain why' form.
  ok   #48 L2.practice_questions[4].type [HIGH] F8: form label.
  ok   #49 L2.practice_questions[4].marks [HIGH] F8: mark scheme rebuilt.
  ok   #50 L2.practice_questions[5].text [MEDIUM] F11: the 16-mark question must span a whole period and prints two prompts.
  ok   #51 L2.practice_questions[5].marks [MEDIUM] F11: mark scheme matched to the new period-spanning statement.
  ok   #52 L2.flashcard_questions[8].a [MEDIUM] F7: the 30-day rule dates from 1377.
  ok   #53 L2.glossary_terms[3].definition [MEDIUM] F7: Ragusa is a port, and its 30-day rule dates from 1377.
  ok   #54 L2.glossary_terms[0].definition [LOW] F9: 'plague' was defined as a single outbreak rather than as the disease.
  PATCH L2: content_html, exam_tip_html, practice_questions, flashcard_questions, glossary_terms
  ok   #5 L3.exam_tip_html [MEDIUM] F14: band name replaced with house vocabulary.
  ok   #55 L3.practice_questions[0].text [HIGH] F12: converted to the 12-mark 'Explain why' form.
  ok   #56 L3.practice_questions[0].type [HIGH] F12: form label.
  ok   #57 L3.practice_questions[0].marks [HIGH] F12: mark scheme rebuilt.
  ok   #58 L3.practice_questions[1].text [HIGH] F12: converted to the 4-mark similarity or difference form.
  ok   #59 L3.practice_questions[1].type [HIGH] F12: form label.
  ok   #60 L3.practice_questions[1].marks [HIGH] F12: mark scheme rebuilt.
  ok   #61 L3.practice_questions[2].text [HIGH] F12: converted from the 8-mark significance form.
  ok   #62 L3.practice_questions[2].type [HIGH] F12: form label.
  ok   #63 L3.practice_questions[2].marks [HIGH] F12: mark scheme rebuilt.
  ok   #64 L3.practice_questions[3].text [HIGH] F12: the composed 1610 textbook is removed; this section sets no source questions.
  ok   #65 L3.practice_questions[3].type [HIGH] F12: form label.
  ok   #66 L3.practice_questions[3].marks [HIGH] F12: mark scheme rebuilt.
  ok   #67 L3.practice_questions[4].text [HIGH] F12: converted to the 12-mark 'Explain why' form.
  ok   #68 L3.practice_questions[4].type [HIGH] F12: form label.
  ok   #69 L3.practice_questions[4].marks [HIGH] F12: mark scheme rebuilt.
  ok   #70 L3.practice_questions[5].text [MEDIUM] F13: the 16-mark question on this paper prints two prompts.
  PATCH L3: exam_tip_html, practice_questions
  ok   #6 L4.exam_tip_html [HIGH] F18: wrong question form, a band name, and an invented claim about what examiners reward.
  ok   #71 L4.practice_questions[0].text [HIGH] F15: converted to the 12-mark 'Explain why' form.
  ok   #72 L4.practice_questions[0].type [HIGH] F15: form label.
  ok   #73 L4.practice_questions[0].marks [HIGH] F15: mark scheme rebuilt.
  ok   #74 L4.practice_questions[1].text [HIGH] F15: converted to the 4-mark similarity or difference form.
  ok   #75 L4.practice_questions[1].type [HIGH] F15: form label.
  ok   #76 L4.practice_questions[1].marks [HIGH] F15: mark scheme rebuilt.
  ok   #77 L4.practice_questions[2].text [HIGH] F15: converted from the 8-mark significance form.
  ok   #78 L4.practice_questions[2].type [HIGH] F15: form label.
  ok   #79 L4.practice_questions[2].marks [HIGH] F15: mark scheme rebuilt.
  ok   #80 L4.practice_questions[3].text [HIGH] F16: the composed 1665 pamphlet is removed; this section sets no source questions.
  ok   #81 L4.practice_questions[3].type [HIGH] F16: form label.
  ok   #82 L4.practice_questions[3].marks [HIGH] F16: mark scheme rebuilt.
  ok   #83 L4.practice_questions[4].text [HIGH] F15: converted to the 12-mark 'Explain why' form.
  ok   #84 L4.practice_questions[4].type [HIGH] F15: form label.
  ok   #85 L4.practice_questions[4].marks [HIGH] F15: mark scheme rebuilt.
  ok   #86 L4.practice_questions[5].text [MEDIUM] F17: the 16-mark question on this paper prints two prompts.
  PATCH L4: exam_tip_html, practice_questions
  ok   #7 L5.content_html [MEDIUM] F19: the Vaccination Act 1853 covered England and Wales only.
  ok   #87 L5.practice_questions[0].text [HIGH] F20: converted to the 12-mark 'Explain why' form this paper sets.
  ok   #88 L5.practice_questions[0].type [HIGH] F20: form label.
  ok   #89 L5.practice_questions[0].marks [HIGH] F20: mark scheme rebuilt for the 12-mark form.
  ok   #90 L5.practice_questions[1].text [HIGH] F20: converted to the 4-mark similarity or difference form.
  ok   #91 L5.practice_questions[1].type [HIGH] F20: form label.
  ok   #92 L5.practice_questions[1].marks [HIGH] F20: mark scheme rebuilt.
  ok   #93 L5.practice_questions[2].text [HIGH] F20: converted from the 8-mark significance form, which this paper does not set.
  ok   #94 L5.practice_questions[2].type [HIGH] F20: form label.
  ok   #95 L5.practice_questions[2].marks [HIGH] F20: mark scheme rebuilt.
  ok   #96 L5.practice_questions[3].text [HIGH] F21: the composed 1802 cartoon is removed; this section sets no source questions.
  ok   #97 L5.practice_questions[3].type [HIGH] F21: form label.
  ok   #98 L5.practice_questions[3].marks [HIGH] F21: mark scheme rebuilt.
  ok   #99 L5.practice_questions[4].text [HIGH] F20: converted to the 12-mark 'Explain why' form.
  ok   #100 L5.practice_questions[4].type [HIGH] F20: form label.
  ok   #101 L5.practice_questions[4].marks [HIGH] F20: mark scheme rebuilt.
  ok   #102 L5.practice_questions[5].text [MEDIUM] F23: the 16-mark question on this paper prints two prompts and asks for own knowledge.
  ok   #103 L5.knowledge_checks[3].q [MEDIUM] F19: the 1853 Act did not cover Scotland.
  ok   #104 L5.flashcard_questions[10].q [MEDIUM] F19: the 1853 Act did not cover Scotland.
  PATCH L5: content_html, practice_questions, knowledge_checks, flashcard_questions
  ok   #8 L6.content_html [MEDIUM] F22: decay was not 'called fermentation'; fermentation was the process he was asked to explain.
  ok   #105 L6.practice_questions[0].text [HIGH] F24: converted to the 12-mark 'Explain why' form.
  ok   #106 L6.practice_questions[0].type [HIGH] F24: form label.
  ok   #107 L6.practice_questions[0].marks [HIGH] F24: mark scheme rebuilt.
  ok   #108 L6.practice_questions[1].text [HIGH] F24: converted to the 4-mark similarity or difference form.
  ok   #109 L6.practice_questions[1].type [HIGH] F24: form label.
  ok   #110 L6.practice_questions[1].marks [HIGH] F24: mark scheme rebuilt.
  ok   #111 L6.practice_questions[2].text [HIGH] F24: converted from the 8-mark significance form.
  ok   #112 L6.practice_questions[2].type [HIGH] F24: form label.
  ok   #113 L6.practice_questions[2].marks [HIGH] F24: mark scheme rebuilt.
  ok   #114 L6.practice_questions[3].text [HIGH] F24: the composed French journal source is removed; this section sets no source questions.
  ok   #115 L6.practice_questions[3].type [HIGH] F24: form label.
  ok   #116 L6.practice_questions[3].marks [HIGH] F24: mark scheme rebuilt.
  ok   #117 L6.practice_questions[4].text [HIGH] F24: converted to the 12-mark 'Explain why' form.
  ok   #118 L6.practice_questions[4].type [HIGH] F24: form label.
  ok   #119 L6.practice_questions[4].marks [HIGH] F24: mark scheme rebuilt.
  ok   #120 L6.flashcard_questions[0].q [LOW] F27: gap-fill card rewritten as a substantive question.
  ok   #121 L6.flashcard_questions[0].a [LOW] F27: slash-separated answer replaced.
  PATCH L6: content_html, practice_questions, flashcard_questions
  ok   #9 L7.content_html [HIGH] F25: the Great Stink was a sewage stench, not a cholera outbreak.
  ok   #10 L7.content_html [LOW] F26: the definition was circular - cholera is caused by a bacterium carried in dirty water.
  ok   #122 L7.practice_questions[0].text [HIGH] F28: converted to the 4-mark similarity or difference form.
  ok   #123 L7.practice_questions[0].type [HIGH] F28: form label.
  ok   #124 L7.practice_questions[0].marks [HIGH] F28: mark scheme rebuilt.
  ok   #125 L7.practice_questions[1].text [HIGH] F28: converted to the 12-mark 'Explain why' form.
  ok   #126 L7.practice_questions[1].type [HIGH] F28: form label.
  ok   #127 L7.practice_questions[1].marks [HIGH] F28: mark scheme rebuilt.
  ok   #128 L7.practice_questions[2].text [HIGH] F28: converted from the 8-mark significance form.
  ok   #129 L7.practice_questions[2].type [HIGH] F28: form label.
  ok   #130 L7.practice_questions[2].marks [HIGH] F28: mark scheme rebuilt.
  ok   #131 L7.practice_questions[3].text [HIGH] F28: the composed Snow map source is removed; this section sets no source questions.
  ok   #132 L7.practice_questions[3].type [HIGH] F28: form label.
  ok   #133 L7.practice_questions[3].marks [HIGH] F28: mark scheme rebuilt.
  ok   #134 L7.practice_questions[4].text [HIGH] F28: converted to the 12-mark 'Explain why' form.
  ok   #135 L7.practice_questions[4].type [HIGH] F28: form label.
  ok   #136 L7.practice_questions[4].marks [HIGH] F28: mark scheme rebuilt.
  ok   #137 L7.glossary_terms[4].definition [HIGH] F25: the Great Stink was a sewage stench, not a cholera outbreak.
  ok   #138 L7.glossary_terms[1].definition [LOW] F26: circular definition corrected.
  PATCH L7: content_html, practice_questions, glossary_terms
  ok   #11 L8.description [LOW] F38: description was exactly 100 characters; the limit is under 100.
  ok   #139 L8.practice_questions[0].text [HIGH] F29: converted to the 12-mark 'Explain why' form this paper sets.
  ok   #140 L8.practice_questions[0].type [HIGH] F29: form label.
  ok   #141 L8.practice_questions[0].marks [HIGH] F29: mark scheme rebuilt for the 12-mark form.
  ok   #142 L8.practice_questions[1].text [HIGH] F29: converted to the 4-mark similarity or difference form.
  ok   #143 L8.practice_questions[1].type [HIGH] F29: form label.
  ok   #144 L8.practice_questions[1].marks [HIGH] F29: mark scheme rebuilt.
  ok   #145 L8.practice_questions[2].text [HIGH] F29: converted from the 8-mark significance form, which this paper does not set.
  ok   #146 L8.practice_questions[2].type [HIGH] F29: form label.
  ok   #147 L8.practice_questions[2].marks [HIGH] F29: mark scheme rebuilt.
  ok   #148 L8.practice_questions[3].text [HIGH] F30: the composed Florey letter is removed; this section sets no source questions.
  ok   #149 L8.practice_questions[3].type [HIGH] F30: form label.
  ok   #150 L8.practice_questions[3].marks [HIGH] F30: mark scheme rebuilt.
  ok   #151 L8.practice_questions[4].text [HIGH] F29: converted to the 12-mark 'Explain why' form.
  ok   #152 L8.practice_questions[4].type [HIGH] F29: form label.
  ok   #153 L8.practice_questions[4].marks [HIGH] F29: mark scheme rebuilt.
  PATCH L8: description, practice_questions
  ok   #12 L9.description [LOW] F39: description was exactly 100 characters; the limit is under 100.
  ok   #154 L9.practice_questions[0].text [HIGH] F31: converted to the 4-mark similarity or difference form.
  ok   #155 L9.practice_questions[0].type [HIGH] F31: form label.
  ok   #156 L9.practice_questions[0].marks [HIGH] F31: mark scheme rebuilt.
  ok   #157 L9.practice_questions[1].text [HIGH] F31: converted to the 12-mark 'Explain why' form.
  ok   #158 L9.practice_questions[1].type [HIGH] F31: form label.
  ok   #159 L9.practice_questions[1].marks [HIGH] F31: mark scheme rebuilt.
  ok   #160 L9.practice_questions[2].text [HIGH] F31: converted from the 8-mark significance form.
  ok   #161 L9.practice_questions[2].type [HIGH] F31: form label.
  ok   #162 L9.practice_questions[2].marks [HIGH] F31: mark scheme rebuilt.
  ok   #163 L9.practice_questions[3].text [HIGH] F32: the composed 2010 poster is removed; this section sets no source questions.
  ok   #164 L9.practice_questions[3].type [HIGH] F32: form label.
  ok   #165 L9.practice_questions[3].marks [HIGH] F32: mark scheme rebuilt.
  ok   #166 L9.practice_questions[4].text [HIGH] F31: converted to the 12-mark 'Explain why' form.
  ok   #167 L9.practice_questions[4].type [HIGH] F31: form label.
  ok   #168 L9.practice_questions[4].marks [HIGH] F31: mark scheme rebuilt.
  PATCH L9: description, practice_questions
  ok   #13 L10.content_html [MEDIUM] F35: the digging was done from 1916, largely by New Zealand tunnellers, not by the British Army in 1917.
  ok   #14 L10.exam_tip_html [MEDIUM] F36: the section also tests knowledge, and the three question forms and tariffs were not stated.
  ok   #169 L10.practice_questions[0].text [HIGH] F33: converted to the describe-two-features form this section sets.
  ok   #170 L10.practice_questions[0].type [HIGH] F33: form label.
  ok   #171 L10.practice_questions[0].marks [HIGH] F33: mark scheme rebuilt.
  ok   #172 L10.practice_questions[1].text [HIGH] F33: converted to the describe-two-features form.
  ok   #173 L10.practice_questions[1].type [HIGH] F33: form label.
  ok   #174 L10.practice_questions[1].marks [HIGH] F33: mark scheme rebuilt.
  ok   #175 L10.practice_questions[2].text [HIGH] F33: converted to the two-source usefulness form, with the composed sources labelled.
  ok   #176 L10.practice_questions[2].type [HIGH] F33: form label.
  ok   #177 L10.practice_questions[2].marks [HIGH] F33: mark scheme rebuilt.
  ok   #178 L10.practice_questions[3].text [HIGH] F34: converted to the follow-up form, with the composed source labelled.
  ok   #179 L10.practice_questions[3].type [HIGH] F34: form label.
  ok   #180 L10.practice_questions[3].marks [HIGH] F34: mark scheme rebuilt.
  ok   #181 L10.practice_questions[4].text [HIGH] F33: converted to the describe-two-features form.
  ok   #182 L10.practice_questions[4].type [HIGH] F33: form label.
  ok   #183 L10.practice_questions[4].marks [HIGH] F33: mark scheme rebuilt.
  ok   #184 L10.practice_questions[5].text [HIGH] F33: the 16-mark essay is replaced; the Western Front is examined only in the historic environment part of the
  ok   #185 L10.practice_questions[5].type [HIGH] F33: form label.
  ok   #186 L10.practice_questions[5].marks [HIGH] F33: mark scheme rebuilt.
  ok   #187 L10.flashcard_questions[9].q [LOW] F37: gap-fill card rewritten as a substantive question.
  ok   #188 L10.flashcard_questions[9].a [LOW] F37: slash-separated answer replaced.
  ok   #189 L10.flashcard_questions[10].q [MEDIUM] F35: the tunnels were dug and linked from 1916, so 'built in 1917' is wrong.
  PATCH L10: content_html, exam_tip_html, practice_questions, flashcard_questions
=== 190 applied, 0 skipped, 10 lessons / 31 fields changed
