
=== RE-NARRATION (changed narrated text only) ===
backup: C:\Users\tshau\Documents\Study Vault\scripts\_retrofc\units\computer-science-eduqas__hardware-and-systems\_backup.json
unit:   computer-science-eduqas / hardware-and-systems
run: 2026-09-06T10:17:08Z  mode: LIVE
  L05: fields edited but no narrated text changed -> skip

2 lessons, 3 clips to regenerate

  L02 (Ada)  Fetch-Decode-Execute and CPU Performance
      n35: Tasks that can be split into independent parallel chunks (e.g. rendering different sections of a 3D scene, run
             -> 343 KB, 29.3s, uploaded
      n36: FDE cycle questions often ask you to “describe what happens to each register during the fetch stage.” Make sur
             -> 402 KB, 34.3s, uploaded
      manifest updated (40 entries)
  L03 (Ollie)  Primary and Secondary Storage
      n31: This exam uses base-2 prefixes for storage calculations. The specification defines the storage units this way,
             -> 131 KB, 11.2s, uploaded
      manifest updated (40 entries)

Regenerated 3 clips.

=== VERIFY (ranged GET + freshness) ===
  206  L02 n35  bytes 0-3/351072  Last-Modified: Sun, 06 Sep 2026 10:17:16 GMT  mp3-sync=OK
  206  L02 n36  bytes 0-3/411552  Last-Modified: Sun, 06 Sep 2026 10:17:25 GMT  mp3-sync=OK
  206  L03 n31  bytes 0-3/134208  Last-Modified: Sun, 06 Sep 2026 10:17:28 GMT  mp3-sync=OK

3/3 clips verified HTTP 200/206 with fresh audio.
