=== APPLY EDITS religious-studies-edexcel/paper-2-catholic-christianity  31 edits  LIVE  2026-09-06T05:40:55.322Z
  ok   #0 L1.exam_tip_html [HIGH] F1: this board's 12-mark command word is Evaluate, not Discuss; the examiner claim is invented.
  ok   #1 L1.practice_questions[5].text [HIGH] F2: the 12-mark question uses Evaluate.
  ok   #2 L1.practice_questions[5].type [HIGH] F2: the 12-mark question uses Evaluate.
  ok   #3 L1.practice_questions[1].text [MEDIUM] F3: Describe is worth 4 marks in this spec; the 3-mark part is an Outline question.
  ok   #4 L1.practice_questions[1].type [MEDIUM] F3: Describe is worth 4 marks in this spec.
  PATCH L1: exam_tip_html, practice_questions
  ok   #5 L2.content_html [HIGH] F4: the Eastern Orthodox Church rejects purgatory.
  ok   #6 L2.conclusion_html [HIGH] F5: the Eastern Orthodox Church rejects purgatory.
  ok   #7 L2.knowledge_checks[1].q [HIGH] F6: as written, Eastern Orthodox is also a true answer, so the item marked a correct answer wrong.
  ok   #8 L2.practice_questions[5].marks [MEDIUM] F7: the mark scheme repeated the Orthodox error.
  ok   #9 L2.content_html [MEDIUM] F8: the spec sets John 3:10-21 for salvation and grace.
  ok   #10 L2.exam_tip_html [HIGH] F9: wrong command word plus an invented examiner claim.
  ok   #11 L2.practice_questions[5].text [HIGH] F10: the 12-mark question uses Evaluate.
  ok   #12 L2.practice_questions[5].type [HIGH] F10: the 12-mark question uses Evaluate.
  ok   #13 L2.practice_questions[1].text [MEDIUM] F11: Describe is worth 4 marks in this spec; the 3-mark part is an Outline question.
  ok   #14 L2.practice_questions[1].type [MEDIUM] F11: Describe is worth 4 marks in this spec.
  PATCH L2: content_html, conclusion_html, knowledge_checks, practice_questions, exam_tip_html
  ok   #15 L3.exam_tip_html [HIGH] F13: wrong command word plus an invented examiner claim.
  ok   #16 L3.content_html [MEDIUM] F14: invented examiner claim.
  ok   #17 L3.practice_questions[5].text [HIGH] F15: the 12-mark question uses Evaluate.
  ok   #18 L3.practice_questions[5].type [HIGH] F15: the 12-mark question uses Evaluate.
  ok   #19 L3.practice_questions[1].text [MEDIUM] F16: Describe is worth 4 marks in this spec; the 3-mark part is an Outline question.
  ok   #20 L3.practice_questions[1].type [MEDIUM] F16: Describe is worth 4 marks in this spec.
  PATCH L3: exam_tip_html, content_html, practice_questions
  ok   #21 L4.content_html [MEDIUM] F18: Catechism 2691 does not present pilgrimage as penance.
  ok   #22 L4.conclusion_html [MEDIUM] F19: Catechism 2691 does not present pilgrimage as penance.
  ok   #23 L4.content_html [HIGH] F20: Evangelii Gaudium does not contain 'existential peripheries'; paragraph 20 says 'peripheries'.
  ok   #24 L4.flashcard_questions[8].a [HIGH] F21: 'existential peripheries' is not in Evangelii Gaudium.
  ok   #25 L4.content_html [HIGH] F22: the 12-mark question uses Evaluate.
  ok   #26 L4.exam_tip_html [HIGH] F23: the 12-mark question uses Evaluate.
  ok   #27 L4.practice_questions[5].text [HIGH] F24: the 12-mark question uses Evaluate.
  ok   #28 L4.practice_questions[5].type [HIGH] F24: the 12-mark question uses Evaluate.
  ok   #29 L4.practice_questions[1].text [MEDIUM] F25: Describe is worth 4 marks in this spec; the 3-mark part is an Outline question.
  ok   #30 L4.practice_questions[1].type [MEDIUM] F25: Describe is worth 4 marks in this spec.
  PATCH L4: content_html, conclusion_html, flashcard_questions, exam_tip_html, practice_questions
=== 31 applied, 0 skipped, 4 lessons / 15 fields changed
