
=== RE-NARRATION (changed narrated text only) ===
backup: C:\Users\tshau\Documents\Study Vault\scripts\_retrofc\units\religious-studies-edexcel__paper-2-catholic-christianity\_backup.json
unit:   religious-studies-edexcel / paper-2-catholic-christianity
run: 2026-09-06T05:41:03Z  mode: LIVE

4 lessons, 12 clips to regenerate

  L01 (Ollie)  Catholic Beliefs: Trinity, Incarnation and Creation
      n19: For the 12-mark Evaluate question on this topic, you need both sides of a genuine debate — for example, “Belie
             -> 605 KB, 51.6s, uploaded
      manifest updated (23 entries)
  L02 (Ada)  Paschal Mystery, Salvation and Eschatology
      n7: Grace is God’s unearned gift — his very life shared with human beings. Catholics teach that it is through grac
             -> 295 KB, 25.2s, uploaded
      n17: Purgatory: Purgatory is a distinctively Catholic teaching. Orthodox Christians pray for the dead and accept an
             -> 287 KB, 24.5s, uploaded
      n20: Beliefs about the afterlife are flagged in the specification for comparison, so the 12-mark Evaluate question 
             -> 648 KB, 55.3s, uploaded
      n24: Catholic eschatology includes five ‘last things’ (resurrection, judgement, heaven, hell, purgatory); purgatory
             -> 152 KB, 12.9s, uploaded
      manifest updated (22 entries)
  L03 (Ollie)  Sacraments, the Mass and Catholic Prayer
      n9: The contrast you need to be able to make:
             -> 33 KB, 2.8s, uploaded
      n21: The worship comparison is a likely topic for the 12-mark Evaluate question. Develop Catholic liturgical worshi
             -> 554 KB, 47.3s, uploaded
      manifest updated (21 entries)
  L04 (Ada)  Pilgrimage, Catholic Social Teaching and Mission
      n2: Pilgrimage is a journey to a sacred place undertaken for spiritual purposes. The Catechism of the Catholic Chu
             -> 238 KB, 20.3s, uploaded
      n19: Evangelii Gaudium Chapter 5 sets out Pope Francis’s vision for missionary discipleship: every baptised Catholi
             -> 187 KB, 16.0s, uploaded
      n20a: Catholic thinking has sometimes separated ‘mission’ (proclaiming the Gospel in words) from ‘social action’ (se
             -> 447 KB, 38.1s, uploaded
      n21: For a 12-mark Evaluate question on Catholic Social Teaching or mission, build both sides from named sources. F
             -> 632 KB, 53.9s, uploaded
      n23: Catholic pilgrimage sites include Jerusalem, Lourdes, Rome and Walsingham; CCC 2691–2696 presents pilgrimage a
             -> 143 KB, 12.2s, uploaded
      manifest updated (23 entries)

Regenerated 12 clips.

=== VERIFY (ranged GET + freshness) ===
  206  L01 n19  bytes 0-3/619488  Last-Modified: Sun, 06 Sep 2026 05:41:21 GMT  mp3-sync=OK
  206  L02 n7  bytes 0-3/302112  Last-Modified: Sun, 06 Sep 2026 05:41:37 GMT  mp3-sync=OK
  206  L02 n17  bytes 0-3/293760  Last-Modified: Sun, 06 Sep 2026 05:41:50 GMT  mp3-sync=OK
  206  L02 n20  bytes 0-3/663552  Last-Modified: Sun, 06 Sep 2026 05:42:06 GMT  mp3-sync=OK
  206  L02 n24  bytes 0-3/155232  Last-Modified: Sun, 06 Sep 2026 05:42:10 GMT  mp3-sync=OK
  206  L03 n9  bytes 0-3/33696  Last-Modified: Sun, 06 Sep 2026 05:42:13 GMT  mp3-sync=OK
  206  L03 n21  bytes 0-3/567648  Last-Modified: Sun, 06 Sep 2026 05:42:23 GMT  mp3-sync=OK
  206  L04 n2  bytes 0-3/243360  Last-Modified: Sun, 06 Sep 2026 05:42:29 GMT  mp3-sync=OK
  206  L04 n19  bytes 0-3/191520  Last-Modified: Sun, 06 Sep 2026 05:42:34 GMT  mp3-sync=OK
  206  L04 n20a  bytes 0-3/457344  Last-Modified: Sun, 06 Sep 2026 05:42:42 GMT  mp3-sync=OK
  206  L04 n21  bytes 0-3/646848  Last-Modified: Sun, 06 Sep 2026 05:42:53 GMT  mp3-sync=OK
  206  L04 n23  bytes 0-3/146880  Last-Modified: Sun, 06 Sep 2026 05:42:58 GMT  mp3-sync=OK

12/12 clips verified HTTP 200/206 with fresh audio.
