=== APPLY EDITS religious-studies/christianity-beliefs  38 edits  LIVE  2026-09-18T10:09:29.457Z
  ok   #0 L1.content_html [MEDIUM] F1: Hume set out the problem of evil but did not coin 'inconsistent triad'.
  ok   #1 L1.content_html [MEDIUM] F2: the exam board must not be named in student-facing text.
  ok   #2 L1.practice_questions[1].text [MEDIUM] F3: the 1-mark short question asks for one point, not three.
  ok   #3 L1.practice_questions[1].marks [MEDIUM] F3: mark note matched to a 1-mark answer.
  ok   #4 L1.practice_questions[4].marks [MEDIUM] F1+F4: Hume attribution corrected; band ladder in house wording (banned 'Level 2' removed).
  ok   #5 L1.flashcard_questions[3].q [MEDIUM] F5: generator cloze card replaced with a usable question.
  ok   #6 L1.flashcard_questions[3].a [MEDIUM] F5: answer matched to the new question.
  ok   #7 L1.flashcard_questions[4].q [MEDIUM] F5: broken cloze card (stray space before the comma) replaced.
  ok   #8 L1.flashcard_questions[4].a [MEDIUM] F5: answer matched to the new question.
  PATCH L1: content_html, practice_questions, flashcard_questions
  ok   #9 L2.content_html [LOW] F6: broken capitalisation and stray space before the comma.
  ok   #10 L2.content_html [MEDIUM] F7: the exam board must not be named in student-facing text.
  ok   #11 L2.practice_questions[1].text [MEDIUM] F8: the 1-mark short question asks for one point, not two.
  ok   #12 L2.practice_questions[1].marks [MEDIUM] F8: mark note matched to a 1-mark answer.
  ok   #13 L2.practice_questions[4].marks [MEDIUM] F9: band ladder in house wording (banned 'Level 2' removed).
  PATCH L2: content_html, practice_questions
  ok   #14 L3.content_html [MEDIUM] F11: the Nicene Creed reads 'at the right hand of the Father'.
  ok   #15 L3.practice_questions[4].marks [MEDIUM] F12: band ladder in house wording (banned 'Level 2' removed).
  ok   #16 L3.flashcard_questions[3].q [MEDIUM] F13: card carried the mangled answer 'Jesusrsquos'.
  ok   #17 L3.flashcard_questions[3].a [MEDIUM] F13: mangled entity answer replaced.
  ok   #18 L3.flashcard_questions[4].q [MEDIUM] F13: card repeated the crucifixion answer and restated itself.
  ok   #19 L3.flashcard_questions[4].a [MEDIUM] F13: duplicate answer within the deck removed.
  PATCH L3: content_html, practice_questions, flashcard_questions
  ok   #20 L4.content_html [LOW] F14: sentence began with a lower-case word.
  ok   #21 L4.exam_tip_html [MEDIUM] F15: banned band names replaced with house wording.
  ok   #22 L4.practice_questions[4].marks [MEDIUM] F16: band ladder in house wording (banned 'Level 2' removed).
  ok   #23 L4.flashcard_questions[3].q [MEDIUM] F17: the key-fact label had leaked into the card question.
  ok   #24 L4.flashcard_questions[3].a [MEDIUM] F17: answer matched to the new question.
  PATCH L4: content_html, exam_tip_html, practice_questions, flashcard_questions
  ok   #25 L5.content_html [MEDIUM] F19: John 3:16 was paraphrased; restored to the standard text used in lesson 1.
  ok   #26 L5.content_html [LOW] F20: broken nested quotation marks around the John 6:47 quote.
  ok   #27 L5.content_html [LOW] F21: 1 Corinthians 15:21 word order corrected to the quoted text.
  ok   #28 L5.content_html [LOW] F22: sentence began with a lower-case word.
  ok   #29 L5.content_html [LOW] F24: broken sentence in the revision tip.
  ok   #30 L5.content_html [MEDIUM] F23: a plain definition was wrapped in quotation marks and set as a quote to memorise.
  ok   #31 L5.exam_tip_html [HIGH] F25: there is no 5-mark question; the five parts are 1, 1, 4, 6 and 12 marks.
  ok   #32 L5.practice_questions[1].text [MEDIUM] F26: grammar ('one consequences').
  ok   #33 L5.practice_questions[1].marks [MEDIUM] F26: the note asked for two points on a 1-mark question and used a board rubric phrase.
  ok   #34 L5.practice_questions[3].marks [MEDIUM] F27: both quotations in the model answer were paraphrases.
  ok   #35 L5.practice_questions[5].marks [MEDIUM] F28: band ladder in house wording (banned 'Level 2' and the 0-mark rubric removed).
  ok   #36 L5.flashcard_questions[3].q [MEDIUM] F29: broken cloze card with an unclosed quotation mark.
  ok   #37 L5.flashcard_questions[3].a [MEDIUM] F29: answer matched to the new question.
  PATCH L5: content_html, exam_tip_html, practice_questions, flashcard_questions
=== 38 applied, 0 skipped, 5 lessons / 16 fields changed
