
=== RE-NARRATION (changed narrated text only) ===
backup: C:\Users\tshau\Documents\Study Vault\scripts\_retrofc\units\religious-studies@unity__christianity-beliefs\_backup.json
unit:   religious-studies / christianity-beliefs
run: 2026-09-18T10:09:32Z  mode: LIVE

5 lessons, 13 clips to regenerate

  L01 (Ollie)  The Nature of God & the Trinity
      n3: The Nicene Creed, recited by Christians worldwide, opens with the words: “We believe in One God.” Christians b
             -> 233 KB, 19.9s, uploaded
      n17: The problem can be stated simply: if God is loving , he would want to stop suffering; if God is powerful , he 
             -> 282 KB, 24.1s, uploaded
      manifest updated (35 entries)
  L02 (Ada)  Creation, the Afterlife & Judgement
      n2: Christians believe God created the entire universe. The two main biblical accounts of creation are found in Ge
             -> 195 KB, 16.7s, uploaded
      n11: Christians disagree about how to interpret the creation accounts. The exam expects you to understand these dif
             -> 92 KB, 7.8s, uploaded
      manifest updated (34 entries)
  L03 (Ollie)  Incarnation, Crucifixion & Resurrection
      n25: The ascension is significant because it shows Jesus’s mission on Earth was complete. He returned to the Father
             -> 309 KB, 26.4s, uploaded
      manifest updated (31 entries)
  L04 (Ada)  Sin, Salvation & Atonement
      n12: The specification names three means of salvation: law , grace and Spirit . Different Christian traditions emph
             -> 108 KB, 9.2s, uploaded
      n30: For 12-mark evaluation questions on salvation, you will often need to discuss whether faith or works (or both)
             -> 342 KB, 29.2s, uploaded
      manifest updated (34 entries)
  L05 (Ollie)  Sin and Salvation
      n10: Key Fact . Original sin means the first sin of Adam and Eve. They disobeyed God by eating fruit from the forbi
             -> 143 KB, 12.2s, uploaded
      n15: The specification names several means of salvation: law, grace , and the Holy Spirit. Different Christian trad
             -> 119 KB, 10.2s, uploaded
      n17: Grace: Grace is God’s unconditional love and favour, given freely to humans without them needing to earn it. M
             -> 323 KB, 27.6s, uploaded
      n20: Salvation by faith (grace): Other Christians, particularly Protestants, believe that salvation comes through f
             -> 279 KB, 23.8s, uploaded
      n24: Key Fact . “For since death came through a man, the resurrection of the dead comes also through a man. For as 
             -> 174 KB, 14.9s, uploaded
      n28: When answering questions on sin and salvation, always explain the connection between the two concepts — sin is
             -> 356 KB, 30.4s, uploaded
      manifest updated (32 entries)

Regenerated 13 clips.

=== VERIFY (ranged GET + freshness) ===
  206  L01 n3  bytes 0-3/238176  Last-Modified: Fri, 18 Sep 2026 10:09:40 GMT  mp3-sync=OK
  206  L01 n17  bytes 0-3/289152  Last-Modified: Fri, 18 Sep 2026 10:09:41 GMT  mp3-sync=OK
  206  L02 n2  bytes 0-3/199872  Last-Modified: Fri, 18 Sep 2026 10:09:42 GMT  mp3-sync=OK
  206  L02 n11  bytes 0-3/94176  Last-Modified: Fri, 18 Sep 2026 10:09:44 GMT  mp3-sync=OK
  206  L03 n25  bytes 0-3/316800  Last-Modified: Fri, 18 Sep 2026 10:09:45 GMT  mp3-sync=OK
  206  L04 n12  bytes 0-3/110304  Last-Modified: Fri, 18 Sep 2026 10:09:46 GMT  mp3-sync=OK
  206  L04 n30  bytes 0-3/349920  Last-Modified: Fri, 18 Sep 2026 10:09:48 GMT  mp3-sync=OK
  206  L05 n10  bytes 0-3/146592  Last-Modified: Fri, 18 Sep 2026 10:09:51 GMT  mp3-sync=OK
  206  L05 n15  bytes 0-3/122112  Last-Modified: Fri, 18 Sep 2026 10:09:54 GMT  mp3-sync=OK
  206  L05 n17  bytes 0-3/330624  Last-Modified: Fri, 18 Sep 2026 10:09:58 GMT  mp3-sync=OK
  206  L05 n20  bytes 0-3/285408  Last-Modified: Fri, 18 Sep 2026 10:10:03 GMT  mp3-sync=OK
  206  L05 n24  bytes 0-3/178560  Last-Modified: Fri, 18 Sep 2026 10:10:07 GMT  mp3-sync=OK
  206  L05 n28  bytes 0-3/364320  Last-Modified: Fri, 18 Sep 2026 10:10:12 GMT  mp3-sync=OK

13/13 clips verified HTTP 200/206 with fresh audio.
