=== APPLY EDITS english-literature-ocr/pride-and-prejudice  122 edits  LIVE  2026-09-02T19:36:58.251Z
  ok   #0 L1.content_html [MEDIUM] F1: house rule bans spec codes in lesson text.
  ok   #21 L1.flashcard_questions[0].q [LOW] F10: a one-word answer needs a What is / Who was / When / Name stem.
  ok   #22 L1.flashcard_questions[1].a [LOW] F10: one-word answer expanded.
  ok   #26 L1.practice_questions[0].type [MEDIUM] F11: this is the 19th-century prose question, not a Shakespeare essay.
  ok   #27 L1.practice_questions[0].marks [MEDIUM] F12: ladder rescaled to five equal house bands over the real 40-mark total.
  ok   #28 L1.practice_questions[1].type [MEDIUM] F11: this is the 19th-century prose question, not a Shakespeare essay.
  ok   #29 L1.practice_questions[1].marks [MEDIUM] F12: ladder rescaled to five equal house bands over the real 40-mark total.
  ok   #30 L1.practice_questions[2].type [MEDIUM] F11: this is the 19th-century prose question, not a Shakespeare essay.
  ok   #31 L1.practice_questions[2].marks [MEDIUM] F12: ladder rescaled to five equal house bands over the real 40-mark total.
  ok   #32 L1.practice_questions[3].type [MEDIUM] F11: this is the 19th-century prose question, not a Shakespeare essay.
  ok   #33 L1.practice_questions[3].marks [MEDIUM] F12: ladder rescaled to five equal house bands over the real 40-mark total.
  ok   #34 L1.practice_questions[4].type [MEDIUM] F11: this is the 19th-century prose question, not a Shakespeare essay.
  ok   #35 L1.practice_questions[4].marks [MEDIUM] F12: ladder rescaled to five equal house bands over the real 40-mark total.
  ok   #36 L1.practice_questions[5].type [MEDIUM] F11: this is the 19th-century prose question, not a Shakespeare essay.
  ok   #37 L1.practice_questions[5].marks [MEDIUM] F12: ladder rescaled to five equal house bands over the real 40-mark total.
  PATCH L1: content_html, flashcard_questions, practice_questions
  ok   #1 L2.content_html [MEDIUM] F2: these embarrassments happen at the Netherfield ball (ch.18), not the Meryton assembly (ch.3).
  ok   #23 L2.flashcard_questions[1].a [LOW] F10: one-word answer expanded.
  ok   #24 L2.flashcard_questions[2].a [LOW] F10: one-word answer expanded.
  ok   #38 L2.practice_questions[0].type [MEDIUM] F11: this is the 19th-century prose question, not a Shakespeare essay.
  ok   #39 L2.practice_questions[0].marks [MEDIUM] F12: ladder rescaled to five equal house bands over the real 40-mark total.
  ok   #40 L2.practice_questions[1].type [MEDIUM] F11: this is the 19th-century prose question, not a Shakespeare essay.
  ok   #41 L2.practice_questions[1].marks [MEDIUM] F12: ladder rescaled to five equal house bands over the real 40-mark total.
  ok   #42 L2.practice_questions[2].type [MEDIUM] F11: this is the 19th-century prose question, not a Shakespeare essay.
  ok   #43 L2.practice_questions[2].marks [MEDIUM] F12: ladder rescaled to five equal house bands over the real 40-mark total.
  ok   #44 L2.practice_questions[3].type [MEDIUM] F11: this is the 19th-century prose question, not a Shakespeare essay.
  ok   #45 L2.practice_questions[3].marks [MEDIUM] F12: ladder rescaled to five equal house bands over the real 40-mark total.
  ok   #46 L2.practice_questions[4].type [MEDIUM] F11: this is the 19th-century prose question, not a Shakespeare essay.
  ok   #47 L2.practice_questions[4].marks [MEDIUM] F12: ladder rescaled to five equal house bands over the real 40-mark total.
  ok   #48 L2.practice_questions[5].type [MEDIUM] F11: this is the 19th-century prose question, not a Shakespeare essay.
  ok   #49 L2.practice_questions[5].marks [MEDIUM] F12: ladder rescaled to five equal house bands over the real 40-mark total.
  PATCH L2: content_html, flashcard_questions, practice_questions
  ok   #2 L3.knowledge_checks[2].q [MEDIUM] F3: Austen writes 'In vain have I struggled' (ch.34). Answer stays 'vain'.
  ok   #3 L3.flashcard_questions[9].a [MEDIUM] F3: word order corrected to the text.
  ok   #25 L3.flashcard_questions[4].a [LOW] F10: one-word answer expanded.
  ok   #50 L3.practice_questions[0].type [MEDIUM] F11: this is the 19th-century prose question, not a Shakespeare essay.
  ok   #51 L3.practice_questions[0].marks [MEDIUM] F12: ladder rescaled to five equal house bands over the real 40-mark total.
  ok   #52 L3.practice_questions[1].type [MEDIUM] F11: this is the 19th-century prose question, not a Shakespeare essay.
  ok   #53 L3.practice_questions[1].marks [MEDIUM] F12: ladder rescaled to five equal house bands over the real 40-mark total.
  ok   #54 L3.practice_questions[2].type [MEDIUM] F11: this is the 19th-century prose question, not a Shakespeare essay.
  ok   #55 L3.practice_questions[2].marks [MEDIUM] F12: ladder rescaled to five equal house bands over the real 40-mark total.
  ok   #56 L3.practice_questions[3].type [MEDIUM] F11: this is the 19th-century prose question, not a Shakespeare essay.
  ok   #57 L3.practice_questions[3].marks [MEDIUM] F12: ladder rescaled to five equal house bands over the real 40-mark total.
  ok   #58 L3.practice_questions[4].type [MEDIUM] F11: this is the 19th-century prose question, not a Shakespeare essay.
  ok   #59 L3.practice_questions[4].marks [MEDIUM] F12: ladder rescaled to five equal house bands over the real 40-mark total.
  ok   #60 L3.practice_questions[5].type [MEDIUM] F11: this is the 19th-century prose question, not a Shakespeare essay.
  ok   #61 L3.practice_questions[5].marks [MEDIUM] F12: ladder rescaled to five equal house bands over the real 40-mark total.
  PATCH L3: knowledge_checks, flashcard_questions, practice_questions
  ok   #4 L4.content_html [MEDIUM] F4: silent elision of 'in my own opinion' (ch.56).
  ok   #5 L4.flashcard_questions[12].a [MEDIUM] F4: restores the words Austen wrote (ch.56).
  ok   #62 L4.practice_questions[0].type [MEDIUM] F11: this is the 19th-century prose question, not a Shakespeare essay.
  ok   #63 L4.practice_questions[0].marks [MEDIUM] F12: ladder rescaled to five equal house bands over the real 40-mark total.
  ok   #64 L4.practice_questions[1].type [MEDIUM] F11: this is the 19th-century prose question, not a Shakespeare essay.
  ok   #65 L4.practice_questions[1].marks [MEDIUM] F12: ladder rescaled to five equal house bands over the real 40-mark total.
  ok   #66 L4.practice_questions[2].type [MEDIUM] F11: this is the 19th-century prose question, not a Shakespeare essay.
  ok   #67 L4.practice_questions[2].marks [MEDIUM] F12: ladder rescaled to five equal house bands over the real 40-mark total.
  ok   #68 L4.practice_questions[3].type [MEDIUM] F11: this is the 19th-century prose question, not a Shakespeare essay.
  ok   #69 L4.practice_questions[3].marks [MEDIUM] F12: ladder rescaled to five equal house bands over the real 40-mark total.
  ok   #70 L4.practice_questions[4].type [MEDIUM] F11: this is the 19th-century prose question, not a Shakespeare essay.
  ok   #71 L4.practice_questions[4].marks [MEDIUM] F12: ladder rescaled to five equal house bands over the real 40-mark total.
  ok   #72 L4.practice_questions[5].type [MEDIUM] F11: this is the 19th-century prose question, not a Shakespeare essay.
  ok   #73 L4.practice_questions[5].marks [MEDIUM] F12: ladder rescaled to five equal house bands over the real 40-mark total.
  PATCH L4: content_html, flashcard_questions, practice_questions
  ok   #8 L5.content_html [HIGH] F5: 'I am heartily ashamed of myself' is not in the novel; the nearest 'heartily ashamed' line is Darcy's in c
  ok   #9 L5.flashcard_questions[4].a [HIGH] F5: Mr Bennet's real admission, ch.48.
  ok   #10 L5.content_html [HIGH] F6: Lady Catherine says it to Elizabeth, not about the family (ch.56).
  ok   #11 L5.flashcard_questions[7].q [HIGH] F6: the insult is aimed at Elizabeth alone.
  ok   #12 L5.flashcard_questions[7].a [HIGH] F6: full wording from ch.56.
  ok   #13 L5.content_html [HIGH] F7: 'an eagerness that had nothing of pride or resentment about it' appears nowhere in the novel.
  ok   #14 L5.knowledge_checks[2].q [HIGH] F7: the stem quoted an invented line. Answer stays 'pride'.
  ok   #15 L5.flashcard_questions[11].a [HIGH] F7: replaces the invented quotation with Darcy's real words (ch.58).
  ok   #16 L5.exam_tip_html [MEDIUM] F7: 'against his will' is Elizabeth's 'against your will' (ch.34); 'eagerness' is not Austen's word.
  ok   #74 L5.practice_questions[0].type [MEDIUM] F11: this is the 19th-century prose question, not a Shakespeare essay.
  ok   #75 L5.practice_questions[0].marks [MEDIUM] F12: ladder rescaled to five equal house bands over the real 40-mark total.
  ok   #76 L5.practice_questions[1].type [MEDIUM] F11: this is the 19th-century prose question, not a Shakespeare essay.
  ok   #77 L5.practice_questions[1].marks [MEDIUM] F12: ladder rescaled to five equal house bands over the real 40-mark total.
  ok   #78 L5.practice_questions[2].type [MEDIUM] F11: this is the 19th-century prose question, not a Shakespeare essay.
  ok   #79 L5.practice_questions[2].marks [MEDIUM] F12: ladder rescaled to five equal house bands over the real 40-mark total.
  ok   #80 L5.practice_questions[3].type [MEDIUM] F11: this is the 19th-century prose question, not a Shakespeare essay.
  ok   #81 L5.practice_questions[3].marks [MEDIUM] F12: ladder rescaled to five equal house bands over the real 40-mark total.
  ok   #82 L5.practice_questions[4].type [MEDIUM] F11: this is the 19th-century prose question, not a Shakespeare essay.
  ok   #83 L5.practice_questions[4].marks [MEDIUM] F12: ladder rescaled to five equal house bands over the real 40-mark total.
  ok   #84 L5.practice_questions[5].type [MEDIUM] F11: this is the 19th-century prose question, not a Shakespeare essay.
  ok   #85 L5.practice_questions[5].marks [MEDIUM] F12: ladder rescaled to five equal house bands over the real 40-mark total.
  PATCH L5: content_html, flashcard_questions, knowledge_checks, exam_tip_html, practice_questions
  ok   #86 L6.practice_questions[0].type [MEDIUM] F11: this is the 19th-century prose question, not a Shakespeare essay.
  ok   #87 L6.practice_questions[0].marks [MEDIUM] F12: ladder rescaled to five equal house bands over the real 40-mark total.
  ok   #88 L6.practice_questions[1].type [MEDIUM] F11: this is the 19th-century prose question, not a Shakespeare essay.
  ok   #89 L6.practice_questions[1].marks [MEDIUM] F12: ladder rescaled to five equal house bands over the real 40-mark total.
  ok   #90 L6.practice_questions[2].type [MEDIUM] F11: this is the 19th-century prose question, not a Shakespeare essay.
  ok   #91 L6.practice_questions[2].marks [MEDIUM] F12: ladder rescaled to five equal house bands over the real 40-mark total.
  ok   #92 L6.practice_questions[3].type [MEDIUM] F11: this is the 19th-century prose question, not a Shakespeare essay.
  ok   #93 L6.practice_questions[3].marks [MEDIUM] F12: ladder rescaled to five equal house bands over the real 40-mark total.
  ok   #94 L6.practice_questions[4].type [MEDIUM] F11: this is the 19th-century prose question, not a Shakespeare essay.
  ok   #95 L6.practice_questions[4].marks [MEDIUM] F12: ladder rescaled to five equal house bands over the real 40-mark total.
  ok   #96 L6.practice_questions[5].type [MEDIUM] F11: this is the 19th-century prose question, not a Shakespeare essay.
  ok   #97 L6.practice_questions[5].marks [MEDIUM] F12: ladder rescaled to five equal house bands over the real 40-mark total.
  PATCH L6: practice_questions
  ok   #6 L7.content_html [MEDIUM] F4: same elision in this lesson.
  ok   #7 L7.flashcard_questions[7].a [MEDIUM] F4: same elision in this lesson.
  ok   #17 L7.content_html [LOW] F8: Mary's distinction (ch.5) is about whose opinion counts, not about pride being justified.
  ok   #98 L7.practice_questions[0].type [MEDIUM] F11: this is the 19th-century prose question, not a Shakespeare essay.
  ok   #99 L7.practice_questions[0].marks [MEDIUM] F12: ladder rescaled to five equal house bands over the real 40-mark total.
  ok   #100 L7.practice_questions[1].type [MEDIUM] F11: this is the 19th-century prose question, not a Shakespeare essay.
  ok   #101 L7.practice_questions[1].marks [MEDIUM] F12: ladder rescaled to five equal house bands over the real 40-mark total.
  ok   #102 L7.practice_questions[2].type [MEDIUM] F11: this is the 19th-century prose question, not a Shakespeare essay.
  ok   #103 L7.practice_questions[2].marks [MEDIUM] F12: ladder rescaled to five equal house bands over the real 40-mark total.
  ok   #104 L7.practice_questions[3].type [MEDIUM] F11: this is the 19th-century prose question, not a Shakespeare essay.
  ok   #105 L7.practice_questions[3].marks [MEDIUM] F12: ladder rescaled to five equal house bands over the real 40-mark total.
  ok   #106 L7.practice_questions[4].type [MEDIUM] F11: this is the 19th-century prose question, not a Shakespeare essay.
  ok   #107 L7.practice_questions[4].marks [MEDIUM] F12: ladder rescaled to five equal house bands over the real 40-mark total.
  ok   #108 L7.practice_questions[5].type [MEDIUM] F11: this is the 19th-century prose question, not a Shakespeare essay.
  ok   #109 L7.practice_questions[5].marks [MEDIUM] F12: ladder rescaled to five equal house bands over the real 40-mark total.
  PATCH L7: content_html, flashcard_questions, practice_questions
  ok   #18 L8.content_html [HIGH] F9: AO4 (spelling, punctuation and grammar) is assessed on this question. The format facts are known, so the h
  ok   #19 L8.content_html [HIGH] F9: four objectives are tested on this question, not three.
  ok   #20 L8.content_html [HIGH] F9: adds the AO4 marks students were not told about.
  ok   #110 L8.practice_questions[0].type [MEDIUM] F11: this is the 19th-century prose question, not a Shakespeare essay.
  ok   #111 L8.practice_questions[0].marks [MEDIUM] F12: ladder rescaled to five equal house bands over the real 40-mark total.
  ok   #112 L8.practice_questions[1].type [MEDIUM] F11: this is the 19th-century prose question, not a Shakespeare essay.
  ok   #113 L8.practice_questions[1].marks [MEDIUM] F12: ladder rescaled to five equal house bands over the real 40-mark total.
  ok   #114 L8.practice_questions[2].type [MEDIUM] F11: this is the 19th-century prose question, not a Shakespeare essay.
  ok   #115 L8.practice_questions[2].marks [MEDIUM] F12: ladder rescaled to five equal house bands over the real 40-mark total.
  ok   #116 L8.practice_questions[3].type [MEDIUM] F11: this is the 19th-century prose question, not a Shakespeare essay.
  ok   #117 L8.practice_questions[3].marks [MEDIUM] F12: ladder rescaled to five equal house bands over the real 40-mark total.
  ok   #118 L8.practice_questions[4].type [MEDIUM] F11: this is the 19th-century prose question, not a Shakespeare essay.
  ok   #119 L8.practice_questions[4].marks [MEDIUM] F12: ladder rescaled to five equal house bands over the real 40-mark total.
  ok   #120 L8.practice_questions[5].type [MEDIUM] F11: this is the 19th-century prose question, not a Shakespeare essay.
  ok   #121 L8.practice_questions[5].marks [MEDIUM] F12: ladder rescaled to five equal house bands over the real 40-mark total.
  PATCH L8: content_html, practice_questions
=== 122 applied, 0 skipped, 8 lessons / 23 fields changed
