
=== RE-NARRATION (changed narrated text only) ===
backup: C:\Users\tshau\Documents\Study Vault\scripts\_retrofc\units\english-literature-ocr__pride-and-prejudice\_backup.json
unit:   english-literature-ocr / pride-and-prejudice
run: 2026-09-02T19:37:04Z  mode: LIVE
  L03: no narrated field changed -> skip
  L06: no narrated field changed -> skip

6 lessons, 11 clips to regenerate

  L01 (Ollie)  Context: Regency Society
      n3: In the exam, context (AO3) must be embedded within analysis. Austen’s world is one of strict hierarchy, where 
             -> 202 KB, 17.2s, uploaded
      manifest updated (15 entries)
  L02 (Ada)  The Assembly & First Impressions
      n7: Later, at the Netherfield ball, Mrs Bennet loudly boasts about Jane’s prospects, Lydia and Kitty flirt with of
             -> 293 KB, 25.0s, uploaded
      manifest updated (17 entries)
  L04 (Ada)  Pemberley & Changed Perceptions
      n11: Lady Catherine storms to Longbourn to demand that Elizabeth refuse Darcy. Her language reveals pure class snob
             -> 316 KB, 27.0s, uploaded
      manifest updated (17 entries)
  L05 (Ollie)  Resolution & Marriage
      n3: Wickham has no intention of marrying Lydia — she has no fortune. The elopement exposes his true character as a
             -> 259 KB, 22.1s, uploaded
      n8: Lady Catherine arrives at Longbourn to demand Elizabeth promise never to accept Darcy. She calls Elizabeth an 
             -> 398 KB, 34.0s, uploaded
      n10: Darcy proposes again during a walk near Longbourn. His tone is entirely changed: “My affections and wishes are
             -> 302 KB, 25.8s, uploaded
      n16: When comparing the two proposals, focus on specific language changes. First proposal: ‘degradation,’ ‘against 
             -> 278 KB, 23.7s, uploaded
      manifest updated (20 entries)
  L07 (Ollie)  Irony & Narrative Voice
      n4: Key Fact . Mary states “vanity and pride are different things” — pride is what we think of ourselves, vanity i
             -> 188 KB, 16.0s, uploaded
      n8: Lady Catherine demands Elizabeth refuse Darcy: “Are the shades of Pemberley to be thus polluted?” The metaphor
             -> 229 KB, 19.5s, uploaded
      manifest updated (17 entries)
  L08 (Ada)  Key Themes & Exam Technique
      n2: The Pride and Prejudice question is the 19th-century prose question, worth 40 marks. It assesses AO1, AO2, AO3
             -> 282 KB, 24.1s, uploaded
      n4: Key Fact . AO1 = ideas and textual references. AO2 = analysis of methods and effects. AO3 = understanding of c
             -> 266 KB, 22.7s, uploaded
      manifest updated (17 entries)

Regenerated 11 clips.

=== VERIFY (ranged GET + freshness) ===
  206  L01 n3  bytes 0-3/206496  Last-Modified: Wed, 02 Sep 2026 19:37:09 GMT  mp3-sync=OK
  206  L02 n7  bytes 0-3/300096  Last-Modified: Wed, 02 Sep 2026 19:37:14 GMT  mp3-sync=OK
  206  L04 n11  bytes 0-3/324000  Last-Modified: Wed, 02 Sep 2026 19:37:20 GMT  mp3-sync=OK
  206  L05 n3  bytes 0-3/264960  Last-Modified: Wed, 02 Sep 2026 19:37:25 GMT  mp3-sync=OK
  206  L05 n8  bytes 0-3/407808  Last-Modified: Wed, 02 Sep 2026 19:37:31 GMT  mp3-sync=OK
  206  L05 n10  bytes 0-3/309312  Last-Modified: Wed, 02 Sep 2026 19:37:36 GMT  mp3-sync=OK
  206  L05 n16  bytes 0-3/284832  Last-Modified: Wed, 02 Sep 2026 19:37:41 GMT  mp3-sync=OK
  206  L07 n4  bytes 0-3/192096  Last-Modified: Wed, 02 Sep 2026 19:37:45 GMT  mp3-sync=OK
  206  L07 n8  bytes 0-3/234432  Last-Modified: Wed, 02 Sep 2026 19:37:48 GMT  mp3-sync=OK
  206  L08 n2  bytes 0-3/288576  Last-Modified: Wed, 02 Sep 2026 19:37:54 GMT  mp3-sync=OK
  206  L08 n4  bytes 0-3/272160  Last-Modified: Wed, 02 Sep 2026 19:37:59 GMT  mp3-sync=OK

11/11 clips verified HTTP 200/206 with fresh audio.
