=== APPLY EDITS religious-studies-aqa/judaism-beliefs  18 edits  LIVE  2026-09-06T05:17:54.584Z
  ok   #1 L1.practice_questions[2].text [MEDIUM] F2: the paper sets no 2-mark question; the short-answer part is 1 mark for one item.
  ok   #2 L1.practice_questions[2].type [MEDIUM] F2: marks corrected to the 1, 1, 4, 6, 12 structure.
  ok   #3 L1.practice_questions[2].marks [MEDIUM] F2: mark scheme matched to the 1-mark form.
  PATCH L1: practice_questions
  ok   #4 L2.practice_questions[2].text [MEDIUM] F8: the mark scheme awards development marks, so the command word must be 'Explain'.
  ok   #5 L2.practice_questions[5].text [MEDIUM] F3: the paper sets no 2-mark question; the short-answer part is 1 mark for one item.
  ok   #6 L2.practice_questions[5].type [MEDIUM] F3: marks corrected to the 1, 1, 4, 6, 12 structure.
  ok   #7 L2.practice_questions[5].marks [MEDIUM] F3: mark scheme matched to the 1-mark form.
  PATCH L2: practice_questions
  ok   #0 L3.content_html [HIGH] F1: the four/six split with honouring parents among duties to other people is the Christian enumeration. Jewis
  ok   #8 L3.practice_questions[2].text [MEDIUM] F4: the paper sets no 2-mark question; the short-answer part is 1 mark for one item.
  ok   #9 L3.practice_questions[2].type [MEDIUM] F4: marks corrected to the 1, 1, 4, 6, 12 structure.
  ok   #10 L3.practice_questions[2].marks [MEDIUM] F4: mark scheme matched to the 1-mark form.
  PATCH L3: content_html, practice_questions
  ok   #11 L4.practice_questions[2].text [MEDIUM] F5: the paper sets no 2-mark question; the short-answer part is 1 mark for one item.
  ok   #12 L4.practice_questions[2].type [MEDIUM] F5: marks corrected to the 1, 1, 4, 6, 12 structure.
  ok   #13 L4.practice_questions[2].marks [MEDIUM] F5: mark scheme matched to the 1-mark form.
  ok   #14 L4.content_html [MEDIUM] F6: tikkun olam does not appear in the Torah or the prophets. It comes from the Aleinu prayer and rabbinic law
  ok   #15 L4.content_html [MEDIUM] F7: one citation per teaching. The conclusion, exam tip, two mark schemes and a knowledge check in this lesson
  ok   #16 L4.content_html [MEDIUM] F7: key fact matched to the citation used everywhere else in the lesson.
  ok   #17 L4.flashcard_questions[2].q [MEDIUM] F7: flashcard matched to the citation used everywhere else in the lesson.
  PATCH L4: practice_questions, content_html, flashcard_questions
=== 18 applied, 0 skipped, 4 lessons / 7 fields changed
