
=== RE-NARRATION (changed narrated text only) ===
backup: C:\Users\tshau\Documents\Study Vault\scripts\_retrofc\units\religious-studies-aqa__judaism-beliefs\_backup.json
unit:   religious-studies-aqa / judaism-beliefs
run: 2026-09-06T05:17:58Z  mode: LIVE
  L01: no narrated field changed -> skip
  L02: no narrated field changed -> skip

2 lessons, 4 clips to regenerate

  L03 (Ollie)  The Covenant: Abraham, Moses and the Promised Land
      n12: The Ten Commandments (Decalogue) recorded in Exodus 20:1-17 are the most prominent and widely recognised part 
             -> 435 KB, 37.1s, uploaded
      manifest updated (22 entries)
  L04 (Ada)  Moral Principles, Mitzvot and Pikuach Nefesh
      n3: Four core moral principles run through Jewish ethical teaching: tzedek (justice), tikkun olam (healing the wor
             -> 199 KB, 17.0s, uploaded
      n12: One of the most distinctive and powerful teachings in Judaism is Pikuach Nefesh — the principle that preservin
             -> 310 KB, 26.5s, uploaded
      n14: Key Fact . Pikuach Nefesh : preserving human life overrides almost all of the 613 mitzvot. Rooted in the teach
             -> 301 KB, 25.7s, uploaded
      manifest updated (25 entries)

Regenerated 4 clips.

=== VERIFY (ranged GET + freshness) ===
  206  L03 n12  bytes 0-3/445536  Last-Modified: Sun, 06 Sep 2026 05:18:10 GMT  mp3-sync=OK
  206  L04 n3  bytes 0-3/203904  Last-Modified: Sun, 06 Sep 2026 05:18:14 GMT  mp3-sync=OK
  206  L04 n12  bytes 0-3/317952  Last-Modified: Sun, 06 Sep 2026 05:18:22 GMT  mp3-sync=OK
  206  L04 n14  bytes 0-3/308448  Last-Modified: Sun, 06 Sep 2026 05:18:32 GMT  mp3-sync=OK

4/4 clips verified HTTP 200/206 with fresh audio.
