=== APPLY EDITS religious-studies-aqa/sikhism-practices  24 edits  LIVE  2026-09-06T05:25:30.698Z
  ok   #0 L1.content_html [MEDIUM] F1: 430,000 is the 2011 census level. The 2021 census counted 524,140 Sikhs in England and Wales and the 2022 
  ok   #1 L1.content_html [MEDIUM] F2: the sourced description is largest Sikh place of worship in London, capacity 3,000.
  ok   #2 L1.content_html [MEDIUM] F3: divided seating is common in gurdwaras; the old wording denied it.
  ok   #3 L1.flashcard_questions[3].a [MEDIUM] F4: the Nishan Sahib is normally saffron; dark blue is the Nihang variant. The lesson body already says saffro
  ok   #4 L1.glossary_terms[3].definition [MEDIUM] F5: same correction as F4.
  ok   #5 L1.practice_questions[2].text [HIGH] F6: this paper has no 2-mark question. The short parts are 1 mark for one item.
  ok   #6 L1.practice_questions[2].type [HIGH] F6: marks on this paper are 1, 1, 4, 6 and 12.
  ok   #7 L1.practice_questions[2].marks [HIGH] F6: mark scheme matched to the 1-mark form.
  PATCH L1: content_html, flashcard_questions, glossary_terms, practice_questions
  ok   #8 L2.practice_questions[2].text [HIGH] F7: this paper has no 2-mark question.
  ok   #9 L2.practice_questions[2].type [HIGH] F7: marks on this paper are 1, 1, 4, 6 and 12.
  ok   #10 L2.practice_questions[2].marks [HIGH] F7: mark scheme matched to the 1-mark form.
  ok   #11 L2.exam_tip_html [MEDIUM] F8: replaces an invented mark-scheme claim with what the question actually instructs.
  PATCH L2: practice_questions, exam_tip_html
  ok   #12 L3.practice_questions[2].text [HIGH] F9: this paper has no 2-mark question.
  ok   #13 L3.practice_questions[2].type [HIGH] F9: marks on this paper are 1, 1, 4, 6 and 12.
  ok   #14 L3.practice_questions[2].marks [HIGH] F9: mark scheme matched to the 1-mark form.
  ok   #15 L3.content_html [MEDIUM] F10: removes a fabricated examiner claim.
  ok   #16 L3.exam_tip_html [MEDIUM] F11: removes a fabricated mark-scheme claim.
  ok   #17 L3.content_html [MEDIUM] F12: 1604 is the year the Adi Granth was installed, not the year the building was completed.
  PATCH L3: practice_questions, content_html, exam_tip_html
  ok   #18 L4.practice_questions[2].text [HIGH] F15: this paper has no 2-mark question.
  ok   #19 L4.practice_questions[2].type [HIGH] F15: marks on this paper are 1, 1, 4, 6 and 12.
  ok   #20 L4.practice_questions[2].marks [HIGH] F15: mark scheme matched to the 1-mark form.
  ok   #21 L4.content_html [MEDIUM] F16: the Sikh Rehat Maryada requires the candidate to be wearing all five Ks before the ceremony begins.
  ok   #22 L4.content_html [MEDIUM] F17: removes a fabricated mark-scheme claim and keeps the spec-anchored point.
  ok   #23 L4.exam_tip_html [MEDIUM] F18: removes a fabricated mark-scheme claim.
  PATCH L4: practice_questions, content_html, exam_tip_html
=== 24 applied, 0 skipped, 4 lessons / 12 fields changed
