=== APPLY EDITS english-literature/a-christmas-carol  52 edits  LIVE  2026-09-18T09:57:09.098Z
  ok   #0 L1.content_html [MEDIUM] F1: Malthus died in 1834, three years before Victoria came to the throne.
  ok   #1 L1.glossary_terms[3].definition [MEDIUM] F1: same correction in the glossary.
  ok   #2 L1.content_html [MEDIUM] F2: neither phrase is Dickens's wording, so the quotation marks invite a student to quote them as his.
  ok   #3 L1.flashcard_questions[0].q [LOW] F3: the prompt contained both words of its own answer.
  ok   #4 L1.flashcard_questions[3].q [LOW] F4: cloze fragment rebuilt as a question.
  ok   #5 L1.flashcard_questions[3].a [LOW] F4: answer now matches the new question.
  ok   #6 L1.flashcard_questions[4].q [LOW] F4: cloze fragment rebuilt as a question; answer stays 1843.
  PATCH L1: content_html, glossary_terms, flashcard_questions
  ok   #7 L2.content_html [LOW] F5: Fred's greeting begins "A merry Christmas".
  ok   #8 L2.content_html [MEDIUM] F6: Stave 1 reads "Darkness is cheap".
  ok   #9 L2.practice_questions[5].text [MEDIUM] F6: same correction in the question stem.
  ok   #10 L2.knowledge_checks[4].left[1] [MEDIUM] F6: same correction in the matching item.
  ok   #11 L2.content_html [LOW] F7: two separate speeches were welded into one quotation.
  PATCH L2: content_html, practice_questions, knowledge_checks
  ok   #12 L3.content_html [MEDIUM] F8: the old wording defines consciousness, not knowledge.
  ok   #13 L3.glossary_terms[1].definition [MEDIUM] F8: same correction in the glossary.
  ok   #14 L3.flashcard_questions[1].q [MEDIUM] F8: same correction on the flashcard.
  ok   #15 L3.practice_questions[0].marks [MEDIUM] F6: same correction in the mark scheme.
  ok   #16 L3.practice_questions[2].text [MEDIUM] F9: the printed extract invented a speech tag and hid Scrooge's question between Belle's two lines.
  ok   #17 L3.content_html [LOW] F10: "a very small fire" is Scrooge's own fire; the clerk's is the one that looked like one coal.
  ok   #51 L3.practice_questions[4].marks [LOW] Orchestrator ruling: Belle releases Scrooge herself; keep the context point, drop 'no choice'
  PATCH L3: content_html, glossary_terms, flashcard_questions, practice_questions
  ok   #18 L4.content_html [MEDIUM] F6: same correction.
  ok   #19 L4.content_html [MEDIUM] F11: that line is the Spirit's own wording. Scrooge's words are turned on him later, in the surplus-population
  ok   #20 L4.content_html [LOW] F12: Stave 3 reads "nobody said or thought it was at all a small pudding".
  ok   #21 L4.practice_questions[1].text [LOW] F12: same correction in the printed extract.
  ok   #22 L4.content_html [LOW] F13: Ignorance is the boy; the definition described both children and so contradicted the sentence it sits in.
  ok   #23 L4.glossary_terms[6].definition [LOW] F13: same correction in the glossary.
  PATCH L4: content_html, practice_questions, glossary_terms
  ok   #24 L5.exam_tip_html [HIGH] F14: banned paper-and-section code in a student-facing field; the fact itself is right.
  ok   #25 L5.content_html [HIGH] F15: the line is Mrs Cratchit's memory of before Tim died, and Dickens's grief signal is that Bob now walks sl
  ok   #26 L5.knowledge_checks[0].q [MEDIUM] F16: the old stem had two right answers, because Dickens calls this ghost a spectre as well.
  ok   #27 L5.content_html [MEDIUM] F16: Dickens calls this ghost "the Spirit" all through Stave 4, so the contrast as written is false.
  ok   #28 L5.content_html [LOW] F17: the undertaker's man sells sleeve-buttons from the dead man's room, not buttons cut off a coat.
  ok   #29 L5.practice_questions[4].marks [LOW] F18: the 30-mark ladder printed "Top band" twice; relabelled to the house ladder.
  PATCH L5: exam_tip_html, content_html, knowledge_checks, practice_questions
  ok   #30 L6.content_html [LOW] F19: the bedpost, the bed, the room and the Time are all "his own".
  ok   #31 L6.practice_questions[2].text [LOW] F20: Dickens capitalises NOT, and this item's mark scheme rewards writing about that emphasis.
  ok   #32 L6.practice_questions[2].marks [LOW] F21: the extract carries "good" four times.
  ok   #33 L6.flashcard_questions[2].q [LOW] F22: the prompt contained the word "structure" from its own answer.
  ok   #34 L6.practice_questions[4].marks [LOW] F18: the 30-mark ladder printed "Top band" twice; relabelled to the house ladder.
  PATCH L6: content_html, practice_questions, flashcard_questions
  ok   #35 L7.content_html [HIGH] F23: fabricated quotation; the phrase appears nowhere in the novella.
  ok   #36 L7.practice_questions[0].marks [LOW] F24: the line carries no italics in the text, so a student writing about italics describes something that is n
  ok   #37 L7.practice_questions[4].marks [LOW] F18: the 30-mark ladder printed "Top band" twice; relabelled to the house ladder.
  PATCH L7: content_html, practice_questions
  ok   #38 L8.content_html [MEDIUM] F6: same correction.
  ok   #39 L8.knowledge_checks[3].q [MEDIUM] F6: same correction in the knowledge check.
  ok   #40 L8.content_html [MEDIUM] F25: Dickens praises the goose for its cheapness; Lesson 4 already says so.
  ok   #41 L8.content_html [MEDIUM] F26: outdoor relief continued after 1834, so "only" is wrong; Lesson 1 already says "main".
  ok   #42 L8.glossary_terms[1].definition [MEDIUM] F26: same correction in the glossary.
  ok   #43 L8.flashcard_questions[1].q [MEDIUM] F26: same correction on the flashcard; "poor" also cued its own answer.
  ok   #44 L8.flashcard_questions[2].q [LOW] F29: the prompt printed the card's own answer, "Thomas Robert Malthus".
  ok   #45 L8.content_html [LOW] F27: the old example is an exclamation about Scrooge, not an address to the reader.
  ok   #46 L8.flashcard_questions[3].q [LOW] F28: cloze fragment rebuilt as a question.
  ok   #47 L8.flashcard_questions[3].a [LOW] F28: answer now matches the new question.
  ok   #48 L8.flashcard_questions[4].q [LOW] F28: the answer "Poor" was a fragment of another card's answer and the prompt gave it away.
  ok   #49 L8.flashcard_questions[4].a [LOW] F28: answer now matches the new question.
  ok   #50 L8.practice_questions[4].marks [LOW] F18: the 30-mark ladder printed "Top band" twice; relabelled to the house ladder.
  PATCH L8: content_html, knowledge_checks, glossary_terms, flashcard_questions, practice_questions
=== 52 applied, 0 skipped, 8 lessons / 27 fields changed
=== APPLY EDITS english-literature/a-christmas-carol  52 edits  LIVE  2026-09-18T09:57:16.707Z
  ok   #0 L1.content_html [MEDIUM] F1: Malthus died in 1834, three years before Victoria came to the throne.
  ok   #1 L1.glossary_terms[3].definition [MEDIUM] F1: same correction in the glossary.
  ok   #2 L1.content_html [MEDIUM] F2: neither phrase is Dickens's wording, so the quotation marks invite a student to quote them as his.
  ok   #3 L1.flashcard_questions[0].q [LOW] F3: the prompt contained both words of its own answer.
  ok   #4 L1.flashcard_questions[3].q [LOW] F4: cloze fragment rebuilt as a question.
  ok   #5 L1.flashcard_questions[3].a [LOW] F4: answer now matches the new question.
  ok   #6 L1.flashcard_questions[4].q [LOW] F4: cloze fragment rebuilt as a question; answer stays 1843.
  PATCH L1: content_html, glossary_terms, flashcard_questions
  ok   #7 L2.content_html [LOW] F5: Fred's greeting begins "A merry Christmas".
  ok   #8 L2.content_html [MEDIUM] F6: Stave 1 reads "Darkness is cheap".
  ok   #9 L2.practice_questions[5].text [MEDIUM] F6: same correction in the question stem.
  ok   #10 L2.knowledge_checks[4].left[1] [MEDIUM] F6: same correction in the matching item.
  ok   #11 L2.content_html [LOW] F7: two separate speeches were welded into one quotation.
  PATCH L2: content_html, practice_questions, knowledge_checks
  ok   #12 L3.content_html [MEDIUM] F8: the old wording defines consciousness, not knowledge.
  ok   #13 L3.glossary_terms[1].definition [MEDIUM] F8: same correction in the glossary.
  ok   #14 L3.flashcard_questions[1].q [MEDIUM] F8: same correction on the flashcard.
  ok   #15 L3.practice_questions[0].marks [MEDIUM] F6: same correction in the mark scheme.
  ok   #16 L3.practice_questions[2].text [MEDIUM] F9: the printed extract invented a speech tag and hid Scrooge's question between Belle's two lines.
  ok   #17 L3.content_html [LOW] F10: "a very small fire" is Scrooge's own fire; the clerk's is the one that looked like one coal.
  ok   #51 L3.practice_questions[4].marks [LOW] Orchestrator ruling: Belle releases Scrooge herself; keep the context point, drop 'no choice'
  PATCH L3: content_html, glossary_terms, flashcard_questions, practice_questions
  ok   #18 L4.content_html [MEDIUM] F6: same correction.
  ok   #19 L4.content_html [MEDIUM] F11: that line is the Spirit's own wording. Scrooge's words are turned on him later, in the surplus-population
  ok   #20 L4.content_html [LOW] F12: Stave 3 reads "nobody said or thought it was at all a small pudding".
  ok   #21 L4.practice_questions[1].text [LOW] F12: same correction in the printed extract.
  ok   #22 L4.content_html [LOW] F13: Ignorance is the boy; the definition described both children and so contradicted the sentence it sits in.
  ok   #23 L4.glossary_terms[6].definition [LOW] F13: same correction in the glossary.
  PATCH L4: content_html, practice_questions, glossary_terms
  ok   #24 L5.exam_tip_html [HIGH] F14: banned paper-and-section code in a student-facing field; the fact itself is right.
  ok   #25 L5.content_html [HIGH] F15: the line is Mrs Cratchit's memory of before Tim died, and Dickens's grief signal is that Bob now walks sl
  ok   #26 L5.knowledge_checks[0].q [MEDIUM] F16: the old stem had two right answers, because Dickens calls this ghost a spectre as well.
  ok   #27 L5.content_html [MEDIUM] F16: Dickens calls this ghost "the Spirit" all through Stave 4, so the contrast as written is false.
  ok   #28 L5.content_html [LOW] F17: the undertaker's man sells sleeve-buttons from the dead man's room, not buttons cut off a coat.
  ok   #29 L5.practice_questions[4].marks [LOW] F18: the 30-mark ladder printed "Top band" twice; relabelled to the house ladder.
  PATCH L5: exam_tip_html, content_html, knowledge_checks, practice_questions
  ok   #30 L6.content_html [LOW] F19: the bedpost, the bed, the room and the Time are all "his own".
  ok   #31 L6.practice_questions[2].text [LOW] F20: Dickens capitalises NOT, and this item's mark scheme rewards writing about that emphasis.
  ok   #32 L6.practice_questions[2].marks [LOW] F21: the extract carries "good" four times.
  ok   #33 L6.flashcard_questions[2].q [LOW] F22: the prompt contained the word "structure" from its own answer.
  ok   #34 L6.practice_questions[4].marks [LOW] F18: the 30-mark ladder printed "Top band" twice; relabelled to the house ladder.
  PATCH L6: content_html, practice_questions, flashcard_questions
  ok   #35 L7.content_html [HIGH] F23: fabricated quotation; the phrase appears nowhere in the novella.
  ok   #36 L7.practice_questions[0].marks [LOW] F24: the line carries no italics in the text, so a student writing about italics describes something that is n
  ok   #37 L7.practice_questions[4].marks [LOW] F18: the 30-mark ladder printed "Top band" twice; relabelled to the house ladder.
  PATCH L7: content_html, practice_questions
  ok   #38 L8.content_html [MEDIUM] F6: same correction.
  ok   #39 L8.knowledge_checks[3].q [MEDIUM] F6: same correction in the knowledge check.
  ok   #40 L8.content_html [MEDIUM] F25: Dickens praises the goose for its cheapness; Lesson 4 already says so.
  ok   #41 L8.content_html [MEDIUM] F26: outdoor relief continued after 1834, so "only" is wrong; Lesson 1 already says "main".
  ok   #42 L8.glossary_terms[1].definition [MEDIUM] F26: same correction in the glossary.
  ok   #43 L8.flashcard_questions[1].q [MEDIUM] F26: same correction on the flashcard; "poor" also cued its own answer.
  ok   #44 L8.flashcard_questions[2].q [LOW] F29: the prompt printed the card's own answer, "Thomas Robert Malthus".
  ok   #45 L8.content_html [LOW] F27: the old example is an exclamation about Scrooge, not an address to the reader.
  ok   #46 L8.flashcard_questions[3].q [LOW] F28: cloze fragment rebuilt as a question.
  ok   #47 L8.flashcard_questions[3].a [LOW] F28: answer now matches the new question.
  ok   #48 L8.flashcard_questions[4].q [LOW] F28: the answer "Poor" was a fragment of another card's answer and the prompt gave it away.
  ok   #49 L8.flashcard_questions[4].a [LOW] F28: answer now matches the new question.
  ok   #50 L8.practice_questions[4].marks [LOW] F18: the 30-mark ladder printed "Top band" twice; relabelled to the house ladder.
  PATCH L8: content_html, knowledge_checks, glossary_terms, flashcard_questions, practice_questions
=== 52 applied, 0 skipped, 8 lessons / 27 fields changed
=== APPLY EDITS english-literature/a-christmas-carol  52 edits  LIVE  2026-09-18T09:57:55.974Z
  ok   #0 L1.content_html [MEDIUM] F1: Malthus died in 1834, three years before Victoria came to the throne.
  ok   #1 L1.glossary_terms[3].definition [MEDIUM] F1: same correction in the glossary.
  ok   #2 L1.content_html [MEDIUM] F2: neither phrase is Dickens's wording, so the quotation marks invite a student to quote them as his.
  ok   #3 L1.flashcard_questions[0].q [LOW] F3: the prompt contained both words of its own answer.
  ok   #4 L1.flashcard_questions[3].q [LOW] F4: cloze fragment rebuilt as a question.
  ok   #5 L1.flashcard_questions[3].a [LOW] F4: answer now matches the new question.
  ok   #6 L1.flashcard_questions[4].q [LOW] F4: cloze fragment rebuilt as a question; answer stays 1843.
  PATCH L1: content_html, glossary_terms, flashcard_questions
  ok   #7 L2.content_html [LOW] F5: Fred's greeting begins "A merry Christmas".
  ok   #8 L2.content_html [MEDIUM] F6: Stave 1 reads "Darkness is cheap".
  ok   #9 L2.practice_questions[5].text [MEDIUM] F6: same correction in the question stem.
  ok   #10 L2.knowledge_checks[4].left[1] [MEDIUM] F6: same correction in the matching item.
  ok   #11 L2.content_html [LOW] F7: two separate speeches were welded into one quotation.
  PATCH L2: content_html, practice_questions, knowledge_checks
  ok   #12 L3.content_html [MEDIUM] F8: the old wording defines consciousness, not knowledge.
  ok   #13 L3.glossary_terms[1].definition [MEDIUM] F8: same correction in the glossary.
  ok   #14 L3.flashcard_questions[1].q [MEDIUM] F8: same correction on the flashcard.
  ok   #15 L3.practice_questions[0].marks [MEDIUM] F6: same correction in the mark scheme.
  ok   #16 L3.practice_questions[2].text [MEDIUM] F9: the printed extract invented a speech tag and hid Scrooge's question between Belle's two lines.
  ok   #17 L3.content_html [LOW] F10: "a very small fire" is Scrooge's own fire; the clerk's is the one that looked like one coal.
  ok   #51 L3.practice_questions[4].marks [LOW] Orchestrator ruling: Belle releases Scrooge herself; keep the context point, drop 'no choice'
  PATCH L3: content_html, glossary_terms, flashcard_questions, practice_questions
  ok   #18 L4.content_html [MEDIUM] F6: same correction.
  ok   #19 L4.content_html [MEDIUM] F11: that line is the Spirit's own wording. Scrooge's words are turned on him later, in the surplus-population
  ok   #20 L4.content_html [LOW] F12: Stave 3 reads "nobody said or thought it was at all a small pudding".
  ok   #21 L4.practice_questions[1].text [LOW] F12: same correction in the printed extract.
  ok   #22 L4.content_html [LOW] F13: Ignorance is the boy; the definition described both children and so contradicted the sentence it sits in.
  ok   #23 L4.glossary_terms[6].definition [LOW] F13: same correction in the glossary.
  PATCH L4: content_html, practice_questions, glossary_terms
  ok   #24 L5.exam_tip_html [HIGH] F14: banned paper-and-section code in a student-facing field; the fact itself is right.
  ok   #25 L5.content_html [HIGH] F15: the line is Mrs Cratchit's memory of before Tim died, and Dickens's grief signal is that Bob now walks sl
  ok   #26 L5.knowledge_checks[0].q [MEDIUM] F16: the old stem had two right answers, because Dickens calls this ghost a spectre as well.
  ok   #27 L5.content_html [MEDIUM] F16: Dickens calls this ghost "the Spirit" all through Stave 4, so the contrast as written is false.
  ok   #28 L5.content_html [LOW] F17: the undertaker's man sells sleeve-buttons from the dead man's room, not buttons cut off a coat.
  ok   #29 L5.practice_questions[4].marks [LOW] F18: the 30-mark ladder printed "Top band" twice; relabelled to the house ladder.
  PATCH L5: exam_tip_html, content_html, knowledge_checks, practice_questions
  ok   #30 L6.content_html [LOW] F19: the bedpost, the bed, the room and the Time are all "his own".
  ok   #31 L6.practice_questions[2].text [LOW] F20: Dickens capitalises NOT, and this item's mark scheme rewards writing about that emphasis.
  ok   #32 L6.practice_questions[2].marks [LOW] F21: the extract carries "good" four times.
  ok   #33 L6.flashcard_questions[2].q [LOW] F22: the prompt contained the word "structure" from its own answer.
  ok   #34 L6.practice_questions[4].marks [LOW] F18: the 30-mark ladder printed "Top band" twice; relabelled to the house ladder.
  PATCH L6: content_html, practice_questions, flashcard_questions
  ok   #35 L7.content_html [HIGH] F23: fabricated quotation; the phrase appears nowhere in the novella.
  ok   #36 L7.practice_questions[0].marks [LOW] F24: the line carries no italics in the text, so a student writing about italics describes something that is n
  ok   #37 L7.practice_questions[4].marks [LOW] F18: the 30-mark ladder printed "Top band" twice; relabelled to the house ladder.
  PATCH L7: content_html, practice_questions
  ok   #38 L8.content_html [MEDIUM] F6: same correction.
  ok   #39 L8.knowledge_checks[3].q [MEDIUM] F6: same correction in the knowledge check.
  ok   #40 L8.content_html [MEDIUM] F25: Dickens praises the goose for its cheapness; Lesson 4 already says so.
  ok   #41 L8.content_html [MEDIUM] F26: outdoor relief continued after 1834, so "only" is wrong; Lesson 1 already says "main".
  ok   #42 L8.glossary_terms[1].definition [MEDIUM] F26: same correction in the glossary.
  ok   #43 L8.flashcard_questions[1].q [MEDIUM] F26: same correction on the flashcard; "poor" also cued its own answer.
  ok   #44 L8.flashcard_questions[2].q [LOW] F29: the prompt printed the card's own answer, "Thomas Robert Malthus".
  ok   #45 L8.content_html [LOW] F27: the old example is an exclamation about Scrooge, not an address to the reader.
  ok   #46 L8.flashcard_questions[3].q [LOW] F28: cloze fragment rebuilt as a question.
  ok   #47 L8.flashcard_questions[3].a [LOW] F28: answer now matches the new question.
  ok   #48 L8.flashcard_questions[4].q [LOW] F28: the answer "Poor" was a fragment of another card's answer and the prompt gave it away.
  ok   #49 L8.flashcard_questions[4].a [LOW] F28: answer now matches the new question.
  ok   #50 L8.practice_questions[4].marks [LOW] F18: the 30-mark ladder printed "Top band" twice; relabelled to the house ladder.
  PATCH L8: content_html, knowledge_checks, glossary_terms, flashcard_questions, practice_questions
=== 52 applied, 0 skipped, 8 lessons / 27 fields changed
