=== APPLY EDITS hospitality-catering/the-hospitality-and-catering-industry  19 edits  LIVE  2026-09-04T03:25:48.932Z
  ok   #0 L1.content_html [MEDIUM] F1: Updates unsourced, outdated sector figures and employer ranking.
  ok   #1 L1.flashcard_questions[10].a [MEDIUM] F1: Updates the employment figure.
  ok   #2 L1.flashcard_questions[11].q [MEDIUM] F1: Aligns the question with the current direct-contribution measure.
  ok   #3 L1.flashcard_questions[11].a [MEDIUM] F1: Updates the economic contribution figure.
  PATCH L1: content_html, flashcard_questions
  ok   #4 L3.content_html [MEDIUM] F3: The specification lists roles rather than an eight-step rank order.
  ok   #5 L3.content_html [MEDIUM] F3: Removes the unsupported linear-rank instruction while preserving the narration block.
  ok   #6 L3.content_html [MEDIUM] F3: Avoids presenting specialist and support roles as consecutive ranks.
  ok   #7 L3.practice_questions[5].marks [MEDIUM] F4: Training is required; a certificate is not.
  PATCH L3: content_html, practice_questions
  ok   #8 L4.content_html [MEDIUM] F5: States the statutory entitlement accurately.
  ok   #9 L4.flashcard_questions[7].q [MEDIUM] F5: Removes the misleading fixed-day premise.
  ok   #10 L4.flashcard_questions[7].a [MEDIUM] F5: Gives the general statutory entitlement and the five-day example.
  PATCH L4: content_html, flashcard_questions
  ok   #11 L7.flashcard_questions[5].q [MEDIUM] F6: Allergen symbols are optional; allergen information is mandatory.
  PATCH L7: flashcard_questions
  ok   #12 L8.content_html [HIGH] F7: Corrects the categories and reporting deadlines.
  PATCH L8: content_html
  ok   #13 L9.content_html [HIGH] F8: Avoids classifying coeliac disease as an intolerance.
  ok   #14 L9.content_html [HIGH] F8: Corrects the mechanism and classification of coeliac disease.
  ok   #15 L9.flashcard_questions[8].a [HIGH] F8: Corrects the flashcard definition.
  PATCH L9: content_html, flashcard_questions
  ok   #16 L10.content_html [MEDIUM] F9: Food hygiene rating display requirements vary by nation.
  ok   #17 L10.practice_questions[3].marks [MEDIUM] F9: Removes the inaccurate universal display claim from the answer key.
  ok   #18 L10.flashcard_questions[14].a [MEDIUM] F9: Uses the scheme's rating description without adding an unsupported risk conclusion.
  PATCH L10: content_html, practice_questions, flashcard_questions
=== 19 applied, 0 skipped, 7 lessons / 13 fields changed
