
=== RE-NARRATION (changed narrated text only) ===
backup: C:\Users\tshau\Documents\Study Vault\scripts\_retrofc\units\hospitality-catering__the-hospitality-and-catering-industry\_backup.json
unit:   hospitality-catering / the-hospitality-and-catering-industry
run: 2026-09-04T03:25:52Z  mode: LIVE
  L07: no narrated field changed -> skip

6 lessons, 8 clips to regenerate

  L01 (Ollie)  Types of Hospitality & Catering Provision
      n2: The hospitality and catering industry is a major UK sector, employing around 3.5 million people and directly c
             -> 314 KB, 26.8s, uploaded
      manifest updated (43 entries)
  L03 (Ollie)  Job Roles & the Kitchen Brigade
      n19: The kitchen brigade is a structured hierarchy of chefs and kitchen workers. Each person has a specific role, e
             -> 144 KB, 12.3s, uploaded
      n20: Key Fact . Key kitchen roles include Executive Chef , Sous Chef , Chef de Partie , Commis Chef , Pastry Chef ,
             -> 203 KB, 17.4s, uploaded
      manifest updated (45 entries)
  L04 (Ada)  Working Conditions & Employment
      n15: Holiday entitlement — paid time off (workers are entitled to 5.6 weeks' paid holiday; this is 28 days for a fi
             -> 128 KB, 10.9s, uploaded
      manifest updated (32 entries)
  L08 (Ada)  Health & Safety Legislation
      n13: RIDDOR requires employers to report specified work-related incidents to the Health and Safety Executive (HSE).
             -> 431 KB, 36.8s, uploaded
      manifest updated (25 entries)
  L09 (Ollie)  Food Safety: Bacteria, Allergens & Intolerances
      n13: A food intolerance is different from an allergy. It does not involve the immune system and is not life-threate
             -> 176 KB, 15.1s, uploaded
      n14: Coeliac disease — an autoimmune condition in which gluten triggers an immune reaction that damages the small i
             -> 627 KB, 53.5s, uploaded
      manifest updated (23 entries)
  L10 (Ada)  Symptoms, Prevention & the Environmental Health Officer
      n25: After an inspection, the EHO awards a food hygiene rating from 0 (urgent improvement necessary) to 5 (very goo
             -> 325 KB, 27.7s, uploaded
      manifest updated (30 entries)

Regenerated 8 clips.

=== VERIFY (ranged GET + freshness) ===
  206  L01 n2  bytes 0-3/321984  Last-Modified: Fri, 04 Sep 2026 03:25:58 GMT  mp3-sync=OK
  206  L03 n19  bytes 0-3/147744  Last-Modified: Fri, 04 Sep 2026 03:26:01 GMT  mp3-sync=OK
  206  L03 n20  bytes 0-3/208224  Last-Modified: Fri, 04 Sep 2026 03:26:05 GMT  mp3-sync=OK
  206  L04 n15  bytes 0-3/131040  Last-Modified: Fri, 04 Sep 2026 03:26:08 GMT  mp3-sync=OK
  206  L08 n13  bytes 0-3/441504  Last-Modified: Fri, 04 Sep 2026 03:26:14 GMT  mp3-sync=OK
  206  L09 n13  bytes 0-3/180576  Last-Modified: Fri, 04 Sep 2026 03:26:17 GMT  mp3-sync=OK
  206  L09 n14  bytes 0-3/642528  Last-Modified: Fri, 04 Sep 2026 03:26:27 GMT  mp3-sync=OK
  206  L10 n25  bytes 0-3/332928  Last-Modified: Fri, 04 Sep 2026 03:26:32 GMT  mp3-sync=OK

8/8 clips verified HTTP 200/206 with fresh audio.
