
=== RE-NARRATION (changed narrated text only) ===
backup: C:\Users\tshau\Documents\Study Vault\scripts\_retrofc\units\computer-science-edexcel__computational-thinking\_backup.json
unit:   computer-science-edexcel / computational-thinking
run: 2026-09-06T10:58:20Z  mode: LIVE
  L04: no narrated field changed -> skip

4 lessons, 8 clips to regenerate

  L01 (Ollie)  Decomposition, Abstraction and Subprograms
      n19: Decomposition naturally leads to subprograms — named, self-contained blocks of code that each solve one sub-pr
             -> 178 KB, 15.2s, uploaded
      n31: For a 4-mark Explain question, make sure every factual point is followed by a consequence or reason — an Expla
             -> 436 KB, 37.2s, uploaded
      manifest updated (35 entries)
  L02 (Ada)  Algorithms: Flowcharts, Pseudocode and Constructs
      n2: Once you have broken a problem into sub-problems using decomposition, you need a way to describe the solution 
             -> 302 KB, 25.8s, uploaded
      n5: A flowchart gives you a visual picture of how an algorithm runs. Every step is drawn as a shape; arrows connec
             -> 423 KB, 36.1s, uploaded
      n29: When writing pseudocode in your exam, you do not need to use a formal keyword dialect. Number your steps clear
             -> 464 KB, 39.6s, uploaded
      manifest updated (33 entries)
  L03 (Ollie)  Trace Tables, Error Types and Algorithm Evaluation
      n15: Three categories of error can occur in programs. Understanding exactly what each type means is important. A de
             -> 136 KB, 11.6s, uploaded
      n30: The most commonly lost marks on trace table questions are: adding too many rows (trace only steps that actuall
             -> 403 KB, 34.4s, uploaded
      manifest updated (34 entries)
  L05 (Ollie)  Truth Tables and Logical Operators
      n37: For a Complete a Truth Table question, always work column by column rather than row by row — evaluate all inte
             -> 380 KB, 32.4s, uploaded
      manifest updated (41 entries)

Regenerated 8 clips.

=== VERIFY (ranged GET + freshness) ===
  206  L01 n19  bytes 0-3/182304  Last-Modified: Sun, 06 Sep 2026 10:58:29 GMT  mp3-sync=OK
  206  L01 n31  bytes 0-3/446400  Last-Modified: Sun, 06 Sep 2026 10:58:37 GMT  mp3-sync=OK
  206  L02 n2  bytes 0-3/309312  Last-Modified: Sun, 06 Sep 2026 10:58:44 GMT  mp3-sync=OK
  206  L02 n5  bytes 0-3/432864  Last-Modified: Sun, 06 Sep 2026 10:59:02 GMT  mp3-sync=OK
  206  L02 n29  bytes 0-3/474912  Last-Modified: Sun, 06 Sep 2026 10:59:12 GMT  mp3-sync=OK
  206  L03 n15  bytes 0-3/139104  Last-Modified: Sun, 06 Sep 2026 10:59:17 GMT  mp3-sync=OK
  206  L03 n30  bytes 0-3/412416  Last-Modified: Sun, 06 Sep 2026 10:59:25 GMT  mp3-sync=OK
  206  L05 n37  bytes 0-3/389088  Last-Modified: Sun, 06 Sep 2026 10:59:33 GMT  mp3-sync=OK

8/8 clips verified HTTP 200/206 with fresh audio.
