
=== RE-NARRATION (changed narrated text only) ===
backup: C:\Users\tshau\Documents\Study Vault\scripts\_retrofc\units\engineering-aqa__engineering-systems\_backup.json
unit:   engineering-aqa / engineering-systems
run: 2026-09-04T21:37:24Z  mode: LIVE
  L03: no narrated field changed -> skip
  L05: no narrated field changed -> skip

5 lessons, 5 clips to regenerate

  L01 (Ollie)  Describing Systems: Block Diagrams, Schematics and Flowcharts
      n9: Block diagrams are NOT circuit diagrams and NOT flowcharts. A circuit diagram shows how components are wired u
             -> 298 KB, 25.4s, uploaded
      manifest updated (31 entries)
  L02 (Ada)  Mechanical Systems: Motion, Linkages and Cams
      n21: In an aero-engine control unit, precision cams govern the opening and closing of fuel valves, and their profil
             -> 327 KB, 27.9s, uploaded
      manifest updated (26 entries)
  L04 (Ada)  Electrical Systems and Power Supplies
      n3: UK mains electricity is 230 V AC at 50 Hz. The voltage completes 50 cycles per second, producing a smooth sine
             -> 370 KB, 31.6s, uploaded
      manifest updated (27 entries)
  L06 (Ada)  Programmable Systems: Microcontrollers and Interfacing
      n3: Common microcontroller families include the PIC (Peripheral Interface Controller — widely used in industrial a
             -> 279 KB, 23.8s, uploaded
      manifest updated (34 entries)
  L07 (Ollie)  Structural, Pneumatic and Hydraulic Systems
      n20: Pneumatic systems use compressed air . Air is compressible, so pneumatic systems are often used for fast actua
             -> 327 KB, 27.9s, uploaded
      manifest updated (31 entries)

Regenerated 5 clips.

=== VERIFY (ranged GET + freshness) ===
  206  L01 n9  bytes 0-3/304704  Last-Modified: Fri, 04 Sep 2026 21:37:32 GMT  mp3-sync=OK
  206  L02 n21  bytes 0-3/334368  Last-Modified: Fri, 04 Sep 2026 21:37:36 GMT  mp3-sync=OK
  206  L04 n3  bytes 0-3/378720  Last-Modified: Fri, 04 Sep 2026 21:37:42 GMT  mp3-sync=OK
  206  L06 n3  bytes 0-3/285984  Last-Modified: Fri, 04 Sep 2026 21:37:46 GMT  mp3-sync=OK
  206  L07 n20  bytes 0-3/334656  Last-Modified: Fri, 04 Sep 2026 21:37:52 GMT  mp3-sync=OK

5/5 clips verified HTTP 200/206 with fresh audio.
