=== APPLY EDITS computer-science/computational-thinking  8 edits  LIVE  2026-09-06T11:08:35.325Z
  ok   #0 L1.practice_questions[5].type [MEDIUM] F1: this paper sets short and medium answer questions only; the 8-mark extended response is on the other compo
  PATCH L1: practice_questions
  ok   #1 L2.practice_questions[5].type [MEDIUM] F2: impossible tariff, and 'extended response' is the other component's question type; the task set is a compa
  PATCH L2: practice_questions
  ok   #2 L3.practice_questions[5].type [MEDIUM] F3: impossible tariff on this paper; command word kept.
  ok   #3 L3.content_html [MEDIUM] F4: the glossary popup defined 'algorithm', not 'searching algorithm'.
  ok   #4 L3.glossary_terms[0].definition [MEDIUM] F5: same copied definition as F4, in the glossary list.
  PATCH L3: practice_questions, content_html, glossary_terms
  ok   #5 L7.exam_tip_html [MEDIUM] F6: removes an invented mark-scheme claim and keeps the advice.
  ok   #6 L7.practice_questions[3].marks [MEDIUM] F7: the model answer never stored the opened file in a variable, which its own criterion requires.
  PATCH L7: exam_tip_html, practice_questions
  ok   #7 L9.exam_tip_html [MEDIUM] F8: removes an unevidenced examiner-report claim and keeps the warning.
  PATCH L9: exam_tip_html
=== 8 applied, 0 skipped, 5 lessons / 8 fields changed
=== APPLY EDITS computer-science/computational-thinking  23 edits  LIVE  2026-09-18T09:04:49.613Z
  ok   #0 L1.practice_questions[5].type [MEDIUM] F1: this paper sets short and medium answer questions; the 8-mark extended response belongs to the other paper
  ok   #1 L1.flashcard_questions[11].q [LOW] F2: the question printed the answer back to the student.
  PATCH L1: practice_questions, flashcard_questions
  ok   #2 L2.exam_tip_html [HIGH] F3: the spec requires write/refine answers in the reference language or a high-level language; pseudocode scor
  ok   #3 L2.practice_questions[5].type [MEDIUM] F4: this paper sets short and medium answer questions; the 8-mark extended response belongs to the other paper
  PATCH L2: exam_tip_html, practice_questions
  ok   #4 L3.content_html [MEDIUM] F5: the glossary popup for 'searching algorithm' defined 'algorithm'.
  ok   #5 L3.glossary_terms[0].definition [MEDIUM] F6: same copied definition in the glossary list.
  ok   #6 L3.practice_questions[4].type [MEDIUM] F7: 'Extended response' is the other paper's question type; this paper sets short and medium answer questions.
  ok   #7 L3.practice_questions[5].type [MEDIUM] F8: this paper sets short and medium answer questions; the 8-mark extended response belongs to the other paper
  PATCH L3: content_html, glossary_terms, practice_questions
  ok   #8 L5.practice_questions[5].type [MEDIUM] F9: 'Extended response' is the other paper's question type; this paper sets short and medium answer questions.
  PATCH L5: practice_questions
  ok   #9 L6.practice_questions[5].type [MEDIUM] F10: 'Extended response' is the other paper's question type; this paper sets short and medium answer questions
  ok   #10 L6.flashcard_questions[12].q [LOW] F11: gap-fill fragment rewritten as a question.
  ok   #11 L6.flashcard_questions[12].a [LOW] F11: answer matched to the new question.
  PATCH L6: practice_questions, flashcard_questions
  ok   #12 L7.exam_tip_html [MEDIUM] F12: invented mark-scheme claim; no presentation mark exists.
  ok   #13 L7.practice_questions[3].marks [MEDIUM] F13: the model answer never stored the opened file in a variable, which its own criterion requires.
  ok   #14 L7.practice_questions[5].type [MEDIUM] F14: 'Extended response' is the other paper's question type; this paper sets short and medium answer questions
  PATCH L7: exam_tip_html, practice_questions
  ok   #15 L8.practice_questions[5].type [MEDIUM] F15: 'Extended response' is the other paper's question type; this paper sets short and medium answer questions
  PATCH L8: practice_questions
  ok   #16 L9.exam_tip_html [MEDIUM] F16: unevidenced claim about where marks are lost.
  ok   #17 L9.flashcard_questions[1].q [LOW] F17: gap-fill stem whose answer repeated a word already printed in it.
  ok   #18 L9.flashcard_questions[1].a [LOW] F17: answer matched to the new question.
  PATCH L9: exam_tip_html, flashcard_questions
  ok   #19 L10.practice_questions[5].type [MEDIUM] F18: 'Extended response' is the other paper's question type; this paper sets short and medium answer questions
  PATCH L10: practice_questions
  ok   #20 L11.practice_questions[5].type [MEDIUM] F19: 'Extended response' is the other paper's question type; this paper sets short and medium answer questions
  ok   #21 L11.flashcard_questions[1].q [LOW] F20: gap-fill fragment rewritten as a question.
  ok   #22 L11.practice_questions[4].marks [LOW] F21: stray band word left a sentence that means nothing to a student.
  PATCH L11: practice_questions, flashcard_questions
=== 23 applied, 0 skipped, 10 lessons / 18 fields changed
