
=== RE-NARRATION (changed narrated text only) ===
backup: C:\Users\tshau\Documents\Study Vault\scripts\_retrofc\units\computer-science__computational-thinking\_backup.json
unit:   computer-science / computational-thinking
run: 2026-09-06T11:08:40Z  mode: LIVE
  L01: no narrated field changed -> skip
  L02: no narrated field changed -> skip
  L03: fields edited but no narrated text changed -> skip

2 lessons, 2 clips to regenerate

  L07 (Ollie)  Advanced Programming Techniques
      n26: Watch the command word carefully. “State” or “identify” wants a quick fact, such as naming the keyword that en
             -> 301 KB, 25.7s, uploaded
      manifest updated (26 entries)
  L09 (Ollie)  Testing & Debugging
      n29: Questions on this topic love the word ‘identify’ or ‘give’ — if you are given a scenario with a valid range, b
             -> 346 KB, 29.5s, uploaded
      manifest updated (29 entries)

Regenerated 2 clips.

=== VERIFY (ranged GET + freshness) ===
  206  L07 n26  bytes 0-3/307872  Last-Modified: Sun, 06 Sep 2026 11:08:49 GMT  mp3-sync=OK
  206  L09 n29  bytes 0-3/353952  Last-Modified: Sun, 06 Sep 2026 11:08:56 GMT  mp3-sync=OK

2/2 clips verified HTTP 200/206 with fresh audio.

=== RE-NARRATION (changed narrated text only) ===
backup: C:\Users\tshau\Documents\Study Vault\scripts\_retrofc\units\computer-science@unity__computational-thinking\_backup.json
unit:   computer-science / computational-thinking
run: 2026-09-18T09:04:54Z  mode: LIVE
  L01: no narrated field changed -> skip
  L02: no narrated field changed -> skip
  L03: fields edited but no narrated text changed -> skip
  L01: no narrated field changed -> skip
  L03: fields edited but no narrated text changed -> skip
  L05: no narrated field changed -> skip
  L06: no narrated field changed -> skip
  L08: no narrated field changed -> skip
  L10: no narrated field changed -> skip
  L11: no narrated field changed -> skip

5 lessons, 5 clips to regenerate

  L07 (Ollie)  Advanced Programming Techniques
      n26: Watch the command word carefully. “State” or “identify” wants a quick fact, such as naming the keyword that en
             -> 301 KB, 25.7s, uploaded
      manifest updated (26 entries)
  L09 (Ollie)  Testing & Debugging
      n29: Questions on this topic love the word ‘identify’ or ‘give’ — if you are given a scenario with a valid range, b
             -> 346 KB, 29.5s, uploaded
      manifest updated (29 entries)
  L02 (Ada)  Designing Algorithms (Pseudocode & Flowcharts)
      n32: When a question asks you to ‘complete’ or ‘refine’ an algorithm, read the existing lines carefully first — you
             -> 396 KB, 33.8s, uploaded
      manifest updated (32 entries)
  L07 (Ollie)  Advanced Programming Techniques
      n26: Watch the command word carefully. “State” or “identify” wants a quick fact, such as naming the keyword that en
             -> 301 KB, 25.7s, uploaded
      manifest updated (26 entries)
  L09 (Ollie)  Testing & Debugging
      n29: Questions on this topic love the word ‘identify’ or ‘give’ — if you are given a scenario with a valid range, b
             -> 346 KB, 29.5s, uploaded
      manifest updated (29 entries)

Regenerated 5 clips.

=== VERIFY (ranged GET + freshness) ===
  206  L07 n26  bytes 0-3/307872  Last-Modified: Fri, 18 Sep 2026 09:05:07 GMT  mp3-sync=OK
  206  L09 n29  bytes 0-3/353952  Last-Modified: Fri, 18 Sep 2026 09:05:09 GMT  mp3-sync=OK
  206  L02 n32  bytes 0-3/405216  Last-Modified: Fri, 18 Sep 2026 09:05:06 GMT  mp3-sync=OK
  206  L07 n26  bytes 0-3/307872  Last-Modified: Fri, 18 Sep 2026 09:05:07 GMT  mp3-sync=OK
  206  L09 n29  bytes 0-3/353952  Last-Modified: Fri, 18 Sep 2026 09:05:09 GMT  mp3-sync=OK

5/5 clips verified HTTP 200/206 with fresh audio.
