=== APPLY EDITS english-literature-aqa/power-and-conflict  55 edits  LIVE  2026-09-02T00:32:18.582Z
  ok   #0 L1.content_html [MEDIUM] F1: /h/ in 'half' is not a plosive, and one word cannot alliterate.
  ok   #30 L1.practice_questions[0].marks [MEDIUM] F31: 'Top band' was used twice; 26-30 is the top band.
  PATCH L1: content_html, practice_questions
  ok   #1 L2.content_html [HIGH] F2: Guy Fawkes is not named in the poem.
  ok   #2 L2.content_html [MEDIUM] F3: that definition is alliteration, not anaphora.
  ok   #3 L2.content_html [MEDIUM] F5: the poem reads 'a slave / with vision' - no article.
  ok   #31 L2.practice_questions[0].marks [MEDIUM] F31: 'Top band' was used twice; 26-30 is the top band.
  ok   #40 L2.practice_questions[3].marks [HIGH] F4: the italics carry the Caribbean history, not the British; nothing is in bold.
  ok   #41 L2.glossary_terms[2].definition [MEDIUM] F3: that definition is alliteration, not anaphora.
  PATCH L2: content_html, practice_questions, glossary_terms
  ok   #4 L3.content_html [MEDIUM] F6: 'was running' is past continuous.
  ok   #5 L3.content_html [MEDIUM] F7: the six stanzas run 8/9/8/12/11/6 lines - not regular.
  ok   #32 L3.practice_questions[0].marks [MEDIUM] F31: 'Top band' was used twice; 26-30 is the top band.
  ok   #42 L3.flashcard_questions[13].a [MEDIUM] F7: stanza lengths are unequal; the rhythm is what is regular.
  PATCH L3: content_html, practice_questions, flashcard_questions
  ok   #33 L4.practice_questions[0].marks [MEDIUM] F31: 'Top band' was used twice; 26-30 is the top band.
  ok   #43 L4.knowledge_checks[2].options[3] [MEDIUM] F8: rhyming couplets in iambic pentameter ARE heroic couplets, so 'heroic' was a second correct answer.
  PATCH L4: practice_questions, knowledge_checks
  ok   #6 L5.content_html [MEDIUM] F9: Owen was at Craiglockhart then Scarborough in the winter of 1917-18, not in the trenches.
  ok   #7 L5.content_html [MEDIUM] F10: the poem reads 'in shaking grasp' - no 'their'.
  ok   #8 L5.content_html [MEDIUM] F11: the poem reads 'This wizened earth'.
  ok   #9 L5.content_html [MEDIUM] F12: the poem was published in 1966; the Troubles began c. 1968.
  ok   #10 L5.exam_tip_html [MEDIUM] F12: 1966 poem cannot be written during the Troubles.
  ok   #34 L5.practice_questions[0].marks [MEDIUM] F31: 'Top band' was used twice; 26-30 is the top band.
  ok   #44 L5.flashcard_questions[1].q [MEDIUM] F9: date corrected.
  ok   #45 L5.flashcard_questions[1].a [MEDIUM] F9: Owen was not in the trenches in the winter of 1917-18.
  PATCH L5: content_html, exam_tip_html, practice_questions, flashcard_questions
  ok   #11 L6.content_html [HIGH] F13: 'wandering' does not appear in 'Remains'.
  ok   #12 L6.content_html [LOW] F14: The Not Dead was broadcast on Channel 4 on 12 November 2007.
  ok   #13 L6.content_html [LOW] F17: the printed text reads 'In his dark room'.
  ok   #14 L6.exam_tip_html [HIGH] F15: 'War Photographer' is four sestets, not quatrains.
  ok   #35 L6.practice_questions[0].marks [MEDIUM] F31: 'Top band' was used twice; 26-30 is the top band.
  PATCH L6: content_html, exam_tip_html, practice_questions
  ok   #15 L7.content_html [HIGH] F18: 'a shaven-headed full moon' is not in the poem; the text reads 'a shaven head / full of powerful incantat
  ok   #16 L7.content_html [HIGH] F19: 'no longer spoke to him' is not in the poem.
  ok   #17 L7.content_html [MEDIUM] F20: 'my mother / she said that' is not a line in the poem.
  ok   #36 L7.practice_questions[0].marks [MEDIUM] F31: 'Top band' was used twice; 26-30 is the top band.
  ok   #46 L7.flashcard_questions[5].q [HIGH] F18: fabricated quotation removed.
  ok   #47 L7.flashcard_questions[5].a [HIGH] F18: 'a shaven-headed full moon' is not in the poem.
  ok   #48 L7.knowledge_checks[2].options[2] [MEDIUM] F21: 'reported speech' is a synonym of 'indirect speech', so it was a second correct answer.
  PATCH L7: content_html, practice_questions, flashcard_questions, knowledge_checks
  ok   #18 L8.content_html [HIGH] F22: the poem opens 'Three days before Armistice Sunday'.
  ok   #19 L8.content_html [MEDIUM] F25: 'tissue paper' is not in 'Poppies'.
  ok   #20 L8.content_html [MEDIUM] F27: the poem reads 'Paper thinned by age or touching, / the kind you find in well-used books'.
  ok   #21 L8.content_html [MEDIUM] F26: the poem reads 'Maps too. The sun shines through / their borderlines'.
  ok   #37 L8.practice_questions[0].marks [MEDIUM] F31: 'Top band' was used twice; 26-30 is the top band.
  ok   #49 L8.practice_questions[3].marks [HIGH] F23: neither quotation is in 'Poppies'; the words 'tissue' and 'bleeding' do not appear.
  ok   #50 L8.practice_questions[5].marks [HIGH] F24: 'trembling' does not appear in 'Poppies'.
  PATCH L8: content_html, practice_questions
  ok   #22 L9.content_html [MEDIUM] F29: the line break falls after 'I found', and 'boat'/'willow' are lower case.
  ok   #23 L9.content_html [LOW] F29: match the printed lower case.
  ok   #24 L9.content_html [LOW] F29: match the printed lower case.
  ok   #25 L9.content_html [LOW] F29: match the printed lower case.
  ok   #26 L9.content_html [HIGH] F28: the poem reads 'As if with voluntary power instinct, / Upreared its head'.
  ok   #27 L9.content_html [HIGH] F28: 'voluntary purpose' is not the wording.
  ok   #28 L9.content_html [MEDIUM] F30: the extract reads 'in grave / And serious mood'.
  ok   #38 L9.practice_questions[0].marks [MEDIUM] F31: 'Top band' was used twice; 26-30 is the top band.
  ok   #51 L9.flashcard_questions[6].a [HIGH] F28: correct wording of the line.
  ok   #52 L9.flashcard_questions[7].q [HIGH] F28: correct wording of the phrase.
  ok   #53 L9.practice_questions[2].marks [HIGH] F28: correct wording of the phrase.
  ok   #54 L9.flashcard_questions[4].a [MEDIUM] F29: line break falls after 'I found'.
  PATCH L9: content_html, practice_questions, flashcard_questions
  ok   #29 L10.content_html [HIGH] F16: 'War Photographer' is four sestets, not quatrains.
  ok   #39 L10.practice_questions[0].marks [MEDIUM] F31: 'Top band' was used twice; 26-30 is the top band.
  PATCH L10: content_html, practice_questions
=== 55 applied, 0 skipped, 10 lessons / 28 fields changed
