
=== RE-NARRATION (changed narrated text only) ===
backup: C:\Users\tshau\Documents\Study Vault\scripts\_retrofc\units\english-literature-aqa__power-and-conflict\_backup.json
unit:   english-literature-aqa / power-and-conflict
run: 2026-09-02T00:32:22Z  mode: LIVE
  L04: no narrated field changed -> skip

9 lessons, 26 clips to regenerate

  L01 (Ollie)  Ozymandias — Power & Its Decay
      n8: “Half sunk, a shattered visage lies” — The sibilance in “sunk” and “shattered” creates a sense of violent dest
             -> 148 KB, 12.7s, uploaded
      manifest updated (25 entries)
  L02 (Ada)  London & Checking Out Me History
      n13: John Agard wrote this poem to protest the Eurocentric education system he experienced. The poem alternates bet
             -> 224 KB, 19.1s, uploaded
      n16: “Toussaint / a slave / with vision / lick back / Napoleon / battalion” — The short, punchy lines about Toussai
             -> 244 KB, 20.8s, uploaded
      manifest updated (26 entries)
  L03 (Ollie)  The Charge of the Light Brigade & Bayonet Charge
      n13: “Suddenly he awoke and was running” — The abrupt opening disorients the reader. “Awoke” suggests the soldier h
             -> 171 KB, 14.6s, uploaded
      n19: Use of form: Tennyson uses a regular, driving rhythm and repeated refrains; Hughes uses three stanzas of unequ
             -> 278 KB, 23.7s, uploaded
      manifest updated (25 entries)
  L05 (Ollie)  Exposure & Storm on the Island
      n2: Wilfred Owen drafted ‘Exposure’ in late 1917 and revised it in 1918. It draws on the freezing weeks he had spe
             -> 312 KB, 26.6s, uploaded
      n7: “The burying-party, picks and shovels in shaking grasp, / Pause over half-known faces” — The final stanza desc
             -> 223 KB, 19.1s, uploaded
      n11: Seamus Heaney published ‘Storm on the Island’ in 1966. On the surface, the poem describes a community on a rem
             -> 284 KB, 24.2s, uploaded
      n14: “This wizened earth has never troubled us / With hay” — The enjambment creates a momentary surprise. The earth
             -> 193 KB, 16.5s, uploaded
      n20: Both poems explore the power of nature, but the strongest exam responses will distinguish between their purpos
             -> 255 KB, 21.7s, uploaded
      manifest updated (24 entries)
  L06 (Ada)  Remains & War Photographer
      n2: Simon Armitage based ‘Remains’ on the real testimony of a soldier called Guardsman Tromans, who served in Iraq
             -> 263 KB, 22.4s, uploaded
      n6: “His blood-shadow stays on the street” — The compound noun “blood-shadow” suggests the victim haunts the speak
             -> 143 KB, 12.2s, uploaded
      n14: “In his dark room he is finally alone / with spools of suffering set out in ordered rows” — The sibilance in “
             -> 250 KB, 21.3s, uploaded
      n21: These poems are frequently compared in the exam. To reach the top levels, analyse how both poets use form to c
             -> 274 KB, 23.4s, uploaded
      manifest updated (25 entries)
  L07 (Ollie)  Kamikaze & The Emigrée
      n5: “a shaven head / full of powerful incantations” — The pilot’s head is “full” of ritual chants, not of his own 
             -> 235 KB, 20.1s, uploaded
      n7: “they treated him / as though he no longer existed” — After his return, the pilot is socially dead. His mother
             -> 208 KB, 17.7s, uploaded
      n10: The poem uses indirect speech (“she said, he must have wondered”) rather than letting the pilot speak directly
             -> 217 KB, 18.5s, uploaded
      manifest updated (25 entries)
  L08 (Ada)  Tissue & Poppies
      n3: Key Fact . Dharker references the “Koran” (Qur’an) as “paper thinned by age or touching”. This links the sacre
             -> 231 KB, 19.7s, uploaded
      n5: “Maps too. The sun shines through / their borderlines, the marks / that rivers make, roads, / railtracks, moun
             -> 295 KB, 25.2s, uploaded
      n11: Jane Weir wrote ‘Poppies’ from the perspective of a mother whose son has gone to war. The poem is set three da
             -> 305 KB, 26.0s, uploaded
      n18: Both poems use the fragility of paper/tissue as a central motif. Dharker uses it abstractly — paper represents
             -> 303 KB, 25.9s, uploaded
      manifest updated (24 entries)
  L09 (Ollie)  The Prelude — Power of Nature
      n6: “One summer evening (led by her) I found / A little boat tied to a willow tree” — Nature (“her”) is personifie
             -> 227 KB, 19.4s, uploaded
      n8: “a huge peak, black and huge, / As if with voluntary power instinct, / Upreared its head” — The mountain is pe
             -> 267 KB, 22.8s, uploaded
      n9: “with trembling oars I turned, / And through the silent water stole my way / Back to the covert of the willow 
             -> 286 KB, 24.4s, uploaded
      n13: Nature’s moral authority: The boy stole the boat — a transgression. Nature’s response (the mountain rising) ca
             -> 258 KB, 22.0s, uploaded
      manifest updated (22 entries)
  L10 (Ada)  Comparing Poems & Exam Skills
      n14: Key Fact . Example plan (theme: effects of conflict): 1. How conflict is experienced — “probably armed, possib
             -> 418 KB, 35.7s, uploaded
      manifest updated (29 entries)

Regenerated 26 clips.

=== VERIFY (ranged GET + freshness) ===
  206  L01 n8  bytes 0-3/151776  Last-Modified: Wed, 02 Sep 2026 00:32:28 GMT  mp3-sync=OK
  206  L02 n13  bytes 0-3/228960  Last-Modified: Wed, 02 Sep 2026 00:32:32 GMT  mp3-sync=OK
  206  L02 n16  bytes 0-3/249408  Last-Modified: Wed, 02 Sep 2026 00:32:35 GMT  mp3-sync=OK
  206  L03 n13  bytes 0-3/175392  Last-Modified: Wed, 02 Sep 2026 00:32:39 GMT  mp3-sync=OK
  206  L03 n19  bytes 0-3/284256  Last-Modified: Wed, 02 Sep 2026 00:32:43 GMT  mp3-sync=OK
  206  L05 n2  bytes 0-3/319680  Last-Modified: Wed, 02 Sep 2026 00:32:47 GMT  mp3-sync=OK
  206  L05 n7  bytes 0-3/228672  Last-Modified: Wed, 02 Sep 2026 00:32:51 GMT  mp3-sync=OK
  206  L05 n11  bytes 0-3/290304  Last-Modified: Wed, 02 Sep 2026 00:32:55 GMT  mp3-sync=OK
  206  L05 n14  bytes 0-3/197568  Last-Modified: Wed, 02 Sep 2026 00:32:58 GMT  mp3-sync=OK
  206  L05 n20  bytes 0-3/260640  Last-Modified: Wed, 02 Sep 2026 00:33:01 GMT  mp3-sync=OK
  206  L06 n2  bytes 0-3/269280  Last-Modified: Wed, 02 Sep 2026 00:33:05 GMT  mp3-sync=OK
  206  L06 n6  bytes 0-3/146304  Last-Modified: Wed, 02 Sep 2026 00:33:08 GMT  mp3-sync=OK
  206  L06 n14  bytes 0-3/256032  Last-Modified: Wed, 02 Sep 2026 00:33:12 GMT  mp3-sync=OK
  206  L06 n21  bytes 0-3/280800  Last-Modified: Wed, 02 Sep 2026 00:33:15 GMT  mp3-sync=OK
  206  L07 n5  bytes 0-3/240768  Last-Modified: Wed, 02 Sep 2026 00:33:19 GMT  mp3-sync=OK
  206  L07 n7  bytes 0-3/212832  Last-Modified: Wed, 02 Sep 2026 00:33:22 GMT  mp3-sync=OK
  206  L07 n10  bytes 0-3/222336  Last-Modified: Wed, 02 Sep 2026 00:33:26 GMT  mp3-sync=OK
  206  L08 n3  bytes 0-3/236160  Last-Modified: Wed, 02 Sep 2026 00:33:30 GMT  mp3-sync=OK
  206  L08 n5  bytes 0-3/302112  Last-Modified: Wed, 02 Sep 2026 00:33:34 GMT  mp3-sync=OK
  206  L08 n11  bytes 0-3/312192  Last-Modified: Wed, 02 Sep 2026 00:33:39 GMT  mp3-sync=OK
  206  L08 n18  bytes 0-3/310752  Last-Modified: Wed, 02 Sep 2026 00:33:44 GMT  mp3-sync=OK
  206  L09 n6  bytes 0-3/232416  Last-Modified: Wed, 02 Sep 2026 00:33:48 GMT  mp3-sync=OK
  206  L09 n8  bytes 0-3/273888  Last-Modified: Wed, 02 Sep 2026 00:33:53 GMT  mp3-sync=OK
  206  L09 n9  bytes 0-3/292896  Last-Modified: Wed, 02 Sep 2026 00:33:57 GMT  mp3-sync=OK
  206  L09 n13  bytes 0-3/263808  Last-Modified: Wed, 02 Sep 2026 00:34:01 GMT  mp3-sync=OK
  206  L10 n14  bytes 0-3/428544  Last-Modified: Wed, 02 Sep 2026 00:34:07 GMT  mp3-sync=OK

26/26 clips verified HTTP 200/206 with fresh audio.
