=== APPLY EDITS english-literature-ocr/dr-jekyll-and-mr-hyde  126 edits  LIVE  2026-09-02T21:37:36.678Z
  ok   #0 L1.practice_questions[0].type [HIGH] F1: the novella is the 19th-century prose text; Shakespeare sits in the other component.
  ok   #1 L1.practice_questions[0].marks [MEDIUM] F2: the old ladder used non-house band names and did not scale to 40 marks; rescaled to five equal house bands
  ok   #2 L1.practice_questions[1].type [HIGH] F1: the novella is the 19th-century prose text; Shakespeare sits in the other component.
  ok   #3 L1.practice_questions[1].marks [MEDIUM] F2: the old ladder used non-house band names and did not scale to 40 marks; rescaled to five equal house bands
  ok   #4 L1.practice_questions[2].type [HIGH] F1: the novella is the 19th-century prose text; Shakespeare sits in the other component.
  ok   #5 L1.practice_questions[2].marks [MEDIUM] F2: the old ladder used non-house band names and did not scale to 40 marks; rescaled to five equal house bands
  ok   #6 L1.practice_questions[3].type [HIGH] F1: the novella is the 19th-century prose text; Shakespeare sits in the other component.
  ok   #7 L1.practice_questions[3].marks [MEDIUM] F2: the old ladder used non-house band names and did not scale to 40 marks; rescaled to five equal house bands
  ok   #8 L1.practice_questions[4].type [HIGH] F1: the novella is the 19th-century prose text; Shakespeare sits in the other component.
  ok   #9 L1.practice_questions[4].marks [MEDIUM] F2: the old ladder used non-house band names and did not scale to 40 marks; rescaled to five equal house bands
  ok   #10 L1.practice_questions[5].type [HIGH] F1: the novella is the 19th-century prose text; Shakespeare sits in the other component.
  ok   #11 L1.practice_questions[5].marks [MEDIUM] F2: the old ladder used non-house band names and did not scale to 40 marks; rescaled to five equal house bands
  ok   #84 L1.exam_tip_html [LOW] F3: OCR sets one extended response on the novella, not a separate context question.
  PATCH L1: practice_questions, exam_tip_html
  ok   #12 L2.practice_questions[0].type [HIGH] F1: the novella is the 19th-century prose text; Shakespeare sits in the other component.
  ok   #13 L2.practice_questions[0].marks [MEDIUM] F2: the old ladder used non-house band names and did not scale to 40 marks; rescaled to five equal house bands
  ok   #14 L2.practice_questions[1].type [HIGH] F1: the novella is the 19th-century prose text; Shakespeare sits in the other component.
  ok   #15 L2.practice_questions[1].marks [MEDIUM] F2: the old ladder used non-house band names and did not scale to 40 marks; rescaled to five equal house bands
  ok   #16 L2.practice_questions[2].type [HIGH] F1: the novella is the 19th-century prose text; Shakespeare sits in the other component.
  ok   #17 L2.practice_questions[2].marks [MEDIUM] F2: the old ladder used non-house band names and did not scale to 40 marks; rescaled to five equal house bands
  ok   #18 L2.practice_questions[3].type [HIGH] F1: the novella is the 19th-century prose text; Shakespeare sits in the other component.
  ok   #19 L2.practice_questions[3].marks [MEDIUM] F2: the old ladder used non-house band names and did not scale to 40 marks; rescaled to five equal house bands
  ok   #20 L2.practice_questions[4].type [HIGH] F1: the novella is the 19th-century prose text; Shakespeare sits in the other component.
  ok   #21 L2.practice_questions[4].marks [MEDIUM] F2: the old ladder used non-house band names and did not scale to 40 marks; rescaled to five equal house bands
  ok   #22 L2.practice_questions[5].type [HIGH] F1: the novella is the 19th-century prose text; Shakespeare sits in the other component.
  ok   #23 L2.practice_questions[5].marks [MEDIUM] F2: the old ladder used non-house band names and did not scale to 40 marks; rescaled to five equal house bands
  ok   #85 L2.description [MEDIUM] F4: Stevenson never names the street; it is “a by-street”, a side street, not ‘Bye Street’.
  ok   #86 L2.content_html [MEDIUM] F4: Stevenson never names the street; it is “a by-street”, a side street, not ‘Bye Street’.
  ok   #87 L2.content_html [HIGH] F5: ‘a strong feeling of deformity’ is Enfield in ch. 1, not Utterson in ch. 2; the two speeches were spliced 
  ok   #88 L2.content_html [MEDIUM] F6: ch. 1 reads ‘a little man’ and ‘gave me one look, so ugly that it brought out the sweat on me like running
  ok   #89 L2.content_html [HIGH] F7: ch. 4 says ‘white hair’. ‘Silvery-haired’ belongs to the old woman at Hyde’s Soho house in ch. 4.
  ok   #90 L2.content_html [MEDIUM] F8: in ch. 4 Hyde clubs Carew down first; ‘ape-like fury’ belongs to the trampling that follows. The spliced q
  ok   #91 L2.content_html [LOW] F9: the pun is on Hyde/hide, and the ch. 2 line reads ‘I shall be Mr. Seek’.
  ok   #92 L2.content_html [LOW] F10: Stevenson wrote the novella in 1885 and it was published on 5 January 1886; the exposé ran in July 1885.
  ok   #110 L2.knowledge_checks[3].q [MEDIUM] F4: Stevenson never names the street; it is a by-street, not ‘Bye Street’.
  ok   #111 L2.knowledge_checks[4].left[0] [MEDIUM] F4: Stevenson never names the street; it is a by-street, not ‘Bye Street’.
  ok   #112 L2.flashcard_questions[3].a [MEDIUM] F6: the exact ch. 1 wording.
  ok   #113 L2.flashcard_questions[12].a [HIGH] F7: ch. 4 says ‘white hair’, not ‘silvery hair’.
  ok   #114 L2.flashcard_questions[10].a [MEDIUM] F8: the simile attaches to the trampling, not the clubbing.
  PATCH L2: practice_questions, description, content_html, knowledge_checks, flashcard_questions
  ok   #24 L3.practice_questions[0].type [HIGH] F1: the novella is the 19th-century prose text; Shakespeare sits in the other component.
  ok   #25 L3.practice_questions[0].marks [MEDIUM] F2: the old ladder used non-house band names and did not scale to 40 marks; rescaled to five equal house bands
  ok   #26 L3.practice_questions[1].type [HIGH] F1: the novella is the 19th-century prose text; Shakespeare sits in the other component.
  ok   #27 L3.practice_questions[1].marks [MEDIUM] F2: the old ladder used non-house band names and did not scale to 40 marks; rescaled to five equal house bands
  ok   #28 L3.practice_questions[2].type [HIGH] F1: the novella is the 19th-century prose text; Shakespeare sits in the other component.
  ok   #29 L3.practice_questions[2].marks [MEDIUM] F2: the old ladder used non-house band names and did not scale to 40 marks; rescaled to five equal house bands
  ok   #30 L3.practice_questions[3].type [HIGH] F1: the novella is the 19th-century prose text; Shakespeare sits in the other component.
  ok   #31 L3.practice_questions[3].marks [MEDIUM] F2: the old ladder used non-house band names and did not scale to 40 marks; rescaled to five equal house bands
  ok   #32 L3.practice_questions[4].type [HIGH] F1: the novella is the 19th-century prose text; Shakespeare sits in the other component.
  ok   #33 L3.practice_questions[4].marks [MEDIUM] F2: the old ladder used non-house band names and did not scale to 40 marks; rescaled to five equal house bands
  ok   #34 L3.practice_questions[5].type [HIGH] F1: the novella is the 19th-century prose text; Shakespeare sits in the other component.
  ok   #35 L3.practice_questions[5].marks [MEDIUM] F2: the old ladder used non-house band names and did not scale to 40 marks; rescaled to five equal house bands
  ok   #93 L3.content_html [MEDIUM] F11: ch. 5 reads ‘looking deathly sick’.
  ok   #94 L3.content_html [MEDIUM] F12: ch. 6 has the line once; the second half of the quotation was invented.
  ok   #95 L3.content_html [MEDIUM] F13: ‘the practical side of medicine’ is not in the novella; ‘hide-bound pedant’ is Jekyll in ch. 3 and ‘narro
  ok   #96 L3.content_html [MEDIUM] F14: Freud had published nothing on the unconscious in the 1880s; the novella predates him.
  ok   #97 L3.content_html [MEDIUM] F15: ‘white and shaky’ is not in ch. 8; the text has ‘his face was white and his voice… harsh and broken’, lat
  ok   #98 L3.content_html [HIGH] F16: in ch. 8 Poole is the witness, not a servant girl; there is no ‘dwarfish’ or ‘hairy’ hand on the stair (‘
  ok   #115 L3.flashcard_questions[7].a [MEDIUM] F14: Freud comes after the novella.
  ok   #116 L3.flashcard_questions[11].a [MEDIUM] F15: ‘white and shaky’ is not in the novella.
  ok   #117 L3.flashcard_questions[14].a [HIGH] F16: Poole is the witness and the evidence is the mask, the height and the cry.
  ok   #118 L3.practice_questions[5].text [HIGH] F17: the printed extract is not in the novella. Ch. 5 ends with Utterson’s thought, given here verbatim.
  PATCH L3: practice_questions, content_html, flashcard_questions
  ok   #36 L4.practice_questions[0].type [HIGH] F1: the novella is the 19th-century prose text; Shakespeare sits in the other component.
  ok   #37 L4.practice_questions[0].marks [MEDIUM] F2: the old ladder used non-house band names and did not scale to 40 marks; rescaled to five equal house bands
  ok   #38 L4.practice_questions[1].type [HIGH] F1: the novella is the 19th-century prose text; Shakespeare sits in the other component.
  ok   #39 L4.practice_questions[1].marks [MEDIUM] F2: the old ladder used non-house band names and did not scale to 40 marks; rescaled to five equal house bands
  ok   #40 L4.practice_questions[2].type [HIGH] F1: the novella is the 19th-century prose text; Shakespeare sits in the other component.
  ok   #41 L4.practice_questions[2].marks [MEDIUM] F2: the old ladder used non-house band names and did not scale to 40 marks; rescaled to five equal house bands
  ok   #42 L4.practice_questions[3].type [HIGH] F1: the novella is the 19th-century prose text; Shakespeare sits in the other component.
  ok   #43 L4.practice_questions[3].marks [MEDIUM] F2: the old ladder used non-house band names and did not scale to 40 marks; rescaled to five equal house bands
  ok   #44 L4.practice_questions[4].type [HIGH] F1: the novella is the 19th-century prose text; Shakespeare sits in the other component.
  ok   #45 L4.practice_questions[4].marks [MEDIUM] F2: the old ladder used non-house band names and did not scale to 40 marks; rescaled to five equal house bands
  ok   #46 L4.practice_questions[5].type [HIGH] F1: the novella is the 19th-century prose text; Shakespeare sits in the other component.
  ok   #47 L4.practice_questions[5].marks [MEDIUM] F2: the old ladder used non-house band names and did not scale to 40 marks; rescaled to five equal house bands
  ok   #99 L4.content_html [HIGH] F18: the quotation is invented and it reverses the sense — ch. 10 says Hyde’s powers grew as Jekyll sickened.
  ok   #100 L4.content_html [MEDIUM] F19: the spliced quotation does not exist, and the drug houses the lower elements rather than casting them off
  ok   #101 L4.content_html [MEDIUM] F20: ch. 9 reads ‘even in memory’.
  ok   #102 L4.content_html [MEDIUM] F21: the recorded self-description is ‘a fine bogey tale’ (Lloyd Osbourne’s account of the dream). ‘A fable’ i
  ok   #119 L4.flashcard_questions[14].q [MEDIUM] F21: pairs with the corrected answer.
  ok   #120 L4.flashcard_questions[14].a [MEDIUM] F21: ‘a fable’ is not traced to Stevenson.
  PATCH L4: practice_questions, content_html, flashcard_questions
  ok   #48 L5.practice_questions[0].type [HIGH] F1: the novella is the 19th-century prose text; Shakespeare sits in the other component.
  ok   #49 L5.practice_questions[0].marks [MEDIUM] F2: the old ladder used non-house band names and did not scale to 40 marks; rescaled to five equal house bands
  ok   #50 L5.practice_questions[1].type [HIGH] F1: the novella is the 19th-century prose text; Shakespeare sits in the other component.
  ok   #51 L5.practice_questions[1].marks [MEDIUM] F2: the old ladder used non-house band names and did not scale to 40 marks; rescaled to five equal house bands
  ok   #52 L5.practice_questions[2].type [HIGH] F1: the novella is the 19th-century prose text; Shakespeare sits in the other component.
  ok   #53 L5.practice_questions[2].marks [MEDIUM] F2: the old ladder used non-house band names and did not scale to 40 marks; rescaled to five equal house bands
  ok   #54 L5.practice_questions[3].type [HIGH] F1: the novella is the 19th-century prose text; Shakespeare sits in the other component.
  ok   #55 L5.practice_questions[3].marks [MEDIUM] F2: the old ladder used non-house band names and did not scale to 40 marks; rescaled to five equal house bands
  ok   #56 L5.practice_questions[4].type [HIGH] F1: the novella is the 19th-century prose text; Shakespeare sits in the other component.
  ok   #57 L5.practice_questions[4].marks [MEDIUM] F2: the old ladder used non-house band names and did not scale to 40 marks; rescaled to five equal house bands
  ok   #58 L5.practice_questions[5].type [HIGH] F1: the novella is the 19th-century prose text; Shakespeare sits in the other component.
  ok   #59 L5.practice_questions[5].marks [MEDIUM] F2: the old ladder used non-house band names and did not scale to 40 marks; rescaled to five equal house bands
  ok   #103 L5.content_html [HIGH] F22: ch. 1 reads ‘lean, long, dusty, dreary and yet somehow lovable’.
  ok   #121 L5.flashcard_questions[7].a [HIGH] F22: the exact ch. 1 wording.
  PATCH L5: practice_questions, content_html, flashcard_questions
  ok   #60 L6.practice_questions[0].type [HIGH] F1: the novella is the 19th-century prose text; Shakespeare sits in the other component.
  ok   #61 L6.practice_questions[0].marks [MEDIUM] F2: the old ladder used non-house band names and did not scale to 40 marks; rescaled to five equal house bands
  ok   #62 L6.practice_questions[1].type [HIGH] F1: the novella is the 19th-century prose text; Shakespeare sits in the other component.
  ok   #63 L6.practice_questions[1].marks [MEDIUM] F2: the old ladder used non-house band names and did not scale to 40 marks; rescaled to five equal house bands
  ok   #64 L6.practice_questions[2].type [HIGH] F1: the novella is the 19th-century prose text; Shakespeare sits in the other component.
  ok   #65 L6.practice_questions[2].marks [MEDIUM] F2: the old ladder used non-house band names and did not scale to 40 marks; rescaled to five equal house bands
  ok   #66 L6.practice_questions[3].type [HIGH] F1: the novella is the 19th-century prose text; Shakespeare sits in the other component.
  ok   #67 L6.practice_questions[3].marks [MEDIUM] F2: the old ladder used non-house band names and did not scale to 40 marks; rescaled to five equal house bands
  ok   #68 L6.practice_questions[4].type [HIGH] F1: the novella is the 19th-century prose text; Shakespeare sits in the other component.
  ok   #69 L6.practice_questions[4].marks [MEDIUM] F2: the old ladder used non-house band names and did not scale to 40 marks; rescaled to five equal house bands
  ok   #70 L6.practice_questions[5].type [HIGH] F1: the novella is the 19th-century prose text; Shakespeare sits in the other component.
  ok   #71 L6.practice_questions[5].marks [MEDIUM] F2: the old ladder used non-house band names and did not scale to 40 marks; rescaled to five equal house bands
  ok   #104 L6.content_html [HIGH] F23: ‘a certain sinister block of building’ is the back on the by-street, not the front on the square. The les
  ok   #105 L6.content_html [MEDIUM] F24: ‘dismal’ describes the quarter of Soho in ch. 4; ch. 5 calls the laboratory ‘the dingy, windowless struct
  ok   #106 L6.content_html [MEDIUM] F25: ch. 4 places this at about nine in the morning, in a cab to Soho, not on a night walk.
  PATCH L6: practice_questions, content_html
  ok   #72 L7.practice_questions[0].type [HIGH] F1: the novella is the 19th-century prose text; Shakespeare sits in the other component.
  ok   #73 L7.practice_questions[0].marks [MEDIUM] F2: the old ladder used non-house band names and did not scale to 40 marks; rescaled to five equal house bands
  ok   #74 L7.practice_questions[1].type [HIGH] F1: the novella is the 19th-century prose text; Shakespeare sits in the other component.
  ok   #75 L7.practice_questions[1].marks [MEDIUM] F2: the old ladder used non-house band names and did not scale to 40 marks; rescaled to five equal house bands
  ok   #76 L7.practice_questions[2].type [HIGH] F1: the novella is the 19th-century prose text; Shakespeare sits in the other component.
  ok   #77 L7.practice_questions[2].marks [MEDIUM] F2: the old ladder used non-house band names and did not scale to 40 marks; rescaled to five equal house bands
  ok   #78 L7.practice_questions[3].type [HIGH] F1: the novella is the 19th-century prose text; Shakespeare sits in the other component.
  ok   #79 L7.practice_questions[3].marks [MEDIUM] F2: the old ladder used non-house band names and did not scale to 40 marks; rescaled to five equal house bands
  ok   #80 L7.practice_questions[4].type [HIGH] F1: the novella is the 19th-century prose text; Shakespeare sits in the other component.
  ok   #81 L7.practice_questions[4].marks [MEDIUM] F2: the old ladder used non-house band names and did not scale to 40 marks; rescaled to five equal house bands
  ok   #82 L7.practice_questions[5].type [HIGH] F1: the novella is the 19th-century prose text; Shakespeare sits in the other component.
  ok   #83 L7.practice_questions[5].marks [MEDIUM] F2: the old ladder used non-house band names and did not scale to 40 marks; rescaled to five equal house bands
  ok   #107 L7.content_html [HIGH] F27: the choice of two is fixed, not optional, and AO4 is assessed on this question.
  ok   #108 L7.content_html [MEDIUM] F28: the unit never states the real marks, timing or closed-text rule; the hedge left students guessing.
  ok   #109 L7.exam_tip_html [HIGH] F29: AO4 is assessed on this question, so a tip that names only three objectives misleads.
  ok   #122 L7.knowledge_checks[1].q [HIGH] F26: four objectives are assessed here, so the stem must not say three.
  ok   #123 L7.knowledge_checks[1].correct [HIGH] F26: AO4 (spelling and punctuation) is assessed on the 19th-century prose question, so the true answer was bei
  ok   #124 L7.glossary_terms[3].definition [MEDIUM] F29: AO4 is assessed on this question.
  ok   #125 L7.flashcard_questions[5].a [LOW] F30: a one-word flashcard answer is only allowed after What is / Who was / When / Name.
  PATCH L7: practice_questions, content_html, exam_tip_html, knowledge_checks, glossary_terms, flashcard_questions
=== 126 applied, 0 skipped, 7 lessons / 24 fields changed
=== APPLY EDITS english-literature-ocr/dr-jekyll-and-mr-hyde  127 edits  LIVE  2026-09-02T21:38:02.924Z
  ok   #0 L1.practice_questions[0].type [HIGH] F1: the novella is the 19th-century prose text; Shakespeare sits in the other component.
  ok   #1 L1.practice_questions[0].marks [MEDIUM] F2: the old ladder used non-house band names and did not scale to 40 marks; rescaled to five equal house bands
  ok   #2 L1.practice_questions[1].type [HIGH] F1: the novella is the 19th-century prose text; Shakespeare sits in the other component.
  ok   #3 L1.practice_questions[1].marks [MEDIUM] F2: the old ladder used non-house band names and did not scale to 40 marks; rescaled to five equal house bands
  ok   #4 L1.practice_questions[2].type [HIGH] F1: the novella is the 19th-century prose text; Shakespeare sits in the other component.
  ok   #5 L1.practice_questions[2].marks [MEDIUM] F2: the old ladder used non-house band names and did not scale to 40 marks; rescaled to five equal house bands
  ok   #6 L1.practice_questions[3].type [HIGH] F1: the novella is the 19th-century prose text; Shakespeare sits in the other component.
  ok   #7 L1.practice_questions[3].marks [MEDIUM] F2: the old ladder used non-house band names and did not scale to 40 marks; rescaled to five equal house bands
  ok   #8 L1.practice_questions[4].type [HIGH] F1: the novella is the 19th-century prose text; Shakespeare sits in the other component.
  ok   #9 L1.practice_questions[4].marks [MEDIUM] F2: the old ladder used non-house band names and did not scale to 40 marks; rescaled to five equal house bands
  ok   #10 L1.practice_questions[5].type [HIGH] F1: the novella is the 19th-century prose text; Shakespeare sits in the other component.
  ok   #11 L1.practice_questions[5].marks [MEDIUM] F2: the old ladder used non-house band names and did not scale to 40 marks; rescaled to five equal house bands
  ok   #84 L1.exam_tip_html [LOW] F3: OCR sets one extended response on the novella, not a separate context question.
  PATCH L1: practice_questions, exam_tip_html
  ok   #12 L2.practice_questions[0].type [HIGH] F1: the novella is the 19th-century prose text; Shakespeare sits in the other component.
  ok   #13 L2.practice_questions[0].marks [MEDIUM] F2: the old ladder used non-house band names and did not scale to 40 marks; rescaled to five equal house bands
  ok   #14 L2.practice_questions[1].type [HIGH] F1: the novella is the 19th-century prose text; Shakespeare sits in the other component.
  ok   #15 L2.practice_questions[1].marks [MEDIUM] F2: the old ladder used non-house band names and did not scale to 40 marks; rescaled to five equal house bands
  ok   #16 L2.practice_questions[2].type [HIGH] F1: the novella is the 19th-century prose text; Shakespeare sits in the other component.
  ok   #17 L2.practice_questions[2].marks [MEDIUM] F2: the old ladder used non-house band names and did not scale to 40 marks; rescaled to five equal house bands
  ok   #18 L2.practice_questions[3].type [HIGH] F1: the novella is the 19th-century prose text; Shakespeare sits in the other component.
  ok   #19 L2.practice_questions[3].marks [MEDIUM] F2: the old ladder used non-house band names and did not scale to 40 marks; rescaled to five equal house bands
  ok   #20 L2.practice_questions[4].type [HIGH] F1: the novella is the 19th-century prose text; Shakespeare sits in the other component.
  ok   #21 L2.practice_questions[4].marks [MEDIUM] F2: the old ladder used non-house band names and did not scale to 40 marks; rescaled to five equal house bands
  ok   #22 L2.practice_questions[5].type [HIGH] F1: the novella is the 19th-century prose text; Shakespeare sits in the other component.
  ok   #23 L2.practice_questions[5].marks [MEDIUM] F2: the old ladder used non-house band names and did not scale to 40 marks; rescaled to five equal house bands
  ok   #85 L2.description [MEDIUM] F4: Stevenson never names the street; it is “a by-street”, a side street, not ‘Bye Street’.
  ok   #86 L2.content_html [MEDIUM] F4: Stevenson never names the street; it is “a by-street”, a side street, not ‘Bye Street’.
  ok   #87 L2.content_html [HIGH] F5: ‘a strong feeling of deformity’ is Enfield in ch. 1, not Utterson in ch. 2; the two speeches were spliced 
  ok   #88 L2.content_html [MEDIUM] F6: ch. 1 reads ‘a little man’ and ‘gave me one look, so ugly that it brought out the sweat on me like running
  ok   #89 L2.content_html [HIGH] F7: ch. 4 says ‘white hair’. ‘Silvery-haired’ belongs to the old woman at Hyde’s Soho house in ch. 4.
  ok   #90 L2.content_html [MEDIUM] F8: in ch. 4 Hyde clubs Carew down first; ‘ape-like fury’ belongs to the trampling that follows. The spliced q
  ok   #91 L2.content_html [LOW] F9: the pun is on Hyde/hide, and the ch. 2 line reads ‘I shall be Mr. Seek’.
  ok   #92 L2.content_html [LOW] F10: Stevenson wrote the novella in 1885 and it was published on 5 January 1886; the exposé ran in July 1885.
  ok   #110 L2.knowledge_checks[3].q [MEDIUM] F4: Stevenson never names the street; it is a by-street, not ‘Bye Street’.
  ok   #111 L2.knowledge_checks[4].left[0] [MEDIUM] F4: Stevenson never names the street; it is a by-street, not ‘Bye Street’.
  ok   #112 L2.flashcard_questions[3].a [MEDIUM] F6: the exact ch. 1 wording.
  ok   #113 L2.flashcard_questions[12].a [HIGH] F7: ch. 4 says ‘white hair’, not ‘silvery hair’.
  ok   #114 L2.flashcard_questions[10].a [MEDIUM] F8: the simile attaches to the trampling, not the clubbing.
  PATCH L2: practice_questions, description, content_html, knowledge_checks, flashcard_questions
  ok   #24 L3.practice_questions[0].type [HIGH] F1: the novella is the 19th-century prose text; Shakespeare sits in the other component.
  ok   #25 L3.practice_questions[0].marks [MEDIUM] F2: the old ladder used non-house band names and did not scale to 40 marks; rescaled to five equal house bands
  ok   #26 L3.practice_questions[1].type [HIGH] F1: the novella is the 19th-century prose text; Shakespeare sits in the other component.
  ok   #27 L3.practice_questions[1].marks [MEDIUM] F2: the old ladder used non-house band names and did not scale to 40 marks; rescaled to five equal house bands
  ok   #28 L3.practice_questions[2].type [HIGH] F1: the novella is the 19th-century prose text; Shakespeare sits in the other component.
  ok   #29 L3.practice_questions[2].marks [MEDIUM] F2: the old ladder used non-house band names and did not scale to 40 marks; rescaled to five equal house bands
  ok   #30 L3.practice_questions[3].type [HIGH] F1: the novella is the 19th-century prose text; Shakespeare sits in the other component.
  ok   #31 L3.practice_questions[3].marks [MEDIUM] F2: the old ladder used non-house band names and did not scale to 40 marks; rescaled to five equal house bands
  ok   #32 L3.practice_questions[4].type [HIGH] F1: the novella is the 19th-century prose text; Shakespeare sits in the other component.
  ok   #33 L3.practice_questions[4].marks [MEDIUM] F2: the old ladder used non-house band names and did not scale to 40 marks; rescaled to five equal house bands
  ok   #34 L3.practice_questions[5].type [HIGH] F1: the novella is the 19th-century prose text; Shakespeare sits in the other component.
  ok   #35 L3.practice_questions[5].marks [MEDIUM] F2: the old ladder used non-house band names and did not scale to 40 marks; rescaled to five equal house bands
  ok   #93 L3.content_html [MEDIUM] F11: ch. 5 reads ‘looking deathly sick’.
  ok   #94 L3.content_html [MEDIUM] F12: ch. 6 has the line once; the second half of the quotation was invented.
  ok   #95 L3.content_html [MEDIUM] F13: ‘the practical side of medicine’ is not in the novella; ‘hide-bound pedant’ is Jekyll in ch. 3 and ‘narro
  ok   #96 L3.content_html [MEDIUM] F14: Freud had published nothing on the unconscious in the 1880s; the novella predates him.
  ok   #97 L3.content_html [MEDIUM] F15: ‘white and shaky’ is not in ch. 8; the text has ‘his face was white and his voice… harsh and broken’, lat
  ok   #98 L3.content_html [HIGH] F16: in ch. 8 Poole is the witness, not a servant girl; there is no ‘dwarfish’ or ‘hairy’ hand on the stair (‘
  ok   #115 L3.flashcard_questions[7].a [MEDIUM] F14: Freud comes after the novella.
  ok   #116 L3.flashcard_questions[11].a [MEDIUM] F15: ‘white and shaky’ is not in the novella.
  ok   #117 L3.flashcard_questions[14].a [HIGH] F16: Poole is the witness and the evidence is the mask, the height and the cry.
  ok   #118 L3.practice_questions[5].text [HIGH] F17: the printed extract is not in the novella. Ch. 5 ends with Utterson’s thought, given here verbatim.
  PATCH L3: practice_questions, content_html, flashcard_questions
  ok   #36 L4.practice_questions[0].type [HIGH] F1: the novella is the 19th-century prose text; Shakespeare sits in the other component.
  ok   #37 L4.practice_questions[0].marks [MEDIUM] F2: the old ladder used non-house band names and did not scale to 40 marks; rescaled to five equal house bands
  ok   #38 L4.practice_questions[1].type [HIGH] F1: the novella is the 19th-century prose text; Shakespeare sits in the other component.
  ok   #39 L4.practice_questions[1].marks [MEDIUM] F2: the old ladder used non-house band names and did not scale to 40 marks; rescaled to five equal house bands
  ok   #40 L4.practice_questions[2].type [HIGH] F1: the novella is the 19th-century prose text; Shakespeare sits in the other component.
  ok   #41 L4.practice_questions[2].marks [MEDIUM] F2: the old ladder used non-house band names and did not scale to 40 marks; rescaled to five equal house bands
  ok   #42 L4.practice_questions[3].type [HIGH] F1: the novella is the 19th-century prose text; Shakespeare sits in the other component.
  ok   #43 L4.practice_questions[3].marks [MEDIUM] F2: the old ladder used non-house band names and did not scale to 40 marks; rescaled to five equal house bands
  ok   #44 L4.practice_questions[4].type [HIGH] F1: the novella is the 19th-century prose text; Shakespeare sits in the other component.
  ok   #45 L4.practice_questions[4].marks [MEDIUM] F2: the old ladder used non-house band names and did not scale to 40 marks; rescaled to five equal house bands
  ok   #46 L4.practice_questions[5].type [HIGH] F1: the novella is the 19th-century prose text; Shakespeare sits in the other component.
  ok   #47 L4.practice_questions[5].marks [MEDIUM] F2: the old ladder used non-house band names and did not scale to 40 marks; rescaled to five equal house bands
  ok   #99 L4.content_html [HIGH] F18: the quotation is invented and it reverses the sense — ch. 10 says Hyde’s powers grew as Jekyll sickened.
  ok   #100 L4.content_html [MEDIUM] F19: the spliced quotation does not exist, and the drug houses the lower elements rather than casting them off
  ok   #101 L4.content_html [MEDIUM] F20: ch. 9 reads ‘even in memory’.
  ok   #102 L4.content_html [MEDIUM] F21: the recorded self-description is ‘a fine bogey tale’ (Lloyd Osbourne’s account of the dream). ‘A fable’ i
  ok   #119 L4.flashcard_questions[14].q [MEDIUM] F21: pairs with the corrected answer.
  ok   #120 L4.flashcard_questions[14].a [MEDIUM] F21: ‘a fable’ is not traced to Stevenson.
  PATCH L4: practice_questions, content_html, flashcard_questions
  ok   #48 L5.practice_questions[0].type [HIGH] F1: the novella is the 19th-century prose text; Shakespeare sits in the other component.
  ok   #49 L5.practice_questions[0].marks [MEDIUM] F2: the old ladder used non-house band names and did not scale to 40 marks; rescaled to five equal house bands
  ok   #50 L5.practice_questions[1].type [HIGH] F1: the novella is the 19th-century prose text; Shakespeare sits in the other component.
  ok   #51 L5.practice_questions[1].marks [MEDIUM] F2: the old ladder used non-house band names and did not scale to 40 marks; rescaled to five equal house bands
  ok   #52 L5.practice_questions[2].type [HIGH] F1: the novella is the 19th-century prose text; Shakespeare sits in the other component.
  ok   #53 L5.practice_questions[2].marks [MEDIUM] F2: the old ladder used non-house band names and did not scale to 40 marks; rescaled to five equal house bands
  ok   #54 L5.practice_questions[3].type [HIGH] F1: the novella is the 19th-century prose text; Shakespeare sits in the other component.
  ok   #55 L5.practice_questions[3].marks [MEDIUM] F2: the old ladder used non-house band names and did not scale to 40 marks; rescaled to five equal house bands
  ok   #56 L5.practice_questions[4].type [HIGH] F1: the novella is the 19th-century prose text; Shakespeare sits in the other component.
  ok   #57 L5.practice_questions[4].marks [MEDIUM] F2: the old ladder used non-house band names and did not scale to 40 marks; rescaled to five equal house bands
  ok   #58 L5.practice_questions[5].type [HIGH] F1: the novella is the 19th-century prose text; Shakespeare sits in the other component.
  ok   #59 L5.practice_questions[5].marks [MEDIUM] F2: the old ladder used non-house band names and did not scale to 40 marks; rescaled to five equal house bands
  ok   #103 L5.content_html [HIGH] F22: ch. 1 reads ‘lean, long, dusty, dreary and yet somehow lovable’.
  ok   #121 L5.flashcard_questions[7].a [HIGH] F22: the exact ch. 1 wording.
  ok   #126 L5.flashcard_questions[7].q [MEDIUM] validator: quotation is a comma list; moved the quote into the question
  PATCH L5: practice_questions, content_html, flashcard_questions
  ok   #60 L6.practice_questions[0].type [HIGH] F1: the novella is the 19th-century prose text; Shakespeare sits in the other component.
  ok   #61 L6.practice_questions[0].marks [MEDIUM] F2: the old ladder used non-house band names and did not scale to 40 marks; rescaled to five equal house bands
  ok   #62 L6.practice_questions[1].type [HIGH] F1: the novella is the 19th-century prose text; Shakespeare sits in the other component.
  ok   #63 L6.practice_questions[1].marks [MEDIUM] F2: the old ladder used non-house band names and did not scale to 40 marks; rescaled to five equal house bands
  ok   #64 L6.practice_questions[2].type [HIGH] F1: the novella is the 19th-century prose text; Shakespeare sits in the other component.
  ok   #65 L6.practice_questions[2].marks [MEDIUM] F2: the old ladder used non-house band names and did not scale to 40 marks; rescaled to five equal house bands
  ok   #66 L6.practice_questions[3].type [HIGH] F1: the novella is the 19th-century prose text; Shakespeare sits in the other component.
  ok   #67 L6.practice_questions[3].marks [MEDIUM] F2: the old ladder used non-house band names and did not scale to 40 marks; rescaled to five equal house bands
  ok   #68 L6.practice_questions[4].type [HIGH] F1: the novella is the 19th-century prose text; Shakespeare sits in the other component.
  ok   #69 L6.practice_questions[4].marks [MEDIUM] F2: the old ladder used non-house band names and did not scale to 40 marks; rescaled to five equal house bands
  ok   #70 L6.practice_questions[5].type [HIGH] F1: the novella is the 19th-century prose text; Shakespeare sits in the other component.
  ok   #71 L6.practice_questions[5].marks [MEDIUM] F2: the old ladder used non-house band names and did not scale to 40 marks; rescaled to five equal house bands
  ok   #104 L6.content_html [HIGH] F23: ‘a certain sinister block of building’ is the back on the by-street, not the front on the square. The les
  ok   #105 L6.content_html [MEDIUM] F24: ‘dismal’ describes the quarter of Soho in ch. 4; ch. 5 calls the laboratory ‘the dingy, windowless struct
  ok   #106 L6.content_html [MEDIUM] F25: ch. 4 places this at about nine in the morning, in a cab to Soho, not on a night walk.
  PATCH L6: practice_questions, content_html
  ok   #72 L7.practice_questions[0].type [HIGH] F1: the novella is the 19th-century prose text; Shakespeare sits in the other component.
  ok   #73 L7.practice_questions[0].marks [MEDIUM] F2: the old ladder used non-house band names and did not scale to 40 marks; rescaled to five equal house bands
  ok   #74 L7.practice_questions[1].type [HIGH] F1: the novella is the 19th-century prose text; Shakespeare sits in the other component.
  ok   #75 L7.practice_questions[1].marks [MEDIUM] F2: the old ladder used non-house band names and did not scale to 40 marks; rescaled to five equal house bands
  ok   #76 L7.practice_questions[2].type [HIGH] F1: the novella is the 19th-century prose text; Shakespeare sits in the other component.
  ok   #77 L7.practice_questions[2].marks [MEDIUM] F2: the old ladder used non-house band names and did not scale to 40 marks; rescaled to five equal house bands
  ok   #78 L7.practice_questions[3].type [HIGH] F1: the novella is the 19th-century prose text; Shakespeare sits in the other component.
  ok   #79 L7.practice_questions[3].marks [MEDIUM] F2: the old ladder used non-house band names and did not scale to 40 marks; rescaled to five equal house bands
  ok   #80 L7.practice_questions[4].type [HIGH] F1: the novella is the 19th-century prose text; Shakespeare sits in the other component.
  ok   #81 L7.practice_questions[4].marks [MEDIUM] F2: the old ladder used non-house band names and did not scale to 40 marks; rescaled to five equal house bands
  ok   #82 L7.practice_questions[5].type [HIGH] F1: the novella is the 19th-century prose text; Shakespeare sits in the other component.
  ok   #83 L7.practice_questions[5].marks [MEDIUM] F2: the old ladder used non-house band names and did not scale to 40 marks; rescaled to five equal house bands
  ok   #107 L7.content_html [HIGH] F27: the choice of two is fixed, not optional, and AO4 is assessed on this question.
  ok   #108 L7.content_html [MEDIUM] F28: the unit never states the real marks, timing or closed-text rule; the hedge left students guessing.
  ok   #109 L7.exam_tip_html [HIGH] F29: AO4 is assessed on this question, so a tip that names only three objectives misleads.
  ok   #122 L7.knowledge_checks[1].q [HIGH] F26: four objectives are assessed here, so the stem must not say three.
  ok   #123 L7.knowledge_checks[1].correct [HIGH] F26: AO4 (spelling and punctuation) is assessed on the 19th-century prose question, so the true answer was bei
  ok   #124 L7.glossary_terms[3].definition [MEDIUM] F29: AO4 is assessed on this question.
  ok   #125 L7.flashcard_questions[5].a [LOW] F30: a one-word flashcard answer is only allowed after What is / Who was / When / Name.
  PATCH L7: practice_questions, content_html, exam_tip_html, knowledge_checks, glossary_terms, flashcard_questions
=== 127 applied, 0 skipped, 7 lessons / 24 fields changed
