
=== RE-NARRATION (changed narrated text only) ===
backup: C:\Users\tshau\Documents\Study Vault\scripts\_retrofc\units\english-literature-ocr__dr-jekyll-and-mr-hyde\_backup.json
unit:   english-literature-ocr / dr-jekyll-and-mr-hyde
run: 2026-09-02T21:38:07Z  mode: LIVE

7 lessons, 23 clips to regenerate

  L01 (Ollie)  Context: Victorian Duality
      n17: When you bring in context, always connect Victorian social pressures to Stevenson’s methods. Do not just say ‘
             -> 247 KB, 21.1s, uploaded
      manifest updated (21 entries)
  L02 (Ada)  Chapters 1-4: Mystery & Terror
      n4: Enfield tells the story of a “little man” who “trampled calmly” over a young girl and then “gave me one look, 
             -> 274 KB, 23.4s, uploaded
      n6: Utterson, disturbed by the story, reads Jekyll’s will: on Jekyll’s death or “disappearance” of more than three
             -> 246 KB, 21.0s, uploaded
      n7: When they finally meet, Hyde is described in strikingly unstable terms. Utterson says: “God bless me, the man 
             -> 389 KB, 33.2s, uploaded
      n8: Stevenson gives Utterson a pun on Hyde’s name: “If he be Mr Hyde… I shall be Mr Seek.” The playfulness is deli
             -> 323 KB, 27.6s, uploaded
      n12: The novella’s first moment of clear violence comes with Sir Danvers Carew’s murder. A maid watches from a moon
             -> 301 KB, 25.7s, uploaded
      n13: The setting amplifies the horror: a full moon, a silent street, a respected MP killed for no reason. Stevenson
             -> 219 KB, 18.7s, uploaded
      manifest updated (23 entries)
  L03 (Ollie)  Chapters 5-8: The Unravelling
      n2: After the Carew murder, Utterson visits Jekyll in his “cabinet” above the laboratory. Jekyll is “deathly sick”
             -> 341 KB, 29.1s, uploaded
      n5: Jekyll withdraws from society, then emerges briefly as his old self. Suddenly he refuses to see Utterson again
             -> 315 KB, 26.9s, uploaded
      n6: Stevenson uses Lanyon as a foil to Jekyll. Both are men of science, but Jekyll calls Lanyon a “hide-bound peda
             -> 220 KB, 18.8s, uploaded
      n7: The 1880s were a decade of rapid scientific advance and anxiety: Darwin’s ideas were reshaping biology, and ne
             -> 329 KB, 28.1s, uploaded
      n13: Poole, Jekyll’s butler, arrives at Utterson’s in terror: “Mr Utterson, sir, I’m afraid.” For a week a stranger
             -> 252 KB, 21.5s, uploaded
      n15: Key Fact . Poole notices three pieces of evidence: the voice sounds wrong, the masked figure he saw himself wa
             -> 192 KB, 16.4s, uploaded
      manifest updated (23 entries)
  L04 (Ada)  Chapters 9-10: The Revelations
      n5: Lanyon writes: “my life is shaken to its roots; sleep has left me… I cannot, even in memory, dwell on it witho
             -> 265 KB, 22.6s, uploaded
      n7: The final chapter is Jekyll’s own long confession. Stevenson shifts voice entirely — the controlled, professio
             -> 310 KB, 26.5s, uploaded
      n11: Gradually Jekyll loses the ability to return. After the Carew murder he vows never to take the drug again — bu
             -> 309 KB, 26.4s, uploaded
      n14: Modern criticism often reads Hyde as a figure for repressed Victorian sexuality, addiction, or class anxiety. 
             -> 216 KB, 18.4s, uploaded
      manifest updated (23 entries)
  L05 (Ollie)  Character Analysis
      n10: Gabriel John Utterson is Jekyll’s lawyer, friend, and the novella’s primary narrator. He is described as “lean
             -> 334 KB, 28.5s, uploaded
      manifest updated (20 entries)
  L06 (Ada)  Setting & Narrative
      n2: Stevenson’s London is both real and symbolic. The city’s geography mirrors Jekyll’s duality: respectable stree
             -> 412 KB, 35.2s, uploaded
      n6: Jekyll’s house is the novella’s most powerful symbol. The front faces a respectable square and “wore a great a
             -> 305 KB, 26.0s, uploaded
      n7: Stevenson develops this symbolism throughout. Jekyll’s laboratory — where the transformations occur — is at th
             -> 302 KB, 25.8s, uploaded
      manifest updated (21 entries)
  L07 (Ollie)  Key Themes & Exam Technique
      n14: Your 19th-century novel question offers a choice between an extract-based task and a discursive task. Both ass
             -> 472 KB, 40.3s, uploaded
      n17: OCR marks AO1, AO2 and AO3 together, and this question also carries marks for spelling and punctuation. The be
             -> 272 KB, 23.2s, uploaded
      manifest updated (20 entries)

Regenerated 23 clips.

=== VERIFY (ranged GET + freshness) ===
  206  L01 n17  bytes 0-3/252864  Last-Modified: Wed, 02 Sep 2026 21:38:14 GMT  mp3-sync=OK
  206  L02 n4  bytes 0-3/280224  Last-Modified: Wed, 02 Sep 2026 21:38:19 GMT  mp3-sync=OK
  206  L02 n6  bytes 0-3/252288  Last-Modified: Wed, 02 Sep 2026 21:38:23 GMT  mp3-sync=OK
  206  L02 n7  bytes 0-3/398304  Last-Modified: Wed, 02 Sep 2026 21:38:29 GMT  mp3-sync=OK
  206  L02 n8  bytes 0-3/330912  Last-Modified: Wed, 02 Sep 2026 21:38:34 GMT  mp3-sync=OK
  206  L02 n12  bytes 0-3/308448  Last-Modified: Wed, 02 Sep 2026 21:38:39 GMT  mp3-sync=OK
  206  L02 n13  bytes 0-3/224352  Last-Modified: Wed, 02 Sep 2026 21:38:43 GMT  mp3-sync=OK
  206  L03 n2  bytes 0-3/349632  Last-Modified: Wed, 02 Sep 2026 21:38:48 GMT  mp3-sync=OK
  206  L03 n5  bytes 0-3/322848  Last-Modified: Wed, 02 Sep 2026 21:38:53 GMT  mp3-sync=OK
  206  L03 n6  bytes 0-3/225216  Last-Modified: Wed, 02 Sep 2026 21:38:57 GMT  mp3-sync=OK
  206  L03 n7  bytes 0-3/336672  Last-Modified: Wed, 02 Sep 2026 21:39:02 GMT  mp3-sync=OK
  206  L03 n13  bytes 0-3/257760  Last-Modified: Wed, 02 Sep 2026 21:39:06 GMT  mp3-sync=OK
  206  L03 n15  bytes 0-3/196704  Last-Modified: Wed, 02 Sep 2026 21:39:09 GMT  mp3-sync=OK
  206  L04 n5  bytes 0-3/271584  Last-Modified: Wed, 02 Sep 2026 21:39:13 GMT  mp3-sync=OK
  206  L04 n7  bytes 0-3/317664  Last-Modified: Wed, 02 Sep 2026 21:39:18 GMT  mp3-sync=OK
  206  L04 n11  bytes 0-3/316512  Last-Modified: Wed, 02 Sep 2026 21:39:22 GMT  mp3-sync=OK
  206  L04 n14  bytes 0-3/220896  Last-Modified: Wed, 02 Sep 2026 21:39:26 GMT  mp3-sync=OK
  206  L05 n10  bytes 0-3/342432  Last-Modified: Wed, 02 Sep 2026 21:39:31 GMT  mp3-sync=OK
  206  L06 n2  bytes 0-3/422208  Last-Modified: Wed, 02 Sep 2026 21:39:37 GMT  mp3-sync=OK
  206  L06 n6  bytes 0-3/311904  Last-Modified: Wed, 02 Sep 2026 21:39:42 GMT  mp3-sync=OK
  206  L06 n7  bytes 0-3/309600  Last-Modified: Wed, 02 Sep 2026 21:39:47 GMT  mp3-sync=OK
  206  L07 n14  bytes 0-3/483264  Last-Modified: Wed, 02 Sep 2026 21:39:54 GMT  mp3-sync=OK
  206  L07 n17  bytes 0-3/278784  Last-Modified: Wed, 02 Sep 2026 21:39:58 GMT  mp3-sync=OK

23/23 clips verified HTTP 200/206 with fresh audio.
