=== APPLY EDITS english-literature-ocr/macbeth  54 edits  LIVE  2026-09-02T18:20:30.894Z
  ok   #0 L1.content_html [LOW] F1: Gutenberg 1.2 reads 'from the nave to the chops'; L6 already quotes 'chops'.
  ok   #1 L1.content_html [LOW] F2: Banquo is a figure from the chronicles, not a documented historical person.
  ok   #2 L1.flashcard_questions[2].a [LOW] F2: same fix on the flashcard answer.
  ok   #3 L1.practice_questions[0].marks [MEDIUM] F9: the ladder gave no mark bands and used non-house band names; rescaled to the house ladder across the real 
  ok   #4 L1.practice_questions[1].marks [MEDIUM] F9: the ladder gave no mark bands and used non-house band names; rescaled to the house ladder across the real 
  ok   #5 L1.practice_questions[2].marks [MEDIUM] F9: the ladder gave no mark bands and used non-house band names; rescaled to the house ladder across the real 
  ok   #6 L1.practice_questions[3].marks [MEDIUM] F9: the ladder gave no mark bands and used non-house band names; rescaled to the house ladder across the real 
  ok   #7 L1.practice_questions[4].marks [MEDIUM] F9: the ladder gave no mark bands and used non-house band names; rescaled to the house ladder across the real 
  ok   #8 L1.practice_questions[5].marks [MEDIUM] F9: the ladder gave no mark bands and used non-house band names; rescaled to the house ladder across the real 
  PATCH L1: content_html, flashcard_questions, practice_questions
  ok   #9 L2.exam_tip_html [MEDIUM] F3: banned spec code 'OCR J352'.
  ok   #10 L2.practice_questions[2].type [MEDIUM] F8: the band ladder on this question runs to 8 marks, so the 4-mark label contradicts it.
  ok   #11 L2.practice_questions[3].type [MEDIUM] F8: the band ladder on this question runs to 8 marks, so the 4-mark label contradicts it.
  ok   #12 L2.practice_questions[5].type [MEDIUM] F8: the band ladder on this question runs to 8 marks, so the 4-mark label contradicts it.
  PATCH L2: exam_tip_html, practice_questions
  ok   #13 L3.content_html [MEDIUM] F3: banned spec code 'OCR J352'.
  ok   #14 L3.exam_tip_html [MEDIUM] F3: banned spec code 'OCR J352'.
  ok   #15 L3.practice_questions[2].type [MEDIUM] F8: the band ladder on this question runs to 8 marks, so the 4-mark label contradicts it.
  ok   #16 L3.practice_questions[3].type [MEDIUM] F8: the band ladder on this question runs to 8 marks, so the 4-mark label contradicts it.
  ok   #17 L3.practice_questions[5].type [MEDIUM] F8: the band ladder on this question runs to 8 marks, so the 4-mark label contradicts it.
  PATCH L3: content_html, exam_tip_html, practice_questions
  ok   #18 L4.content_html [MEDIUM] F3: banned spec code 'OCR J352'.
  ok   #19 L4.description [LOW] F3b: the description was 100 characters; the validator wants under 100.
  ok   #20 L4.exam_tip_html [MEDIUM] F3: banned spec code 'OCR J352'.
  ok   #21 L4.practice_questions[2].type [MEDIUM] F8: the band ladder on this question runs to 8 marks, so the 4-mark label contradicts it.
  ok   #22 L4.practice_questions[3].type [MEDIUM] F8: the band ladder on this question runs to 8 marks, so the 4-mark label contradicts it.
  ok   #23 L4.practice_questions[5].type [MEDIUM] F8: the band ladder on this question runs to 8 marks, so the 4-mark label contradicts it.
  PATCH L4: content_html, description, exam_tip_html, practice_questions
  ok   #24 L5.content_html [MEDIUM] F3: banned spec code 'OCR J352'.
  ok   #25 L5.exam_tip_html [MEDIUM] F3: banned spec code 'OCR J352'.
  ok   #26 L5.practice_questions[5].text [LOW] F6: 'this dead butcher' is Malcolm's line (5.8), not Shakespeare speaking.
  ok   #27 L5.practice_questions[2].type [MEDIUM] F8: the band ladder on this question runs to 8 marks, so the 4-mark label contradicts it.
  ok   #28 L5.practice_questions[3].type [MEDIUM] F8: the band ladder on this question runs to 8 marks, so the 4-mark label contradicts it.
  ok   #29 L5.practice_questions[5].type [MEDIUM] F8: the band ladder on this question runs to 8 marks, so the 4-mark label contradicts it.
  PATCH L5: content_html, exam_tip_html, practice_questions
  ok   #30 L6.description [MEDIUM] F3: banned spec code 'OCR J352'.
  ok   #31 L6.exam_tip_html [MEDIUM] F3: banned spec code 'OCR J352'.
  ok   #32 L6.practice_questions[2].type [MEDIUM] F8: the band ladder on this question runs to 8 marks, so the 4-mark label contradicts it.
  ok   #33 L6.practice_questions[3].type [MEDIUM] F8: the band ladder on this question runs to 8 marks, so the 4-mark label contradicts it.
  ok   #34 L6.practice_questions[5].type [MEDIUM] F8: the band ladder on this question runs to 8 marks, so the 4-mark label contradicts it.
  PATCH L6: description, exam_tip_html, practice_questions
  ok   #35 L7.content_html [MEDIUM] F3: banned spec code 'OCR J352'.
  ok   #36 L7.content_html [MEDIUM] F3: banned spec code 'OCR J352'.
  ok   #37 L7.content_html [MEDIUM] F3: banned spec code 'OCR J352'; also clears the 'AO code then full stop' pattern the validator rejects.
  ok   #38 L7.content_html [LOW] F3c: 'AO2.' trips the validator's spec-code pattern.
  ok   #39 L7.description [LOW] F3b: the description was 101 characters; the validator wants under 100.
  ok   #40 L7.exam_tip_html [MEDIUM] F3: banned spec code 'OCR J352'.
  ok   #41 L7.exam_tip_html [LOW] F3c: 'AO2.' trips the validator's spec-code pattern.
  ok   #42 L7.knowledge_checks[4].right[2] [LOW] F7: Macbeth's line is 'So foul and fair a day I have not seen' (1.3).
  ok   #43 L7.practice_questions[2].type [MEDIUM] F8: the band ladder on this question runs to 8 marks, so the 4-mark label contradicts it.
  ok   #44 L7.practice_questions[3].type [MEDIUM] F8: the band ladder on this question runs to 8 marks, so the 4-mark label contradicts it.
  ok   #45 L7.practice_questions[5].type [MEDIUM] F8: the band ladder on this question runs to 8 marks, so the 4-mark label contradicts it.
  PATCH L7: content_html, description, exam_tip_html, knowledge_checks, practice_questions
  ok   #46 L8.conclusion_html [MEDIUM] F3: banned spec code 'OCR J352'.
  ok   #47 L8.description [MEDIUM] F3: banned spec code 'OCR J352'; also brings the description under 100 characters.
  ok   #48 L8.exam_tip_html [HIGH] F4: the paper is 2 hours for 80 marks, 40 marks per section, so the Shakespeare question is worth about an hou
  ok   #49 L8.knowledge_checks[1].q [MEDIUM] F5: banned spec codes 'OCR J352' and 'Component 02'; there is only one Shakespeare question, so 'each question
  ok   #50 L8.practice_questions[5].text [MEDIUM] F5: banned spec code 'OCR J352'.
  ok   #51 L8.practice_questions[2].type [MEDIUM] F8: the band ladder on this question runs to 8 marks, so the 4-mark label contradicts it.
  ok   #52 L8.practice_questions[3].type [MEDIUM] F8: the band ladder on this question runs to 8 marks, so the 4-mark label contradicts it.
  ok   #53 L8.practice_questions[5].type [MEDIUM] F8: the band ladder on this question runs to 8 marks, so the 4-mark label contradicts it.
  PATCH L8: conclusion_html, description, exam_tip_html, knowledge_checks, practice_questions
=== 54 applied, 0 skipped, 8 lessons / 28 fields changed
