
=== RE-NARRATION (changed narrated text only) ===
backup: C:\Users\tshau\Documents\Study Vault\scripts\_retrofc\units\english-literature-ocr__macbeth\_backup.json
unit:   english-literature-ocr / macbeth
run: 2026-09-02T18:20:34Z  mode: LIVE

8 lessons, 17 clips to regenerate

  L01 (Ollie)  Context: Jacobean Witchcraft & Power
      n2: Macbeth was first performed around 1606, three years after James VI of Scotland became King James I of England
             -> 300 KB, 25.6s, uploaded
      n14: Jacobean Scotland is dramatised as a violent, masculine world. Macbeth is first introduced to us by the wounde
             -> 285 KB, 24.3s, uploaded
      manifest updated (23 entries)
  L02 (Ada)  Acts 1-2: Prophecies & Murder
      n16: For the extract question on Acts 1–2, focus on the shift in power between Macbeth and Lady Macbeth. Before the
             -> 262 KB, 22.3s, uploaded
      manifest updated (20 entries)
  L03 (Ollie)  Acts 2-3: Banquo's Ghost & Paranoia
      n6: Macbeth's soliloquy in Act 3, Scene 1 marks a crucial shift. Unlike Duncan's murder, which required Lady Macbe
             -> 280 KB, 23.9s, uploaded
      n16: In the exam, the banquet scene is a gift for the extract question because it combines so many assessment objec
             -> 330 KB, 28.2s, uploaded
      manifest updated (20 entries)
  L04 (Ada)  Acts 3-4: Apparitions & Massacre
      n2: By Act 4, Macbeth actively seeks out the witches rather than encountering them by chance. This reversal is str
             -> 333 KB, 28.4s, uploaded
      n16: For the discursive question, the three apparitions are excellent evidence for discussing the theme of fate ver
             -> 313 KB, 26.7s, uploaded
      manifest updated (20 entries)
  L05 (Ollie)  Acts 4-5: Madness & Downfall
      n3: The Doctor and Gentlewoman observe her but cannot help. The Doctor says: 'More needs she the divine than the p
             -> 242 KB, 20.6s, uploaded
      n16: For the Shakespeare question, Act 5 is rich material for discussing Macbeth as a tragic hero. The 'Tomorrow' s
             -> 279 KB, 23.8s, uploaded
      manifest updated (20 entries)
  L06 (Ada)  Character Analysis
      n16: For character questions, always trace the character's arc across the whole play. Top-band responses don't just
             -> 356 KB, 30.4s, uploaded
      manifest updated (20 entries)
  L07 (Ollie)  Language, Structure & Stagecraft
      n2: AO2 requires you to analyse how Shakespeare uses language, form, and structure to create meaning. Macbeth is r
             -> 220 KB, 18.7s, uploaded
      n4: Key Fact . The blood motif evolves across three stages: heroic (Act 1 — battlefield), guilty (Act 2 — 'Neptune
             -> 236 KB, 20.2s, uploaded
      n14: Structural patterns are equally important for AO2 marks. The play mirrors itself: Act 1 opens with battle and 
             -> 324 KB, 27.6s, uploaded
      n15: Key Fact . Shakespeare's key dramatic techniques in Macbeth : soliloquies (create audience intimacy with the t
             -> 274 KB, 23.4s, uploaded
      n16: For AO2 in the Shakespeare question, don't just identify techniques — explain their effect on the audience. In
             -> 315 KB, 26.9s, uploaded
      manifest updated (20 entries)
  L08 (Ada)  Key Themes & Exam Technique
      n16: Time management is critical. You have roughly an hour for the Shakespeare question. Spend 10 minutes planning,
             -> 364 KB, 31.0s, uploaded
      n19: Integrate AO1 (response), AO2 (language/structure), AO3 (context), and AO4 (SPaG) within each paragraph, not i
             -> 140 KB, 11.9s, uploaded
      manifest updated (20 entries)

Regenerated 17 clips.

=== VERIFY (ranged GET + freshness) ===
  206  L01 n2  bytes 0-3/307296  Last-Modified: Wed, 02 Sep 2026 18:20:40 GMT  mp3-sync=OK
  206  L01 n14  bytes 0-3/291744  Last-Modified: Wed, 02 Sep 2026 18:20:45 GMT  mp3-sync=OK
  206  L02 n16  bytes 0-3/268128  Last-Modified: Wed, 02 Sep 2026 18:20:50 GMT  mp3-sync=OK
  206  L03 n6  bytes 0-3/287136  Last-Modified: Wed, 02 Sep 2026 18:20:55 GMT  mp3-sync=OK
  206  L03 n16  bytes 0-3/338112  Last-Modified: Wed, 02 Sep 2026 18:21:01 GMT  mp3-sync=OK
  206  L04 n2  bytes 0-3/340704  Last-Modified: Wed, 02 Sep 2026 18:21:06 GMT  mp3-sync=OK
  206  L04 n16  bytes 0-3/320256  Last-Modified: Wed, 02 Sep 2026 18:21:11 GMT  mp3-sync=OK
  206  L05 n3  bytes 0-3/247680  Last-Modified: Wed, 02 Sep 2026 18:21:15 GMT  mp3-sync=OK
  206  L05 n16  bytes 0-3/285408  Last-Modified: Wed, 02 Sep 2026 18:21:19 GMT  mp3-sync=OK
  206  L06 n16  bytes 0-3/364608  Last-Modified: Wed, 02 Sep 2026 18:21:25 GMT  mp3-sync=OK
  206  L07 n2  bytes 0-3/224928  Last-Modified: Wed, 02 Sep 2026 18:21:28 GMT  mp3-sync=OK
  206  L07 n4  bytes 0-3/241920  Last-Modified: Wed, 02 Sep 2026 18:21:33 GMT  mp3-sync=OK
  206  L07 n14  bytes 0-3/331488  Last-Modified: Wed, 02 Sep 2026 18:21:38 GMT  mp3-sync=OK
  206  L07 n15  bytes 0-3/281088  Last-Modified: Wed, 02 Sep 2026 18:21:42 GMT  mp3-sync=OK
  206  L07 n16  bytes 0-3/322272  Last-Modified: Wed, 02 Sep 2026 18:21:47 GMT  mp3-sync=OK
  206  L08 n16  bytes 0-3/372384  Last-Modified: Wed, 02 Sep 2026 18:21:53 GMT  mp3-sync=OK
  206  L08 n19  bytes 0-3/143424  Last-Modified: Wed, 02 Sep 2026 18:21:55 GMT  mp3-sync=OK

17/17 clips verified HTTP 200/206 with fresh audio.
