=== APPLY EDITS english-literature-eduqas/henry-v  34 edits  LIVE  2026-09-02T22:21:55.533Z
  ok   #0 L1.content_html [HIGH] F1: the spec states no per-part mark split, and AO4 is written accuracy, not context. AO3 is not assessed on t
  ok   #1 L1.content_html [HIGH] F1: context earns nothing on this question, so the worked example must model analysis instead.
  ok   #2 L1.content_html [HIGH] F3: banned strings — "Component 1", the spec code and the board name.
  ok   #3 L1.content_html [MEDIUM] F3: house rule — never name the board in prose.
  ok   #4 L1.content_html [MEDIUM] F3: house rule — never name the board in prose.
  ok   #5 L1.content_html [MEDIUM] F3: house rule — never name the board in prose.
  ok   #6 L1.content_html [MEDIUM] F4: the Tudors did not descend from Henry V. His only child was Henry VI; Owen Tudor married his widow.
  ok   #7 L1.content_html [LOW] F6: Richard II to Richard III is the two tetralogies, eight plays. Ten only works if King John and Henry VIII 
  ok   #8 L1.exam_tip_html [HIGH] F2: AO4 is written accuracy, and AO3 (context) is not assessed on this section.
  ok   #9 L1.flashcard_questions[10].a [MEDIUM] F5: same descent error as F4, in a memorisation card.
  ok   #10 L1.flashcard_questions[11].q [MEDIUM] F3: house rule — never name the board.
  PATCH L1: content_html, exam_tip_html, flashcard_questions
  ok   #11 L2.content_html [LOW] F7: 1.2 reads "Therefore take heed how you impawn our person, / How you awake our sleeping sword of war." Only
  PATCH L2: content_html
  ok   #12 L3.content_html [LOW] F8: 3.1 reads "On, on, you noblest English". The next sentence already quotes it correctly.
  PATCH L3: content_html
  ok   #13 L4.content_html [MEDIUM] F9: 4.6 gives the order after "The French have reinforc'd their scatter'd men"; the luggage killing is reporte
  ok   #14 L4.content_html [LOW] F11: "There's five to one" is Westmorland at 4.3, not the Chorus.
  ok   #15 L4.exam_tip_html [MEDIUM] F13: house rule — never name the board in prose.
  ok   #16 L4.knowledge_checks[3].q [MEDIUM] F10: the order at 4.6 comes before the luggage attack is reported at 4.7. The keyed answer stays index 1.
  ok   #17 L4.flashcard_questions[3].a [LOW] F12: a one-word answer is only allowed after What is / Who was / When / Name.
  PATCH L4: content_html, exam_tip_html, knowledge_checks, flashcard_questions
  ok   #18 L5.content_html [MEDIUM] F14: "That English may as French, French Englishmen, / Receive each other" is Queen Isabel at the close of 5.2
  ok   #19 L5.exam_tip_html [HIGH] F15: AO4 is written accuracy, and context is not assessed on the Shakespeare section.
  PATCH L5: content_html, exam_tip_html
  ok   #20 L7.content_html [LOW] F16: in Pericles, Gower speaks a prologue before every act.
  ok   #21 L7.glossary_terms[0].definition [LOW] F16: Pericles also has a chorus before every act.
  ok   #22 L7.flashcard_questions[10].q [LOW] F16: the stored answer already says "unusual"; the question should not claim uniqueness.
  PATCH L7: content_html, glossary_terms, flashcard_questions
  ok   #23 L8.description [MEDIUM] F17: house rule — never name the board. New description is 80 characters.
  ok   #24 L8.content_html [MEDIUM] F17: the spec states learners may not take copies of the set texts into the examination. It is not a hedge.
  ok   #25 L8.content_html [HIGH] F17: AO3 is not assessed on the Shakespeare section. The component is 2 hours across two equally weighted 40-m
  ok   #26 L8.content_html [HIGH] F17: context earns no marks on this question.
  ok   #27 L8.exam_tip_html [MEDIUM] F17: "Band 5" mimics a board band name; the house ladder says top band.
  ok   #28 L8.knowledge_checks[3].q [MEDIUM] F17: board name and spec code. The keyed answer stays index 1.
  ok   #29 L8.flashcard_questions[9].q [MEDIUM] F17: house rule — never name the board.
  ok   #30 L8.flashcard_questions[10].q [HIGH] F17: board name and spec code.
  ok   #31 L8.flashcard_questions[10].a [HIGH] F17: the spec states no per-part split, context is not assessed, and the old answer was a bare comma list.
  ok   #32 L8.flashcard_questions[11].q [MEDIUM] F17: house ladder wording.
  ok   #33 L8.glossary_terms[5].definition [MEDIUM] F17: board name and spec code.
  PATCH L8: description, content_html, exam_tip_html, knowledge_checks, flashcard_questions, glossary_terms
=== 34 applied, 0 skipped, 7 lessons / 20 fields changed
