
=== RE-NARRATION (changed narrated text only) ===
backup: C:\Users\tshau\Documents\Study Vault\scripts\_retrofc\units\english-literature-eduqas__henry-v\_backup.json
unit:   english-literature-eduqas / henry-v
run: 2026-09-02T22:22:01Z  mode: LIVE

7 lessons, 17 clips to regenerate

  L01 (Ollie)  Context: Tudor Propaganda & the History Play
      n3: The play draws heavily on Raphael Holinshed ’s Chronicles (1587), but Shakespeare reshapes the material for dr
             -> 411 KB, 35.0s, uploaded
      n6: The propaganda function of the play is clear: the Tudors were a Welsh family, and Owen Tudor married Henry V’s
             -> 419 KB, 35.7s, uploaded
      n10: The play has been performed as both a patriotic celebration and a critique of war. Laurence Olivier’s 1944 fil
             -> 436 KB, 37.2s, uploaded
      n11: Key Fact . The play supports two contradictory readings: patriotic celebration (the St Crispin’s Day speech, t
             -> 249 KB, 21.3s, uploaded
      n12: The Shakespeare question prints an extract and asks two questions: part (i) on the extract and part (ii) on th
             -> 490 KB, 41.8s, uploaded
      n13: Context is not assessed on the Shakespeare question. Do not write a paragraph about ‘Shakespeare’s time.’ Your
             -> 278 KB, 23.7s, uploaded
      manifest updated (17 entries)
  L02 (Ada)  Acts 1-2: The Decision for War
      n3: Henry appears to demand certainty: “May I with right and conscience make this claim?” He insists Canterbury ta
             -> 333 KB, 28.4s, uploaded
      manifest updated (17 entries)
  L03 (Ollie)  Act 3: Harfleur & the Common Soldiers
      n2: Henry’s speech at the siege of Harfleur is one of Shakespeare’s most famous: “Once more unto the breach, dear 
             -> 345 KB, 29.4s, uploaded
      manifest updated (17 entries)
  L04 (Ada)  Act 4: St Crispin's Day & Agincourt
      n2: Act 4 opens with the Chorus describing the English camp on the eve of battle: exhausted, sick and heavily outn
             -> 253 KB, 21.6s, uploaded
      n11: The battle itself is presented through fragments rather than a continuous narrative. Shakespeare cannot show a
             -> 509 KB, 43.5s, uploaded
      n14: The St Crispin’s Day speech is one of the most likely extracts for this exam. Analyse the inclusive pronouns (
             -> 317 KB, 27.1s, uploaded
      manifest updated (18 entries)
  L05 (Ollie)  Act 5: Peace & Marriage
      n7: Shakespeare presents the peace as fragile. Queen Isabel blesses the marriage with hopes that “English may as F
             -> 262 KB, 22.3s, uploaded
      n13: If the wooing scene appears as your extract, focus on Henry’s ‘plain soldier’ performance (AO2: how does the r
             -> 298 KB, 25.4s, uploaded
      manifest updated (17 entries)
  L07 (Ollie)  The Chorus & Epic Structure
      n2: Henry V is the only one of Shakespeare’s history plays to use a Chorus that speaks before every act. This stru
             -> 409 KB, 34.9s, uploaded
      manifest updated (16 entries)
  L08 (Ada)  Key Themes & Exam Technique
      n12: Your Shakespeare paper will typically give you a printed extract and ask two linked tasks: close analysis of t
             -> 427 KB, 36.4s, uploaded
      n13: Prepare for these five likely extract focuses: (1) The Prologue/Chorus — analyse the “wooden O” and metatheatr
             -> 464 KB, 39.6s, uploaded
      n14: The strongest Henry V responses hold contradictory readings simultaneously. Never write ‘Henry is a hero’ or ‘
             -> 284 KB, 24.2s, uploaded
      manifest updated (18 entries)

Regenerated 17 clips.

=== VERIFY (ranged GET + freshness) ===
  206  L01 n3  bytes 0-3/420480  Last-Modified: Wed, 02 Sep 2026 22:22:09 GMT  mp3-sync=OK
  206  L01 n6  bytes 0-3/428832  Last-Modified: Wed, 02 Sep 2026 22:22:16 GMT  mp3-sync=OK
  206  L01 n10  bytes 0-3/446400  Last-Modified: Wed, 02 Sep 2026 22:22:23 GMT  mp3-sync=OK
  206  L01 n11  bytes 0-3/255168  Last-Modified: Wed, 02 Sep 2026 22:22:27 GMT  mp3-sync=OK
  206  L01 n12  bytes 0-3/501408  Last-Modified: Wed, 02 Sep 2026 22:22:35 GMT  mp3-sync=OK
  206  L01 n13  bytes 0-3/284256  Last-Modified: Wed, 02 Sep 2026 22:22:40 GMT  mp3-sync=OK
  206  L02 n3  bytes 0-3/340992  Last-Modified: Wed, 02 Sep 2026 22:22:45 GMT  mp3-sync=OK
  206  L03 n2  bytes 0-3/353376  Last-Modified: Wed, 02 Sep 2026 22:22:51 GMT  mp3-sync=OK
  206  L04 n2  bytes 0-3/259200  Last-Modified: Wed, 02 Sep 2026 22:22:55 GMT  mp3-sync=OK
  206  L04 n11  bytes 0-3/521568  Last-Modified: Wed, 02 Sep 2026 22:23:03 GMT  mp3-sync=OK
  206  L04 n14  bytes 0-3/324576  Last-Modified: Wed, 02 Sep 2026 22:23:08 GMT  mp3-sync=OK
  206  L05 n7  bytes 0-3/268128  Last-Modified: Wed, 02 Sep 2026 22:23:13 GMT  mp3-sync=OK
  206  L05 n13  bytes 0-3/304992  Last-Modified: Wed, 02 Sep 2026 22:23:18 GMT  mp3-sync=OK
  206  L07 n2  bytes 0-3/418752  Last-Modified: Wed, 02 Sep 2026 22:23:25 GMT  mp3-sync=OK
  206  L08 n12  bytes 0-3/436896  Last-Modified: Wed, 02 Sep 2026 22:23:31 GMT  mp3-sync=OK
  206  L08 n13  bytes 0-3/474912  Last-Modified: Wed, 02 Sep 2026 22:23:38 GMT  mp3-sync=OK
  206  L08 n14  bytes 0-3/290592  Last-Modified: Wed, 02 Sep 2026 22:23:43 GMT  mp3-sync=OK

17/17 clips verified HTTP 200/206 with fresh audio.
