=== APPLY EDITS religious-studies-aqa/islam-beliefs  15 edits  LIVE  2026-09-06T04:55:52.607Z
  ok   #0 L1.content_html [LOW] F1: broken capitalisation and a stray space before the full stop
  ok   #1 L1.content_html [MEDIUM] F2: Qur'an 16:90 given in wording that matches no published translation
  ok   #3 L1.practice_questions[3].marks [MEDIUM] F3: the model answer's named source quoted Qur'an 16:90 in non-standard wording
  ok   #4 L1.practice_questions[4].marks [MEDIUM] F4: banned band name 'Level 2' and pasted board level descriptors, replaced with house wording (the no-religio
  ok   #8 L1.knowledge_checks[4].right[0] [MEDIUM] F5: 'only' implied Shi'a Muslims do not believe in angels
  ok   #9 L1.knowledge_checks[4].right[1] [MEDIUM] F5: matched wording for the Shi'a option
  ok   #10 L1.knowledge_checks[4].right[2] [MEDIUM] F5: 'only' implied Shi'a Muslims do not believe in predestination
  PATCH L1: content_html, practice_questions, knowledge_checks
  ok   #2 L2.content_html [MEDIUM] F6: Qur'an 16:90 given in wording that matches no published translation
  ok   #5 L2.practice_questions[4].marks [MEDIUM] F8: banned band name 'Level 2' and pasted board level descriptors, replaced with house wording (the no-religio
  ok   #11 L2.content_html [HIGH] F7: Surah 112 is prescribed content; restored to the Yusuf Ali translation the rest of the lesson already quot
  PATCH L2: content_html, practice_questions
  ok   #6 L3.practice_questions[4].marks [MEDIUM] F10: banned band name 'Level 2' and pasted board level descriptors, replaced with house wording (the no-religi
  ok   #12 L3.exam_tip_html [MEDIUM] F9: banned band name and a pasted board descriptor
  PATCH L3: practice_questions, exam_tip_html
  ok   #7 L4.practice_questions[4].marks [MEDIUM] F13: banned band name 'Level 2' and pasted board level descriptors, replaced with house wording (the no-religi
  ok   #13 L4.exam_tip_html [MEDIUM] F11: banned band name
  ok   #14 L4.content_html [MEDIUM] F12: Qur'an 23:102-103 was reworded; replaced with a published translation
  PATCH L4: practice_questions, exam_tip_html, content_html
=== 15 applied, 0 skipped, 4 lessons / 10 fields changed
