=== APPLY EDITS religious-studies/theme-a-relationships  30 edits  LIVE  2026-09-18T10:26:00.892Z
  ok   #0 L1.content_html [HIGH] F1: the quotation is not in Casti Connubii; replaced with the Vatican English text of section 18.
  ok   #1 L1.content_html [MEDIUM] F2: the Act is 2013 but same-sex marriage became legal on 13 March 2014.
  ok   #24 L1.flashcard_questions[3] [MEDIUM] F21: broken cloze fragment lifted from a heading; replaced with a term card in the style used in lessons 2 and
  ok   #25 L1.flashcard_questions[4] [MEDIUM] F21: broken cloze fragment lifted from a heading; replaced with a term card in the style used in lessons 2 and
  PATCH L1: content_html, flashcard_questions
  ok   #9 L2.content_html [MEDIUM] F10: lesson 5 and its knowledge check say 2014, the year the legislation passed.
  ok   #10 L2.content_html [MEDIUM] F11: the quotation blended two translations; now verbatim Mohsin Khan.
  ok   #11 L2.content_html [LOW] F12: not verbatim; now Abdel Haleem, matching lesson 4's quotation of the same verse.
  PATCH L2: content_html
  ok   #2 L3.content_html [MEDIUM] F3: same date error as F2.
  ok   #3 L3.content_html [MEDIUM] F4: the exam board is named in student-facing text.
  ok   #4 L3.content_html [MEDIUM] F5: the exam board is named in student-facing text.
  ok   #5 L3.content_html [MEDIUM] F6: the organisation was renamed Humanists UK in May 2017.
  ok   #26 L3.flashcard_questions[3] [MEDIUM] F22: broken cloze fragment lifted from a heading; replaced with a term card in the style used in lessons 2 and
  ok   #27 L3.flashcard_questions[4] [MEDIUM] F22: broken cloze fragment lifted from a heading; replaced with a term card in the style used in lessons 2 and
  PATCH L3: content_html, flashcard_questions
  ok   #6 L4.content_html [HIGH] F7: says four but lists the three the spec sets; also garbled wording.
  ok   #12 L4.content_html [LOW] F13: Abdel Haleem reads 'towards them', not 'towards your parents'.
  ok   #16 L4.practice_questions[1].text [MEDIUM] F17: grammar; the question asks for one belief.
  ok   #17 L4.practice_questions[1].marks [MEDIUM] F17: labelled 1 mark but the scheme awarded up to 2; the spec sets 1, 1, 4, 6 and 12 marks per theme.
  ok   #20 L4.practice_questions[3].marks [MEDIUM] F19: two identically structured exemplars were scored 3 and 2; both earn 3, totalling the 6 marks.
  ok   #21 L4.practice_questions[5].marks [MEDIUM] F19: two identically structured exemplars were scored 3 and 2; both earn 3, totalling the 6 marks.
  PATCH L4: content_html, practice_questions
  ok   #7 L5.content_html [MEDIUM] F8: the 1975 Act was repealed and replaced by the Equality Act 2010, which lesson 2 cites.
  ok   #8 L5.conclusion_html [MEDIUM] F9: same as F8, in the takeaways.
  ok   #13 L5.content_html [LOW] F14: Abdel Haleem reads 'should recognize', not 'could'.
  ok   #14 L5.content_html [LOW] F15: wrong word; the argument is about traditional teachings.
  ok   #15 L5.content_html [LOW] F16: the 71% figure is about Britain, not 'some Muslim countries'.
  ok   #18 L5.practice_questions[1].text [MEDIUM] F18: grammar; the question asks for one example.
  ok   #19 L5.practice_questions[1].marks [MEDIUM] F18: labelled 1 mark but the scheme awarded up to 2.
  ok   #22 L5.practice_questions[3].marks [MEDIUM] F20: the two exemplars totalled 5 on a 6-mark question.
  ok   #23 L5.practice_questions[5].marks [MEDIUM] F20: the two exemplars totalled 5 on a 6-mark question.
  ok   #28 L5.flashcard_questions[3] [MEDIUM] F23: broken cloze fragment lifted from a heading; replaced with a term card in the style used in lessons 2 and
  ok   #29 L5.flashcard_questions[4] [MEDIUM] F23: broken cloze fragment lifted from a heading; replaced with a term card in the style used in lessons 2 and
  PATCH L5: content_html, conclusion_html, practice_questions, flashcard_questions
=== 30 applied, 0 skipped, 5 lessons / 11 fields changed
