
=== RE-NARRATION (changed narrated text only) ===
backup: C:\Users\tshau\Documents\Study Vault\scripts\_retrofc\units\religious-studies@unity__theme-a-relationships\_backup.json
unit:   religious-studies / theme-a-relationships
run: 2026-09-18T10:26:03Z  mode: LIVE

5 lessons, 15 clips to regenerate

  L01 (Ollie)  Relationships, Marriage & Divorce
      n6: The Catholic Church teaches that sex must only take place within marriage. St Paul wrote: “Flee from sexual im
             -> 378 KB, 32.3s, uploaded
      n14: The Marriage (Same Sex Couples) Act 2013 made same-sex marriage legal in England and Wales, and the first wedd
             -> 284 KB, 24.2s, uploaded
      manifest updated (26 entries)
  L02 (Ada)  Families, Gender Roles & Equality
      n4: Key Fact . The role of parents is to provide for their children physically, emotionally and spiritually. The r
             -> 285 KB, 24.3s, uploaded
      n12: Polygamy means having more than one spouse. It is illegal in the UK. Christianity teaches that marriage is bet
             -> 364 KB, 31.1s, uploaded
      n18: Examples of gender discrimination in religion include the Catholic Church only allowing men to be priests, and
             -> 316 KB, 27.0s, uploaded
      manifest updated (26 entries)
  L03 (Ollie)  Contraception & Same-Sex Relationships
      n11: Same-sex relationships are legally protected in the UK. The Equality Act 2010 makes discrimination based on se
             -> 254 KB, 21.6s, uploaded
      n12: Key Fact . The specification requires you to explain contrasting beliefs on same-sex relationships with refere
             -> 226 KB, 19.3s, uploaded
      n20: Humanists and atheists generally support same-sex relationships and full equality for LGBTQ+ people. They argu
             -> 340 KB, 29.0s, uploaded
      n21: Key Fact . The three contrasting beliefs on same-sex relationships required by the specification are: (1) cons
             -> 286 KB, 24.4s, uploaded
      manifest updated (26 entries)
  L04 (Ada)  Families and Contemporary Family Issues
      n9: Key Fact . The three key purposes of families you must know are: procreation, stability and the protection of 
             -> 117 KB, 10.0s, uploaded
      n19: In Christianity, parents look after their children, caring for them and teaching them about the faith. Childre
             -> 355 KB, 30.3s, uploaded
      manifest updated (29 entries)
  L05 (Ollie)  Gender Equality, Prejudice and Discrimination
      n4: Key Fact . The Sex Discrimination Act (1975) first made gender discrimination illegal in the UK. It was replac
             -> 302 KB, 25.7s, uploaded
      n10: Key Fact . Most Christians today see marriage as an equal partnership where the different gifts of each person
             -> 238 KB, 20.3s, uploaded
      n16: The Qur’an states: “People, We created you all from a single man and a single woman, and made you into races a
             -> 273 KB, 23.3s, uploaded
      n26: Gender equality means giving people the same rights regardless of gender. The Sex Discrimination Act (1975) fi
             -> 197 KB, 16.8s, uploaded
      manifest updated (28 entries)

Regenerated 15 clips.

=== VERIFY (ranged GET + freshness) ===
  206  L01 n6  bytes 0-3/387360  Last-Modified: Fri, 18 Sep 2026 10:26:12 GMT  mp3-sync=OK
  206  L01 n14  bytes 0-3/290304  Last-Modified: Fri, 18 Sep 2026 10:26:16 GMT  mp3-sync=OK
  206  L02 n4  bytes 0-3/292032  Last-Modified: Fri, 18 Sep 2026 10:26:21 GMT  mp3-sync=OK
  206  L02 n12  bytes 0-3/373248  Last-Modified: Fri, 18 Sep 2026 10:26:27 GMT  mp3-sync=OK
  206  L02 n18  bytes 0-3/323712  Last-Modified: Fri, 18 Sep 2026 10:26:32 GMT  mp3-sync=OK
  206  L03 n11  bytes 0-3/259776  Last-Modified: Fri, 18 Sep 2026 10:26:36 GMT  mp3-sync=OK
  206  L03 n12  bytes 0-3/231840  Last-Modified: Fri, 18 Sep 2026 10:26:41 GMT  mp3-sync=OK
  206  L03 n20  bytes 0-3/348192  Last-Modified: Fri, 18 Sep 2026 10:26:47 GMT  mp3-sync=OK
  206  L03 n21  bytes 0-3/293184  Last-Modified: Fri, 18 Sep 2026 10:26:52 GMT  mp3-sync=OK
  206  L04 n9  bytes 0-3/119808  Last-Modified: Fri, 18 Sep 2026 10:26:55 GMT  mp3-sync=OK
  206  L04 n19  bytes 0-3/363456  Last-Modified: Fri, 18 Sep 2026 10:27:00 GMT  mp3-sync=OK
  206  L05 n4  bytes 0-3/308736  Last-Modified: Fri, 18 Sep 2026 10:27:06 GMT  mp3-sync=OK
  206  L05 n10  bytes 0-3/243936  Last-Modified: Fri, 18 Sep 2026 10:27:10 GMT  mp3-sync=OK
  206  L05 n16  bytes 0-3/279936  Last-Modified: Fri, 18 Sep 2026 10:27:14 GMT  mp3-sync=OK
  206  L05 n26  bytes 0-3/201312  Last-Modified: Fri, 18 Sep 2026 10:27:17 GMT  mp3-sync=OK

15/15 clips verified HTTP 200/206 with fresh audio.
