=== APPLY EDITS computer-science-edexcel/programming-python  17 edits  LIVE  2026-09-06T11:03:50.471Z
  ok   #0 L1.content_html [HIGH] F1: the spec names four primitives; string is a structured type.
  ok   #1 L1.content_html [HIGH] F1: the revision tip must ask for four, not five.
  ok   #2 L1.content_html [HIGH] F1: spec 6.3.1 lists string as a structured data type, not a primitive.
  ok   #3 L1.content_html [HIGH] F1: four primitives.
  ok   #4 L1.conclusion_html [HIGH] F1: the takeaway must match spec 6.3.1.
  ok   #5 L1.content_html [MEDIUM] F2: replaces an invented examiner claim with the spec requirement.
  ok   #6 L1.exam_tip_html [MEDIUM] F3: removes a fabricated examiner claim.
  PATCH L1: content_html, conclusion_html, exam_tip_html
  ok   #7 L3.content_html [MEDIUM] F4: the sentence itself lists seven; spec 6.5.1 names seven.
  PATCH L3: content_html
  ok   #8 L4.knowledge_checks[0].options[2] [MEDIUM] F5: -1 is also a correct index of the last element, so it cannot be a distractor.
  PATCH L4: knowledge_checks
  ok   #9 L5.content_html [MEDIUM] F7: pattern checks are not unique to this board.
  ok   #10 L5.content_html [HIGH] F6: the prose said 6 to 8; the code below tests 5 to 7, which is the correct range.
  ok   #11 L5.content_html [LOW] F8: British English spells a computer program 'program'.
  ok   #12 L5.exam_tip_html [MEDIUM] F9: removes an invented mark claim and gives the close() alternative.
  PATCH L5: content_html, exam_tip_html
  ok   #13 L6.content_html [MEDIUM] F10: removes an invented examiner statistic.
  ok   #14 L6.content_html [MEDIUM] F11: keeps the point, drops the invented mark consequence.
  ok   #15 L6.exam_tip_html [MEDIUM] F12: removes an invented mark-scheme statistic.
  ok   #16 L6.exam_tip_html [MEDIUM] F12: removes an invented mark claim.
  PATCH L6: content_html, exam_tip_html
=== 17 applied, 0 skipped, 5 lessons / 9 fields changed
