
=== RE-NARRATION (changed narrated text only) ===
backup: C:\Users\tshau\Documents\Study Vault\scripts\_retrofc\units\computer-science-edexcel__programming-python\_backup.json
unit:   computer-science-edexcel / programming-python
run: 2026-09-06T11:03:54Z  mode: LIVE
  L04: no narrated field changed -> skip

4 lessons, 14 clips to regenerate

  L01 (Ollie)  Program Structure, Data Types and Variables
      n2: Every value stored in a Python program has a data type . Choosing the right type is not optional — it determin
             -> 316 KB, 26.9s, uploaded
      n3: Key Fact . The four primitive data types are: integer (whole number, e.g. 7 or -3 ), real (decimal number, e.g
             -> 331 KB, 28.2s, uploaded
      n15: Key Fact . Meaningful identifier names make code readable and maintainable. livesRemaining is immediately clea
             -> 279 KB, 23.8s, uploaded
      n17: Beyond the four primitives, Python supports structured types that group multiple values together. An array (im
             -> 239 KB, 20.4s, uploaded
      n31: For “Define” questions on data types, be precise: a char holds exactly one character; a string holds a sequenc
             -> 337 KB, 28.8s, uploaded
      n33: Python has four primitive data types: integer, real (float), Boolean and char. A string is a structured type, 
             -> 157 KB, 13.4s, uploaded
      manifest updated (35 entries)
  L03 (Ollie)  Operators and String Manipulation
      n4: Python supports seven arithmetic operators. Four are familiar: + (addition), - (subtraction), * (multiplicatio
             -> 256 KB, 21.9s, uploaded
      manifest updated (37 entries)
  L05 (Ollie)  Input, Output, Files and Validation
      n25: A pattern check verifies that data matches a particular format. This is the fourth of the four validation type
             -> 220 KB, 18.8s, uploaded
      n26: A simplified UK postcode check: with the space removed, a UK postcode is 5 to 7 characters long and starts wit
             -> 201 KB, 17.1s, uploaded
      n29: Key Fact . Validation and authentication are not the same thing. Validation checks that data is in an acceptab
             -> 277 KB, 23.6s, uploaded
      n33: For CSV questions, you are expected to know how to open a file with open() , iterate over lines, and split on 
             -> 390 KB, 33.2s, uploaded
      manifest updated (37 entries)
  L06 (Ada)  Subprograms, Scope and Debugging
      n2: As programs grow longer, keeping everything in one flat block of code becomes unmanageable. A subprogram is a 
             -> 314 KB, 26.8s, uploaded
      n3: Key Fact . A function MUST return a value using return . A procedure does NOT return a value. Both may take pa
             -> 179 KB, 15.3s, uploaded
      n37: A common error in “Write a Subprogram” questions is a function that forgets to include return , or a procedure
             -> 368 KB, 31.4s, uploaded
      manifest updated (41 entries)

Regenerated 14 clips.

=== VERIFY (ranged GET + freshness) ===
  206  L01 n2  bytes 0-3/323424  Last-Modified: Sun, 06 Sep 2026 11:04:05 GMT  mp3-sync=OK
  206  L01 n3  bytes 0-3/338688  Last-Modified: Sun, 06 Sep 2026 11:04:12 GMT  mp3-sync=OK
  206  L01 n15  bytes 0-3/285984  Last-Modified: Sun, 06 Sep 2026 11:04:17 GMT  mp3-sync=OK
  206  L01 n17  bytes 0-3/244512  Last-Modified: Sun, 06 Sep 2026 11:04:23 GMT  mp3-sync=OK
  206  L01 n31  bytes 0-3/345024  Last-Modified: Sun, 06 Sep 2026 11:04:29 GMT  mp3-sync=OK
  206  L01 n33  bytes 0-3/160992  Last-Modified: Sun, 06 Sep 2026 11:04:39 GMT  mp3-sync=OK
  206  L03 n4  bytes 0-3/262368  Last-Modified: Sun, 06 Sep 2026 11:04:45 GMT  mp3-sync=OK
  206  L05 n25  bytes 0-3/225216  Last-Modified: Sun, 06 Sep 2026 11:04:50 GMT  mp3-sync=OK
  206  L05 n26  bytes 0-3/205344  Last-Modified: Sun, 06 Sep 2026 11:04:54 GMT  mp3-sync=OK
  206  L05 n29  bytes 0-3/283392  Last-Modified: Sun, 06 Sep 2026 11:04:59 GMT  mp3-sync=OK
  206  L05 n33  bytes 0-3/398880  Last-Modified: Sun, 06 Sep 2026 11:05:06 GMT  mp3-sync=OK
  206  L06 n2  bytes 0-3/321696  Last-Modified: Sun, 06 Sep 2026 11:05:14 GMT  mp3-sync=OK
  206  L06 n3  bytes 0-3/183456  Last-Modified: Sun, 06 Sep 2026 11:05:19 GMT  mp3-sync=OK
  206  L06 n37  bytes 0-3/376704  Last-Modified: Sun, 06 Sep 2026 11:05:26 GMT  mp3-sync=OK

14/14 clips verified HTTP 200/206 with fresh audio.
