=== APPLY EDITS english-literature-edexcel/the-woman-in-black  115 edits  LIVE  2026-09-02T09:30:40.288Z
  ok   #0 L1.practice_questions[0].marks [HIGH] F16: mark ladder ran 1-25 on a 40-mark question; re-scaled to 40 and renamed the bottom band to the house ladd
  ok   #1 L1.practice_questions[1].marks [HIGH] F16: mark ladder ran 1-25 on a 40-mark question; re-scaled to 40 and renamed the bottom band to the house ladd
  ok   #2 L1.practice_questions[2].marks [HIGH] F16: mark ladder ran 1-25 on a 40-mark question; re-scaled to 40 and renamed the bottom band to the house ladd
  ok   #3 L1.practice_questions[3].marks [HIGH] F16: mark ladder ran 1-25 on a 40-mark question; re-scaled to 40 and renamed the bottom band to the house ladd
  ok   #4 L1.practice_questions[4].marks [HIGH] F16: mark ladder ran 1-25 on a 40-mark question; re-scaled to 40 and renamed the bottom band to the house ladd
  ok   #5 L1.practice_questions[5].marks [HIGH] F16: mark ladder ran 1-25 on a 40-mark question; re-scaled to 40 and renamed the bottom band to the house ladd
  ok   #42 L1.exam_tip_html [HIGH] F1: banned spec code, and the choice of two questions was missing
  ok   #43 L1.content_html [HIGH] F6: ‘I was young, I was sure of myself’ is not in the novel; replaced with a verified line
  ok   #44 L1.practice_questions[0].text [HIGH] F6: fabricated stem quotation replaced with a verified one
  ok   #45 L1.practice_questions[4].text [HIGH] F7: ‘They have learned to live with it’ is not in the novel
  ok   #46 L1.flashcard_questions[9].a [HIGH] F6: fabricated quotation replaced with the verified line
  PATCH L1: practice_questions, exam_tip_html, content_html, flashcard_questions
  ok   #6 L2.practice_questions[0].marks [HIGH] F16: mark ladder ran 1-25 on a 40-mark question; re-scaled to 40 and renamed the bottom band to the house ladd
  ok   #7 L2.practice_questions[1].marks [HIGH] F16: mark ladder ran 1-25 on a 40-mark question; re-scaled to 40 and renamed the bottom band to the house ladd
  ok   #8 L2.practice_questions[2].marks [HIGH] F16: mark ladder ran 1-25 on a 40-mark question; re-scaled to 40 and renamed the bottom band to the house ladd
  ok   #9 L2.practice_questions[3].marks [HIGH] F16: mark ladder ran 1-25 on a 40-mark question; re-scaled to 40 and renamed the bottom band to the house ladd
  ok   #10 L2.practice_questions[4].marks [HIGH] F16: mark ladder ran 1-25 on a 40-mark question; re-scaled to 40 and renamed the bottom band to the house ladd
  ok   #11 L2.practice_questions[5].marks [HIGH] F16: mark ladder ran 1-25 on a 40-mark question; re-scaled to 40 and renamed the bottom band to the house ladd
  ok   #47 L2.content_html [HIGH] F6: fabricated quotation
  ok   #48 L2.content_html [HIGH] F7: fabricated quotation, removed rather than replaced because the curse is not explained until much later
  ok   #49 L2.content_html [HIGH] F9: the novel does not call her tall; ‘dressed in deepest black’ is the real wording
  ok   #50 L2.content_html [HIGH] F9: same fabricated compound in the key fact
  ok   #51 L2.content_html [MED] F10: neither phrase is in the novel; turned into a claim about the narration
  ok   #52 L2.practice_questions[0].text [HIGH] F6: fabricated stem quotation
  ok   #53 L2.practice_questions[1].text [HIGH] F9: fabricated stem quotation trimmed to the verified wording
  ok   #54 L2.practice_questions[3].text [HIGH] F7: fabricated stem quotation
  ok   #55 L2.knowledge_checks[3].q [HIGH] F7: the fill question quoted a line that is not in the novel
  ok   #56 L2.knowledge_checks[3].options [HIGH] F7: options rebuilt for the reworded question; the key stays at index 2
  ok   #57 L2.flashcard_questions[4].q [HIGH] F6: was 'opening line', and the quoted line is not in the novel
  ok   #58 L2.flashcard_questions[4].a [HIGH] F6: fabricated quotation replaced with the verified line
  ok   #59 L2.flashcard_questions[8].q [HIGH] F7: the card asked for a line that is not in the novel
  ok   #60 L2.flashcard_questions[8].a [HIGH] F7: replaced the fabricated quotation with what Daily actually does
  ok   #61 L2.flashcard_questions[10].a [HIGH] F9: the novel does not call her tall
  PATCH L2: practice_questions, content_html, knowledge_checks, flashcard_questions
  ok   #12 L3.practice_questions[0].marks [HIGH] F16: mark ladder ran 1-25 on a 40-mark question; re-scaled to 40 and renamed the bottom band to the house ladd
  ok   #13 L3.practice_questions[1].marks [HIGH] F16: mark ladder ran 1-25 on a 40-mark question; re-scaled to 40 and renamed the bottom band to the house ladd
  ok   #14 L3.practice_questions[2].marks [HIGH] F16: mark ladder ran 1-25 on a 40-mark question; re-scaled to 40 and renamed the bottom band to the house ladd
  ok   #15 L3.practice_questions[3].marks [HIGH] F16: mark ladder ran 1-25 on a 40-mark question; re-scaled to 40 and renamed the bottom band to the house ladd
  ok   #16 L3.practice_questions[4].marks [HIGH] F16: mark ladder ran 1-25 on a 40-mark question; re-scaled to 40 and renamed the bottom band to the house ladd
  ok   #17 L3.practice_questions[5].marks [HIGH] F16: mark ladder ran 1-25 on a 40-mark question; re-scaled to 40 and renamed the bottom band to the house ladd
  ok   #62 L3.content_html [HIGH] F8: the quoted sentence is not in the novel; replaced with a verified line from the same chapter
  ok   #63 L3.content_html [MED] F11: the death certificate Kipps finds names the boy Nathaniel Drablow, so the parenthetical is false
  ok   #64 L3.content_html [MED] F15: the nursery and the rocking chair are chapter 9 and Spider in the marsh is chapter 10, not chapters 5-8
  ok   #65 L3.practice_questions[0].text [HIGH] F8: fabricated stem quotation
  ok   #66 L3.flashcard_questions[13].q [MED] F15: those events are not all in chapters 5-8
  PATCH L3: practice_questions, content_html, flashcard_questions
  ok   #18 L4.practice_questions[0].marks [HIGH] F16: mark ladder ran 1-25 on a 40-mark question; re-scaled to 40 and renamed the bottom band to the house ladd
  ok   #19 L4.practice_questions[1].marks [HIGH] F16: mark ladder ran 1-25 on a 40-mark question; re-scaled to 40 and renamed the bottom band to the house ladd
  ok   #20 L4.practice_questions[2].marks [HIGH] F16: mark ladder ran 1-25 on a 40-mark question; re-scaled to 40 and renamed the bottom band to the house ladd
  ok   #21 L4.practice_questions[3].marks [HIGH] F16: mark ladder ran 1-25 on a 40-mark question; re-scaled to 40 and renamed the bottom band to the house ladd
  ok   #22 L4.practice_questions[4].marks [HIGH] F16: mark ladder ran 1-25 on a 40-mark question; re-scaled to 40 and renamed the bottom band to the house ladd
  ok   #23 L4.practice_questions[5].marks [HIGH] F16: mark ladder ran 1-25 on a 40-mark question; re-scaled to 40 and renamed the bottom band to the house ladd
  ok   #67 L4.content_html [HIGH] F5: ‘Whoever saw her, saw her next’ is not in the novel
  ok   #68 L4.content_html [HIGH] F5: fabricated curse quotation replaced with Samuel Daily’s real words
  ok   #69 L4.content_html [HIGH] F5: fabricated curse quotation in the key fact
  ok   #70 L4.content_html [MED] F12: the death certificates record Nathaniel Drablow and the nursemaid Rose Judd; the driver was Keckwick’s fa
  ok   #71 L4.conclusion_html [HIGH] F5: fabricated curse quotation in the takeaway
  ok   #72 L4.exam_tip_html [HIGH] F4: AO4 on this paper is spelling, punctuation and grammar, not essay structure
  ok   #73 L4.practice_questions[0].text [HIGH] F5: fabricated stem quotation
  ok   #74 L4.knowledge_checks[2].q [HIGH] F5: the fill question quoted a line that is not in the novel
  ok   #75 L4.knowledge_checks[2].options [HIGH] F5: options rebuilt for the real quotation; the key stays at index 2
  ok   #76 L4.flashcard_questions[8].a [HIGH] F5: fabricated curse quotation
  ok   #77 L4.flashcard_questions[12].a [MED] F13: the child is killed at the scene, not in hospital, and Stella survives ten months
  PATCH L4: practice_questions, content_html, conclusion_html, exam_tip_html, knowledge_checks, flashcard_questions
  ok   #24 L5.practice_questions[0].marks [HIGH] F16: mark ladder ran 1-25 on a 40-mark question; re-scaled to 40 and renamed the bottom band to the house ladd
  ok   #25 L5.practice_questions[1].marks [HIGH] F16: mark ladder ran 1-25 on a 40-mark question; re-scaled to 40 and renamed the bottom band to the house ladd
  ok   #26 L5.practice_questions[2].marks [HIGH] F16: mark ladder ran 1-25 on a 40-mark question; re-scaled to 40 and renamed the bottom band to the house ladd
  ok   #27 L5.practice_questions[3].marks [HIGH] F16: mark ladder ran 1-25 on a 40-mark question; re-scaled to 40 and renamed the bottom band to the house ladd
  ok   #28 L5.practice_questions[4].marks [HIGH] F16: mark ladder ran 1-25 on a 40-mark question; re-scaled to 40 and renamed the bottom band to the house ladd
  ok   #29 L5.practice_questions[5].marks [HIGH] F16: mark ladder ran 1-25 on a 40-mark question; re-scaled to 40 and renamed the bottom band to the house ladd
  ok   #78 L5.content_html [HIGH] F6: fabricated quotation
  ok   #79 L5.content_html [MED] F14: by the frame narrative Kipps has remarried (Esmé Ainley) and has stepchildren, so ‘his wife’ is misleadin
  ok   #80 L5.content_html [HIGH] F9: the novel does not call her tall
  ok   #81 L5.practice_questions[0].text [HIGH] F6: fabricated stem quotation
  ok   #82 L5.flashcard_questions[7].q [LOW] F18: the novel never gives Spider a breed
  ok   #83 L5.flashcard_questions[7].a [LOW] F18: ‘terrier’ is not in the novel
  PATCH L5: practice_questions, content_html, flashcard_questions
  ok   #30 L6.practice_questions[0].marks [HIGH] F16: mark ladder ran 1-25 on a 40-mark question; re-scaled to 40 and renamed the bottom band to the house ladd
  ok   #31 L6.practice_questions[1].marks [HIGH] F16: mark ladder ran 1-25 on a 40-mark question; re-scaled to 40 and renamed the bottom band to the house ladd
  ok   #32 L6.practice_questions[2].marks [HIGH] F16: mark ladder ran 1-25 on a 40-mark question; re-scaled to 40 and renamed the bottom band to the house ladd
  ok   #33 L6.practice_questions[3].marks [HIGH] F16: mark ladder ran 1-25 on a 40-mark question; re-scaled to 40 and renamed the bottom band to the house ladd
  ok   #34 L6.practice_questions[4].marks [HIGH] F16: mark ladder ran 1-25 on a 40-mark question; re-scaled to 40 and renamed the bottom band to the house ladd
  ok   #35 L6.practice_questions[5].marks [HIGH] F16: mark ladder ran 1-25 on a 40-mark question; re-scaled to 40 and renamed the bottom band to the house ladd
  ok   #84 L6.exam_tip_html [MED] F19: section code replaced with a plain description of the question
  ok   #85 L6.content_html [MED] F10: neither phrase is in the novel
  ok   #86 L6.content_html [MED] F10: neither phrase is in the novel
  ok   #87 L6.practice_questions[0].text [HIGH] F8: fabricated stem quotation
  ok   #88 L6.flashcard_questions[7].a [MED] F10: the quoted phrase is not in the novel
  ok   #89 L6.flashcard_questions[12].q [MED] F10: the card asked for a phrase that is not in the novel
  ok   #90 L6.flashcard_questions[12].a [MED] F10: replaced with a verified line
  PATCH L6: practice_questions, exam_tip_html, content_html, flashcard_questions
  ok   #36 L7.practice_questions[0].marks [HIGH] F16: mark ladder ran 1-25 on a 40-mark question; re-scaled to 40 and renamed the bottom band to the house ladd
  ok   #37 L7.practice_questions[1].marks [HIGH] F16: mark ladder ran 1-25 on a 40-mark question; re-scaled to 40 and renamed the bottom band to the house ladd
  ok   #38 L7.practice_questions[2].marks [HIGH] F16: mark ladder ran 1-25 on a 40-mark question; re-scaled to 40 and renamed the bottom band to the house ladd
  ok   #39 L7.practice_questions[3].marks [HIGH] F16: mark ladder ran 1-25 on a 40-mark question; re-scaled to 40 and renamed the bottom band to the house ladd
  ok   #40 L7.practice_questions[4].marks [HIGH] F16: mark ladder ran 1-25 on a 40-mark question; re-scaled to 40 and renamed the bottom band to the house ladd
  ok   #41 L7.practice_questions[5].marks [HIGH] F16: mark ladder ran 1-25 on a 40-mark question; re-scaled to 40 and renamed the bottom band to the house ladd
  ok   #91 L7.description [MED] F19: section code in the description
  ok   #92 L7.content_html [HIGH] F6: fabricated quotation
  ok   #93 L7.content_html [HIGH] F7: fabricated quotation
  ok   #94 L7.content_html [HIGH] F5: fabricated curse quotation
  ok   #95 L7.content_html [MED] F22: board-agnostic placeholder on a board-specific unit; replaced with the real format
  ok   #96 L7.content_html [HIGH] F3: AO1 was defined as language, form and structure, which is AO2 work; AO2 is not assessed on this section
  ok   #97 L7.content_html [HIGH] F6: fabricated quotation in the memorisation list
  ok   #98 L7.content_html [HIGH] F9: the novel does not call her tall
  ok   #99 L7.content_html [HIGH] F8: fabricated quotation in the memorisation list
  ok   #100 L7.content_html [HIGH] F7: fabricated quotation replaced with a verified one
  ok   #101 L7.content_html [HIGH] F5: fabricated curse quotation in the memorisation list
  ok   #102 L7.conclusion_html [HIGH] F5: fabricated curse quotation in the takeaway
  ok   #103 L7.practice_questions[0].text [HIGH] F5: fabricated stem quotation
  ok   #104 L7.practice_questions[2].text [HIGH] F7: fabricated stem quotation
  ok   #105 L7.practice_questions[4].text [HIGH] F9: fabricated stem quotation trimmed to the verified wording
  ok   #106 L7.knowledge_checks[0].q [HIGH] F5: the question quoted a line that is not in the novel; the key is unchanged
  ok   #107 L7.knowledge_checks[1].q [HIGH] F2: banned spec code in the question; the keyed answer AO1, AO3 and AO4 is correct
  ok   #108 L7.knowledge_checks[4].right [HIGH] F5/F7: two of the three matching quotations are not in the novel
  ok   #109 L7.flashcard_questions[0].q [HIGH] F7: the card asked for a line that is not in the novel
  ok   #110 L7.flashcard_questions[0].a [HIGH] F7: fabricated quotation
  ok   #111 L7.flashcard_questions[1].a [HIGH] F5: fabricated curse quotation
  ok   #112 L7.flashcard_questions[6].q [HIGH] F6: was 'opening phrase', and the quoted line is not in the novel
  ok   #113 L7.flashcard_questions[6].a [HIGH] F6: fabricated quotation
  ok   #114 L7.flashcard_questions[13].a [HIGH] F8: fabricated quotation
  PATCH L7: practice_questions, description, content_html, conclusion_html, knowledge_checks, flashcard_questions
=== 115 applied, 0 skipped, 7 lessons / 30 fields changed
