
=== RE-NARRATION (changed narrated text only) ===
backup: C:\Users\tshau\Documents\Study Vault\scripts\_retrofc\units\english-literature-edexcel__the-woman-in-black\_backup.json
unit:   english-literature-edexcel / the-woman-in-black
run: 2026-09-02T09:30:44Z  mode: LIVE

7 lessons, 33 clips to regenerate

  L01 (Ollie)  Context: The Gothic Tradition
      n11: The setting also places the novel in a world of strict social conventions. Grief is managed privately. Mental 
             -> 388 KB, 33.1s, uploaded
      n20: In the Edexcel post-1914 novel essay you choose one question from two. Each question is introduced by a short 
             -> 443 KB, 37.8s, uploaded
      manifest updated (24 entries)
  L02 (Ada)  Chapters 1-4: Arthur's Journey
      n6: When we first meet the young Arthur Kipps, he is a junior solicitor sent by his firm to attend the funeral of 
             -> 414 KB, 35.4s, uploaded
      n8: From the moment Kipps arrives, the townspeople behave strangely. Mr Jerome, the local land agent, becomes visi
             -> 517 KB, 44.1s, uploaded
      n11: The funeral of Mrs Alice Drablow is one of the novel’s most important early scenes. Kipps notices that almost 
             -> 330 KB, 28.1s, uploaded
      n12: Key Fact . At Mrs Drablow’s funeral, Kipps sees the Woman in Black for the first time, “dressed in deepest bla
             -> 248 KB, 21.2s, uploaded
      n17: The dramatic irony is intensified by the retrospective narration. The older Kipps, writing years later, knows 
             -> 224 KB, 19.1s, uploaded
      manifest updated (22 entries)
  L03 (Ollie)  Chapters 5-8: Eel Marsh House
      n3: The description of Kipps crossing the causeway for the first time is masterfully paced. Hill alternates betwee
             -> 365 KB, 31.1s, uploaded
      n11: Perhaps the novel’s most terrifying recurring motif is “the sound of the pony and trap.” While alone at Eel Ma
             -> 380 KB, 32.5s, uploaded
      n19: Through Kipps’s stay at Eel Marsh House, Hill escalates the horror in carefully controlled stages. First, Kipp
             -> 450 KB, 38.4s, uploaded
      manifest updated (24 entries)
  L04 (Ada)  Chapters 9-12: The Truth & the Ending
      n8: The documents reveal the final, devastating piece of the story. Young Nathaniel was killed when the pony and t
             -> 381 KB, 32.5s, uploaded
      n9: Jennet blamed Mrs Drablow for Nathaniel’s death. If Jennet had been allowed to raise her own child, she believ
             -> 435 KB, 37.1s, uploaded
      n10: The Curse: A Child Always Dies
             -> 34 KB, 2.9s, uploaded
      n13: Key Fact . “In some violent or dreadful circumstance, a child has died” — Samuel Daily’s words mean that every
             -> 255 KB, 21.7s, uploaded
      n19: The ending is a powerful focus for an essay. For AO1, analyse Hill’s structural choice to deny cathartic resol
             -> 365 KB, 31.1s, uploaded
      n22: After every sighting, Samuel Daily says, “in some violent or dreadful circumstance, a child has died” — the cu
             -> 161 KB, 13.7s, uploaded
      manifest updated (23 entries)
  L05 (Ollie)  Character Analysis
      n2: Arthur Kipps is the novel’s protagonist and narrator. Hill presents him in two distinct versions. The young Ki
             -> 382 KB, 32.6s, uploaded
      n3: The older Kipps, who narrates the story decades later, is a fundamentally different man. He has been broken by
             -> 328 KB, 28.0s, uploaded
      n6: Jennet Humfrye is the Woman in Black. She was an unmarried mother in Victorian England whose son Nathaniel was
             -> 313 KB, 26.7s, uploaded
      manifest updated (22 entries)
  L06 (Ada)  Atmosphere, Setting & Narrative Technique
      n12: The retrospective voice also shapes the novel’s tone. Kipps does not narrate with youthful excitement or adven
             -> 356 KB, 30.4s, uploaded
      n17: Foreshadowing operates on multiple levels in the novel. Structurally, the frame narrative is itself foreshadow
             -> 259 KB, 22.1s, uploaded
      n19: In the Edexcel post-1914 novel essay, focus on Hill’s methods rather than simply describing events. Use techni
             -> 378 KB, 32.2s, uploaded
      manifest updated (23 entries)
  L07 (Ollie)  Key Themes & Exam Technique
      n2: Fear is the novel’s most immediate and visceral theme. Hill presents fear not as a single emotion but as a spe
             -> 436 KB, 37.2s, uploaded
      n3: Crucially, Hill shows that fear is contagious. The community of Crythin Gifford lives in a state of permanent,
             -> 356 KB, 30.4s, uploaded
      n9: Grief is the engine that drives the novel’s plot and its emotional power. Jennet’s grief at losing Nathaniel i
             -> 394 KB, 33.6s, uploaded
      n18: In the Edexcel post-1914 novel essay you choose one question from two. Each one is introduced by a short quota
             -> 159 KB, 13.5s, uploaded
      n24: AO focus: AO1 (a clear personal argument, supported by short quotations) — throughout. AO3 (context) — embedde
             -> 274 KB, 23.4s, uploaded
      n27: “ I did not believe in ghosts ” — Establishes Kipps’s scepticism. The flat certainty is exactly what the novel
             -> 140 KB, 11.9s, uploaded
      n29: “ Dressed in deepest black ” — Visual appearance of the ghost. ‘Deepest’ intensifies mourning beyond normal gr
             -> 131 KB, 11.2s, uploaded
      n30: “ Suddenly conscious of the cold and the extreme bleakness and eeriness of the spot ” — The marsh’s power. ‘Bl
             -> 165 KB, 14.1s, uploaded
      n31: “ A desperate, yearning malevolence ” — Kipps on the ghost’s expression. Grief and hatred fused into one look.
             -> 153 KB, 13.0s, uploaded
      n33: “ In some violent or dreadful circumstance, a child has died ” — Samuel Daily explains the curse. Shows the in
             -> 165 KB, 14.1s, uploaded
      n38: For the exam, memorise short quotations (“a wasted face,” “a desperate, yearning malevolence”), embed them in 
             -> 136 KB, 11.6s, uploaded
      manifest updated (38 entries)

Regenerated 33 clips.

=== VERIFY (ranged GET + freshness) ===
  206  L01 n11  bytes 0-3/396864  Last-Modified: Wed, 02 Sep 2026 09:30:52 GMT  mp3-sync=OK
  206  L01 n20  bytes 0-3/453888  Last-Modified: Wed, 02 Sep 2026 09:30:59 GMT  mp3-sync=OK
  206  L02 n6  bytes 0-3/424224  Last-Modified: Wed, 02 Sep 2026 09:31:05 GMT  mp3-sync=OK
  206  L02 n8  bytes 0-3/529632  Last-Modified: Wed, 02 Sep 2026 09:31:13 GMT  mp3-sync=OK
  206  L02 n11  bytes 0-3/337536  Last-Modified: Wed, 02 Sep 2026 09:31:19 GMT  mp3-sync=OK
  206  L02 n12  bytes 0-3/254016  Last-Modified: Wed, 02 Sep 2026 09:31:23 GMT  mp3-sync=OK
  206  L02 n17  bytes 0-3/229824  Last-Modified: Wed, 02 Sep 2026 09:31:27 GMT  mp3-sync=OK
  206  L03 n3  bytes 0-3/373536  Last-Modified: Wed, 02 Sep 2026 09:31:33 GMT  mp3-sync=OK
  206  L03 n11  bytes 0-3/389376  Last-Modified: Wed, 02 Sep 2026 09:31:39 GMT  mp3-sync=OK
  206  L03 n19  bytes 0-3/460512  Last-Modified: Wed, 02 Sep 2026 09:31:46 GMT  mp3-sync=OK
  206  L04 n8  bytes 0-3/390528  Last-Modified: Wed, 02 Sep 2026 09:31:52 GMT  mp3-sync=OK
  206  L04 n9  bytes 0-3/445248  Last-Modified: Wed, 02 Sep 2026 09:31:59 GMT  mp3-sync=OK
  206  L04 n10  bytes 0-3/34848  Last-Modified: Wed, 02 Sep 2026 09:32:00 GMT  mp3-sync=OK
  206  L04 n13  bytes 0-3/260928  Last-Modified: Wed, 02 Sep 2026 09:32:04 GMT  mp3-sync=OK
  206  L04 n19  bytes 0-3/373824  Last-Modified: Wed, 02 Sep 2026 09:32:10 GMT  mp3-sync=OK
  206  L04 n22  bytes 0-3/164736  Last-Modified: Wed, 02 Sep 2026 09:32:13 GMT  mp3-sync=OK
  206  L05 n2  bytes 0-3/390816  Last-Modified: Wed, 02 Sep 2026 09:32:19 GMT  mp3-sync=OK
  206  L05 n3  bytes 0-3/336096  Last-Modified: Wed, 02 Sep 2026 09:32:24 GMT  mp3-sync=OK
  206  L05 n6  bytes 0-3/320832  Last-Modified: Wed, 02 Sep 2026 09:32:29 GMT  mp3-sync=OK
  206  L06 n12  bytes 0-3/364608  Last-Modified: Wed, 02 Sep 2026 09:32:35 GMT  mp3-sync=OK
  206  L06 n17  bytes 0-3/265248  Last-Modified: Wed, 02 Sep 2026 09:32:39 GMT  mp3-sync=OK
  206  L06 n19  bytes 0-3/386784  Last-Modified: Wed, 02 Sep 2026 09:32:46 GMT  mp3-sync=OK
  206  L07 n2  bytes 0-3/446688  Last-Modified: Wed, 02 Sep 2026 09:32:53 GMT  mp3-sync=OK
  206  L07 n3  bytes 0-3/364320  Last-Modified: Wed, 02 Sep 2026 09:32:59 GMT  mp3-sync=OK
  206  L07 n9  bytes 0-3/403200  Last-Modified: Wed, 02 Sep 2026 09:33:05 GMT  mp3-sync=OK
  206  L07 n18  bytes 0-3/162432  Last-Modified: Wed, 02 Sep 2026 09:33:08 GMT  mp3-sync=OK
  206  L07 n24  bytes 0-3/280800  Last-Modified: Wed, 02 Sep 2026 09:33:13 GMT  mp3-sync=OK
  206  L07 n27  bytes 0-3/142848  Last-Modified: Wed, 02 Sep 2026 09:33:16 GMT  mp3-sync=OK
  206  L07 n29  bytes 0-3/134496  Last-Modified: Wed, 02 Sep 2026 09:33:19 GMT  mp3-sync=OK
  206  L07 n30  bytes 0-3/169344  Last-Modified: Wed, 02 Sep 2026 09:33:22 GMT  mp3-sync=OK
  206  L07 n31  bytes 0-3/156384  Last-Modified: Wed, 02 Sep 2026 09:33:26 GMT  mp3-sync=OK
  206  L07 n33  bytes 0-3/169344  Last-Modified: Wed, 02 Sep 2026 09:33:29 GMT  mp3-sync=OK
  206  L07 n38  bytes 0-3/138816  Last-Modified: Wed, 02 Sep 2026 09:33:32 GMT  mp3-sync=OK

33/33 clips verified HTTP 200/206 with fresh audio.
