
=== RE-NARRATION (changed narrated text only) ===
backup: C:\Users\tshau\Documents\Study Vault\scripts\_retrofc\units\english-literature-aqa__the-merchant-of-venice\_backup.json
unit:   english-literature-aqa / the-merchant-of-venice
run: 2026-09-01T23:53:08Z  mode: LIVE

3 lessons, 3 clips to regenerate

  L03 (Ollie)  Act 3: Hath Not a Jew Eyes?
      n9: Shylock’s grief over Jessica is inseparable from his grief over money. Solanio reports in Act 2, Scene 8 that 
             -> 380 KB, 32.5s, uploaded
      manifest updated (23 entries)
  L05 (Ollie)  Act 5 & Resolution
      n14: Lorenzo’s speech about music is one of the play’s most lyrical passages: “The man that hath no music in himsel
             -> 443 KB, 37.8s, uploaded
      manifest updated (23 entries)
  L07 (Ollie)  Key Themes & Exam Technique
      n22: Step 3: Embed context. Do NOT write a separate “context paragraph.” Instead, weave context into your analysis:
             -> 249 KB, 21.2s, uploaded
      manifest updated (30 entries)

Regenerated 3 clips.

=== VERIFY (ranged GET + freshness) ===
  206  L03 n9  bytes 0-3/389376  Last-Modified: Tue, 01 Sep 2026 23:53:17 GMT  mp3-sync=OK
  206  L05 n14  bytes 0-3/453888  Last-Modified: Tue, 01 Sep 2026 23:53:24 GMT  mp3-sync=OK
  206  L07 n22  bytes 0-3/254592  Last-Modified: Tue, 01 Sep 2026 23:53:28 GMT  mp3-sync=OK

3/3 clips verified HTTP 200/206 with fresh audio.
