=== APPLY EDITS separate-sciences-ocr-b/chemistry-materials-reactions  34 edits  LIVE  2026-09-05T14:25:17.453Z
  ok   #0 L1.content_html [MEDIUM] F1: the higher-only wrapper opened below the heading, so a Foundation reader saw the heading with nothing unde
  ok   #1 L1.conclusion_html [MEDIUM] F2: C3.2 outcome 6 is bold, so biological extraction is Higher only; takeaways take a prefix, not a wrapper.
  ok   #2 L1.exam_tip_html [MEDIUM] F2: same tier flag in the exam tip.
  ok   #3 L1.exam_tip_html [LOW] F3: invented claim about how exam questions are worded; the advice survives without it.
  ok   #4 L1.practice_questions[3].type [MEDIUM] F4: phytomining is C3.2 outcome 6, bold, so Higher only.
  ok   #5 L1.practice_questions[4].type [MEDIUM] F4: bioleaching evaluation is C3.2 outcome 6, bold, so Higher only.
  ok   #6 L1.practice_questions[5].type [MEDIUM] F4: the question demands an ionic equation; 'and ionic equations' is bold in C3.2 outcome 3.
  ok   #7 L1.flashcard_questions[3].q [MEDIUM] F4: Higher-only content, tier tag at the end of the question.
  ok   #8 L1.flashcard_questions[4].q [MEDIUM] F4: Higher-only content, tier tag at the end of the question.
  PATCH L1: content_html, conclusion_html, exam_tip_html, practice_questions, flashcard_questions
  ok   #9 L2.content_html [MEDIUM] F5: aluminium oxide is a compound, not an ore; the lesson's own glossary defines an ore as a rock.
  ok   #10 L2.glossary_terms[5].definition [MEDIUM] F5: same correction in the glossary.
  ok   #11 L2.content_html [MEDIUM] F6: the equation printed for students to read was not balanced (Al 2 to 1, O 3 to 2).
  ok   #12 L2.flashcard_questions[1].q [MEDIUM] F7: half equations are C3.3 outcome 4, bold, so Higher only.
  ok   #13 L2.flashcard_questions[5].q [MEDIUM] F7: half equations are C3.3 outcome 4, bold, so Higher only.
  PATCH L2: content_html, glossary_terms, flashcard_questions
  ok   #14 L3.content_html [MEDIUM] F8: C1.1 outcome 8 gives incomplete combustion as the source of carbon monoxide and particulates only; sulfur 
  ok   #15 L3.knowledge_checks[1].q [MEDIUM] F9: the check tested electrolysis, which belongs to lesson 2, not this lesson.
  ok   #16 L3.knowledge_checks[1].options [MEDIUM] F9: options for the replacement check.
  ok   #17 L3.knowledge_checks[1].correct [MEDIUM] F9: 'An alkene' is the answer.
  ok   #18 L3.knowledge_checks[4].left[1] [MEDIUM] F9: match-set label for the replacement check.
  ok   #19 L3.knowledge_checks[4].right[1] [MEDIUM] F9: match-set answer for the replacement check.
  PATCH L3: content_html, knowledge_checks
  ok   #20 L4.content_html [MEDIUM] F10: the higher-only wrapper opened below the heading, so a Foundation reader saw the heading with nothing und
  ok   #21 L4.content_html [MEDIUM] F11: the key fact taught Higher-only condensation to both tiers, and HCl as a by-product is not in this specif
  ok   #22 L4.conclusion_html [MEDIUM] F11: C4.2 outcome 3 is bold; takeaways take a prefix, not a wrapper.
  ok   #23 L4.exam_tip_html [MEDIUM] F11: same tier flag in the exam tip.
  ok   #24 L4.practice_questions[2].type [MEDIUM] F12: the question needs condensation polymerisation, C4.2 outcome 3, bold.
  ok   #25 L4.practice_questions[3].type [MEDIUM] F12: the question needs the condensation route to PET, C4.2 outcome 3, bold.
  ok   #26 L4.flashcard_questions[1].q [MEDIUM] F12: Higher-only content.
  ok   #27 L4.flashcard_questions[2].q [MEDIUM] F12: Higher-only content.
  PATCH L4: content_html, conclusion_html, exam_tip_html, practice_questions, flashcard_questions
  ok   #28 L5.practice_questions[1].type [MEDIUM] F13: C4.4 has no bold statements, so surface area to volume is assessed at both tiers.
  ok   #29 L5.practice_questions[5].type [LOW] F14: the question asks for two limitations; there is no calculation in it.
  ok   #30 L5.content_html [MEDIUM] F15: landfill destroys the resource value of the materials; saying it conserves it teaches the opposite of the
  ok   #31 L5.content_html [MEDIUM] F16: C4.5 outcome 4a names transport as part of a life cycle assessment; the four-stage list left it out.
  ok   #32 L5.practice_questions[3].marks [MEDIUM] F16: transport credited in the mark scheme.
  ok   #33 L5.content_html [LOW] F17: a pregnancy test is not an electronic device; the rest of the sentence is right.
  PATCH L5: practice_questions, content_html
=== 34 applied, 0 skipped, 5 lessons / 17 fields changed
