
=== RE-NARRATION (changed narrated text only) ===
backup: C:\Users\tshau\Documents\Study Vault\scripts\_retrofc\units\separate-sciences-ocr-b__chemistry-materials-reactions\_backup.json
unit:   separate-sciences-ocr-b / chemistry-materials-reactions
run: 2026-09-05T14:25:21Z  mode: LIVE

5 lessons, 10 clips to regenerate

  L01 (Ollie)  Metals and Reactivity
      n25: Displacement and extraction questions turn on the reactivity series. Make sure you can recall the full series,
             -> 307 KB, 26.2s, uploaded
      n29: Higher tier only: phytomining (plants absorb metal ions) and bioleaching (bacteria break down ore) allow recov
             -> 142 KB, 12.1s, uploaded
      manifest updated (29 entries)
  L02 (Ada)  Electrolysis
      n25: Aluminium is above carbon in the reactivity series, which means carbon is not reactive enough to reduce alumin
             -> 248 KB, 21.2s, uploaded
      manifest updated (31 entries)
  L03 (Ollie)  Crude Oil and Hydrocarbons
      n28: Burning a fuel can also release sulfur dioxide (if the fuel contains sulfur impurities) and nitrogen oxides (f
             -> 282 KB, 24.1s, uploaded
      manifest updated (33 entries)
  L04 (Ada)  Polymers, Bonding and Materials
      n3: Key Fact . Monomer: small molecule with reactive sites. Polymer: very large molecule formed by linking many mo
             -> 272 KB, 23.2s, uploaded
      n30: For questions on addition and condensation polymerisation (condensation is Higher tier only), the key distingu
             -> 418 KB, 35.7s, uploaded
      n32: Addition polymers form when alkene monomers open their C=C double bonds to join in a chain with no by-product.
             -> 217 KB, 18.6s, uploaded
      manifest updated (34 entries)
  L05 (Ollie)  Nanoparticles and End-of-Life
      n7: In medicine, nanoparticles are being researched as drug-delivery vehicles. A drug can be attached to a nanopar
             -> 409 KB, 34.9s, uploaded
      n18: Transport belongs in the assessment too: moving raw materials, finished products and waste all uses fuel. LCAs
             -> 355 KB, 30.3s, uploaded
      n22: Other end-of-life routes include incineration (which can generate electricity but releases gases that require 
             -> 285 KB, 24.3s, uploaded
      manifest updated (28 entries)

Regenerated 10 clips.

=== VERIFY (ranged GET + freshness) ===
  206  L01 n25  bytes 0-3/313920  Last-Modified: Sat, 05 Sep 2026 14:25:30 GMT  mp3-sync=OK
  206  L01 n29  bytes 0-3/145440  Last-Modified: Sat, 05 Sep 2026 14:25:34 GMT  mp3-sync=OK
  206  L02 n25  bytes 0-3/254304  Last-Modified: Sat, 05 Sep 2026 14:25:39 GMT  mp3-sync=OK
  206  L03 n28  bytes 0-3/288576  Last-Modified: Sat, 05 Sep 2026 14:25:45 GMT  mp3-sync=OK
  206  L04 n3  bytes 0-3/278208  Last-Modified: Sat, 05 Sep 2026 14:25:52 GMT  mp3-sync=OK
  206  L04 n30  bytes 0-3/428256  Last-Modified: Sat, 05 Sep 2026 14:25:59 GMT  mp3-sync=OK
  206  L04 n32  bytes 0-3/222624  Last-Modified: Sat, 05 Sep 2026 14:26:03 GMT  mp3-sync=OK
  206  L05 n7  bytes 0-3/419040  Last-Modified: Sat, 05 Sep 2026 14:26:11 GMT  mp3-sync=OK
  206  L05 n18  bytes 0-3/363456  Last-Modified: Sat, 05 Sep 2026 14:26:18 GMT  mp3-sync=OK
  206  L05 n22  bytes 0-3/291456  Last-Modified: Sat, 05 Sep 2026 14:26:23 GMT  mp3-sync=OK

10/10 clips verified HTTP 200/206 with fresh audio.
