=== APPLY EDITS design-technology/designing-making  16 edits  LIVE  2026-09-06T09:51:34.575Z
  ok   #0 L2.content_html [MEDIUM] F1: Fair trade belongs within the specification's environmental, social and economic challenges, not only envi
  ok   #1 L2.conclusion_html [MEDIUM] F1: Fair trade is not solely an environmental challenge.
  ok   #2 L2.practice_questions[0].text [MEDIUM] F1: The specification groups the three named challenges as environmental, social and economic.
  ok   #3 L2.knowledge_checks[0].q [MEDIUM] F1: Fair trade must not be presented as solely an environmental challenge.
  ok   #4 L2.content_html [MEDIUM] F2: Fairtrade's standards seek these outcomes but do not guarantee them in every case.
  ok   #5 L2.practice_questions[4].marks [MEDIUM] F2: The house answer must not promise outcomes Fairtrade says its standards cannot ensure alone.
  ok   #6 L2.knowledge_checks[2].q [MEDIUM] F2: Fair trade seeks these outcomes rather than ensuring them in every case.
  ok   #7 L2.content_html [MEDIUM] F3: Sustainable management can use natural or artificial regeneration; matching replanting and harvesting rate
  ok   #8 L2.flashcard_questions[4].a [MEDIUM] F3: Regeneration need not mean replanting at the same rate as harvesting.
  ok   #9 L2.flashcard_questions[7].a [MEDIUM] F3: FSC requires timely regeneration after harvesting, which may be natural or artificial.
  ok   #10 L2.glossary_terms[4].definition [MEDIUM] F3: Sustainable forest management is broader than matching replanting and harvesting rates.
  PATCH L2: content_html, conclusion_html, practice_questions, knowledge_checks, flashcard_questions, glossary_terms
  ok   #11 L3.content_html [MEDIUM] F4: Corrected to the verified wording of Morris's 1880 quotation.
  ok   #12 L3.content_html [MEDIUM] F5: The specification's in-depth requirement is not limited to the NEA.
  PATCH L3: content_html
  ok   #13 L7.practice_questions[5].marks [MEDIUM] F6: Injection moulding can use aluminium tooling; a 500-unit break-even point cannot be assumed.
  ok   #14 L7.flashcard_questions[2].a [MEDIUM] F7: CNC is a control method; routing and milling are subtractive CNC operations.
  ok   #15 L7.glossary_terms[2].definition [MEDIUM] F7: CNC controls a machine tool rather than naming a subtractive process.
  PATCH L7: practice_questions, flashcard_questions, glossary_terms
=== 16 applied, 0 skipped, 3 lessons / 10 fields changed
