
=== RE-NARRATION (changed narrated text only) ===
backup: C:\Users\tshau\Documents\Study Vault\scripts\_retrofc\units\design-technology__designing-making\_backup.json
unit:   design-technology / designing-making
run: 2026-09-06T09:51:38Z  mode: LIVE
  L07: no narrated field changed -> skip

2 lessons, 5 clips to regenerate

  L02 (Ada)  Environmental, Social & Economic Challenges
      n5: Key Fact . The specification names three challenges: deforestation, increased carbon dioxide levels leading to
             -> 176 KB, 15.0s, uploaded
      n18: Fair trade aims to secure fairer payment and safer working conditions for producers in developing countries. D
             -> 276 KB, 23.6s, uploaded
      n24: The specified challenges (deforestation, CO 2 emissions and fair trade) constrain material and manufacturing c
             -> 128 KB, 10.9s, uploaded
      manifest updated (26 entries)
  L03 (Ollie)  The Work of Others
      n4: William Morris was a leading figure in the Arts and Crafts movement . He believed that mass production led to 
             -> 341 KB, 29.1s, uploaded
      n25: Key Fact . The six AQA material categories are: papers and boards, timber-based materials, metal-based materia
             -> 210 KB, 17.9s, uploaded
      manifest updated (30 entries)

Regenerated 5 clips.

=== VERIFY (ranged GET + freshness) ===
  206  L02 n5  bytes 0-3/180288  Last-Modified: Sun, 06 Sep 2026 09:52:04 GMT  mp3-sync=OK
  206  L02 n18  bytes 0-3/282816  Last-Modified: Sun, 06 Sep 2026 09:52:17 GMT  mp3-sync=OK
  206  L02 n24  bytes 0-3/131040  Last-Modified: Sun, 06 Sep 2026 09:52:20 GMT  mp3-sync=OK
  206  L03 n4  bytes 0-3/349344  Last-Modified: Sun, 06 Sep 2026 09:52:41 GMT  mp3-sync=OK
  206  L03 n25  bytes 0-3/215136  Last-Modified: Sun, 06 Sep 2026 09:53:02 GMT  mp3-sync=OK

5/5 clips verified HTTP 200/206 with fresh audio.
