
=== RE-NARRATION (changed narrated text only) ===
backup: C:\Users\tshau\Documents\Study Vault\scripts\_retrofc\units\drama-aqa__a-taste-of-honey\_backup.json
unit:   drama-aqa / a-taste-of-honey
run: 2026-09-05T20:23:44Z  mode: LIVE

3 lessons, 6 clips to regenerate

  L02 (Ada)  Characters: Jo, Helen, Geof, Peter, Boy
      n4: Jo is a teenager, sharp-tongued and quietly terrified. She has literary ambitions — she notices the wallpaper,
             -> 561 KB, 47.8s, uploaded
      manifest updated (21 entries)
  L03 (Ollie)  Themes: Class, Motherhood, Race, Sexuality
      n10: Jo’s relationship with the Boy — a Black sailor — is written and staged as a genuine, tender winter love affai
             -> 389 KB, 33.2s, uploaded
      manifest updated (21 entries)
  L04 (Ada)  Context: Salford 1958 and the Kitchen-Sink Movement
      n8: Theatre Workshop was the company Joan Littlewood had built at Theatre Royal Stratford East in East London. Its
             -> 412 KB, 35.1s, uploaded
      n13: Shelagh Delaney was born in Salford in 1938 and left school at seventeen. She wrote A Taste of Honey at ninete
             -> 383 KB, 32.7s, uploaded
      n15: Key Fact . Shelagh Delaney was 19 when she wrote A Taste of Honey . It premiered on 27 May 1958 at Theatre Roy
             -> 210 KB, 17.9s, uploaded
      n21: Delaney was 19 when she wrote the play, and her outsider status — young, female, working-class, northern — is 
             -> 190 KB, 16.2s, uploaded
      manifest updated (21 entries)

Regenerated 6 clips.

=== VERIFY (ranged GET + freshness) ===
  206  L02 n4  bytes 0-3/573984  Last-Modified: Sat, 05 Sep 2026 20:23:54 GMT  mp3-sync=OK
  206  L03 n10  bytes 0-3/398016  Last-Modified: Sat, 05 Sep 2026 20:24:00 GMT  mp3-sync=OK
  206  L04 n8  bytes 0-3/421632  Last-Modified: Sat, 05 Sep 2026 20:24:06 GMT  mp3-sync=OK
  206  L04 n13  bytes 0-3/392256  Last-Modified: Sat, 05 Sep 2026 20:24:11 GMT  mp3-sync=OK
  206  L04 n15  bytes 0-3/214560  Last-Modified: Sat, 05 Sep 2026 20:24:15 GMT  mp3-sync=OK
  206  L04 n21  bytes 0-3/194400  Last-Modified: Sat, 05 Sep 2026 20:24:19 GMT  mp3-sync=OK

6/6 clips verified HTTP 200/206 with fresh audio.
