
=== RE-NARRATION (changed narrated text only) ===
backup: C:\Users\tshau\Documents\Study Vault\scripts\_retrofc\units\computer-science-edexcel__data\_backup.json
unit:   computer-science-edexcel / data
run: 2026-09-06T10:53:21Z  mode: LIVE

2 lessons, 4 clips to regenerate

  L03 (Ollie)  Characters, Images and Sound
      n17: Common mistakes: (1) Forgetting to multiply by colour depth — the question asks for colour depth separately fo
             -> 189 KB, 16.1s, uploaded
      manifest updated (34 entries)
  L04 (Ada)  Storage Units, File Sizes and Compression
      n5: Computer memory and storage are built from circuits that operate in powers of 2. A memory chip with 10 address
             -> 471 KB, 40.1s, uploaded
      n6: A common error is to mix up binary multiples with the decimal SI prefixes (kB, MB, GB, TB), which step in 1000
             -> 223 KB, 19.0s, uploaded
      n34: For binary multiples, always use KiB/MiB/GiB/TiB (1024-based) — never kB/MB/GB/TB (1000-based). Write the unit
             -> 374 KB, 31.9s, uploaded
      manifest updated (38 entries)

Regenerated 4 clips.

=== VERIFY (ranged GET + freshness) ===
  206  L03 n17  bytes 0-3/193248  Last-Modified: Sun, 06 Sep 2026 10:53:29 GMT  mp3-sync=OK
  206  L04 n5  bytes 0-3/481824  Last-Modified: Sun, 06 Sep 2026 10:53:38 GMT  mp3-sync=OK
  206  L04 n6  bytes 0-3/228096  Last-Modified: Sun, 06 Sep 2026 10:53:43 GMT  mp3-sync=OK
  206  L04 n34  bytes 0-3/383040  Last-Modified: Sun, 06 Sep 2026 10:53:50 GMT  mp3-sync=OK

4/4 clips verified HTTP 200/206 with fresh audio.
