=== APPLY EDITS english-literature-ocr/animal-farm  64 edits  LIVE  2026-09-02T18:50:31.510Z
  ok   #0 L1.content_html [HIGH] F1: “Component 01” is a banned spec code that fails the house validator; the replacement states the same struc
  ok   #16 L1.practice_questions[0].marks [MEDIUM] F2: removes the invented AO1 8 / AO2 8 / AO3 4 split (the spec publishes no marking grid) and rescales the six
  ok   #17 L1.practice_questions[1].marks [MEDIUM] F2: removes the invented AO1 8 / AO2 8 / AO3 4 split (the spec publishes no marking grid) and rescales the six
  ok   #18 L1.practice_questions[2].marks [MEDIUM] F2: removes the invented AO1 8 / AO2 8 / AO3 4 split (the spec publishes no marking grid) and rescales the six
  ok   #19 L1.practice_questions[3].marks [MEDIUM] F2: removes the invented AO1 8 / AO2 8 / AO3 4 split (the spec publishes no marking grid) and rescales the six
  ok   #20 L1.practice_questions[4].marks [MEDIUM] F2: removes the invented AO1 8 / AO2 8 / AO3 4 split (the spec publishes no marking grid) and rescales the six
  ok   #21 L1.practice_questions[5].marks [MEDIUM] F2: removes the invented AO1 8 / AO2 8 / AO3 4 split (the spec publishes no marking grid) and rescales the six
  PATCH L1: content_html, practice_questions
  ok   #22 L2.practice_questions[0].marks [MEDIUM] F2: removes the invented AO1 8 / AO2 8 / AO3 4 split (the spec publishes no marking grid) and rescales the six
  ok   #23 L2.practice_questions[1].marks [MEDIUM] F2: removes the invented AO1 8 / AO2 8 / AO3 4 split (the spec publishes no marking grid) and rescales the six
  ok   #24 L2.practice_questions[2].marks [MEDIUM] F2: removes the invented AO1 8 / AO2 8 / AO3 4 split (the spec publishes no marking grid) and rescales the six
  ok   #25 L2.practice_questions[3].marks [MEDIUM] F2: removes the invented AO1 8 / AO2 8 / AO3 4 split (the spec publishes no marking grid) and rescales the six
  ok   #26 L2.practice_questions[4].marks [MEDIUM] F2: removes the invented AO1 8 / AO2 8 / AO3 4 split (the spec publishes no marking grid) and rescales the six
  ok   #27 L2.practice_questions[5].marks [MEDIUM] F2: removes the invented AO1 8 / AO2 8 / AO3 4 split (the spec publishes no marking grid) and rescales the six
  PATCH L2: practice_questions
  ok   #1 L3.content_html [MEDIUM] F3: the line is Boxer's, spoken in chapter 7, not a chorus from the animals.
  ok   #2 L3.flashcard_questions[10].q [MEDIUM] F3: speaker correction; the old stem was also ungrammatical.
  ok   #28 L3.practice_questions[0].marks [MEDIUM] F2: removes the invented AO1 8 / AO2 8 / AO3 4 split (the spec publishes no marking grid) and rescales the six
  ok   #29 L3.practice_questions[1].marks [MEDIUM] F2: removes the invented AO1 8 / AO2 8 / AO3 4 split (the spec publishes no marking grid) and rescales the six
  ok   #30 L3.practice_questions[2].marks [MEDIUM] F2: removes the invented AO1 8 / AO2 8 / AO3 4 split (the spec publishes no marking grid) and rescales the six
  ok   #31 L3.practice_questions[3].marks [MEDIUM] F2: removes the invented AO1 8 / AO2 8 / AO3 4 split (the spec publishes no marking grid) and rescales the six
  ok   #32 L3.practice_questions[4].marks [MEDIUM] F2: removes the invented AO1 8 / AO2 8 / AO3 4 split (the spec publishes no marking grid) and rescales the six
  ok   #33 L3.practice_questions[5].marks [MEDIUM] F2: removes the invented AO1 8 / AO2 8 / AO3 4 split (the spec publishes no marking grid) and rescales the six
  PATCH L3: content_html, flashcard_questions, practice_questions
  ok   #3 L4.content_html [MEDIUM] F4: Minimus's chapter 7 song praises the farm, not Napoleon; the cult poem is the separate chapter 8 piece. Th
  ok   #4 L4.content_html [MEDIUM] F4: same error in the key fact.
  ok   #5 L4.knowledge_checks[1].options[1] [HIGH] F4: the keyed answer was factually wrong — Minimus's replacement song praises Animal Farm, not Napoleon.
  ok   #6 L4.flashcard_questions[2].a [MEDIUM] F4: the replacement song praises the farm.
  ok   #34 L4.practice_questions[0].marks [MEDIUM] F2: removes the invented AO1 8 / AO2 8 / AO3 4 split (the spec publishes no marking grid) and rescales the six
  ok   #35 L4.practice_questions[1].marks [MEDIUM] F2: removes the invented AO1 8 / AO2 8 / AO3 4 split (the spec publishes no marking grid) and rescales the six
  ok   #36 L4.practice_questions[2].marks [MEDIUM] F2: removes the invented AO1 8 / AO2 8 / AO3 4 split (the spec publishes no marking grid) and rescales the six
  ok   #37 L4.practice_questions[3].marks [MEDIUM] F2: removes the invented AO1 8 / AO2 8 / AO3 4 split (the spec publishes no marking grid) and rescales the six
  ok   #38 L4.practice_questions[4].marks [MEDIUM] F2: removes the invented AO1 8 / AO2 8 / AO3 4 split (the spec publishes no marking grid) and rescales the six
  ok   #39 L4.practice_questions[5].marks [MEDIUM] F2: removes the invented AO1 8 / AO2 8 / AO3 4 split (the spec publishes no marking grid) and rescales the six
  PATCH L4: content_html, knowledge_checks, flashcard_questions, practice_questions
  ok   #9 L5.content_html [HIGH] F5: “They're taking you to your death!” is Clover's cry; Benjamin's line after he reads the van is “They are t
  ok   #10 L5.content_html [MEDIUM] F6: Squealer says “I was at his bedside at the very last”; Napoleon is not there and only speaks at the meetin
  ok   #40 L5.practice_questions[0].marks [MEDIUM] F2: removes the invented AO1 8 / AO2 8 / AO3 4 split (the spec publishes no marking grid) and rescales the six
  ok   #41 L5.practice_questions[1].marks [MEDIUM] F2: removes the invented AO1 8 / AO2 8 / AO3 4 split (the spec publishes no marking grid) and rescales the six
  ok   #42 L5.practice_questions[2].marks [MEDIUM] F2: removes the invented AO1 8 / AO2 8 / AO3 4 split (the spec publishes no marking grid) and rescales the six
  ok   #43 L5.practice_questions[3].marks [MEDIUM] F2: removes the invented AO1 8 / AO2 8 / AO3 4 split (the spec publishes no marking grid) and rescales the six
  ok   #44 L5.practice_questions[4].marks [MEDIUM] F2: removes the invented AO1 8 / AO2 8 / AO3 4 split (the spec publishes no marking grid) and rescales the six
  ok   #45 L5.practice_questions[5].marks [MEDIUM] F2: removes the invented AO1 8 / AO2 8 / AO3 4 split (the spec publishes no marking grid) and rescales the six
  PATCH L5: content_html, practice_questions
  ok   #46 L6.practice_questions[0].marks [MEDIUM] F2: removes the invented AO1 8 / AO2 8 / AO3 4 split (the spec publishes no marking grid) and rescales the six
  ok   #47 L6.practice_questions[1].marks [MEDIUM] F2: removes the invented AO1 8 / AO2 8 / AO3 4 split (the spec publishes no marking grid) and rescales the six
  ok   #48 L6.practice_questions[2].marks [MEDIUM] F2: removes the invented AO1 8 / AO2 8 / AO3 4 split (the spec publishes no marking grid) and rescales the six
  ok   #49 L6.practice_questions[3].marks [MEDIUM] F2: removes the invented AO1 8 / AO2 8 / AO3 4 split (the spec publishes no marking grid) and rescales the six
  ok   #50 L6.practice_questions[4].marks [MEDIUM] F2: removes the invented AO1 8 / AO2 8 / AO3 4 split (the spec publishes no marking grid) and rescales the six
  ok   #51 L6.practice_questions[5].marks [MEDIUM] F2: removes the invented AO1 8 / AO2 8 / AO3 4 split (the spec publishes no marking grid) and rescales the six
  PATCH L6: practice_questions
  ok   #7 L7.content_html [MEDIUM] F4: the replacement song praises the farm, not Napoleon.
  ok   #8 L7.content_html [MEDIUM] F4: same error in the key fact.
  ok   #52 L7.practice_questions[0].marks [MEDIUM] F2: removes the invented AO1 8 / AO2 8 / AO3 4 split (the spec publishes no marking grid) and rescales the six
  ok   #53 L7.practice_questions[1].marks [MEDIUM] F2: removes the invented AO1 8 / AO2 8 / AO3 4 split (the spec publishes no marking grid) and rescales the six
  ok   #54 L7.practice_questions[2].marks [MEDIUM] F2: removes the invented AO1 8 / AO2 8 / AO3 4 split (the spec publishes no marking grid) and rescales the six
  ok   #55 L7.practice_questions[3].marks [MEDIUM] F2: removes the invented AO1 8 / AO2 8 / AO3 4 split (the spec publishes no marking grid) and rescales the six
  ok   #56 L7.practice_questions[4].marks [MEDIUM] F2: removes the invented AO1 8 / AO2 8 / AO3 4 split (the spec publishes no marking grid) and rescales the six
  ok   #57 L7.practice_questions[5].marks [MEDIUM] F2: removes the invented AO1 8 / AO2 8 / AO3 4 split (the spec publishes no marking grid) and rescales the six
  PATCH L7: content_html, practice_questions
  ok   #11 L8.content_html [MEDIUM] F7: the quotation bank misquotes the line a student is told to memorise for a closed-text exam. Old Major incl
  ok   #12 L8.content_html [MEDIUM] F8: the pairing is fixed on this board, not a possibility.
  ok   #13 L8.content_html [MEDIUM] F8: the format is known and fixed — a closed-text two-hour paper of two equal sections — so the placeholder se
  ok   #14 L8.content_html [MEDIUM] F8: real marks stated; AO4 sits in the 19th-century prose section, so there is no SPaG credit here.
  ok   #15 L8.flashcard_questions[11].q [LOW] F9: the spec states no preferred quotation style, so “OCR-preferred” is an invented board claim.
  ok   #58 L8.practice_questions[0].marks [MEDIUM] F2: removes the invented AO1 8 / AO2 8 / AO3 4 split (the spec publishes no marking grid) and rescales the six
  ok   #59 L8.practice_questions[1].marks [MEDIUM] F2: removes the invented AO1 8 / AO2 8 / AO3 4 split (the spec publishes no marking grid) and rescales the six
  ok   #60 L8.practice_questions[2].marks [MEDIUM] F2: removes the invented AO1 8 / AO2 8 / AO3 4 split (the spec publishes no marking grid) and rescales the six
  ok   #61 L8.practice_questions[3].marks [MEDIUM] F2: removes the invented AO1 8 / AO2 8 / AO3 4 split (the spec publishes no marking grid) and rescales the six
  ok   #62 L8.practice_questions[4].marks [MEDIUM] F2: removes the invented AO1 8 / AO2 8 / AO3 4 split (the spec publishes no marking grid) and rescales the six
  ok   #63 L8.practice_questions[5].marks [MEDIUM] F2: removes the invented AO1 8 / AO2 8 / AO3 4 split (the spec publishes no marking grid) and rescales the six
  PATCH L8: content_html, flashcard_questions, practice_questions
=== 64 applied, 0 skipped, 8 lessons / 18 fields changed
