
=== RE-NARRATION (changed narrated text only) ===
backup: C:\Users\tshau\Documents\Study Vault\scripts\_retrofc\units\english-literature-ocr__animal-farm\_backup.json
unit:   english-literature-ocr / animal-farm
run: 2026-09-02T18:50:35Z  mode: LIVE
  L02: no narrated field changed -> skip
  L06: no narrated field changed -> skip

6 lessons, 12 clips to regenerate

  L01 (Ollie)  Context: Russian Revolution & Orwell's Purpose
      n14: For the modern prose question, this context is essential. Part (a) asks you to compare a printed extract from 
             -> 273 KB, 23.3s, uploaded
      manifest updated (19 entries)
  L03 (Ollie)  Chapters 4-6: Napoleon's Rise
      n7: After Snowball’s expulsion, Squealer works overtime. He tells the animals that Snowball was always a traitor, 
             -> 416 KB, 35.5s, uploaded
      manifest updated (20 entries)
  L04 (Ada)  Chapters 7-8: Terror & Purges
      n6: After the executions, Napoleon bans “Beasts of England” and replaces it with a new anthem praising Animal Farm
             -> 378 KB, 32.3s, uploaded
      n15: Key Fact . The animals work harder and eat less than under Jones, yet Squealer’s statistics ‘prove’ improvemen
             -> 279 KB, 23.8s, uploaded
      manifest updated (20 entries)
  L05 (Ollie)  Chapters 9-10: The Betrayal Complete
      n2: Boxer collapses while working on the windmill. He has worked himself to destruction — the very quality that ma
             -> 356 KB, 30.3s, uploaded
      n4: Squealer announces that Boxer died peacefully in hospital and claims that he himself was at the bedside. He ex
             -> 270 KB, 23.0s, uploaded
      manifest updated (20 entries)
  L07 (Ollie)  Allegory & Symbolism
      n10: The revolutionary anthem symbolises the idealism of the revolution itself. Its banning after the purges repres
             -> 255 KB, 21.8s, uploaded
      n11: Key Fact . The banning of ‘Beasts of England’ symbolises the destruction of revolutionary idealism. The song r
             -> 269 KB, 22.9s, uploaded
      manifest updated (21 entries)
  L08 (Ada)  Key Themes & Exam Technique
      n15: Comparison task: part (a) always pairs a printed extract from Animal Farm with an unseen modern prose extract,
             -> 273 KB, 23.3s, uploaded
      n16: Extended response: draw on the whole novella. Always discuss both layers: the fable (animal story) and the all
             -> 215 KB, 18.4s, uploaded
      n17: Key quotations: “All animals are equal” (original commandment). “All animals are equal but some animals are mo
             -> 420 KB, 35.9s, uploaded
      n19: Key Fact . Modern prose is typically assessed through a comparative task paired with an extended response on t
             -> 346 KB, 29.5s, uploaded
      manifest updated (24 entries)

Regenerated 12 clips.

=== VERIFY (ranged GET + freshness) ===
  206  L01 n14  bytes 0-3/279936  Last-Modified: Wed, 02 Sep 2026 18:50:41 GMT  mp3-sync=OK
  206  L03 n7  bytes 0-3/426240  Last-Modified: Wed, 02 Sep 2026 18:50:48 GMT  mp3-sync=OK
  206  L04 n6  bytes 0-3/387072  Last-Modified: Wed, 02 Sep 2026 18:50:53 GMT  mp3-sync=OK
  206  L04 n15  bytes 0-3/285696  Last-Modified: Wed, 02 Sep 2026 18:50:59 GMT  mp3-sync=OK
  206  L05 n2  bytes 0-3/364032  Last-Modified: Wed, 02 Sep 2026 18:51:05 GMT  mp3-sync=OK
  206  L05 n4  bytes 0-3/276192  Last-Modified: Wed, 02 Sep 2026 18:51:09 GMT  mp3-sync=OK
  206  L07 n10  bytes 0-3/261216  Last-Modified: Wed, 02 Sep 2026 18:51:13 GMT  mp3-sync=OK
  206  L07 n11  bytes 0-3/275040  Last-Modified: Wed, 02 Sep 2026 18:51:17 GMT  mp3-sync=OK
  206  L08 n15  bytes 0-3/279936  Last-Modified: Wed, 02 Sep 2026 18:51:22 GMT  mp3-sync=OK
  206  L08 n16  bytes 0-3/220320  Last-Modified: Wed, 02 Sep 2026 18:51:26 GMT  mp3-sync=OK
  206  L08 n17  bytes 0-3/430272  Last-Modified: Wed, 02 Sep 2026 18:51:33 GMT  mp3-sync=OK
  206  L08 n19  bytes 0-3/353952  Last-Modified: Wed, 02 Sep 2026 18:51:38 GMT  mp3-sync=OK

12/12 clips verified HTTP 200/206 with fresh audio.
