not quadruple in 1928-32.
  ok   #40 L11.content_html [HIGH] F26: the speech is 'The Tasks of Economic Executives', 4 February 1931.
  ok   #41 L11.practice_questions[5].marks [MEDIUM] F1: Paper 3 Q3(d) is 16 marks plus up to 4 SPaG (20 in total), so the content bands must run 13-16/9-12/5-8/1-
  ok   #59 L11.content_html [MEDIUM] F42 ruling: unverified 'Three Goods' brand dropped.
  ok   #60 L11.content_html [MEDIUM] F42 ruling: unverified 'Three Goods' brand dropped.
  ok   #61 L11.flashcard_questions[7].q [MEDIUM] F42 ruling.
  ok   #62 L11.flashcard_questions[7].a [MEDIUM] F42 ruling.
  ok   #63 L11.glossary_terms[2].term [MEDIUM] F42 ruling.
  ok   #64 L11.glossary_terms[2].definition [MEDIUM] F42 ruling.
  PATCH L11: conclusion_html, content_html, practice_questions, flashcard_questions, glossary_terms
  ok   #42 L12.content_html [MEDIUM] F29: the forgery reading is disputed and the papers were never used in court.
  ok   #43 L12.content_html [MEDIUM] F28: the Terror is not named after Kirov; his murder was the pretext.
  ok   #44 L12.glossary_terms[0].definition [MEDIUM] F28: matches the corrected data-def in the lesson body.
  ok   #45 L12.practice_questions[5].marks [MEDIUM] F1: Paper 3 Q3(d) is 16 marks plus up to 4 SPaG (20 in total), so the content bands must run 13-16/9-12/5-8/1-
  PATCH L12: content_html, glossary_terms, practice_questions
  ok   #46 L13.content_html [MEDIUM] F30: the Volga-Don Canal was built in 1948-52 and named after Lenin.
  ok   #47 L13.content_html [MEDIUM] F31: the phrase could not be traced to Conquest.
  ok   #48 L13.practice_questions[5].marks [MEDIUM] F1: Paper 3 Q3(d) is 16 marks plus up to 4 SPaG (20 in total), so the content bands must run 13-16/9-12/5-8/1-
  PATCH L13: content_html, practice_questions
  ok   #49 L14.conclusion_html [MEDIUM] F36: matches the corrected figure.
  ok   #50 L14.content_html [HIGH] F33: 'Lynne Lawrence' is not a historian of the Soviet special settlements.
  ok   #51 L14.content_html [MEDIUM] F34: the 1920 decree came from the Commissariats of Health and Justice; Kollontai left Social Welfare in March
  ok   #52 L14.content_html [MEDIUM] F35: the wording could not be traced to Stalin himself.
  ok   #53 L14.content_html [MEDIUM] F36: the lesson elsewhere says 'a majority'; three quarters is the post-war share.
  ok   #54 L14.content_html [MEDIUM] F36: matches the corrected figure in the lesson body.
  ok   #55 L14.content_html [MEDIUM] F38: the 'Big Deal' is Vera Dunham's term for the post-war settlement.
  ok   #56 L14.flashcard_questions[10].a [MEDIUM] F36: matches the corrected figure.
  ok   #57 L14.practice_questions[4].marks [MEDIUM] F36: matches the corrected figure.
  ok   #58 L14.practice_questions[5].marks [MEDIUM] F1: Paper 3 Q3(d) is 16 marks plus up to 4 SPaG (20 in total), so the content bands must run 13-16/9-12/5-8/1-
  PATCH L14: conclusion_html, content_html, flashcard_questions, practice_questions
=== 65 applied, 0 skipped, 14 lessons / 38 fields changed

NEW VALIDATOR VIOLATIONS after edits: {
 "11": [
  "- FC[7] answer has enumeration pattern: 'Better food, clothing and housing, before defence spending t...'. Split into separate cards."
 ]
}
restored L 1 ['practice_questions']
restored L 2 ['content_html', 'flashcard_questions', 'practice_questions']
restored L 3 ['practice_questions']
restored L 4 ['content_html', 'practice_questions']
restored L 5 ['content_html', 'practice_questions']
restored L 6 ['conclusion_html', 'content_html', 'flashcard_questions', 'practice_questions']
restored L 7 ['content_html', 'practice_questions']
restored L 8 ['content_html', 'exam_tip_html', 'flashcard_questions', 'practice_questions']
restored L 9 ['content_html', 'flashcard_questions', 'practice_questions']
restored L 10 ['content_html', 'practice_questions']
restored L 11 ['conclusion_html', 'content_html', 'practice_questions', 'flashcard_questions', 'glossary_terms']
restored L 12 ['content_html', 'glossary_terms', 'practice_questions']
restored L 13 ['content_html', 'practice_questions']
restored L 14 ['conclusion_html', 'content_html', 'flashcard_questions', 'practice_questions']
edits rolled back - fix _edits.json and re-run finish
