=== APPLY EDITS history-edexcel/russia-soviet-union  65 edits  LIVE  2026-09-06T02:33:26.871Z
  ok   #0 L1.practice_questions[5].marks [MEDIUM] F1: Paper 3 Q3(d) is 16 marks plus up to 4 SPaG (20 in total), so the content bands must run 13-16/9-12/5-8/1-
  PATCH L1: practice_questions
  ok   #1 L2.content_html [MEDIUM] F2: 23 February to 2 March (Old Style) is eight days, not six.
  ok   #2 L2.content_html [MEDIUM] F2: 23 February to 2 March (Old Style) is eight days.
  ok   #3 L2.content_html [MEDIUM] F2: eight days is more than a week.
  ok   #4 L2.content_html [MEDIUM] F3: Khabalov commanded the Petrograd military district; the city governor was Balk.
  ok   #5 L2.flashcard_questions[4].q [MEDIUM] F4: the Pavlovsky Life Guards' 4th Company mutinied on 26 February, before the Volynsky.
  ok   #6 L2.practice_questions[1].text [MEDIUM] F2: the fall ran 23 February to 2 March (Old Style) - eight days.
  ok   #7 L2.practice_questions[5].marks [MEDIUM] F1: Paper 3 Q3(d) is 16 marks plus up to 4 SPaG (20 in total), so the content bands must run 13-16/9-12/5-8/1-
  PATCH L2: content_html, flashcard_questions, practice_questions
  ok   #8 L3.practice_questions[5].marks [MEDIUM] F1: Paper 3 Q3(d) is 16 marks plus up to 4 SPaG (20 in total), so the content bands must run 13-16/9-12/5-8/1-
  PATCH L3: practice_questions
  ok   #9 L4.content_html [MEDIUM] F9: Lenin reached the Finland Station on 3 April (OS); he put the Theses on 4 April.
  ok   #10 L4.practice_questions[5].marks [MEDIUM] F1: Paper 3 Q3(d) is 16 marks plus up to 4 SPaG (20 in total), so the content bands must run 13-16/9-12/5-8/1-
  PATCH L4: content_html, practice_questions
  ok   #11 L5.content_html [MEDIUM] F10: Sverdlov chaired the All-Russian Central Executive Committee.
  ok   #12 L5.content_html [MEDIUM] F11: Kadets 4.6 per cent, Mensheviks 3.0 per cent.
  ok   #13 L5.content_html [LOW] F13: Lenin published this argument in December 1917, before the dispersal.
  ok   #14 L5.practice_questions[4].marks [MEDIUM] F12: the lesson itself dates the State Bank nationalisation to December 1917.
  ok   #15 L5.practice_questions[5].marks [MEDIUM] F1: Paper 3 Q3(d) is 16 marks plus up to 4 SPaG (20 in total), so the content bands must run 13-16/9-12/5-8/1-
  PATCH L5: content_html, practice_questions
  ok   #16 L6.conclusion_html [HIGH] F14: 34% of population, 54% of industrial land, 89% of coalfields.
  ok   #17 L6.content_html [HIGH] F14: the treaty cost 34% of population, 54% of industrial land, 89% of coalfields.
  ok   #18 L6.content_html [MEDIUM] F15: the Left SRs left Sovnarkom in March 1918; their Moscow rising was 6-7 July 1918.
  ok   #19 L6.flashcard_questions[11].a [MEDIUM] F17: list answers fail the validator; figure taken from the lesson body.
  ok   #20 L6.flashcard_questions[11].q [MEDIUM] F17: list answer replaced with a single-idea card.
  ok   #21 L6.flashcard_questions[1].a [HIGH] F14/F17: the true share is about a third; list answers fail the validator.
  ok   #22 L6.flashcard_questions[1].q [HIGH] F14/F17: wrong share, and the answer was a banned list answer.
  ok   #23 L6.practice_questions[5].marks [MEDIUM] F1: Paper 3 Q3(d) is 16 marks plus up to 4 SPaG (20 in total), so the content bands must run 13-16/9-12/5-8/1-
  PATCH L6: conclusion_html, content_html, flashcard_questions, practice_questions
  ok   #24 L7.content_html [MEDIUM] F18: the 'hair's breadth' wording could not be traced to Lenin; this one is documented.
  ok   #25 L7.practice_questions[5].marks [MEDIUM] F1: Paper 3 Q3(d) is 16 marks plus up to 4 SPaG (20 in total), so the content bands must run 13-16/9-12/5-8/1-
  PATCH L7: content_html, practice_questions
  ok   #26 L8.content_html [MEDIUM] F18: unverifiable quotation replaced with Lenin's documented judgement.
  ok   #27 L8.content_html [MEDIUM] F19: the ten-worker threshold came with the November 1920 decree, not June 1918.
  ok   #28 L8.content_html [MEDIUM] F20: the same paragraph makes Bukharin the NEP's champion, and L6 makes him leader of the Left Communists.
  ok   #29 L8.exam_tip_html [MEDIUM] F18: follows the corrected quotation in the lesson body.
  ok   #30 L8.flashcard_questions[8].a [MEDIUM] F41: a four-item list answer fails the validator.
  ok   #31 L8.practice_questions[1].marks [MEDIUM] F18: follows the corrected quotation in the lesson body.
  ok   #32 L8.practice_questions[5].marks [MEDIUM] F1: Paper 3 Q3(d) is 16 marks plus up to 4 SPaG (20 in total), so the content bands must run 13-16/9-12/5-8/1-
  PATCH L8: content_html, exam_tip_html, flashcard_questions, practice_questions
  ok   #33 L9.content_html [MEDIUM] F22: April 1929 stripped him of Pravda and the Comintern; the Politburo expulsion was 17 November 1929.
  ok   #34 L9.content_html [MEDIUM] F23: the attribution to Kotkin could not be verified and runs against his published line.
  ok   #35 L9.flashcard_questions[13].a [MEDIUM] F22: the Politburo expulsion was 17 November 1929.
  ok   #36 L9.practice_questions[5].marks [MEDIUM] F1: Paper 3 Q3(d) is 16 marks plus up to 4 SPaG (20 in total), so the content bands must run 13-16/9-12/5-8/1-
  PATCH L9: content_html, flashcard_questions, practice_questions
  ok   #37 L10.content_html [HIGH] F25: no such Royal Historical Society survey exists; fabricated citation removed.
  ok   #38 L10.practice_questions[5].marks [MEDIUM] F1: Paper 3 Q3(d) is 16 marks plus up to 4 SPaG (20 in total), so the content bands must run 13-16/9-12/5-8/1-
  PATCH L10: content_html, practice_questions
  ok   #39 L11.conclusion_html [MEDIUM] F27: contradicts the lesson's own Key Fact; pig iron did not quadruple in 1928-32.
  ok   #40 L11.content_html [HIGH] F26: the speech is 'The Tasks of Economic Executives', 4 February 1931.
  ok   #41 L11.practice_questions[5].marks [MEDIUM] F1: Paper 3 Q3(d) is 16 marks plus up to 4 SPaG (20 in total), so the content bands must run 13-16/9-12/5-8/1-
  ok   #59 L11.content_html [MEDIUM] F42 ruling: unverified 'Three Goods' brand dropped.
  ok   #60 L11.content_html [MEDIUM] F42 ruling: unverified 'Three Goods' brand dropped.
  ok   #61 L11.flashcard_questions[7].q [MEDIUM] F42 ruling.
  ok   #62 L11.flashcard_questions[7].a [MEDIUM] F42 ruling.
  ok   #63 L11.glossary_terms[2].term [MEDIUM] F42 ruling.
  ok   #64 L11.glossary_terms[2].definition [MEDIUM] F42 ruling.
  PATCH L11: conclusion_html, content_html, practice_questions, flashcard_questions, glossary_terms
  ok   #42 L12.content_html [MEDIUM] F29: the forgery reading is disputed and the papers were never used in court.
  ok   #43 L12.content_html [MEDIUM] F28: the Terror is not named after Kirov; his murder was the pretext.
  ok   #44 L12.glossary_terms[0].definition [MEDIUM] F28: matches the corrected data-def in the lesson body.
  ok   #45 L12.practice_questions[5].marks [MEDIUM] F1: Paper 3 Q3(d) is 16 marks plus up to 4 SPaG (20 in total), so the content bands must run 13-16/9-12/5-8/1-
  PATCH L12: content_html, glossary_terms, practice_questions
  ok   #46 L13.content_html [MEDIUM] F30: the Volga-Don Canal was built in 1948-52 and named after Lenin.
  ok   #47 L13.content_html [MEDIUM] F31: the phrase could not be traced to Conquest.
  ok   #48 L13.practice_questions[5].marks [MEDIUM] F1: Paper 3 Q3(d) is 16 marks plus up to 4 SPaG (20 in total), so the content bands must run 13-16/9-12/5-8/1-
  PATCH L13: content_html, practice_questions
  ok   #49 L14.conclusion_html [MEDIUM] F36: matches the corrected figure.
  ok   #50 L14.content_html [HIGH] F33: 'Lynne Lawrence' is not a historian of the Soviet special settlements.
  ok   #51 L14.content_html [MEDIUM] F34: the 1920 decree came from the Commissariats of Health and Justice; Kollontai left Social Welfare in March
  ok   #52 L14.content_html [MEDIUM] F35: the wording could not be traced to Stalin himself.
  ok   #53 L14.content_html [MEDIUM] F36: the lesson elsewhere says 'a majority'; three quarters is the post-war share.
  ok   #54 L14.content_html [MEDIUM] F36: matches the corrected figure in the lesson body.
  ok   #55 L14.content_html [MEDIUM] F38: the 'Big Deal' is Vera Dunham's term for the post-war settlement.
  ok   #56 L14.flashcard_questions[10].a [MEDIUM] F36: matches the corrected figure.
  ok   #57 L14.practice_questions[4].marks [MEDIUM] F36: matches the corrected figure.
  ok   #58 L14.practice_questions[5].marks [MEDIUM] F1: Paper 3 Q3(d) is 16 marks plus up to 4 SPaG (20 in total), so the content bands must run 13-16/9-12/5-8/1-
  PATCH L14: conclusion_html, content_html, flashcard_questions, practice_questions
=== 65 applied, 0 skipped, 14 lessons / 38 fields changed
=== APPLY EDITS history-edexcel/russia-soviet-union  65 edits  LIVE  2026-09-06T02:34:18.757Z
  ok   #0 L1.practice_questions[5].marks [MEDIUM] F1: Paper 3 Q3(d) is 16 marks plus up to 4 SPaG (20 in total), so the content bands must run 13-16/9-12/5-8/1-
  PATCH L1: practice_questions
  ok   #1 L2.content_html [MEDIUM] F2: 23 February to 2 March (Old Style) is eight days, not six.
  ok   #2 L2.content_html [MEDIUM] F2: 23 February to 2 March (Old Style) is eight days.
  ok   #3 L2.content_html [MEDIUM] F2: eight days is more than a week.
  ok   #4 L2.content_html [MEDIUM] F3: Khabalov commanded the Petrograd military district; the city governor was Balk.
  ok   #5 L2.flashcard_questions[4].q [MEDIUM] F4: the Pavlovsky Life Guards' 4th Company mutinied on 26 February, before the Volynsky.
  ok   #6 L2.practice_questions[1].text [MEDIUM] F2: the fall ran 23 February to 2 March (Old Style) - eight days.
  ok   #7 L2.practice_questions[5].marks [MEDIUM] F1: Paper 3 Q3(d) is 16 marks plus up to 4 SPaG (20 in total), so the content bands must run 13-16/9-12/5-8/1-
  PATCH L2: content_html, flashcard_questions, practice_questions
  ok   #8 L3.practice_questions[5].marks [MEDIUM] F1: Paper 3 Q3(d) is 16 marks plus up to 4 SPaG (20 in total), so the content bands must run 13-16/9-12/5-8/1-
  PATCH L3: practice_questions
  ok   #9 L4.content_html [MEDIUM] F9: Lenin reached the Finland Station on 3 April (OS); he put the Theses on 4 April.
  ok   #10 L4.practice_questions[5].marks [MEDIUM] F1: Paper 3 Q3(d) is 16 marks plus up to 4 SPaG (20 in total), so the content bands must run 13-16/9-12/5-8/1-
  PATCH L4: content_html, practice_questions
  ok   #11 L5.content_html [MEDIUM] F10: Sverdlov chaired the All-Russian Central Executive Committee.
  ok   #12 L5.content_html [MEDIUM] F11: Kadets 4.6 per cent, Mensheviks 3.0 per cent.
  ok   #13 L5.content_html [LOW] F13: Lenin published this argument in December 1917, before the dispersal.
  ok   #14 L5.practice_questions[4].marks [MEDIUM] F12: the lesson itself dates the State Bank nationalisation to December 1917.
  ok   #15 L5.practice_questions[5].marks [MEDIUM] F1: Paper 3 Q3(d) is 16 marks plus up to 4 SPaG (20 in total), so the content bands must run 13-16/9-12/5-8/1-
  PATCH L5: content_html, practice_questions
  ok   #16 L6.conclusion_html [HIGH] F14: 34% of population, 54% of industrial land, 89% of coalfields.
  ok   #17 L6.content_html [HIGH] F14: the treaty cost 34% of population, 54% of industrial land, 89% of coalfields.
  ok   #18 L6.content_html [MEDIUM] F15: the Left SRs left Sovnarkom in March 1918; their Moscow rising was 6-7 July 1918.
  ok   #19 L6.flashcard_questions[11].a [MEDIUM] F17: list answers fail the validator; figure taken from the lesson body.
  ok   #20 L6.flashcard_questions[11].q [MEDIUM] F17: list answer replaced with a single-idea card.
  ok   #21 L6.flashcard_questions[1].a [HIGH] F14/F17: the true share is about a third; list answers fail the validator.
  ok   #22 L6.flashcard_questions[1].q [HIGH] F14/F17: wrong share, and the answer was a banned list answer.
  ok   #23 L6.practice_questions[5].marks [MEDIUM] F1: Paper 3 Q3(d) is 16 marks plus up to 4 SPaG (20 in total), so the content bands must run 13-16/9-12/5-8/1-
  PATCH L6: conclusion_html, content_html, flashcard_questions, practice_questions
  ok   #24 L7.content_html [MEDIUM] F18: the 'hair's breadth' wording could not be traced to Lenin; this one is documented.
  ok   #25 L7.practice_questions[5].marks [MEDIUM] F1: Paper 3 Q3(d) is 16 marks plus up to 4 SPaG (20 in total), so the content bands must run 13-16/9-12/5-8/1-
  PATCH L7: content_html, practice_questions
  ok   #26 L8.content_html [MEDIUM] F18: unverifiable quotation replaced with Lenin's documented judgement.
  ok   #27 L8.content_html [MEDIUM] F19: the ten-worker threshold came with the November 1920 decree, not June 1918.
  ok   #28 L8.content_html [MEDIUM] F20: the same paragraph makes Bukharin the NEP's champion, and L6 makes him leader of the Left Communists.
  ok   #29 L8.exam_tip_html [MEDIUM] F18: follows the corrected quotation in the lesson body.
  ok   #30 L8.flashcard_questions[8].a [MEDIUM] F41: a four-item list answer fails the validator.
  ok   #31 L8.practice_questions[1].marks [MEDIUM] F18: follows the corrected quotation in the lesson body.
  ok   #32 L8.practice_questions[5].marks [MEDIUM] F1: Paper 3 Q3(d) is 16 marks plus up to 4 SPaG (20 in total), so the content bands must run 13-16/9-12/5-8/1-
  PATCH L8: content_html, exam_tip_html, flashcard_questions, practice_questions
  ok   #33 L9.content_html [MEDIUM] F22: April 1929 stripped him of Pravda and the Comintern; the Politburo expulsion was 17 November 1929.
  ok   #34 L9.content_html [MEDIUM] F23: the attribution to Kotkin could not be verified and runs against his published line.
  ok   #35 L9.flashcard_questions[13].a [MEDIUM] F22: the Politburo expulsion was 17 November 1929.
  ok   #36 L9.practice_questions[5].marks [MEDIUM] F1: Paper 3 Q3(d) is 16 marks plus up to 4 SPaG (20 in total), so the content bands must run 13-16/9-12/5-8/1-
  PATCH L9: content_html, flashcard_questions, practice_questions
  ok   #37 L10.content_html [HIGH] F25: no such Royal Historical Society survey exists; fabricated citation removed.
  ok   #38 L10.practice_questions[5].marks [MEDIUM] F1: Paper 3 Q3(d) is 16 marks plus up to 4 SPaG (20 in total), so the content bands must run 13-16/9-12/5-8/1-
  PATCH L10: content_html, practice_questions
  ok   #39 L11.conclusion_html [MEDIUM] F27: contradicts the lesson's own Key Fact; pig iron did not quadruple in 1928-32.
  ok   #40 L11.content_html [HIGH] F26: the speech is 'The Tasks of Economic Executives', 4 February 1931.
  ok   #41 L11.practice_questions[5].marks [MEDIUM] F1: Paper 3 Q3(d) is 16 marks plus up to 4 SPaG (20 in total), so the content bands must run 13-16/9-12/5-8/1-
  ok   #59 L11.content_html [MEDIUM] F42 ruling: unverified 'Three Goods' brand dropped.
  ok   #60 L11.content_html [MEDIUM] F42 ruling: unverified 'Three Goods' brand dropped.
  ok   #61 L11.flashcard_questions[7].q [MEDIUM] F42 ruling.
  ok   #62 L11.flashcard_questions[7].a [MEDIUM] F42 ruling.
  ok   #63 L11.glossary_terms[2].term [MEDIUM] F42 ruling.
  ok   #64 L11.glossary_terms[2].definition [MEDIUM] F42 ruling.
  PATCH L11: conclusion_html, content_html, practice_questions, flashcard_questions, glossary_terms
  ok   #42 L12.content_html [MEDIUM] F29: the forgery reading is disputed and the papers were never used in court.
  ok   #43 L12.content_html [MEDIUM] F28: the Terror is not named after Kirov; his murder was the pretext.
  ok   #44 L12.glossary_terms[0].definition [MEDIUM] F28: matches the corrected data-def in the lesson body.
  ok   #45 L12.practice_questions[5].marks [MEDIUM] F1: Paper 3 Q3(d) is 16 marks plus up to 4 SPaG (20 in total), so the content bands must run 13-16/9-12/5-8/1-
  PATCH L12: content_html, glossary_terms, practice_questions
  ok   #46 L13.content_html [MEDIUM] F30: the Volga-Don Canal was built in 1948-52 and named after Lenin.
  ok   #47 L13.content_html [MEDIUM] F31: the phrase could not be traced to Conquest.
  ok   #48 L13.practice_questions[5].marks [MEDIUM] F1: Paper 3 Q3(d) is 16 marks plus up to 4 SPaG (20 in total), so the content bands must run 13-16/9-12/5-8/1-
  PATCH L13: content_html, practice_questions
  ok   #49 L14.conclusion_html [MEDIUM] F36: matches the corrected figure.
  ok   #50 L14.content_html [HIGH] F33: 'Lynne Lawrence' is not a historian of the Soviet special settlements.
  ok   #51 L14.content_html [MEDIUM] F34: the 1920 decree came from the Commissariats of Health and Justice; Kollontai left Social Welfare in March
  ok   #52 L14.content_html [MEDIUM] F35: the wording could not be traced to Stalin himself.
  ok   #53 L14.content_html [MEDIUM] F36: the lesson elsewhere says 'a majority'; three quarters is the post-war share.
  ok   #54 L14.content_html [MEDIUM] F36: matches the corrected figure in the lesson body.
  ok   #55 L14.content_html [MEDIUM] F38: the 'Big Deal' is Vera Dunham's term for the post-war settlement.
  ok   #56 L14.flashcard_questions[10].a [MEDIUM] F36: matches the corrected figure.
  ok   #57 L14.practice_questions[4].marks [MEDIUM] F36: matches the corrected figure.
  ok   #58 L14.practice_questions[5].marks [MEDIUM] F1: Paper 3 Q3(d) is 16 marks plus up to 4 SPaG (20 in total), so the content bands must run 13-16/9-12/5-8/1-
  PATCH L14: conclusion_html, content_html, flashcard_questions, practice_questions
=== 65 applied, 0 skipped, 14 lessons / 38 fields changed
