
=== RE-NARRATION (changed narrated text only) ===
backup: C:\Users\tshau\Documents\Study Vault\scripts\_retrofc\units\history-edexcel__russia-soviet-union\_backup.json
unit:   history-edexcel / russia-soviet-union
run: 2026-09-06T02:34:26Z  mode: LIVE
  L01: no narrated field changed -> skip
  L03: no narrated field changed -> skip

12 lessons, 30 clips to regenerate

  L02 (Ada)  The February Revolution
      n1: Eight Days that Brought Down a Dynasty
             -> 30 KB, 2.6s, uploaded
      n2: The February Revolution did not look like a revolution on its first morning. It looked like another bread queu
             -> 413 KB, 35.3s, uploaded
      n9: Nicholas, at Stavka in Mogilev, telegraphed orders on 25 February to the Petrograd district commander General 
             -> 511 KB, 43.6s, uploaded
      manifest updated (21 entries)
  L04 (Ada)  The October Revolution: The Bolshevik Seizure of Power
      n5: In April 1917 Vladimir Lenin reached Petrograd in a sealed train provided by the German government, which had 
             -> 362 KB, 30.9s, uploaded
      manifest updated (24 entries)
  L05 (Ollie)  Early Bolshevik Decrees and the Constituent Assembly
      n14: The Constituent Assembly elections of 12 November 1917 had been promised by every party in 1917, including the
             -> 358 KB, 30.5s, uploaded
      n15: The Assembly opened in the Tauride Palace on 5 January 1918. The SR leader Viktor Chernov was elected chair. T
             -> 340 KB, 29.0s, uploaded
      n16: Key Fact . The Bolsheviks came second in the only nationwide free election in 1917. The Socialist Revolutionar
             -> 267 KB, 22.8s, uploaded
      manifest updated (26 entries)
  L06 (Ada)  Brest-Litovsk and the Civil War, 1918–21
      n5: The German terms were brutal. Russia would lose Poland, Lithuania, Latvia, Estonia, Finland and Ukraine — roug
             -> 471 KB, 40.2s, uploaded
      n6: Reactions were sharply divided. War-weary peasants and workers in the central provinces were relieved that the
             -> 491 KB, 41.9s, uploaded
      n23: The Treaty of Brest-Litovsk (3 March 1918) cost Russia a third of its population, over half of its industrial 
             -> 179 KB, 15.3s, uploaded
      manifest updated (25 entries)
  L07 (Ollie)  Red Terror, the Cheka and the Kronstadt Mutiny
      n21: Kronstadt opened on 1 March 1921. The Tenth Party Congress opened in Moscow a week later, on 8 March, while th
             -> 631 KB, 53.9s, uploaded
      manifest updated (26 entries)
  L08 (Ada)  War Communism, the NEP and Society Under Lenin
      n5: When the Civil War began in the summer of 1918, Bolshevik-held territory was cut off from Ukraine’s grain. Sov
             -> 406 KB, 34.6s, uploaded
      n9: Students often write that War Communism was abandoned because it didn’t work. Lenin’s own argument at the Tent
             -> 490 KB, 41.8s, uploaded
      n12: Reactions varied. War-weary peasants were relieved; food production recovered quickly and by 1925 grain output
             -> 478 KB, 40.8s, uploaded
      n20: For Paper 3 inference questions on War Communism or the NEP, look for sources that hint at the gap between Bol
             -> 666 KB, 56.8s, uploaded
      manifest updated (24 entries)
  L09 (Ollie)  Stalin's Rise to Power, 1924–28
      n15: Students often present 1924–28 as a debate about Permanent Revolution versus Socialism in One Country, decided
             -> 368 KB, 31.4s, uploaded
      n17: The third phase reversed the first. The 1927–28 grain procurement crisis — peasants withholding grain because 
             -> 641 KB, 54.7s, uploaded
      manifest updated (23 entries)
  L10 (Ada)  Collectivisation and the Attack on the Kulaks
      n9: Students often write that kulaks were a real class of wealthy peasants who exploited their neighbours. The Bol
             -> 470 KB, 40.1s, uploaded
      manifest updated (21 entries)
  L11 (Ollie)  The Five-Year Plans and Soviet Industry
      n2: In February 1931 Stalin told a conference of Soviet industrial managers that ‘we are fifty or a hundred years 
             -> 728 KB, 62.1s, uploaded
      n11: The Second Plan was originally branded the ‘ consumer-goods promise : better food, clothing and housing for So
             -> 640 KB, 54.6s, uploaded
      n17: Key Fact . The First Plan (1928–32) built Magnitogorsk, the Dnieper Dam and the Belomor Canal — coal output ro
             -> 426 KB, 36.3s, uploaded
      n21: The First Plan (1928–32) built Magnitogorsk, the Dnieper Dam and the Belomor Canal, roughly doubled coal outpu
             -> 251 KB, 21.4s, uploaded
      manifest updated (22 entries)
  L12 (Ada)  The Great Terror, the NKVD and the Show Trials
      n12: In June 1937 Marshal Mikhail Tukhachevsky, the most accomplished commander in the Red Army and architect of it
             -> 605 KB, 51.6s, uploaded
      manifest updated (22 entries)
  L13 (Ollie)  Propaganda, the Cult of Stalin and the 1936 Constitution
      n11: The reality was the Yezhovshchina. The same year the constitution was adopted, Order 00447 was being drafted, 
             -> 565 KB, 48.2s, uploaded
      n14: Above the press, the cinema and the constitution rose the Cult of Stalin . It built on the existing Lenin cult
             -> 666 KB, 56.9s, uploaded
      manifest updated (22 entries)
  L14 (Ada)  Life in Stalin's USSR by 1941: Workers, Women and Minorities
      n10: Students often write that everyone in 1930s USSR was equally poor and oppressed. The picture is more textured.
             -> 475 KB, 40.6s, uploaded
      n12: Soviet women entered industry on a scale unmatched in any other major economy. Between 1928 and 1940 around te
             -> 800 KB, 68.3s, uploaded
      n13: Key Fact . The 1936 Family Code banned abortion (legalised 1920), made divorce expensive and bureaucratic, res
             -> 360 KB, 30.7s, uploaded
      n16: Students often present ethnic deportation as a 1941–44 wartime measure. The Soviet Korean deportation of 1937 
             -> 448 KB, 38.3s, uploaded
      n22: Soviet women entered industry and the professions on a scale unmatched elsewhere — a clear majority of doctors
             -> 196 KB, 16.7s, uploaded
      manifest updated (23 entries)

Regenerated 30 clips.

=== VERIFY (ranged GET + freshness) ===
  206  L02 n1  bytes 0-3/31104  Last-Modified: Sun, 06 Sep 2026 02:34:34 GMT  mp3-sync=OK
  206  L02 n2  bytes 0-3/423360  Last-Modified: Sun, 06 Sep 2026 02:34:42 GMT  mp3-sync=OK
  206  L02 n9  bytes 0-3/523584  Last-Modified: Sun, 06 Sep 2026 02:34:52 GMT  mp3-sync=OK
  206  L04 n5  bytes 0-3/370368  Last-Modified: Sun, 06 Sep 2026 02:35:01 GMT  mp3-sync=OK
  206  L05 n14  bytes 0-3/366336  Last-Modified: Sun, 06 Sep 2026 02:35:09 GMT  mp3-sync=OK
  206  L05 n15  bytes 0-3/348480  Last-Modified: Sun, 06 Sep 2026 02:35:21 GMT  mp3-sync=OK
  206  L05 n16  bytes 0-3/273600  Last-Modified: Sun, 06 Sep 2026 02:35:27 GMT  mp3-sync=OK
  206  L06 n5  bytes 0-3/482112  Last-Modified: Sun, 06 Sep 2026 02:35:37 GMT  mp3-sync=OK
  206  L06 n6  bytes 0-3/502560  Last-Modified: Sun, 06 Sep 2026 02:35:48 GMT  mp3-sync=OK
  206  L06 n23  bytes 0-3/183168  Last-Modified: Sun, 06 Sep 2026 02:35:52 GMT  mp3-sync=OK
  206  L07 n21  bytes 0-3/646272  Last-Modified: Sun, 06 Sep 2026 02:36:05 GMT  mp3-sync=OK
  206  L08 n5  bytes 0-3/415584  Last-Modified: Sun, 06 Sep 2026 02:36:15 GMT  mp3-sync=OK
  206  L08 n9  bytes 0-3/501408  Last-Modified: Sun, 06 Sep 2026 02:36:24 GMT  mp3-sync=OK
  206  L08 n12  bytes 0-3/489888  Last-Modified: Sun, 06 Sep 2026 02:36:39 GMT  mp3-sync=OK
  206  L08 n20  bytes 0-3/681984  Last-Modified: Sun, 06 Sep 2026 02:36:53 GMT  mp3-sync=OK
  206  L09 n15  bytes 0-3/377280  Last-Modified: Sun, 06 Sep 2026 02:37:01 GMT  mp3-sync=OK
  206  L09 n17  bytes 0-3/656640  Last-Modified: Sun, 06 Sep 2026 02:37:12 GMT  mp3-sync=OK
  206  L10 n9  bytes 0-3/480960  Last-Modified: Sun, 06 Sep 2026 02:37:22 GMT  mp3-sync=OK
  206  L11 n2  bytes 0-3/745056  Last-Modified: Sun, 06 Sep 2026 02:37:42 GMT  mp3-sync=OK
  206  L11 n11  bytes 0-3/654912  Last-Modified: Sun, 06 Sep 2026 02:37:54 GMT  mp3-sync=OK
  206  L11 n17  bytes 0-3/435744  Last-Modified: Sun, 06 Sep 2026 02:38:04 GMT  mp3-sync=OK
  206  L11 n21  bytes 0-3/256896  Last-Modified: Sun, 06 Sep 2026 02:38:09 GMT  mp3-sync=OK
  206  L12 n12  bytes 0-3/619200  Last-Modified: Sun, 06 Sep 2026 02:38:20 GMT  mp3-sync=OK
  206  L13 n11  bytes 0-3/578880  Last-Modified: Sun, 06 Sep 2026 02:38:32 GMT  mp3-sync=OK
  206  L13 n14  bytes 0-3/682272  Last-Modified: Sun, 06 Sep 2026 02:38:45 GMT  mp3-sync=OK
  206  L14 n10  bytes 0-3/486720  Last-Modified: Sun, 06 Sep 2026 02:38:55 GMT  mp3-sync=OK
  206  L14 n12  bytes 0-3/819072  Last-Modified: Sun, 06 Sep 2026 02:39:09 GMT  mp3-sync=OK
  206  L14 n13  bytes 0-3/368352  Last-Modified: Sun, 06 Sep 2026 02:39:17 GMT  mp3-sync=OK
  206  L14 n16  bytes 0-3/459072  Last-Modified: Sun, 06 Sep 2026 02:39:25 GMT  mp3-sync=OK
  206  L14 n22  bytes 0-3/200448  Last-Modified: Sun, 06 Sep 2026 02:39:29 GMT  mp3-sync=OK

30/30 clips verified HTTP 200/206 with fresh audio.
