ns[3].text [MEDIUM] F-EX3: 'How does Interpretation B differ from A' is the AQA stem; Paper 3 Q3(b) asks for the main difference b
  ok   #31 L8.practice_questions[3].type [MEDIUM] F-EX3: label matched the AQA stem.
  ok   #42 L8.practice_questions[0].marks [MEDIUM] F-EX4: the mark scheme said 1 mark then 2 marks for the same thing.
  ok   #94 L8.content_html [MEDIUM] F16: the 85 figure is the total killed, and it includes non-SA victims; Röhm was shot on 1 July.
  ok   #95 L8.practice_questions[1].marks [HIGH] F-EX2: 12-mark bands.
  PATCH L8: practice_questions, content_html
  ok   #32 L9.practice_questions[0].text [HIGH] F-EX1: Paper 3 Q1 asks what you can INFER from the source, not what you can learn.
  ok   #33 L9.practice_questions[1].type [HIGH] F-EX2: Paper 3 'Explain why' is 12 marks, not 8 (Section A = 16 = 4 + 12).
  ok   #34 L9.practice_questions[3].text [MEDIUM] F-EX3: 'How does Interpretation B differ from A' is the AQA stem; Paper 3 Q3(b) asks for the main difference b
  ok   #35 L9.practice_questions[3].type [MEDIUM] F-EX3: label matched the AQA stem.
  ok   #43 L9.practice_questions[0].marks [MEDIUM] F-EX4: the mark scheme said 1 mark then 2 marks for the same thing.
  ok   #96 L9.content_html [MEDIUM] F17: thirteen were hanged in Cologne-Ehrenfeld in November 1944, six of them teenagers.
  ok   #97 L9.practice_questions[1].marks [HIGH] F-EX2: 12-mark bands.
  ok   #98 L9.flashcard_questions[4].q [LOW] F18: broken question, and the answer was a bare comma list.
  ok   #99 L9.flashcard_questions[4].a [LOW] F18
  ok   #100 L9.flashcard_questions[15].q [MEDIUM] F17
  ok   #101 L9.flashcard_questions[15].a [MEDIUM] F17
  PATCH L9: practice_questions, content_html, flashcard_questions
  ok   #36 L10.practice_questions[0].text [HIGH] F-EX1: Paper 3 Q1 asks what you can INFER from the source, not what you can learn.
  ok   #37 L10.practice_questions[1].type [HIGH] F-EX2: Paper 3 'Explain why' is 12 marks, not 8 (Section A = 16 = 4 + 12).
  ok   #38 L10.practice_questions[3].text [MEDIUM] F-EX3: 'How does Interpretation B differ from A' is the AQA stem; Paper 3 Q3(b) asks for the main difference b
  ok   #39 L10.practice_questions[3].type [MEDIUM] F-EX3: label matched the AQA stem.
  ok   #44 L10.practice_questions[0].marks [MEDIUM] F-EX4: the mark scheme said 1 mark then 2 marks for the same thing.
  ok   #102 L10.content_html [MEDIUM] F19: about 282,000 left Germany across the whole period 1933–39; roughly 100,000 left in the ten months after 
  ok   #103 L10.practice_questions[1].marks [HIGH] F-EX2: 12-mark bands.
  ok   #104 L10.flashcard_questions[8].a [LOW] F20: bare comma list answer.
  ok   #105 L10.flashcard_questions[12].q [MEDIUM] F19
  ok   #106 L10.flashcard_questions[12].a [MEDIUM] F19
  ok   #107 L10.flashcard_questions[15].a [LOW] F20: the answer listed four groups when the question asked for one.
  PATCH L10: practice_questions, content_html, flashcard_questions
=== 109 applied, 0 skipped, 10 lessons / 36 fields changed

NEW VALIDATOR VIOLATIONS after edits: {
 "10": [
  "- FC[15] answer has enumeration pattern: 'The Roma and Sinti, who were sterilised, deported and later ...'. Split into separate cards."
 ]
}
restored L 1 ['practice_questions', 'content_html', 'exam_tip_html', 'knowledge_checks', 'flashcard_questions', 'glossary_terms']
restored L 2 ['practice_questions', 'content_html', 'exam_tip_html', 'glossary_terms']
restored L 3 ['practice_questions', 'flashcard_questions', 'content_html']
restored L 4 ['practice_questions', 'content_html', 'exam_tip_html', 'knowledge_checks', 'flashcard_questions', 'glossary_terms']
restored L 5 ['practice_questions', 'exam_tip_html']
restored L 6 ['practice_questions', 'content_html', 'exam_tip_html', 'flashcard_questions']
restored L 7 ['practice_questions', 'exam_tip_html', 'flashcard_questions']
restored L 8 ['practice_questions', 'content_html']
restored L 9 ['practice_questions', 'content_html', 'flashcard_questions']
restored L 10 ['practice_questions', 'content_html', 'flashcard_questions']
edits rolled back - fix _edits.json and re-run finish
