=== APPLY EDITS history-edexcel/weimar-nazi-germany  109 edits  LIVE  2026-09-06T00:49:34.888Z
  ok   #0 L1.practice_questions[0].text [HIGH] F-EX1: Paper 3 Q1 asks what you can INFER from the source, not what you can learn.
  ok   #1 L1.practice_questions[1].type [HIGH] F-EX2: Paper 3 'Explain why' is 12 marks, not 8 (Section A = 16 = 4 + 12).
  ok   #2 L1.practice_questions[3].text [MEDIUM] F-EX3: 'How does Interpretation B differ from A' is the AQA stem; Paper 3 Q3(b) asks for the main difference b
  ok   #3 L1.practice_questions[3].type [MEDIUM] F-EX3: label matched the AQA stem.
  ok   #45 L1.practice_questions[5].text [HIGH] F-EX5: the 16+4 question was set as a statement with stimulus bullets — that is the Paper 1 thematic form. Pap
  ok   #50 L1.content_html [HIGH] F1: the Turnip Winter was 1916–17.
  ok   #51 L1.content_html [MEDIUM] F2: the refusal to sail was at Wilhelmshaven on 29–30 October; the Kiel mutiny itself began on 3 November 1918
  ok   #52 L1.content_html [MEDIUM] F2: same date and place correction, with the arrest figure brought back to what the record supports.
  ok   #53 L1.content_html [MEDIUM] F2: timeline date.
  ok   #54 L1.content_html [MEDIUM] F4: the definition defined the Reichstag as containing itself.
  ok   #55 L1.exam_tip_html [HIGH] F-EX1: the Paper 3 stem asks for inferences.
  ok   #56 L1.exam_tip_html [HIGH] F-EX2: Paper 3 'Explain why' is 12 marks.
  ok   #57 L1.practice_questions[1].marks [HIGH] F-EX2/F1/F2: 12-mark bands, Turnip Winter 1916–17, Kiel mutiny 3 Nov 1918.
  ok   #58 L1.practice_questions[5].marks [MEDIUM] F3: twelve people held the chancellorship between 1919 and January 1933, not nine.
  ok   #59 L1.knowledge_checks[4].left[0] [MEDIUM] F2: 29 October is the date sailors refused to sail, not the date the Kiel mutiny began.
  ok   #60 L1.flashcard_questions[0].q [HIGH] F1
  ok   #61 L1.flashcard_questions[2].a [MEDIUM] F2
  ok   #62 L1.flashcard_questions[3].q [MEDIUM] F2
  ok   #63 L1.glossary_terms[6].definition [MEDIUM] F4
  PATCH L1: practice_questions, content_html, exam_tip_html, knowledge_checks, flashcard_questions, glossary_terms
  ok   #4 L2.practice_questions[0].text [HIGH] F-EX1: Paper 3 Q1 asks what you can INFER from the source, not what you can learn.
  ok   #5 L2.practice_questions[1].type [HIGH] F-EX2: Paper 3 'Explain why' is 12 marks, not 8 (Section A = 16 = 4 + 12).
  ok   #6 L2.practice_questions[3].text [MEDIUM] F-EX3: 'How does Interpretation B differ from A' is the AQA stem; Paper 3 Q3(b) asks for the main difference b
  ok   #7 L2.practice_questions[3].type [MEDIUM] F-EX3: label matched the AQA stem.
  ok   #46 L2.practice_questions[5].text [HIGH] F-EX5: the 16+4 question was set as a statement with stimulus bullets — that is the Paper 1 thematic form. Pap
  ok   #64 L2.content_html [MEDIUM] F5: Versailles ordered a plebiscite in Upper Silesia; only part of it went to Poland, in 1922.
  ok   #65 L2.content_html [MEDIUM] F6: Ebert was not President in January 1919 — he was elected on 11 February 1919.
  ok   #66 L2.content_html [MEDIUM] F7: Wolfgang Kapp was a Prussian civil servant and politician, not a journalist.
  ok   #67 L2.exam_tip_html [HIGH] F-EX2
  ok   #68 L2.practice_questions[1].marks [HIGH] F-EX2: 12-mark bands.
  ok   #69 L2.glossary_terms[6].definition [MEDIUM] F7
  PATCH L2: practice_questions, content_html, exam_tip_html, glossary_terms
  ok   #8 L3.practice_questions[0].text [HIGH] F-EX1: Paper 3 Q1 asks what you can INFER from the source, not what you can learn.
  ok   #9 L3.practice_questions[1].type [HIGH] F-EX2: Paper 3 'Explain why' is 12 marks, not 8 (Section A = 16 = 4 + 12).
  ok   #10 L3.practice_questions[3].text [MEDIUM] F-EX3: 'How does Interpretation B differ from A' is the AQA stem; Paper 3 Q3(b) asks for the main difference b
  ok   #11 L3.practice_questions[3].type [MEDIUM] F-EX3: label matched the AQA stem.
  ok   #47 L3.practice_questions[5].text [HIGH] F-EX5: the 16+4 question was set as a statement with stimulus bullets — that is the Paper 1 thematic form. Pap
  ok   #70 L3.practice_questions[1].marks [HIGH] F-EX2: 12-mark bands.
  ok   #71 L3.flashcard_questions[5].q [MEDIUM] F8: the card had three blanks and a slash-separated answer, which the validator rejects.
  ok   #72 L3.flashcard_questions[5].a [MEDIUM] F8
  ok   #108 L3.content_html [MEDIUM] ruling: the 0.63-mark row is the 1918 row of the standard textbook table.
  PATCH L3: practice_questions, flashcard_questions, content_html
  ok   #12 L4.practice_questions[0].text [HIGH] F-EX1: Paper 3 Q1 asks what you can INFER from the source, not what you can learn.
  ok   #13 L4.practice_questions[1].type [HIGH] F-EX2: Paper 3 'Explain why' is 12 marks, not 8 (Section A = 16 = 4 + 12).
  ok   #14 L4.practice_questions[3].text [MEDIUM] F-EX3: 'How does Interpretation B differ from A' is the AQA stem; Paper 3 Q3(b) asks for the main difference b
  ok   #15 L4.practice_questions[3].type [MEDIUM] F-EX3: label matched the AQA stem.
  ok   #48 L4.practice_questions[5].text [HIGH] F-EX5: the 16+4 question was set as a statement with stimulus bullets — that is the Paper 1 thematic form. Pap
  ok   #73 L4.content_html [HIGH] F9: the Dawes loan was 800 million marks, not 800 million dollars.
  ok   #74 L4.content_html [HIGH] F9
  ok   #75 L4.content_html [MEDIUM] F10: there were twenty cabinets and twelve chancellors, not 28 governments.
  ok   #76 L4.exam_tip_html [HIGH] F-EX5: the 16-mark question on this paper evaluates a given interpretation.
  ok   #77 L4.practice_questions[1].marks [HIGH] F-EX2/F9
  ok   #78 L4.practice_questions[5].marks [MEDIUM] F9/F10
  ok   #79 L4.knowledge_checks[2].q [HIGH] F9
  ok   #80 L4.flashcard_questions[3].a [HIGH] F9
  ok   #81 L4.glossary_terms[2].definition [HIGH] F9
  PATCH L4: practice_questions, content_html, exam_tip_html, knowledge_checks, flashcard_questions, glossary_terms
  ok   #16 L5.practice_questions[0].text [HIGH] F-EX1: Paper 3 Q1 asks what you can INFER from the source, not what you can learn.
  ok   #17 L5.practice_questions[1].type [HIGH] F-EX2: Paper 3 'Explain why' is 12 marks, not 8 (Section A = 16 = 4 + 12).
  ok   #18 L5.practice_questions[3].text [MEDIUM] F-EX3: 'How does Interpretation B differ from A' is the AQA stem; Paper 3 Q3(b) asks for the main difference b
  ok   #19 L5.practice_questions[3].type [MEDIUM] F-EX3: label matched the AQA stem.
  ok   #49 L5.practice_questions[5].text [HIGH] F-EX5: the 16+4 question was set as a statement with stimulus bullets — that is the Paper 1 thematic form. Pap
  ok   #82 L5.exam_tip_html [MEDIUM] F11: invented exam claim about what examiners reward.
  ok   #83 L5.practice_questions[1].marks [HIGH] F-EX2: 12-mark bands.
  PATCH L5: practice_questions, exam_tip_html
  ok   #20 L6.practice_questions[0].text [HIGH] F-EX1: Paper 3 Q1 asks what you can INFER from the source, not what you can learn.
  ok   #21 L6.practice_questions[1].type [HIGH] F-EX2: Paper 3 'Explain why' is 12 marks, not 8 (Section A = 16 = 4 + 12).
  ok   #22 L6.practice_questions[3].text [MEDIUM] F-EX3: 'How does Interpretation B differ from A' is the AQA stem; Paper 3 Q3(b) asks for the main difference b
  ok   #23 L6.practice_questions[3].type [MEDIUM] F-EX3: label matched the AQA stem.
  ok   #40 L6.practice_questions[0].marks [MEDIUM] F-EX4: the mark scheme said 1 mark then 2 marks for the same thing.
  ok   #84 L6.content_html [MEDIUM] F12: 53% and 36.8% are the April run-off figures; in the March first round Hindenburg took 49.6% and Hitler 30
  ok   #85 L6.content_html [MEDIUM] F12
  ok   #86 L6.exam_tip_html [HIGH] F-EX2
  ok   #87 L6.practice_questions[1].marks [HIGH] F-EX2: 12-mark bands.
  ok   #88 L6.flashcard_questions[14].q [MEDIUM] F12
  ok   #89 L6.flashcard_questions[15].q [MEDIUM] F13: the card asked for a one-word answer to a fill-in-the-blank and called the Russian Revolution a 'Revolt'.
  ok   #90 L6.flashcard_questions[15].a [MEDIUM] F13
  PATCH L6: practice_questions, content_html, exam_tip_html, flashcard_questions
  ok   #24 L7.practice_questions[0].text [HIGH] F-EX1: Paper 3 Q1 asks what you can INFER from the source, not what you can learn.
  ok   #25 L7.practice_questions[1].type [HIGH] F-EX2: Paper 3 'Explain why' is 12 marks, not 8 (Section A = 16 = 4 + 12).
  ok   #26 L7.practice_questions[3].text [MEDIUM] F-EX3: 'How does Interpretation B differ from A' is the AQA stem; Paper 3 Q3(b) asks for the main difference b
  ok   #27 L7.practice_questions[3].type [MEDIUM] F-EX3: label matched the AQA stem.
  ok   #41 L7.practice_questions[0].marks [MEDIUM] F-EX4: the mark scheme said 1 mark then 2 marks for the same thing.
  ok   #91 L7.exam_tip_html [HIGH] F14: banned band naming — the validator rejects 'Level 2' / 'Level 3'.
  ok   #92 L7.practice_questions[1].marks [HIGH] F-EX2: 12-mark bands.
  ok   #93 L7.flashcard_questions[2].a [LOW] F15: 'who scheming' — broken sentence.
  PATCH L7: practice_questions, exam_tip_html, flashcard_questions
  ok   #28 L8.practice_questions[0].text [HIGH] F-EX1: Paper 3 Q1 asks what you can INFER from the source, not what you can learn.
  ok   #29 L8.practice_questions[1].type [HIGH] F-EX2: Paper 3 'Explain why' is 12 marks, not 8 (Section A = 16 = 4 + 12).
  ok   #30 L8.practice_questions[3].text [MEDIUM] F-EX3: 'How does Interpretation B differ from A' is the AQA stem; Paper 3 Q3(b) asks for the main difference b
  ok   #31 L8.practice_questions[3].type [MEDIUM] F-EX3: label matched the AQA stem.
  ok   #42 L8.practice_questions[0].marks [MEDIUM] F-EX4: the mark scheme said 1 mark then 2 marks for the same thing.
  ok   #94 L8.content_html [MEDIUM] F16: the 85 figure is the total killed, and it includes non-SA victims; Röhm was shot on 1 July.
  ok   #95 L8.practice_questions[1].marks [HIGH] F-EX2: 12-mark bands.
  PATCH L8: practice_questions, content_html
  ok   #32 L9.practice_questions[0].text [HIGH] F-EX1: Paper 3 Q1 asks what you can INFER from the source, not what you can learn.
  ok   #33 L9.practice_questions[1].type [HIGH] F-EX2: Paper 3 'Explain why' is 12 marks, not 8 (Section A = 16 = 4 + 12).
  ok   #34 L9.practice_questions[3].text [MEDIUM] F-EX3: 'How does Interpretation B differ from A' is the AQA stem; Paper 3 Q3(b) asks for the main difference b
  ok   #35 L9.practice_questions[3].type [MEDIUM] F-EX3: label matched the AQA stem.
  ok   #43 L9.practice_questions[0].marks [MEDIUM] F-EX4: the mark scheme said 1 mark then 2 marks for the same thing.
  ok   #96 L9.content_html [MEDIUM] F17: thirteen were hanged in Cologne-Ehrenfeld in November 1944, six of them teenagers.
  ok   #97 L9.practice_questions[1].marks [HIGH] F-EX2: 12-mark bands.
  ok   #98 L9.flashcard_questions[4].q [LOW] F18: broken question, and the answer was a bare comma list.
  ok   #99 L9.flashcard_questions[4].a [LOW] F18
  ok   #100 L9.flashcard_questions[15].q [MEDIUM] F17
  ok   #101 L9.flashcard_questions[15].a [MEDIUM] F17
  PATCH L9: practice_questions, content_html, flashcard_questions
  ok   #36 L10.practice_questions[0].text [HIGH] F-EX1: Paper 3 Q1 asks what you can INFER from the source, not what you can learn.
  ok   #37 L10.practice_questions[1].type [HIGH] F-EX2: Paper 3 'Explain why' is 12 marks, not 8 (Section A = 16 = 4 + 12).
  ok   #38 L10.practice_questions[3].text [MEDIUM] F-EX3: 'How does Interpretation B differ from A' is the AQA stem; Paper 3 Q3(b) asks for the main difference b
  ok   #39 L10.practice_questions[3].type [MEDIUM] F-EX3: label matched the AQA stem.
  ok   #44 L10.practice_questions[0].marks [MEDIUM] F-EX4: the mark scheme said 1 mark then 2 marks for the same thing.
  ok   #102 L10.content_html [MEDIUM] F19: about 282,000 left Germany across the whole period 1933–39; roughly 100,000 left in the ten months after 
  ok   #103 L10.practice_questions[1].marks [HIGH] F-EX2: 12-mark bands.
  ok   #104 L10.flashcard_questions[8].a [LOW] F20: bare comma list answer.
  ok   #105 L10.flashcard_questions[12].q [MEDIUM] F19
  ok   #106 L10.flashcard_questions[12].a [MEDIUM] F19
  ok   #107 L10.flashcard_questions[15].a [LOW] F20: the answer listed four groups when the question asked for one.
  PATCH L10: practice_questions, content_html, flashcard_questions
=== 109 applied, 0 skipped, 10 lessons / 36 fields changed
=== APPLY EDITS history-edexcel/weimar-nazi-germany  109 edits  LIVE  2026-09-06T00:49:56.852Z
  ok   #0 L1.practice_questions[0].text [HIGH] F-EX1: Paper 3 Q1 asks what you can INFER from the source, not what you can learn.
  ok   #1 L1.practice_questions[1].type [HIGH] F-EX2: Paper 3 'Explain why' is 12 marks, not 8 (Section A = 16 = 4 + 12).
  ok   #2 L1.practice_questions[3].text [MEDIUM] F-EX3: 'How does Interpretation B differ from A' is the AQA stem; Paper 3 Q3(b) asks for the main difference b
  ok   #3 L1.practice_questions[3].type [MEDIUM] F-EX3: label matched the AQA stem.
  ok   #45 L1.practice_questions[5].text [HIGH] F-EX5: the 16+4 question was set as a statement with stimulus bullets — that is the Paper 1 thematic form. Pap
  ok   #50 L1.content_html [HIGH] F1: the Turnip Winter was 1916–17.
  ok   #51 L1.content_html [MEDIUM] F2: the refusal to sail was at Wilhelmshaven on 29–30 October; the Kiel mutiny itself began on 3 November 1918
  ok   #52 L1.content_html [MEDIUM] F2: same date and place correction, with the arrest figure brought back to what the record supports.
  ok   #53 L1.content_html [MEDIUM] F2: timeline date.
  ok   #54 L1.content_html [MEDIUM] F4: the definition defined the Reichstag as containing itself.
  ok   #55 L1.exam_tip_html [HIGH] F-EX1: the Paper 3 stem asks for inferences.
  ok   #56 L1.exam_tip_html [HIGH] F-EX2: Paper 3 'Explain why' is 12 marks.
  ok   #57 L1.practice_questions[1].marks [HIGH] F-EX2/F1/F2: 12-mark bands, Turnip Winter 1916–17, Kiel mutiny 3 Nov 1918.
  ok   #58 L1.practice_questions[5].marks [MEDIUM] F3: twelve people held the chancellorship between 1919 and January 1933, not nine.
  ok   #59 L1.knowledge_checks[4].left[0] [MEDIUM] F2: 29 October is the date sailors refused to sail, not the date the Kiel mutiny began.
  ok   #60 L1.flashcard_questions[0].q [HIGH] F1
  ok   #61 L1.flashcard_questions[2].a [MEDIUM] F2
  ok   #62 L1.flashcard_questions[3].q [MEDIUM] F2
  ok   #63 L1.glossary_terms[6].definition [MEDIUM] F4
  PATCH L1: practice_questions, content_html, exam_tip_html, knowledge_checks, flashcard_questions, glossary_terms
  ok   #4 L2.practice_questions[0].text [HIGH] F-EX1: Paper 3 Q1 asks what you can INFER from the source, not what you can learn.
  ok   #5 L2.practice_questions[1].type [HIGH] F-EX2: Paper 3 'Explain why' is 12 marks, not 8 (Section A = 16 = 4 + 12).
  ok   #6 L2.practice_questions[3].text [MEDIUM] F-EX3: 'How does Interpretation B differ from A' is the AQA stem; Paper 3 Q3(b) asks for the main difference b
  ok   #7 L2.practice_questions[3].type [MEDIUM] F-EX3: label matched the AQA stem.
  ok   #46 L2.practice_questions[5].text [HIGH] F-EX5: the 16+4 question was set as a statement with stimulus bullets — that is the Paper 1 thematic form. Pap
  ok   #64 L2.content_html [MEDIUM] F5: Versailles ordered a plebiscite in Upper Silesia; only part of it went to Poland, in 1922.
  ok   #65 L2.content_html [MEDIUM] F6: Ebert was not President in January 1919 — he was elected on 11 February 1919.
  ok   #66 L2.content_html [MEDIUM] F7: Wolfgang Kapp was a Prussian civil servant and politician, not a journalist.
  ok   #67 L2.exam_tip_html [HIGH] F-EX2
  ok   #68 L2.practice_questions[1].marks [HIGH] F-EX2: 12-mark bands.
  ok   #69 L2.glossary_terms[6].definition [MEDIUM] F7
  PATCH L2: practice_questions, content_html, exam_tip_html, glossary_terms
  ok   #8 L3.practice_questions[0].text [HIGH] F-EX1: Paper 3 Q1 asks what you can INFER from the source, not what you can learn.
  ok   #9 L3.practice_questions[1].type [HIGH] F-EX2: Paper 3 'Explain why' is 12 marks, not 8 (Section A = 16 = 4 + 12).
  ok   #10 L3.practice_questions[3].text [MEDIUM] F-EX3: 'How does Interpretation B differ from A' is the AQA stem; Paper 3 Q3(b) asks for the main difference b
  ok   #11 L3.practice_questions[3].type [MEDIUM] F-EX3: label matched the AQA stem.
  ok   #47 L3.practice_questions[5].text [HIGH] F-EX5: the 16+4 question was set as a statement with stimulus bullets — that is the Paper 1 thematic form. Pap
  ok   #70 L3.practice_questions[1].marks [HIGH] F-EX2: 12-mark bands.
  ok   #71 L3.flashcard_questions[5].q [MEDIUM] F8: the card had three blanks and a slash-separated answer, which the validator rejects.
  ok   #72 L3.flashcard_questions[5].a [MEDIUM] F8
  ok   #108 L3.content_html [MEDIUM] ruling: the 0.63-mark row is the 1918 row of the standard textbook table.
  PATCH L3: practice_questions, flashcard_questions, content_html
  ok   #12 L4.practice_questions[0].text [HIGH] F-EX1: Paper 3 Q1 asks what you can INFER from the source, not what you can learn.
  ok   #13 L4.practice_questions[1].type [HIGH] F-EX2: Paper 3 'Explain why' is 12 marks, not 8 (Section A = 16 = 4 + 12).
  ok   #14 L4.practice_questions[3].text [MEDIUM] F-EX3: 'How does Interpretation B differ from A' is the AQA stem; Paper 3 Q3(b) asks for the main difference b
  ok   #15 L4.practice_questions[3].type [MEDIUM] F-EX3: label matched the AQA stem.
  ok   #48 L4.practice_questions[5].text [HIGH] F-EX5: the 16+4 question was set as a statement with stimulus bullets — that is the Paper 1 thematic form. Pap
  ok   #73 L4.content_html [HIGH] F9: the Dawes loan was 800 million marks, not 800 million dollars.
  ok   #74 L4.content_html [HIGH] F9
  ok   #75 L4.content_html [MEDIUM] F10: there were twenty cabinets and twelve chancellors, not 28 governments.
  ok   #76 L4.exam_tip_html [HIGH] F-EX5: the 16-mark question on this paper evaluates a given interpretation.
  ok   #77 L4.practice_questions[1].marks [HIGH] F-EX2/F9
  ok   #78 L4.practice_questions[5].marks [MEDIUM] F9/F10
  ok   #79 L4.knowledge_checks[2].q [HIGH] F9
  ok   #80 L4.flashcard_questions[3].a [HIGH] F9
  ok   #81 L4.glossary_terms[2].definition [HIGH] F9
  PATCH L4: practice_questions, content_html, exam_tip_html, knowledge_checks, flashcard_questions, glossary_terms
  ok   #16 L5.practice_questions[0].text [HIGH] F-EX1: Paper 3 Q1 asks what you can INFER from the source, not what you can learn.
  ok   #17 L5.practice_questions[1].type [HIGH] F-EX2: Paper 3 'Explain why' is 12 marks, not 8 (Section A = 16 = 4 + 12).
  ok   #18 L5.practice_questions[3].text [MEDIUM] F-EX3: 'How does Interpretation B differ from A' is the AQA stem; Paper 3 Q3(b) asks for the main difference b
  ok   #19 L5.practice_questions[3].type [MEDIUM] F-EX3: label matched the AQA stem.
  ok   #49 L5.practice_questions[5].text [HIGH] F-EX5: the 16+4 question was set as a statement with stimulus bullets — that is the Paper 1 thematic form. Pap
  ok   #82 L5.exam_tip_html [MEDIUM] F11: invented exam claim about what examiners reward.
  ok   #83 L5.practice_questions[1].marks [HIGH] F-EX2: 12-mark bands.
  PATCH L5: practice_questions, exam_tip_html
  ok   #20 L6.practice_questions[0].text [HIGH] F-EX1: Paper 3 Q1 asks what you can INFER from the source, not what you can learn.
  ok   #21 L6.practice_questions[1].type [HIGH] F-EX2: Paper 3 'Explain why' is 12 marks, not 8 (Section A = 16 = 4 + 12).
  ok   #22 L6.practice_questions[3].text [MEDIUM] F-EX3: 'How does Interpretation B differ from A' is the AQA stem; Paper 3 Q3(b) asks for the main difference b
  ok   #23 L6.practice_questions[3].type [MEDIUM] F-EX3: label matched the AQA stem.
  ok   #40 L6.practice_questions[0].marks [MEDIUM] F-EX4: the mark scheme said 1 mark then 2 marks for the same thing.
  ok   #84 L6.content_html [MEDIUM] F12: 53% and 36.8% are the April run-off figures; in the March first round Hindenburg took 49.6% and Hitler 30
  ok   #85 L6.content_html [MEDIUM] F12
  ok   #86 L6.exam_tip_html [HIGH] F-EX2
  ok   #87 L6.practice_questions[1].marks [HIGH] F-EX2: 12-mark bands.
  ok   #88 L6.flashcard_questions[14].q [MEDIUM] F12
  ok   #89 L6.flashcard_questions[15].q [MEDIUM] F13: the card asked for a one-word answer to a fill-in-the-blank and called the Russian Revolution a 'Revolt'.
  ok   #90 L6.flashcard_questions[15].a [MEDIUM] F13
  PATCH L6: practice_questions, content_html, exam_tip_html, flashcard_questions
  ok   #24 L7.practice_questions[0].text [HIGH] F-EX1: Paper 3 Q1 asks what you can INFER from the source, not what you can learn.
  ok   #25 L7.practice_questions[1].type [HIGH] F-EX2: Paper 3 'Explain why' is 12 marks, not 8 (Section A = 16 = 4 + 12).
  ok   #26 L7.practice_questions[3].text [MEDIUM] F-EX3: 'How does Interpretation B differ from A' is the AQA stem; Paper 3 Q3(b) asks for the main difference b
  ok   #27 L7.practice_questions[3].type [MEDIUM] F-EX3: label matched the AQA stem.
  ok   #41 L7.practice_questions[0].marks [MEDIUM] F-EX4: the mark scheme said 1 mark then 2 marks for the same thing.
  ok   #91 L7.exam_tip_html [HIGH] F14: banned band naming — the validator rejects 'Level 2' / 'Level 3'.
  ok   #92 L7.practice_questions[1].marks [HIGH] F-EX2: 12-mark bands.
  ok   #93 L7.flashcard_questions[2].a [LOW] F15: 'who scheming' — broken sentence.
  PATCH L7: practice_questions, exam_tip_html, flashcard_questions
  ok   #28 L8.practice_questions[0].text [HIGH] F-EX1: Paper 3 Q1 asks what you can INFER from the source, not what you can learn.
  ok   #29 L8.practice_questions[1].type [HIGH] F-EX2: Paper 3 'Explain why' is 12 marks, not 8 (Section A = 16 = 4 + 12).
  ok   #30 L8.practice_questions[3].text [MEDIUM] F-EX3: 'How does Interpretation B differ from A' is the AQA stem; Paper 3 Q3(b) asks for the main difference b
  ok   #31 L8.practice_questions[3].type [MEDIUM] F-EX3: label matched the AQA stem.
  ok   #42 L8.practice_questions[0].marks [MEDIUM] F-EX4: the mark scheme said 1 mark then 2 marks for the same thing.
  ok   #94 L8.content_html [MEDIUM] F16: the 85 figure is the total killed, and it includes non-SA victims; Röhm was shot on 1 July.
  ok   #95 L8.practice_questions[1].marks [HIGH] F-EX2: 12-mark bands.
  PATCH L8: practice_questions, content_html
  ok   #32 L9.practice_questions[0].text [HIGH] F-EX1: Paper 3 Q1 asks what you can INFER from the source, not what you can learn.
  ok   #33 L9.practice_questions[1].type [HIGH] F-EX2: Paper 3 'Explain why' is 12 marks, not 8 (Section A = 16 = 4 + 12).
  ok   #34 L9.practice_questions[3].text [MEDIUM] F-EX3: 'How does Interpretation B differ from A' is the AQA stem; Paper 3 Q3(b) asks for the main difference b
  ok   #35 L9.practice_questions[3].type [MEDIUM] F-EX3: label matched the AQA stem.
  ok   #43 L9.practice_questions[0].marks [MEDIUM] F-EX4: the mark scheme said 1 mark then 2 marks for the same thing.
  ok   #96 L9.content_html [MEDIUM] F17: thirteen were hanged in Cologne-Ehrenfeld in November 1944, six of them teenagers.
  ok   #97 L9.practice_questions[1].marks [HIGH] F-EX2: 12-mark bands.
  ok   #98 L9.flashcard_questions[4].q [LOW] F18: broken question, and the answer was a bare comma list.
  ok   #99 L9.flashcard_questions[4].a [LOW] F18
  ok   #100 L9.flashcard_questions[15].q [MEDIUM] F17
  ok   #101 L9.flashcard_questions[15].a [MEDIUM] F17
  PATCH L9: practice_questions, content_html, flashcard_questions
  ok   #36 L10.practice_questions[0].text [HIGH] F-EX1: Paper 3 Q1 asks what you can INFER from the source, not what you can learn.
  ok   #37 L10.practice_questions[1].type [HIGH] F-EX2: Paper 3 'Explain why' is 12 marks, not 8 (Section A = 16 = 4 + 12).
  ok   #38 L10.practice_questions[3].text [MEDIUM] F-EX3: 'How does Interpretation B differ from A' is the AQA stem; Paper 3 Q3(b) asks for the main difference b
  ok   #39 L10.practice_questions[3].type [MEDIUM] F-EX3: label matched the AQA stem.
  ok   #44 L10.practice_questions[0].marks [MEDIUM] F-EX4: the mark scheme said 1 mark then 2 marks for the same thing.
  ok   #102 L10.content_html [MEDIUM] F19: about 282,000 left Germany across the whole period 1933–39; roughly 100,000 left in the ten months after 
  ok   #103 L10.practice_questions[1].marks [HIGH] F-EX2: 12-mark bands.
  ok   #104 L10.flashcard_questions[8].a [LOW] F20: bare comma list answer.
  ok   #105 L10.flashcard_questions[12].q [MEDIUM] F19
  ok   #106 L10.flashcard_questions[12].a [MEDIUM] F19
  ok   #107 L10.flashcard_questions[15].a [LOW] F20: the answer listed four groups when the question asked for one.
  PATCH L10: practice_questions, content_html, flashcard_questions
=== 109 applied, 0 skipped, 10 lessons / 36 fields changed
