
=== RE-NARRATION (changed narrated text only) ===
backup: C:\Users\tshau\Documents\Study Vault\scripts\_retrofc\units\history-edexcel__weimar-nazi-germany\_backup.json
unit:   history-edexcel / weimar-nazi-germany
run: 2026-09-06T00:50:01Z  mode: LIVE

10 lessons, 20 clips to regenerate

  L01 (Ollie)  The Origins of the Weimar Republic 1918–19
      n3: On the home front, conditions were desperate. The winter of 1916–17 became known as the “Turnip Winter” becaus
             -> 203 KB, 17.3s, uploaded
      n6: At the end of October 1918, German sailors refused to sail out for a final battle against the British Royal Na
             -> 326 KB, 27.8s, uploaded
      n7: In late October 1918, naval commanders ordered the German fleet to sail for a final attack on the British navy
             -> 361 KB, 30.8s, uploaded
      n13: 3 Nov 1918 . Kiel Mutiny Sailors seize Kiel after refusing to sail against Britain. . 9 Nov 1918 . Kaiser Abdi
             -> 304 KB, 26.0s, uploaded
      n22: For the Edexcel Paper 3 “Give two things you can infer from Source A” question (4 marks), make sure you infer 
             -> 279 KB, 23.8s, uploaded
      manifest updated (26 entries)
  L02 (Ada)  Early Challenges: Versailles, Spartacists & the Kapp Putsch
      n4: Germany lost approximately 13% of its European territory and 10% of its population. Key losses included: Alsac
             -> 490 KB, 41.8s, uploaded
      n13: Ebert’s government used the Freikorps — right-wing ex-soldiers — to crush the revolt. The Freikorps brutally s
             -> 274 KB, 23.4s, uploaded
      n19: For Edexcel Paper 3 “Explain why” questions (12 marks), you should aim for three developed points . Each point
             -> 265 KB, 22.6s, uploaded
      manifest updated (23 entries)
  L03 (Ollie)  Crisis of 1923: Hyperinflation & the Ruhr
      n10: The numbers were staggering. In 1918, a loaf of bread cost 0.63 marks. By January 1923, it cost 250 marks. By 
             -> 406 KB, 34.6s, uploaded
      manifest updated (24 entries)
  L04 (Ada)  Stresemann & the Golden Age 1924–29
      n6: In 1924, the Dawes Plan , negotiated with the United States, restructured Germany’s reparations. Annual paymen
             -> 239 KB, 20.4s, uploaded
      n16: Weaknesses: Dependence on American loans made recovery fragile. Unemployment stayed above 1 million. Farmers s
             -> 308 KB, 26.3s, uploaded
      n22: The 16-mark question asks how far you agree with one of the two interpretations you are given, so use the othe
             -> 403 KB, 34.4s, uploaded
      manifest updated (26 entries)
  L05 (Ollie)  Hitler’s Early Career & the Munich Putsch 1923
      n23: When answering questions about the Munich Putsch, always cover both the short-term failure (16 Nazis killed, H
             -> 252 KB, 21.5s, uploaded
      manifest updated (27 entries)
  L06 (Ada)  The Growth of Nazi Support 1929–32
      n23: In March 1932, Hitler stood against the ageing President Hindenburg in the presidential election. No candidate
             -> 372 KB, 31.8s, uploaded
      n25: May 1928 . Reichstag Election Nazis win just 12 seats (2.6%). A fringe party with little support. . September 
             -> 598 KB, 51.0s, uploaded
      n26: For “Explain Why” questions (12 marks) on the growth of Nazi support, always identify at least two or three fa
             -> 323 KB, 27.5s, uploaded
      manifest updated (30 entries)
  L07 (Ollie)  Hitler Becomes Chancellor 1932–33
      n19: When answering questions on why Hitler became Chancellor, avoid the common mistake of simply listing reasons. 
             -> 298 KB, 25.4s, uploaded
      manifest updated (23 entries)
  L08 (Ada)  Creating the Dictatorship: Reichstag Fire to Führer
      n21: On 30 June 1934 the SS arrested Röhm, who was shot the next day. At least 85 people were killed in the purge. 
             -> 249 KB, 21.2s, uploaded
      manifest updated (31 entries)
  L09 (Ollie)  The Nazi Police State, Propaganda & Opposition
      n27: Not all young people accepted Nazi control. The Edelweiss Pirates were groups of young working-class Germans w
             -> 312 KB, 26.6s, uploaded
      manifest updated (34 entries)
  L10 (Ada)  Life in Nazi Germany: Women, Youth & Persecution
      n34: Key Fact . The persecution of Jewish people escalated from social exclusion (boycotts, 1933) to legal discrimi
             -> 357 KB, 30.5s, uploaded
      manifest updated (41 entries)

Regenerated 20 clips.

=== VERIFY (ranged GET + freshness) ===
  206  L01 n3  bytes 0-3/207648  Last-Modified: Sun, 06 Sep 2026 00:50:09 GMT  mp3-sync=OK
  206  L01 n6  bytes 0-3/333792  Last-Modified: Sun, 06 Sep 2026 00:50:15 GMT  mp3-sync=OK
  206  L01 n7  bytes 0-3/370080  Last-Modified: Sun, 06 Sep 2026 00:50:21 GMT  mp3-sync=OK
  206  L01 n13  bytes 0-3/311616  Last-Modified: Sun, 06 Sep 2026 00:50:27 GMT  mp3-sync=OK
  206  L01 n22  bytes 0-3/285984  Last-Modified: Sun, 06 Sep 2026 00:50:32 GMT  mp3-sync=OK
  206  L02 n4  bytes 0-3/501408  Last-Modified: Sun, 06 Sep 2026 00:50:40 GMT  mp3-sync=OK
  206  L02 n13  bytes 0-3/280512  Last-Modified: Sun, 06 Sep 2026 00:50:45 GMT  mp3-sync=OK
  206  L02 n19  bytes 0-3/271584  Last-Modified: Sun, 06 Sep 2026 00:50:50 GMT  mp3-sync=OK
  206  L03 n10  bytes 0-3/415584  Last-Modified: Sun, 06 Sep 2026 00:50:56 GMT  mp3-sync=OK
  206  L04 n6  bytes 0-3/244512  Last-Modified: Sun, 06 Sep 2026 00:51:00 GMT  mp3-sync=OK
  206  L04 n16  bytes 0-3/315360  Last-Modified: Sun, 06 Sep 2026 00:51:05 GMT  mp3-sync=OK
  206  L04 n22  bytes 0-3/412704  Last-Modified: Sun, 06 Sep 2026 00:51:12 GMT  mp3-sync=OK
  206  L05 n23  bytes 0-3/258048  Last-Modified: Sun, 06 Sep 2026 00:51:17 GMT  mp3-sync=OK
  206  L06 n23  bytes 0-3/381312  Last-Modified: Sun, 06 Sep 2026 00:51:22 GMT  mp3-sync=OK
  206  L06 n25  bytes 0-3/612576  Last-Modified: Sun, 06 Sep 2026 00:51:32 GMT  mp3-sync=OK
  206  L06 n26  bytes 0-3/330336  Last-Modified: Sun, 06 Sep 2026 00:51:37 GMT  mp3-sync=OK
  206  L07 n19  bytes 0-3/305280  Last-Modified: Sun, 06 Sep 2026 00:51:43 GMT  mp3-sync=OK
  206  L08 n21  bytes 0-3/254592  Last-Modified: Sun, 06 Sep 2026 00:51:48 GMT  mp3-sync=OK
  206  L09 n27  bytes 0-3/319104  Last-Modified: Sun, 06 Sep 2026 00:51:53 GMT  mp3-sync=OK
  206  L10 n34  bytes 0-3/365472  Last-Modified: Sun, 06 Sep 2026 00:51:59 GMT  mp3-sync=OK

20/20 clips verified HTTP 200/206 with fresh audio.
