=== APPLY EDITS design-technology/designing-making  16 edits  LIVE  2026-09-06T09:51:34.575Z
  ok   #0 L2.content_html [MEDIUM] F1: Fair trade belongs within the specification's environmental, social and economic challenges, not only envi
  ok   #1 L2.conclusion_html [MEDIUM] F1: Fair trade is not solely an environmental challenge.
  ok   #2 L2.practice_questions[0].text [MEDIUM] F1: The specification groups the three named challenges as environmental, social and economic.
  ok   #3 L2.knowledge_checks[0].q [MEDIUM] F1: Fair trade must not be presented as solely an environmental challenge.
  ok   #4 L2.content_html [MEDIUM] F2: Fairtrade's standards seek these outcomes but do not guarantee them in every case.
  ok   #5 L2.practice_questions[4].marks [MEDIUM] F2: The house answer must not promise outcomes Fairtrade says its standards cannot ensure alone.
  ok   #6 L2.knowledge_checks[2].q [MEDIUM] F2: Fair trade seeks these outcomes rather than ensuring them in every case.
  ok   #7 L2.content_html [MEDIUM] F3: Sustainable management can use natural or artificial regeneration; matching replanting and harvesting rate
  ok   #8 L2.flashcard_questions[4].a [MEDIUM] F3: Regeneration need not mean replanting at the same rate as harvesting.
  ok   #9 L2.flashcard_questions[7].a [MEDIUM] F3: FSC requires timely regeneration after harvesting, which may be natural or artificial.
  ok   #10 L2.glossary_terms[4].definition [MEDIUM] F3: Sustainable forest management is broader than matching replanting and harvesting rates.
  PATCH L2: content_html, conclusion_html, practice_questions, knowledge_checks, flashcard_questions, glossary_terms
  ok   #11 L3.content_html [MEDIUM] F4: Corrected to the verified wording of Morris's 1880 quotation.
  ok   #12 L3.content_html [MEDIUM] F5: The specification's in-depth requirement is not limited to the NEA.
  PATCH L3: content_html
  ok   #13 L7.practice_questions[5].marks [MEDIUM] F6: Injection moulding can use aluminium tooling; a 500-unit break-even point cannot be assumed.
  ok   #14 L7.flashcard_questions[2].a [MEDIUM] F7: CNC is a control method; routing and milling are subtractive CNC operations.
  ok   #15 L7.glossary_terms[2].definition [MEDIUM] F7: CNC controls a machine tool rather than naming a subtractive process.
  PATCH L7: practice_questions, flashcard_questions, glossary_terms
=== 16 applied, 0 skipped, 3 lessons / 10 fields changed
=== APPLY EDITS design-technology/designing-making  34 edits  LIVE  2026-09-18T08:21:36.824Z
  ok   #0 L1.exam_tip_html [LOW] F16: the board is named in student-facing text; the section is described instead
  PATCH L1: exam_tip_html
  ok   #1 L2.content_html [MEDIUM] F1: fair trade is not an environmental challenge; board name removed
  ok   #2 L2.content_html [MEDIUM] F1: spec 3.3.2 covers environmental, social AND economic challenge
  ok   #3 L2.conclusion_html [MEDIUM] F1: fair trade is not an environmental challenge
  ok   #4 L2.content_html [LOW] F2: Fairtrade's own wording is aspirational, not a guarantee
  ok   #20 L2.practice_questions[0].text [MEDIUM] F1: matches the spec heading; the mark scheme already lists fair trade
  ok   #21 L2.knowledge_checks[0].q [MEDIUM] F1: fair trade is not an environmental challenge; board name removed
  ok   #22 L2.flashcard_questions[0].q [MEDIUM] F1: fair trade is not an environmental challenge; board name removed
  ok   #23 L2.knowledge_checks[2].q [LOW] F2: keeps the answer 'Fair' and matches the corrected body text
  ok   #24 L2.practice_questions[4].marks [LOW] F2: matches the corrected body text
  ok   #25 L2.flashcard_questions[4].a [MEDIUM] F3: FSC certifies responsible forest management, not a replanting rate
  PATCH L2: content_html, conclusion_html, practice_questions, knowledge_checks, flashcard_questions
  ok   #5 L3.content_html [MEDIUM] F5: Morris inspired and led the movement; he did not found it
  ok   #6 L3.content_html [MEDIUM] F6: the quotation was misworded (The Beauty of Life, 1880)
  ok   #7 L3.content_html [MEDIUM] F7: the in-depth category is a course requirement, not an NEA-only one; board name removed
  ok   #8 L3.content_html [LOW] F8: sentence started with a lower-case word
  ok   #9 L3.content_html [LOW] F17: the board is named in student-facing text
  ok   #10 L3.description [LOW] F17: the board is named in student-facing text
  ok   #26 L3.glossary_terms[0].definition [MEDIUM] F5: Morris inspired and led the movement; he did not found it
  ok   #27 L3.practice_questions[0].text [LOW] F17: the board is named in student-facing text
  ok   #28 L3.flashcard_questions[1].q [LOW] F17: the board is named in student-facing text
  PATCH L3: content_html, description, glossary_terms, practice_questions, flashcard_questions
  ok   #11 L4.content_html [LOW] F18: the board is named in student-facing text
  ok   #12 L4.conclusion_html [LOW] F18: the board is named in student-facing text
  ok   #13 L4.content_html [LOW] F10: stray capital left by an earlier sweep
  ok   #29 L4.flashcard_questions[0].q [LOW] F18: the board is named in student-facing text
  PATCH L4: content_html, conclusion_html, flashcard_questions
  ok   #14 L5.content_html [LOW] F19: the board is named in student-facing text
  ok   #15 L5.content_html [LOW] F19: the board is named in student-facing text
  ok   #16 L5.content_html [LOW] F19: the board is named in student-facing text
  ok   #17 L5.content_html [LOW] F11: stray capital left by an earlier sweep
  ok   #30 L5.flashcard_questions[2].q [LOW] F19: the board is named in student-facing text
  PATCH L5: content_html, flashcard_questions
  ok   #18 L6.content_html [LOW] F20: the board is named in student-facing text
  ok   #19 L6.content_html [LOW] F12: sentence started with a lower-case word
  ok   #31 L6.practice_questions[0].text [MEDIUM] F13: the question asked for three but carries 2 marks and an 'any two' scheme
  PATCH L6: content_html, practice_questions
  ok   #32 L7.glossary_terms[2].definition [MEDIUM] F14: CNC is a control method, not a subtractive process; it also drives 3D printers
  ok   #33 L7.practice_questions[5].marks [MEDIUM] F15: moulds are not always steel, and 500 units does not settle the cost comparison
  PATCH L7: glossary_terms, practice_questions
=== 34 applied, 0 skipped, 7 lessons / 20 fields changed
