
=== RE-NARRATION (changed narrated text only) ===
backup: C:\Users\tshau\Documents\Study Vault\scripts\_retrofc\units\design-technology__designing-making\_backup.json
unit:   design-technology / designing-making
run: 2026-09-06T09:51:38Z  mode: LIVE
  L07: no narrated field changed -> skip

2 lessons, 5 clips to regenerate

  L02 (Ada)  Environmental, Social & Economic Challenges
      n5: Key Fact . The specification names three challenges: deforestation, increased carbon dioxide levels leading to
             -> 176 KB, 15.0s, uploaded
      n18: Fair trade aims to secure fairer payment and safer working conditions for producers in developing countries. D
             -> 276 KB, 23.6s, uploaded
      n24: The specified challenges (deforestation, CO 2 emissions and fair trade) constrain material and manufacturing c
             -> 128 KB, 10.9s, uploaded
      manifest updated (26 entries)
  L03 (Ollie)  The Work of Others
      n4: William Morris was a leading figure in the Arts and Crafts movement . He believed that mass production led to 
             -> 341 KB, 29.1s, uploaded
      n25: Key Fact . The six AQA material categories are: papers and boards, timber-based materials, metal-based materia
             -> 210 KB, 17.9s, uploaded
      manifest updated (30 entries)

Regenerated 5 clips.

=== VERIFY (ranged GET + freshness) ===
  206  L02 n5  bytes 0-3/180288  Last-Modified: Sun, 06 Sep 2026 09:52:04 GMT  mp3-sync=OK
  206  L02 n18  bytes 0-3/282816  Last-Modified: Sun, 06 Sep 2026 09:52:17 GMT  mp3-sync=OK
  206  L02 n24  bytes 0-3/131040  Last-Modified: Sun, 06 Sep 2026 09:52:20 GMT  mp3-sync=OK
  206  L03 n4  bytes 0-3/349344  Last-Modified: Sun, 06 Sep 2026 09:52:41 GMT  mp3-sync=OK
  206  L03 n25  bytes 0-3/215136  Last-Modified: Sun, 06 Sep 2026 09:53:02 GMT  mp3-sync=OK

5/5 clips verified HTTP 200/206 with fresh audio.

=== RE-NARRATION (changed narrated text only) ===
backup: C:\Users\tshau\Documents\Study Vault\scripts\_retrofc\units\design-technology@unity__designing-making\_backup.json
unit:   design-technology / designing-making
run: 2026-09-18T08:21:40Z  mode: LIVE
  L07: no narrated field changed -> skip
  L07: no narrated field changed -> skip

8 lessons, 17 clips to regenerate

  L02 (Ada)  Environmental, Social & Economic Challenges
      n5: Key Fact . The specification names three challenges: deforestation, increased carbon dioxide levels leading to
             -> 176 KB, 15.0s, uploaded
      n18: Fair trade aims to secure fairer payment and safer working conditions for producers in developing countries. D
             -> 276 KB, 23.6s, uploaded
      n24: The specified challenges (deforestation, CO 2 emissions and fair trade) constrain material and manufacturing c
             -> 128 KB, 10.9s, uploaded
      manifest updated (26 entries)
  L03 (Ollie)  The Work of Others
      n4: William Morris was a leading figure in the Arts and Crafts movement . He believed that mass production led to 
             -> 341 KB, 29.1s, uploaded
      n25: Key Fact . The six AQA material categories are: papers and boards, timber-based materials, metal-based materia
             -> 210 KB, 17.9s, uploaded
      manifest updated (30 entries)
  L01 (Ollie)  Investigation & Research Methods
      n19: In the designing and making section of the written exam, you may be asked to explain why a designer would use 
             -> 271 KB, 23.2s, uploaded
      manifest updated (19 entries)
  L02 (Ada)  Environmental, Social & Economic Challenges
      n5: Key Fact . The specification names three challenges: deforestation, increased carbon dioxide levels leading to
             -> 245 KB, 20.9s, uploaded
      n18: Fair trade aims to give producers in developing countries a fairer price and safer working conditions. Designe
             -> 273 KB, 23.3s, uploaded
      n24: Environmental, social and economic challenges (deforestation, CO 2 emissions, fair trade) constrain material a
             -> 153 KB, 13.1s, uploaded
      manifest updated (26 entries)
  L03 (Ollie)  The Work of Others
      n4: William Morris was a leading figure in the Arts and Crafts movement . He believed that mass production led to 
             -> 336 KB, 28.7s, uploaded
      n18: The specification lists six material categories that designers work with. Each designer and company above uses
             -> 116 KB, 9.9s, uploaded
      n25: Key Fact . The six material categories are: papers and boards, timber-based materials, metal-based materials, 
             -> 227 KB, 19.4s, uploaded
      manifest updated (30 entries)
  L04 (Ada)  Design Strategies & Communication
      n11: The specification requires you to develop, communicate, record, and justify your design ideas using a range of
             -> 136 KB, 11.6s, uploaded
      n21: The five design strategies in the specification are collaboration, user-centred design, systems approach, iter
             -> 121 KB, 10.3s, uploaded
      manifest updated (23 entries)
  L05 (Ollie)  Prototype Development & Evaluation
      n2: A prototype is a working model or test version of a product. In design and technology, the term can describe e
             -> 238 KB, 20.4s, uploaded
      n14: Key Fact . The specification expects you to: (1) reflect critically on your prototype, responding to feedback;
             -> 184 KB, 15.7s, uploaded
      manifest updated (24 entries)
  L06 (Ada)  Tolerances & Material Management
      n6: A tolerance is the acceptable range of variation in a measurement. No manufacturing process is perfectly preci
             -> 226 KB, 19.3s, uploaded
      manifest updated (26 entries)

Regenerated 17 clips.

=== VERIFY (ranged GET + freshness) ===
  206  L02 n5  bytes 0-3/250560  Last-Modified: Fri, 18 Sep 2026 08:21:55 GMT  mp3-sync=OK
  206  L02 n18  bytes 0-3/279072  Last-Modified: Fri, 18 Sep 2026 08:22:00 GMT  mp3-sync=OK
  206  L02 n24  bytes 0-3/156672  Last-Modified: Fri, 18 Sep 2026 08:22:03 GMT  mp3-sync=OK
  206  L03 n4  bytes 0-3/344448  Last-Modified: Fri, 18 Sep 2026 08:22:08 GMT  mp3-sync=OK
  206  L03 n25  bytes 0-3/232704  Last-Modified: Fri, 18 Sep 2026 08:22:14 GMT  mp3-sync=OK
  206  L01 n19  bytes 0-3/277920  Last-Modified: Fri, 18 Sep 2026 08:21:51 GMT  mp3-sync=OK
  206  L02 n5  bytes 0-3/250560  Last-Modified: Fri, 18 Sep 2026 08:21:55 GMT  mp3-sync=OK
  206  L02 n18  bytes 0-3/279072  Last-Modified: Fri, 18 Sep 2026 08:22:00 GMT  mp3-sync=OK
  206  L02 n24  bytes 0-3/156672  Last-Modified: Fri, 18 Sep 2026 08:22:03 GMT  mp3-sync=OK
  206  L03 n4  bytes 0-3/344448  Last-Modified: Fri, 18 Sep 2026 08:22:08 GMT  mp3-sync=OK
  206  L03 n18  bytes 0-3/118656  Last-Modified: Fri, 18 Sep 2026 08:22:10 GMT  mp3-sync=OK
  206  L03 n25  bytes 0-3/232704  Last-Modified: Fri, 18 Sep 2026 08:22:14 GMT  mp3-sync=OK
  206  L04 n11  bytes 0-3/139680  Last-Modified: Fri, 18 Sep 2026 08:22:17 GMT  mp3-sync=OK
  206  L04 n21  bytes 0-3/123840  Last-Modified: Fri, 18 Sep 2026 08:22:19 GMT  mp3-sync=OK
  206  L05 n2  bytes 0-3/244224  Last-Modified: Fri, 18 Sep 2026 08:22:23 GMT  mp3-sync=OK
  206  L05 n14  bytes 0-3/188928  Last-Modified: Fri, 18 Sep 2026 08:22:26 GMT  mp3-sync=OK
  206  L06 n6  bytes 0-3/231264  Last-Modified: Fri, 18 Sep 2026 08:22:30 GMT  mp3-sync=OK

17/17 clips verified HTTP 200/206 with fresh audio.
