=== APPLY EDITS english-literature-edexcel/journeys-end  77 edits  LIVE  2026-09-02T06:12:13.382Z
  ok   #0 L1.content_html [HIGH] F1: “It’s the only way to forget” is not in the play; replaced with Stanhope’s real Act 1 line.
  ok   #1 L1.exam_tip_html [HIGH] F13: Edexcel post-1914 essay is 40 marks = AO1 16 + AO3 16 + AO4 8 (SPaG). There are 32 content marks, not 40,
  ok   #30 L1.practice_questions[0].marks [HIGH] F1: fabricated quotation removed.
  ok   #31 L1.practice_questions[2].text [HIGH] F1: fabricated quotation replaced with the real Act 3 line.
  ok   #32 L1.practice_questions[2].marks [HIGH] F1: analysis rewritten for the real wording.
  ok   #33 L1.flashcard_questions[8].q [HIGH] F1: fabricated quotation replaced.
  ok   #34 L1.flashcard_questions[8].a [HIGH] F1: real wording, Act 3 Scene 2.
  PATCH L1: content_html, exam_tip_html, practice_questions, flashcard_questions
  ok   #2 L2.content_html [HIGH] F4: fabricated line. “How awfully nice” is Stanhope’s bitter Act 3 remark about the brigadier; “Dosch” is not 
  ok   #3 L2.content_html [HIGH] F7: the earwig races belong to Hardy, who explains them to Osborne in Act 1.
  ok   #4 L2.content_html [MEDIUM] F12: Hardy’s “Cheero!” is his farewell after chatting about earwig racing, not a comment on losses.
  ok   #35 L2.practice_questions[0].marks [HIGH] F5/F6: both quotations were Act 3 lines, and “as a friend” misquotes “as man to man”.
  ok   #36 L2.practice_questions[2].text [HIGH] F6: the “no limit” line is Act 3 Scene 2, spoken to Raleigh. The lesson’s own text says so.
  ok   #37 L2.practice_questions[2].marks [HIGH] F6: mark scheme matched to the corrected Act 1 quotation.
  ok   #38 L2.practice_questions[4].marks [HIGH] F4: fabricated quotation removed.
  PATCH L2: content_html, practice_questions
  ok   #5 L3.content_html [MEDIUM] F17: two sentences had collapsed into one that does not parse.
  ok   #6 L3.content_html [MEDIUM] F9: the letter’s real wording. “The best company commander” is Osborne’s line to Hardy in Act 1.
  ok   #7 L3.content_html [MEDIUM] F8: Stanhope objects to Raleigh, not Osborne (“It’s rotten to send a fellow who’s only just arrived”).
  ok   #8 L3.content_html [HIGH] F3: the quotation was fabricated and the sentence was broken.
  ok   #9 L3.content_html [MEDIUM] F8/F11: Stanhope objects to Raleigh; no box of cigars is offered to Osborne — Osborne reports the treats laid 
  ok   #10 L3.content_html [MEDIUM] F10: the Osborne–Raleigh scene is Act 3 Scene 1, immediately before the raid, not the night before.
  ok   #11 L3.content_html [MEDIUM] F10: the raid follows immediately.
  ok   #39 L3.knowledge_checks[3].q [MEDIUM] F10: timing corrected; answer key unchanged.
  ok   #40 L3.flashcard_questions[1].q [MEDIUM] F8: Stanhope objects to Raleigh.
  ok   #41 L3.flashcard_questions[3].a [MEDIUM] F9: the letter's real wording.
  ok   #42 L3.flashcard_questions[9].q [MEDIUM] F10: timing corrected.
  ok   #43 L3.flashcard_questions[11].q [MEDIUM] F11: no box of cigars is offered to Osborne.
  ok   #44 L3.flashcard_questions[11].a [MEDIUM] F11: what Osborne actually reports.
  ok   #45 L3.practice_questions[3].marks [MEDIUM] F8/F11.
  ok   #46 L3.practice_questions[4].marks [MEDIUM] F9: the letter's real wording.
  PATCH L3: content_html, knowledge_checks, flashcard_questions, practice_questions
  ok   #12 L4.content_html [MEDIUM] F21: Stanhope reports “Four men and Raleigh came safely back”; the Colonel asks after “the six men”.
  ok   #13 L4.content_html [HIGH] F2: “It’s just the light — it’s nearly morning” is not in the play.
  ok   #14 L4.content_html [HIGH] F2: the ending as staged.
  ok   #15 L4.content_html [HIGH] F2: fabricated line replaced with what Stanhope really says.
  ok   #47 L4.flashcard_questions[0].a [MEDIUM] F21: casualty figures from Act 3 Scene 1.
  ok   #48 L4.flashcard_questions[9].q [HIGH] F2: fabricated quotation replaced.
  ok   #49 L4.flashcard_questions[9].a [HIGH] F2: Raleigh's real last request.
  ok   #50 L4.flashcard_questions[10].q [HIGH] F2: there is no such lie in the play.
  ok   #51 L4.flashcard_questions[10].a [HIGH] F2: Stanhope's real words.
  PATCH L4: content_html, flashcard_questions
  ok   #16 L5.content_html [MEDIUM] F9: the line is Osborne’s to Hardy in Act 1, not the Colonel’s.
  ok   #17 L5.content_html [HIGH] F1: fabricated quotation replaced.
  ok   #18 L5.content_html [HIGH] F7: the earwig races are Hardy’s, not Osborne’s.
  ok   #19 L5.content_html [MEDIUM] F17: the sentence was broken and carried a stray quotation mark.
  ok   #20 L5.content_html [MEDIUM] F22: the real line is “It’s yellow soup, sir”, and Mason apologises for the food rather than complaining about
  ok   #21 L5.content_html [MEDIUM] F8.
  ok   #22 L5.conclusion_html [HIGH] F1: fabricated quotation replaced.
  ok   #52 L5.practice_questions[4].text [HIGH] F5: the line is Stanhope’s about Osborne (Act 3 Scene 2), not Raleigh’s about Stanhope.
  ok   #53 L5.practice_questions[4].marks [HIGH] F5: mark scheme rebuilt round the real speaker.
  ok   #54 L5.flashcard_questions[2].a [HIGH] F1: fabricated quotation replaced.
  ok   #55 L5.flashcard_questions[7].q [HIGH] F7: the earwig races are Hardy’s.
  ok   #56 L5.flashcard_questions[7].a [HIGH] F7.
  ok   #57 L5.flashcard_questions[9].q [MEDIUM] F17: the question did not parse.
  ok   #58 L5.flashcard_questions[9].a [MEDIUM] F19: the play does not say she is older, and Raleigh says they are not officially engaged.
  PATCH L5: content_html, conclusion_html, practice_questions, flashcard_questions
  ok   #23 L6.content_html [MEDIUM] F12/F7: Hardy’s “Cheero!” is a farewell after chatting about earwig racing; the earwig races are his, not Osbo
  ok   #24 L6.content_html [MEDIUM] F12/F7.
  ok   #59 L6.practice_questions[1].marks [MEDIUM] F12/F7.
  ok   #60 L6.practice_questions[5].text [MEDIUM] F12.
  ok   #61 L6.practice_questions[5].marks [MEDIUM] F12.
  ok   #62 L6.flashcard_questions[9].a [MEDIUM] F12: Hardy's real understatement.
  ok   #63 L6.flashcard_questions[10].q [MEDIUM] F7/F10.
  ok   #64 L6.flashcard_questions[10].a [MEDIUM] F7: the earwig races are Hardy's, in Act 1.
  PATCH L6: content_html, practice_questions, flashcard_questions
  ok   #25 L7.content_html [MEDIUM] F17: broken sentence.
  ok   #26 L7.content_html [MEDIUM] F9: attribute the line to Osborne and quote it correctly.
  ok   #27 L7.content_html [MEDIUM] F17: broken sentence.
  ok   #28 L7.content_html [MEDIUM] F16: subject terminology is credited under AO2, which is not assessed on this question; the mark split is know
  ok   #29 L7.exam_tip_html [HIGH] F1: fabricated quotation replaced.
  ok   #65 L7.practice_questions[0].text [HIGH] F1.
  ok   #66 L7.practice_questions[0].marks [HIGH] F1.
  ok   #67 L7.practice_questions[1].text [HIGH] F5: real wording.
  ok   #68 L7.practice_questions[1].marks [HIGH] F5: the quotation is Stanhope’s about Osborne.
  ok   #69 L7.knowledge_checks[0].q [HIGH] F15: “Component 1” is a banned spec code. Answer key unchanged and correct (AO1, AO3, AO4).
  ok   #70 L7.flashcard_questions[1].a [HIGH] F1.
  ok   #71 L7.flashcard_questions[7].q [HIGH] F5: the line is Stanhope's, about Osborne.
  ok   #72 L7.flashcard_questions[7].a [HIGH] F5: real wording, Act 3 Scene 2.
  ok   #73 L7.flashcard_questions[11].a [LOW] F18: an AO code followed straight by a full stop trips the spec-code validator.
  ok   #74 L7.flashcard_questions[12].q [LOW] F16: terminology belongs to AO2, which is not assessed here.
  ok   #75 L7.flashcard_questions[12].a [LOW] F18.
  ok   #76 L7.knowledge_checks[4].right [HIGH] F1/F5: both quotations corrected; order key unchanged.
  PATCH L7: content_html, exam_tip_html, practice_questions, knowledge_checks, flashcard_questions
=== 77 applied, 0 skipped, 7 lessons / 24 fields changed
=== APPLY EDITS english-literature-edexcel/journeys-end  77 edits  LIVE  2026-09-02T06:12:39.922Z
  ok   #0 L1.content_html [HIGH] F1: “It’s the only way to forget” is not in the play; replaced with Stanhope’s real Act 1 line.
  ok   #1 L1.exam_tip_html [HIGH] F13: Edexcel post-1914 essay is 40 marks = AO1 16 + AO3 16 + AO4 8 (SPaG). There are 32 content marks, not 40,
  ok   #30 L1.practice_questions[0].marks [HIGH] F1: fabricated quotation removed.
  ok   #31 L1.practice_questions[2].text [HIGH] F1: fabricated quotation replaced with the real Act 3 line.
  ok   #32 L1.practice_questions[2].marks [HIGH] F1: analysis rewritten for the real wording.
  ok   #33 L1.flashcard_questions[8].q [HIGH] F1: fabricated quotation replaced.
  ok   #34 L1.flashcard_questions[8].a [HIGH] F1: real wording, Act 3 Scene 2.
  PATCH L1: content_html, exam_tip_html, practice_questions, flashcard_questions
  ok   #2 L2.content_html [HIGH] F4: fabricated line. “How awfully nice” is Stanhope’s bitter Act 3 remark about the brigadier; “Dosch” is not 
  ok   #3 L2.content_html [HIGH] F7: the earwig races belong to Hardy, who explains them to Osborne in Act 1.
  ok   #4 L2.content_html [MEDIUM] F12: Hardy’s “Cheero!” is his farewell after chatting about earwig racing, not a comment on losses.
  ok   #35 L2.practice_questions[0].marks [HIGH] F5/F6: both quotations were Act 3 lines, and “as a friend” misquotes “as man to man”.
  ok   #36 L2.practice_questions[2].text [HIGH] F6: the “no limit” line is Act 3 Scene 2, spoken to Raleigh. The lesson’s own text says so.
  ok   #37 L2.practice_questions[2].marks [HIGH] F6: mark scheme matched to the corrected Act 1 quotation.
  ok   #38 L2.practice_questions[4].marks [HIGH] F4: fabricated quotation removed.
  PATCH L2: content_html, practice_questions
  ok   #5 L3.content_html [MEDIUM] F17: two sentences had collapsed into one that does not parse.
  ok   #6 L3.content_html [MEDIUM] F9: the letter’s real wording. “The best company commander” is Osborne’s line to Hardy in Act 1.
  ok   #7 L3.content_html [MEDIUM] F8: Stanhope objects to Raleigh, not Osborne (“It’s rotten to send a fellow who’s only just arrived”).
  ok   #8 L3.content_html [HIGH] F3: the quotation was fabricated and the sentence was broken.
  ok   #9 L3.content_html [MEDIUM] F8/F11: Stanhope objects to Raleigh; no box of cigars is offered to Osborne — Osborne reports the treats laid 
  ok   #10 L3.content_html [MEDIUM] F10: the Osborne–Raleigh scene is Act 3 Scene 1, immediately before the raid, not the night before.
  ok   #11 L3.content_html [MEDIUM] F10: the raid follows immediately.
  ok   #39 L3.knowledge_checks[3].q [MEDIUM] F10: timing corrected; answer key unchanged.
  ok   #40 L3.flashcard_questions[1].q [MEDIUM] F8: Stanhope objects to Raleigh.
  ok   #41 L3.flashcard_questions[3].a [MEDIUM] F9: the letter's real wording.
  ok   #42 L3.flashcard_questions[9].q [MEDIUM] F10: timing corrected.
  ok   #43 L3.flashcard_questions[11].q [MEDIUM] F11: no box of cigars is offered to Osborne.
  ok   #44 L3.flashcard_questions[11].a [MEDIUM] F11: what Osborne actually reports.
  ok   #45 L3.practice_questions[3].marks [MEDIUM] F8/F11.
  ok   #46 L3.practice_questions[4].marks [MEDIUM] F9: the letter's real wording.
  PATCH L3: content_html, knowledge_checks, flashcard_questions, practice_questions
  ok   #12 L4.content_html [MEDIUM] F21: Stanhope reports “Four men and Raleigh came safely back”; the Colonel asks after “the six men”.
  ok   #13 L4.content_html [HIGH] F2: “It’s just the light — it’s nearly morning” is not in the play.
  ok   #14 L4.content_html [HIGH] F2: the ending as staged.
  ok   #15 L4.content_html [HIGH] F2: fabricated line replaced with what Stanhope really says.
  ok   #47 L4.flashcard_questions[0].a [MEDIUM] F21: casualty figures from Act 3 Scene 1.
  ok   #48 L4.flashcard_questions[9].q [HIGH] F2: fabricated quotation replaced.
  ok   #49 L4.flashcard_questions[9].a [HIGH] F2: Raleigh's real last request.
  ok   #50 L4.flashcard_questions[10].q [HIGH] F2: there is no such lie in the play.
  ok   #51 L4.flashcard_questions[10].a [HIGH] F2: Stanhope's real words.
  PATCH L4: content_html, flashcard_questions
  ok   #16 L5.content_html [MEDIUM] F9: the line is Osborne’s to Hardy in Act 1, not the Colonel’s.
  ok   #17 L5.content_html [HIGH] F1: fabricated quotation replaced.
  ok   #18 L5.content_html [HIGH] F7: the earwig races are Hardy’s, not Osborne’s.
  ok   #19 L5.content_html [MEDIUM] F17: the sentence was broken and carried a stray quotation mark.
  ok   #20 L5.content_html [MEDIUM] F22: the real line is “It’s yellow soup, sir”, and Mason apologises for the food rather than complaining about
  ok   #21 L5.content_html [MEDIUM] F8.
  ok   #22 L5.conclusion_html [HIGH] F1: fabricated quotation replaced.
  ok   #52 L5.practice_questions[4].text [HIGH] F5: the line is Stanhope’s about Osborne (Act 3 Scene 2), not Raleigh’s about Stanhope.
  ok   #53 L5.practice_questions[4].marks [HIGH] F5: mark scheme rebuilt round the real speaker.
  ok   #54 L5.flashcard_questions[2].a [HIGH] F1: fabricated quotation replaced.
  ok   #55 L5.flashcard_questions[7].q [HIGH] F7: the earwig races are Hardy’s.
  ok   #56 L5.flashcard_questions[7].a [HIGH] F7.
  ok   #57 L5.flashcard_questions[9].q [MEDIUM] F17: the question did not parse.
  ok   #58 L5.flashcard_questions[9].a [MEDIUM] F19: the play does not say she is older, and Raleigh says they are not officially engaged.
  PATCH L5: content_html, conclusion_html, practice_questions, flashcard_questions
  ok   #23 L6.content_html [MEDIUM] F12/F7: Hardy’s “Cheero!” is a farewell after chatting about earwig racing; the earwig races are his, not Osbo
  ok   #24 L6.content_html [MEDIUM] F12/F7.
  ok   #59 L6.practice_questions[1].marks [MEDIUM] F12/F7.
  ok   #60 L6.practice_questions[5].text [MEDIUM] F12.
  ok   #61 L6.practice_questions[5].marks [MEDIUM] F12.
  ok   #62 L6.flashcard_questions[9].a [MEDIUM] F12: Hardy's real understatement.
  ok   #63 L6.flashcard_questions[10].q [MEDIUM] F7/F10.
  ok   #64 L6.flashcard_questions[10].a [MEDIUM] F7: the earwig races are Hardy's, in Act 1.
  PATCH L6: content_html, practice_questions, flashcard_questions
  ok   #25 L7.content_html [MEDIUM] F17: broken sentence.
  ok   #26 L7.content_html [MEDIUM] F9: attribute the line to Osborne and quote it correctly.
  ok   #27 L7.content_html [MEDIUM] F17: broken sentence.
  ok   #28 L7.content_html [MEDIUM] F16: subject terminology is credited under AO2, which is not assessed on this question; the mark split is know
  ok   #29 L7.exam_tip_html [HIGH] F1: fabricated quotation replaced.
  ok   #65 L7.practice_questions[0].text [HIGH] F1.
  ok   #66 L7.practice_questions[0].marks [HIGH] F1.
  ok   #67 L7.practice_questions[1].text [HIGH] F5: real wording.
  ok   #68 L7.practice_questions[1].marks [HIGH] F5: the quotation is Stanhope’s about Osborne.
  ok   #69 L7.knowledge_checks[0].q [HIGH] F15: “Component 1” is a banned spec code. Answer key unchanged and correct (AO1, AO3, AO4).
  ok   #70 L7.flashcard_questions[1].a [HIGH] F1.
  ok   #71 L7.flashcard_questions[7].q [HIGH] F5: the line is Stanhope's, about Osborne.
  ok   #72 L7.flashcard_questions[7].a [HIGH] F5: real wording, Act 3 Scene 2.
  ok   #73 L7.flashcard_questions[11].a [LOW] F18: an AO code followed straight by a full stop trips the spec-code validator.
  ok   #74 L7.flashcard_questions[12].q [LOW] F16: terminology belongs to AO2, which is not assessed here.
  ok   #75 L7.flashcard_questions[12].a [LOW] F18.
  ok   #76 L7.knowledge_checks[4].right [HIGH] F1/F5: both quotations corrected; order key unchanged.
  PATCH L7: content_html, exam_tip_html, practice_questions, knowledge_checks, flashcard_questions
=== 77 applied, 0 skipped, 7 lessons / 24 fields changed
