
=== RE-NARRATION (changed narrated text only) ===
backup: C:\Users\tshau\Documents\Study Vault\scripts\_retrofc\units\english-literature-edexcel__journeys-end\_backup.json
unit:   english-literature-edexcel / journeys-end
run: 2026-09-02T06:12:42Z  mode: LIVE

7 lessons, 29 clips to regenerate

  L01 (Ollie)  Context: WWI & the Western Front
      n16: Sherriff never uses the term “shell shock” in the play, but its effects are everywhere. Stanhope drinks to for
             -> 351 KB, 30.0s, uploaded
      n21: In the Edexcel exam, Section B gives you a short quotation from Journey’s End and asks you to write an essay a
             -> 398 KB, 34.0s, uploaded
      manifest updated (25 entries)
  L02 (Ada)  Act 1: Arrival in the Trenches
      n12: Raleigh’s line “I could have cheered” — about the moment he was told to report to Stanhope’s company — reveals
             -> 296 KB, 25.2s, uploaded
      n16: Osborne’s role in Act 1 is crucial. He defends Stanhope to Hardy, reassures Raleigh, and gently manages the te
             -> 314 KB, 26.8s, uploaded
      n20: Act 1 establishes the play’s distinctive dramatic style. The dialogue is natural and understated — characters 
             -> 387 KB, 33.0s, uploaded
      manifest updated (25 entries)
  L03 (Ollie)  Act 2: Tensions & the Raid
      n4: Key Fact . The Colonel orders the raid to capture a German soldier for intelligence about the expected attack.
             -> 253 KB, 21.6s, uploaded
      n6: One of Act 2’s most revealing scenes occurs when Stanhope insists on reading Raleigh’s letter home before it i
             -> 220 KB, 18.8s, uploaded
      n7: When Osborne reads the letter aloud, it contains nothing but admiration: Raleigh writes that “Dennis is the fi
             -> 314 KB, 26.8s, uploaded
      n13: Key Fact . Stanhope tells Hibbert: “If you went, I’d have you shot — for deserting. It’s a hell of a disgrace 
             -> 331 KB, 28.2s, uploaded
      n15: The Colonel selects Osborne and Raleigh to lead the raiding party. Stanhope objects that Raleigh has only just
             -> 343 KB, 29.3s, uploaded
      n16: Osborne reads Alice’s Adventures in Wonderland in the dugout in Act 2, and Trotter laughs at him for reading “
             -> 350 KB, 29.8s, uploaded
      manifest updated (25 entries)
  L04 (Ada)  Act 3: The Raid, Death & the Ending
      n5: Osborne and Raleigh lead the raid. Four men and Raleigh come back with one German prisoner; Osborne and six me
             -> 372 KB, 31.8s, uploaded
      n13: In the play’s final scene, the German bombardment begins. Raleigh is brought into the dugout with a spinal wou
             -> 382 KB, 32.6s, uploaded
      n14: Raleigh dies alone while Stanhope is fetching the candle and blanket. Stanhope is then called up to the front.
             -> 320 KB, 27.3s, uploaded
      n18: When Raleigh is dying, Stanhope’s entire manner changes. The anger, the sarcasm, the defensive toughness all f
             -> 361 KB, 30.8s, uploaded
      manifest updated (25 entries)
  L05 (Ollie)  Character Analysis
      n4: Stanhope is the protagonist and the most complex character in the play. He is twenty-one years old, has been a
             -> 263 KB, 22.4s, uploaded
      n6: Key Fact . Stanhope’s alcoholism is not weakness but survival. He says that without being “doped with whiskey”
             -> 278 KB, 23.7s, uploaded
      n7: Osborne is the oldest officer in the company, a former schoolmaster and rugby player, and the emotional heart 
             -> 242 KB, 20.7s, uploaded
      n11: Raleigh admires Stanhope deeply. His letter home — “Dennis is the finest officer in the battalion” — shows the
             -> 332 KB, 28.3s, uploaded
      n18: Mason is the officers’ cook and batman . He provides gentle comic relief through his deadpan reports on the fo
             -> 220 KB, 18.8s, uploaded
      n19: The Colonel represents the military hierarchy. He orders the dangerous raid, dismisses Stanhope’s objection th
             -> 262 KB, 22.3s, uploaded
      n23: Stanhope is the play’s most complex character — a brilliant officer whose alcoholism is a survival mechanism, 
             -> 166 KB, 14.1s, uploaded
      manifest updated (25 entries)
  L06 (Ada)  Setting, Staging & Dramatic Techniques
      n14: This understatement is central to the play’s power. When Hardy says a shelled dugout “came down in the men’s t
             -> 296 KB, 25.3s, uploaded
      n15: Key Fact . Hardy’s cheerful account of a dugout that “came down in the men’s tea,” Osborne’s small talk before
             -> 249 KB, 21.2s, uploaded
      manifest updated (25 entries)
  L07 (Ollie)  Key Themes & Exam Technique
      n4: Sherriff presents heroism not as a grand quality but as the quiet, exhausting act of carrying on. Osborne call
             -> 335 KB, 28.6s, uploaded
      n6: Key Fact . Sherriff redefines heroism as endurance, not glory. Stanhope’s heroism is inseparable from his dama
             -> 249 KB, 21.3s, uploaded
      n13: The bonds between the men are the play’s emotional core. Stanhope and Osborne share a deep, unspoken understan
             -> 362 KB, 30.9s, uploaded
      n25: The assessment objectives for the modern-text essay typically include: AO1 — your response to the text, suppor
             -> 344 KB, 29.4s, uploaded
      n26: For the closed-book exam, memorise 10–12 short quotations that cover the play’s key themes and characters. The
             -> 376 KB, 32.1s, uploaded
      manifest updated (30 entries)

Regenerated 29 clips.

=== VERIFY (ranged GET + freshness) ===
  206  L01 n16  bytes 0-3/359712  Last-Modified: Wed, 02 Sep 2026 06:12:49 GMT  mp3-sync=OK
  206  L01 n21  bytes 0-3/407808  Last-Modified: Wed, 02 Sep 2026 06:12:55 GMT  mp3-sync=OK
  206  L02 n12  bytes 0-3/302688  Last-Modified: Wed, 02 Sep 2026 06:13:00 GMT  mp3-sync=OK
  206  L02 n16  bytes 0-3/321984  Last-Modified: Wed, 02 Sep 2026 06:13:06 GMT  mp3-sync=OK
  206  L02 n20  bytes 0-3/396000  Last-Modified: Wed, 02 Sep 2026 06:13:13 GMT  mp3-sync=OK
  206  L03 n4  bytes 0-3/259200  Last-Modified: Wed, 02 Sep 2026 06:13:19 GMT  mp3-sync=OK
  206  L03 n6  bytes 0-3/225504  Last-Modified: Wed, 02 Sep 2026 06:13:23 GMT  mp3-sync=OK
  206  L03 n7  bytes 0-3/321696  Last-Modified: Wed, 02 Sep 2026 06:13:28 GMT  mp3-sync=OK
  206  L03 n13  bytes 0-3/338688  Last-Modified: Wed, 02 Sep 2026 06:13:34 GMT  mp3-sync=OK
  206  L03 n15  bytes 0-3/351360  Last-Modified: Wed, 02 Sep 2026 06:13:39 GMT  mp3-sync=OK
  206  L03 n16  bytes 0-3/357984  Last-Modified: Wed, 02 Sep 2026 06:13:44 GMT  mp3-sync=OK
  206  L04 n5  bytes 0-3/381024  Last-Modified: Wed, 02 Sep 2026 06:13:50 GMT  mp3-sync=OK
  206  L04 n13  bytes 0-3/391680  Last-Modified: Wed, 02 Sep 2026 06:13:57 GMT  mp3-sync=OK
  206  L04 n14  bytes 0-3/327168  Last-Modified: Wed, 02 Sep 2026 06:14:03 GMT  mp3-sync=OK
  206  L04 n18  bytes 0-3/369792  Last-Modified: Wed, 02 Sep 2026 06:14:08 GMT  mp3-sync=OK
  206  L05 n4  bytes 0-3/268992  Last-Modified: Wed, 02 Sep 2026 06:14:13 GMT  mp3-sync=OK
  206  L05 n6  bytes 0-3/284832  Last-Modified: Wed, 02 Sep 2026 06:14:17 GMT  mp3-sync=OK
  206  L05 n7  bytes 0-3/248256  Last-Modified: Wed, 02 Sep 2026 06:14:21 GMT  mp3-sync=OK
  206  L05 n11  bytes 0-3/339840  Last-Modified: Wed, 02 Sep 2026 06:14:26 GMT  mp3-sync=OK
  206  L05 n18  bytes 0-3/225792  Last-Modified: Wed, 02 Sep 2026 06:14:30 GMT  mp3-sync=OK
  206  L05 n19  bytes 0-3/267840  Last-Modified: Wed, 02 Sep 2026 06:14:34 GMT  mp3-sync=OK
  206  L05 n23  bytes 0-3/169632  Last-Modified: Wed, 02 Sep 2026 06:14:36 GMT  mp3-sync=OK
  206  L06 n14  bytes 0-3/303264  Last-Modified: Wed, 02 Sep 2026 06:14:41 GMT  mp3-sync=OK
  206  L06 n15  bytes 0-3/254592  Last-Modified: Wed, 02 Sep 2026 06:14:45 GMT  mp3-sync=OK
  206  L07 n4  bytes 0-3/343296  Last-Modified: Wed, 02 Sep 2026 06:14:51 GMT  mp3-sync=OK
  206  L07 n6  bytes 0-3/255456  Last-Modified: Wed, 02 Sep 2026 06:14:55 GMT  mp3-sync=OK
  206  L07 n13  bytes 0-3/370944  Last-Modified: Wed, 02 Sep 2026 06:15:01 GMT  mp3-sync=OK
  206  L07 n25  bytes 0-3/352512  Last-Modified: Wed, 02 Sep 2026 06:15:06 GMT  mp3-sync=OK
  206  L07 n26  bytes 0-3/384768  Last-Modified: Wed, 02 Sep 2026 06:15:12 GMT  mp3-sync=OK

29/29 clips verified HTTP 200/206 with fresh audio.
