=== APPLY EDITS design-technology-eduqas/designing-and-making-principles  17 edits  LIVE  2026-09-06T09:13:21.244Z
  ok   #0 L1.content_html [MEDIUM] F1: invented examiner claim removed; the reason a criterion is strong is that it can be tested.
  ok   #1 L1.content_html [MEDIUM] F2: invented mark-scheme claim removed.
  ok   #2 L1.content_html [MEDIUM] F2: invented examiner claim removed.
  ok   #3 L1.content_html [MEDIUM] F3: 45 mm is invented. BS EN 71-1 uses a small parts cylinder of 31.7 mm internal diameter, the figure lesson 
  ok   #4 L1.exam_tip_html [MEDIUM] F4: invented examiner claim removed.
  PATCH L1: content_html, exam_tip_html
  ok   #5 L2.content_html [MEDIUM] F6: invented examiner claim removed.
  ok   #6 L2.content_html [MEDIUM] F6: heading claimed knowledge of what examiners look for.
  PATCH L2: content_html
  ok   #7 L3.content_html [MEDIUM] F8: invented examiner claim removed.
  ok   #8 L3.content_html [MEDIUM] F9: invented mark-scheme claim removed.
  ok   #9 L3.content_html [MEDIUM] F9: invented mark-scheme claim removed.
  PATCH L3: content_html
  ok   #10 L4.content_html [HIGH] F10: in isometric drawing only the two sets of horizontal edges are at 30 degrees. Vertical edges are drawn ve
  ok   #11 L4.content_html [MEDIUM] F11: in one-point perspective the horizontal lines across the view stay horizontal; only the depth lines conve
  PATCH L4: content_html
  ok   #12 L5.content_html [MEDIUM] F12: invented examiner claim removed.
  ok   #13 L5.content_html [MEDIUM] F13: invented examiner claim removed.
  ok   #14 L5.content_html [MEDIUM] F14: invented examiner claim removed.
  ok   #15 L5.content_html [MEDIUM] F15: invented examiner-report finding removed.
  ok   #16 L5.exam_tip_html [MEDIUM] F16: invented examiner claim removed.
  PATCH L5: content_html, exam_tip_html
=== 17 applied, 0 skipped, 5 lessons / 7 fields changed
