
=== RE-NARRATION (changed narrated text only) ===
backup: C:\Users\tshau\Documents\Study Vault\scripts\_retrofc\units\design-technology-eduqas__designing-and-making-principles\_backup.json
unit:   design-technology-eduqas / designing-and-making-principles
run: 2026-09-06T09:13:25Z  mode: LIVE

5 lessons, 14 clips to regenerate

  L01 (Ollie)  Context, User Needs and Design Briefs
      n28: Specific, measurable design criteria can be tested; vague ones cannot. Compare these two examples for a childr
             -> 102 KB, 8.7s, uploaded
      n29: Vague (weak): “The cup should be safe for children.” Specific (strong): “The cup must be made from food-grade,
             -> 201 KB, 17.1s, uploaded
      n30: The same principle applies to sustainability requirements. “Make it more eco-friendly” cannot be tested. “Use 
             -> 214 KB, 18.3s, uploaded
      n34: Questions about design briefs and specifications often ask you to ‘explain’ or ‘evaluate’ specification criter
             -> 306 KB, 26.1s, uploaded
      manifest updated (34 entries)
  L02 (Ada)  Investigating the Work of Designers and Companies
      n10: When writing about Apple in an extended answer, focus on three linked ideas: minimalism (reduce elements to es
             -> 359 KB, 30.6s, uploaded
      manifest updated (26 entries)
  L03 (Ollie)  Design Strategies and Avoiding Design Fixation
      n27: A strong extended response on iterative design shows how user feedback informs decisions throughout the proces
             -> 272 KB, 23.2s, uploaded
      n28: Students often list design strategy names without explaining what they involve or why they are appropriate for
             -> 337 KB, 28.8s, uploaded
      manifest updated (33 entries)
  L04 (Ada)  Communicating Design Ideas
      n12: Isometric drawing presents a product in three dimensions: vertical edges stay vertical, and horizontal edges a
             -> 291 KB, 24.8s, uploaded
      n13: Perspective drawing adds vanishing points — points on the horizon where parallel lines converge — to create th
             -> 320 KB, 27.3s, uploaded
      manifest updated (29 entries)
  L05 (Ollie)  Prototyping, Testing and Iterative Improvement
      n20: Feedback from user testing informs design decisions throughout the process , not just at the final stage. A de
             -> 241 KB, 20.6s, uploaded
      n22: The key distinction is whether feedback genuinely informs decisions or merely documents what happened. A stron
             -> 354 KB, 30.2s, uploaded
      n24: Critical analysis of a design means systematically assessing how well it meets each specification criterion, i
             -> 326 KB, 27.8s, uploaded
      n26: Students often describe user testing as useful only because it “improves the final product.” This misses half 
             -> 324 KB, 27.6s, uploaded
      n27: For prototyping questions, always explain what is being tested, how it is tested, and what decision the result
             -> 392 KB, 33.4s, uploaded
      manifest updated (31 entries)

Regenerated 14 clips.

=== VERIFY (ranged GET + freshness) ===
  206  L01 n28  bytes 0-3/104544  Last-Modified: Sun, 06 Sep 2026 09:13:31 GMT  mp3-sync=OK
  206  L01 n29  bytes 0-3/205344  Last-Modified: Sun, 06 Sep 2026 09:13:35 GMT  mp3-sync=OK
  206  L01 n30  bytes 0-3/219456  Last-Modified: Sun, 06 Sep 2026 09:13:39 GMT  mp3-sync=OK
  206  L01 n34  bytes 0-3/313056  Last-Modified: Sun, 06 Sep 2026 09:13:45 GMT  mp3-sync=OK
  206  L02 n10  bytes 0-3/367776  Last-Modified: Sun, 06 Sep 2026 09:13:52 GMT  mp3-sync=OK
  206  L03 n27  bytes 0-3/278784  Last-Modified: Sun, 06 Sep 2026 09:13:57 GMT  mp3-sync=OK
  206  L03 n28  bytes 0-3/345024  Last-Modified: Sun, 06 Sep 2026 09:14:02 GMT  mp3-sync=OK
  206  L04 n12  bytes 0-3/297792  Last-Modified: Sun, 06 Sep 2026 09:14:07 GMT  mp3-sync=OK
  206  L04 n13  bytes 0-3/327744  Last-Modified: Sun, 06 Sep 2026 09:14:13 GMT  mp3-sync=OK
  206  L05 n20  bytes 0-3/246816  Last-Modified: Sun, 06 Sep 2026 09:14:18 GMT  mp3-sync=OK
  206  L05 n22  bytes 0-3/362016  Last-Modified: Sun, 06 Sep 2026 09:14:24 GMT  mp3-sync=OK
  206  L05 n24  bytes 0-3/333792  Last-Modified: Sun, 06 Sep 2026 09:14:30 GMT  mp3-sync=OK
  206  L05 n26  bytes 0-3/331488  Last-Modified: Sun, 06 Sep 2026 09:14:35 GMT  mp3-sync=OK
  206  L05 n27  bytes 0-3/400896  Last-Modified: Sun, 06 Sep 2026 09:14:41 GMT  mp3-sync=OK

14/14 clips verified HTTP 200/206 with fresh audio.
