=== APPLY EDITS religious-studies-edexcel/paper-3-philosophy-ethics-catholic  49 edits  LIVE  2026-09-06T06:06:28.459Z
  ok   #0 L1.content_html [MEDIUM] F1: the recognised total is 72, the latest being Antonietta Raco on 16 April 2025.
  ok   #1 L1.content_html [MEDIUM] F1, F2: the Medical Bureau declares a cure medically inexplicable; only the Church declares a miracle. Count u
  ok   #2 L1.conclusion_html [MEDIUM] F1: count updated to 72.
  ok   #3 L1.exam_tip_html [MEDIUM] F3: the command word is Evaluate, and the examiner-report claim is unsourced.
  ok   #4 L1.practice_questions[1].text [MEDIUM] F4: Describe is a 4-mark command word and is not used on Paper 3; recast as the 3-mark outline-three form.
  ok   #5 L1.practice_questions[1].type [MEDIUM] F4: type matched to the corrected question.
  ok   #6 L1.practice_questions[3].marks [MEDIUM] F1: count updated to 72.
  ok   #7 L1.practice_questions[4].text [MEDIUM] F5: the 12-mark command word is Evaluate.
  ok   #8 L1.practice_questions[4].type [MEDIUM] F5: type matched to the command word.
  ok   #9 L1.practice_questions[4].marks [MEDIUM] F1: count updated to 72.
  ok   #10 L1.flashcard_questions[6].a [MEDIUM] F1: count updated to 72.
  ok   #11 L1.flashcard_questions[11].a [MEDIUM] F1: count updated to 72.
  ok   #12 L1.glossary_terms[5].definition [MEDIUM] F1: count updated to 72.
  PATCH L1: content_html, conclusion_html, exam_tip_html, practice_questions, flashcard_questions, glossary_terms
  ok   #13 L2.content_html [HIGH] F6: the old tooltip defined the Magisterium, not the Catechism.
  ok   #14 L2.content_html [MEDIUM] F7: CCC 67 verbatim.
  ok   #15 L2.content_html [HIGH] F8: the attribution to Newman is unsupported and runs against his known position on design. De-attributed, no 
  ok   #16 L2.exam_tip_html [MEDIUM] F9: the 12-mark command word is Evaluate.
  ok   #17 L2.practice_questions[1].text [MEDIUM] F10: Describe is a 4-mark command word and is not used on Paper 3.
  ok   #18 L2.practice_questions[1].type [MEDIUM] F10: type matched to the corrected question.
  ok   #19 L2.practice_questions[4].text [MEDIUM] F10: the 12-mark command word is Evaluate.
  ok   #20 L2.practice_questions[4].type [MEDIUM] F10: type matched to the command word.
  PATCH L2: content_html, exam_tip_html, practice_questions
  ok   #21 L3.exam_tip_html [MEDIUM] F11: the 12-mark command word is Evaluate.
  ok   #22 L3.practice_questions[1].text [MEDIUM] F12: Describe is a 4-mark command word and is not used on Paper 3.
  ok   #23 L3.practice_questions[1].type [MEDIUM] F12: type matched to the corrected question.
  ok   #24 L3.practice_questions[4].text [MEDIUM] F12: the 12-mark command word is Evaluate.
  ok   #25 L3.practice_questions[4].type [MEDIUM] F12: type matched to the command word.
  PATCH L3: exam_tip_html, practice_questions
  ok   #26 L4.content_html [HIGH] F14: CCC 2226 contains no phrase 'first educators'; replaced with its actual teaching.
  ok   #27 L4.content_html [MEDIUM] F15: the Church of England blesses but does not marry same-sex couples.
  ok   #28 L4.exam_tip_html [MEDIUM] F16: unsourced claim about board mark schemes.
  ok   #29 L4.exam_tip_html [MEDIUM] F16: the 12-mark command word is Evaluate.
  ok   #30 L4.practice_questions[1].text [MEDIUM] F17: Describe is a 4-mark command word and is not used on Paper 3.
  ok   #31 L4.practice_questions[1].type [MEDIUM] F17: type matched to the corrected question.
  ok   #32 L4.practice_questions[3].marks [HIGH] F14, F19: CCC 2226 misquotation removed; source title given with the spec's comma.
  ok   #33 L4.practice_questions[4].text [MEDIUM] F17: the 12-mark command word is Evaluate.
  ok   #34 L4.practice_questions[4].type [MEDIUM] F17: type matched to the command word.
  ok   #35 L4.knowledge_checks[4].right[1] [HIGH] F14: CCC 2226 misquotation removed.
  ok   #36 L4.flashcard_questions[7].q [HIGH] F14: question matched to the corrected answer.
  ok   #37 L4.flashcard_questions[7].a [HIGH] F14: CCC 2226 misquotation replaced with its actual teaching.
  PATCH L4: content_html, exam_tip_html, practice_questions, knowledge_checks, flashcard_questions
  ok   #38 L5.content_html [HIGH] F21: the quoted sentence is CCC 1935; CCC 1938 is about sinful inequalities. Both paragraphs kept, each with i
  ok   #39 L5.conclusion_html [HIGH] F21: reference corrected.
  ok   #40 L5.exam_tip_html [HIGH] F21: reference corrected.
  ok   #41 L5.practice_questions[3].marks [HIGH] F21: quotation attributed to the correct paragraph.
  ok   #42 L5.knowledge_checks[3].options[2] [HIGH] F21: the quoted sentence is CCC 1935. The correct index stays 2.
  ok   #43 L5.knowledge_checks[4].right[2] [HIGH] F21: matches the real content of CCC 1938, which the spec names.
  ok   #44 L5.flashcard_questions[6].q [HIGH] F21: the answer quotes CCC 1935.
  ok   #45 L5.practice_questions[1].text [MEDIUM] F22: Describe is a 4-mark command word and is not used on Paper 3.
  ok   #46 L5.practice_questions[1].type [MEDIUM] F22: type matched to the corrected question.
  ok   #47 L5.practice_questions[4].text [MEDIUM] F22: the 12-mark command word is Evaluate.
  ok   #48 L5.practice_questions[4].type [MEDIUM] F22: type matched to the command word.
  PATCH L5: content_html, conclusion_html, exam_tip_html, practice_questions, knowledge_checks, flashcard_questions
=== 49 applied, 0 skipped, 5 lessons / 22 fields changed
