
=== RE-NARRATION (changed narrated text only) ===
backup: C:\Users\tshau\Documents\Study Vault\scripts\_retrofc\units\religious-studies-edexcel__paper-3-philosophy-ethics-catholic\_backup.json
unit:   religious-studies-edexcel / paper-3-philosophy-ethics-catholic
run: 2026-09-06T06:06:34Z  mode: LIVE

5 lessons, 14 clips to regenerate

  L01 (Ollie)  Revelation, Visions and Miracles as Proof of God
      n11: The most famous modern site of Catholic miracles is Lourdes , a town in southern France. Since 1858, when the 
             -> 381 KB, 32.5s, uploaded
      n12: Key Fact . Lourdes is the principal Catholic site of miraculous healing. The Virgin Mary reportedly appeared t
             -> 252 KB, 21.5s, uploaded
      n14: For the 5-mark “Explain Two with Sources” question, you must name a specific source — for example, “In Hebrews
             -> 540 KB, 46.1s, uploaded
      n18: Miracles at Lourdes, including 72 Church-recognised healings since 1858, are presented as evidence of divine a
             -> 144 KB, 12.3s, uploaded
      manifest updated (18 entries)
  L02 (Ada)  Religious Experience, the Design Argument and the Cosmological Argument
      n2: Religious experience refers to moments when a person feels they have encountered God directly. Catholics belie
             -> 482 KB, 41.2s, uploaded
      n8: Richard Dawkins, in The Blind Watchmaker (1986), argues that natural selection entirely explains apparent desi
             -> 672 KB, 57.3s, uploaded
      n14: The most common error on questions about the cosmological argument is confusing Aquinas’s First Three Ways wit
             -> 599 KB, 51.1s, uploaded
      manifest updated (18 entries)
  L03 (Ollie)  The Problem of Evil and Catholic Responses
      n16: The most dangerous error on problem-of-evil questions is swapping Augustine and Irenaeus. Fix this now: August
             -> 576 KB, 49.2s, uploaded
      manifest updated (20 entries)
  L04 (Ada)  Marriage, Sexual Relationships and Family
      n7: On same-sex relationships , the Catechism teaches that while individuals with same-sex attraction deserve resp
             -> 476 KB, 40.6s, uploaded
      n14: The local Catholic parish supports families through family worship, sacramental preparation, parents’ classes,
             -> 490 KB, 41.9s, uploaded
      n16: This topic has several named papal documents that must appear in 5-mark source answers: “Not Just Good But Bea
             -> 643 KB, 54.9s, uploaded
      manifest updated (20 entries)
  L05 (Ollie)  Contraception, Divorce, Gender Equality and Discrimination
      n14: The Catholic Church officially opposes all forms of gender prejudice and discrimination. Catechism 1935 states
             -> 486 KB, 41.5s, uploaded
      n17: The two most important named sources for this lesson are Humanae Vitae (Pope Paul VI, 1968) on contraception a
             -> 604 KB, 51.5s, uploaded
      n21: Men and women are equal in dignity (CCC 1935 and 1938 oppose discrimination on the grounds of sex). Pope John 
             -> 183 KB, 15.7s, uploaded
      manifest updated (18 entries)

Regenerated 14 clips.

=== VERIFY (ranged GET + freshness) ===
  206  L01 n11  bytes 0-3/389664  Last-Modified: Sun, 06 Sep 2026 06:06:47 GMT  mp3-sync=OK
  206  L01 n12  bytes 0-3/258048  Last-Modified: Sun, 06 Sep 2026 06:06:53 GMT  mp3-sync=OK
  206  L01 n14  bytes 0-3/552672  Last-Modified: Sun, 06 Sep 2026 06:07:05 GMT  mp3-sync=OK
  206  L01 n18  bytes 0-3/147456  Last-Modified: Sun, 06 Sep 2026 06:07:11 GMT  mp3-sync=OK
  206  L02 n2  bytes 0-3/493920  Last-Modified: Sun, 06 Sep 2026 06:07:22 GMT  mp3-sync=OK
  206  L02 n8  bytes 0-3/687744  Last-Modified: Sun, 06 Sep 2026 06:07:36 GMT  mp3-sync=OK
  206  L02 n14  bytes 0-3/613440  Last-Modified: Sun, 06 Sep 2026 06:07:48 GMT  mp3-sync=OK
  206  L03 n16  bytes 0-3/590112  Last-Modified: Sun, 06 Sep 2026 06:08:05 GMT  mp3-sync=OK
  206  L04 n7  bytes 0-3/487584  Last-Modified: Sun, 06 Sep 2026 06:08:20 GMT  mp3-sync=OK
  206  L04 n14  bytes 0-3/502272  Last-Modified: Sun, 06 Sep 2026 06:08:29 GMT  mp3-sync=OK
  206  L04 n16  bytes 0-3/658368  Last-Modified: Sun, 06 Sep 2026 06:08:40 GMT  mp3-sync=OK
  206  L05 n14  bytes 0-3/497376  Last-Modified: Sun, 06 Sep 2026 06:08:51 GMT  mp3-sync=OK
  206  L05 n17  bytes 0-3/618048  Last-Modified: Sun, 06 Sep 2026 06:09:04 GMT  mp3-sync=OK
  206  L05 n21  bytes 0-3/187776  Last-Modified: Sun, 06 Sep 2026 06:09:08 GMT  mp3-sync=OK

14/14 clips verified HTTP 200/206 with fresh audio.
