
=== RE-NARRATION (changed narrated text only) ===
backup: C:\Users\tshau\Documents\Study Vault\scripts\_retrofc\units\computer-science-aqa__algorithms\_backup.json
unit:   computer-science-aqa / algorithms
run: 2026-09-06T10:34:21Z  mode: LIVE

4 lessons, 8 clips to regenerate

  L01 (Ollie)  Computational Thinking: Decomposition and Abstraction
      n29: In your exam, you may be asked to explain what decomposition or abstraction means, apply them to a given scena
             -> 204 KB, 17.4s, uploaded
      manifest updated (34 entries)
  L02 (Ada)  Representing Algorithms: Pseudo-code, Flowcharts and Trace Tables
      n5: A flowchart gives you a visual picture of how an algorithm flows. Every step is drawn as a shape; arrows conne
             -> 377 KB, 32.2s, uploaded
      n12: Selection (IF): IF score ≥ 50 THEN OUTPUT “Pass” ELSE OUTPUT “Fail” ENDIF
             -> 77 KB, 6.6s, uploaded
      n19: Trace-table questions carry different numbers of marks, so check the tariff before you start. They are easy to
             -> 207 KB, 17.7s, uploaded
      n34: For trace-table questions, complete every cell for every iteration — do not leave blank cells for values that 
             -> 328 KB, 28.0s, uploaded
      manifest updated (38 entries)
  L03 (Ollie)  Searching Algorithms: Linear and Binary Search
      n35: For a 6-mark ‘Compare and Contrast’ question on linear versus binary search, structure your answer as direct c
             -> 335 KB, 28.6s, uploaded
      manifest updated (35 entries)
  L04 (Ada)  Sorting Algorithms: Bubble Sort and Merge Sort
      n21: The two algorithms make a direct trade-off between simplicity and speed. Bubble sort is easy to code and uses 
             -> 235 KB, 20.0s, uploaded
      n33: For a 6-mark ‘Compare and Contrast’ question on bubble sort versus merge sort, structure your answer as direct
             -> 379 KB, 32.4s, uploaded
      manifest updated (37 entries)

Regenerated 8 clips.

=== VERIFY (ranged GET + freshness) ===
  206  L01 n29  bytes 0-3/209088  Last-Modified: Sun, 06 Sep 2026 10:34:28 GMT  mp3-sync=OK
  206  L02 n5  bytes 0-3/385920  Last-Modified: Sun, 06 Sep 2026 10:34:35 GMT  mp3-sync=OK
  206  L02 n12  bytes 0-3/78912  Last-Modified: Sun, 06 Sep 2026 10:34:38 GMT  mp3-sync=OK
  206  L02 n19  bytes 0-3/211968  Last-Modified: Sun, 06 Sep 2026 10:34:43 GMT  mp3-sync=OK
  206  L02 n34  bytes 0-3/335808  Last-Modified: Sun, 06 Sep 2026 10:34:49 GMT  mp3-sync=OK
  206  L03 n35  bytes 0-3/343296  Last-Modified: Sun, 06 Sep 2026 10:34:57 GMT  mp3-sync=OK
  206  L04 n21  bytes 0-3/240480  Last-Modified: Sun, 06 Sep 2026 10:35:03 GMT  mp3-sync=OK
  206  L04 n33  bytes 0-3/388224  Last-Modified: Sun, 06 Sep 2026 10:35:14 GMT  mp3-sync=OK

8/8 clips verified HTTP 200/206 with fresh audio.
