=== APPLY EDITS history-aqa/britain-migration-empires  224 edits  LIVE  2026-09-05T23:49:00.856Z
  ok   #0 L1.content_html [MEDIUM] F1: Alcuin was a scholar and letter-writer, not a chronicler
  ok   #1 L1.content_html [MEDIUM] F1: same correction inside the revision tip
  ok   #2 L1.flashcard_questions[1].q [MEDIUM] F1
  ok   #3 L1.flashcard_questions[1].a [MEDIUM] F1: also makes the answer substantive
  ok   #4 L1.content_html [MEDIUM] F2: removes the anachronism
  ok   #5 L1.content_html [MEDIUM] F3: Edward and Aethelflaed conquered the Danelaw, they did not refine the treaty
  ok   #6 L1.content_html [LOW] F4: a wapentake is an administrative division, not a land measure
  ok   #7 L1.practice_questions[4].type [HIGH] F5: the comparison question is 8 marks on this paper
  ok   #8 L1.flashcard_questions[0].a [LOW] F6
  ok   #9 L1.flashcard_questions[3].a [LOW] F6
  ok   #10 L1.flashcard_questions[8].q [LOW] F6: was a two-item list answer
  ok   #11 L1.flashcard_questions[8].a [LOW] F6
  ok   #12 L1.flashcard_questions[10].q [LOW] F6: was a three-slot cloze with a slash-list answer
  ok   #13 L1.flashcard_questions[10].a [LOW] F6
  PATCH L1: content_html, flashcard_questions, practice_questions
  ok   #14 L2.content_html [HIGH] F7: Magnus was Olaf II's son, not Cnut's
  ok   #15 L2.exam_tip_html [HIGH] F8: tariff
  ok   #16 L2.practice_questions[0].type [HIGH] F8: the comparison question is 8 marks
  ok   #17 L2.practice_questions[1].type [HIGH] F8: the comparison question is 8 marks
  ok   #18 L2.practice_questions[4].type [HIGH] F8: the comparison question is 8 marks
  ok   #19 L2.flashcard_questions[3].a [MEDIUM] F9
  ok   #20 L2.flashcard_questions[1].a [LOW] F6: bare answer
  ok   #21 L2.flashcard_questions[2].a [LOW] F6: bare answer
  ok   #22 L2.flashcard_questions[8].q [LOW] F6: was a slash-list answer
  ok   #23 L2.flashcard_questions[8].a [LOW] F6
  ok   #24 L2.flashcard_questions[10].q [LOW] F6: was a four-item comma list
  ok   #25 L2.flashcard_questions[10].a [LOW] F6
  PATCH L2: content_html, exam_tip_html, practice_questions, flashcard_questions
  ok   #26 L3.content_html [MEDIUM] F11: the high king did not submit in 1171
  ok   #27 L3.content_html [LOW] F12: the conquest took two years
  ok   #28 L3.practice_questions[0].text [HIGH] F13: converted to the significance question
  ok   #29 L3.practice_questions[0].type [HIGH] F13
  ok   #30 L3.practice_questions[0].marks [HIGH] F13
  ok   #31 L3.practice_questions[1].text [HIGH] F13: converted to the factors essay
  ok   #32 L3.practice_questions[1].type [HIGH] F13
  ok   #33 L3.practice_questions[1].marks [HIGH] F13
  ok   #34 L3.practice_questions[2].text [HIGH] F13: converted to the significance question
  ok   #35 L3.practice_questions[2].type [HIGH] F13
  ok   #36 L3.practice_questions[2].marks [HIGH] F13
  ok   #37 L3.practice_questions[3].text [HIGH] F13: converted to the comparison question
  ok   #38 L3.practice_questions[3].type [HIGH] F13
  ok   #39 L3.practice_questions[3].marks [HIGH] F13
  ok   #40 L3.practice_questions[4].text [HIGH] F13: converted to the significance question
  ok   #41 L3.practice_questions[4].type [HIGH] F13
  ok   #42 L3.practice_questions[4].marks [HIGH] F13
  ok   #43 L3.practice_questions[5].text [HIGH] F13: converted to the significance question
  ok   #44 L3.practice_questions[5].type [HIGH] F13
  ok   #45 L3.practice_questions[5].marks [HIGH] F13
  ok   #46 L3.exam_tip_html [HIGH] F13: this paper sets no 'Explain a Development' question
  ok   #47 L3.flashcard_questions[5].a [LOW] F6: bare answer
  ok   #48 L3.flashcard_questions[9].a [LOW] F6: bare answer
  ok   #49 L3.flashcard_questions[11].a [LOW] F6: bare answer
  ok   #50 L3.flashcard_questions[12].q [LOW] F6: was a list answer
  ok   #51 L3.flashcard_questions[12].a [LOW] F6
  PATCH L3: content_html, practice_questions, exam_tip_html, flashcard_questions
  ok   #52 L4.content_html [LOW] F14: 1562 and 1585 are both more than a hundred years later
  ok   #53 L4.flashcard_questions[2].a [LOW] F6: bare answer
  ok   #54 L4.flashcard_questions[3].a [LOW] F6: bare answer
  ok   #55 L4.flashcard_questions[7].a [LOW] F6: bare answer
  PATCH L4: content_html, flashcard_questions
  ok   #56 L5.content_html [MEDIUM] F15: earlier expulsions elsewhere were local or temporary
  ok   #57 L5.content_html [MEDIUM] F16: the two houses failed in 1343 and 1346
  ok   #58 L5.flashcard_questions[9].q [MEDIUM] F16
  ok   #59 L5.content_html [HIGH] F17: tariff
  ok   #60 L5.content_html [HIGH] F17: tariff
  ok   #61 L5.exam_tip_html [HIGH] F17: tariff
  ok   #62 L5.practice_questions[0].type [HIGH] F17: the comparison question is 8 marks
  ok   #63 L5.practice_questions[0].marks [HIGH] F17: the comparison question is 8 marks
  ok   #64 L5.practice_questions[1].type [HIGH] F17: the comparison question is 8 marks
  ok   #65 L5.practice_questions[1].marks [HIGH] F17: the comparison question is 8 marks
  ok   #66 L5.practice_questions[5].type [HIGH] F17: the comparison question is 8 marks
  ok   #67 L5.practice_questions[5].marks [HIGH] F17: the comparison question is 8 marks | F18: the naturalisation act was 1709, not 1689
  ok   #68 L5.practice_questions[4].text [HIGH] F13: converted from 'Explain a Development' to the factors essay
  ok   #69 L5.practice_questions[4].type [HIGH] F13
  ok   #70 L5.practice_questions[4].marks [HIGH] F13
  ok   #71 L5.flashcard_questions[1].a [LOW] F19
  ok   #72 L5.flashcard_questions[3].a [LOW] F19
  ok   #73 L5.flashcard_questions[7].q [LOW] F19: was a six-item list answer
  ok   #74 L5.flashcard_questions[7].a [LOW] F19
  PATCH L5: content_html, flashcard_questions, exam_tip_html, practice_questions
  ok   #75 L6.content_html [LOW] F21: Antigua and St Kitts are part of the Leewards
  ok   #76 L6.practice_questions[4].type [HIGH] F5: the comparison question is 8 marks
  ok   #77 L6.practice_questions[4].marks [HIGH] F5: the comparison question is 8 marks
  ok   #78 L6.practice_questions[3].text [HIGH] F13: converted from 'Explain a Development'
  ok   #79 L6.practice_questions[3].type [HIGH] F13
  ok   #80 L6.practice_questions[3].marks [HIGH] F13
  ok   #81 L6.flashcard_questions[0].a [LOW] F6: bare answer
  ok   #82 L6.flashcard_questions[1].a [LOW] F6: bare answer
  ok   #83 L6.flashcard_questions[2].a [LOW] F6: bare answer
  ok   #84 L6.flashcard_questions[6].a [LOW] F6: bare answer
  ok   #85 L6.flashcard_questions[9].a [LOW] F6: bare answer
  ok   #86 L6.flashcard_questions[10].a [LOW] F6: bare answer
  ok   #87 L6.flashcard_questions[11].a [LOW] F6: bare answer
  PATCH L6: content_html, practice_questions, flashcard_questions
  ok   #88 L7.content_html [MEDIUM] F22: the lost colony was the 1587 settlement, not the 1585 one
  ok   #89 L7.content_html [MEDIUM] F23: 20,000 arrived across a decade, not in 1630
  ok   #90 L7.conclusion_html [MEDIUM] F23
  ok   #91 L7.flashcard_questions[8].q [MEDIUM] F23
  ok   #92 L7.content_html [LOW] F24: 1788 is settlement, not the claim
  ok   #93 L7.knowledge_checks[2].q [MEDIUM] F25
  ok   #94 L7.practice_questions[0].text [HIGH] F13: converted from 'Explain a Development'
  ok   #95 L7.practice_questions[0].type [HIGH] F13
  ok   #96 L7.practice_questions[0].marks [HIGH] F13
  ok   #97 L7.practice_questions[1].text [HIGH] F13: converted from 'Explain a Development' to the factors essay
  ok   #98 L7.practice_questions[1].type [HIGH] F13
  ok   #99 L7.practice_questions[1].marks [HIGH] F13
  ok   #100 L7.exam_tip_html [HIGH] F13: this paper sets no 'Explain a Development' question
  ok   #101 L7.practice_questions[4].type [HIGH] F5: the comparison question is 8 marks
  ok   #102 L7.practice_questions[4].marks [HIGH] F5: the comparison question is 8 marks
  ok   #103 L7.flashcard_questions[0].a [LOW] F6: bare answer
  ok   #104 L7.flashcard_questions[2].a [LOW] F6: bare answer
  PATCH L7: content_html, conclusion_html, flashcard_questions, knowledge_checks, practice_questions, exam_tip_html
  ok   #105 L8.content_html [HIGH] F26/F27: correct counties and settler numbers
  ok   #106 L8.conclusion_html [MEDIUM] F27
  ok   #107 L8.content_html [MEDIUM] F18: there was no 1689 naturalisation act; the general act was 1709
  ok   #108 L8.practice_questions[3].marks [HIGH] F13
  ok   #109 L8.flashcard_questions[3].q [MEDIUM] F18
  ok   #110 L8.flashcard_questions[3].a [MEDIUM] F18
  ok   #111 L8.content_html [HIGH] F5: tariff
  ok   #112 L8.exam_tip_html [HIGH] F5: tariff
  ok   #113 L8.practice_questions[0].type [HIGH] F5: the comparison question is 8 marks
  ok   #114 L8.practice_questions[0].marks [HIGH] F5: the comparison question is 8 marks
  ok   #115 L8.practice_questions[1].type [HIGH] F5: the comparison question is 8 marks
  ok   #116 L8.practice_questions[1].marks [HIGH] F5: the comparison question is 8 marks
  ok   #117 L8.practice_questions[4].text [MEDIUM] F28: reframed into the comparison form
  ok   #118 L8.practice_questions[4].type [MEDIUM] F28
  ok   #119 L8.practice_questions[4].marks [MEDIUM] F28
  ok   #120 L8.practice_questions[3].text [HIGH] F13: converted from 'Explain a Development' to the factors essay
  ok   #121 L8.practice_questions[3].type [HIGH] F13
  ok   #122 L8.flashcard_questions[0].a [LOW] F6: bare answer
  ok   #123 L8.flashcard_questions[2].a [LOW] F6: bare answer
  ok   #124 L8.flashcard_questions[5].q [MEDIUM] F27
  ok   #125 L8.flashcard_questions[5].a [MEDIUM] F27
  ok   #126 L8.flashcard_questions[9].a [LOW] F6: stray markdown asterisks in a plain-text field
  PATCH L8: content_html, conclusion_html, practice_questions, flashcard_questions, exam_tip_html
  ok   #127 L9.content_html [MEDIUM] F29: Calcutta was retaken from the Nawab, not the French
  ok   #128 L9.content_html [HIGH] F30: Oudh was annexed for misgovernment, not lapse
  ok   #129 L9.content_html [HIGH] F30
  ok   #130 L9.practice_questions[4].marks [MEDIUM] F31: the 1784 Act came before the trial
  ok   #131 L9.practice_questions[2].text [HIGH] F13: converted from 'Explain a Development' to the comparison question
  ok   #132 L9.practice_questions[2].type [HIGH] F13
  ok   #133 L9.practice_questions[2].marks [HIGH] F13
  ok   #134 L9.practice_questions[3].text [HIGH] F13: converted from 'Explain Effects', which this paper does not set
  ok   #135 L9.practice_questions[3].type [HIGH] F13
  ok   #136 L9.practice_questions[3].marks [HIGH] F13
  ok   #137 L9.practice_questions[5].text [HIGH] F13: converted from 'Explain a Development' to the comparison question
  ok   #138 L9.practice_questions[5].type [HIGH] F13
  ok   #139 L9.practice_questions[5].marks [HIGH] F13
  ok   #140 L9.flashcard_questions[0].a [LOW] F6: bare answer
  ok   #141 L9.flashcard_questions[7].a [LOW] F6: bare answer
  ok   #221 L9.flashcard_questions[13].a [LOW] F6: was a bracketed list of five words
  PATCH L9: content_html, practice_questions, flashcard_questions
  ok   #142 L10.content_html [MEDIUM] F32: De Beers' share is about 25%, not most
  ok   #143 L10.exam_tip_html [MEDIUM] F33: name of the body
  ok   #144 L10.practice_questions[2].text [HIGH] F13: converted from 'Explain a Development' to the factors essay
  ok   #145 L10.practice_questions[2].type [HIGH] F13
  ok   #146 L10.practice_questions[2].marks [HIGH] F13
  ok   #147 L10.practice_questions[3].type [HIGH] F5: the comparison question is 8 marks
  ok   #148 L10.practice_questions[3].marks [HIGH] F5: the comparison question is 8 marks
  ok   #149 L10.flashcard_questions[0].a [LOW] F6: bare answer
  ok   #150 L10.flashcard_questions[9].a [LOW] F6: bare answer
  ok   #220 L10.description [LOW] F56: description must be under 100 characters
  PATCH L10: content_html, exam_tip_html, practice_questions, flashcard_questions, description
  ok   #151 L11.content_html [MEDIUM] F36
  ok   #152 L11.conclusion_html [MEDIUM] F36
  ok   #153 L11.practice_questions[2].marks [MEDIUM] F36 | F38
  ok   #154 L11.flashcard_questions[2].q [HIGH] F35/F36: removes the duplicate answer and the overstated figure
  ok   #155 L11.flashcard_questions[2].a [HIGH] F35/F36
  ok   #156 L11.content_html [MEDIUM] F37: Newman converted in 1845 and was made a cardinal in 1879
  ok   #157 L11.content_html [MEDIUM] F38: 1829 pre-dates famine migration
  ok   #158 L11.content_html [HIGH] F5: tariff
  ok   #159 L11.exam_tip_html [MEDIUM] F39: removes an invented examiner claim and fixes the tariff
  ok   #160 L11.practice_questions[0].type [HIGH] F5: the comparison question is 8 marks
  ok   #161 L11.practice_questions[0].marks [HIGH] F5: the comparison question is 8 marks
  ok   #162 L11.practice_questions[1].type [HIGH] F5: the comparison question is 8 marks
  ok   #163 L11.practice_questions[1].marks [HIGH] F5: the comparison question is 8 marks
  ok   #164 L11.practice_questions[5].type [HIGH] F5: the comparison question is 8 marks
  ok   #165 L11.practice_questions[5].marks [HIGH] F5: the comparison question is 8 marks | F18: the naturalisation act was 1709
  ok   #166 L11.practice_questions[4].text [HIGH] F13: converted from 'Explain a Development' to the factors essay
  ok   #167 L11.practice_questions[4].type [HIGH] F13
  ok   #168 L11.practice_questions[4].marks [HIGH] F13
  ok   #222 L11.flashcard_questions[0].a [LOW] F6: bare answer
  ok   #223 L11.flashcard_questions[11].a [LOW] F6: bare answer
  PATCH L11: content_html, conclusion_html, practice_questions, flashcard_questions, exam_tip_html
  ok   #169 L12.content_html [HIGH] F40: the debt figure is wrong and was not owed to the United States
  ok   #170 L12.practice_questions[0].marks [HIGH] F40
  ok   #171 L12.content_html [MEDIUM] F41
  ok   #172 L12.exam_tip_html [MEDIUM] F42: removes an invented examiner claim
  ok   #173 L12.practice_questions[4].text [HIGH] F13: converted from 'Explain a Development'
  ok   #174 L12.practice_questions[4].type [HIGH] F13
  ok   #175 L12.practice_questions[4].marks [HIGH] F13
  ok   #176 L12.practice_questions[5].type [HIGH] F5: the comparison question is 8 marks
  ok   #177 L12.practice_questions[5].marks [HIGH] F5: the comparison question is 8 marks
  PATCH L12: content_html, practice_questions, exam_tip_html
  ok   #178 L13.content_html [HIGH] F44: the Act was passed after the ship docked
  ok   #179 L13.content_html [HIGH] F44
  ok   #180 L13.content_html [HIGH] F44: same correction inside the revision tip
  ok   #181 L13.practice_questions[0].marks [HIGH] F44
  ok   #182 L13.content_html [MEDIUM] F45
  ok   #183 L13.content_html [HIGH] F46: the paper pre-dates the attacks by four months
  ok   #184 L13.content_html [HIGH] F46: the carnival, not the newspaper, was the response
  ok   #185 L13.practice_questions[1].marks [HIGH] F46 | F47: removes an anachronism
  ok   #186 L13.content_html [MEDIUM] F48
  ok   #187 L13.content_html [MEDIUM] F49: the superlative is wrong; Belgian 1914 and Polish post-1945 arrivals were larger
  ok   #188 L13.content_html [MEDIUM] F49
  ok   #189 L13.practice_questions[2].marks [MEDIUM] F49
  ok   #190 L13.content_html [HIGH] F50: wrong year for the destruction and an overstated removal figure
  ok   #191 L13.practice_questions[3].text [HIGH] F13: converted from 'Explain a Development' to the factors essay
  ok   #192 L13.practice_questions[3].type [HIGH] F13
  ok   #193 L13.practice_questions[3].marks [HIGH] F13
  ok   #194 L13.practice_questions[4].type [HIGH] F5: the comparison question is 8 marks
  ok   #195 L13.practice_questions[4].marks [HIGH] F5: the comparison question is 8 marks
  ok   #196 L13.flashcard_questions[1].a [LOW] F6: bare answer
  ok   #197 L13.flashcard_questions[11].a [LOW] F6: bare answer
  PATCH L13: content_html, practice_questions, flashcard_questions
  ok   #198 L14.content_html [MEDIUM] F45: the NHS opened after the ship docked, not before
  ok   #199 L14.content_html [LOW] F51: Marshall aid did not pay for the welfare state
  ok   #200 L14.content_html [MEDIUM] F52: the second application was Wilson's
  ok   #201 L14.content_html [HIGH] F53: Poland was second to India, and the million was reached much later
  ok   #202 L14.content_html [HIGH] F53
  ok   #203 L14.conclusion_html [HIGH] F53
  ok   #204 L14.practice_questions[2].marks [HIGH] F53 | F54
  ok   #205 L14.flashcard_questions[7].q [HIGH] F53
  ok   #206 L14.flashcard_questions[7].a [HIGH] F53
  ok   #207 L14.content_html [HIGH] F54
  ok   #208 L14.content_html [MEDIUM] F55
  ok   #209 L14.practice_questions[3].marks [MEDIUM] F55
  ok   #210 L14.flashcard_questions[12].a [MEDIUM] F55
  ok   #211 L14.practice_questions[0].text [HIGH] F13: converted from 'Explain a Development' to the factors essay
  ok   #212 L14.practice_questions[0].type [HIGH] F13
  ok   #213 L14.practice_questions[0].marks [HIGH] F13
  ok   #214 L14.practice_questions[1].text [HIGH] F13: converted from 'Explain a Development'
  ok   #215 L14.practice_questions[1].type [HIGH] F13
  ok   #216 L14.practice_questions[1].marks [HIGH] F13
  ok   #217 L14.exam_tip_html [HIGH] F13: this paper sets no 'Explain a Development' question
  ok   #218 L14.practice_questions[4].type [HIGH] F5: the comparison question is 8 marks
  ok   #219 L14.practice_questions[4].marks [HIGH] F5: the comparison question is 8 marks
  PATCH L14: content_html, conclusion_html, practice_questions, flashcard_questions, exam_tip_html
=== 224 applied, 0 skipped, 14 lessons / 55 fields changed
