
=== RE-NARRATION (changed narrated text only) ===
backup: C:\Users\tshau\Documents\Study Vault\scripts\_retrofc\units\history-aqa__britain-migration-empires\_backup.json
unit:   history-aqa / britain-migration-empires
run: 2026-09-05T23:49:07Z  mode: LIVE

14 lessons, 53 clips to regenerate

  L01 (Ollie)  Vikings, Anglo-Saxons & the Danelaw
      n3: In 793 a fleet of Norse Vikings sacked Lindisfarne, the great island monastery off Northumbria. The scholar Al
             -> 276 KB, 23.6s, uploaded
      n11: Alfred did not just win one battle; he changed how Wessex defended itself. He built a network of fortified tow
             -> 372 KB, 31.7s, uploaded
      n13: Edington did not expel the Norse. The peace negotiated with Guthrum formalised a division of the country. Alfr
             -> 443 KB, 37.8s, uploaded
      manifest updated (21 entries)
  L02 (Ada)  Cnut, Emma & the North Sea Empire
      n13: Cnut’s sons died young. The throne returned in 1042 to Emma’s English son Edward the Confessor, who had spent 
             -> 392 KB, 33.4s, uploaded
      n17: For the 8-mark Two Ways Similar or Different question, give exactly two ways and ground each one in concrete d
             -> 306 KB, 26.1s, uploaded
      manifest updated (21 entries)
  L03 (Ollie)  Norman Kingdom & the Angevin Empire
      n7: In 1171 Henry took an army to Ireland and forced most of its kings and lords to accept him as overlord. The hi
             -> 432 KB, 36.9s, uploaded
      n13: Henry’s sons could not hold the empire together. After Richard I’s death in 1199, John inherited the throne. B
             -> 325 KB, 27.7s, uploaded
      n17: For the 16-mark factors essay, treat ‘the cross-Channel realm’ or ‘Anglo-Irish involvement’ as a process acros
             -> 326 KB, 27.8s, uploaded
      manifest updated (21 entries)
  L04 (Ada)  The Hundred Years' War & English Identity
      n15: The end of the war removed England’s continental option. Looking outward now meant looking across the open Atl
             -> 332 KB, 28.4s, uploaded
      manifest updated (21 entries)
  L05 (Ollie)  Medieval Migrants: Hanseatic Merchants, Jews & Lombards
      n2: Between the Norman Conquest and the end of the Hundred Years’ War, Britain was tied into a network of European
             -> 481 KB, 41.1s, uploaded
      n3: Key Fact . William the Conqueror invited Jews to England from Rouen around 1070; Edward I expelled them in 129
             -> 221 KB, 18.9s, uploaded
      n13: The Italians financed Edward III’s opening campaigns of the Hundred Years’ War. When the king stopped paying h
             -> 348 KB, 29.7s, uploaded
      n14: For the 8-mark comparison question, these three medieval migrations give you sharp contrasts. Jews were brough
             -> 480 KB, 40.9s, uploaded
      n16: For the 8-mark ‘two ways similar or different’ question on medieval migration, choose two contrasts and back e
             -> 334 KB, 28.5s, uploaded
      manifest updated (20 entries)
  L06 (Ada)  Sugar, Slavery & the Caribbean
      n5: The English settled Barbados in 1627. Early colonists tried tobacco and cotton; neither paid. By the 1640s Dut
             -> 673 KB, 57.4s, uploaded
      manifest updated (23 entries)
  L07 (Ollie)  Colonising North America
      n5: Sir Walter Raleigh never set foot on the colony he sponsored. In 1585 he fitted out an expedition under his co
             -> 475 KB, 40.5s, uploaded
      n10: The 1620 voyage of the Mayflower brought a different kind of migrant. Around 35 of the 102 passengers were Sep
             -> 608 KB, 51.8s, uploaded
      n15: The defeat in 1783 looks like the end of empire, but it was not. With the United States lost, British attentio
             -> 551 KB, 47.0s, uploaded
      n17: For the 16-mark factors essay, narrate causally: each step of British colonisation in North America led to the
             -> 307 KB, 26.2s, uploaded
      n20: The Pilgrim Fathers (1620) and the Great Migration of 1630-1640 brought around 20,000 religious dissenters to 
             -> 135 KB, 11.5s, uploaded
      manifest updated (21 entries)
  L08 (Ada)  Migrants In & Out: Huguenots, Highland Clearances & Ulster
      n5: Huguenots had been a tolerated Protestant minority in France since the Edict of Nantes of 1598. When Louis XIV
             -> 377 KB, 32.1s, uploaded
      n9: A century earlier, in 1609, James I had launched the Ulster Plantation : confiscated Catholic Irish land in si
             -> 523 KB, 44.7s, uploaded
      n15: For the 8-mark ‘two ways similar or different’ question, these three movements give you ready-made comparisons
             -> 514 KB, 43.8s, uploaded
      n17: For the 8-mark ‘two ways similar or different’ question, name two clear ways and back each one with concrete s
             -> 362 KB, 30.9s, uploaded
      n20: The Ulster Plantation of 1609 planted Scottish and English Protestants onto confiscated Catholic Irish land, a
             -> 174 KB, 14.9s, uploaded
      manifest updated (21 entries)
  L09 (Ollie)  Expansion in India: Company to Crown
      n5: Robert Clive arrived in India as a Company clerk in 1744. He showed a soldier’s talent against the French at A
             -> 514 KB, 43.9s, uploaded
      n8: Lord Dalhousie, Governor-General from 1848, used the Doctrine of Lapse to annex Indian states whose rulers die
             -> 429 KB, 36.6s, uploaded
      n12: Key Fact . Causes of the 1857 Rebellion included the greased cartridges, the Doctrine of Lapse, the 1856 annex
             -> 240 KB, 20.5s, uploaded
      manifest updated (21 entries)
  L10 (Ada)  The Scramble for Africa & the Boer War
      n8: Rhodes arrived in Cape Colony as a teenager in 1870, made his fortune in the Kimberley diamond fields and by 1
             -> 472 KB, 40.2s, uploaded
      n17: For the 8-mark significance question, weak answers describe an event; strong answers explain its impact at the
             -> 379 KB, 32.4s, uploaded
      manifest updated (21 entries)
  L11 (Ollie)  Irish & Jewish Migration; Movement Within the Empire
      n3: Key Fact . The Great Famine of 1845-49 killed around one million people in Ireland and drove almost as many ag
             -> 280 KB, 23.9s, uploaded
      n6: The Irish settled in industrial cities — Liverpool, Manchester, Glasgow, London, Cardiff. By 1851 around 23% o
             -> 526 KB, 44.9s, uploaded
      n15: Indenture was technically free contract labour, but conditions, mortality and physical control made many conte
             -> 462 KB, 39.5s, uploaded
      n17: For the 8-mark ‘two ways similar or different’ question, a comparison may cross two parts of the course, and t
             -> 341 KB, 29.1s, uploaded
      n19: The 1845-49 Great Famine drove around one million Irish to emigrate, many of them to Britain; by 1851 nearly a
             -> 171 KB, 14.6s, uploaded
      manifest updated (21 entries)
  L12 (Ada)  The End of Empire: Wars, Suez & Independence
      n7: The Second World War broke imperial Britain economically, militarily and morally. Around 2.5 million Indians s
             -> 636 KB, 54.3s, uploaded
      n10: In July 1956 Egypt’s president Gamal Abdel Nasser nationalised the Suez Canal — French-built and opened in 186
             -> 611 KB, 52.1s, uploaded
      n16: For a 16-mark factor essay on the end of empire, the question will name ONE factor — often war, ideas (anti-co
             -> 369 KB, 31.5s, uploaded
      manifest updated (20 entries)
  L13 (Ollie)  Windrush, Commonwealth Migration & the Legacy of Empire
      n2: On 22 June 1948 the troopship HMT Empire Windrush docked at Tilbury with 492 Caribbean migrants on board. The 
             -> 615 KB, 52.4s, uploaded
      n3: Key Fact . HMT Empire Windrush docked at Tilbury on 22 June 1948 with 492 Caribbean migrants. The British Nati
             -> 243 KB, 20.8s, uploaded
      n5: Between 1948 and 1962 around 250,000 Caribbean migrants came to Britain, joined by smaller numbers of Indians,
             -> 365 KB, 31.1s, uploaded
      n8: Claudia Jones had been deported from the United States for Communist activities in 1955, was refused entry to 
             -> 559 KB, 47.7s, uploaded
      n11: In August 1972 Ugandan dictator Idi Amin announced the expulsion of the country’s Asian community — around 80,
             -> 500 KB, 42.7s, uploaded
      n16: Key Fact . The 1958 Notting Hill attacks led directly to Claudia Jones’s 1959 indoor Caribbean Carnival — ance
             -> 239 KB, 20.4s, uploaded
      n18: In 2018 a series of Guardian reports revealed that members of the Windrush generation — people who had arrived
             -> 665 KB, 56.7s, uploaded
      manifest updated (23 entries)
  L14 (Ada)  Britain & Europe: From EEC to Brexit
      n5: The Second World War left Britain bankrupt. The 1945 Anglo-American loan and the 1948 Marshall Plan gave Brita
             -> 540 KB, 46.1s, uploaded
      n7: By 1961 it was clear that the EEC was outperforming Britain economically. Macmillan applied in 1961 and Wilson
             -> 504 KB, 43.0s, uploaded
      n11: The actual number was vastly larger. Polish arrivals after 2004 ran into the hundreds of thousands, alongside 
             -> 487 KB, 41.6s, uploaded
      n13: David Cameron called the Brexit referendum to settle a long-running Conservative Party split. The 23 June 2016
             -> 542 KB, 46.2s, uploaded
      n14: The actual effect on migration numbers was paradoxical. Net migration fell briefly during the pandemic but rea
             -> 398 KB, 34.0s, uploaded
      n16: Key Fact . The 2004 EU enlargement opened free movement to eight Eastern European countries. By 2011 Poland wa
             -> 260 KB, 22.2s, uploaded
      n17: For the 16-mark factors essay, the relationship between Britain and Europe is unusually rich material because 
             -> 404 KB, 34.5s, uploaded
      n20: The 2004 EU enlargement and Britain’s decision not to apply transitional restrictions brought hundreds of thou
             -> 133 KB, 11.3s, uploaded
      manifest updated (21 entries)

Regenerated 53 clips.

=== VERIFY (ranged GET + freshness) ===
  206  L01 n3  bytes 0-3/283104  Last-Modified: Sat, 05 Sep 2026 23:49:14 GMT  mp3-sync=OK
  206  L01 n11  bytes 0-3/380736  Last-Modified: Sat, 05 Sep 2026 23:49:19 GMT  mp3-sync=OK
  206  L01 n13  bytes 0-3/453312  Last-Modified: Sat, 05 Sep 2026 23:49:25 GMT  mp3-sync=OK
  206  L02 n13  bytes 0-3/400896  Last-Modified: Sat, 05 Sep 2026 23:49:32 GMT  mp3-sync=OK
  206  L02 n17  bytes 0-3/313344  Last-Modified: Sat, 05 Sep 2026 23:49:37 GMT  mp3-sync=OK
  206  L03 n7  bytes 0-3/442656  Last-Modified: Sat, 05 Sep 2026 23:49:43 GMT  mp3-sync=OK
  206  L03 n13  bytes 0-3/332640  Last-Modified: Sat, 05 Sep 2026 23:49:48 GMT  mp3-sync=OK
  206  L03 n17  bytes 0-3/334080  Last-Modified: Sat, 05 Sep 2026 23:49:54 GMT  mp3-sync=OK
  206  L04 n15  bytes 0-3/340416  Last-Modified: Sat, 05 Sep 2026 23:50:00 GMT  mp3-sync=OK
  206  L05 n2  bytes 0-3/492768  Last-Modified: Sat, 05 Sep 2026 23:50:07 GMT  mp3-sync=OK
  206  L05 n3  bytes 0-3/226368  Last-Modified: Sat, 05 Sep 2026 23:50:11 GMT  mp3-sync=OK
  206  L05 n13  bytes 0-3/355968  Last-Modified: Sat, 05 Sep 2026 23:50:17 GMT  mp3-sync=OK
  206  L05 n14  bytes 0-3/491328  Last-Modified: Sat, 05 Sep 2026 23:50:25 GMT  mp3-sync=OK
  206  L05 n16  bytes 0-3/341568  Last-Modified: Sat, 05 Sep 2026 23:50:30 GMT  mp3-sync=OK
  206  L06 n5  bytes 0-3/688896  Last-Modified: Sat, 05 Sep 2026 23:50:41 GMT  mp3-sync=OK
  206  L07 n5  bytes 0-3/486144  Last-Modified: Sat, 05 Sep 2026 23:50:49 GMT  mp3-sync=OK
  206  L07 n10  bytes 0-3/622080  Last-Modified: Sat, 05 Sep 2026 23:50:58 GMT  mp3-sync=OK
  206  L07 n15  bytes 0-3/564192  Last-Modified: Sat, 05 Sep 2026 23:51:06 GMT  mp3-sync=OK
  206  L07 n17  bytes 0-3/313920  Last-Modified: Sat, 05 Sep 2026 23:51:12 GMT  mp3-sync=OK
  206  L07 n20  bytes 0-3/138528  Last-Modified: Sat, 05 Sep 2026 23:51:14 GMT  mp3-sync=OK
  206  L08 n5  bytes 0-3/385632  Last-Modified: Sat, 05 Sep 2026 23:51:20 GMT  mp3-sync=OK
  206  L08 n9  bytes 0-3/535968  Last-Modified: Sat, 05 Sep 2026 23:51:28 GMT  mp3-sync=OK
  206  L08 n15  bytes 0-3/525888  Last-Modified: Sat, 05 Sep 2026 23:51:38 GMT  mp3-sync=OK
  206  L08 n17  bytes 0-3/370656  Last-Modified: Sat, 05 Sep 2026 23:51:44 GMT  mp3-sync=OK
  206  L08 n20  bytes 0-3/178272  Last-Modified: Sat, 05 Sep 2026 23:51:46 GMT  mp3-sync=OK
  206  L09 n5  bytes 0-3/526752  Last-Modified: Sat, 05 Sep 2026 23:51:55 GMT  mp3-sync=OK
  206  L09 n8  bytes 0-3/439488  Last-Modified: Sat, 05 Sep 2026 23:52:02 GMT  mp3-sync=OK
  206  L09 n12  bytes 0-3/246240  Last-Modified: Sat, 05 Sep 2026 23:52:06 GMT  mp3-sync=OK
  206  L10 n8  bytes 0-3/482976  Last-Modified: Sat, 05 Sep 2026 23:52:12 GMT  mp3-sync=OK
  206  L10 n17  bytes 0-3/388224  Last-Modified: Sat, 05 Sep 2026 23:52:17 GMT  mp3-sync=OK
  206  L11 n3  bytes 0-3/287136  Last-Modified: Sat, 05 Sep 2026 23:52:22 GMT  mp3-sync=OK
  206  L11 n6  bytes 0-3/538560  Last-Modified: Sat, 05 Sep 2026 23:52:30 GMT  mp3-sync=OK
  206  L11 n15  bytes 0-3/473472  Last-Modified: Sat, 05 Sep 2026 23:52:37 GMT  mp3-sync=OK
  206  L11 n17  bytes 0-3/349056  Last-Modified: Sat, 05 Sep 2026 23:52:42 GMT  mp3-sync=OK
  206  L11 n19  bytes 0-3/175104  Last-Modified: Sat, 05 Sep 2026 23:52:45 GMT  mp3-sync=OK
  206  L12 n7  bytes 0-3/651456  Last-Modified: Sat, 05 Sep 2026 23:52:54 GMT  mp3-sync=OK
  206  L12 n10  bytes 0-3/625824  Last-Modified: Sat, 05 Sep 2026 23:53:03 GMT  mp3-sync=OK
  206  L12 n16  bytes 0-3/377856  Last-Modified: Sat, 05 Sep 2026 23:53:08 GMT  mp3-sync=OK
  206  L13 n2  bytes 0-3/629280  Last-Modified: Sat, 05 Sep 2026 23:53:18 GMT  mp3-sync=OK
  206  L13 n3  bytes 0-3/249120  Last-Modified: Sat, 05 Sep 2026 23:53:23 GMT  mp3-sync=OK
  206  L13 n5  bytes 0-3/373536  Last-Modified: Sat, 05 Sep 2026 23:53:27 GMT  mp3-sync=OK
  206  L13 n8  bytes 0-3/571968  Last-Modified: Sat, 05 Sep 2026 23:53:36 GMT  mp3-sync=OK
  206  L13 n11  bytes 0-3/512352  Last-Modified: Sat, 05 Sep 2026 23:54:51 GMT  mp3-sync=OK
  206  L13 n16  bytes 0-3/245088  Last-Modified: Sat, 05 Sep 2026 23:54:55 GMT  mp3-sync=OK
  206  L13 n18  bytes 0-3/680544  Last-Modified: Sat, 05 Sep 2026 23:55:06 GMT  mp3-sync=OK
  206  L14 n5  bytes 0-3/552960  Last-Modified: Sat, 05 Sep 2026 23:55:15 GMT  mp3-sync=OK
  206  L14 n7  bytes 0-3/516384  Last-Modified: Sat, 05 Sep 2026 23:55:23 GMT  mp3-sync=OK
  206  L14 n11  bytes 0-3/499104  Last-Modified: Sat, 05 Sep 2026 23:55:30 GMT  mp3-sync=OK
  206  L14 n13  bytes 0-3/554688  Last-Modified: Sat, 05 Sep 2026 23:55:37 GMT  mp3-sync=OK
  206  L14 n14  bytes 0-3/407808  Last-Modified: Sat, 05 Sep 2026 23:55:44 GMT  mp3-sync=OK
  206  L14 n16  bytes 0-3/266400  Last-Modified: Sat, 05 Sep 2026 23:55:48 GMT  mp3-sync=OK
  206  L14 n17  bytes 0-3/414144  Last-Modified: Sat, 05 Sep 2026 23:55:56 GMT  mp3-sync=OK
  206  L14 n20  bytes 0-3/136224  Last-Modified: Sat, 05 Sep 2026 23:55:59 GMT  mp3-sync=OK

53/53 clips verified HTTP 200/206 with fresh audio.
