=== APPLY EDITS english-literature-aqa/leave-taking  213 edits  LIVE  2026-09-02T04:36:57.841Z
  ok   #0 L1.content_html [HIGH] F5: no source dates the play to 1984; it is set in 1980s London
  ok   #1 L1.content_html [HIGH] F5: setting is 1980s London
  ok   #2 L1.content_html [HIGH] F5: setting is 1980s London
  ok   #3 L1.content_html [HIGH] F5: no source supports an Easter Monday 1984 stage direction
  ok   #4 L1.knowledge_checks[0].q [HIGH] F5: the play is set in the 1980s, so a single-year answer key was wrong; repointed to the first performance
  ok   #5 L1.knowledge_checks[0].correct [HIGH] F5: 1987 is the first-performance year
  ok   #6 L1.flashcard_questions[1].q [HIGH] F5: setting is 1980s London
  ok   #7 L1.flashcard_questions[1].a [HIGH] F5
  ok   #10 L1.content_html [HIGH] F3: Scene 5 is set at Mai's bedsit - Del has moved in and Viv visits her there
  ok   #11 L1.knowledge_checks[4].right[0] [HIGH] F3
  ok   #12 L1.knowledge_checks[4].right[1] [HIGH] F3
  ok   #69 L1.practice_questions[0].type [HIGH] F15: the modern-text question is a single 30-mark essay, not a 20-mark whole-text or extract-comparison task
  ok   #70 L1.practice_questions[0].text [HIGH] F15: 30 marks, and this board sets no unseen comparison on the modern text
  ok   #71 L1.practice_questions[0].marks [HIGH] F15: band ranges rescaled to 30 marks
  ok   #72 L1.practice_questions[1].type [HIGH] F15: the modern-text question is a single 30-mark essay, not a 20-mark whole-text or extract-comparison task
  ok   #73 L1.practice_questions[1].text [HIGH] F15: 30 marks, and this board sets no unseen comparison on the modern text
  ok   #74 L1.practice_questions[1].marks [HIGH] F15: band ranges rescaled to 30 marks
  ok   #75 L1.practice_questions[2].type [HIGH] F15: the modern-text question is a single 30-mark essay, not a 20-mark whole-text or extract-comparison task
  ok   #76 L1.practice_questions[2].text [HIGH] F15: 30 marks, and this board sets no unseen comparison on the modern text
  ok   #77 L1.practice_questions[2].marks [HIGH] F15: band ranges rescaled to 30 marks
  ok   #78 L1.practice_questions[3].type [HIGH] F15: the modern-text question is a single 30-mark essay, not a 20-mark whole-text or extract-comparison task
  ok   #79 L1.practice_questions[3].text [HIGH] F15: 30 marks, and this board sets no unseen comparison on the modern text
  ok   #80 L1.practice_questions[3].marks [HIGH] F15: band ranges rescaled to 30 marks
  ok   #81 L1.practice_questions[4].type [HIGH] F15: the modern-text question is a single 30-mark essay, not a 20-mark whole-text or extract-comparison task
  ok   #82 L1.practice_questions[4].text [HIGH] F15: 30 marks, and this board sets no unseen comparison on the modern text
  ok   #83 L1.practice_questions[4].marks [HIGH] F15: band ranges rescaled to 30 marks
  ok   #84 L1.practice_questions[5].type [HIGH] F15: the modern-text question is a single 30-mark essay, not a 20-mark whole-text or extract-comparison task
  ok   #85 L1.practice_questions[5].text [HIGH] F15: 30 marks, and this board sets no unseen comparison on the modern text
  ok   #86 L1.practice_questions[5].marks [HIGH] F15: band ranges rescaled to 30 marks
  PATCH L1: content_html, knowledge_checks, flashcard_questions, practice_questions
  ok   #8 L2.content_html [MEDIUM] F5: no source records an Easter Monday setting for Scene 1; removed as unverified
  ok   #19 L2.content_html [HIGH] F4: the news of Mooma's death arrives by phone in Scene 3, not by letter
  ok   #20 L2.flashcard_questions[12].a [HIGH] F4
  ok   #21 L2.flashcard_questions[9].q [HIGH] F4
  ok   #22 L2.content_html [MEDIUM] F6: Enid's stated concern in Scene 1 is Del, not a letter about her mother's illness
  ok   #23 L2.flashcard_questions[8].a [MEDIUM] F6
  ok   #24 L2.content_html [LOW] F12: it is friends and family back in Jamaica who call Enid 'Miss English' (Scene 3)
  ok   #25 L2.flashcard_questions[13].q [LOW] F12
  ok   #27 L2.content_html [MEDIUM] F9: Brod's wife and children live in Jamaica; he has not lost contact with them
  ok   #87 L2.practice_questions[0].type [HIGH] F15: the modern-text question is a single 30-mark essay, not a 20-mark whole-text or extract-comparison task
  ok   #88 L2.practice_questions[0].text [HIGH] F15: 30 marks, and this board sets no unseen comparison on the modern text
  ok   #89 L2.practice_questions[0].marks [HIGH] F15: band ranges rescaled to 30 marks
  ok   #90 L2.practice_questions[1].type [HIGH] F15: the modern-text question is a single 30-mark essay, not a 20-mark whole-text or extract-comparison task
  ok   #91 L2.practice_questions[1].text [HIGH] F15: 30 marks, and this board sets no unseen comparison on the modern text
  ok   #92 L2.practice_questions[1].marks [HIGH] F15: band ranges rescaled to 30 marks
  ok   #93 L2.practice_questions[2].type [HIGH] F15: the modern-text question is a single 30-mark essay, not a 20-mark whole-text or extract-comparison task
  ok   #94 L2.practice_questions[2].text [HIGH] F15: 30 marks, and this board sets no unseen comparison on the modern text
  ok   #95 L2.practice_questions[2].marks [HIGH] F15: band ranges rescaled to 30 marks
  ok   #96 L2.practice_questions[3].type [HIGH] F15: the modern-text question is a single 30-mark essay, not a 20-mark whole-text or extract-comparison task
  ok   #97 L2.practice_questions[3].text [HIGH] F15: 30 marks, and this board sets no unseen comparison on the modern text
  ok   #98 L2.practice_questions[3].marks [HIGH] F15: band ranges rescaled to 30 marks
  ok   #99 L2.practice_questions[4].type [HIGH] F15: the modern-text question is a single 30-mark essay, not a 20-mark whole-text or extract-comparison task
  ok   #100 L2.practice_questions[4].text [HIGH] F15: 30 marks, and this board sets no unseen comparison on the modern text
  ok   #101 L2.practice_questions[4].marks [HIGH] F15: band ranges rescaled to 30 marks
  ok   #102 L2.practice_questions[5].type [HIGH] F15: the modern-text question is a single 30-mark essay, not a 20-mark whole-text or extract-comparison task
  ok   #103 L2.practice_questions[5].text [HIGH] F15: 30 marks, and this board sets no unseen comparison on the modern text
  ok   #104 L2.practice_questions[5].marks [HIGH] F15: band ranges rescaled to 30 marks
  PATCH L2: content_html, flashcard_questions, practice_questions
  ok   #29 L3.content_html [MEDIUM] F8: Del is in the early stages of pregnancy from Scene 1; she does not become pregnant mid-play
  ok   #30 L3.content_html [MEDIUM] F8
  ok   #31 L3.content_html [HIGH] F7: there is no palm reading and no long-journey prediction in Scene 6
  ok   #32 L3.flashcard_questions[13].q [HIGH] F7
  ok   #33 L3.flashcard_questions[13].a [HIGH] F7
  ok   #34 L3.content_html [MEDIUM] F11: Mai does not die in the play; she is unwell and Del urges her to see a doctor
  ok   #44 L3.content_html [MEDIUM] F14: the line is 'But no matter how much I search for myself in them books, I'm never there' (Viv, Scene 5)
  ok   #47 L3.content_html [MEDIUM] F3: the walkout is reported at Mai's bedsit in Scene 5, and the exam is English Literature
  ok   #105 L3.practice_questions[0].type [HIGH] F15: the modern-text question is a single 30-mark essay, not a 20-mark whole-text or extract-comparison task
  ok   #106 L3.practice_questions[0].text [HIGH] F15: 30 marks, and this board sets no unseen comparison on the modern text
  ok   #107 L3.practice_questions[0].marks [HIGH] F15: band ranges rescaled to 30 marks
  ok   #108 L3.practice_questions[1].type [HIGH] F15: the modern-text question is a single 30-mark essay, not a 20-mark whole-text or extract-comparison task
  ok   #109 L3.practice_questions[1].text [HIGH] F15: 30 marks, and this board sets no unseen comparison on the modern text
  ok   #110 L3.practice_questions[1].marks [HIGH] F15: band ranges rescaled to 30 marks
  ok   #111 L3.practice_questions[2].type [HIGH] F15: the modern-text question is a single 30-mark essay, not a 20-mark whole-text or extract-comparison task
  ok   #112 L3.practice_questions[2].text [HIGH] F15: 30 marks, and this board sets no unseen comparison on the modern text
  ok   #113 L3.practice_questions[2].marks [HIGH] F15: band ranges rescaled to 30 marks
  ok   #114 L3.practice_questions[3].type [HIGH] F15: the modern-text question is a single 30-mark essay, not a 20-mark whole-text or extract-comparison task
  ok   #115 L3.practice_questions[3].text [HIGH] F15: 30 marks, and this board sets no unseen comparison on the modern text
  ok   #116 L3.practice_questions[3].marks [HIGH] F15: band ranges rescaled to 30 marks
  ok   #117 L3.practice_questions[4].type [HIGH] F15: the modern-text question is a single 30-mark essay, not a 20-mark whole-text or extract-comparison task
  ok   #118 L3.practice_questions[4].text [HIGH] F15: 30 marks, and this board sets no unseen comparison on the modern text
  ok   #119 L3.practice_questions[4].marks [HIGH] F15: band ranges rescaled to 30 marks
  ok   #120 L3.practice_questions[5].type [HIGH] F15: the modern-text question is a single 30-mark essay, not a 20-mark whole-text or extract-comparison task
  ok   #121 L3.practice_questions[5].text [HIGH] F15: 30 marks, and this board sets no unseen comparison on the modern text
  ok   #122 L3.practice_questions[5].marks [HIGH] F15: band ranges rescaled to 30 marks
  PATCH L3: content_html, flashcard_questions, practice_questions
  ok   #35 L4.content_html [MEDIUM] F11: Mai does not die; she gives Del the notebook because she has no daughter of her own
  ok   #36 L4.content_html [MEDIUM] F11
  ok   #37 L4.flashcard_questions[2].q [MEDIUM] F11
  ok   #38 L4.description [LOW] F11: Mai neither dies nor departs
  ok   #41 L4.content_html [MEDIUM] F13: Scene 8 has only Del, Mai and Enid on stage
  ok   #123 L4.practice_questions[0].type [HIGH] F15: the modern-text question is a single 30-mark essay, not a 20-mark whole-text or extract-comparison task
  ok   #124 L4.practice_questions[0].text [HIGH] F15: 30 marks, and this board sets no unseen comparison on the modern text
  ok   #125 L4.practice_questions[0].marks [HIGH] F15: band ranges rescaled to 30 marks
  ok   #126 L4.practice_questions[1].type [HIGH] F15: the modern-text question is a single 30-mark essay, not a 20-mark whole-text or extract-comparison task
  ok   #127 L4.practice_questions[1].text [HIGH] F15: 30 marks, and this board sets no unseen comparison on the modern text
  ok   #128 L4.practice_questions[1].marks [HIGH] F15: band ranges rescaled to 30 marks
  ok   #129 L4.practice_questions[2].type [HIGH] F15: the modern-text question is a single 30-mark essay, not a 20-mark whole-text or extract-comparison task
  ok   #130 L4.practice_questions[2].text [HIGH] F15: 30 marks, and this board sets no unseen comparison on the modern text
  ok   #131 L4.practice_questions[2].marks [HIGH] F15: band ranges rescaled to 30 marks
  ok   #132 L4.practice_questions[3].type [HIGH] F15: the modern-text question is a single 30-mark essay, not a 20-mark whole-text or extract-comparison task
  ok   #133 L4.practice_questions[3].text [HIGH] F15: 30 marks, and this board sets no unseen comparison on the modern text
  ok   #134 L4.practice_questions[3].marks [HIGH] F15: band ranges rescaled to 30 marks
  ok   #135 L4.practice_questions[4].type [HIGH] F15: the modern-text question is a single 30-mark essay, not a 20-mark whole-text or extract-comparison task
  ok   #136 L4.practice_questions[4].text [HIGH] F15: 30 marks, and this board sets no unseen comparison on the modern text
  ok   #137 L4.practice_questions[4].marks [HIGH] F15: band ranges rescaled to 30 marks
  ok   #138 L4.practice_questions[5].type [HIGH] F15: the modern-text question is a single 30-mark essay, not a 20-mark whole-text or extract-comparison task
  ok   #139 L4.practice_questions[5].text [HIGH] F15: 30 marks, and this board sets no unseen comparison on the modern text
  ok   #140 L4.practice_questions[5].marks [HIGH] F15: band ranges rescaled to 30 marks
  PATCH L4: content_html, flashcard_questions, description, practice_questions
  ok   #26 L5.content_html [LOW] F12
  ok   #28 L5.content_html [MEDIUM] F9
  ok   #39 L5.content_html [MEDIUM] F11
  ok   #40 L5.flashcard_questions[10].a [MEDIUM] F11
  ok   #42 L5.content_html [MEDIUM] F10: the play does not date Enid's arrival; 1959 is the year Pinnock's own mother migrated
  ok   #43 L5.flashcard_questions[0].a [MEDIUM] F10
  ok   #45 L5.content_html [MEDIUM] F14: 'how much', not 'how hard'
  ok   #46 L5.flashcard_questions[8].a [MEDIUM] F14
  ok   #141 L5.practice_questions[0].type [HIGH] F15: the modern-text question is a single 30-mark essay, not a 20-mark whole-text or extract-comparison task
  ok   #142 L5.practice_questions[0].text [HIGH] F15: 30 marks, and this board sets no unseen comparison on the modern text
  ok   #143 L5.practice_questions[0].marks [HIGH] F15: band ranges rescaled to 30 marks
  ok   #144 L5.practice_questions[1].type [HIGH] F15: the modern-text question is a single 30-mark essay, not a 20-mark whole-text or extract-comparison task
  ok   #145 L5.practice_questions[1].text [HIGH] F15: 30 marks, and this board sets no unseen comparison on the modern text
  ok   #146 L5.practice_questions[1].marks [HIGH] F15: band ranges rescaled to 30 marks
  ok   #147 L5.practice_questions[2].type [HIGH] F15: the modern-text question is a single 30-mark essay, not a 20-mark whole-text or extract-comparison task
  ok   #148 L5.practice_questions[2].text [HIGH] F15: 30 marks, and this board sets no unseen comparison on the modern text
  ok   #149 L5.practice_questions[2].marks [HIGH] F15: band ranges rescaled to 30 marks
  ok   #150 L5.practice_questions[3].type [HIGH] F15: the modern-text question is a single 30-mark essay, not a 20-mark whole-text or extract-comparison task
  ok   #151 L5.practice_questions[3].text [HIGH] F15: 30 marks, and this board sets no unseen comparison on the modern text
  ok   #152 L5.practice_questions[3].marks [HIGH] F15: band ranges rescaled to 30 marks
  ok   #153 L5.practice_questions[4].type [HIGH] F15: the modern-text question is a single 30-mark essay, not a 20-mark whole-text or extract-comparison task
  ok   #154 L5.practice_questions[4].text [HIGH] F15: 30 marks, and this board sets no unseen comparison on the modern text
  ok   #155 L5.practice_questions[4].marks [HIGH] F15: band ranges rescaled to 30 marks
  ok   #156 L5.practice_questions[5].type [HIGH] F15: the modern-text question is a single 30-mark essay, not a 20-mark whole-text or extract-comparison task
  ok   #157 L5.practice_questions[5].text [HIGH] F15: 30 marks, and this board sets no unseen comparison on the modern text
  ok   #158 L5.practice_questions[5].marks [HIGH] F15: band ranges rescaled to 30 marks
  PATCH L5: content_html, flashcard_questions, practice_questions
  ok   #13 L6.content_html [HIGH] F3: Scene 5 is at Mai's bedsit
  ok   #14 L6.content_html [MEDIUM] F3: Scene 5 is already at Mai's, with Del living there
  ok   #15 L6.knowledge_checks[1].options[2] [HIGH] F3
  ok   #16 L6.flashcard_questions[2].q [MEDIUM] F3
  ok   #17 L6.flashcard_questions[3].a [HIGH] F3
  ok   #18 L6.flashcard_questions[4].a [HIGH] F3
  ok   #159 L6.practice_questions[0].type [HIGH] F15: the modern-text question is a single 30-mark essay, not a 20-mark whole-text or extract-comparison task
  ok   #160 L6.practice_questions[0].text [HIGH] F15: 30 marks, and this board sets no unseen comparison on the modern text
  ok   #161 L6.practice_questions[0].marks [HIGH] F15: band ranges rescaled to 30 marks
  ok   #162 L6.practice_questions[1].type [HIGH] F15: the modern-text question is a single 30-mark essay, not a 20-mark whole-text or extract-comparison task
  ok   #163 L6.practice_questions[1].text [HIGH] F15: 30 marks, and this board sets no unseen comparison on the modern text
  ok   #164 L6.practice_questions[1].marks [HIGH] F15: band ranges rescaled to 30 marks
  ok   #165 L6.practice_questions[2].type [HIGH] F15: the modern-text question is a single 30-mark essay, not a 20-mark whole-text or extract-comparison task
  ok   #166 L6.practice_questions[2].text [HIGH] F15: 30 marks, and this board sets no unseen comparison on the modern text
  ok   #167 L6.practice_questions[2].marks [HIGH] F15: band ranges rescaled to 30 marks
  ok   #168 L6.practice_questions[3].type [HIGH] F15: the modern-text question is a single 30-mark essay, not a 20-mark whole-text or extract-comparison task
  ok   #169 L6.practice_questions[3].text [HIGH] F15: 30 marks, and this board sets no unseen comparison on the modern text
  ok   #170 L6.practice_questions[3].marks [HIGH] F15: band ranges rescaled to 30 marks
  ok   #171 L6.practice_questions[4].type [HIGH] F15: the modern-text question is a single 30-mark essay, not a 20-mark whole-text or extract-comparison task
  ok   #172 L6.practice_questions[4].text [HIGH] F15: 30 marks, and this board sets no unseen comparison on the modern text
  ok   #173 L6.practice_questions[4].marks [HIGH] F15: band ranges rescaled to 30 marks
  ok   #174 L6.practice_questions[5].type [HIGH] F15: the modern-text question is a single 30-mark essay, not a 20-mark whole-text or extract-comparison task
  ok   #175 L6.practice_questions[5].text [HIGH] F15: 30 marks, and this board sets no unseen comparison on the modern text
  ok   #176 L6.practice_questions[5].marks [HIGH] F15: band ranges rescaled to 30 marks
  PATCH L6: content_html, knowledge_checks, flashcard_questions, practice_questions
  ok   #48 L7.content_html [HIGH] F2: Enid speaks Jamaican patois throughout; she does not speak standard English with occasional slippage
  ok   #49 L7.content_html [HIGH] F2
  ok   #50 L7.content_html [HIGH] F2
  ok   #51 L7.content_html [HIGH] F2
  ok   #52 L7.content_html [HIGH] F2
  ok   #53 L7.content_html [HIGH] F2
  ok   #54 L7.content_html [HIGH] F2
  ok   #55 L7.knowledge_checks[0].q [HIGH] F2
  ok   #56 L7.knowledge_checks[0].options[1] [HIGH] F2
  ok   #57 L7.knowledge_checks[4].right[0] [HIGH] F2
  ok   #58 L7.flashcard_questions[0].q [HIGH] F2
  ok   #59 L7.flashcard_questions[0].a [HIGH] F2
  ok   #60 L7.flashcard_questions[1].q [HIGH] F2
  ok   #61 L7.flashcard_questions[1].a [HIGH] F2
  ok   #62 L7.flashcard_questions[10].q [HIGH] F2
  ok   #63 L7.flashcard_questions[10].a [HIGH] F2
  ok   #64 L7.flashcard_questions[11].q [HIGH] F2
  ok   #65 L7.flashcard_questions[11].a [HIGH] F2
  ok   #66 L7.flashcard_questions[12].a [HIGH] F2
  ok   #177 L7.practice_questions[0].type [HIGH] F15: the modern-text question is a single 30-mark essay, not a 20-mark whole-text or extract-comparison task
  ok   #178 L7.practice_questions[0].text [HIGH] F15: 30 marks, and this board sets no unseen comparison on the modern text
  ok   #179 L7.practice_questions[0].marks [HIGH] F15: band ranges rescaled to 30 marks
  ok   #180 L7.practice_questions[1].type [HIGH] F15: the modern-text question is a single 30-mark essay, not a 20-mark whole-text or extract-comparison task
  ok   #181 L7.practice_questions[1].text [HIGH] F15: 30 marks, and this board sets no unseen comparison on the modern text
  ok   #182 L7.practice_questions[1].marks [HIGH] F15: band ranges rescaled to 30 marks
  ok   #183 L7.practice_questions[2].type [HIGH] F15: the modern-text question is a single 30-mark essay, not a 20-mark whole-text or extract-comparison task
  ok   #184 L7.practice_questions[2].text [HIGH] F15: 30 marks, and this board sets no unseen comparison on the modern text
  ok   #185 L7.practice_questions[2].marks [HIGH] F15: band ranges rescaled to 30 marks
  ok   #186 L7.practice_questions[3].type [HIGH] F15: the modern-text question is a single 30-mark essay, not a 20-mark whole-text or extract-comparison task
  ok   #187 L7.practice_questions[3].text [HIGH] F15: 30 marks, and this board sets no unseen comparison on the modern text
  ok   #188 L7.practice_questions[3].marks [HIGH] F15: band ranges rescaled to 30 marks
  ok   #189 L7.practice_questions[4].type [HIGH] F15: the modern-text question is a single 30-mark essay, not a 20-mark whole-text or extract-comparison task
  ok   #190 L7.practice_questions[4].text [HIGH] F15: 30 marks, and this board sets no unseen comparison on the modern text
  ok   #191 L7.practice_questions[4].marks [HIGH] F15: band ranges rescaled to 30 marks
  ok   #192 L7.practice_questions[5].type [HIGH] F15: the modern-text question is a single 30-mark essay, not a 20-mark whole-text or extract-comparison task
  ok   #193 L7.practice_questions[5].text [HIGH] F15: 30 marks, and this board sets no unseen comparison on the modern text
  ok   #194 L7.practice_questions[5].marks [HIGH] F15: band ranges rescaled to 30 marks
  PATCH L7: content_html, knowledge_checks, flashcard_questions, practice_questions
  ok   #9 L8.content_html [HIGH] F5: setting is 1980s London
  ok   #67 L8.content_html [HIGH] F1: the modern-text question is closed book with no printed extract; one essay from a choice of two, 30 marks 
  ok   #68 L8.content_html [HIGH] F1: there is no printed extract on this question
  ok   #195 L8.practice_questions[0].type [HIGH] F15: the modern-text question is a single 30-mark essay, not a 20-mark whole-text or extract-comparison task
  ok   #196 L8.practice_questions[0].text [HIGH] F15: 30 marks, and this board sets no unseen comparison on the modern text
  ok   #197 L8.practice_questions[0].marks [HIGH] F15: band ranges rescaled to 30 marks
  ok   #198 L8.practice_questions[1].type [HIGH] F15: the modern-text question is a single 30-mark essay, not a 20-mark whole-text or extract-comparison task
  ok   #199 L8.practice_questions[1].text [HIGH] F15: 30 marks, and this board sets no unseen comparison on the modern text
  ok   #200 L8.practice_questions[1].marks [HIGH] F15: band ranges rescaled to 30 marks
  ok   #201 L8.practice_questions[2].type [HIGH] F15: the modern-text question is a single 30-mark essay, not a 20-mark whole-text or extract-comparison task
  ok   #202 L8.practice_questions[2].text [HIGH] F15: 30 marks, and this board sets no unseen comparison on the modern text
  ok   #203 L8.practice_questions[2].marks [HIGH] F15: band ranges rescaled to 30 marks
  ok   #204 L8.practice_questions[3].type [HIGH] F15: the modern-text question is a single 30-mark essay, not a 20-mark whole-text or extract-comparison task
  ok   #205 L8.practice_questions[3].text [HIGH] F15: 30 marks, and this board sets no unseen comparison on the modern text
  ok   #206 L8.practice_questions[3].marks [HIGH] F15: band ranges rescaled to 30 marks
  ok   #207 L8.practice_questions[4].type [HIGH] F15: the modern-text question is a single 30-mark essay, not a 20-mark whole-text or extract-comparison task
  ok   #208 L8.practice_questions[4].text [HIGH] F15: 30 marks, and this board sets no unseen comparison on the modern text
  ok   #209 L8.practice_questions[4].marks [HIGH] F15: band ranges rescaled to 30 marks
  ok   #210 L8.practice_questions[5].type [HIGH] F15: the modern-text question is a single 30-mark essay, not a 20-mark whole-text or extract-comparison task
  ok   #211 L8.practice_questions[5].text [HIGH] F15: 30 marks, and this board sets no unseen comparison on the modern text
  ok   #212 L8.practice_questions[5].marks [HIGH] F15: band ranges rescaled to 30 marks
  PATCH L8: content_html, practice_questions
=== 213 applied, 0 skipped, 8 lessons / 27 fields changed
