
=== RE-NARRATION (changed narrated text only) ===
backup: C:\Users\tshau\Documents\Study Vault\scripts\_retrofc\units\english-literature-aqa__leave-taking\_backup.json
unit:   english-literature-aqa / leave-taking
run: 2026-09-02T04:37:01Z  mode: LIVE

8 lessons, 32 clips to regenerate

  L01 (Ollie)  Context: Caribbean Immigration & British Identity
      n2: Leave Taking (1987) by Winsome Pinnock is a play about a Caribbean-British family navigating questions of iden
             -> 343 KB, 29.3s, uploaded
      n5: After World War II, Britain actively recruited workers from the Caribbean. The British Nationality Act 1948 ga
             -> 366 KB, 31.2s, uploaded
      n8: Leave Taking is set in 1980s London and is structured as eight scenes — not two formal acts. The play has two 
             -> 406 KB, 34.6s, uploaded
      n9: Key Fact . Scene 1 takes place at Mai’s Deptford bedsit. Enid brings both daughters there for a reading. Del s
             -> 277 KB, 23.7s, uploaded
      manifest updated (15 entries)
  L02 (Ada)  Scenes 1–3: Enid, Del & the Obeah Woman
      n6: Scene 1 takes place at Mai's Deptford bedsit. Enid brings both daughters to Mai for a reading. Her main worry 
             -> 411 KB, 35.1s, uploaded
      n9: Brod (Broderick) is Enid's long-standing friend, a fellow Windrush-generation Jamaican who is present througho
             -> 394 KB, 33.6s, uploaded
      n11: The emotional turning point of the play's first half comes in Scene 3, when Enid learns that her mother has di
             -> 441 KB, 37.6s, uploaded
      manifest updated (15 entries)
  L03 (Ollie)  Scenes 4–7: Generational Conflict
      n3: Key Fact . Del's pregnancy belongs to Del , the elder daughter (18) — not to Viv. Enid already suspects the pr
             -> 274 KB, 23.4s, uploaded
      n6: Del is already pregnant when the play opens — Enid suspects it in Scene 1 — and by this section it is out in t
             -> 396 KB, 33.8s, uploaded
      n8: Viv's crisis is very different from Del's — it takes place in her head and in the exam hall rather than in the
             -> 448 KB, 38.3s, uploaded
      n9: Key Fact . Viv's rebellion is intellectual and cultural, not romantic or physical. After walking out of the ex
             -> 319 KB, 27.2s, uploaded
      n13: By Scene 6, Enid herself comes to Mai's bedsit — searching for Del, but also, Pinnock suggests, beginning to s
             -> 375 KB, 32.0s, uploaded
      manifest updated (16 entries)
  L04 (Ada)  Resolution & the Ending
      n2: Leave Taking's final scene takes place at Mai's Deptford bedsit — the same space in which the play opened. The
             -> 424 KB, 36.2s, uploaded
      n6: The play's most powerful moment comes when Del reads Enid's palm . This is the play's emotional climax and its
             -> 419 KB, 35.7s, uploaded
      n8: Pinnock places two candles on stage in Scene 8. A half-burnt white candle sits near Mai — her life and role en
             -> 344 KB, 29.3s, uploaded
      manifest updated (16 entries)
  L05 (Ollie)  Character Analysis
      n2: Enid is the play's central character — the person whose choices, fears and history drive the action. She is a 
             -> 362 KB, 30.9s, uploaded
      n3: Enid's backstory is gradually revealed across the play. Her husband subjected her to domestic violence — cruel
             -> 491 KB, 41.9s, uploaded
      n8: Viv is the younger daughter, aged 17. She appears to be Enid's success story: educated, articulate, preparing 
             -> 496 KB, 42.3s, uploaded
      n11: Mai is an Obeah woman who lives in a Deptford bedsit. She is physically declining throughout the play — a dizz
             -> 439 KB, 37.4s, uploaded
      n12: Brod is Enid's childhood friend from Jamaica, a fellow Windrush immigrant. He appears on stage in Scenes 2, 3 
             -> 336 KB, 28.6s, uploaded
      manifest updated (18 entries)
  L06 (Ada)  Structure & Stagecraft
      n3: The pacing across the eight scenes is deliberate: Scenes 1–4 are slower, domestic, built around everyday tensi
             -> 361 KB, 30.8s, uploaded
      n6: Leave Taking has two distinct physical settings. Enid's North London living room appears in Scenes 2–4: the do
             -> 406 KB, 34.6s, uploaded
      manifest updated (18 entries)
  L07 (Ollie)  Language, Dialect & Identity
      n3: Key Fact . Enid speaks Jamaican patois all through the play, even while she preaches assimilation to her daugh
             -> 302 KB, 25.8s, uploaded
      n5: Code-switching is central to the play's linguistic texture. Enid and Mai both speak Jamaican patois, and Mai's
             -> 352 KB, 30.0s, uploaded
      n6: Pinnock's use of code-switching serves multiple functions. It is characterisation : each character's speech pa
             -> 314 KB, 26.8s, uploaded
      n8: Standard English in the play represents the dominant culture . Enid's adoption of it is a conscious choice to 
             -> 296 KB, 25.2s, uploaded
      n10: The generational voice in Leave Taking is a key structural element. Enid's language is Jamaican throughout, ev
             -> 288 KB, 24.6s, uploaded
      n11: This progression — from Jamaican patois (Enid) to fully English (Viv) to Del, drawn back towards Jamaican spee
             -> 253 KB, 21.6s, uploaded
      n12: Key Fact . Language in Leave Taking is never neutral. Every word choice is a statement about identity. When En
             -> 287 KB, 24.5s, uploaded
      manifest updated (16 entries)
  L08 (Ada)  Key Themes & Exam Technique
      n11: On your second exam paper, Leave Taking is a closed-book question. No extract is printed and you may not take 
             -> 341 KB, 29.1s, uploaded
      n13: Closed-book strategy: Learn short quotations you can spell and use accurately, because you will have no text i
             -> 199 KB, 17.0s, uploaded
      n14: Whole-play strategy: Range across the whole play — draw examples from across all eight scenes. Remember Leave 
             -> 344 KB, 29.3s, uploaded
      manifest updated (17 entries)

Regenerated 32 clips.

=== VERIFY (ranged GET + freshness) ===
  206  L01 n2  bytes 0-3/351648  Last-Modified: Wed, 02 Sep 2026 04:37:08 GMT  mp3-sync=OK
  206  L01 n5  bytes 0-3/374688  Last-Modified: Wed, 02 Sep 2026 04:37:14 GMT  mp3-sync=OK
  206  L01 n8  bytes 0-3/415296  Last-Modified: Wed, 02 Sep 2026 04:37:19 GMT  mp3-sync=OK
  206  L01 n9  bytes 0-3/283968  Last-Modified: Wed, 02 Sep 2026 04:37:24 GMT  mp3-sync=OK
  206  L02 n6  bytes 0-3/420768  Last-Modified: Wed, 02 Sep 2026 04:37:31 GMT  mp3-sync=OK
  206  L02 n9  bytes 0-3/403776  Last-Modified: Wed, 02 Sep 2026 04:37:36 GMT  mp3-sync=OK
  206  L02 n11  bytes 0-3/451296  Last-Modified: Wed, 02 Sep 2026 04:37:43 GMT  mp3-sync=OK
  206  L03 n3  bytes 0-3/280224  Last-Modified: Wed, 02 Sep 2026 04:37:47 GMT  mp3-sync=OK
  206  L03 n6  bytes 0-3/405792  Last-Modified: Wed, 02 Sep 2026 04:37:53 GMT  mp3-sync=OK
  206  L03 n8  bytes 0-3/459072  Last-Modified: Wed, 02 Sep 2026 04:38:00 GMT  mp3-sync=OK
  206  L03 n9  bytes 0-3/326304  Last-Modified: Wed, 02 Sep 2026 04:38:05 GMT  mp3-sync=OK
  206  L03 n13  bytes 0-3/384192  Last-Modified: Wed, 02 Sep 2026 04:38:10 GMT  mp3-sync=OK
  206  L04 n2  bytes 0-3/434592  Last-Modified: Wed, 02 Sep 2026 04:38:17 GMT  mp3-sync=OK
  206  L04 n6  bytes 0-3/428832  Last-Modified: Wed, 02 Sep 2026 04:38:23 GMT  mp3-sync=OK
  206  L04 n8  bytes 0-3/351936  Last-Modified: Wed, 02 Sep 2026 04:38:28 GMT  mp3-sync=OK
  206  L05 n2  bytes 0-3/370656  Last-Modified: Wed, 02 Sep 2026 04:38:33 GMT  mp3-sync=OK
  206  L05 n3  bytes 0-3/502560  Last-Modified: Wed, 02 Sep 2026 04:38:40 GMT  mp3-sync=OK
  206  L05 n8  bytes 0-3/507456  Last-Modified: Wed, 02 Sep 2026 04:38:47 GMT  mp3-sync=OK
  206  L05 n11  bytes 0-3/449280  Last-Modified: Wed, 02 Sep 2026 04:38:54 GMT  mp3-sync=OK
  206  L05 n12  bytes 0-3/343584  Last-Modified: Wed, 02 Sep 2026 04:38:59 GMT  mp3-sync=OK
  206  L06 n3  bytes 0-3/369504  Last-Modified: Wed, 02 Sep 2026 04:39:04 GMT  mp3-sync=OK
  206  L06 n6  bytes 0-3/415296  Last-Modified: Wed, 02 Sep 2026 04:39:10 GMT  mp3-sync=OK
  206  L07 n3  bytes 0-3/309600  Last-Modified: Wed, 02 Sep 2026 04:39:15 GMT  mp3-sync=OK
  206  L07 n5  bytes 0-3/360000  Last-Modified: Wed, 02 Sep 2026 04:39:20 GMT  mp3-sync=OK
  206  L07 n6  bytes 0-3/321408  Last-Modified: Wed, 02 Sep 2026 04:39:25 GMT  mp3-sync=OK
  206  L07 n8  bytes 0-3/302688  Last-Modified: Wed, 02 Sep 2026 04:39:30 GMT  mp3-sync=OK
  206  L07 n10  bytes 0-3/294624  Last-Modified: Wed, 02 Sep 2026 04:39:34 GMT  mp3-sync=OK
  206  L07 n11  bytes 0-3/259200  Last-Modified: Wed, 02 Sep 2026 04:39:38 GMT  mp3-sync=OK
  206  L07 n12  bytes 0-3/294048  Last-Modified: Wed, 02 Sep 2026 04:39:44 GMT  mp3-sync=OK
  206  L08 n11  bytes 0-3/348768  Last-Modified: Wed, 02 Sep 2026 04:39:49 GMT  mp3-sync=OK
  206  L08 n13  bytes 0-3/203616  Last-Modified: Wed, 02 Sep 2026 04:39:52 GMT  mp3-sync=OK
  206  L08 n14  bytes 0-3/351936  Last-Modified: Wed, 02 Sep 2026 04:39:57 GMT  mp3-sync=OK

32/32 clips verified HTTP 200/206 with fresh audio.
