=== APPLY EDITS religious-studies-edexcel/paper-1-islam  57 edits  LIVE  2026-09-06T05:50:35.618Z
  ok   #0 L1.content_html [HIGH] F1: Kitab al-iman 1:4 gives the SIX Beliefs; the Five Pillars are practices, not beliefs
  ok   #1 L1.content_html [MEDIUM] F2: Surah 50:16 quoted with the wrong pronouns; Khattab reads 'closer to them than their jugular vein'
  ok   #2 L1.content_html [MEDIUM] F3: the 12-mark command word on this paper is Evaluate
  ok   #3 L1.exam_tip_html [MEDIUM] F4: wrong command word plus an unevidenced claim about what candidates most often do
  ok   #4 L1.practice_questions[1].text [MEDIUM] F5 (a): this paper has no 3-mark Describe question; the spec sets Describe at 4 marks and the (b) slot is Expl
  ok   #5 L1.practice_questions[1].type [MEDIUM] F5 (b): tariff and command word
  ok   #6 L1.practice_questions[1].model_answer [MEDIUM] F5 (c): answer rewritten for the 4-mark Explain two form
  ok   #7 L1.practice_questions[3].model_answer [HIGH] F5b: Surah 112 was quoted in wording no published translation uses; Yusuf Ali reads 'He is Allah, the One and 
  ok   #8 L1.practice_questions[4].text [MEDIUM] F6 (a): the 12-mark command word on this paper is Evaluate, not Discuss
  ok   #9 L1.practice_questions[4].type [MEDIUM] F6 (b): command word
  ok   #10 L1.practice_questions[4].model_answer [MEDIUM] F6 (c): invented band names replaced with house band vocabulary
  PATCH L1: content_html, exam_tip_html, practice_questions
  ok   #11 L2.exam_tip_html [MEDIUM] F7: wrong command word plus an unevidenced claim about common candidate failure
  ok   #12 L2.exam_tip_html [MEDIUM] F8: invented mark-scheme rule; the mark is for referring to a source of wisdom and authority, and a surah numb
  ok   #13 L2.practice_questions[1].text [MEDIUM] F9 (a): no 3-mark Describe question on this paper
  ok   #14 L2.practice_questions[1].type [MEDIUM] F9 (b): tariff and command word
  ok   #15 L2.practice_questions[1].model_answer [MEDIUM] F9 (c): answer rewritten for the 4-mark Explain two form
  ok   #16 L2.practice_questions[4].text [MEDIUM] F10 (a): the 12-mark command word on this paper is Evaluate, not Discuss
  ok   #17 L2.practice_questions[4].type [MEDIUM] F10 (b): command word
  ok   #18 L2.practice_questions[4].model_answer [MEDIUM] F10 (c): invented band names replaced with house band vocabulary
  PATCH L2: exam_tip_html, practice_questions
  ok   #19 L3.content_html [MEDIUM] F11: the 12-mark command word on this paper is Evaluate
  ok   #20 L3.content_html [MEDIUM] F12: wrong command word
  ok   #21 L3.exam_tip_html [MEDIUM] F13: wrong command word, an invented examiner-report claim and an invented mark-scheme rule
  ok   #22 L3.practice_questions[1].text [MEDIUM] F14 (a): no 3-mark Describe question on this paper
  ok   #23 L3.practice_questions[1].type [MEDIUM] F14 (b): tariff and command word
  ok   #24 L3.practice_questions[1].model_answer [MEDIUM] F14 (c): answer rewritten for the 4-mark Explain two form
  ok   #25 L3.practice_questions[4].text [MEDIUM] F15 (a): the 12-mark command word on this paper is Evaluate, not Discuss
  ok   #26 L3.practice_questions[4].type [MEDIUM] F15 (b): command word
  ok   #27 L3.practice_questions[4].model_answer [MEDIUM] F15 (c): invented band names replaced with house band vocabulary
  ok   #28 L3.conclusion_html [MEDIUM] F13: the 12-mark command word on this paper is Evaluate
  PATCH L3: content_html, exam_tip_html, practice_questions, conclusion_html
  ok   #29 L4.content_html [MEDIUM] F16: women do not wear the two white ihram cloths; the lesson's own definition already says 'male pilgrims'
  ok   #30 L4.content_html [HIGH] F17: Shahadah is not one of the Ten Obligatory Acts and 'Walayah' is not in the list; as written the items als
  ok   #31 L4.exam_tip_html [MEDIUM] F18: wrong command word; 'three times vs five' implied Shi'a Muslims pray only three prayers; unevidenced exam
  ok   #32 L4.content_html [HIGH] F17: the term definition repeated the same error - Shahadah is not one of the ten
  ok   #33 L4.practice_questions[1].text [MEDIUM] F19 (a): no 3-mark Describe question on this paper
  ok   #34 L4.practice_questions[1].type [MEDIUM] F19 (b): tariff and command word
  ok   #35 L4.practice_questions[1].model_answer [MEDIUM] F19 (c): answer rewritten for the 4-mark Explain two form
  ok   #36 L4.practice_questions[4].text [MEDIUM] F20 (a): the 12-mark command word on this paper is Evaluate, not Discuss
  ok   #37 L4.practice_questions[4].type [MEDIUM] F20 (b): command word
  ok   #38 L4.practice_questions[4].model_answer [MEDIUM] F20 (c): invented band names replaced with house band vocabulary
  PATCH L4: content_html, exam_tip_html, practice_questions
  ok   #39 L5.exam_tip_html [MEDIUM] F21: 'the teaching brief' is an internal build document the student cannot see
  ok   #40 L5.exam_tip_html [LOW] F22: unevidenced examiner claim replaced with the spec requirement
  ok   #41 L5.practice_questions[1].text [MEDIUM] F23 (a): no 3-mark Describe question on this paper
  ok   #42 L5.practice_questions[1].type [MEDIUM] F23 (b): tariff and command word
  ok   #43 L5.practice_questions[1].model_answer [MEDIUM] F23 (c): answer rewritten for the 4-mark Explain two form
  ok   #44 L5.practice_questions[3].model_answer [MEDIUM] F24: the old answer used Surah 22:39 (permission to fight when attacked) as evidence for greater jihad and the
  ok   #45 L5.practice_questions[4].text [MEDIUM] F25 (a): the 12-mark command word on this paper is Evaluate, not Discuss
  ok   #46 L5.practice_questions[4].type [MEDIUM] F25 (b): command word
  ok   #47 L5.practice_questions[4].model_answer [MEDIUM] F25 (c): invented band names replaced with house band vocabulary
  PATCH L5: exam_tip_html, practice_questions
  ok   #48 L6.content_html [MEDIUM] F26: the Night Journey (Isra) is Surah 17:1; Surah 53 describes the Prophet's vision and the Lote Tree
  ok   #49 L6.content_html [MEDIUM] F27: Surah 24:31 lists fathers, sons, brothers and other close relatives as well as husbands; the truncated qu
  ok   #50 L6.exam_tip_html [MEDIUM] F28: the 12-mark command word on this paper is Evaluate
  ok   #51 L6.practice_questions[1].text [MEDIUM] F29 (a): no 3-mark Describe question on this paper
  ok   #52 L6.practice_questions[1].type [MEDIUM] F29 (b): tariff and command word
  ok   #53 L6.practice_questions[1].model_answer [MEDIUM] F29 (c): answer rewritten for the 4-mark Explain two form
  ok   #54 L6.practice_questions[4].text [MEDIUM] F30 (a): the 12-mark command word on this paper is Evaluate, not Discuss
  ok   #55 L6.practice_questions[4].type [MEDIUM] F30 (b): command word
  ok   #56 L6.practice_questions[4].model_answer [MEDIUM] F30 (c): invented band names replaced with house band vocabulary
  PATCH L6: content_html, exam_tip_html, practice_questions
=== 57 applied, 0 skipped, 6 lessons / 17 fields changed
