
=== RE-NARRATION (changed narrated text only) ===
backup: C:\Users\tshau\Documents\Study Vault\scripts\_retrofc\units\religious-studies-edexcel__paper-1-islam\_backup.json
unit:   religious-studies-edexcel / paper-1-islam
run: 2026-09-06T05:50:41Z  mode: LIVE

6 lessons, 15 clips to regenerate

  L01 (Ollie)  The Nature of Allah and Core Muslim Beliefs
      n12: Key Fact . The Six Beliefs of Sunni Islam — Allah, Angels, Books, Prophets, Day of Judgement, Predestination —
             -> 195 KB, 16.6s, uploaded
      n27: Omnipotence (all-powerful): Allah created the universe from nothing and sustains all life. Nothing is beyond H
             -> 678 KB, 57.8s, uploaded
      n29: Comparing Muslim belief in Tawhid with Christian belief about the nature of God is a rich area for 12-mark Eva
             -> 85 KB, 7.2s, uploaded
      n30: For the “Outline three…” question, give three clearly separate points about the Six Beliefs or Five Roots — do
             -> 497 KB, 42.4s, uploaded
      manifest updated (34 entries)
  L02 (Ada)  Risalah, Holy Books, Angels and Predestination
      n25: For the 5-mark “Explain two… including a source of wisdom” question on Risalah, the expected source is Surah 2
             -> 590 KB, 50.3s, uploaded
      manifest updated (29 entries)
  L03 (Ollie)  Akhirah: Life After Death and the Day of Judgement
      n4: Key Fact . Akhirah is a likely anchor for 12-mark Evaluate questions that ask you to compare Islamic and anoth
             -> 191 KB, 16.3s, uploaded
      n15: You may be asked to compare Islamic and another tradition’s afterlife beliefs in a 12-mark Evaluate question.
             -> 76 KB, 6.5s, uploaded
      n16: This spec point is starred (1.8*), which means it is a likely source of 12-mark Evaluate questions requiring c
             -> 429 KB, 36.6s, uploaded
      n20: Belief in Akhirah shapes Muslim ethics, motivating good deeds and providing comfort in suffering. This is a st
             -> 172 KB, 14.7s, uploaded
      manifest updated (17 entries)
  L04 (Ada)  The Five Pillars and Ten Obligatory Acts
      n13: Hajj takes place in the twelfth month of the Islamic calendar and must be performed at least once in a lifetim
             -> 565 KB, 48.2s, uploaded
      n_x1: The Five Pillars are the universal Sunni framework of practice. The Ten Obligatory Acts of Shi’a Islam (Furu a
             -> 508 KB, 43.3s, uploaded
      n18: For 5-mark “Explain two… with sources” questions on Islamic practice, use these named anchors: Salah — Surah 2
             -> 649 KB, 55.4s, uploaded
      manifest updated (18 entries)
  L05 (Ollie)  Jihad and Islamic Festivals
      n23: Jihad is the topic students most often get wrong. If asked to “outline three aspects of jihad,” you must cover
             -> 622 KB, 53.1s, uploaded
      manifest updated (28 entries)
  L06 (Ada)  Sources of Authority and Muslim Identity
      n18: Muslim identity is expressed through the shared ummah — the global community of believers. From birth, communi
             -> 490 KB, 41.8s, uploaded
      n32: This lesson covers 16 spec points in two sections. For 5-mark “Explain two with sources” questions, use these 
             -> 803 KB, 68.5s, uploaded
      manifest updated (32 entries)

Regenerated 15 clips.

=== VERIFY (ranged GET + freshness) ===
  206  L01 n12  bytes 0-3/199296  Last-Modified: Sun, 06 Sep 2026 05:50:49 GMT  mp3-sync=OK
  206  L01 n27  bytes 0-3/694080  Last-Modified: Sun, 06 Sep 2026 05:51:03 GMT  mp3-sync=OK
  206  L01 n29  bytes 0-3/86688  Last-Modified: Sun, 06 Sep 2026 05:51:06 GMT  mp3-sync=OK
  206  L01 n30  bytes 0-3/508896  Last-Modified: Sun, 06 Sep 2026 05:51:18 GMT  mp3-sync=OK
  206  L02 n25  bytes 0-3/603936  Last-Modified: Sun, 06 Sep 2026 05:51:33 GMT  mp3-sync=OK
  206  L03 n4  bytes 0-3/195552  Last-Modified: Sun, 06 Sep 2026 05:51:39 GMT  mp3-sync=OK
  206  L03 n15  bytes 0-3/77472  Last-Modified: Sun, 06 Sep 2026 05:51:41 GMT  mp3-sync=OK
  206  L03 n16  bytes 0-3/439776  Last-Modified: Sun, 06 Sep 2026 05:51:49 GMT  mp3-sync=OK
  206  L03 n20  bytes 0-3/176256  Last-Modified: Sun, 06 Sep 2026 05:51:53 GMT  mp3-sync=OK
  206  L04 n13  bytes 0-3/578880  Last-Modified: Sun, 06 Sep 2026 05:52:06 GMT  mp3-sync=OK
  206  L04 n_x1  bytes 0-3/520128  Last-Modified: Sun, 06 Sep 2026 05:52:17 GMT  mp3-sync=OK
  206  L04 n18  bytes 0-3/664416  Last-Modified: Sun, 06 Sep 2026 05:52:45 GMT  mp3-sync=OK
  206  L05 n23  bytes 0-3/636768  Last-Modified: Sun, 06 Sep 2026 05:53:01 GMT  mp3-sync=OK
  206  L06 n18  bytes 0-3/501696  Last-Modified: Sun, 06 Sep 2026 05:53:14 GMT  mp3-sync=OK
  206  L06 n32  bytes 0-3/822528  Last-Modified: Sun, 06 Sep 2026 05:53:31 GMT  mp3-sync=OK

15/15 clips verified HTTP 200/206 with fresh audio.
