
=== RE-NARRATION (changed narrated text only) ===
backup: C:\Users\tshau\Documents\Study Vault\scripts\_sweeps\labels\citizenship-aqa_backup.json
unit:   citizenship-aqa / label-sweep
run: 2026-09-06T14:51:02Z  mode: LIVE

12 lessons, 12 clips to regenerate

  L05 (Ollie)  The UK in the World: International Organisations
      n22: For extended-response questions about international organisations, the most common error is treating them all 
             -> 638 KB, 54.5s, uploaded
      manifest updated (26 entries)
  L05 (Ollie)  Government, the Prime Minister and Cabinet
      n21: For an 8-mark Discuss question on the PM’s powers, avoid simply listing powers — a good answer shows that you 
             -> 498 KB, 42.5s, uploaded
      manifest updated (25 entries)
  L06 (Ada)  Political Parties and Their Beliefs
      n19: For a 12-mark Evaluate question on political parties, you must present a genuine two-sided argument. A common 
             -> 523 KB, 44.6s, uploaded
      manifest updated (23 entries)
  L07 (Ollie)  Criminal vs Civil Law
      n17: The criminal/civil distinction is tested frequently in short-answer and extended-response questions. The most 
             -> 649 KB, 55.3s, uploaded
      manifest updated (21 entries)
  L07 (Ollie)  Voting Systems in the UK
      n21: For an 8-mark Analyse or a 12-mark Evaluate question on voting systems, the most common error is to treat the 
             -> 621 KB, 53.0s, uploaded
      manifest updated (25 entries)
  L08 (Ada)  Local and Devolved Government
      n19: For an 8-mark Discuss question on devolution, avoid simply describing what devolution is — a good answer shows
             -> 613 KB, 52.3s, uploaded
      manifest updated (23 entries)
  L09 (Ollie)  Elections, Voting and Voter Turnout
      n21: On an 8-mark “Discuss” or 12-mark “Evaluate” question about voter turnout or voting age, a very common mistake
             -> 573 KB, 48.9s, uploaded
      manifest updated (25 entries)
  L10 (Ada)  Tax, Spending and Public Services
      n18: For an 8-mark “Discuss” or 12-mark “Evaluate” question on government spending, the most common mistake is writ
             -> 544 KB, 46.4s, uploaded
      manifest updated (22 entries)
  L11 (Ollie)  How Other Countries Are Governed
      n17: For an 8-mark “Analyse” or 12-mark “Evaluate” question on how other countries are governed, a very common mist
             -> 503 KB, 42.9s, uploaded
      manifest updated (21 entries)
  L12 (Ada)  How Citizens Bring About Political Change
      n21: For an 8-mark “Discuss” question on how citizens bring about change, the most common error is simply listing m
             -> 578 KB, 49.3s, uploaded
      manifest updated (25 entries)
  L14 (Ada)  Pressure Groups, Trade Unions and Civil Society
      n20: On “Analyse” questions about pressure groups, the most common error is producing a one-sided answer that only 
             -> 520 KB, 44.4s, uploaded
      manifest updated (24 entries)
  L16 (Ada)  Planning and Evaluating a Citizenship Action
      n23: In the active citizenship section, a very common error is describing an action in vague, general terms without
             -> 577 KB, 49.2s, uploaded
      manifest updated (27 entries)

Regenerated 12 clips.

=== VERIFY (ranged GET + freshness) ===
  206  L05 n22  bytes 0-3/653472  Last-Modified: Sun, 06 Sep 2026 14:51:18 GMT  mp3-sync=OK
  206  L05 n21  bytes 0-3/509760  Last-Modified: Sun, 06 Sep 2026 14:51:28 GMT  mp3-sync=OK
  206  L06 n19  bytes 0-3/535680  Last-Modified: Sun, 06 Sep 2026 14:51:37 GMT  mp3-sync=OK
  206  L07 n17  bytes 0-3/664128  Last-Modified: Sun, 06 Sep 2026 14:51:49 GMT  mp3-sync=OK
  206  L07 n21  bytes 0-3/636192  Last-Modified: Sun, 06 Sep 2026 14:52:01 GMT  mp3-sync=OK
  206  L08 n19  bytes 0-3/628128  Last-Modified: Sun, 06 Sep 2026 14:52:12 GMT  mp3-sync=OK
  206  L09 n21  bytes 0-3/587232  Last-Modified: Sun, 06 Sep 2026 14:52:21 GMT  mp3-sync=OK
  206  L10 n18  bytes 0-3/556992  Last-Modified: Sun, 06 Sep 2026 14:52:29 GMT  mp3-sync=OK
  206  L11 n17  bytes 0-3/514944  Last-Modified: Sun, 06 Sep 2026 14:52:37 GMT  mp3-sync=OK
  206  L12 n21  bytes 0-3/592128  Last-Modified: Sun, 06 Sep 2026 14:52:47 GMT  mp3-sync=OK
  206  L14 n20  bytes 0-3/532224  Last-Modified: Sun, 06 Sep 2026 14:52:58 GMT  mp3-sync=OK
  206  L16 n23  bytes 0-3/590688  Last-Modified: Sun, 06 Sep 2026 14:53:11 GMT  mp3-sync=OK

12/12 clips verified HTTP 200/206 with fresh audio.
