
=== RE-NARRATION (changed narrated text only) ===
backup: C:\Users\tshau\Documents\Study Vault\scripts\_sweeps\labels\drama-repair_backup.json
unit:   drama / label-sweep-repair
run: 2026-09-06T15:48:39Z  mode: DRY RUN

1 lessons, 1 clips to regenerate

  L03 (Ollie)  Key Moments — Diane Nash & CJ Reminder
      n32 -> drama/rise-up/narration_lesson-03_n32.mp3
         When analysing the Diane Nash and CJ Reminder scenes, always identify the contrast between characters. Strong answers compare two performers’ techniques side by

=== RE-NARRATION (changed narrated text only) ===
backup: C:\Users\tshau\Documents\Study Vault\scripts\_sweeps\labels\drama-repair_backup.json
unit:   drama / label-sweep-repair
run: 2026-09-06T15:48:54Z  mode: LIVE

1 lessons, 1 clips to regenerate

  L03 (Ollie)  Key Moments — Diane Nash & CJ Reminder
      n32: When analysing the Diane Nash and CJ Reminder scenes, always identify the contrast between characters. Strong 
             -> 370 KB, 31.5s, uploaded
      manifest updated (36 entries)

Regenerated 1 clips.

=== VERIFY (ranged GET + freshness) ===
  206  L03 n32  bytes 0-3/378432  Last-Modified: Sun, 06 Sep 2026 15:49:02 GMT  mp3-sync=OK

1/1 clips verified HTTP 200/206 with fresh audio.
