
=== RE-NARRATION (changed narrated text only) ===
backup: C:\Users\tshau\Documents\Study Vault\scripts\_sweeps\labels\drama-aqa_backup.json
unit:   drama-aqa / label-sweep
run: 2026-09-06T14:59:57Z  mode: LIVE

7 lessons, 7 clips to regenerate

  L04 (Ada)  Context: Liverpool, Thatcher and the Working-Class Musical
      n16: For questions asking you to use context to inform staging choices, a good answer shows specificity: not “I wou
             -> 549 KB, 46.9s, uploaded
      manifest updated (20 entries)
  L05 (Ollie)  Dramatic Methods: Direct Address and Dual Narration
      n20: For extended-response staging questions, remember that the narration device has concrete staging implications.
             -> 400 KB, 34.1s, uploaded
      manifest updated (24 entries)
  L06 (Ada)  Staging and Design: World-Building on a Bare Stage
      n22: For extended staging questions, avoid trying to design every scene of the play. Focus on one or two named mome
             -> 256 KB, 21.8s, uploaded
      manifest updated (26 entries)
  L07 (Ollie)  Performance Interpretation: Jo and Helen's Final Scene
      n20: For 12-mark intentions questions, focus on what Delaney wants the audience to understand or feel — not what th
             -> 235 KB, 20.0s, uploaded
      manifest updated (24 entries)
  L08 (Ada)  Practitioner Application: Stanislavski Meets Frantic Assembly
      n18: For any question that asks you to apply practitioner techniques to this play, you must do more than describe t
             -> 494 KB, 42.2s, uploaded
      manifest updated (23 entries)
  L08 (Ada)  Practitioner Application: Brechtian Distance and Naturalistic Truth
      n22: The most common error in practitioner questions is describing a practitioner’s biography without applying the 
             -> 352 KB, 30.1s, uploaded
      manifest updated (27 entries)
  L08 (Ada)  Practitioner Application: Physical Theatre and Ensemble Storytelling
      n18: When applying a practitioner to a set play, the most common error is to describe the practitioner’s biography 
             -> 602 KB, 51.4s, uploaded
      manifest updated (22 entries)

Regenerated 7 clips.

=== VERIFY (ranged GET + freshness) ===
  206  L04 n16  bytes 0-3/562176  Last-Modified: Sun, 06 Sep 2026 15:00:09 GMT  mp3-sync=OK
  206  L05 n20  bytes 0-3/409248  Last-Modified: Sun, 06 Sep 2026 15:00:17 GMT  mp3-sync=OK
  206  L06 n22  bytes 0-3/261792  Last-Modified: Sun, 06 Sep 2026 15:00:24 GMT  mp3-sync=OK
  206  L07 n20  bytes 0-3/240192  Last-Modified: Sun, 06 Sep 2026 15:00:30 GMT  mp3-sync=OK
  206  L08 n18  bytes 0-3/506304  Last-Modified: Sun, 06 Sep 2026 15:00:40 GMT  mp3-sync=OK
  206  L08 n22  bytes 0-3/360864  Last-Modified: Sun, 06 Sep 2026 15:00:55 GMT  mp3-sync=OK
  206  L08 n18  bytes 0-3/616896  Last-Modified: Sun, 06 Sep 2026 15:01:06 GMT  mp3-sync=OK

7/7 clips verified HTTP 200/206 with fresh audio.
