
=== RE-NARRATION (changed narrated text only) ===
backup: C:\Users\tshau\Documents\Study Vault\scripts\_sweeps\labels\english-literature-eduqas_backup.json
unit:   english-literature-eduqas / label-sweep
run: 2026-09-06T15:10:29Z  mode: LIVE

8 lessons, 8 clips to regenerate

  L01 (Ollie)  The Schoolboy — William Blake
      n19: For the specified-poem question on “The Schoolboy,” always explain how the caged-bird metaphor works before yo
             -> 290 KB, 24.7s, uploaded
      manifest updated (23 entries)
  L02 (Ada)  Act 1: The Merry War & Deceptions
      n15: When writing about Act 1, compare the two love stories from the start. Claudio’s visual, transactional love (“
             -> 244 KB, 20.9s, uploaded
      manifest updated (19 entries)
  L05 (Ollie)  Moor House & St John Rivers
      n14: St John is an underused character in exam responses. If your extract touches on Moor House or St John’s propos
             -> 245 KB, 20.9s, uploaded
      manifest updated (18 entries)
  L06 (Ada)  The Reunion & Resolution
      n14: If discussing the ending, consider multiple interpretations. Is Rochester’s blindness a necessary condition fo
             -> 275 KB, 23.5s, uploaded
      manifest updated (18 entries)
  L07 (Ollie)  Symbolism & Setting
      n18: Symbolism is prime AO2 material. First select specific images from the printed extract (the tape, the fence, t
             -> 358 KB, 30.5s, uploaded
      manifest updated (22 entries)
  L08 (Ada)  Key Themes & Exam Technique
      n21: The drama question is worth 40 marks, and the paper gives you two and a half hours for three sections, so plan
             -> 399 KB, 34.1s, uploaded
      manifest updated (25 entries)
  L11 (Ollie)  Kamikaze — Beatrice Garland
      n16: For the specified-poem question on ‘Kamikaze’, a good answer shows that you explore the shift between the natu
             -> 256 KB, 21.9s, uploaded
      manifest updated (20 entries)
  L14 (Ada)  Remains — Simon Armitage
      n17: This is a closed-book exam, so memorise short, exact quotations rather than whole lines — “probably armed, pos
             -> 440 KB, 37.5s, uploaded
      manifest updated (21 entries)

Regenerated 8 clips.

=== VERIFY (ranged GET + freshness) ===
  206  L01 n19  bytes 0-3/296928  Last-Modified: Sun, 06 Sep 2026 15:10:40 GMT  mp3-sync=OK
  206  L02 n15  bytes 0-3/250272  Last-Modified: Sun, 06 Sep 2026 15:10:45 GMT  mp3-sync=OK
  206  L05 n14  bytes 0-3/250848  Last-Modified: Sun, 06 Sep 2026 15:10:50 GMT  mp3-sync=OK
  206  L06 n14  bytes 0-3/281952  Last-Modified: Sun, 06 Sep 2026 15:10:56 GMT  mp3-sync=OK
  206  L07 n18  bytes 0-3/366336  Last-Modified: Sun, 06 Sep 2026 15:11:02 GMT  mp3-sync=OK
  206  L08 n21  bytes 0-3/408672  Last-Modified: Sun, 06 Sep 2026 15:11:10 GMT  mp3-sync=OK
  206  L11 n16  bytes 0-3/262656  Last-Modified: Sun, 06 Sep 2026 15:11:20 GMT  mp3-sync=OK
  206  L14 n17  bytes 0-3/450432  Last-Modified: Sun, 06 Sep 2026 15:11:30 GMT  mp3-sync=OK

8/8 clips verified HTTP 200/206 with fresh audio.
