
=== RE-NARRATION (changed narrated text only) ===
backup: C:\Users\tshau\Documents\Study Vault\scripts\_sweeps\labels\english-literature_backup.json
unit:   english-literature / label-sweep
run: 2026-09-06T15:03:53Z  mode: LIVE

5 lessons, 5 clips to regenerate

  L04 (Ada)  Comparing Two Unseen Poems
      n27: For Question 2, a good answer shows genuine comparison , not two separate analyses. Every sentence should refe
             -> 353 KB, 30.1s, uploaded
      manifest updated (31 entries)
  L05 (Ollie)  Exposure & Storm on the Island
      n29: When writing about Exposure, always comment on the half-rhyme — it is one of Owen’s most distinctive technique
             -> 298 KB, 25.4s, uploaded
      manifest updated (33 entries)
  L06 (Ada)  Stave 5: Transformation & Redemption
      n23: For the 30-mark essay on Stave 5, compare similes across staves to show structural awareness. Always link Scro
             -> 329 KB, 28.1s, uploaded
      manifest updated (27 entries)
  L08 (Ada)  Tissue & Poppies
      n27: When writing about Tissue , strong answers can explain the extended metaphor clearly. Don’t just say ‘paper re
             -> 288 KB, 24.6s, uploaded
      manifest updated (31 entries)
  L09 (Ollie)  The Prelude — Power of Nature
      n22: When writing about The Prelude , always discuss the shift in tone (the volta). A good answer shows that you un
             -> 257 KB, 21.9s, uploaded
      manifest updated (26 entries)

Regenerated 5 clips.

=== VERIFY (ranged GET + freshness) ===
  FAIL L04 n27: <urlopen error [WinError 10054] An existing connection was forcibly closed by the remote host>
  206  L05 n29  bytes 0-3/304992  Last-Modified: Sun, 06 Sep 2026 15:04:11 GMT  mp3-sync=OK
  206  L06 n23  bytes 0-3/337248  Last-Modified: Sun, 06 Sep 2026 15:04:25 GMT  mp3-sync=OK
  206  L08 n27  bytes 0-3/295200  Last-Modified: Sun, 06 Sep 2026 15:04:36 GMT  mp3-sync=OK
  206  L09 n22  bytes 0-3/263232  Last-Modified: Sun, 06 Sep 2026 15:04:47 GMT  mp3-sync=OK

4/5 clips verified HTTP 200/206 with fresh audio.
