
=== RE-NARRATION (changed narrated text only) ===
backup: C:\Users\tshau\Documents\Study Vault\scripts\_sweeps\labels\english-literature-edexcel_backup.json
unit:   english-literature-edexcel / label-sweep
run: 2026-09-06T15:07:41Z  mode: LIVE
  L08: fields edited but no narrated text changed -> skip

16 lessons, 16 clips to regenerate

  L02 (Ada)  Dante's Story: The Baby
      n23: For Edexcel, practise linking plot details to themes. When writing about Dante's story, make sure you can conn
             -> 303 KB, 25.9s, uploaded
      manifest updated (28 entries)
  L03 (Ollie)  Part 2: Anita Rutter
      n19: When analysing the Meena-Anita friendship, always discuss the power dynamic rather than simply describing even
             -> 330 KB, 28.1s, uploaded
      manifest updated (23 entries)
  L03 (Ollie)  Wickham, Collins & Darcy's Letter
      n19: Darcy’s first proposal and the letter are among the most frequently examined passages. For Part (a), analyse t
             -> 299 KB, 25.5s, uploaded
      manifest updated (23 entries)
  L03 (Ollie)  Exploitation & Resistance
      n20: The middle of the play is rich material for AO1 (personal response). Consider alternative interpretations of k
             -> 309 KB, 26.4s, uploaded
      manifest updated (24 entries)
  L04 (Ada)  Fatherhood & Sacrifice
      n21: When writing about the theme of fatherhood, make sure you demonstrate awareness of Blackman's specific choices
             -> 267 KB, 22.8s, uploaded
      manifest updated (26 entries)
  L04 (Ada)  Acts 3-4: The Power Shift
      n22: In your essay, always discuss the ending. A good answer shows that you understand the play as a whole. The shi
             -> 350 KB, 29.9s, uploaded
      manifest updated (26 entries)
  L04 (Ada)  Pemberley & Changed Perceptions
      n18: If you get a Pemberley extract in Part (a), focus on Austen’s use of the estate as a symbol. Analyse the langu
             -> 361 KB, 30.8s, uploaded
      manifest updated (22 entries)
  L05 (Ollie)  Resolution & Marriage
      n19: The second proposal is a high-value comparison point for Part (b). If asked about Darcy, love, or change, cont
             -> 333 KB, 28.4s, uploaded
      manifest updated (23 entries)
  L05 (Ollie)  Truth Restored & Resolution
      n22: For part (b) of the Edexcel exam (20 marks, AO1 + AO3), you need to write about the theme across the whole pla
             -> 257 KB, 21.9s, uploaded
      manifest updated (27 entries)
  L05 (Ollie)  Moor House & St John Rivers
      n17: St John Rivers is often overlooked in exam answers, but he is crucial for a Part (b) response on religion, dut
             -> 249 KB, 21.3s, uploaded
      manifest updated (21 entries)
  L05 (Ollie)  Voice, Language & Form
      n20: Strong answers show analysis of form and structure, not just language. Many students can identify enjambment o
             -> 312 KB, 26.6s, uploaded
      manifest updated (24 entries)
  L05 (Ollie)  The Climax & Resolution
      n26: The climax is the most heavily examined part of the novel for Edexcel. Make sure you can name all three attack
             -> 338 KB, 28.9s, uploaded
      manifest updated (32 entries)
  L05 (Ollie)  Murder, Revenge & the Bride
      n19: When writing about the destruction of the female creature in Part (b), explore both sides of the argument. Vic
             -> 283 KB, 24.2s, uploaded
      manifest updated (23 entries)
  L08 (Ada)  Exam Technique & Key Quotations
      n44: If you forget a quotation during the exam, don’t panic . You can paraphrase the line and still earn marks for 
             -> 294 KB, 25.1s, uploaded
      manifest updated (48 entries)
  L02 (Ada)  Act 1: The Birlings' World Shattered
      n22: When analysing Act 1 for Edexcel, focus on how Priestley uses structure. The doorbell interrupting Birling’s s
             -> 268 KB, 22.9s, uploaded
      manifest updated (26 entries)
  L05 (Ollie)  Character Analysis: The Birlings
      n19: When writing about the Birling family for Edexcel, always connect character analysis to Priestley’s wider purp
             -> 319 KB, 27.2s, uploaded
      manifest updated (23 entries)

Regenerated 16 clips.

=== VERIFY (ranged GET + freshness) ===
  206  L02 n23  bytes 0-3/310176  Last-Modified: Sun, 06 Sep 2026 15:08:04 GMT  mp3-sync=OK
  206  L03 n19  bytes 0-3/337824  Last-Modified: Sun, 06 Sep 2026 15:08:10 GMT  mp3-sync=OK
  206  L03 n19  bytes 0-3/305856  Last-Modified: Sun, 06 Sep 2026 15:08:16 GMT  mp3-sync=OK
  206  L03 n20  bytes 0-3/316224  Last-Modified: Sun, 06 Sep 2026 15:08:22 GMT  mp3-sync=OK
  206  L04 n21  bytes 0-3/273024  Last-Modified: Sun, 06 Sep 2026 15:08:28 GMT  mp3-sync=OK
  206  L04 n22  bytes 0-3/358848  Last-Modified: Sun, 06 Sep 2026 15:08:36 GMT  mp3-sync=OK
  206  L04 n18  bytes 0-3/369216  Last-Modified: Sun, 06 Sep 2026 15:08:43 GMT  mp3-sync=OK
  206  L05 n19  bytes 0-3/341280  Last-Modified: Sun, 06 Sep 2026 15:08:50 GMT  mp3-sync=OK
  206  L05 n22  bytes 0-3/262944  Last-Modified: Sun, 06 Sep 2026 15:08:56 GMT  mp3-sync=OK
  206  L05 n17  bytes 0-3/255456  Last-Modified: Sun, 06 Sep 2026 15:09:06 GMT  mp3-sync=OK
  206  L05 n20  bytes 0-3/319392  Last-Modified: Sun, 06 Sep 2026 15:09:12 GMT  mp3-sync=OK
  206  L05 n26  bytes 0-3/346464  Last-Modified: Sun, 06 Sep 2026 15:09:21 GMT  mp3-sync=OK
  206  L05 n19  bytes 0-3/290016  Last-Modified: Sun, 06 Sep 2026 15:09:27 GMT  mp3-sync=OK
  206  L08 n44  bytes 0-3/301248  Last-Modified: Sun, 06 Sep 2026 15:09:42 GMT  mp3-sync=OK
  206  L02 n22  bytes 0-3/274176  Last-Modified: Sun, 06 Sep 2026 15:09:49 GMT  mp3-sync=OK
  206  L05 n19  bytes 0-3/326592  Last-Modified: Sun, 06 Sep 2026 15:09:57 GMT  mp3-sync=OK

16/16 clips verified HTTP 200/206 with fresh audio.
