
=== RE-NARRATION (changed narrated text only) ===
backup: C:\Users\tshau\Documents\Study Vault\scripts\_sweeps\labels\english-literature-ocr_backup.json
unit:   english-literature-ocr / label-sweep
run: 2026-09-06T15:11:48Z  mode: LIVE

12 lessons, 12 clips to regenerate

  L01 (Ollie)  Context: Victorian Science & Empire
      n13: For The War of the Worlds, always link events to Wells’s critique of imperialism (AO3). Strong answers treat t
             -> 221 KB, 18.8s, uploaded
      manifest updated (17 entries)
  L02 (Ada)  Book 1: The Arrival
      n13: For The War of the Worlds, always link events to Wells’s critique of imperialism (AO3). Strong answers treat t
             -> 226 KB, 19.2s, uploaded
      manifest updated (17 entries)
  L02 (Ada)  Gateshead & Lowood
      n17: When writing on the early sections, resist the urge to retell Jane’s suffering. Strong answers treat Brontë as
             -> 263 KB, 22.4s, uploaded
      manifest updated (21 entries)
  L03 (Ollie)  Book 1: The Fall of Civilisation
      n13: For The War of the Worlds, always link events to Wells’s critique of imperialism (AO3). Strong answers treat t
             -> 221 KB, 18.8s, uploaded
      manifest updated (17 entries)
  L04 (Ada)  Book 2: Survival & Resolution
      n13: For The War of the Worlds, always link events to Wells’s critique of imperialism (AO3). Strong answers treat t
             -> 226 KB, 19.2s, uploaded
      manifest updated (17 entries)
  L04 (Ada)  Chapters 9-10: The Revelations
      n19: Strong answers treat the confession chapters as consciously constructed narrative, not just the ‘twist’ being 
             -> 277 KB, 23.6s, uploaded
      manifest updated (23 entries)
  L05 (Ollie)  Staves 4-5: Redemption
      n19: When writing about Staves 4–5, strong answers track the contrast between the two endings Dickens shows: the lo
             -> 237 KB, 20.3s, uploaded
      manifest updated (23 entries)
  L05 (Ollie)  Character & Narration
      n13: For The War of the Worlds, always link events to Wells’s critique of imperialism (AO3). Strong answers treat t
             -> 221 KB, 18.8s, uploaded
      manifest updated (17 entries)
  L06 (Ada)  Science Fiction Genre & Structure
      n13: For The War of the Worlds, always link events to Wells’s critique of imperialism (AO3). Strong answers treat t
             -> 226 KB, 19.2s, uploaded
      manifest updated (17 entries)
  L07 (Ollie)  Key Themes & Exam Technique
      n21: A useful rule: never leave a quotation without analysis, and never leave analysis without a link. A good answe
             -> 237 KB, 20.2s, uploaded
      manifest updated (25 entries)
  L07 (Ollie)  Symbolism & Setting
      n13: For The War of the Worlds, always link events to Wells’s critique of imperialism (AO3). Strong answers treat t
             -> 221 KB, 18.8s, uploaded
      manifest updated (17 entries)
  L08 (Ada)  Key Themes & Exam Technique
      n13: For The War of the Worlds, always link events to Wells’s critique of imperialism (AO3). Strong answers treat t
             -> 226 KB, 19.2s, uploaded
      manifest updated (17 entries)

Regenerated 12 clips.

=== VERIFY (ranged GET + freshness) ===
  206  L01 n13  bytes 0-3/226080  Last-Modified: Sun, 06 Sep 2026 15:11:58 GMT  mp3-sync=OK
  206  L02 n13  bytes 0-3/230976  Last-Modified: Sun, 06 Sep 2026 15:12:03 GMT  mp3-sync=OK
  206  L02 n17  bytes 0-3/268992  Last-Modified: Sun, 06 Sep 2026 15:12:08 GMT  mp3-sync=OK
  206  L03 n13  bytes 0-3/226080  Last-Modified: Sun, 06 Sep 2026 15:12:15 GMT  mp3-sync=OK
  206  L04 n13  bytes 0-3/230976  Last-Modified: Sun, 06 Sep 2026 15:12:20 GMT  mp3-sync=OK
  206  L04 n19  bytes 0-3/283680  Last-Modified: Sun, 06 Sep 2026 15:12:24 GMT  mp3-sync=OK
  206  L05 n19  bytes 0-3/243072  Last-Modified: Sun, 06 Sep 2026 15:12:29 GMT  mp3-sync=OK
  206  L05 n13  bytes 0-3/226080  Last-Modified: Sun, 06 Sep 2026 15:12:32 GMT  mp3-sync=OK
  206  L06 n13  bytes 0-3/230976  Last-Modified: Sun, 06 Sep 2026 15:12:35 GMT  mp3-sync=OK
  206  L07 n21  bytes 0-3/242496  Last-Modified: Sun, 06 Sep 2026 15:12:40 GMT  mp3-sync=OK
  206  L07 n13  bytes 0-3/226080  Last-Modified: Sun, 06 Sep 2026 15:12:45 GMT  mp3-sync=OK
  206  L08 n13  bytes 0-3/230976  Last-Modified: Sun, 06 Sep 2026 15:12:48 GMT  mp3-sync=OK

12/12 clips verified HTTP 200/206 with fresh audio.
