
=== RE-NARRATION (changed narrated text only) ===
backup: C:\Users\tshau\Documents\Study Vault\scripts\_sweeps\labels\film-studies-eduqas_backup.json
unit:   film-studies-eduqas / label-sweep
run: 2026-09-06T15:13:54Z  mode: LIVE

9 lessons, 9 clips to regenerate

  L01 (Ollie)  Cinematography: Shot, Angle, Movement and Lighting
      n21: When you use the command word “analyse” or “explain the effect”, a good answer shows a chain of reasoning, not
             -> 516 KB, 44.0s, uploaded
      manifest updated (25 entries)
  L04 (Ada)  Pillow Talk and When Harry Met Sally: The Romantic Comedy
      n22: For the comparative-study question, the most common error is writing two separate single-film analyses side by
             -> 645 KB, 55.0s, uploaded
      manifest updated (26 entries)
  L05 (Ollie)  Contemporary UK Film: Aesthetic Style in Focus
      n13: For a question on aesthetic qualities of UK film, the most common error is describing the film’s story or them
             -> 743 KB, 63.4s, uploaded
      manifest updated (18 entries)
  L05 (Ollie)  Narrative Structure: Plot, Story and Three-Act Form
      n17: For questions on narrative, the most common error is confusing analysis with plot summary. If your answer desc
             -> 675 KB, 57.6s, uploaded
      manifest updated (21 entries)
  L05 (Ollie)  The Hurt Locker: Bigelow's Iraq Thriller
      n23: For the specialist-writing element, practise the three-step move: quote a short fragment of a critical argumen
             -> 356 KB, 30.3s, uploaded
      manifest updated (27 entries)
  L06 (Ada)  Genre, Representation and Spectatorship
      n18: For questions on genre and representation, the most frequent mistake is staying at a general level: “the film 
             -> 657 KB, 56.0s, uploaded
      manifest updated (22 entries)
  L06 (Ada)  Specialist Writing on Film: Reviews, Theory, Cinematography
      n22: For the extended-writing question that involves a source, the most common error is summarising what the critic
             -> 716 KB, 61.1s, uploaded
      manifest updated (26 entries)
  L07 (Ollie)  Comparing Films: Genre, Narrative, Context Side by Side
      n22: The most common failure in comparative answers is writing two parallel single-film paragraphs and calling it a
             -> 711 KB, 60.7s, uploaded
      manifest updated (26 entries)
  L07 (Ollie)  Contexts of Film: Social, Cultural, Historical, Political, Institutional
      n17: For questions on contexts of film, credit goes to a direct, stated link between a contextual factor and a spec
             -> 598 KB, 51.1s, uploaded
      manifest updated (21 entries)

Regenerated 9 clips.

=== VERIFY (ranged GET + freshness) ===
  206  L01 n21  bytes 0-3/528480  Last-Modified: Sun, 06 Sep 2026 15:14:10 GMT  mp3-sync=OK
  206  L04 n22  bytes 0-3/660096  Last-Modified: Sun, 06 Sep 2026 15:14:25 GMT  mp3-sync=OK
  206  L05 n13  bytes 0-3/760896  Last-Modified: Sun, 06 Sep 2026 15:14:37 GMT  mp3-sync=OK
  206  L05 n17  bytes 0-3/691200  Last-Modified: Sun, 06 Sep 2026 15:14:48 GMT  mp3-sync=OK
  206  L05 n23  bytes 0-3/364032  Last-Modified: Sun, 06 Sep 2026 15:14:55 GMT  mp3-sync=OK
  206  L06 n18  bytes 0-3/672480  Last-Modified: Sun, 06 Sep 2026 15:15:08 GMT  mp3-sync=OK
  206  L06 n22  bytes 0-3/733248  Last-Modified: Sun, 06 Sep 2026 15:15:22 GMT  mp3-sync=OK
  206  L07 n22  bytes 0-3/728352  Last-Modified: Sun, 06 Sep 2026 15:15:35 GMT  mp3-sync=OK
  206  L07 n17  bytes 0-3/612864  Last-Modified: Sun, 06 Sep 2026 15:15:47 GMT  mp3-sync=OK

9/9 clips verified HTTP 200/206 with fresh audio.
