
=== RE-NARRATION (changed narrated text only) ===
backup: C:\Users\tshau\Documents\Study Vault\scripts\_sweeps\labels\german_backup.json
unit:   german / label-sweep
run: 2026-09-06T15:20:37Z  mode: LIVE

4 lessons, 4 clips to regenerate

  L01 (Ollie)  Free-Time Activities and Hobbies
      n33: In the writing and speaking exams, a good answer shows a range of vocabulary and tenses . When describing hobb
             -> 248 KB, 21.2s, uploaded
      manifest updated (37 entries)
  L02 (Ada)  Sport and Exercise
      n27: In the writing exam, credit goes to students who use multiple time frames successfully. When writing about spo
             -> 268 KB, 22.9s, uploaded
      manifest updated (31 entries)
  L02 (Ada)  Personality and Character
      n26: In AQA reading and listening papers, personality adjectives appear constantly. Learn them in pairs (freundlich
             -> 278 KB, 23.7s, uploaded
      manifest updated (30 entries)
  L06 (Ada)  Food and Drink
      n27: In the Foundation writing paper, the 50-word response about food often asks you to mention foods you like, dis
             -> 330 KB, 28.1s, uploaded
      manifest updated (31 entries)

Regenerated 4 clips.

=== VERIFY (ranged GET + freshness) ===
  206  L01 n33  bytes 0-3/254304  Last-Modified: Sun, 06 Sep 2026 15:20:54 GMT  mp3-sync=OK
  206  L02 n27  bytes 0-3/274464  Last-Modified: Sun, 06 Sep 2026 15:21:01 GMT  mp3-sync=OK
  206  L02 n26  bytes 0-3/284256  Last-Modified: Sun, 06 Sep 2026 15:21:07 GMT  mp3-sync=OK
  206  L06 n27  bytes 0-3/337824  Last-Modified: Sun, 06 Sep 2026 15:21:14 GMT  mp3-sync=OK

4/4 clips verified HTTP 200/206 with fresh audio.
