
=== RE-NARRATION (changed narrated text only) ===
backup: C:\Users\tshau\Documents\Study Vault\scripts\_sweeps\labels\history-eduqas_backup.json
unit:   history-eduqas / label-sweep
run: 2026-09-06T15:29:27Z  mode: LIVE

19 lessons, 19 clips to regenerate

  L01 (Ollie)  Britain in the early 1950s: austerity and rationing
      n22: For a ‘4 marks — Describe Two Features’ question on post-war austerity, give two distinct features with specif
             -> 566 KB, 48.3s, uploaded
      manifest updated (26 entries)
  L01 (Ollie)  Causes of illness and disease over time
      n18: On questions asking you to explain a cause or consequence, be specific about the time period — a good answer s
             -> 350 KB, 29.9s, uploaded
      manifest updated (22 entries)
  L01 (Ollie)  The power of the medieval papacy
      n21: When answering questions about why the Crusades happened, a good answer shows that you connect the power of th
             -> 334 KB, 28.5s, uploaded
      manifest updated (25 entries)
  L02 (Ada)  Birth of the Crusades: the Council of Clermont, 1095
      n19: For questions on the causes of the First Crusade, you must connect the political context (Seljuk expansion, By
             -> 367 KB, 31.3s, uploaded
      manifest updated (23 entries)
  L03 (Ollie)  Other explorers: Diaz, da Gama, Vespucci and Magellan
      n16: Questions about the explorers often test the 8-mark “Explain Change” type: here you must explain what changed 
             -> 402 KB, 34.3s, uploaded
      manifest updated (20 entries)
  L03 (Ollie)  Nature of crimes: industrial to modern
      n14: The 16-mark thematic change essay is likely to ask how far the nature of crime changed across all three eras. 
             -> 408 KB, 34.8s, uploaded
      manifest updated (18 entries)
  L04 (Ada)  Enforcing law and order: medieval to early modern
      n12: For questions about law enforcement before 1829, a good answer shows that you understand why the system was so
             -> 436 KB, 37.2s, uploaded
      manifest updated (16 entries)
  L04 (Ada)  Life during the Second World War
      n17: For questions about the Final Solution, handle with precision: name the Wannsee Conference (January 1942), the
             -> 382 KB, 32.6s, uploaded
      manifest updated (21 entries)
  L05 (Ollie)  Advances in medical knowledge
      n15: For questions about advances in medical knowledge, you need to be clear about what was new and what it replace
             -> 356 KB, 30.4s, uploaded
      manifest updated (19 entries)
  L06 (Ada)  Life on the Western Front
      n16: For ‘Explain Significance’ questions on a battle like the Somme, always cover significance at the time (the im
             -> 348 KB, 29.7s, uploaded
      manifest updated (20 entries)
  L06 (Ada)  Modern policing: specialisation, technology and community
      n19: For the 8-mark ‘Explain Change’ question on twentieth-century policing, focus on a specific technology (finger
             -> 530 KB, 45.2s, uploaded
      manifest updated (23 entries)
  L06 (Ada)  Crusading orders and castle technology
      n16: When answering questions on the military orders or castle technology, link your knowledge back to the wider cr
             -> 395 KB, 33.7s, uploaded
      manifest updated (20 entries)
  L07 (Ollie)  The changing role of women
      n14: When assessing whether the 1920s truly changed the role of women, a good answer shows that you weigh the genui
             -> 481 KB, 41.0s, uploaded
      manifest updated (18 entries)
  L07 (Ollie)  Methods of punishment: medieval to early modern
      n15: For questions on punishment, a good answer shows that you explain the purpose behind each method, not just des
             -> 350 KB, 29.8s, uploaded
      manifest updated (19 entries)
  L08 (Ada)  Public health: modern Britain
      n13: When answering questions about modern public health, show awareness of the shift in the nature of health probl
             -> 442 KB, 37.7s, uploaded
      manifest updated (17 entries)
  L08 (Ada)  Prison reform: Howard, Fry and the silent and separate systems
      n15: For questions on prison reform, name specific reformers (John Howard, Elizabeth Fry), specific dates (Howard’s
             -> 495 KB, 42.3s, uploaded
      manifest updated (19 entries)
  L10 (Ada)  Themes: continuity and change in British entertainment
      n18: This synthesis lesson is your preparation for the 16-mark thematic change essay. The most common error is trea
             -> 480 KB, 41.0s, uploaded
      manifest updated (22 entries)
  L10 (Ada)  Themes: change and continuity in health and medicine
      n14: For the 16-mark thematic change essay, a good answer shows two things above all else: coverage of all three er
             -> 417 KB, 35.6s, uploaded
      manifest updated (18 entries)
  L10 (Ada)  Themes: continuity and change in twentieth-century Germany
      n17: For 16-mark period essays, use the PEEL paragraph structure for each factor (Point, Evidence, Explain the link
             -> 393 KB, 33.6s, uploaded
      manifest updated (21 entries)

Regenerated 19 clips.

=== VERIFY (ranged GET + freshness) ===
  206  L01 n22  bytes 0-3/579456  Last-Modified: Sun, 06 Sep 2026 15:29:43 GMT  mp3-sync=OK
  206  L01 n18  bytes 0-3/358848  Last-Modified: Sun, 06 Sep 2026 15:29:50 GMT  mp3-sync=OK
  206  L01 n21  bytes 0-3/341856  Last-Modified: Sun, 06 Sep 2026 15:29:57 GMT  mp3-sync=OK
  206  L02 n19  bytes 0-3/375840  Last-Modified: Sun, 06 Sep 2026 15:30:04 GMT  mp3-sync=OK
  206  L03 n16  bytes 0-3/412128  Last-Modified: Sun, 06 Sep 2026 15:30:13 GMT  mp3-sync=OK
  206  L03 n14  bytes 0-3/417600  Last-Modified: Sun, 06 Sep 2026 15:30:21 GMT  mp3-sync=OK
  206  L04 n12  bytes 0-3/446976  Last-Modified: Sun, 06 Sep 2026 15:30:30 GMT  mp3-sync=OK
  206  L04 n17  bytes 0-3/391392  Last-Modified: Sun, 06 Sep 2026 15:30:41 GMT  mp3-sync=OK
  206  L05 n15  bytes 0-3/364320  Last-Modified: Sun, 06 Sep 2026 15:30:50 GMT  mp3-sync=OK
  206  L06 n16  bytes 0-3/356256  Last-Modified: Sun, 06 Sep 2026 15:30:57 GMT  mp3-sync=OK
  206  L06 n19  bytes 0-3/542592  Last-Modified: Sun, 06 Sep 2026 15:31:11 GMT  mp3-sync=OK
  206  L06 n16  bytes 0-3/404928  Last-Modified: Sun, 06 Sep 2026 15:31:20 GMT  mp3-sync=OK
  206  L07 n14  bytes 0-3/492480  Last-Modified: Sun, 06 Sep 2026 15:31:29 GMT  mp3-sync=OK
  206  L07 n15  bytes 0-3/357984  Last-Modified: Sun, 06 Sep 2026 15:31:36 GMT  mp3-sync=OK
  206  L08 n13  bytes 0-3/452736  Last-Modified: Sun, 06 Sep 2026 15:31:44 GMT  mp3-sync=OK
  206  L08 n15  bytes 0-3/507168  Last-Modified: Sun, 06 Sep 2026 15:31:53 GMT  mp3-sync=OK
  206  L10 n18  bytes 0-3/491904  Last-Modified: Sun, 06 Sep 2026 15:32:03 GMT  mp3-sync=OK
  206  L10 n14  bytes 0-3/427104  Last-Modified: Sun, 06 Sep 2026 15:32:11 GMT  mp3-sync=OK
  206  L10 n17  bytes 0-3/402912  Last-Modified: Sun, 06 Sep 2026 15:32:20 GMT  mp3-sync=OK

19/19 clips verified HTTP 200/206 with fresh audio.
