
=== RE-NARRATION (changed narrated text only) ===
backup: C:\Users\tshau\Documents\Study Vault\scripts\_sweeps\labels\history-edexcel_backup.json
unit:   history-edexcel / label-sweep
run: 2026-09-06T15:27:07Z  mode: LIVE

3 lessons, 3 clips to regenerate

  L01 (Ollie)  Russia in 1917: Empire at Breaking Point
      n19: For Paper 3 inference questions on this period, focus on what a source implies about the strain on the regime 
             -> 395 KB, 33.7s, uploaded
      manifest updated (23 entries)
  L03 (Ollie)  The Provisional Government and Dual Power
      n18: For Paper 3 inference questions on the Provisional Government, look for sources that hint at its lack of manda
             -> 445 KB, 37.9s, uploaded
      manifest updated (22 entries)
  L10 (Ada)  Collectivisation and the Attack on the Kulaks
      n17: For Paper 3 inference questions on collectivisation, look for sources that hint at the gap between regime clai
             -> 759 KB, 64.7s, uploaded
      manifest updated (21 entries)

Regenerated 3 clips.

=== VERIFY (ranged GET + freshness) ===
  206  L01 n19  bytes 0-3/404064  Last-Modified: Sun, 06 Sep 2026 15:27:18 GMT  mp3-sync=OK
  206  L03 n18  bytes 0-3/455328  Last-Modified: Sun, 06 Sep 2026 15:27:32 GMT  mp3-sync=OK
  206  L10 n17  bytes 0-3/776736  Last-Modified: Sun, 06 Sep 2026 15:27:44 GMT  mp3-sync=OK

3/3 clips verified HTTP 200/206 with fresh audio.
