
=== RE-NARRATION (changed narrated text only) ===
backup: C:\Users\tshau\Documents\Study Vault\scripts\_sweeps\labels\history_backup.json
unit:   history / label-sweep
run: 2026-09-06T15:22:38Z  mode: LIVE
  L01: fields edited but no narrated text changed -> skip
  L02: fields edited but no narrated text changed -> skip
  L06: fields edited but no narrated text changed -> skip
  L12: fields edited but no narrated text changed -> skip
  L13: fields edited but no narrated text changed -> skip
  L15: fields edited but no narrated text changed -> skip

3 lessons, 3 clips to regenerate

  L01 (Ollie)  The 1920s Boom
      n33: Always discuss both sides of the boom. A good answer shows that you understand it was not shared equally. Give
             -> 234 KB, 19.9s, uploaded
      manifest updated (37 entries)
  L11 (Ollie)  Civil Rights: Segregation & Early Campaigns
      n51: A good answer shows that you understand both the legal and direct-action approaches . The NAACP won court case
             -> 312 KB, 26.6s, uploaded
      manifest updated (55 entries)
  L13 (Ollie)  Kennedy, Johnson & the Great Society
      n43: Questions often ask “how far” Kennedy and Johnson succeeded in reducing poverty. You need balance : acknowledg
             -> 402 KB, 34.3s, uploaded
      manifest updated (53 entries)

Regenerated 3 clips.

=== VERIFY (ranged GET + freshness) ===
  206  L01 n33  bytes 0-3/239328  Last-Modified: Sun, 06 Sep 2026 15:22:47 GMT  mp3-sync=OK
  206  L11 n51  bytes 0-3/319392  Last-Modified: Sun, 06 Sep 2026 15:22:54 GMT  mp3-sync=OK
  206  L13 n43  bytes 0-3/411552  Last-Modified: Sun, 06 Sep 2026 15:23:03 GMT  mp3-sync=OK

3/3 clips verified HTTP 200/206 with fresh audio.
