
=== RE-NARRATION (changed narrated text only) ===
backup: C:\Users\tshau\Documents\Study Vault\scripts\_sweeps\labels\media-studies-aqa_backup.json
unit:   media-studies-aqa / label-sweep
run: 2026-09-06T15:34:50Z  mode: LIVE

3 lessons, 3 clips to regenerate

  L02 (Ada)  Targeting Audiences: Marketing, Trailers and Viral Campaigns
      n19: When a question asks you to explain targeting or marketing techniques, name the specific technique, explain ho
             -> 243 KB, 20.7s, uploaded
      manifest updated (23 entries)
  L03 (Ollie)  Convergence and the Cross-Platform Media Landscape
      n15: When applying Jenkins’ convergence theory in an extended response, do not simply say “convergence means everyt
             -> 325 KB, 27.7s, uploaded
      manifest updated (19 entries)
  L05 (Ollie)  Codes, Conventions, Genre and Intertextuality
      n20: When a question asks you to ‘analyse the codes and conventions’ of a media product, a good answer shows that y
             -> 379 KB, 32.4s, uploaded
      manifest updated (24 entries)

Regenerated 3 clips.

=== VERIFY (ranged GET + freshness) ===
  206  L02 n19  bytes 0-3/248832  Last-Modified: Sun, 06 Sep 2026 15:35:02 GMT  mp3-sync=OK
  206  L03 n15  bytes 0-3/332352  Last-Modified: Sun, 06 Sep 2026 15:35:09 GMT  mp3-sync=OK
  206  L05 n20  bytes 0-3/388224  Last-Modified: Sun, 06 Sep 2026 15:35:17 GMT  mp3-sync=OK

3/3 clips verified HTTP 200/206 with fresh audio.
