
=== RE-NARRATION (changed narrated text only) ===
backup: C:\Users\tshau\Documents\Study Vault\scripts\_sweeps\labels\physical-education-aqa_backup.json
unit:   physical-education-aqa / label-sweep
run: 2026-09-06T15:36:03Z  mode: LIVE

3 lessons, 3 clips to regenerate

  L08 (Ada)  Engagement Patterns and Social Groups
      n21: On a 4 marks — Interpret Data question about engagement patterns, you must do three things: quote a specific f
             -> 686 KB, 58.5s, uploaded
      manifest updated (25 entries)
  L09 (Ollie)  Commercialisation: Sponsorship and the Media
      n19: On a 6-mark ‘Analyse’ question about commercialisation, list-style answers score poorly. Each point should fol
             -> 560 KB, 47.8s, uploaded
      manifest updated (23 entries)
  L10 (Ada)  Technology in Sport
      n19: On a 6-mark ‘Analyse’ question about technology in sport, a common error is describing what technology does wi
             -> 562 KB, 47.9s, uploaded
      manifest updated (23 entries)

Regenerated 3 clips.

=== VERIFY (ranged GET + freshness) ===
  206  L08 n21  bytes 0-3/702144  Last-Modified: Sun, 06 Sep 2026 15:36:17 GMT  mp3-sync=OK
  206  L09 n19  bytes 0-3/573696  Last-Modified: Sun, 06 Sep 2026 15:36:27 GMT  mp3-sync=OK
  206  L10 n19  bytes 0-3/575136  Last-Modified: Sun, 06 Sep 2026 15:36:36 GMT  mp3-sync=OK

3/3 clips verified HTTP 200/206 with fresh audio.
