
=== RE-NARRATION (changed narrated text only) ===
backup: C:\Users\tshau\Documents\Study Vault\scripts\_sweeps\labels\physical-education-ocr_backup.json
unit:   physical-education-ocr / label-sweep
run: 2026-09-06T15:37:23Z  mode: LIVE

5 lessons, 5 clips to regenerate

  L01 (Ollie)  Engagement Patterns in Physical Activity and Sport
      n18: On a 4 marks — Interpret Data question about engagement patterns, you must do three things: quote a specific f
             -> 610 KB, 52.1s, uploaded
      manifest updated (18 entries)
  L09 (Ollie)  Types of Guidance in Sport
      n23: On 6-mark analyse questions about guidance, the most effective structure is: name the guidance type → explain 
             -> 593 KB, 50.6s, uploaded
      manifest updated (23 entries)
  L11 (Ollie)  Principles of Training and FITT
      n19: On a “6-mark Evaluate” question about training principles or a training programme, the most common error is wr
             -> 647 KB, 55.2s, uploaded
      manifest updated (20 entries)
  L13 (Ollie)  Warm Up and Cool Down
      n23: On a “6-mark Evaluate” question about warm-up or cool-down, avoid simply listing components. Credit goes to (a
             -> 632 KB, 53.9s, uploaded
      manifest updated (23 entries)
  L14 (Ada)  Preventing Injury in Physical Activity
      n19: On a “6-mark Evaluate” question about injury prevention, credit goes to (a) range of points, (b) balanced argu
             -> 676 KB, 57.6s, uploaded
      manifest updated (20 entries)

Regenerated 5 clips.

=== VERIFY (ranged GET + freshness) ===
  206  L01 n18  bytes 0-3/624672  Last-Modified: Sun, 06 Sep 2026 15:37:37 GMT  mp3-sync=OK
  206  L09 n23  bytes 0-3/607104  Last-Modified: Sun, 06 Sep 2026 15:37:46 GMT  mp3-sync=OK
  206  L11 n19  bytes 0-3/662976  Last-Modified: Sun, 06 Sep 2026 15:37:55 GMT  mp3-sync=OK
  206  L13 n23  bytes 0-3/646848  Last-Modified: Sun, 06 Sep 2026 15:38:05 GMT  mp3-sync=OK
  206  L14 n19  bytes 0-3/691776  Last-Modified: Sun, 06 Sep 2026 15:38:17 GMT  mp3-sync=OK

5/5 clips verified HTTP 200/206 with fresh audio.
