
=== RE-NARRATION (changed narrated text only) ===
backup: C:\Users\tshau\Documents\Study Vault\scripts\_sweeps\labels\science-ocr-b_backup.json
unit:   science-ocr-b / label-sweep
run: 2026-09-06T15:42:00Z  mode: LIVE

4 lessons, 4 clips to regenerate

  L01 (Ollie)  Radiation: Risks and Benefits
      n23: For 6-mark questions on radiation risk and benefit, credit goes to evaluation: you must identify the specific 
             -> 403 KB, 34.4s, uploaded
      manifest updated (27 entries)
  L02 (Ada)  Cell Structure and How We Know It
      n25: Magnification calculations are reliably examined. The most common mistake is using different units for image s
             -> 384 KB, 32.8s, uploaded
      manifest updated (29 entries)
  L03 (Ollie)  Growth, Development and Stem Cells
      n22: In questions about stem cells and ethics, a good answer shows that you distinguish between scientific argument
             -> 418 KB, 35.6s, uploaded
      manifest updated (26 entries)
  L08 (Ada)  Magnetic Fields and Electric Motors
      n28: The motor effect and Fleming’s left-hand rule are Higher tier only, so skip this tip if you sit the Foundation
             -> 386 KB, 32.9s, uploaded
      manifest updated (32 entries)

Regenerated 4 clips.

=== VERIFY (ranged GET + freshness) ===
  206  L01 n23  bytes 0-3/412704  Last-Modified: Sun, 06 Sep 2026 15:42:09 GMT  mp3-sync=OK
  206  L02 n25  bytes 0-3/393696  Last-Modified: Sun, 06 Sep 2026 15:42:17 GMT  mp3-sync=OK
  206  L03 n22  bytes 0-3/427680  Last-Modified: Sun, 06 Sep 2026 15:42:23 GMT  mp3-sync=OK
  206  L08 n28  bytes 0-3/395136  Last-Modified: Sun, 06 Sep 2026 15:42:29 GMT  mp3-sync=OK

4/4 clips verified HTTP 200/206 with fresh audio.
