
=== RE-NARRATION (changed narrated text only) ===
backup: C:\Users\tshau\Documents\Study Vault\scripts\_sweeps\labels\sociology-aqa_backup.json
unit:   sociology-aqa / label-sweep
run: 2026-09-06T15:44:07Z  mode: LIVE

6 lessons, 6 clips to regenerate

  L01 (Ollie)  Functionalist Theory of Stratification
      n18: On a 12-mark Discuss question about stratification, the most common error is giving only a functionalist accou
             -> 454 KB, 38.7s, uploaded
      manifest updated (18 entries)
  L01 (Ollie)  Functions of Families
      n19: On a 12-mark Discuss question about family functions, the most common mistake is giving a one-sided answer — l
             -> 621 KB, 53.0s, uploaded
      manifest updated (19 entries)
  L03 (Ollie)  Life Chances
      n20: For a 4-mark Describe question on factors affecting life chances, avoid listing all seven factors without deve
             -> 480 KB, 40.9s, uploaded
      manifest updated (20 entries)
  L03 (Ollie)  Education and Capitalism: Bowles and Gintis
      n15: On a 12-mark Discuss about whether schools reproduce inequality, the strongest answers present Bowles and Gint
             -> 360 KB, 30.7s, uploaded
      manifest updated (16 entries)
  L06 (Ada)  Power Relationships: Walby on Patriarchy
      n21: For a 4-mark Describe question on Walby’s six structures of patriarchy, do not simply list all six without exp
             -> 570 KB, 48.6s, uploaded
      manifest updated (21 entries)
  L07 (Ollie)  Researching Stratification, Crime and Inequality
      n21: The most common error on methods questions is evaluating a method generically rather than in context. If a que
             -> 683 KB, 58.3s, uploaded
      manifest updated (21 entries)

Regenerated 6 clips.

=== VERIFY (ranged GET + freshness) ===
  206  L01 n18  bytes 0-3/464832  Last-Modified: Sun, 06 Sep 2026 15:44:19 GMT  mp3-sync=OK
  206  L01 n19  bytes 0-3/635904  Last-Modified: Sun, 06 Sep 2026 15:44:28 GMT  mp3-sync=OK
  206  L03 n20  bytes 0-3/491328  Last-Modified: Sun, 06 Sep 2026 15:44:36 GMT  mp3-sync=OK
  206  L03 n15  bytes 0-3/368928  Last-Modified: Sun, 06 Sep 2026 15:44:43 GMT  mp3-sync=OK
  206  L06 n21  bytes 0-3/583200  Last-Modified: Sun, 06 Sep 2026 15:44:50 GMT  mp3-sync=OK
  206  L07 n21  bytes 0-3/699552  Last-Modified: Sun, 06 Sep 2026 15:45:01 GMT  mp3-sync=OK

6/6 clips verified HTTP 200/206 with fresh audio.
