
=== RE-NARRATION (changed narrated text only) ===
backup: C:\Users\tshau\Documents\Study Vault\scripts\_retrofc\units\religious-studies-aqa__hinduism-beliefs\_backup.json
unit:   religious-studies-aqa / hinduism-beliefs
run: 2026-09-06T05:10:57Z  mode: LIVE
  L04: no narrated field changed -> skip

3 lessons, 9 clips to regenerate

  L01 (Ollie)  Brahman and the Three Features of the Divine
      n8: The Upanishads — philosophical texts at the end of the Vedas — describe three ways in which the divine can be 
             -> 203 KB, 17.3s, uploaded
      n10: 2. Within the heart. The divine is also present within every living being. It dwells in the heart as the inner
             -> 318 KB, 27.1s, uploaded
      n16: These three similar-sounding words mean completely different things. Brahman (capital B, neuter) = ultimate re
             -> 360 KB, 30.7s, uploaded
      n20: Key Fact . The three features of the divine (Brihadaranyaka Upanishad 3.9.1): (1) everywhere as non-personal B
             -> 228 KB, 19.5s, uploaded
      n21: The 6-mark Explain question on Brahman will often ask you to “Explain two ways Hindus understand the nature of
             -> 357 KB, 30.4s, uploaded
      n25: The specification links the Brihadaranyaka Upanishad 3.9.1 to three features of the divine: everywhere as non-
             -> 219 KB, 18.7s, uploaded
      manifest updated (22 entries)
  L02 (Ada)  The Tri-murti, Deities and Avatars
      n19: Krishna is perhaps the most widely worshipped avatar of Vishnu. In the Bhagavad Gita, Krishna teaches the warr
             -> 451 KB, 38.5s, uploaded
      manifest updated (21 entries)
  L03 (Ollie)  Atman, Samsara, Karma and Moksha
      n13: Students often describe karma as “what goes around comes around” or as predetermined fate. The Hindu teaching 
             -> 444 KB, 37.9s, uploaded
      n23: For the 12-mark Evaluate, you must reach a justified conclusion . If the statement is “Karma is the most impor
             -> 283 KB, 24.1s, uploaded
      manifest updated (23 entries)

Regenerated 9 clips.

=== VERIFY (ranged GET + freshness) ===
  206  L01 n8  bytes 0-3/207648  Last-Modified: Sun, 06 Sep 2026 05:11:06 GMT  mp3-sync=OK
  206  L01 n10  bytes 0-3/325728  Last-Modified: Sun, 06 Sep 2026 05:11:14 GMT  mp3-sync=OK
  206  L01 n16  bytes 0-3/368928  Last-Modified: Sun, 06 Sep 2026 05:11:22 GMT  mp3-sync=OK
  206  L01 n20  bytes 0-3/233856  Last-Modified: Sun, 06 Sep 2026 05:11:29 GMT  mp3-sync=OK
  206  L01 n21  bytes 0-3/365184  Last-Modified: Sun, 06 Sep 2026 05:11:36 GMT  mp3-sync=OK
  206  L01 n25  bytes 0-3/224640  Last-Modified: Sun, 06 Sep 2026 05:11:42 GMT  mp3-sync=OK
  206  L02 n19  bytes 0-3/461664  Last-Modified: Sun, 06 Sep 2026 05:11:54 GMT  mp3-sync=OK
  206  L03 n13  bytes 0-3/454752  Last-Modified: Sun, 06 Sep 2026 05:12:09 GMT  mp3-sync=OK
  206  L03 n23  bytes 0-3/289440  Last-Modified: Sun, 06 Sep 2026 05:12:15 GMT  mp3-sync=OK

9/9 clips verified HTTP 200/206 with fresh audio.
