
=== RE-NARRATION (changed narrated text only) ===
backup: C:\Users\tshau\Documents\Study Vault\scripts\_retrofc\units\religious-studies-eduqas__sikhism\_backup.json
unit:   religious-studies-eduqas / sikhism
run: 2026-09-06T08:50:17Z  mode: LIVE

3 lessons, 6 clips to regenerate

  L01 (Ollie)  One God, the Gurus and Sikh Beliefs about Humanity
      n2: At the very heart of Sikhism is an absolute and uncompromising belief in one God. The symbol Ik Onkar (‘There 
             -> 451 KB, 38.5s, uploaded
      n12: Mukti is the Sikh term for liberation — the ultimate spiritual goal. It is understood as the union of the soul
             -> 268 KB, 22.9s, uploaded
      manifest updated (22 entries)
  L02 (Ada)  Worship in the Gurdwara, Langar and Sikh Initiation
      n12: The langar is the community kitchen and free vegetarian meal served in every gurdwara. It was introduced by Gu
             -> 539 KB, 46.0s, uploaded
      n13: Key Fact . Both karah prashad (sacred food shared equally) and langar (free community meal for all) express th
             -> 306 KB, 26.1s, uploaded
      n21: For questions about Sikh worship or the Five Ks, always explain the significance behind each feature rather th
             -> 377 KB, 32.1s, uploaded
      manifest updated (25 entries)
  L03 (Ollie)  Authority, Equality and Sikh Festivals
      n10: Equality is not peripheral to Sikhism — it is central. The Guru Granth Sahib teaches that all people are forme
             -> 330 KB, 28.1s, uploaded
      manifest updated (27 entries)

Regenerated 6 clips.

=== VERIFY (ranged GET + freshness) ===
  206  L01 n2  bytes 0-3/461376  Last-Modified: Sun, 06 Sep 2026 08:50:26 GMT  mp3-sync=OK
  206  L01 n12  bytes 0-3/274464  Last-Modified: Sun, 06 Sep 2026 08:50:31 GMT  mp3-sync=OK
  206  L02 n12  bytes 0-3/552096  Last-Modified: Sun, 06 Sep 2026 08:50:40 GMT  mp3-sync=OK
  206  L02 n13  bytes 0-3/313056  Last-Modified: Sun, 06 Sep 2026 08:50:44 GMT  mp3-sync=OK
  206  L02 n21  bytes 0-3/385632  Last-Modified: Sun, 06 Sep 2026 08:50:50 GMT  mp3-sync=OK
  206  L03 n10  bytes 0-3/337536  Last-Modified: Sun, 06 Sep 2026 08:50:56 GMT  mp3-sync=OK

6/6 clips verified HTTP 200/206 with fresh audio.
