=== APPLY EDITS geography-eduqas/weather-climate-ecosystems  31 edits  LIVE  2026-09-06T04:12:19.662Z
  ok   #0 L1.content_html [MEDIUM] F1: the 2018 cold wave's deepest snow was 57 cm in Gloucestershire; Cumbria was not among the worst hit
  ok   #1 L1.content_html [MEDIUM] F2: the severe spell was December 2010 (coldest UK December on record, −21.2°C at Altnaharra on 2 Dec); the re
  ok   #2 L1.content_html [HIGH] F3: about 5,200 homes flooded across Cumbria and Lancashire, not 5,000+ in Carlisle alone (~2,200 there)
  ok   #18 L1.knowledge_checks[3].q [HIGH] F3: the 5,000 figure is the Cumbria-and-Lancashire total, not Carlisle
  ok   #19 L1.practice_questions[4].marks [HIGH] F3/F4: Desmond flood total is Cumbria+Lancashire; Eunice killed three in the UK (the fourth death was in Irela
  ok   #20 L1.practice_questions[5].marks [MEDIUM] F2: verified December 2010 figures
  ok   #21 L1.practice_questions[5].marks [HIGH] F3/F4: corrected flood total and UK death toll
  PATCH L1: content_html, knowledge_checks, practice_questions
  ok   #3 L2.content_html [MEDIUM] F5: wind speed is not measured in seconds
  ok   #4 L2.exam_tip_html [MEDIUM] F6: house rule - never name the board in student prose
  ok   #22 L2.practice_questions[3].marks [MEDIUM] F7: Seathwaite is in Cumbria, England, so it cannot evidence western Scotland
  ok   #23 L2.flashcard_questions[5].q [MEDIUM] F8: Seathwaite is the wettest inhabited place; Sty Head Tarn and Crib Goch are wetter
  PATCH L2: content_html, exam_tip_html, practice_questions, flashcard_questions
  ok   #5 L3.content_html [MEDIUM] F9: house rule - never name the board in student prose
  PATCH L3: content_html
  ok   #6 L4.content_html [MEDIUM] F10: house rule - never name the board in student prose
  ok   #7 L4.content_html [HIGH] F11: Belo Monte's 11.2 GW cannot power 60 million homes; the developer's claim is 60 million people
  ok   #8 L4.content_html [MEDIUM] F12: the 2018 rejection was made on value-for-money grounds alone
  ok   #9 L4.content_html [MEDIUM] F13: the Environment Agency's 14% figure covers England only
  ok   #10 L4.exam_tip_html [MEDIUM] F14: names the board and invents an examiner claim
  ok   #24 L4.practice_questions[4].marks [MEDIUM] F10: house rule - never name the board
  ok   #25 L4.flashcard_questions[9].q [MEDIUM] F13: Environment Agency data covers England
  ok   #26 L4.flashcard_questions[9].a [MEDIUM] F13: Environment Agency data covers England
  ok   #29 L4.flashcard_questions[7].a [MEDIUM] F12: the rejection was a value-for-money decision
  PATCH L4: content_html, exam_tip_html, practice_questions, flashcard_questions
  ok   #11 L5.content_html [MEDIUM] F15: house rule - never name the board in student prose
  ok   #12 L5.content_html [MEDIUM] F16: no published Brazilian count of 422; Brazil has 76 national parks
  ok   #13 L5.content_html [HIGH] F17: there are no 'Chamã tribal reserves' in Brazil and the World Bank 50% figure is not traceable
  ok   #14 L5.content_html [MEDIUM] F18: Costa Rica took US$4.01bn in 2019; the figure is a national total, not a per-visitor rate
  ok   #15 L5.content_html [MEDIUM] F19: FSC-certified forest is about 160 million hectares, and has never been above 200 million
  ok   #16 L5.content_html [MEDIUM] F15: house rule - never name the board in student prose
  ok   #17 L5.exam_tip_html [MEDIUM] F20: fabricated examiner claim removed
  ok   #27 L5.practice_questions[4].marks [MEDIUM] F18: US$4.01bn is Costa Rica's total 2019 tourism revenue, not ecotourism alone
  ok   #28 L5.knowledge_checks[4].right[2] [MEDIUM] F19: FSC-certified area is about 160 million hectares
  ok   #30 L5.content_html [LOW] A3 ruling: tourism board figure ~47%.
  PATCH L5: content_html, exam_tip_html, practice_questions, knowledge_checks
=== 31 applied, 0 skipped, 5 lessons / 16 fields changed
