
=== RE-NARRATION (changed narrated text only) ===
backup: C:\Users\tshau\Documents\Study Vault\scripts\_retrofc\units\geography-eduqas__weather-climate-ecosystems\_backup.json
unit:   geography-eduqas / weather-climate-ecosystems
run: 2026-09-06T04:12:24Z  mode: LIVE

5 lessons, 18 clips to regenerate

  L01 (Ollie)  UK Weather Patterns
      n5: An air mass is a vast body of air that takes on the temperature and humidity of its source region. Tropical Ma
             -> 403 KB, 34.4s, uploaded
      n10: An anticyclone is the opposite of a depression. Air sinks, warms and dries, so cloud cannot form. Surface pres
             -> 577 KB, 49.2s, uploaded
      n12: Both pressure systems can become hazards. Deep depressions cause storms, gales and surface flooding — Storm De
             -> 420 KB, 35.8s, uploaded
      manifest updated (19 entries)
  L02 (Ada)  UK Climate & Micro-climate
      n12: Climate also varies on a much smaller scale. A micro-climate is the climate of a small area — a school field, 
             -> 382 KB, 32.6s, uploaded
      n17: For 3-mark explain questions, link cause to effect with named places: ‘the prevailing south-westerly wind pick
             -> 349 KB, 29.8s, uploaded
      manifest updated (21 entries)
  L03 (Ollie)  Ecosystems & Biomes
      n12: You need to know one small-scale UK ecosystem. UK hedgerows are an excellent choice because they are everywher
             -> 444 KB, 37.9s, uploaded
      manifest updated (19 entries)
  L04 (Ada)  Human Impacts on Ecosystems
      n2: No ecosystem on Earth is untouched by people. Eight billion humans need food, energy and water, and meeting th
             -> 378 KB, 32.3s, uploaded
      n7: Generating electricity also reshapes ecosystems. The Belo Monte hydroelectric dam in Brazil, completed in 2019
             -> 537 KB, 45.8s, uploaded
      n8: The proposed Swansea Bay tidal lagoon would have produced enough electricity for 155,000 homes for 120 years —
             -> 434 KB, 37.1s, uploaded
      n10: Demand for water transforms whole ecosystems. The Aral Sea in Central Asia shrank to 10% of its 1960 size beca
             -> 456 KB, 38.9s, uploaded
      n15: For 6-mark named-example questions, give a real country and a real number: ‘Brazil has cleared over 80 million
             -> 359 KB, 30.6s, uploaded
      manifest updated (19 entries)
  L05 (Ollie)  Managing Ecosystems Sustainably
      n2: Sustainable management tries to meet human needs today without destroying the ecosystem’s ability to support l
             -> 360 KB, 30.7s, uploaded
      n3: Key Fact . Four common rainforest strategies are National Parks (Brazil has 76 national parks), agro-forestry 
             -> 255 KB, 21.7s, uploaded
      n5: Zoning within National Parks lets governments protect the most fragile areas while allowing controlled use els
             -> 450 KB, 38.4s, uploaded
      n7: Agro-forestry grows useful crops — coffee, cacao, fruit trees — under the shade of a partial forest canopy. Th
             -> 399 KB, 34.1s, uploaded
      n8: Ecotourism is travel that funds conservation and benefits local people. About half of Costa Rica’s visitors co
             -> 441 KB, 37.7s, uploaded
      n10: You must use the same biome as in the ‘ecosystems’ lesson. We chose the African savanna, so the management exa
             -> 521 KB, 44.5s, uploaded
      n15: For 8-mark evaluate questions, judgement earns the marks: rather than just listing strategies, weigh successes
             -> 371 KB, 31.7s, uploaded
      manifest updated (19 entries)

Regenerated 18 clips.

=== VERIFY (ranged GET + freshness) ===
  206  L01 n5  bytes 0-3/412704  Last-Modified: Sun, 06 Sep 2026 04:12:35 GMT  mp3-sync=OK
  206  L01 n10  bytes 0-3/590400  Last-Modified: Sun, 06 Sep 2026 04:12:45 GMT  mp3-sync=OK
  206  L01 n12  bytes 0-3/429984  Last-Modified: Sun, 06 Sep 2026 04:12:52 GMT  mp3-sync=OK
  206  L02 n12  bytes 0-3/391104  Last-Modified: Sun, 06 Sep 2026 04:13:01 GMT  mp3-sync=OK
  206  L02 n17  bytes 0-3/357408  Last-Modified: Sun, 06 Sep 2026 04:13:08 GMT  mp3-sync=OK
  206  L03 n12  bytes 0-3/454752  Last-Modified: Sun, 06 Sep 2026 04:13:18 GMT  mp3-sync=OK
  206  L04 n2  bytes 0-3/387072  Last-Modified: Sun, 06 Sep 2026 04:13:27 GMT  mp3-sync=OK
  206  L04 n7  bytes 0-3/550080  Last-Modified: Sun, 06 Sep 2026 04:13:38 GMT  mp3-sync=OK
  206  L04 n8  bytes 0-3/444672  Last-Modified: Sun, 06 Sep 2026 04:13:49 GMT  mp3-sync=OK
  206  L04 n10  bytes 0-3/467136  Last-Modified: Sun, 06 Sep 2026 04:13:59 GMT  mp3-sync=OK
  206  L04 n15  bytes 0-3/367200  Last-Modified: Sun, 06 Sep 2026 04:14:07 GMT  mp3-sync=OK
  206  L05 n2  bytes 0-3/368640  Last-Modified: Sun, 06 Sep 2026 04:14:18 GMT  mp3-sync=OK
  206  L05 n3  bytes 0-3/260640  Last-Modified: Sun, 06 Sep 2026 04:14:23 GMT  mp3-sync=OK
  206  L05 n5  bytes 0-3/460800  Last-Modified: Sun, 06 Sep 2026 04:14:33 GMT  mp3-sync=OK
  206  L05 n7  bytes 0-3/408672  Last-Modified: Sun, 06 Sep 2026 04:14:42 GMT  mp3-sync=OK
  206  L05 n8  bytes 0-3/451872  Last-Modified: Sun, 06 Sep 2026 04:14:49 GMT  mp3-sync=OK
  206  L05 n10  bytes 0-3/533664  Last-Modified: Sun, 06 Sep 2026 04:15:00 GMT  mp3-sync=OK
  206  L05 n15  bytes 0-3/379872  Last-Modified: Sun, 06 Sep 2026 04:15:09 GMT  mp3-sync=OK

18/18 clips verified HTTP 200/206 with fresh audio.
