
=== RE-NARRATION (changed narrated text only) ===
backup: C:\Users\tshau\Documents\Study Vault\scripts\_retrofc\units\english-literature-aqa__much-ado-about-nothing\_backup.json
unit:   english-literature-aqa / much-ado-about-nothing
run: 2026-09-01T22:30:21Z  mode: LIVE

3 lessons, 5 clips to regenerate

  L02 (Ada)  Acts 1-2: The Merry War & Deceptions
      n5: When Benedick arrives, the merry war begins in earnest. Their exchange in Act 1, Scene 1 is a masterclass in S
             -> 329 KB, 28.1s, uploaded
      manifest updated (23 entries)
  L05 (Ollie)  Act 5: Truth & Resolution
      n5: Shakespeare’s choice to make Dogberry the agent of truth is deliberately ironic. The noble characters — Don Pe
             -> 413 KB, 35.2s, uploaded
      n7: Dogberry consistently uses the wrong words: “comparisons are odorous” (he means “odious”). He also orders his 
             -> 413 KB, 35.2s, uploaded
      n9: Once the truth is revealed, Claudio is stricken with guilt. Leonato imposes a penance: Claudio must publicly m
             -> 299 KB, 25.5s, uploaded
      manifest updated (23 entries)
  L06 (Ada)  Character Analysis
      n12: Hero is often considered the play’s weakest character, but this misses Shakespeare’s point. Hero is silent not
             -> 326 KB, 27.8s, uploaded
      manifest updated (27 entries)

Regenerated 5 clips.

=== VERIFY (ranged GET + freshness) ===
  206  L02 n5  bytes 0-3/336672  Last-Modified: Tue, 01 Sep 2026 22:30:29 GMT  mp3-sync=OK
  206  L05 n5  bytes 0-3/422784  Last-Modified: Tue, 01 Sep 2026 22:30:35 GMT  mp3-sync=OK
  206  L05 n7  bytes 0-3/422496  Last-Modified: Tue, 01 Sep 2026 22:30:41 GMT  mp3-sync=OK
  206  L05 n9  bytes 0-3/305856  Last-Modified: Tue, 01 Sep 2026 22:30:46 GMT  mp3-sync=OK
  206  L06 n12  bytes 0-3/334080  Last-Modified: Tue, 01 Sep 2026 22:30:51 GMT  mp3-sync=OK

5/5 clips verified HTTP 200/206 with fresh audio.
