=== APPLY EDITS history-edexcel/crime-punishment-whitechapel  302 edits  LIVE  2026-09-06T01:01:58.737Z
  ok   #0 L1.content_html [MEDIUM] F1: invented examiner claim removed
  ok   #1 L1.content_html [MEDIUM] F2: invented mark-band claim removed
  ok   #2 L1.exam_tip_html [HIGH] F3: no 8-mark Explain Why exists on this paper; invented band claim removed
  ok   #74 L1.flashcard_questions[9].q [LOW] F4: list answer replaced with a single idea
  ok   #75 L1.flashcard_questions[9].a [LOW] F4: list answer replaced with a single idea
  ok   #98 L1.practice_questions[0].text [MEDIUM] F72: 'Describe two features' is set only on the Whitechapel section; converted to the 4-mark similarity/differ
  ok   #99 L1.practice_questions[0].type [MEDIUM] F72: 'Describe two features' is set only on the Whitechapel section; converted to the 4-mark similarity/differ
  ok   #100 L1.practice_questions[0].marks [MEDIUM] F72: 'Describe two features' is set only on the Whitechapel section; converted to the 4-mark similarity/differ
  ok   #101 L1.practice_questions[1].text [HIGH] F73: this paper sets no 8-mark 'Explain why'; that question is worth 12 marks and carries two stimulus points
  ok   #102 L1.practice_questions[1].type [HIGH] F73: this paper sets no 8-mark 'Explain why'; that question is worth 12 marks and carries two stimulus points
  ok   #103 L1.practice_questions[1].marks [HIGH] F73: this paper sets no 8-mark 'Explain why'; that question is worth 12 marks and carries two stimulus points
  ok   #104 L1.practice_questions[2].text [MEDIUM] F72: 'Describe two features' is set only on the Whitechapel section; converted to the 4-mark similarity/differ
  ok   #105 L1.practice_questions[2].type [MEDIUM] F72: 'Describe two features' is set only on the Whitechapel section; converted to the 4-mark similarity/differ
  ok   #106 L1.practice_questions[2].marks [MEDIUM] F72: 'Describe two features' is set only on the Whitechapel section; converted to the 4-mark similarity/differ
  ok   #107 L1.practice_questions[4].text [MEDIUM] F72: 'Describe two features' is set only on the Whitechapel section; converted to the 4-mark similarity/differ
  ok   #108 L1.practice_questions[4].type [MEDIUM] F72: 'Describe two features' is set only on the Whitechapel section; converted to the 4-mark similarity/differ
  ok   #109 L1.practice_questions[4].marks [MEDIUM] F72: 'Describe two features' is set only on the Whitechapel section; converted to the 4-mark similarity/differ
  ok   #110 L1.practice_questions[5].text [HIGH] F73: this paper sets no 8-mark 'Explain why'; that question is worth 12 marks and carries two stimulus points
  ok   #111 L1.practice_questions[5].type [HIGH] F73: this paper sets no 8-mark 'Explain why'; that question is worth 12 marks and carries two stimulus points
  ok   #112 L1.practice_questions[5].marks [HIGH] F73: this paper sets no 8-mark 'Explain why'; that question is worth 12 marks and carries two stimulus points
  PATCH L1: content_html, exam_tip_html, flashcard_questions, practice_questions
  ok   #3 L2.content_html [MEDIUM] F5: invented examiner claim removed
  ok   #4 L2.content_html [MEDIUM] F6: the one-third figure belongs to the late twelfth century, not the reign of Henry I
  ok   #5 L2.exam_tip_html [HIGH] F7: wrong mark tariff for the Explain Why question
  ok   #6 L2.exam_tip_html [HIGH] F8: this paper sets no 4-mark consequence question
  ok   #76 L2.flashcard_questions[2].q [MEDIUM] F6: figure re-dated
  ok   #113 L2.practice_questions[0].text [MEDIUM] F72: 'Describe two features' is set only on the Whitechapel section; converted to the 4-mark similarity/differ
  ok   #114 L2.practice_questions[0].type [MEDIUM] F72: 'Describe two features' is set only on the Whitechapel section; converted to the 4-mark similarity/differ
  ok   #115 L2.practice_questions[0].marks [MEDIUM] F72: 'Describe two features' is set only on the Whitechapel section; converted to the 4-mark similarity/differ
  ok   #116 L2.practice_questions[1].text [HIGH] F73: this paper sets no 8-mark 'Explain why'; that question is worth 12 marks and carries two stimulus points
  ok   #117 L2.practice_questions[1].type [HIGH] F73: this paper sets no 8-mark 'Explain why'; that question is worth 12 marks and carries two stimulus points
  ok   #118 L2.practice_questions[1].marks [HIGH] F73: this paper sets no 8-mark 'Explain why'; that question is worth 12 marks and carries two stimulus points
  ok   #119 L2.practice_questions[2].text [MEDIUM] F72: 'Describe two features' is set only on the Whitechapel section; converted to the 4-mark similarity/differ
  ok   #120 L2.practice_questions[2].type [MEDIUM] F72: 'Describe two features' is set only on the Whitechapel section; converted to the 4-mark similarity/differ
  ok   #121 L2.practice_questions[2].marks [MEDIUM] F72: 'Describe two features' is set only on the Whitechapel section; converted to the 4-mark similarity/differ
  ok   #122 L2.practice_questions[4].text [MEDIUM] F72: 'Describe two features' is set only on the Whitechapel section; converted to the 4-mark similarity/differ
  ok   #123 L2.practice_questions[4].type [MEDIUM] F72: 'Describe two features' is set only on the Whitechapel section; converted to the 4-mark similarity/differ
  ok   #124 L2.practice_questions[4].marks [MEDIUM] F72: 'Describe two features' is set only on the Whitechapel section; converted to the 4-mark similarity/differ
  ok   #125 L2.practice_questions[5].text [HIGH] F73: this paper sets no 8-mark 'Explain why'; that question is worth 12 marks and carries two stimulus points
  ok   #126 L2.practice_questions[5].type [HIGH] F73: this paper sets no 8-mark 'Explain why'; that question is worth 12 marks and carries two stimulus points
  ok   #127 L2.practice_questions[5].marks [HIGH] F73: this paper sets no 8-mark 'Explain why'; that question is worth 12 marks and carries two stimulus points
  PATCH L2: content_html, exam_tip_html, flashcard_questions, practice_questions
  ok   #7 L3.content_html [MEDIUM] F9: invented examiner claim removed
  ok   #8 L3.content_html [LOW] F10: branding on the thumb was ordered by Henry VII in 1488
  ok   #9 L3.exam_tip_html [HIGH] F11: this paper sets no Explain the Importance question
  ok   #10 L3.conclusion_html [LOW] F12: the three ordeals named accurately
  ok   #128 L3.practice_questions[0].text [MEDIUM] F72: 'Describe two features' is set only on the Whitechapel section; converted to the 4-mark similarity/differ
  ok   #129 L3.practice_questions[0].type [MEDIUM] F72: 'Describe two features' is set only on the Whitechapel section; converted to the 4-mark similarity/differ
  ok   #130 L3.practice_questions[0].marks [MEDIUM] F72: 'Describe two features' is set only on the Whitechapel section; converted to the 4-mark similarity/differ
  ok   #131 L3.practice_questions[1].text [HIGH] F73: this paper sets no 8-mark 'Explain why'; that question is worth 12 marks and carries two stimulus points
  ok   #132 L3.practice_questions[1].type [HIGH] F73: this paper sets no 8-mark 'Explain why'; that question is worth 12 marks and carries two stimulus points
  ok   #133 L3.practice_questions[1].marks [HIGH] F73: this paper sets no 8-mark 'Explain why'; that question is worth 12 marks and carries two stimulus points
  ok   #134 L3.practice_questions[2].text [HIGH] F73: this paper sets no 8-mark 'Explain why'; that question is worth 12 marks and carries two stimulus points
  ok   #135 L3.practice_questions[2].type [HIGH] F73: this paper sets no 8-mark 'Explain why'; that question is worth 12 marks and carries two stimulus points
  ok   #136 L3.practice_questions[2].marks [HIGH] F73: this paper sets no 8-mark 'Explain why'; that question is worth 12 marks and carries two stimulus points
  ok   #137 L3.practice_questions[4].text [MEDIUM] F72: 'Describe two features' is set only on the Whitechapel section; converted to the 4-mark similarity/differ
  ok   #138 L3.practice_questions[4].type [MEDIUM] F72: 'Describe two features' is set only on the Whitechapel section; converted to the 4-mark similarity/differ
  ok   #139 L3.practice_questions[4].marks [MEDIUM] F72: 'Describe two features' is set only on the Whitechapel section; converted to the 4-mark similarity/differ
  ok   #140 L3.practice_questions[5].text [HIGH] F73: this paper sets no 8-mark 'Explain why'; that question is worth 12 marks and carries two stimulus points
  ok   #141 L3.practice_questions[5].type [HIGH] F73: this paper sets no 8-mark 'Explain why'; that question is worth 12 marks and carries two stimulus points
  ok   #142 L3.practice_questions[5].marks [HIGH] F73: this paper sets no 8-mark 'Explain why'; that question is worth 12 marks and carries two stimulus points
  PATCH L3: content_html, exam_tip_html, conclusion_html, practice_questions
  ok   #11 L4.content_html [MEDIUM] F13: invented examiner claim removed
  ok   #12 L4.content_html [MEDIUM] F14: invented examiner claim removed
  ok   #13 L4.content_html [LOW] F15: watchmen were unpaid or low-paid, as this unit says elsewhere
  ok   #14 L4.exam_tip_html [HIGH] F16: this paper sets no Explain the Importance question
  ok   #143 L4.practice_questions[0].text [MEDIUM] F72: 'Describe two features' is set only on the Whitechapel section; converted to the 4-mark similarity/differ
  ok   #144 L4.practice_questions[0].type [MEDIUM] F72: 'Describe two features' is set only on the Whitechapel section; converted to the 4-mark similarity/differ
  ok   #145 L4.practice_questions[0].marks [MEDIUM] F72: 'Describe two features' is set only on the Whitechapel section; converted to the 4-mark similarity/differ
  ok   #146 L4.practice_questions[1].text [HIGH] F73: this paper sets no 8-mark 'Explain why'; that question is worth 12 marks and carries two stimulus points
  ok   #147 L4.practice_questions[1].type [HIGH] F73: this paper sets no 8-mark 'Explain why'; that question is worth 12 marks and carries two stimulus points
  ok   #148 L4.practice_questions[1].marks [HIGH] F73: this paper sets no 8-mark 'Explain why'; that question is worth 12 marks and carries two stimulus points
  ok   #149 L4.practice_questions[2].text [HIGH] F73: this paper sets no 8-mark 'Explain why'; that question is worth 12 marks and carries two stimulus points
  ok   #150 L4.practice_questions[2].type [HIGH] F73: this paper sets no 8-mark 'Explain why'; that question is worth 12 marks and carries two stimulus points
  ok   #151 L4.practice_questions[2].marks [HIGH] F73: this paper sets no 8-mark 'Explain why'; that question is worth 12 marks and carries two stimulus points
  ok   #152 L4.practice_questions[4].text [MEDIUM] F72: 'Describe two features' is set only on the Whitechapel section; converted to the 4-mark similarity/differ
  ok   #153 L4.practice_questions[4].type [MEDIUM] F72: 'Describe two features' is set only on the Whitechapel section; converted to the 4-mark similarity/differ
  ok   #154 L4.practice_questions[4].marks [MEDIUM] F72: 'Describe two features' is set only on the Whitechapel section; converted to the 4-mark similarity/differ
  ok   #155 L4.practice_questions[5].text [HIGH] F73: this paper sets no 8-mark 'Explain why'; that question is worth 12 marks and carries two stimulus points
  ok   #156 L4.practice_questions[5].type [HIGH] F73: this paper sets no 8-mark 'Explain why'; that question is worth 12 marks and carries two stimulus points
  ok   #157 L4.practice_questions[5].marks [HIGH] F73: this paper sets no 8-mark 'Explain why'; that question is worth 12 marks and carries two stimulus points
  PATCH L4: content_html, exam_tip_html, practice_questions
  ok   #15 L5.content_html [MEDIUM] F17: invented examiner claim removed
  ok   #16 L5.content_html [MEDIUM] F18: invented examiner claim removed
  ok   #17 L5.content_html [HIGH] F19: transportation was irregular before the 1718 Act; the two-thirds figure has no support
  ok   #18 L5.exam_tip_html [HIGH] F20: wrong mark tariff
  ok   #77 L5.flashcard_questions[13].q [HIGH] F19: card rebuilt on the corrected fact
  ok   #78 L5.flashcard_questions[13].a [HIGH] F19: card rebuilt on the corrected fact
  ok   #158 L5.practice_questions[0].text [MEDIUM] F72: 'Describe two features' is set only on the Whitechapel section; converted to the 4-mark similarity/differ
  ok   #159 L5.practice_questions[0].type [MEDIUM] F72: 'Describe two features' is set only on the Whitechapel section; converted to the 4-mark similarity/differ
  ok   #160 L5.practice_questions[0].marks [MEDIUM] F72: 'Describe two features' is set only on the Whitechapel section; converted to the 4-mark similarity/differ
  ok   #161 L5.practice_questions[1].text [HIGH] F73: this paper sets no 8-mark 'Explain why'; that question is worth 12 marks and carries two stimulus points
  ok   #162 L5.practice_questions[1].type [HIGH] F73: this paper sets no 8-mark 'Explain why'; that question is worth 12 marks and carries two stimulus points
  ok   #163 L5.practice_questions[1].marks [HIGH] F73: this paper sets no 8-mark 'Explain why'; that question is worth 12 marks and carries two stimulus points
  ok   #164 L5.practice_questions[2].text [HIGH] F73: this paper sets no 8-mark 'Explain why'; that question is worth 12 marks and carries two stimulus points
  ok   #165 L5.practice_questions[2].type [HIGH] F73: this paper sets no 8-mark 'Explain why'; that question is worth 12 marks and carries two stimulus points
  ok   #166 L5.practice_questions[2].marks [HIGH] F73: this paper sets no 8-mark 'Explain why'; that question is worth 12 marks and carries two stimulus points
  ok   #167 L5.practice_questions[3].text [MEDIUM] F72: 'Describe two features' is set only on the Whitechapel section; converted to the 4-mark similarity/differ
  ok   #168 L5.practice_questions[3].type [MEDIUM] F72: 'Describe two features' is set only on the Whitechapel section; converted to the 4-mark similarity/differ
  ok   #169 L5.practice_questions[3].marks [MEDIUM] F72: 'Describe two features' is set only on the Whitechapel section; converted to the 4-mark similarity/differ
  ok   #170 L5.practice_questions[5].text [MEDIUM] F72: 'Describe two features' is set only on the Whitechapel section; converted to the 4-mark similarity/differ
  ok   #171 L5.practice_questions[5].type [MEDIUM] F72: 'Describe two features' is set only on the Whitechapel section; converted to the 4-mark similarity/differ
  ok   #172 L5.practice_questions[5].marks [MEDIUM] F72: 'Describe two features' is set only on the Whitechapel section; converted to the 4-mark similarity/differ
  PATCH L5: content_html, exam_tip_html, flashcard_questions, practice_questions
  ok   #19 L6.content_html [MEDIUM] F21: invented examiner claim removed
  ok   #20 L6.content_html [MEDIUM] F22: invented examiner claim removed
  ok   #21 L6.content_html [LOW] F23: the book is Daemonologie, as the body text spells it
  ok   #22 L6.exam_tip_html [HIGH] F24: wrong mark tariff
  ok   #23 L6.exam_tip_html [LOW] F23: spelling of Daemonologie
  ok   #79 L6.glossary_terms[1].definition [LOW] F23: spelling of Daemonologie
  ok   #80 L6.flashcard_questions[9].q [LOW] F23: spelling of Daemonologie
  ok   #81 L6.flashcard_questions[9].a [LOW] F23: spelling of Daemonologie
  ok   #173 L6.practice_questions[0].text [MEDIUM] F72: 'Describe two features' is set only on the Whitechapel section; converted to the 4-mark similarity/differ
  ok   #174 L6.practice_questions[0].type [MEDIUM] F72: 'Describe two features' is set only on the Whitechapel section; converted to the 4-mark similarity/differ
  ok   #175 L6.practice_questions[0].marks [MEDIUM] F72: 'Describe two features' is set only on the Whitechapel section; converted to the 4-mark similarity/differ
  ok   #176 L6.practice_questions[1].text [HIGH] F73: this paper sets no 8-mark 'Explain why'; that question is worth 12 marks and carries two stimulus points
  ok   #177 L6.practice_questions[1].type [HIGH] F73: this paper sets no 8-mark 'Explain why'; that question is worth 12 marks and carries two stimulus points
  ok   #178 L6.practice_questions[1].marks [HIGH] F73: this paper sets no 8-mark 'Explain why'; that question is worth 12 marks and carries two stimulus points
  ok   #179 L6.practice_questions[2].text [HIGH] F73: this paper sets no 8-mark 'Explain why'; that question is worth 12 marks and carries two stimulus points
  ok   #180 L6.practice_questions[2].type [HIGH] F73: this paper sets no 8-mark 'Explain why'; that question is worth 12 marks and carries two stimulus points
  ok   #181 L6.practice_questions[2].marks [HIGH] F73: this paper sets no 8-mark 'Explain why'; that question is worth 12 marks and carries two stimulus points
  ok   #182 L6.practice_questions[3].text [MEDIUM] F72: 'Describe two features' is set only on the Whitechapel section; converted to the 4-mark similarity/differ
  ok   #183 L6.practice_questions[3].type [MEDIUM] F72: 'Describe two features' is set only on the Whitechapel section; converted to the 4-mark similarity/differ
  ok   #184 L6.practice_questions[3].marks [MEDIUM] F72: 'Describe two features' is set only on the Whitechapel section; converted to the 4-mark similarity/differ
  ok   #185 L6.practice_questions[5].text [HIGH] F73: this paper sets no 8-mark 'Explain why'; that question is worth 12 marks and carries two stimulus points
  ok   #186 L6.practice_questions[5].type [HIGH] F73: this paper sets no 8-mark 'Explain why'; that question is worth 12 marks and carries two stimulus points
  ok   #187 L6.practice_questions[5].marks [HIGH] F73: this paper sets no 8-mark 'Explain why'; that question is worth 12 marks and carries two stimulus points
  PATCH L6: content_html, exam_tip_html, glossary_terms, flashcard_questions, practice_questions
  ok   #24 L7.content_html [MEDIUM] F25: invented examiner claim removed
  ok   #25 L7.content_html [MEDIUM] F26: invented examiner claim removed
  ok   #26 L7.content_html [HIGH] F27: Melbourne was Home Secretary in 1832; Earl Grey was Prime Minister
  ok   #27 L7.content_html [MEDIUM] F28: Gladstone was not Chancellor until 1852; the 1840s cuts were Peel's
  ok   #28 L7.content_html [MEDIUM] F29: no 1722 statute made highway robbery capital; robbery with violence was already a hanging offence
  ok   #29 L7.exam_tip_html [HIGH] F30: Describe two features is set only on the Whitechapel section
  ok   #30 L7.exam_tip_html [HIGH] F31: this paper sets no Explain the Importance question
  ok   #82 L7.glossary_terms[0].definition [MEDIUM] F29: unsupported 1722 date removed
  ok   #83 L7.glossary_terms[5].definition [HIGH] F27: Melbourne's roles corrected
  ok   #84 L7.flashcard_questions[0].a [MEDIUM] F29: unsupported 1722 date removed
  ok   #188 L7.practice_questions[0].text [MEDIUM] F72: 'Describe two features' is set only on the Whitechapel section; converted to the 4-mark similarity/differ
  ok   #189 L7.practice_questions[0].type [MEDIUM] F72: 'Describe two features' is set only on the Whitechapel section; converted to the 4-mark similarity/differ
  ok   #190 L7.practice_questions[0].marks [MEDIUM] F72: 'Describe two features' is set only on the Whitechapel section; converted to the 4-mark similarity/differ
  ok   #191 L7.practice_questions[1].text [HIGH] F73: this paper sets no 8-mark 'Explain why'; that question is worth 12 marks and carries two stimulus points
  ok   #192 L7.practice_questions[1].type [HIGH] F73: this paper sets no 8-mark 'Explain why'; that question is worth 12 marks and carries two stimulus points
  ok   #193 L7.practice_questions[1].marks [HIGH] F73: this paper sets no 8-mark 'Explain why'; that question is worth 12 marks and carries two stimulus points
  ok   #194 L7.practice_questions[2].text [HIGH] F73: this paper sets no 8-mark 'Explain why'; that question is worth 12 marks and carries two stimulus points
  ok   #195 L7.practice_questions[2].type [HIGH] F73: this paper sets no 8-mark 'Explain why'; that question is worth 12 marks and carries two stimulus points
  ok   #196 L7.practice_questions[2].marks [HIGH] F73: this paper sets no 8-mark 'Explain why'; that question is worth 12 marks and carries two stimulus points
  ok   #197 L7.practice_questions[3].text [MEDIUM] F72: 'Describe two features' is set only on the Whitechapel section; converted to the 4-mark similarity/differ
  ok   #198 L7.practice_questions[3].type [MEDIUM] F72: 'Describe two features' is set only on the Whitechapel section; converted to the 4-mark similarity/differ
  ok   #199 L7.practice_questions[3].marks [MEDIUM] F72: 'Describe two features' is set only on the Whitechapel section; converted to the 4-mark similarity/differ
  ok   #200 L7.practice_questions[5].text [MEDIUM] F72: 'Describe two features' is set only on the Whitechapel section; converted to the 4-mark similarity/differ
  ok   #201 L7.practice_questions[5].type [MEDIUM] F72: 'Describe two features' is set only on the Whitechapel section; converted to the 4-mark similarity/differ
  ok   #202 L7.practice_questions[5].marks [MEDIUM] F72: 'Describe two features' is set only on the Whitechapel section; converted to the 4-mark similarity/differ
  PATCH L7: content_html, exam_tip_html, glossary_terms, flashcard_questions, practice_questions
  ok   #31 L8.content_html [MEDIUM] F32: invented examiner claim removed
  ok   #32 L8.content_html [MEDIUM] F33: invented examiner claim removed
  ok   #33 L8.content_html [MEDIUM] F34: Mayne served until 1868; it was Rowan who retired in 1850
  ok   #34 L8.exam_tip_html [HIGH] F35: this paper sets no Explain the Importance question
  ok   #85 L8.glossary_terms[8].definition [MEDIUM] F34: Mayne's dates corrected
  ok   #203 L8.practice_questions[0].text [MEDIUM] F72: 'Describe two features' is set only on the Whitechapel section; converted to the 4-mark similarity/differ
  ok   #204 L8.practice_questions[0].type [MEDIUM] F72: 'Describe two features' is set only on the Whitechapel section; converted to the 4-mark similarity/differ
  ok   #205 L8.practice_questions[0].marks [MEDIUM] F72: 'Describe two features' is set only on the Whitechapel section; converted to the 4-mark similarity/differ
  ok   #206 L8.practice_questions[1].text [HIGH] F73: this paper sets no 8-mark 'Explain why'; that question is worth 12 marks and carries two stimulus points
  ok   #207 L8.practice_questions[1].type [HIGH] F73: this paper sets no 8-mark 'Explain why'; that question is worth 12 marks and carries two stimulus points
  ok   #208 L8.practice_questions[1].marks [HIGH] F73: this paper sets no 8-mark 'Explain why'; that question is worth 12 marks and carries two stimulus points
  ok   #209 L8.practice_questions[2].text [HIGH] F73: this paper sets no 8-mark 'Explain why'; that question is worth 12 marks and carries two stimulus points
  ok   #210 L8.practice_questions[2].type [HIGH] F73: this paper sets no 8-mark 'Explain why'; that question is worth 12 marks and carries two stimulus points
  ok   #211 L8.practice_questions[2].marks [HIGH] F73: this paper sets no 8-mark 'Explain why'; that question is worth 12 marks and carries two stimulus points
  ok   #212 L8.practice_questions[3].text [MEDIUM] F72: 'Describe two features' is set only on the Whitechapel section; converted to the 4-mark similarity/differ
  ok   #213 L8.practice_questions[3].type [MEDIUM] F72: 'Describe two features' is set only on the Whitechapel section; converted to the 4-mark similarity/differ
  ok   #214 L8.practice_questions[3].marks [MEDIUM] F72: 'Describe two features' is set only on the Whitechapel section; converted to the 4-mark similarity/differ
  ok   #215 L8.practice_questions[5].text [MEDIUM] F72: 'Describe two features' is set only on the Whitechapel section; converted to the 4-mark similarity/differ
  ok   #216 L8.practice_questions[5].type [MEDIUM] F72: 'Describe two features' is set only on the Whitechapel section; converted to the 4-mark similarity/differ
  ok   #217 L8.practice_questions[5].marks [MEDIUM] F72: 'Describe two features' is set only on the Whitechapel section; converted to the 4-mark similarity/differ
  PATCH L8: content_html, exam_tip_html, glossary_terms, practice_questions
  ok   #35 L9.content_html [MEDIUM] F36: invented examiner claim removed
  ok   #36 L9.content_html [MEDIUM] F37: the 1774 Act came before the 1777 book, not after it
  ok   #37 L9.content_html [HIGH] F38: Victoria was not queen until 1837 and was a child in the 1820s
  ok   #38 L9.content_html [MEDIUM] F39: Pentonville had four radiating wings and 520 cells
  ok   #39 L9.content_html [MEDIUM] F40: the Hougoumont sailed in 1867 and arrived in January 1868
  ok   #40 L9.exam_tip_html [HIGH] F41: wrong mark tariff
  ok   #86 L9.flashcard_questions[13].a [MEDIUM] F40: arrival date corrected
  ok   #218 L9.practice_questions[0].text [MEDIUM] F72: 'Describe two features' is set only on the Whitechapel section; converted to the 4-mark similarity/differ
  ok   #219 L9.practice_questions[0].type [MEDIUM] F72: 'Describe two features' is set only on the Whitechapel section; converted to the 4-mark similarity/differ
  ok   #220 L9.practice_questions[0].marks [MEDIUM] F72: 'Describe two features' is set only on the Whitechapel section; converted to the 4-mark similarity/differ
  ok   #221 L9.practice_questions[1].text [HIGH] F73: this paper sets no 8-mark 'Explain why'; that question is worth 12 marks and carries two stimulus points
  ok   #222 L9.practice_questions[1].type [HIGH] F73: this paper sets no 8-mark 'Explain why'; that question is worth 12 marks and carries two stimulus points
  ok   #223 L9.practice_questions[1].marks [HIGH] F73: this paper sets no 8-mark 'Explain why'; that question is worth 12 marks and carries two stimulus points
  ok   #224 L9.practice_questions[2].text [MEDIUM] F72: 'Describe two features' is set only on the Whitechapel section; converted to the 4-mark similarity/differ
  ok   #225 L9.practice_questions[2].type [MEDIUM] F72: 'Describe two features' is set only on the Whitechapel section; converted to the 4-mark similarity/differ
  ok   #226 L9.practice_questions[2].marks [MEDIUM] F72: 'Describe two features' is set only on the Whitechapel section; converted to the 4-mark similarity/differ
  ok   #227 L9.practice_questions[3].text [HIGH] F73: this paper sets no 8-mark 'Explain why'; that question is worth 12 marks and carries two stimulus points
  ok   #228 L9.practice_questions[3].type [HIGH] F73: this paper sets no 8-mark 'Explain why'; that question is worth 12 marks and carries two stimulus points
  ok   #229 L9.practice_questions[3].marks [HIGH] F73: this paper sets no 8-mark 'Explain why'; that question is worth 12 marks and carries two stimulus points
  ok   #230 L9.practice_questions[5].text [MEDIUM] F72: 'Describe two features' is set only on the Whitechapel section; converted to the 4-mark similarity/differ
  ok   #231 L9.practice_questions[5].type [MEDIUM] F72: 'Describe two features' is set only on the Whitechapel section; converted to the 4-mark similarity/differ
  ok   #232 L9.practice_questions[5].marks [MEDIUM] F72: 'Describe two features' is set only on the Whitechapel section; converted to the 4-mark similarity/differ
  PATCH L9: content_html, exam_tip_html, flashcard_questions, practice_questions
  ok   #41 L10.content_html [MEDIUM] F42: invented examiner claim in a glossary definition
  ok   #42 L10.content_html [MEDIUM] F43: invented examiner claim removed
  ok   #43 L10.content_html [MEDIUM] F44: invented examiner claim removed
  ok   #44 L10.content_html [MEDIUM] F45: the 1920 Act did not cover cannabis; the seven-per-cent solution is in the 1890 story
  ok   #45 L10.content_html [HIGH] F46: the 1965 Act passed under Frank Soskice; Jenkins became Home Secretary in December 1965 and did not overs
  ok   #46 L10.exam_tip_html [HIGH] F47: wrong mark tariff
  ok   #87 L10.glossary_terms[0].definition [MEDIUM] F42: invented examiner claim removed
  ok   #88 L10.glossary_terms[3].definition [HIGH] F46: Jenkins did not oversee the 1965 abolition of hanging or the 1965 Race Relations Act
  ok   #89 L10.flashcard_questions[7].a [HIGH] F46: attribution corrected
  ok   #233 L10.practice_questions[0].text [MEDIUM] F72: 'Describe two features' is set only on the Whitechapel section; converted to the 4-mark similarity/differ
  ok   #234 L10.practice_questions[0].type [MEDIUM] F72: 'Describe two features' is set only on the Whitechapel section; converted to the 4-mark similarity/differ
  ok   #235 L10.practice_questions[0].marks [MEDIUM] F72: 'Describe two features' is set only on the Whitechapel section; converted to the 4-mark similarity/differ
  ok   #236 L10.practice_questions[1].text [HIGH] F73: this paper sets no 8-mark 'Explain why'; that question is worth 12 marks and carries two stimulus points
  ok   #237 L10.practice_questions[1].type [HIGH] F73: this paper sets no 8-mark 'Explain why'; that question is worth 12 marks and carries two stimulus points
  ok   #238 L10.practice_questions[1].marks [HIGH] F73: this paper sets no 8-mark 'Explain why'; that question is worth 12 marks and carries two stimulus points
  ok   #239 L10.practice_questions[2].text [MEDIUM] F72: 'Describe two features' is set only on the Whitechapel section; converted to the 4-mark similarity/differ
  ok   #240 L10.practice_questions[2].type [MEDIUM] F72: 'Describe two features' is set only on the Whitechapel section; converted to the 4-mark similarity/differ
  ok   #241 L10.practice_questions[2].marks [MEDIUM] F72: 'Describe two features' is set only on the Whitechapel section; converted to the 4-mark similarity/differ
  ok   #242 L10.practice_questions[3].text [MEDIUM] F72: 'Describe two features' is set only on the Whitechapel section; converted to the 4-mark similarity/differ
  ok   #243 L10.practice_questions[3].type [MEDIUM] F72: 'Describe two features' is set only on the Whitechapel section; converted to the 4-mark similarity/differ
  ok   #244 L10.practice_questions[3].marks [MEDIUM] F72: 'Describe two features' is set only on the Whitechapel section; converted to the 4-mark similarity/differ
  ok   #245 L10.practice_questions[4].text [HIGH] F73: this paper sets no 8-mark 'Explain why'; that question is worth 12 marks and carries two stimulus points
  ok   #246 L10.practice_questions[4].type [HIGH] F73: this paper sets no 8-mark 'Explain why'; that question is worth 12 marks and carries two stimulus points
  ok   #247 L10.practice_questions[4].marks [HIGH] F73: this paper sets no 8-mark 'Explain why'; that question is worth 12 marks and carries two stimulus points
  PATCH L10: content_html, exam_tip_html, glossary_terms, flashcard_questions, practice_questions
  ok   #47 L11.content_html [HIGH] F48: Pitchfork was arrested in 1987 and convicted in January 1988
  ok   #48 L11.content_html [HIGH] F48: Pitchfork was convicted in January 1988
  ok   #49 L11.content_html [HIGH] F48: date corrected in the key fact
  ok   #50 L11.content_html [MEDIUM] F49: invented examiner claim removed
  ok   #51 L11.content_html [MEDIUM] F50: the 6,000 figure is for all COs imprisoned, not for absolutists alone
  ok   #52 L11.content_html [MEDIUM] F51: invented examiner claim removed
  ok   #53 L11.content_html [MEDIUM] F52: invented examiner claim removed
  ok   #54 L11.content_html [MEDIUM] F53: Bentley was pardoned in 1993; the conviction was quashed in 1998
  ok   #55 L11.exam_tip_html [HIGH] F54: this paper sets no Explain the Importance question
  ok   #90 L11.knowledge_checks[4].left[2] [HIGH] F48: match date corrected
  ok   #91 L11.flashcard_questions[4].a [HIGH] F48: date corrected
  ok   #92 L11.glossary_terms[3].definition [HIGH] F48: date corrected
  ok   #93 L11.glossary_terms[7].definition [MEDIUM] F53: pardon and quashing dates separated
  ok   #248 L11.practice_questions[0].text [MEDIUM] F72: 'Describe two features' is set only on the Whitechapel section; converted to the 4-mark similarity/differ
  ok   #249 L11.practice_questions[0].type [MEDIUM] F72: 'Describe two features' is set only on the Whitechapel section; converted to the 4-mark similarity/differ
  ok   #250 L11.practice_questions[0].marks [MEDIUM] F72: 'Describe two features' is set only on the Whitechapel section; converted to the 4-mark similarity/differ
  ok   #251 L11.practice_questions[1].text [HIGH] F73: this paper sets no 8-mark 'Explain why'; that question is worth 12 marks and carries two stimulus points
  ok   #252 L11.practice_questions[1].type [HIGH] F73: this paper sets no 8-mark 'Explain why'; that question is worth 12 marks and carries two stimulus points
  ok   #253 L11.practice_questions[1].marks [HIGH] F73: this paper sets no 8-mark 'Explain why'; that question is worth 12 marks and carries two stimulus points
  ok   #254 L11.practice_questions[2].text [MEDIUM] F72: 'Describe two features' is set only on the Whitechapel section; converted to the 4-mark similarity/differ
  ok   #255 L11.practice_questions[2].type [MEDIUM] F72: 'Describe two features' is set only on the Whitechapel section; converted to the 4-mark similarity/differ
  ok   #256 L11.practice_questions[2].marks [MEDIUM] F72: 'Describe two features' is set only on the Whitechapel section; converted to the 4-mark similarity/differ
  ok   #257 L11.practice_questions[3].text [HIGH] F73: this paper sets no 8-mark 'Explain why'; that question is worth 12 marks and carries two stimulus points
  ok   #258 L11.practice_questions[3].type [HIGH] F73: this paper sets no 8-mark 'Explain why'; that question is worth 12 marks and carries two stimulus points
  ok   #259 L11.practice_questions[3].marks [HIGH] F73: this paper sets no 8-mark 'Explain why'; that question is worth 12 marks and carries two stimulus points
  ok   #260 L11.practice_questions[4].text [MEDIUM] F72: 'Describe two features' is set only on the Whitechapel section; converted to the 4-mark similarity/differ
  ok   #261 L11.practice_questions[4].type [MEDIUM] F72: 'Describe two features' is set only on the Whitechapel section; converted to the 4-mark similarity/differ
  ok   #262 L11.practice_questions[4].marks [MEDIUM] F72: 'Describe two features' is set only on the Whitechapel section; converted to the 4-mark similarity/differ
  PATCH L11: content_html, exam_tip_html, knowledge_checks, flashcard_questions, glossary_terms, practice_questions
  ok   #56 L12.content_html [MEDIUM] F55: invented examiner claim removed
  ok   #57 L12.content_html [MEDIUM] F56: invented mark claim removed
  ok   #58 L12.content_html [MEDIUM] F57: invented examiner claim removed
  ok   #59 L12.content_html [MEDIUM] F58: Vallance Road was still Baker's Row in 1888; the second building named is the union infirmary
  ok   #60 L12.exam_tip_html [HIGH] F59: this paper sets no 12-mark historic environment essay
  ok   #263 L12.practice_questions[1].text [HIGH] F73: this paper sets no 8-mark 'Explain why'; that question is worth 12 marks and carries two stimulus points
  ok   #264 L12.practice_questions[1].type [HIGH] F73: this paper sets no 8-mark 'Explain why'; that question is worth 12 marks and carries two stimulus points
  ok   #265 L12.practice_questions[1].marks [HIGH] F73: this paper sets no 8-mark 'Explain why'; that question is worth 12 marks and carries two stimulus points
  ok   #266 L12.practice_questions[2].text [HIGH] F74: the source question supplies two sources; a single composed source with an invented archive provenance is
  ok   #267 L12.practice_questions[2].type [HIGH] F74: the source question supplies two sources; a single composed source with an invented archive provenance is
  ok   #268 L12.practice_questions[2].marks [HIGH] F74: the source question supplies two sources; a single composed source with an invented archive provenance is
  ok   #269 L12.practice_questions[3].text [HIGH] F75: the follow-up question is set on Source B and asks for a detail, a question, a source type and how it wou
  ok   #270 L12.practice_questions[3].type [HIGH] F75: the follow-up question is set on Source B and asks for a detail, a question, a source type and how it wou
  ok   #271 L12.practice_questions[3].marks [HIGH] F75: the follow-up question is set on Source B and asks for a detail, a question, a source type and how it wou
  ok   #272 L12.practice_questions[4].text [HIGH] F76: the Whitechapel section carries no 12-mark essay; converted to the 4-mark describe-two-features question
  ok   #273 L12.practice_questions[4].type [HIGH] F76: the Whitechapel section carries no 12-mark essay; converted to the 4-mark describe-two-features question
  ok   #274 L12.practice_questions[4].marks [HIGH] F76: the Whitechapel section carries no 12-mark essay; converted to the 4-mark describe-two-features question
  PATCH L12: content_html, exam_tip_html, practice_questions
  ok   #61 L13.content_html [MEDIUM] F60: invented examiner claim removed
  ok   #62 L13.content_html [MEDIUM] F61: invented examiner claim removed
  ok   #63 L13.exam_tip_html [HIGH] F62: this paper sets no 12-mark historic environment essay
  ok   #275 L13.practice_questions[1].text [HIGH] F73: this paper sets no 8-mark 'Explain why'; that question is worth 12 marks and carries two stimulus points
  ok   #276 L13.practice_questions[1].type [HIGH] F73: this paper sets no 8-mark 'Explain why'; that question is worth 12 marks and carries two stimulus points
  ok   #277 L13.practice_questions[1].marks [HIGH] F73: this paper sets no 8-mark 'Explain why'; that question is worth 12 marks and carries two stimulus points
  ok   #278 L13.practice_questions[2].text [HIGH] F74: the source question supplies two sources; a single composed source with an invented archive provenance is
  ok   #279 L13.practice_questions[2].type [HIGH] F74: the source question supplies two sources; a single composed source with an invented archive provenance is
  ok   #280 L13.practice_questions[2].marks [HIGH] F74: the source question supplies two sources; a single composed source with an invented archive provenance is
  ok   #281 L13.practice_questions[3].text [HIGH] F75: the follow-up question is set on Source B and asks for a detail, a question, a source type and how it wou
  ok   #282 L13.practice_questions[3].type [HIGH] F75: the follow-up question is set on Source B and asks for a detail, a question, a source type and how it wou
  ok   #283 L13.practice_questions[3].marks [HIGH] F75: the follow-up question is set on Source B and asks for a detail, a question, a source type and how it wou
  ok   #284 L13.practice_questions[4].text [HIGH] F76: the Whitechapel section carries no 12-mark essay; converted to the 4-mark describe-two-features question
  ok   #285 L13.practice_questions[4].type [HIGH] F76: the Whitechapel section carries no 12-mark essay; converted to the 4-mark describe-two-features question
  ok   #286 L13.practice_questions[4].marks [HIGH] F76: the Whitechapel section carries no 12-mark essay; converted to the 4-mark describe-two-features question
  ok   #287 L13.practice_questions[5].text [HIGH] F77: the 16-mark judgement question belongs to the thematic section, not the Whitechapel section
  ok   #288 L13.practice_questions[5].type [HIGH] F77: the 16-mark judgement question belongs to the thematic section, not the Whitechapel section
  ok   #289 L13.practice_questions[5].marks [HIGH] F77: the 16-mark judgement question belongs to the thematic section, not the Whitechapel section
  PATCH L13: content_html, exam_tip_html, practice_questions
  ok   #64 L14.content_html [MEDIUM] F63: Stride was not mutilated; Kelly rented a room, not a lodging-house bed
  ok   #65 L14.content_html [HIGH] F64: Eddowes was photographed at the mortuary; the in-situ crime-scene photograph is Kelly's
  ok   #66 L14.content_html [HIGH] F64: the crime-scene photograph was Kelly's, at Miller's Court
  ok   #67 L14.content_html [MEDIUM] F65: PC Alfred Long of the Met found the apron piece and the writing
  ok   #68 L14.content_html [LOW] F66: Abberline was a Central Office inspector seconded back to Whitechapel
  ok   #69 L14.content_html [LOW] F67: garbled clause removed
  ok   #70 L14.content_html [MEDIUM] F68: invented examiner claim removed
  ok   #71 L14.content_html [MEDIUM] F69: mark-scheme claim replaced with house wording
  ok   #72 L14.content_html [MEDIUM] F70: invented examiner claim removed
  ok   #73 L14.exam_tip_html [HIGH] F71: this paper sets no 12-mark historic environment essay
  ok   #94 L14.glossary_terms[1].definition [LOW] F66: Abberline's post corrected
  ok   #95 L14.flashcard_questions[4].a [LOW] F66: Abberline's post corrected
  ok   #96 L14.flashcard_questions[14].q [MEDIUM] F69: mark-scheme claim replaced
  ok   #97 L14.flashcard_questions[14].a [MEDIUM] F69: mark-scheme claim replaced
  ok   #290 L14.practice_questions[1].text [HIGH] F74: the source question supplies two sources; a single composed source with an invented archive provenance is
  ok   #291 L14.practice_questions[1].type [HIGH] F74: the source question supplies two sources; a single composed source with an invented archive provenance is
  ok   #292 L14.practice_questions[1].marks [HIGH] F74: the source question supplies two sources; a single composed source with an invented archive provenance is
  ok   #293 L14.practice_questions[2].text [HIGH] F75: the follow-up question is set on Source B and asks for a detail, a question, a source type and how it wou
  ok   #294 L14.practice_questions[2].type [HIGH] F75: the follow-up question is set on Source B and asks for a detail, a question, a source type and how it wou
  ok   #295 L14.practice_questions[2].marks [HIGH] F75: the follow-up question is set on Source B and asks for a detail, a question, a source type and how it wou
  ok   #296 L14.practice_questions[3].text [HIGH] F76: the Whitechapel section carries no 12-mark essay; converted to the 4-mark describe-two-features question
  ok   #297 L14.practice_questions[3].type [HIGH] F76: the Whitechapel section carries no 12-mark essay; converted to the 4-mark describe-two-features question
  ok   #298 L14.practice_questions[3].marks [HIGH] F76: the Whitechapel section carries no 12-mark essay; converted to the 4-mark describe-two-features question
  ok   #299 L14.practice_questions[4].text [HIGH] F77: the 16-mark judgement question belongs to the thematic section, not the Whitechapel section
  ok   #300 L14.practice_questions[4].type [HIGH] F77: the 16-mark judgement question belongs to the thematic section, not the Whitechapel section
  ok   #301 L14.practice_questions[4].marks [HIGH] F77: the 16-mark judgement question belongs to the thematic section, not the Whitechapel section
  PATCH L14: content_html, exam_tip_html, glossary_terms, flashcard_questions, practice_questions
=== 302 applied, 0 skipped, 14 lessons / 59 fields changed
