
=== RE-NARRATION (changed narrated text only) ===
backup: C:\Users\tshau\Documents\Study Vault\scripts\_retrofc\units\history-edexcel__crime-punishment-whitechapel\_backup.json
unit:   history-edexcel / crime-punishment-whitechapel
run: 2026-09-06T01:02:03Z  mode: LIVE

14 lessons, 61 clips to regenerate

  L01 (Ollie)  Anglo-Saxon crime, communities and the wergild
      n8: It is tempting to describe the hue and cry as if it were a uniform, nationwide police force. It was not. Wheth
             -> 334 KB, 28.5s, uploaded
      n14: A common error is to describe wergild as a fine paid to the king or to the courts. It was not. It was compensa
             -> 313 KB, 26.7s, uploaded
      n19: For the 16-mark ‘Make and Defend a Judgement’ question on this period, signpost your judgement in the introduc
             -> 417 KB, 35.6s, uploaded
      manifest updated (23 entries)
  L02 (Ada)  The Norman Conquest and William's Forest Laws
      n6: From 1071 onwards, William and his sons designated huge areas of woodland and farmland as royal forest . Under
             -> 259 KB, 22.1s, uploaded
      n9: Modern students often dismiss poaching as a small offence. Under Norman Forest Law it was anything but minor. 
             -> 388 KB, 33.1s, uploaded
      n19: For the 12-mark ‘Explain Why’ question on the Norman Conquest, do not write a description of life under Willia
             -> 505 KB, 43.1s, uploaded
      manifest updated (23 entries)
  L03 (Ollie)  The Church, sanctuary and trial by ordeal
      n7: Over time, however, criminals memorised the verse. By the later Middle Ages anyone who could recite the so-cal
             -> 266 KB, 22.7s, uploaded
      n8: Students often write that Benefit of Clergy was reserved for ordained priests, monks and nuns. In strict theor
             -> 410 KB, 34.9s, uploaded
      n21: For the 12-mark ‘Explain Why’ question on the Church, focus on what difference the Church made — do not just d
             -> 451 KB, 38.5s, uploaded
      n24: Trial by ordeal — hot iron, cold water and hot water — relied on clergy pronouncing God’s judgement; people be
             -> 109 KB, 9.3s, uploaded
      manifest updated (25 entries)
  L04 (Ada)  Early modern crime: heresy, treason and witchcraft
      n7: Students often blur heresy and treason together because both could be punished by death and both featured in t
             -> 389 KB, 33.2s, uploaded
      n12: Students often assume that wandering and begging were always criminal. They were not. In the medieval period, 
             -> 425 KB, 36.3s, uploaded
      n18: Alongside these new crimes, much of the older system continued. Tithings and the hue and cry persisted in many
             -> 382 KB, 32.6s, uploaded
      n20: For the 12-mark ‘Explain Why’ question on the 1547 Vagrancy Act or the 1542 Witchcraft Act, focus on what the 
             -> 519 KB, 44.3s, uploaded
      manifest updated (24 entries)
  L05 (Ollie)  The Gunpowder Plot and the start of the Bloody Code
      n4: Students sometimes describe town watchmen as the start of professional policing. They were not. Watchmen were 
             -> 388 KB, 33.1s, uploaded
      n10: Transportation was not soft. Conditions on the Atlantic crossing were dangerous; many died. Indentured labour 
             -> 419 KB, 35.8s, uploaded
      n15: The Bloody Code is sometimes described as a purely eighteenth-century phenomenon. It is more accurate to say i
             -> 333 KB, 28.4s, uploaded
      n23: For the 12-mark ‘Explain Why’ question on the Gunpowder Plot, do not just narrate what happened. Explain why t
             -> 459 KB, 39.2s, uploaded
      manifest updated (27 entries)
  L06 (Ada)  Matthew Hopkins and the witch-hunts of 1645–47
      n8: Students often describe Hopkins as if he held a royal or parliamentary commission. He did not. The title ‘Witc
             -> 419 KB, 35.8s, uploaded
      n12: A common error is to picture English witches dying at the stake. They did not. In England, witches convicted u
             -> 364 KB, 31.0s, uploaded
      n20: For the 12-mark ‘Explain Why’ question on the witch-hunts of 1645–47, do not just describe the methods. Explai
             -> 505 KB, 43.1s, uploaded
      manifest updated (24 entries)
  L07 (Ollie)  Eighteenth- and nineteenth-century crime: highwaymen, smugglers and protest
      n6: Students who lean on Victorian novels often glamorise highwaymen as polite, well-dressed robbers who only stol
             -> 390 KB, 33.3s, uploaded
      n9: Historians describe this as social crime — crime in law that is accepted, or even popular, in the wider commun
             -> 431 KB, 36.8s, uploaded
      n13: Students often assume that the 1736 Act marked a moment when British people, top and bottom of society, stoppe
             -> 408 KB, 34.8s, uploaded
      n15: The 1799 and 1800 Combination Acts banned workers from combining to demand higher wages. They were repealed in
             -> 470 KB, 40.1s, uploaded
      n22: On any question about the Tolpuddle Martyrs, do not muddle the law: they were charged under the 1797 Unlawful 
             -> 546 KB, 46.6s, uploaded
      manifest updated (26 entries)
  L08 (Ada)  Robert Peel and the birth of the Metropolitan Police
      n7: Students often claim that Robert Peel invented organised policing in 1829. He did not. Tithings, parish consta
             -> 458 KB, 39.1s, uploaded
      n15: It is tempting to imagine the new police were welcomed at once. They were not. Many Londoners ridiculed them a
             -> 446 KB, 38.0s, uploaded
      n20: For the 12-mark ‘Explain Why’ question on the 1829 Metropolitan Police Act, do not just describe the new force
             -> 543 KB, 46.3s, uploaded
      manifest updated (24 entries)
  L09 (Ollie)  Ending the Bloody Code: Howard, Fry and Pentonville
      n6: Howard’s recommendations were practical. Prisoners should be paid for, not extort fees. They should be classif
             -> 410 KB, 35.0s, uploaded
      n10: Fry’s response was to set up a school inside the prison for the children, to bring sewing work for the women, 
             -> 550 KB, 46.9s, uploaded
      n11: Modern students often hear ‘reform’ and think therapy — counselling, education, addiction treatment. For Howar
             -> 396 KB, 33.8s, uploaded
      n15: In 1842 Pentonville opened in north London. Designed by Joshua Jebb, it was a radial prison: four wings of sin
             -> 257 KB, 22.0s, uploaded
      n21: Two long-running punishments ended in 1868. Public execution was abolished by the Capital Punishment Amendment
             -> 582 KB, 49.7s, uploaded
      n22: For the 12-mark ‘Explain Why’ question on the ending of public execution, do not just describe the 1868 Act — 
             -> 543 KB, 46.3s, uploaded
      manifest updated (26 entries)
  L10 (Ada)  Modern crime: drugs, driving and race crimes
      n11: Recreational use of opium and cocaine was legal in Britain until 1920, and cannabis was brought under control 
             -> 421 KB, 35.9s, uploaded
      n14: That changed under Harold Wilson’s Labour governments. The Race Relations Act 1965, taken through Parliament b
             -> 388 KB, 33.1s, uploaded
      n20: The Computer Misuse Act 1990 did create genuinely new offences — unauthorised access to a computer system did 
             -> 403 KB, 34.4s, uploaded
      n21: For the 12-mark ‘Explain Why’ question on the rise of motoring offences, organise your answer by reasons (tech
             -> 578 KB, 49.3s, uploaded
      manifest updated (25 entries)
  L11 (Ollie)  Modern policing, the death penalty and the Bentley case
      n6: Scientific tools transformed detection. The Metropolitan Police adopted a fingerprint bureau in 1901, after Si
             -> 566 KB, 48.3s, uploaded
      n7: Key Fact . Key dates in policing science: 1901 Met fingerprint bureau; 1934 first police radio trial; 1974 Pol
             -> 284 KB, 24.2s, uploaded
      n10: Anti-Social Behaviour Orders (ASBOs), introduced by the Crime and Disorder Act 1998, were civil orders, not cr
             -> 435 KB, 37.1s, uploaded
      n15: War created a peculiar new category of offender. Conscientious Objectors (COs) were people who refused to figh
             -> 511 KB, 43.6s, uploaded
      n16: Treatment in the Second World War was much more lenient. The 1939 National Service (Armed Forces) Act expected
             -> 305 KB, 26.1s, uploaded
      n21: The Bentley case did not abolish capital punishment in 1953. It took twelve more years and additional controve
             -> 472 KB, 40.3s, uploaded
      n22: For the 12-mark ‘Explain Why’ question on the Derek Bentley case, do not just retell the facts — explain why i
             -> 493 KB, 42.0s, uploaded
      manifest updated (26 entries)
  L12 (Ada)  Whitechapel 1888: housing, poverty and the inner city
      n8: Students often confuse the Whitechapel workhouse with a lodging house. They were not the same. The workhouse w
             -> 429 KB, 36.6s, uploaded
      n11: For the poorest, the next stop was the workhouse. The Whitechapel Union workhouse at South Grove in Mile End t
             -> 348 KB, 29.7s, uploaded
      n15: It is tempting to read Whitechapel in 1888 as a wholly migrant area — but the majority of its 78,000 residents
             -> 446 KB, 38.0s, uploaded
      n19: The Whitechapel section of this paper is worth 16 marks in all: a 4-mark ‘Describe two features of’ question, 
             -> 518 KB, 44.2s, uploaded
      manifest updated (23 entries)
  L13 (Ollie)  Policing Whitechapel: H Division and the beat constable
      n8: Students often assume that, by 1888, beat constables were highly trained professionals. They were not. Recruit
             -> 396 KB, 33.8s, uploaded
      n17: The Whitechapel section carries a 4-mark ‘Describe two features of’ question, an 8-mark question on the useful
             -> 552 KB, 47.1s, uploaded
      manifest updated (21 entries)
  L14 (Ada)  Investigating the Ripper: detection, sources and the press
      n2: Between 31 August and 9 November 1888, five women were murdered in or around Whitechapel by an unidentified ki
             -> 612 KB, 52.2s, uploaded
      n6: Detectives interviewed witnesses door-to-door across Whitechapel, taking written statements that survive in th
             -> 538 KB, 45.9s, uploaded
      n9: In the early hours of 30 September 1888 — the ‘double event’ — a piece of Catherine Eddowes’ bloodstained apro
             -> 346 KB, 29.6s, uploaded
      n11: A common error is to assume Victorian police routinely circulated photographs of suspects. They did not. Photo
             -> 361 KB, 30.8s, uploaded
      n17: The pressure of the autumn of terror ended Sir Charles Warren’s command of the Met. After a sustained press ca
             -> 230 KB, 19.6s, uploaded
      n19: Whitechapel matters to GCSE History because it requires students to handle real Victorian sources. Local sourc
             -> 625 KB, 53.3s, uploaded
      n20: A frequent error is to judge a source’s usefulness purely on provenance — ‘it’s a sensational newspaper, so it
             -> 385 KB, 32.9s, uploaded
      n21: Key Fact . A source’s usefulness depends on the enquiry. A police casebook is excellent for what officers actu
             -> 240 KB, 20.4s, uploaded
      n22: The 8-mark question gives you two sources and asks how useful they are for one named enquiry: weave content, p
             -> 378 KB, 32.3s, uploaded
      manifest updated (26 entries)

Regenerated 61 clips.

=== VERIFY (ranged GET + freshness) ===
  206  L01 n8  bytes 0-3/341568  Last-Modified: Sun, 06 Sep 2026 01:02:12 GMT  mp3-sync=OK
  206  L01 n14  bytes 0-3/320832  Last-Modified: Sun, 06 Sep 2026 01:02:18 GMT  mp3-sync=OK
  206  L01 n19  bytes 0-3/427104  Last-Modified: Sun, 06 Sep 2026 01:02:23 GMT  mp3-sync=OK
  206  L02 n6  bytes 0-3/265536  Last-Modified: Sun, 06 Sep 2026 01:02:28 GMT  mp3-sync=OK
  206  L02 n9  bytes 0-3/397152  Last-Modified: Sun, 06 Sep 2026 01:02:33 GMT  mp3-sync=OK
  206  L02 n19  bytes 0-3/516672  Last-Modified: Sun, 06 Sep 2026 01:02:40 GMT  mp3-sync=OK
  206  L03 n7  bytes 0-3/272448  Last-Modified: Sun, 06 Sep 2026 01:02:44 GMT  mp3-sync=OK
  206  L03 n8  bytes 0-3/419328  Last-Modified: Sun, 06 Sep 2026 01:02:50 GMT  mp3-sync=OK
  206  L03 n21  bytes 0-3/462240  Last-Modified: Sun, 06 Sep 2026 01:02:56 GMT  mp3-sync=OK
  206  L03 n24  bytes 0-3/111456  Last-Modified: Sun, 06 Sep 2026 01:02:58 GMT  mp3-sync=OK
  206  L04 n7  bytes 0-3/398016  Last-Modified: Sun, 06 Sep 2026 01:03:05 GMT  mp3-sync=OK
  206  L04 n12  bytes 0-3/435456  Last-Modified: Sun, 06 Sep 2026 01:03:11 GMT  mp3-sync=OK
  206  L04 n18  bytes 0-3/391680  Last-Modified: Sun, 06 Sep 2026 01:03:17 GMT  mp3-sync=OK
  206  L04 n20  bytes 0-3/531072  Last-Modified: Sun, 06 Sep 2026 01:03:23 GMT  mp3-sync=OK
  206  L05 n4  bytes 0-3/397728  Last-Modified: Sun, 06 Sep 2026 01:03:29 GMT  mp3-sync=OK
  206  L05 n10  bytes 0-3/429120  Last-Modified: Sun, 06 Sep 2026 01:03:35 GMT  mp3-sync=OK
  206  L05 n15  bytes 0-3/340704  Last-Modified: Sun, 06 Sep 2026 01:03:40 GMT  mp3-sync=OK
  206  L05 n23  bytes 0-3/470016  Last-Modified: Sun, 06 Sep 2026 01:03:47 GMT  mp3-sync=OK
  206  L06 n8  bytes 0-3/429408  Last-Modified: Sun, 06 Sep 2026 01:03:53 GMT  mp3-sync=OK
  206  L06 n12  bytes 0-3/372384  Last-Modified: Sun, 06 Sep 2026 01:04:00 GMT  mp3-sync=OK
  206  L06 n20  bytes 0-3/517248  Last-Modified: Sun, 06 Sep 2026 01:04:07 GMT  mp3-sync=OK
  206  L07 n6  bytes 0-3/399744  Last-Modified: Sun, 06 Sep 2026 01:04:13 GMT  mp3-sync=OK
  206  L07 n9  bytes 0-3/441216  Last-Modified: Sun, 06 Sep 2026 01:04:20 GMT  mp3-sync=OK
  206  L07 n13  bytes 0-3/417312  Last-Modified: Sun, 06 Sep 2026 01:04:26 GMT  mp3-sync=OK
  206  L07 n15  bytes 0-3/481248  Last-Modified: Sun, 06 Sep 2026 01:04:33 GMT  mp3-sync=OK
  206  L07 n22  bytes 0-3/559296  Last-Modified: Sun, 06 Sep 2026 01:04:40 GMT  mp3-sync=OK
  206  L08 n7  bytes 0-3/469152  Last-Modified: Sun, 06 Sep 2026 01:04:47 GMT  mp3-sync=OK
  206  L08 n15  bytes 0-3/456192  Last-Modified: Sun, 06 Sep 2026 01:04:53 GMT  mp3-sync=OK
  206  L08 n20  bytes 0-3/555840  Last-Modified: Sun, 06 Sep 2026 01:05:01 GMT  mp3-sync=OK
  206  L09 n6  bytes 0-3/419616  Last-Modified: Sun, 06 Sep 2026 01:05:08 GMT  mp3-sync=OK
  206  L09 n10  bytes 0-3/563040  Last-Modified: Sun, 06 Sep 2026 01:05:15 GMT  mp3-sync=OK
  206  L09 n11  bytes 0-3/405792  Last-Modified: Sun, 06 Sep 2026 01:05:21 GMT  mp3-sync=OK
  206  L09 n15  bytes 0-3/263520  Last-Modified: Sun, 06 Sep 2026 01:05:25 GMT  mp3-sync=OK
  206  L09 n21  bytes 0-3/595872  Last-Modified: Sun, 06 Sep 2026 01:05:33 GMT  mp3-sync=OK
  206  L09 n22  bytes 0-3/555840  Last-Modified: Sun, 06 Sep 2026 01:05:40 GMT  mp3-sync=OK
  206  L10 n11  bytes 0-3/431136  Last-Modified: Sun, 06 Sep 2026 01:05:47 GMT  mp3-sync=OK
  206  L10 n14  bytes 0-3/396864  Last-Modified: Sun, 06 Sep 2026 01:05:53 GMT  mp3-sync=OK
  206  L10 n20  bytes 0-3/412704  Last-Modified: Sun, 06 Sep 2026 01:05:58 GMT  mp3-sync=OK
  206  L10 n21  bytes 0-3/591840  Last-Modified: Sun, 06 Sep 2026 01:06:06 GMT  mp3-sync=OK
  206  L11 n6  bytes 0-3/579456  Last-Modified: Sun, 06 Sep 2026 01:06:14 GMT  mp3-sync=OK
  206  L11 n7  bytes 0-3/290592  Last-Modified: Sun, 06 Sep 2026 01:06:19 GMT  mp3-sync=OK
  206  L11 n10  bytes 0-3/445536  Last-Modified: Sun, 06 Sep 2026 01:06:25 GMT  mp3-sync=OK
  206  L11 n15  bytes 0-3/523296  Last-Modified: Sun, 06 Sep 2026 01:06:32 GMT  mp3-sync=OK
  206  L11 n16  bytes 0-3/312768  Last-Modified: Sun, 06 Sep 2026 01:06:37 GMT  mp3-sync=OK
  206  L11 n21  bytes 0-3/483264  Last-Modified: Sun, 06 Sep 2026 01:06:44 GMT  mp3-sync=OK
  206  L11 n22  bytes 0-3/504576  Last-Modified: Sun, 06 Sep 2026 01:06:50 GMT  mp3-sync=OK
  206  L12 n8  bytes 0-3/439200  Last-Modified: Sun, 06 Sep 2026 01:06:56 GMT  mp3-sync=OK
  206  L12 n11  bytes 0-3/355968  Last-Modified: Sun, 06 Sep 2026 01:07:02 GMT  mp3-sync=OK
  206  L12 n15  bytes 0-3/456192  Last-Modified: Sun, 06 Sep 2026 01:07:08 GMT  mp3-sync=OK
  206  L12 n19  bytes 0-3/530784  Last-Modified: Sun, 06 Sep 2026 01:07:15 GMT  mp3-sync=OK
  206  L13 n8  bytes 0-3/405504  Last-Modified: Sun, 06 Sep 2026 01:07:22 GMT  mp3-sync=OK
  206  L13 n17  bytes 0-3/565344  Last-Modified: Sun, 06 Sep 2026 01:07:29 GMT  mp3-sync=OK
  206  L14 n2  bytes 0-3/626688  Last-Modified: Sun, 06 Sep 2026 01:07:38 GMT  mp3-sync=OK
  206  L14 n6  bytes 0-3/551232  Last-Modified: Sun, 06 Sep 2026 01:07:46 GMT  mp3-sync=OK
  206  L14 n9  bytes 0-3/354816  Last-Modified: Sun, 06 Sep 2026 01:07:51 GMT  mp3-sync=OK
  206  L14 n11  bytes 0-3/369504  Last-Modified: Sun, 06 Sep 2026 01:07:56 GMT  mp3-sync=OK
  206  L14 n17  bytes 0-3/235296  Last-Modified: Sun, 06 Sep 2026 01:08:00 GMT  mp3-sync=OK
  206  L14 n19  bytes 0-3/639936  Last-Modified: Sun, 06 Sep 2026 01:08:09 GMT  mp3-sync=OK
  206  L14 n20  bytes 0-3/394560  Last-Modified: Sun, 06 Sep 2026 01:08:15 GMT  mp3-sync=OK
  206  L14 n21  bytes 0-3/245376  Last-Modified: Sun, 06 Sep 2026 01:08:19 GMT  mp3-sync=OK
  206  L14 n22  bytes 0-3/387072  Last-Modified: Sun, 06 Sep 2026 01:08:24 GMT  mp3-sync=OK

61/61 clips verified HTTP 200/206 with fresh audio.
