=== APPLY EDITS engineering-eduqas/solving-engineering-problems  16 edits  LIVE  2026-09-04T12:52:49.908Z
  ok   #0 L1.content_html [MEDIUM] F1: The specification does not require working on every question.
  ok   #1 L1.exam_tip_html [MEDIUM] F2: Per-step method marks are not guaranteed by the specification.
  PATCH L1: content_html, exam_tip_html
  ok   #2 L2.content_html [MEDIUM] F3: Individual skills are not guaranteed in every paper.
  ok   #3 L2.content_html [HIGH] F4: The original rule fails for enlargement scales.
  ok   #4 L2.content_html [HIGH] F4: The original rule fails for enlargement scales.
  ok   #5 L2.conclusion_html [HIGH] F4: This keeps the summary correct for reduction and enlargement scales.
  ok   #6 L2.content_html [LOW] F5: Correct multiplication.
  ok   #7 L2.content_html [LOW] F5: Correct subtraction after the circle-area correction.
  PATCH L2: content_html, conclusion_html
  ok   #8 L3.content_html [MEDIUM] F7: Histogram frequency is represented by area, not height alone.
  PATCH L3: content_html
  ok   #9 L4.content_html [MEDIUM] F8: Orthographic drawings can use more than three primary views.
  ok   #10 L4.content_html [HIGH] Third-angle is what this specification requires, not a UK national standard: BS 8888 permits first-angle and t
  ok   #11 L4.content_html [HIGH] Third-angle is what this specification requires, not a UK national standard: BS 8888 permits first-angle and t
  ok   #12 L4.conclusion_html [HIGH] Third-angle is what this specification requires, not a UK national standard: BS 8888 permits first-angle and t
  ok   #13 L4.practice_questions[1].text [HIGH] Third-angle is what this specification requires, not a UK national standard: BS 8888 permits first-angle and t
  ok   #14 L4.practice_questions[1].marks [HIGH] Third-angle is what this specification requires, not a UK national standard: BS 8888 permits first-angle and t
  ok   #15 L4.flashcard_questions[10].q [HIGH] Third-angle is what this specification requires, not a UK national standard: BS 8888 permits first-angle and t
  PATCH L4: content_html, conclusion_html, practice_questions, flashcard_questions
=== 16 applied, 0 skipped, 4 lessons / 9 fields changed
