
=== RE-NARRATION (changed narrated text only) ===
backup: C:\Users\tshau\Documents\Study Vault\scripts\_retrofc\units\engineering-eduqas__solving-engineering-problems\_backup.json
unit:   engineering-eduqas / solving-engineering-problems
run: 2026-09-04T12:52:53Z  mode: LIVE

4 lessons, 13 clips to regenerate

  L01 (Ollie)  Engineering Maths I — Formulae, Ohm's Law & Mechanical Advantage
      n2: Engineers solve practical problems with mathematics. Whether they are designing a circuit to power a security 
             -> 303 KB, 25.8s, uploaded
      n42: For any calculate question, write the formula first, then substitute values with units, then give the final an
             -> 389 KB, 33.2s, uploaded
      manifest updated (46 entries)
  L02 (Ada)  Engineering Maths II — Areas, Volumes, Estimation & Scale
      n2: Before a single piece of metal is cut or a litre of paint is ordered, engineers need to know the exact sizes a
             -> 324 KB, 27.7s, uploaded
      n11: Step 2 — Circle area. Diameter = 40 mm so radius = 20 mm. A sub circle equals pi times 20 squared equals 3.142
             -> 200 KB, 17.1s, uploaded
      n12: Step 3 — Subtract. A sub remaining equals 9600 - 1256.8 equals 8343.2 mm squared
             -> 146 KB, 12.5s, uploaded
      n33: To find a real dimension from a drawing measurement: For a scale written a:b, real length = drawing length × b
             -> 232 KB, 19.8s, uploaded
      n34: To find a drawing measurement from a real dimension: For a scale written a:b, drawing length = real length × a
             -> 195 KB, 16.7s, uploaded
      n45: For a scale written a:b, real length = drawing length × b ÷ a; drawing length = real length × a ÷ b. Engineeri
             -> 139 KB, 11.9s, uploaded
      manifest updated (45 entries)
  L03 (Ollie)  Reading Data — Graphs, Histograms & Pie Charts
      n8: A histogram looks similar to a bar chart but there are two critical differences. First, the bars touch because
             -> 357 KB, 30.5s, uploaded
      manifest updated (37 entries)
  L04 (Ada)  Engineering Drawing — Orthographic, Isometric & Sectional Views
      n4: Third-angle orthographic projection is the system this course requires you to use. British Standard BS 8888 pe
             -> 454 KB, 38.8s, uploaded
      n6: Key Fact . In third-angle projection (the system this course uses): the top view (plan) sits above the front v
             -> 238 KB, 20.4s, uploaded
      n8: A typical orthographic drawing uses three standard views:
             -> 46 KB, 3.9s, uploaded
      n37: Third-angle projection (the system this course uses): top view above the front, right-side view to the right o
             -> 129 KB, 11.0s, uploaded
      manifest updated (39 entries)

Regenerated 13 clips.

=== VERIFY (ranged GET + freshness) ===
  206  L01 n2  bytes 0-3/309888  Last-Modified: Fri, 04 Sep 2026 12:52:59 GMT  mp3-sync=OK
  206  L01 n42  bytes 0-3/398304  Last-Modified: Fri, 04 Sep 2026 12:53:05 GMT  mp3-sync=OK
  206  L02 n2  bytes 0-3/332064  Last-Modified: Fri, 04 Sep 2026 12:53:11 GMT  mp3-sync=OK
  206  L02 n11  bytes 0-3/205056  Last-Modified: Fri, 04 Sep 2026 12:53:15 GMT  mp3-sync=OK
  206  L02 n12  bytes 0-3/149760  Last-Modified: Fri, 04 Sep 2026 12:53:17 GMT  mp3-sync=OK
  206  L02 n33  bytes 0-3/237312  Last-Modified: Fri, 04 Sep 2026 12:53:22 GMT  mp3-sync=OK
  206  L02 n34  bytes 0-3/199872  Last-Modified: Fri, 04 Sep 2026 12:53:25 GMT  mp3-sync=OK
  206  L02 n45  bytes 0-3/142560  Last-Modified: Fri, 04 Sep 2026 12:53:27 GMT  mp3-sync=OK
  206  L03 n8  bytes 0-3/366048  Last-Modified: Fri, 04 Sep 2026 12:53:33 GMT  mp3-sync=OK
  206  L04 n4  bytes 0-3/465120  Last-Modified: Fri, 04 Sep 2026 12:53:40 GMT  mp3-sync=OK
  206  L04 n6  bytes 0-3/244224  Last-Modified: Fri, 04 Sep 2026 12:53:44 GMT  mp3-sync=OK
  206  L04 n8  bytes 0-3/46944  Last-Modified: Fri, 04 Sep 2026 12:53:45 GMT  mp3-sync=OK
  206  L04 n37  bytes 0-3/131904  Last-Modified: Fri, 04 Sep 2026 12:53:48 GMT  mp3-sync=OK

13/13 clips verified HTTP 200/206 with fresh audio.
