=== APPLY EDITS english-literature/power-and-conflict  43 edits  LIVE  2026-09-18T20:42:42.416Z
  ok   #0 L1.practice_questions[1].type [MEDIUM] J1: no extract of the text is printed in this exam, so the task is quotation analysis
  ok   #1 L1.practice_questions[1].text [MEDIUM] J1: stem works without a printed extract
  ok   #2 L1.practice_questions[2].type [MEDIUM] J1: no extract of the text is printed in this exam, so the task is quotation analysis
  ok   #3 L1.practice_questions[2].text [MEDIUM] J1: stem works without a printed extract
  ok   #33 L1.exam_tip_html [MEDIUM] J2: says up front that the real question is one 30-mark comparison; kept inside the same narration block
  PATCH L1: practice_questions, exam_tip_html
  ok   #4 L2.practice_questions[1].type [MEDIUM] J1: no extract of the text is printed in this exam, so the task is quotation analysis
  ok   #5 L2.practice_questions[1].text [MEDIUM] J1: stem works without a printed extract
  ok   #6 L2.practice_questions[2].type [MEDIUM] J1: no extract of the text is printed in this exam, so the task is quotation analysis
  ok   #7 L2.practice_questions[2].text [MEDIUM] J1: stem works without a printed extract
  ok   #34 L2.exam_tip_html [MEDIUM] J2: says up front that the real question is one 30-mark comparison; kept inside the same narration block
  PATCH L2: practice_questions, exam_tip_html
  ok   #8 L3.practice_questions[1].type [MEDIUM] J1: no extract of the text is printed in this exam, so the task is quotation analysis
  ok   #9 L3.practice_questions[1].text [MEDIUM] J1: stem works without a printed extract
  ok   #10 L3.practice_questions[2].type [MEDIUM] J1: no extract of the text is printed in this exam, so the task is quotation analysis
  ok   #11 L3.practice_questions[2].text [MEDIUM] J1: stem works without a printed extract
  ok   #35 L3.exam_tip_html [MEDIUM] J2: says up front that the real question is one 30-mark comparison; kept inside the same narration block
  PATCH L3: practice_questions, exam_tip_html
  ok   #12 L4.practice_questions[1].type [MEDIUM] J1: no extract of the text is printed in this exam, so the task is quotation analysis
  ok   #13 L4.practice_questions[1].text [MEDIUM] J1: stem works without a printed extract
  ok   #14 L4.practice_questions[2].type [MEDIUM] J1: no extract of the text is printed in this exam, so the task is quotation analysis
  ok   #15 L4.practice_questions[2].text [MEDIUM] J1: stem works without a printed extract
  ok   #36 L4.exam_tip_html [MEDIUM] J2: says up front that the real question is one 30-mark comparison; kept inside the same narration block
  PATCH L4: practice_questions, exam_tip_html
  ok   #16 L5.practice_questions[1].type [MEDIUM] J1: no extract of the text is printed in this exam, so the task is quotation analysis
  ok   #17 L5.practice_questions[1].text [MEDIUM] J1: stem works without a printed extract
  ok   #18 L5.practice_questions[2].type [MEDIUM] J1: no extract of the text is printed in this exam, so the task is quotation analysis
  ok   #19 L5.practice_questions[2].text [MEDIUM] J1: stem works without a printed extract
  ok   #37 L5.exam_tip_html [MEDIUM] J2: says up front that the real question is one 30-mark comparison; kept inside the same narration block
  PATCH L5: practice_questions, exam_tip_html
  ok   #20 L6.practice_questions[1].type [MEDIUM] J1: no extract of the text is printed in this exam, so the task is quotation analysis
  ok   #21 L6.practice_questions[2].type [MEDIUM] J1: no extract of the text is printed in this exam, so the task is quotation analysis
  ok   #38 L6.exam_tip_html [MEDIUM] J2: says up front that the real question is one 30-mark comparison; kept inside the same narration block
  PATCH L6: practice_questions, exam_tip_html
  ok   #22 L7.practice_questions[1].type [MEDIUM] J1: no extract of the text is printed in this exam, so the task is quotation analysis
  ok   #23 L7.practice_questions[2].type [MEDIUM] J1: no extract of the text is printed in this exam, so the task is quotation analysis
  ok   #39 L7.exam_tip_html [MEDIUM] J2: says up front that the real question is one 30-mark comparison; kept inside the same narration block
  PATCH L7: practice_questions, exam_tip_html
  ok   #24 L8.practice_questions[1].type [MEDIUM] J1: no extract of the text is printed in this exam, so the task is quotation analysis
  ok   #25 L8.practice_questions[2].type [MEDIUM] J1: no extract of the text is printed in this exam, so the task is quotation analysis
  ok   #40 L8.exam_tip_html [MEDIUM] J2: says up front that the real question is one 30-mark comparison; kept inside the same narration block
  PATCH L8: practice_questions, exam_tip_html
  ok   #26 L9.practice_questions[1].type [MEDIUM] J1: no extract of the text is printed in this exam, so the task is quotation analysis
  ok   #27 L9.practice_questions[1].text [MEDIUM] J1: stem works without a printed extract
  ok   #28 L9.practice_questions[2].type [MEDIUM] J1: no extract of the text is printed in this exam, so the task is quotation analysis
  ok   #29 L9.practice_questions[2].text [MEDIUM] J1: stem works without a printed extract
  ok   #41 L9.exam_tip_html [MEDIUM] J2: says up front that the real question is one 30-mark comparison; kept inside the same narration block
  PATCH L9: practice_questions, exam_tip_html
  ok   #30 L10.practice_questions[1].type [MEDIUM] J1: no extract of the text is printed in this exam, so the task is quotation analysis
  ok   #31 L10.practice_questions[1].text [MEDIUM] J1: stem works without a printed extract
  ok   #32 L10.practice_questions[2].type [MEDIUM] J1: no extract of the text is printed in this exam, so the task is quotation analysis
  ok   #42 L10.exam_tip_html [MEDIUM] J2: says up front that the real question is one 30-mark comparison; kept inside the same narration block
  PATCH L10: practice_questions, exam_tip_html
=== 43 applied, 0 skipped, 10 lessons / 20 fields changed
