=== APPLY EDITS business-edexcel/investigating-small-business  152 edits  LIVE  2026-09-06T10:07:41.002Z
  ok   #21 L1.practice_questions[1].type [HIGH] F1: Edexcel 1BS0 tariffs are 1, 2, 3, 6, 9 and 12 marks. Outline = 2, Explain = 3, Discuss = 6 (no context), A
  ok   #22 L1.practice_questions[1].text [HIGH] F1: command word matched to the corrected tariff
  ok   #23 L1.practice_questions[1].marks [HIGH] F1: mark scheme retotalled to the corrected tariff
  ok   #30 L1.practice_questions[2].type [HIGH] F1: Edexcel 1BS0 tariffs are 1, 2, 3, 6, 9 and 12 marks. Outline = 2, Explain = 3, Discuss = 6 (no context), A
  ok   #31 L1.practice_questions[2].text [HIGH] F1: command word matched to the corrected tariff
  ok   #32 L1.practice_questions[4].type [HIGH] F1: Edexcel 1BS0 tariffs are 1, 2, 3, 6, 9 and 12 marks. Outline = 2, Explain = 3, Discuss = 6 (no context), A
  ok   #33 L1.practice_questions[4].text [HIGH] F1: command word matched to the corrected tariff
  ok   #64 L1.practice_questions[3].type [HIGH] F1: Edexcel 1BS0 tariffs are 1, 2, 3, 6, 9 and 12 marks. Outline = 2, Explain = 3, Discuss = 6 (no context), A
  ok   #65 L1.practice_questions[3].text [HIGH] F1: command word matched to the corrected tariff
  ok   #94 L1.practice_questions[5].type [HIGH] F1: Edexcel 1BS0 tariffs are 1, 2, 3, 6, 9 and 12 marks. Outline = 2, Explain = 3, Discuss = 6 (no context), A
  ok   #95 L1.practice_questions[5].marks [HIGH] F1: mark scheme retotalled to the corrected tariff
  ok   #115 L1.exam_tip_html [HIGH] F2: Edexcel Outline is a 2-mark question
  ok   #116 L1.exam_tip_html [HIGH] F2: Edexcel Explain is a 3-mark question and asks for one developed point
  PATCH L1: practice_questions, exam_tip_html
  ok   #34 L2.practice_questions[2].type [HIGH] F4: Edexcel 1BS0 tariffs are 1, 2, 3, 6, 9 and 12 marks. Outline = 2, Explain = 3, Discuss = 6 (no context), A
  ok   #35 L2.practice_questions[2].text [HIGH] F4: command word matched to the corrected tariff
  ok   #36 L2.practice_questions[4].type [HIGH] F4: Edexcel 1BS0 tariffs are 1, 2, 3, 6, 9 and 12 marks. Outline = 2, Explain = 3, Discuss = 6 (no context), A
  ok   #37 L2.practice_questions[4].text [HIGH] F4: command word matched to the corrected tariff
  ok   #78 L2.practice_questions[3].type [HIGH] F4: Edexcel 1BS0 tariffs are 1, 2, 3, 6, 9 and 12 marks. Outline = 2, Explain = 3, Discuss = 6 (no context), A
  ok   #79 L2.practice_questions[3].marks [HIGH] F4: mark scheme retotalled to the corrected tariff
  ok   #117 L2.exam_tip_html [HIGH] F5: Edexcel Analyse is a 6-mark question
  PATCH L2: practice_questions, exam_tip_html
  ok   #24 L3.practice_questions[1].type [HIGH] F6: Edexcel 1BS0 tariffs are 1, 2, 3, 6, 9 and 12 marks. Outline = 2, Explain = 3, Discuss = 6 (no context), A
  ok   #25 L3.practice_questions[1].text [HIGH] F6: command word matched to the corrected tariff
  ok   #26 L3.practice_questions[1].marks [HIGH] F6: mark scheme retotalled to the corrected tariff
  ok   #38 L3.practice_questions[2].type [HIGH] F6: Edexcel 1BS0 tariffs are 1, 2, 3, 6, 9 and 12 marks. Outline = 2, Explain = 3, Discuss = 6 (no context), A
  ok   #39 L3.practice_questions[2].text [HIGH] F6: command word matched to the corrected tariff
  ok   #40 L3.practice_questions[4].type [HIGH] F6: Edexcel 1BS0 tariffs are 1, 2, 3, 6, 9 and 12 marks. Outline = 2, Explain = 3, Discuss = 6 (no context), A
  ok   #41 L3.practice_questions[4].text [HIGH] F6: command word matched to the corrected tariff
  ok   #66 L3.practice_questions[3].type [HIGH] F6: Edexcel 1BS0 tariffs are 1, 2, 3, 6, 9 and 12 marks. Outline = 2, Explain = 3, Discuss = 6 (no context), A
  ok   #67 L3.practice_questions[3].text [HIGH] F6: command word matched to the corrected tariff
  ok   #96 L3.practice_questions[5].type [HIGH] F6: Edexcel 1BS0 tariffs are 1, 2, 3, 6, 9 and 12 marks. Outline = 2, Explain = 3, Discuss = 6 (no context), A
  ok   #97 L3.practice_questions[5].marks [HIGH] F6: mark scheme retotalled to the corrected tariff
  ok   #118 L3.exam_tip_html [HIGH] F7: Edexcel Justify is a 9-mark question
  ok   #119 L3.exam_tip_html [HIGH] F7: Edexcel Discuss is a 6-mark question
  ok   #120 L3.exam_tip_html [MEDIUM] F7: invented claim about what examiners reward
  PATCH L3: practice_questions, exam_tip_html
  ok   #42 L4.practice_questions[4].type [HIGH] F8: Edexcel 1BS0 tariffs are 1, 2, 3, 6, 9 and 12 marks. Outline = 2, Explain = 3, Discuss = 6 (no context), A
  ok   #43 L4.practice_questions[4].text [HIGH] F8: command word matched to the corrected tariff
  ok   #80 L4.practice_questions[3].type [HIGH] F8: Edexcel 1BS0 tariffs are 1, 2, 3, 6, 9 and 12 marks. Outline = 2, Explain = 3, Discuss = 6 (no context), A
  ok   #81 L4.practice_questions[3].marks [HIGH] F8: mark scheme retotalled to the corrected tariff
  ok   #98 L4.practice_questions[5].type [HIGH] F8: Edexcel 1BS0 tariffs are 1, 2, 3, 6, 9 and 12 marks. Outline = 2, Explain = 3, Discuss = 6 (no context), A
  ok   #99 L4.practice_questions[5].marks [HIGH] F8: mark scheme retotalled to the corrected tariff
  ok   #121 L4.exam_tip_html [HIGH] F9: Edexcel Justify is a 9-mark question
  ok   #122 L4.content_html [MEDIUM] F10: the spec lists five bases (location, demographics, lifestyle, income, age) and the revision tip asks for 
  PATCH L4: practice_questions, exam_tip_html, content_html
  ok   #0 L5.practice_questions[1].type [HIGH] F11: Edexcel 1BS0 tariffs are 1, 2, 3, 6, 9 and 12 marks. Outline = 2, Explain = 3, Discuss = 6 (no context), 
  ok   #1 L5.practice_questions[1].text [HIGH] F11: command word matched to the corrected tariff
  ok   #2 L5.practice_questions[1].marks [HIGH] F11: mark scheme retotalled to the corrected tariff
  ok   #44 L5.practice_questions[2].type [HIGH] F11: Edexcel 1BS0 tariffs are 1, 2, 3, 6, 9 and 12 marks. Outline = 2, Explain = 3, Discuss = 6 (no context), 
  ok   #45 L5.practice_questions[2].text [HIGH] F11: command word matched to the corrected tariff
  ok   #46 L5.practice_questions[2].marks [HIGH] F11: mark scheme retotalled to the corrected tariff
  ok   #82 L5.practice_questions[3].type [HIGH] F11: Edexcel 1BS0 tariffs are 1, 2, 3, 6, 9 and 12 marks. Outline = 2, Explain = 3, Discuss = 6 (no context), 
  ok   #83 L5.practice_questions[3].marks [HIGH] F11: mark scheme retotalled to the corrected tariff
  ok   #100 L5.practice_questions[5].type [HIGH] F11: Edexcel 1BS0 tariffs are 1, 2, 3, 6, 9 and 12 marks. Outline = 2, Explain = 3, Discuss = 6 (no context), 
  ok   #101 L5.practice_questions[5].marks [HIGH] F11: mark scheme retotalled to the corrected tariff
  ok   #123 L5.exam_tip_html [HIGH] F12: Edexcel Outline is a 2-mark question
  ok   #124 L5.exam_tip_html [HIGH] F12: Edexcel Explain is a 3-mark question and asks for one developed point
  ok   #125 L5.exam_tip_html [HIGH] F12: Edexcel Analyse is a 6-mark question
  ok   #149 L5.flashcard_questions[7].a [MEDIUM] F13: invented claim about what examiners require
  PATCH L5: practice_questions, exam_tip_html, flashcard_questions
  ok   #47 L6.practice_questions[3].type [HIGH] F14: Edexcel 1BS0 tariffs are 1, 2, 3, 6, 9 and 12 marks. Outline = 2, Explain = 3, Discuss = 6 (no context), 
  ok   #48 L6.practice_questions[3].text [HIGH] F14: command word matched to the corrected tariff
  ok   #49 L6.practice_questions[3].marks [HIGH] F14: mark scheme retotalled to the corrected tariff
  ok   #68 L6.practice_questions[4].type [HIGH] F14: Edexcel 1BS0 tariffs are 1, 2, 3, 6, 9 and 12 marks. Outline = 2, Explain = 3, Discuss = 6 (no context), 
  ok   #69 L6.practice_questions[4].text [HIGH] F14: command word matched to the corrected tariff
  ok   #126 L6.exam_tip_html [MEDIUM] F15: contradicts the lesson's own mark schemes, which award a mark for correct method
  ok   #127 L6.exam_tip_html [HIGH] F15: Edexcel Discuss is a 6-mark question
  PATCH L6: practice_questions, exam_tip_html
  ok   #84 L7.practice_questions[4].type [HIGH] F17: Edexcel 1BS0 tariffs are 1, 2, 3, 6, 9 and 12 marks. Outline = 2, Explain = 3, Discuss = 6 (no context), 
  ok   #85 L7.practice_questions[4].marks [HIGH] F17: mark scheme retotalled to the corrected tariff
  ok   #108 L7.practice_questions[3].type [HIGH] F17: Edexcel 1BS0 tariffs are 1, 2, 3, 6, 9 and 12 marks. Outline = 2, Explain = 3, Discuss = 6 (no context), 
  ok   #109 L7.practice_questions[3].text [HIGH] F17: command word matched to the corrected tariff
  ok   #110 L7.practice_questions[3].marks [HIGH] F17: mark scheme retotalled to the corrected tariff
  ok   #112 L7.practice_questions[5].text [HIGH] F16: stated break-even of 500 units is impossible with fixed costs £3,000, price £15 and variable cost £5 (tha
  ok   #113 L7.practice_questions[5].marks [HIGH] F16: a rise in variable cost per unit cannot raise the margin of safety; it falls from 350 to 275 units
  ok   #128 L7.exam_tip_html [LOW] F18: Edexcel has no question type called Analyse in Context
  PATCH L7: practice_questions, exam_tip_html
  ok   #50 L8.practice_questions[3].type [HIGH] F19: Edexcel 1BS0 tariffs are 1, 2, 3, 6, 9 and 12 marks. Outline = 2, Explain = 3, Discuss = 6 (no context), 
  ok   #51 L8.practice_questions[3].text [HIGH] F19: command word matched to the corrected tariff
  ok   #52 L8.practice_questions[3].marks [HIGH] F19: mark scheme retotalled to the corrected tariff
  ok   #70 L8.practice_questions[4].type [HIGH] F19: Edexcel 1BS0 tariffs are 1, 2, 3, 6, 9 and 12 marks. Outline = 2, Explain = 3, Discuss = 6 (no context), 
  ok   #71 L8.practice_questions[4].text [HIGH] F19: command word matched to the corrected tariff
  ok   #129 L8.exam_tip_html [HIGH] F20: Edexcel Explain is a 3-mark question
  PATCH L8: practice_questions, exam_tip_html
  ok   #3 L9.practice_questions[2].type [HIGH] F21: Edexcel 1BS0 tariffs are 1, 2, 3, 6, 9 and 12 marks. Outline = 2, Explain = 3, Discuss = 6 (no context), 
  ok   #4 L9.practice_questions[2].text [HIGH] F21: command word matched to the corrected tariff
  ok   #5 L9.practice_questions[2].marks [HIGH] F21: mark scheme retotalled to the corrected tariff
  ok   #53 L9.practice_questions[3].type [HIGH] F21: Edexcel 1BS0 tariffs are 1, 2, 3, 6, 9 and 12 marks. Outline = 2, Explain = 3, Discuss = 6 (no context), 
  ok   #54 L9.practice_questions[3].text [HIGH] F21: command word matched to the corrected tariff
  ok   #55 L9.practice_questions[3].marks [HIGH] F21: mark scheme retotalled to the corrected tariff
  ok   #72 L9.practice_questions[4].type [HIGH] F21: Edexcel 1BS0 tariffs are 1, 2, 3, 6, 9 and 12 marks. Outline = 2, Explain = 3, Discuss = 6 (no context), 
  ok   #73 L9.practice_questions[4].text [HIGH] F21: command word matched to the corrected tariff
  ok   #102 L9.practice_questions[5].type [HIGH] F21: Edexcel 1BS0 tariffs are 1, 2, 3, 6, 9 and 12 marks. Outline = 2, Explain = 3, Discuss = 6 (no context), 
  ok   #103 L9.practice_questions[5].marks [HIGH] F21: mark scheme retotalled to the corrected tariff
  ok   #114 L9.practice_questions[1].marks [HIGH] F22: Edexcel calculate questions award a method mark; the scheme said the formula alone scores 0
  ok   #130 L9.exam_tip_html [HIGH] F23: Explain is worth 3 marks; the 6-mark no-context question is Discuss. Invented examiner claim removed
  ok   #131 L9.exam_tip_html [MEDIUM] F23: Edexcel Justify is a 9-mark question
  ok   #132 L9.content_html [MEDIUM] F24: the spec lists six long-term sources (personal savings, venture capital, share capital, loans, retained p
  PATCH L9: practice_questions, exam_tip_html, content_html
  ok   #6 L10.practice_questions[4].type [HIGH] F25: Edexcel 1BS0 tariffs are 1, 2, 3, 6, 9 and 12 marks. Outline = 2, Explain = 3, Discuss = 6 (no context), 
  ok   #7 L10.practice_questions[4].text [HIGH] F25: command word matched to the corrected tariff
  ok   #8 L10.practice_questions[4].marks [HIGH] F25: mark scheme retotalled to the corrected tariff
  ok   #56 L10.practice_questions[2].type [HIGH] F25: Edexcel 1BS0 tariffs are 1, 2, 3, 6, 9 and 12 marks. Outline = 2, Explain = 3, Discuss = 6 (no context), 
  ok   #57 L10.practice_questions[2].text [HIGH] F25: command word matched to the corrected tariff
  ok   #58 L10.practice_questions[2].marks [HIGH] F25: mark scheme retotalled to the corrected tariff
  ok   #86 L10.practice_questions[3].type [HIGH] F25: Edexcel 1BS0 tariffs are 1, 2, 3, 6, 9 and 12 marks. Outline = 2, Explain = 3, Discuss = 6 (no context), 
  ok   #87 L10.practice_questions[3].marks [HIGH] F25: mark scheme retotalled to the corrected tariff
  ok   #104 L10.practice_questions[5].type [HIGH] F25: Edexcel 1BS0 tariffs are 1, 2, 3, 6, 9 and 12 marks. Outline = 2, Explain = 3, Discuss = 6 (no context), 
  ok   #105 L10.practice_questions[5].marks [HIGH] F25: mark scheme retotalled to the corrected tariff
  ok   #133 L10.exam_tip_html [HIGH] F26: Explain is worth 3 marks; the 6-mark question with a business context is Analyse. Invented examiner claim
  ok   #134 L10.exam_tip_html [MEDIUM] F26: Edexcel has no Analyse in Context or Justify a Recommendation question type
  ok   #135 L10.content_html [MEDIUM] F27: Edexcel Explain is worth 3 marks
  PATCH L10: practice_questions, exam_tip_html, content_html
  ok   #9 L11.practice_questions[1].type [HIGH] F29: Edexcel 1BS0 tariffs are 1, 2, 3, 6, 9 and 12 marks. Outline = 2, Explain = 3, Discuss = 6 (no context), 
  ok   #10 L11.practice_questions[1].text [HIGH] F29: command word matched to the corrected tariff
  ok   #11 L11.practice_questions[1].marks [HIGH] F29: mark scheme retotalled to the corrected tariff
  ok   #88 L11.practice_questions[3].type [HIGH] F29: Edexcel 1BS0 tariffs are 1, 2, 3, 6, 9 and 12 marks. Outline = 2, Explain = 3, Discuss = 6 (no context), 
  ok   #89 L11.practice_questions[3].marks [HIGH] F29: mark scheme retotalled to the corrected tariff
  ok   #111 L11.practice_questions[2].marks [HIGH] F29: mark scheme retotalled to the corrected tariff
  ok   #136 L11.content_html [HIGH] F28: spec 1.4.2 lists proximity to market, labour, materials and competitors. The internet is a separate facto
  ok   #137 L11.exam_tip_html [MEDIUM] F30: Edexcel has no Analyse in Context or Evaluate a Statement question type
  PATCH L11: practice_questions, content_html, exam_tip_html
  ok   #12 L12.practice_questions[1].type [HIGH] F32: Edexcel 1BS0 tariffs are 1, 2, 3, 6, 9 and 12 marks. Outline = 2, Explain = 3, Discuss = 6 (no context), 
  ok   #13 L12.practice_questions[1].text [HIGH] F32: command word matched to the corrected tariff
  ok   #14 L12.practice_questions[1].marks [HIGH] F32: mark scheme retotalled to the corrected tariff
  ok   #59 L12.practice_questions[2].type [HIGH] F32: Edexcel 1BS0 tariffs are 1, 2, 3, 6, 9 and 12 marks. Outline = 2, Explain = 3, Discuss = 6 (no context), 
  ok   #60 L12.practice_questions[2].text [HIGH] F32: command word matched to the corrected tariff
  ok   #61 L12.practice_questions[2].marks [HIGH] F32: mark scheme retotalled to the corrected tariff
  ok   #74 L12.practice_questions[3].type [HIGH] F32: Edexcel 1BS0 tariffs are 1, 2, 3, 6, 9 and 12 marks. Outline = 2, Explain = 3, Discuss = 6 (no context), 
  ok   #75 L12.practice_questions[3].text [HIGH] F32: command word matched to the corrected tariff
  ok   #138 L12.exam_tip_html [HIGH] F33: Explain is worth 3 marks; the 6-mark question with a business context is Analyse
  ok   #139 L12.content_html [HIGH] F31: that is the definition of an AIM. Spec 1.3.1 and L6 both define an objective as a specific, measurable ta
  ok   #151 L12.glossary_terms[1].definition [HIGH] F31: that is the definition of an AIM, not an objective
  PATCH L12: practice_questions, exam_tip_html, content_html, glossary_terms
  ok   #15 L13.practice_questions[1].type [HIGH] F34: Edexcel 1BS0 tariffs are 1, 2, 3, 6, 9 and 12 marks. Outline = 2, Explain = 3, Discuss = 6 (no context), 
  ok   #16 L13.practice_questions[1].text [HIGH] F34: command word matched to the corrected tariff
  ok   #17 L13.practice_questions[1].marks [HIGH] F34: mark scheme retotalled to the corrected tariff
  ok   #62 L13.practice_questions[2].type [HIGH] F34: Edexcel 1BS0 tariffs are 1, 2, 3, 6, 9 and 12 marks. Outline = 2, Explain = 3, Discuss = 6 (no context), 
  ok   #63 L13.practice_questions[2].text [HIGH] F34: command word matched to the corrected tariff
  ok   #90 L13.practice_questions[3].type [HIGH] F34: Edexcel 1BS0 tariffs are 1, 2, 3, 6, 9 and 12 marks. Outline = 2, Explain = 3, Discuss = 6 (no context), 
  ok   #91 L13.practice_questions[3].marks [HIGH] F34: mark scheme retotalled to the corrected tariff
  ok   #140 L13.exam_tip_html [HIGH] F35: Explain is worth 3 marks; the 6-mark question with a business context is Analyse
  ok   #141 L13.exam_tip_html [MEDIUM] F35: the lesson's 6-mark question supplies a context, so it is an Analyse question
  ok   #142 L13.exam_tip_html [HIGH] F35: Edexcel Analyse is a 6-mark question
  ok   #143 L13.exam_tip_html [MEDIUM] F35: invented claim about what examiners reward
  ok   #150 L13.flashcard_questions[11].a [MEDIUM] F36: invented claim about what examiners reward
  PATCH L13: practice_questions, exam_tip_html, flashcard_questions
  ok   #27 L14.practice_questions[2].type [HIGH] F37: Edexcel 1BS0 tariffs are 1, 2, 3, 6, 9 and 12 marks. Outline = 2, Explain = 3, Discuss = 6 (no context), 
  ok   #28 L14.practice_questions[2].text [HIGH] F37: command word matched to the corrected tariff
  ok   #29 L14.practice_questions[2].marks [HIGH] F37: mark scheme retotalled to the corrected tariff
  ok   #76 L14.practice_questions[4].type [HIGH] F37: Edexcel 1BS0 tariffs are 1, 2, 3, 6, 9 and 12 marks. Outline = 2, Explain = 3, Discuss = 6 (no context), 
  ok   #77 L14.practice_questions[4].text [HIGH] F37: command word matched to the corrected tariff
  ok   #106 L14.practice_questions[5].type [HIGH] F37: Edexcel 1BS0 tariffs are 1, 2, 3, 6, 9 and 12 marks. Outline = 2, Explain = 3, Discuss = 6 (no context), 
  ok   #107 L14.practice_questions[5].marks [HIGH] F37: mark scheme retotalled to the corrected tariff
  ok   #144 L14.exam_tip_html [HIGH] F38: Edexcel Discuss is a 6-mark question
  ok   #145 L14.exam_tip_html [HIGH] F38: Edexcel Justify is a 9-mark question
  ok   #146 L14.content_html [MEDIUM] F39: Edexcel Discuss is a 6-mark question
  PATCH L14: practice_questions, exam_tip_html, content_html
  ok   #18 L15.practice_questions[2].type [HIGH] F41: Edexcel 1BS0 tariffs are 1, 2, 3, 6, 9 and 12 marks. Outline = 2, Explain = 3, Discuss = 6 (no context), 
  ok   #19 L15.practice_questions[2].text [HIGH] F41: command word matched to the corrected tariff
  ok   #20 L15.practice_questions[2].marks [HIGH] F41: mark scheme retotalled to the corrected tariff
  ok   #92 L15.practice_questions[4].type [HIGH] F41: Edexcel 1BS0 tariffs are 1, 2, 3, 6, 9 and 12 marks. Outline = 2, Explain = 3, Discuss = 6 (no context), 
  ok   #93 L15.practice_questions[4].marks [HIGH] F41: mark scheme retotalled to the corrected tariff
  ok   #147 L15.exam_tip_html [MEDIUM] F42: contradicts this lesson's own mark scheme, which awards a mark for correct working
  ok   #148 L15.exam_tip_html [HIGH] F42: Edexcel Analyse is a 6-mark question
  PATCH L15: practice_questions, exam_tip_html
=== 152 applied, 0 skipped, 15 lessons / 39 fields changed
