
=== RE-NARRATION (changed narrated text only) ===
backup: C:\Users\tshau\Documents\Study Vault\scripts\_retrofc\units\business-edexcel__investigating-small-business\_backup.json
unit:   business-edexcel / investigating-small-business
run: 2026-09-06T10:07:48Z  mode: LIVE

15 lessons, 19 clips to regenerate

  L01 (Ollie)  Enterprise and the Dynamic Business Environment
      n20: On a 2-mark Outline question, you need to give two linked points placed in context from the question. For exam
             -> 459 KB, 39.2s, uploaded
      manifest updated (24 entries)
  L02 (Ada)  The Role of the Entrepreneur
      n20: On a 12-mark Evaluate a Statement question, the mark scheme rewards genuine evaluative thinking in the conclus
             -> 569 KB, 48.5s, uploaded
      manifest updated (24 entries)
  L03 (Ollie)  Customer Needs and Market Research
      n18: On a 9-mark Justify question about market research, you do not need to discuss both primary and secondary rese
             -> 480 KB, 41.0s, uploaded
      manifest updated (22 entries)
  L04 (Ada)  Market Segmentation and Market Mapping
      n4: Key Fact . Markets can be segmented by location (where customers live), demographics (age, gender, occupation)
             -> 266 KB, 22.7s, uploaded
      n16: On a 6-mark Analyse question about segmentation, the question will always give you a case-study context. Embed
             -> 526 KB, 44.9s, uploaded
      manifest updated (20 entries)
  L05 (Ollie)  The Competitive Environment
      n22: For the 2-mark “Outline” question, give two linked points placed in context. Don’t just name a competitive fac
             -> 458 KB, 39.0s, uploaded
      manifest updated (26 entries)
  L06 (Ada)  Aims, Objectives and Business Calculations
      n23: For “Define” questions (1 mark), give a precise, single-sentence definition — one sentence covering the key id
             -> 554 KB, 47.3s, uploaded
      manifest updated (27 entries)
  L07 (Ollie)  Break-Even and Margin of Safety
      n23: The most common error on break-even calculations is forgetting to calculate contribution per unit as an interm
             -> 474 KB, 40.5s, uploaded
      manifest updated (27 entries)
  L08 (Ada)  Cash and Cash-Flow Forecasting
      n24: For calculation questions on cash-flow forecasts, always work through the three formulas in order: net cash fl
             -> 549 KB, 46.9s, uploaded
      manifest updated (28 entries)
  L09 (Ollie)  Sources of Finance for Start-Ups
      n18: For a 6-mark “Discuss” question on sources of finance, only your best two developed points count — so write tw
             -> 502 KB, 42.9s, uploaded
      manifest updated (22 entries)
  L10 (Ada)  Business Ownership and Limited Liability
      n10: Students frequently write that a sole trader’s “business assets are protected” when they actually mean the opp
             -> 375 KB, 32.0s, uploaded
      n19: On a 6-mark “Analyse” question about business ownership, only your best two developed points count, so write e
             -> 454 KB, 38.8s, uploaded
      manifest updated (23 entries)
  L11 (Ollie)  Location and the Marketing Mix
      n2: Location is one of the first and most important decisions a new business owner makes. A poor choice can add co
             -> 366 KB, 31.3s, uploaded
      n19: The most common error on marketing mix questions is treating the four Ps as separate boxes rather than an inte
             -> 404 KB, 34.5s, uploaded
      manifest updated (23 entries)
  L12 (Ada)  The Business Plan
      n18: On a 6-mark “Analyse” question about a business plan, the most common mistake is simply listing what the plan 
             -> 486 KB, 41.5s, uploaded
      manifest updated (22 entries)
  L13 (Ollie)  Stakeholders and Their Conflicting Objectives
      n27: On a 6-mark Analyse question about stakeholders, you only need two well-developed points — do not rush into a 
             -> 485 KB, 41.4s, uploaded
      manifest updated (31 entries)
  L14 (Ada)  Technology and Legislation in Business
      n25: Students often treat legislation only as a cost burden. This misses the other half of the picture. Complying w
             -> 397 KB, 33.9s, uploaded
      n27: On a 6-mark Analyse question about technology or legislation, write two fully developed analytical points — ea
             -> 568 KB, 48.5s, uploaded
      manifest updated (31 entries)
  L15 (Ollie)  The Economic Climate and How Businesses Respond
      n32: On a 2-mark Calculate question involving interest, always show your substitution into the formula — working ca
             -> 626 KB, 53.4s, uploaded
      manifest updated (36 entries)

Regenerated 19 clips.

=== VERIFY (ranged GET + freshness) ===
  206  L01 n20  bytes 0-3/470304  Last-Modified: Sun, 06 Sep 2026 10:08:01 GMT  mp3-sync=OK
  206  L02 n20  bytes 0-3/582336  Last-Modified: Sun, 06 Sep 2026 10:08:14 GMT  mp3-sync=OK
  206  L03 n18  bytes 0-3/491616  Last-Modified: Sun, 06 Sep 2026 10:08:22 GMT  mp3-sync=OK
  206  L04 n4  bytes 0-3/272448  Last-Modified: Sun, 06 Sep 2026 10:08:28 GMT  mp3-sync=OK
  206  L04 n16  bytes 0-3/538272  Last-Modified: Sun, 06 Sep 2026 10:08:39 GMT  mp3-sync=OK
  206  L05 n22  bytes 0-3/468576  Last-Modified: Sun, 06 Sep 2026 10:08:47 GMT  mp3-sync=OK
  206  L06 n23  bytes 0-3/567360  Last-Modified: Sun, 06 Sep 2026 10:08:57 GMT  mp3-sync=OK
  206  L07 n23  bytes 0-3/485856  Last-Modified: Sun, 06 Sep 2026 10:09:06 GMT  mp3-sync=OK
  206  L08 n24  bytes 0-3/562176  Last-Modified: Sun, 06 Sep 2026 10:09:17 GMT  mp3-sync=OK
  206  L09 n18  bytes 0-3/514368  Last-Modified: Sun, 06 Sep 2026 10:09:26 GMT  mp3-sync=OK
  206  L10 n10  bytes 0-3/384192  Last-Modified: Sun, 06 Sep 2026 10:09:35 GMT  mp3-sync=OK
  206  L10 n19  bytes 0-3/465408  Last-Modified: Sun, 06 Sep 2026 10:09:43 GMT  mp3-sync=OK
  206  L11 n2  bytes 0-3/375264  Last-Modified: Sun, 06 Sep 2026 10:09:51 GMT  mp3-sync=OK
  206  L11 n19  bytes 0-3/414144  Last-Modified: Sun, 06 Sep 2026 10:09:58 GMT  mp3-sync=OK
  206  L12 n18  bytes 0-3/497952  Last-Modified: Sun, 06 Sep 2026 10:10:08 GMT  mp3-sync=OK
  206  L13 n27  bytes 0-3/496224  Last-Modified: Sun, 06 Sep 2026 10:10:18 GMT  mp3-sync=OK
  206  L14 n25  bytes 0-3/406656  Last-Modified: Sun, 06 Sep 2026 10:10:27 GMT  mp3-sync=OK
  206  L14 n27  bytes 0-3/581472  Last-Modified: Sun, 06 Sep 2026 10:10:36 GMT  mp3-sync=OK
  206  L15 n32  bytes 0-3/640512  Last-Modified: Sun, 06 Sep 2026 10:10:46 GMT  mp3-sync=OK

19/19 clips verified HTTP 200/206 with fresh audio.
