=== APPLY EDITS english-literature-aqa/frankenstein  18 edits  LIVE  2026-09-02T01:43:03.895Z
  ok   #0 L1.flashcard_questions[5].q [HIGH] F1: galvanism is late 18th century and the novel is 1818 - both pre-Victorian.
  ok   #1 L1.practice_questions[0].text [MEDIUM] F2: printed extract must be verbatim (ch. 4).
  PATCH L1: flashcard_questions, practice_questions
  ok   #2 L3.content_html [MEDIUM] F4: tabula rasa is Locke's term, not Rousseau's.
  ok   #3 L3.conclusion_html [MEDIUM] F4: tabula rasa is Locke's term, not Rousseau's.
  ok   #4 L3.flashcard_questions[5].a [MEDIUM] F4: tabula rasa is Locke's term, not Rousseau's.
  ok   #5 L3.content_html [MEDIUM] F5: 'shrouded in a flannel' is not in the novel (ch. 5).
  ok   #6 L3.content_html [MEDIUM] F6: the Creature never says 'new Adam'; ch. 10 gives the real line.
  ok   #7 L3.flashcard_questions[12].a [MEDIUM] F6: quotes the real line instead of the invented 'new Adam'.
  PATCH L3: content_html, conclusion_html, flashcard_questions
  ok   #8 L4.content_html [MEDIUM] F7: the journal is read in the hovel in ch. 15, before the De Lacey attempt.
  ok   #9 L4.content_html [MEDIUM] F7: puts the causes back into the novel's order.
  ok   #10 L4.flashcard_questions[4].q [MEDIUM] F8: the Creature never speaks this line; it is the title-page epigraph.
  PATCH L4: content_html, flashcard_questions
  ok   #11 L5.content_html [HIGH] F10: the old quotation is not in the novel; ch. 8 gives a real one.
  ok   #12 L5.practice_questions[1].marks [HIGH] F11: the novel is 1818, so AO3 must not point students at Victorian context.
  PATCH L5: content_html, practice_questions
  ok   #13 L6.content_html [MEDIUM] F12: ch. 23 reads 'A grin was on the face of the monster'.
  ok   #14 L6.flashcard_questions[3].a [MEDIUM] F12: ch. 23 wording.
  PATCH L6: content_html, flashcard_questions
  ok   #15 L7.content_html [MEDIUM] F13: ch. 4 reads 'more, far more, will I achieve'.
  ok   #16 L7.flashcard_questions[0].a [MEDIUM] F13: ch. 4 wording.
  ok   #17 L7.flashcard_questions[4].q [MEDIUM] F14: the Creature never speaks this line; it is the title-page epigraph.
  PATCH L7: content_html, flashcard_questions
=== 18 applied, 0 skipped, 6 lessons / 13 fields changed
