
=== RE-NARRATION (changed narrated text only) ===
backup: C:\Users\tshau\Documents\Study Vault\scripts\_retrofc\units\english-literature-aqa__frankenstein\_backup.json
unit:   english-literature-aqa / frankenstein
run: 2026-09-02T01:43:07Z  mode: LIVE
  L01: no narrated field changed -> skip

5 lessons, 8 clips to regenerate

  L03 (Ollie)  Creation & Abandonment
      n7: The Rousseau -influenced philosophy is clear: the Creature begins as innocent and becomes violent only after r
             -> 310 KB, 26.4s, uploaded
      n10: After fleeing, Victor falls into a disturbed sleep and has a nightmare that is crucial for exam analysis. He d
             -> 375 KB, 32.0s, uploaded
      n17: The Creature begins as a blank slate (Locke’s tabula rasa); Shelley argues that society creates monsters, not 
             -> 88 KB, 7.5s, uploaded
      manifest updated (18 entries)
  L04 (Ada)  The Creature's Story
      n11: Earlier, in the hovel, the Creature had already read Victor’s journal and learnt the full horror of its creati
             -> 312 KB, 26.6s, uploaded
      n12: Key Fact . “From that moment I declared everlasting war against the species” marks the Creature’s turning poin
             -> 370 KB, 31.6s, uploaded
      manifest updated (18 entries)
  L05 (Ollie)  Murder, Revenge & the Bride
      n7: Victor describes his guilt: “I, the true murderer, felt the never-dying worm alive in my bosom.” Yet his guilt
             -> 280 KB, 23.9s, uploaded
      manifest updated (18 entries)
  L06 (Ada)  The Pursuit & the Ending
      n3: Victor’s failure to protect Elizabeth is a structural echo of his failure to nurture the Creature. In both cas
             -> 352 KB, 30.1s, uploaded
      manifest updated (18 entries)
  L07 (Ollie)  Key Themes & Exam Technique
      n3: Key Fact . Dangerous Knowledge: "So much has been done… more, far more, will I achieve" (Victor's Promethean a
             -> 429 KB, 36.6s, uploaded
      manifest updated (23 entries)

Regenerated 8 clips.

=== VERIFY (ranged GET + freshness) ===
  206  L03 n7  bytes 0-3/317376  Last-Modified: Wed, 02 Sep 2026 01:43:15 GMT  mp3-sync=OK
  206  L03 n10  bytes 0-3/383904  Last-Modified: Wed, 02 Sep 2026 01:43:20 GMT  mp3-sync=OK
  206  L03 n17  bytes 0-3/90144  Last-Modified: Wed, 02 Sep 2026 01:43:22 GMT  mp3-sync=OK
  206  L04 n11  bytes 0-3/319104  Last-Modified: Wed, 02 Sep 2026 01:43:27 GMT  mp3-sync=OK
  206  L04 n12  bytes 0-3/379008  Last-Modified: Wed, 02 Sep 2026 01:43:33 GMT  mp3-sync=OK
  206  L05 n7  bytes 0-3/286272  Last-Modified: Wed, 02 Sep 2026 01:43:37 GMT  mp3-sync=OK
  206  L06 n3  bytes 0-3/360864  Last-Modified: Wed, 02 Sep 2026 01:43:43 GMT  mp3-sync=OK
  206  L07 n3  bytes 0-3/438912  Last-Modified: Wed, 02 Sep 2026 01:43:49 GMT  mp3-sync=OK

8/8 clips verified HTTP 200/206 with fresh audio.
