
=== RE-NARRATION (changed narrated text only) ===
backup: C:\Users\tshau\Documents\Study Vault\scripts\_retrofc\units\physical-education-edexcel__fitness-and-body-systems\_backup.json
unit:   physical-education-edexcel / fitness-and-body-systems
run: 2026-09-06T10:18:22Z  mode: LIVE
  L05: fields edited but no narrated text changed -> skip

12 lessons, 23 clips to regenerate

  L01 (Ollie)  The Skeleton: Functions and Structure
      n18: Sesamoid bones are a fifth category used in anatomy. The specification itself names only four. They develop in
             -> 337 KB, 28.8s, uploaded
      n19: Key Fact . The specification names four bone shape categories: long (e.g. femur — leverage), short (e.g. carpa
             -> 273 KB, 23.3s, uploaded
      n24: Students often classify the patella as a flat bone because it looks flat and plate-like. Anatomists classify i
             -> 345 KB, 29.4s, uploaded
      n26: In questions asking you to “classify” a bone, name the shape category and give the functional reason — for exa
             -> 406 KB, 34.6s, uploaded
      n29: Bones are classified into four shapes: long (leverage), short (weight-bearing), flat (protection/muscle attach
             -> 197 KB, 16.8s, uploaded
      manifest updated (30 entries)
  L02 (Ada)  Joints, Ligaments and Tendons
      n11: You need to know eight specific movement terms and apply them to sporting actions. Flexion is decreasing the a
             -> 651 KB, 55.5s, uploaded
      n21: Eight movement terms apply to joints: flexion, extension, abduction, adduction, rotation, circumduction, plant
             -> 154 KB, 13.2s, uploaded
      manifest updated (22 entries)
  L04 (Ada)  Antagonistic Pairs and Muscle Fibre Types
      n16: Type IIx fibres (fast-twitch glycolytic) are the fastest and most powerful but fatigue very rapidly. They rely
             -> 380 KB, 32.4s, uploaded
      n19: On questions about antagonistic pairs, always anchor your answer to the specific phase of movement — ‘during e
             -> 475 KB, 40.5s, uploaded
      manifest updated (23 entries)
  L09 (Ollie)  Long-Term Effects of Training
      n19: On Explain questions about long-term adaptations, always state the adaptation, the mechanism (why it occurs) a
             -> 495 KB, 42.3s, uploaded
      manifest updated (23 entries)
  L10 (Ada)  Lever Systems and Mechanical Advantage
      n3: Key Fact . The three lever classes are identified by which component sits in the middle: first class — fulcrum
             -> 243 KB, 20.8s, uploaded
      n8: In a second-class lever , the load sits between the fulcrum and the effort. This arrangement always produces a
             -> 425 KB, 36.2s, uploaded
      manifest updated (21 entries)
  L11 (Ollie)  Planes and Axes of Movement
      n10: Rotation in the frontal plane occurs around the sagittal axis (also called the anterior-posterior axis). This 
             -> 278 KB, 23.8s, uploaded
      manifest updated (21 entries)
  L12 (Ada)  Health, Fitness and Components of Fitness
      n7: The eleven components of fitness are divided into two groups. The health-related components are those most dir
             -> 150 KB, 12.8s, uploaded
      n10: The skill-related components are those that primarily affect the quality of sporting performance rather than g
             -> 95 KB, 8.1s, uploaded
      n20: The five health-related components are cardiovascular endurance, strength, muscular endurance, flexibility and
             -> 192 KB, 16.4s, uploaded
      manifest updated (21 entries)
  L13 (Ollie)  Fitness Tests and Interpreting Results
      n14: Normative data tables provide pre-established ranges of results for different age groups and genders. For exam
             -> 500 KB, 42.7s, uploaded
      n18: For data interpretation questions, follow this three-step rule: (1) quote a specific figure with units from th
             -> 491 KB, 41.9s, uploaded
      manifest updated (22 entries)
  L14 (Ada)  Principles of Training and Programme Design
      n17: A SMART target is a goal that is Specific (names the exact skill or component), Measurable (has a number), Ach
             -> 542 KB, 46.2s, uploaded
      n19: On Calculate questions involving training zones, always show three steps: (1) calculate max HR using 220 − age
             -> 430 KB, 36.7s, uploaded
      manifest updated (23 entries)
  L15 (Ollie)  Methods of Training and Their Effects
      n19: A common error on training methods questions is stating a method without linking it to the specific fitness co
             -> 480 KB, 41.0s, uploaded
      manifest updated (23 entries)
  L16 (Ada)  Injury Prevention, PARQ, RICE and PEDs
      n11: Key Fact . Seven banned categories: anabolic steroids (strength/power), beta blockers (precision steadiness), 
             -> 305 KB, 26.0s, uploaded
      manifest updated (23 entries)
  L17 (Ollie)  Using Data in Physical Activity and Sport
      n11: Once collected, individual results are compared against normative data tables to evaluate performance. A norma
             -> 436 KB, 37.2s, uploaded
      manifest updated (22 entries)

Regenerated 23 clips.

=== VERIFY (ranged GET + freshness) ===
  206  L01 n18  bytes 0-3/345312  Last-Modified: Sun, 06 Sep 2026 10:18:33 GMT  mp3-sync=OK
  206  L01 n19  bytes 0-3/279936  Last-Modified: Sun, 06 Sep 2026 10:18:38 GMT  mp3-sync=OK
  206  L01 n24  bytes 0-3/353376  Last-Modified: Sun, 06 Sep 2026 10:18:44 GMT  mp3-sync=OK
  206  L01 n26  bytes 0-3/415584  Last-Modified: Sun, 06 Sep 2026 10:18:51 GMT  mp3-sync=OK
  206  L01 n29  bytes 0-3/201600  Last-Modified: Sun, 06 Sep 2026 10:18:54 GMT  mp3-sync=OK
  206  L02 n11  bytes 0-3/666144  Last-Modified: Sun, 06 Sep 2026 10:19:07 GMT  mp3-sync=OK
  206  L02 n21  bytes 0-3/158112  Last-Modified: Sun, 06 Sep 2026 10:19:14 GMT  mp3-sync=OK
  206  L04 n16  bytes 0-3/388800  Last-Modified: Sun, 06 Sep 2026 10:19:22 GMT  mp3-sync=OK
  206  L04 n19  bytes 0-3/486432  Last-Modified: Sun, 06 Sep 2026 10:19:29 GMT  mp3-sync=OK
  206  L09 n19  bytes 0-3/507168  Last-Modified: Sun, 06 Sep 2026 10:19:38 GMT  mp3-sync=OK
  206  L10 n3  bytes 0-3/249120  Last-Modified: Sun, 06 Sep 2026 10:19:44 GMT  mp3-sync=OK
  206  L10 n8  bytes 0-3/434880  Last-Modified: Sun, 06 Sep 2026 10:19:53 GMT  mp3-sync=OK
  206  L11 n10  bytes 0-3/285120  Last-Modified: Sun, 06 Sep 2026 10:19:58 GMT  mp3-sync=OK
  206  L12 n7  bytes 0-3/154080  Last-Modified: Sun, 06 Sep 2026 10:20:04 GMT  mp3-sync=OK
  206  L12 n10  bytes 0-3/97344  Last-Modified: Sun, 06 Sep 2026 10:20:07 GMT  mp3-sync=OK
  206  L12 n20  bytes 0-3/196992  Last-Modified: Sun, 06 Sep 2026 10:20:12 GMT  mp3-sync=OK
  206  L13 n14  bytes 0-3/512064  Last-Modified: Sun, 06 Sep 2026 10:20:21 GMT  mp3-sync=OK
  206  L13 n18  bytes 0-3/503136  Last-Modified: Sun, 06 Sep 2026 10:20:30 GMT  mp3-sync=OK
  206  L14 n17  bytes 0-3/554976  Last-Modified: Sun, 06 Sep 2026 10:20:39 GMT  mp3-sync=OK
  206  L14 n19  bytes 0-3/440352  Last-Modified: Sun, 06 Sep 2026 10:20:51 GMT  mp3-sync=OK
  206  L15 n19  bytes 0-3/491616  Last-Modified: Sun, 06 Sep 2026 10:21:00 GMT  mp3-sync=OK
  206  L16 n11  bytes 0-3/312480  Last-Modified: Sun, 06 Sep 2026 10:21:07 GMT  mp3-sync=OK
  206  L17 n11  bytes 0-3/446976  Last-Modified: Sun, 06 Sep 2026 10:21:14 GMT  mp3-sync=OK

23/23 clips verified HTTP 200/206 with fresh audio.
