
--- L1 Reading & Analysing an Unseen Poem (12c894a0-3b83-4105-97d2-5f951d5d771b) ---
  [HIGH] content_html ×1 — n3 key fact: AQA numbers the 24-mark task 27.1, not 27
  [HIGH] content_html ×1 — n3 key fact: there is no Q28 on AQA 8702/2
  [HIGH] content_html ×1 — n3 key fact: timing line
  [HIGH] exam_tip_html ×1 — n26 exam tip
  [HIGH] knowledge_checks ×1 — KC0 stem
  [HIGH] knowledge_checks ×1 — KC1 distractor
  [HIGH] flashcard_questions ×1 — flashcard
  [HIGH] flashcard_questions ×1 — flashcard
  [HIGH] flashcard_questions ×1 — flashcard
  [HIGH] flashcard_questions ×1 — flashcard
  [HIGH] practice_questions ×1 — PQ0: AQA 24-mark ladder is 21-24/17-20/13-16/9-12/5-8/1-4; "Top band" appeared twice
  (dry run — not written)

--- L2 Language & Imagery in Unseen Poetry (d901b251-951c-42c6-91fd-d5d557475047) ---
  [HIGH] practice_questions ×1 — PQ0: same broken ladder
  (dry run — not written)

--- L3 Structure & Form in Unseen Poetry (6ce6f512-0f95-4bd7-ae9d-caf2b7421c8a) ---
  [HIGH] practice_questions ×1 — PQ0: same broken ladder
  [MEDIUM] content_html ×1 — n2: quoted text was not the AO2 wording; replaced with the spec verbatim
  (dry run — not written)

--- L4 Comparing Two Unseen Poems (13f841e6-b364-4caf-9ea5-50124619234b) ---
  [HIGH] conclusion_html ×1 — n27 takeaway
  [HIGH] exam_tip_html ×1 — n25 exam tip
  [HIGH] exam_tip_html ×1 — n25 exam tip
  [HIGH] practice_questions ×1 — PQ2 stem
  [HIGH] practice_questions ×1 — PQ2 scheme
  [HIGH] practice_questions ×1 — PQ2 scheme
  [HIGH] practice_questions ×1 — PQ2 scheme
  [HIGH] practice_questions ×1 — PQ3 stem
  [HIGH] practice_questions ×1 — PQ4 stem
  [HIGH] practice_questions ×1 — PQ5 stem
  [HIGH] knowledge_checks ×1 — KC3 stem
  [HIGH] knowledge_checks ×1 — KC0 stem
  [HIGH] knowledge_checks ×1 — KC1 stem
  [HIGH] knowledge_checks ×1 — KC2 stem
  [HIGH] knowledge_checks ×1 — KC4 stem
  [HIGH] knowledge_checks ×1 — KC4 match target
  [HIGH] glossary_terms ×1 — glossary definition
  [MEDIUM] content_html ×1 — content_html ended with an unclosed <p data-narration-id="n24">
  (dry run — not written)

32 string replacements across 4 lessons.

--- L1 Reading & Analysing an Unseen Poem (12c894a0-3b83-4105-97d2-5f951d5d771b) ---
  [HIGH] content_html ×1 — n3 key fact: AQA numbers the 24-mark task 27.1, not 27
  [HIGH] content_html ×1 — n3 key fact: there is no Q28 on AQA 8702/2
  [HIGH] content_html ×1 — n3 key fact: timing line
  [HIGH] exam_tip_html ×1 — n26 exam tip
  [HIGH] knowledge_checks ×1 — KC0 stem
  [HIGH] knowledge_checks ×1 — KC1 distractor
  [HIGH] flashcard_questions ×1 — flashcard
  [HIGH] flashcard_questions ×1 — flashcard
  [HIGH] flashcard_questions ×1 — flashcard
  [HIGH] flashcard_questions ×1 — flashcard
  [HIGH] practice_questions ×1 — PQ0: AQA 24-mark ladder is 21-24/17-20/13-16/9-12/5-8/1-4; "Top band" appeared twice
  PATCHed content_html, exam_tip_html, knowledge_checks, flashcard_questions, practice_questions

--- L2 Language & Imagery in Unseen Poetry (d901b251-951c-42c6-91fd-d5d557475047) ---
  [HIGH] practice_questions ×1 — PQ0: same broken ladder
  PATCHed practice_questions

--- L3 Structure & Form in Unseen Poetry (6ce6f512-0f95-4bd7-ae9d-caf2b7421c8a) ---
  [HIGH] practice_questions ×1 — PQ0: same broken ladder
  [MEDIUM] content_html ×1 — n2: quoted text was not the AO2 wording; replaced with the spec verbatim
  PATCHed practice_questions, content_html

--- L4 Comparing Two Unseen Poems (13f841e6-b364-4caf-9ea5-50124619234b) ---
  [HIGH] conclusion_html ×1 — n27 takeaway
  [HIGH] exam_tip_html ×1 — n25 exam tip
  [HIGH] exam_tip_html ×1 — n25 exam tip
  [HIGH] practice_questions ×1 — PQ2 stem
  [HIGH] practice_questions ×1 — PQ2 scheme
  [HIGH] practice_questions ×1 — PQ2 scheme
  [HIGH] practice_questions ×1 — PQ2 scheme
  [HIGH] practice_questions ×1 — PQ3 stem
  [HIGH] practice_questions ×1 — PQ4 stem
  [HIGH] practice_questions ×1 — PQ5 stem
  [HIGH] knowledge_checks ×1 — KC3 stem
  [HIGH] knowledge_checks ×1 — KC0 stem
  [HIGH] knowledge_checks ×1 — KC1 stem
  [HIGH] knowledge_checks ×1 — KC2 stem
  [HIGH] knowledge_checks ×1 — KC4 stem
  [HIGH] knowledge_checks ×1 — KC4 match target
  [HIGH] glossary_terms ×1 — glossary definition
  [MEDIUM] content_html ×1 — content_html ended with an unclosed <p data-narration-id="n24">
  PATCHed conclusion_html, exam_tip_html, practice_questions, knowledge_checks, glossary_terms, content_html

32 string replacements across 4 lessons.
