
=== RE-NARRATION (changed narrated text only) ===
run: 2026-08-30T12:53:49Z  mode: DRY RUN
  L02: no narrated field changed -> skip

3 lessons, 5 clips to regenerate

  L01 (Ollie)  Reading & Analysing an Unseen Poem
      n3
        OLD: Key Fact . Section C contains two questions . Question 27 asks you to analyse a single unseen poem and is worth 24 marks . Question 28 asks you to compare the first poem with a second unseen poem and is worth 8 marks . Y
        NEW: Key Fact . Section C contains two questions . Question 27.1 asks you to analyse a single unseen poem and is worth 24 marks . Question 27.2 asks you to compare the first poem with a second unseen poem and is worth 8 marks
      n26
        OLD: For Q27 (24 marks), aim for three well-developed paragraphs in 25 minutes. It is better to write three paragraphs with detailed, close analysis of specific words than five paragraphs with surface-level comments. Quality 
        NEW: For Q27.1 (24 marks), aim for three well-developed paragraphs in 25 minutes. It is better to write three paragraphs with detailed, close analysis of specific words than five paragraphs with surface-level comments. Qualit
  L03 (Ollie)  Structure & Form in Unseen Poetry
      n2
        OLD: Many students focus exclusively on language when analysing unseen poetry and ignore structure and form entirely. This limits their marks significantly. AO2 explicitly assesses your ability to analyse “the effects of the 
        NEW: Many students focus exclusively on language when analysing unseen poetry and ignore structure and form entirely. This limits their marks significantly. AO2 explicitly assesses your ability to “analyse the language, form 
  L04 (Ada)  Comparing Two Unseen Poems
      n25
        OLD: Q28 is the last question on the entire paper. Many students rush it or run out of time. To avoid this, keep strict time: 25 minutes for Q27, then 20 minutes for Q28. Two well-developed comparative paragraphs will score h
        NEW: Q27.2 is the last question on the entire paper. Many students rush it or run out of time. To avoid this, keep strict time: 25 minutes for Q27.1, then 20 minutes for Q27.2. Two well-developed comparative paragraphs will s
      n27
        OLD: Q28 is worth 8 marks and is assessed on AO2 only (methods). Compare how the poets use language, structure, and form — not just what the poems are about.
        NEW: Q27.2 is worth 8 marks and is assessed on AO2 only (methods). Compare how the poets use language, structure, and form — not just what the poems are about.

=== RE-NARRATION (changed narrated text only) ===
run: 2026-08-30T12:53:58Z  mode: LIVE
  L02: no narrated field changed -> skip

3 lessons, 5 clips to regenerate

  L01 (Ollie)  Reading & Analysing an Unseen Poem
      n3: Key Fact . Section C contains two questions . Question 27.1 asks you to analyse a single u
             -> 281 KB, 7.0s, uploaded
      n26: For Q27.1 (24 marks), aim for three well-developed paragraphs in 25 minutes. It is better 
             -> 260 KB, 6.5s, uploaded
      manifest updated (30 entries)
  L03 (Ollie)  Structure & Form in Unseen Poetry
      n2: Many students focus exclusively on language when analysing unseen poetry and ignore struct
             -> 316 KB, 26.8s, uploaded
      manifest updated (29 entries)
  L04 (Ada)  Comparing Two Unseen Poems
      n25: Q27.2 is the last question on the entire paper. Many students rush it or run out of time. 
             -> 324 KB, 8.2s, uploaded
      n27: Q27.2 is worth 8 marks and is assessed on AO2 only (methods). Compare how the poets use la
             -> 143 KB, 17.9s, uploaded
      manifest updated (29 entries)

Regenerated 5 clips.

=== VERIFY (HTTP + freshness) ===
  206  L01 n3  bytes 0-3/288000  Last-Modified: Sun, 30 Aug 2026 12:54:05 GMT  mp3-sync='OK'
  206  L01 n26  bytes 0-3/265824  Last-Modified: Sun, 30 Aug 2026 12:54:09 GMT  mp3-sync='OK'
  206  L03 n2  bytes 0-3/324000  Last-Modified: Sun, 30 Aug 2026 12:54:14 GMT  mp3-sync='OK'
  206  L04 n25  bytes 0-3/331776  Last-Modified: Sun, 30 Aug 2026 12:54:19 GMT  mp3-sync='OK'
  206  L04 n27  bytes 0-3/146592  Last-Modified: Sun, 30 Aug 2026 12:54:22 GMT  mp3-sync='OK'

5/5 clips verified.
