
=== RE-NARRATION (changed narrated text only) ===
backup: C:\Users\tshau\Documents\Study Vault\scripts\_retrofc\units\computer-science-aqa__databases-sql\_backup.json
unit:   computer-science-aqa / databases-sql
run: 2026-09-06T10:52:10Z  mode: LIVE

3 lessons, 4 clips to regenerate

  L01 (Ollie)  Relational Databases: Tables, Keys and Relationships
      n32: The same concepts appear with different names depending on context. When discussing an abstract data model: an
             -> 305 KB, 26.0s, uploaded
      manifest updated (37 entries)
  L02 (Ada)  SQL: Retrieving Data with SELECT, FROM, WHERE, ORDER BY
      n30: Key Fact . In a WHERE clause: text values go inside single quotes; numbers do not. The wildcard character % is
             -> 349 KB, 29.8s, uploaded
      n45: Build an SQL answer one clause at a time: the right columns after SELECT, the right table after FROM, the righ
             -> 335 KB, 28.6s, uploaded
      manifest updated (49 entries)
  L03 (Ollie)  SQL: Modifying Data with INSERT, UPDATE and DELETE
      n43: The most common error in SQL modification questions is writing an UPDATE or DELETE without a WHERE clause. A D
             -> 311 KB, 26.5s, uploaded
      manifest updated (47 entries)

Regenerated 4 clips.

=== VERIFY (ranged GET + freshness) ===
  206  L01 n32  bytes 0-3/312192  Last-Modified: Sun, 06 Sep 2026 10:52:21 GMT  mp3-sync=OK
  206  L02 n30  bytes 0-3/357408  Last-Modified: Sun, 06 Sep 2026 10:52:30 GMT  mp3-sync=OK
  206  L02 n45  bytes 0-3/342720  Last-Modified: Sun, 06 Sep 2026 10:52:37 GMT  mp3-sync=OK
  206  L03 n43  bytes 0-3/318528  Last-Modified: Sun, 06 Sep 2026 10:52:43 GMT  mp3-sync=OK

4/4 clips verified HTTP 200/206 with fresh audio.
