=== APPLY EDITS english-literature-eduqas/an-inspector-calls  193 edits  LIVE  2026-09-03T21:13:20.595Z
  ok   #0 L1.content_html [HIGH] F2/F4/F10: AO4 is technical accuracy, not context; board name removed; the line is Act 2
  ok   #1 L1.content_html [MEDIUM] F9: the Common Wealth Party was founded in July 1942, with Priestley as its first chair
  ok   #2 L1.exam_tip_html [HIGH] F1/F2/F4: one 40-mark source-based question; context is not credited in this section
  ok   #3 L1.exam_tip_html [HIGH] F2: context does not earn AO4 marks
  ok   #4 L1.glossary_terms[5].term [HIGH] F2: AO4 in this specification is technical accuracy, not context
  ok   #5 L1.glossary_terms[5].definition [HIGH] F2/F4: definition corrected and the board name removed
  ok   #52 L1.practice_questions[0].type [HIGH] F3: the drama question is one 40-mark source-based response built on a printed extract plus the whole play; th
  ok   #53 L1.practice_questions[0].text [HIGH] F3: the question is worth 40 marks, not 20.
  ok   #54 L1.practice_questions[0].marks [HIGH] F3: band ladder rescaled to the 40-mark question
  ok   #55 L1.practice_questions[1].type [HIGH] F3: the drama question is one 40-mark source-based response built on a printed extract plus the whole play; th
  ok   #56 L1.practice_questions[1].text [HIGH] F3: the question is worth 40 marks, not 20.
  ok   #57 L1.practice_questions[1].marks [HIGH] F3: band ladder rescaled to the 40-mark question; F2
  ok   #58 L1.practice_questions[2].type [HIGH] F3: the drama question is one 40-mark source-based response built on a printed extract plus the whole play; th
  ok   #59 L1.practice_questions[2].marks [HIGH] F3: band ladder rescaled to the 40-mark question
  ok   #60 L1.practice_questions[3].type [HIGH] F3: the drama question is one 40-mark source-based response built on a printed extract plus the whole play; th
  ok   #61 L1.practice_questions[3].text [HIGH] F3: the question is worth 40 marks, not 20.
  ok   #62 L1.practice_questions[3].marks [HIGH] F3: band ladder rescaled to the 40-mark question
  ok   #63 L1.practice_questions[4].type [HIGH] F3: the drama question is one 40-mark source-based response built on a printed extract plus the whole play; th
  ok   #64 L1.practice_questions[4].text [HIGH] F3: the question is worth 40 marks, not 20.
  ok   #65 L1.practice_questions[4].marks [HIGH] F3: band ladder rescaled to the 40-mark question
  ok   #66 L1.practice_questions[5].type [HIGH] F3: the drama question is one 40-mark source-based response built on a printed extract plus the whole play; th
  ok   #67 L1.practice_questions[5].marks [HIGH] F3: band ladder rescaled to the 40-mark question
  PATCH L1: content_html, exam_tip_html, glossary_terms, practice_questions
  ok   #6 L2.content_html [MEDIUM] F12: the Titanic and war speech is given at the table, before the women leave
  ok   #7 L2.content_html [HIGH] F5: the line is Sheila's, not the Inspector's
  ok   #8 L2.content_html [HIGH] F5/F2/F4: Sheila speaks the line; AO4 is not context; board name removed
  ok   #9 L2.exam_tip_html [HIGH] F1/F4: there is no part (a); board name removed
  ok   #10 L2.knowledge_checks[2].q [HIGH] F5: the stem named the wrong speaker
  ok   #11 L2.flashcard_questions[0].q [MEDIUM] F13: the question asked about 'cranks' but the answer is the 'mind his own business' line
  ok   #12 L2.flashcard_questions[1].q [HIGH] F5: the line is Sheila's
  ok   #68 L2.practice_questions[0].type [HIGH] F3: the drama question is one 40-mark source-based response built on a printed extract plus the whole play; th
  ok   #69 L2.practice_questions[0].text [HIGH] F3: the question is worth 40 marks, not 20.
  ok   #70 L2.practice_questions[0].marks [HIGH] F3: band ladder rescaled to the 40-mark question; F2
  ok   #71 L2.practice_questions[1].type [HIGH] F3: the drama question is one 40-mark source-based response built on a printed extract plus the whole play; th
  ok   #72 L2.practice_questions[1].text [HIGH] F3: the question is worth 40 marks, not 20.
  ok   #73 L2.practice_questions[1].marks [HIGH] F3: band ladder rescaled to the 40-mark question; F5
  ok   #74 L2.practice_questions[2].type [HIGH] F3: the drama question is one 40-mark source-based response built on a printed extract plus the whole play; th
  ok   #75 L2.practice_questions[2].text [HIGH] F3: the question is worth 40 marks, not 20.
  ok   #76 L2.practice_questions[2].marks [HIGH] F3: band ladder rescaled to the 40-mark question
  ok   #77 L2.practice_questions[3].type [HIGH] F3: the drama question is one 40-mark source-based response built on a printed extract plus the whole play; th
  ok   #78 L2.practice_questions[3].marks [HIGH] F3: band ladder rescaled to the 40-mark question
  ok   #79 L2.practice_questions[4].type [HIGH] F3: the drama question is one 40-mark source-based response built on a printed extract plus the whole play; th
  ok   #80 L2.practice_questions[4].text [HIGH] F3: the question is worth 40 marks, not 20.
  ok   #81 L2.practice_questions[4].marks [HIGH] F3: band ladder rescaled to the 40-mark question
  ok   #82 L2.practice_questions[5].type [HIGH] F3: the drama question is one 40-mark source-based response built on a printed extract plus the whole play; th
  ok   #83 L2.practice_questions[5].text [HIGH] F3: the question is worth 40 marks, not 20.
  ok   #84 L2.practice_questions[5].marks [HIGH] F3: band ladder rescaled to the 40-mark question
  PATCH L2: content_html, exam_tip_html, knowledge_checks, flashcard_questions, practice_questions
  ok   #13 L3.content_html [LOW] F16: two words were dropped from Gerald's line
  ok   #14 L3.content_html [MEDIUM] F17: 'gross' belongs to 'gross impertinence' about the name, not to Eva's manner
  ok   #15 L3.content_html [MEDIUM] F11: that warning closes Act 1, not Act 2
  ok   #16 L3.content_html [MEDIUM] F8: the 'silly, nonsensical things' quotation is not in the play
  ok   #17 L3.content_html [HIGH] F6: 'rather agitated but quite determined' is not a stage direction in the play
  ok   #18 L3.exam_tip_html [HIGH] F1/F4: there is no part (b); board name removed
  ok   #19 L3.exam_tip_html [MEDIUM] F1: 'the elsewhere requirement' belongs to a two-part format this board does not use
  ok   #20 L3.knowledge_checks[1].options[1] [MEDIUM] F17: the keyed answer mis-attached 'gross' to Eva's manner; correct index 1 unchanged
  ok   #21 L3.flashcard_questions[7].a [MEDIUM] F17: 'gross' modifies the impertinence, not Eva
  ok   #22 L3.flashcard_questions[11].q [HIGH] F6: the card asked for a stage direction that does not exist
  ok   #23 L3.flashcard_questions[11].a [HIGH] F6: replaced the fabricated stage direction with her real Act 3 line
  ok   #85 L3.practice_questions[0].type [HIGH] F3: the drama question is one 40-mark source-based response built on a printed extract plus the whole play; th
  ok   #86 L3.practice_questions[0].text [HIGH] F3: the question is worth 40 marks, not 20.
  ok   #87 L3.practice_questions[0].marks [HIGH] F3: band ladder rescaled to the 40-mark question
  ok   #88 L3.practice_questions[1].type [HIGH] F3: the drama question is one 40-mark source-based response built on a printed extract plus the whole play; th
  ok   #89 L3.practice_questions[1].text [HIGH] F3: the question is worth 40 marks, not 20.
  ok   #90 L3.practice_questions[1].marks [HIGH] F3: band ladder rescaled to the 40-mark question; F6
  ok   #91 L3.practice_questions[2].type [HIGH] F3: the drama question is one 40-mark source-based response built on a printed extract plus the whole play; th
  ok   #92 L3.practice_questions[2].text [HIGH] F3: the question is worth 40 marks, not 20.
  ok   #93 L3.practice_questions[2].marks [HIGH] F3: band ladder rescaled to the 40-mark question
  ok   #94 L3.practice_questions[3].type [HIGH] F3: the drama question is one 40-mark source-based response built on a printed extract plus the whole play; th
  ok   #95 L3.practice_questions[3].text [HIGH] F3: the question is worth 40 marks, not 20.
  ok   #96 L3.practice_questions[3].marks [HIGH] F3: band ladder rescaled to the 40-mark question
  ok   #97 L3.practice_questions[4].type [HIGH] F3: the drama question is one 40-mark source-based response built on a printed extract plus the whole play; th
  ok   #98 L3.practice_questions[4].text [HIGH] F3: the question is worth 40 marks, not 20.
  ok   #99 L3.practice_questions[4].marks [HIGH] F3: band ladder rescaled to the 40-mark question
  ok   #100 L3.practice_questions[5].type [HIGH] F3: the drama question is one 40-mark source-based response built on a printed extract plus the whole play; th
  ok   #101 L3.practice_questions[5].text [HIGH] F3: the question is worth 40 marks, not 20.
  ok   #102 L3.practice_questions[5].marks [HIGH] F3: band ladder rescaled to the 40-mark question
  PATCH L3: content_html, exam_tip_html, knowledge_checks, flashcard_questions, practice_questions
  ok   #24 L4.exam_tip_html [HIGH] F1/F4: there is no part (b); board name removed
  ok   #25 L4.exam_tip_html [HIGH] F2: AO4 is technical accuracy, not authorial purpose or context
  ok   #26 L4.content_html [MEDIUM] F15: the stage direction is 'looks in a panic-stricken fashion at the others'
  ok   #27 L4.flashcard_questions[1].q [MEDIUM] F14: question and answer did not match
  ok   #103 L4.practice_questions[0].type [HIGH] F3: the drama question is one 40-mark source-based response built on a printed extract plus the whole play; th
  ok   #104 L4.practice_questions[0].text [HIGH] F3: the question is worth 40 marks, not 20.
  ok   #105 L4.practice_questions[0].marks [HIGH] F3: band ladder rescaled to the 40-mark question
  ok   #106 L4.practice_questions[1].type [HIGH] F3: the drama question is one 40-mark source-based response built on a printed extract plus the whole play; th
  ok   #107 L4.practice_questions[1].text [HIGH] F3: the question is worth 40 marks, not 20.
  ok   #108 L4.practice_questions[1].marks [HIGH] F3: band ladder rescaled to the 40-mark question; F2
  ok   #109 L4.practice_questions[2].type [HIGH] F3: the drama question is one 40-mark source-based response built on a printed extract plus the whole play; th
  ok   #110 L4.practice_questions[2].text [HIGH] F3: the question is worth 40 marks, not 20.
  ok   #111 L4.practice_questions[2].marks [HIGH] F3: band ladder rescaled to the 40-mark question
  ok   #112 L4.practice_questions[3].type [HIGH] F3: the drama question is one 40-mark source-based response built on a printed extract plus the whole play; th
  ok   #113 L4.practice_questions[3].text [HIGH] F3: the question is worth 40 marks, not 20.
  ok   #114 L4.practice_questions[3].marks [HIGH] F3: band ladder rescaled to the 40-mark question
  ok   #115 L4.practice_questions[4].type [HIGH] F3: the drama question is one 40-mark source-based response built on a printed extract plus the whole play; th
  ok   #116 L4.practice_questions[4].text [HIGH] F3: the question is worth 40 marks, not 20.
  ok   #117 L4.practice_questions[4].marks [HIGH] F3: band ladder rescaled to the 40-mark question
  ok   #118 L4.practice_questions[5].type [HIGH] F3: the drama question is one 40-mark source-based response built on a printed extract plus the whole play; th
  ok   #119 L4.practice_questions[5].text [HIGH] F3: the question is worth 40 marks, not 20.
  ok   #120 L4.practice_questions[5].marks [HIGH] F3: band ladder rescaled to the 40-mark question
  PATCH L4: exam_tip_html, content_html, flashcard_questions, practice_questions
  ok   #28 L5.content_html [HIGH] F6: 'rather agitated but quite determined' is not in the play
  ok   #29 L5.exam_tip_html [MEDIUM] F4: board named in student-facing text
  ok   #30 L5.flashcard_questions[7].a [HIGH] F6: replaced the fabricated 'quite determined' with her real Act 2 line
  ok   #31 L5.flashcard_questions[9].a [LOW] F19: Birling has not bought a knighthood; he hopes for one
  ok   #121 L5.practice_questions[0].type [HIGH] F3: the drama question is one 40-mark source-based response built on a printed extract plus the whole play; th
  ok   #122 L5.practice_questions[0].text [HIGH] F3: the question is worth 40 marks, not 20.
  ok   #123 L5.practice_questions[0].marks [HIGH] F3: band ladder rescaled to the 40-mark question
  ok   #124 L5.practice_questions[1].type [HIGH] F3: the drama question is one 40-mark source-based response built on a printed extract plus the whole play; th
  ok   #125 L5.practice_questions[1].text [HIGH] F3: the question is worth 40 marks, not 20.
  ok   #126 L5.practice_questions[1].marks [HIGH] F3: band ladder rescaled to the 40-mark question; F6
  ok   #127 L5.practice_questions[2].type [HIGH] F3: the drama question is one 40-mark source-based response built on a printed extract plus the whole play; th
  ok   #128 L5.practice_questions[2].text [HIGH] F3: the question is worth 40 marks, not 20.
  ok   #129 L5.practice_questions[2].marks [HIGH] F3: band ladder rescaled to the 40-mark question
  ok   #130 L5.practice_questions[3].type [HIGH] F3: the drama question is one 40-mark source-based response built on a printed extract plus the whole play; th
  ok   #131 L5.practice_questions[3].text [HIGH] F3: the question is worth 40 marks, not 20.
  ok   #132 L5.practice_questions[3].marks [HIGH] F3: band ladder rescaled to the 40-mark question
  ok   #133 L5.practice_questions[4].type [HIGH] F3: the drama question is one 40-mark source-based response built on a printed extract plus the whole play; th
  ok   #134 L5.practice_questions[4].text [HIGH] F3: the question is worth 40 marks, not 20.
  ok   #135 L5.practice_questions[4].marks [HIGH] F3: band ladder rescaled to the 40-mark question
  ok   #136 L5.practice_questions[5].type [HIGH] F3: the drama question is one 40-mark source-based response built on a printed extract plus the whole play; th
  ok   #137 L5.practice_questions[5].text [HIGH] F3: the question is worth 40 marks, not 20.
  ok   #138 L5.practice_questions[5].marks [HIGH] F3: band ladder rescaled to the 40-mark question
  PATCH L5: content_html, exam_tip_html, flashcard_questions, practice_questions
  ok   #32 L6.content_html [MEDIUM] F4: board named in student-facing text
  ok   #33 L6.content_html [MEDIUM] F4: board named in student-facing text
  ok   #34 L6.exam_tip_html [HIGH] F1: there is no part (b)
  ok   #139 L6.practice_questions[0].type [HIGH] F3: the drama question is one 40-mark source-based response built on a printed extract plus the whole play; th
  ok   #140 L6.practice_questions[0].text [HIGH] F3: the question is worth 40 marks, not 20.
  ok   #141 L6.practice_questions[0].marks [HIGH] F3: band ladder rescaled to the 40-mark question
  ok   #142 L6.practice_questions[1].type [HIGH] F3: the drama question is one 40-mark source-based response built on a printed extract plus the whole play; th
  ok   #143 L6.practice_questions[1].text [HIGH] F3: the question is worth 40 marks, not 20.
  ok   #144 L6.practice_questions[1].marks [HIGH] F3: band ladder rescaled to the 40-mark question
  ok   #145 L6.practice_questions[2].type [HIGH] F3: the drama question is one 40-mark source-based response built on a printed extract plus the whole play; th
  ok   #146 L6.practice_questions[2].text [HIGH] F3: the question is worth 40 marks, not 20.
  ok   #147 L6.practice_questions[2].marks [HIGH] F3: band ladder rescaled to the 40-mark question
  ok   #148 L6.practice_questions[3].type [HIGH] F3: the drama question is one 40-mark source-based response built on a printed extract plus the whole play; th
  ok   #149 L6.practice_questions[3].text [HIGH] F3: the question is worth 40 marks, not 20.
  ok   #150 L6.practice_questions[3].marks [HIGH] F3: band ladder rescaled to the 40-mark question; F15
  ok   #151 L6.practice_questions[4].type [HIGH] F3: the drama question is one 40-mark source-based response built on a printed extract plus the whole play; th
  ok   #152 L6.practice_questions[4].text [HIGH] F3: the question is worth 40 marks, not 20.
  ok   #153 L6.practice_questions[4].marks [HIGH] F3: band ladder rescaled to the 40-mark question
  ok   #154 L6.practice_questions[5].type [HIGH] F3: the drama question is one 40-mark source-based response built on a printed extract plus the whole play; th
  ok   #155 L6.practice_questions[5].text [HIGH] F3: the question is worth 40 marks, not 20.
  ok   #156 L6.practice_questions[5].marks [HIGH] F3: band ladder rescaled to the 40-mark question
  PATCH L6: content_html, exam_tip_html, practice_questions
  ok   #35 L7.content_html [HIGH] F5: the rebuke is Sheila's answer to the Inspector, not the Inspector's line
  ok   #36 L7.content_html [MEDIUM] F7: 'her feelings and her hopes' is not in the play
  ok   #37 L7.content_html [MEDIUM] F7: 'her feelings and her hopes' is not in the play
  ok   #38 L7.exam_tip_html [HIGH] F1/F2: there is no part (b), and AO4 is written accuracy rather than context
  ok   #39 L7.knowledge_checks[4].q [HIGH] F5: the first item is Sheila's line, so the stem could not say 'Inspector quotation'
  ok   #40 L7.flashcard_questions[4].q [HIGH] F5: the line is Sheila's
  ok   #157 L7.practice_questions[0].type [HIGH] F3: the drama question is one 40-mark source-based response built on a printed extract plus the whole play; th
  ok   #158 L7.practice_questions[0].text [HIGH] F3: the question is worth 40 marks, not 20.
  ok   #159 L7.practice_questions[0].marks [HIGH] F3: band ladder rescaled to the 40-mark question
  ok   #160 L7.practice_questions[1].type [HIGH] F3: the drama question is one 40-mark source-based response built on a printed extract plus the whole play; th
  ok   #161 L7.practice_questions[1].text [HIGH] F3: the question is worth 40 marks, not 20.
  ok   #162 L7.practice_questions[1].marks [HIGH] F3: band ladder rescaled to the 40-mark question; F5; F10; F2
  ok   #163 L7.practice_questions[2].type [HIGH] F3: the drama question is one 40-mark source-based response built on a printed extract plus the whole play; th
  ok   #164 L7.practice_questions[2].text [HIGH] F3: the question is worth 40 marks, not 20.
  ok   #165 L7.practice_questions[2].marks [HIGH] F3: band ladder rescaled to the 40-mark question
  ok   #166 L7.practice_questions[3].type [HIGH] F3: the drama question is one 40-mark source-based response built on a printed extract plus the whole play; th
  ok   #167 L7.practice_questions[3].text [HIGH] F3: the question is worth 40 marks, not 20.
  ok   #168 L7.practice_questions[3].marks [HIGH] F3: band ladder rescaled to the 40-mark question
  ok   #169 L7.practice_questions[4].type [HIGH] F3: the drama question is one 40-mark source-based response built on a printed extract plus the whole play; th
  ok   #170 L7.practice_questions[4].text [HIGH] F3: the question is worth 40 marks, not 20.
  ok   #171 L7.practice_questions[4].marks [HIGH] F3: band ladder rescaled to the 40-mark question
  ok   #172 L7.practice_questions[5].type [HIGH] F3: the drama question is one 40-mark source-based response built on a printed extract plus the whole play; th
  ok   #173 L7.practice_questions[5].text [HIGH] F3: the question is worth 40 marks, not 20.
  ok   #174 L7.practice_questions[5].marks [HIGH] F3: band ladder rescaled to the 40-mark question; F5
  PATCH L7: content_html, exam_tip_html, knowledge_checks, flashcard_questions, practice_questions
  ok   #41 L8.description [HIGH] F1/F4: no two-part question and no board name. New description is 88 characters.
  ok   #42 L8.content_html [LOW] F18: 'cheap labour' is the Inspector's phrase and Sheila's, never Birling's
  ok   #43 L8.content_html [LOW] F18: the phrasing implied the Inspector spoke Sheila's line
  ok   #44 L8.content_html [HIGH] F6: 'quite determined' is not in the play
  ok   #45 L8.content_html [HIGH] F1/F2: one 40-mark source-based question, closed book; AO4 is written accuracy, not context
  ok   #46 L8.content_html [HIGH] F2: context is not assessed on this question
  ok   #47 L8.conclusion_html [HIGH] F1/F2/F4: no two-part split, no board name, AO4 is written accuracy
  ok   #48 L8.exam_tip_html [HIGH] F1/F2/F4: one 40-mark question worth about 50 minutes; context is not credited
  ok   #49 L8.knowledge_checks[3].q [HIGH] F1/F4: no (a)/(b) split and no board name; correct index 2 ('40') is unchanged
  ok   #50 L8.flashcard_questions[9].q [HIGH] F1/F4: board name removed
  ok   #51 L8.flashcard_questions[9].a [HIGH] F1: the 20 + 20 split is not this board's format
  ok   #175 L8.practice_questions[0].type [HIGH] F3: the drama question is one 40-mark source-based response built on a printed extract plus the whole play; th
  ok   #176 L8.practice_questions[0].text [HIGH] F3: the question is worth 40 marks, not 20.
  ok   #177 L8.practice_questions[0].marks [HIGH] F3: band ladder rescaled to the 40-mark question; F2
  ok   #178 L8.practice_questions[1].type [HIGH] F3: the drama question is one 40-mark source-based response built on a printed extract plus the whole play; th
  ok   #179 L8.practice_questions[1].text [HIGH] F3: the question is worth 40 marks, not 20.
  ok   #180 L8.practice_questions[1].marks [HIGH] F3: band ladder rescaled to the 40-mark question; F18
  ok   #181 L8.practice_questions[2].type [HIGH] F3: the drama question is one 40-mark source-based response built on a printed extract plus the whole play; th
  ok   #182 L8.practice_questions[2].text [HIGH] F3: the question is worth 40 marks, not 20.
  ok   #183 L8.practice_questions[2].marks [HIGH] F3: band ladder rescaled to the 40-mark question; F17
  ok   #184 L8.practice_questions[3].type [HIGH] F3: the drama question is one 40-mark source-based response built on a printed extract plus the whole play; th
  ok   #185 L8.practice_questions[3].text [HIGH] F3: the question is worth 40 marks, not 20.
  ok   #186 L8.practice_questions[3].marks [HIGH] F3: band ladder rescaled to the 40-mark question
  ok   #187 L8.practice_questions[4].type [HIGH] F3: the drama question is one 40-mark source-based response built on a printed extract plus the whole play; th
  ok   #188 L8.practice_questions[4].text [HIGH] F3: the question is worth 40 marks, not 20.
  ok   #189 L8.practice_questions[4].marks [HIGH] F3: band ladder rescaled to the 40-mark question
  ok   #190 L8.practice_questions[5].type [HIGH] F3: the drama question is one 40-mark source-based response built on a printed extract plus the whole play; th
  ok   #191 L8.practice_questions[5].text [HIGH] F3: the question is worth 40 marks, not 20.
  ok   #192 L8.practice_questions[5].marks [HIGH] F3: band ladder rescaled to the 40-mark question; F11
  PATCH L8: description, content_html, conclusion_html, exam_tip_html, knowledge_checks, flashcard_questions, practice_questions
=== 193 applied, 0 skipped, 8 lessons / 37 fields changed
