
=== RE-NARRATION (changed narrated text only) ===
backup: C:\Users\tshau\Documents\Study Vault\scripts\_retrofc\units\english-literature-eduqas__an-inspector-calls\_backup.json
unit:   english-literature-eduqas / an-inspector-calls
run: 2026-09-03T21:13:25Z  mode: LIVE

8 lessons, 30 clips to regenerate

  L01 (Ollie)  Context: 1912 vs 1945, Priestley's Socialism
      n9: In 1942, Priestley helped found the Common Wealth Party, and he championed the ideas that led to the 1945 Labo
             -> 337 KB, 28.7s, uploaded
      n17: This line, spoken by the Inspector in Act 2, directly challenges Birling’s philosophy. Birling believes that w
             -> 447 KB, 38.2s, uploaded
      n18: Your drama question is one source-based task worth 40 marks. An extract is printed on the paper, and a single 
             -> 549 KB, 46.9s, uploaded
      manifest updated (22 entries)
  L02 (Ada)  Act 1: The Birlings' World Shattered
      n6: Still at the dinner table, Birling delivers his infamous speech. He dismisses the threat of war — “the Germans
             -> 346 KB, 29.5s, uploaded
      n13: Key Fact . Sheila’s line “these girls aren’t cheap labour — they’re people” is the play’s moral core stated ea
             -> 343 KB, 29.3s, uploaded
      n19: Your drama answer works on a printed extract and on the rest of the play, so always start by identifying the w
             -> 350 KB, 29.9s, uploaded
      manifest updated (23 entries)
  L03 (Ollie)  Act 2: Gerald & Mrs Birling Exposed
      n8: Gerald occupies a middle ground between the older and younger Birlings. Unlike Arthur and Sybil, he is genuine
             -> 344 KB, 29.4s, uploaded
      n11: The most devastating section of Act 2 belongs to Mrs Birling (Sybil) . Eva, now desperate and pregnant, applie
             -> 422 KB, 36.0s, uploaded
      n15: Sheila grows more perceptive as the evening goes on. Her warning to Gerald at the very end of Act 1 — “You foo
             -> 337 KB, 28.7s, uploaded
      n17: Mrs Birling’s language is formal, controlled, and dismissive. She refers to Eva as “girls of that class.” She 
             -> 368 KB, 31.4s, uploaded
      n18: Unlike Birling, whose bluster occasionally reveals anxiety, Mrs Birling never wavers. She is the play’s most u
             -> 317 KB, 27.1s, uploaded
      n19: Your drama answer must range across the whole play, not just one scene. A strong answer about Mrs Birling woul
             -> 299 KB, 25.5s, uploaded
      manifest updated (23 entries)
  L04 (Ada)  Act 3: Eric, the Speech & the Twist
      n16: The play’s final moments are its most theatrical. Just as the Birlings are congratulating themselves, the tele
             -> 278 KB, 23.7s, uploaded
      n20: The cyclical ending is a gift in the exam. If the printed extract is from Act 3, you can analyse the phone cal
             -> 372 KB, 31.8s, uploaded
      manifest updated (24 entries)
  L05 (Ollie)  Character Analysis
      n7: Mrs Birling is the play’s most static character. She never accepts responsibility. Even after the Inspector’s 
             -> 300 KB, 25.6s, uploaded
      n18: Character questions often ask how Priestley ‘presents’ a character. This means you must analyse the writer’s m
             -> 358 KB, 30.5s, uploaded
      manifest updated (22 entries)
  L06 (Ada)  Structure & Dramatic Devices
      n9: In a theatre, this shift is visible to the audience and signals the play’s tonal change before a single word i
             -> 224 KB, 19.1s, uploaded
      n20: Strong structural points for the exam include: the three unities (claustrophobic pressure), the lighting shift
             -> 210 KB, 17.9s, uploaded
      n21: Structure is one of the highest-scoring AO2 points you can make. If the extract is from near the start or end 
             -> 327 KB, 27.9s, uploaded
      manifest updated (25 entries)
  L07 (Ollie)  The Inspector's Role
      n6: The Inspector’s views align exactly with Priestley’s. His assertion that “Public men have responsibilities as 
             -> 354 KB, 30.2s, uploaded
      n12: Priestley makes the Inspector the only character who sees Eva Smith as a complete human being. While each Birl
             -> 312 KB, 26.6s, uploaded
      n17: Every Birling reduces Eva to one dimension: Birling sees a troublesome worker, Sheila sees a rival, Gerald see
             -> 280 KB, 23.9s, uploaded
      n19: If the extract features the Inspector, analyse his language methods carefully. Note his controlled register (c
             -> 390 KB, 33.2s, uploaded
      manifest updated (23 entries)
  L08 (Ada)  Key Themes & Exam Technique
      n6: Class is the mechanism through which responsibility is avoided. The Birlings feel entitled to treat Eva badly 
             -> 322 KB, 27.5s, uploaded
      n7: Priestley shows that the class system is not just unfair — it is actively destructive. It allows the powerful 
             -> 361 KB, 30.8s, uploaded
      n8: The generational divide is Priestley’s structural expression of hope. The older generation — Arthur and Sybil 
             -> 308 KB, 26.3s, uploaded
      n17: Your drama question on An Inspector Calls is a single source-based task worth 40 marks. An extract is printed 
             -> 364 KB, 31.1s, uploaded
      n18: For close extract work, stay close to the passage. Analyse specific words, phrases, and techniques. Use short 
             -> 415 KB, 35.4s, uploaded
      n21: The drama question is worth 40 marks, and the paper gives you two and a half hours for three sections, so plan
             -> 404 KB, 34.5s, uploaded
      n25: The drama question is one 40-mark source-based response: close analysis of the printed extract and range acros
             -> 198 KB, 16.9s, uploaded
      manifest updated (25 entries)

Regenerated 30 clips.

=== VERIFY (ranged GET + freshness) ===
  206  L01 n9  bytes 0-3/344736  Last-Modified: Thu, 03 Sep 2026 21:13:32 GMT  mp3-sync=OK
  206  L01 n17  bytes 0-3/458208  Last-Modified: Thu, 03 Sep 2026 21:13:38 GMT  mp3-sync=OK
  206  L01 n18  bytes 0-3/562176  Last-Modified: Thu, 03 Sep 2026 21:13:47 GMT  mp3-sync=OK
  206  L02 n6  bytes 0-3/353952  Last-Modified: Thu, 03 Sep 2026 21:13:52 GMT  mp3-sync=OK
  206  L02 n13  bytes 0-3/351648  Last-Modified: Thu, 03 Sep 2026 21:13:57 GMT  mp3-sync=OK
  206  L02 n19  bytes 0-3/358560  Last-Modified: Thu, 03 Sep 2026 21:14:02 GMT  mp3-sync=OK
  206  L03 n8  bytes 0-3/352512  Last-Modified: Thu, 03 Sep 2026 21:14:08 GMT  mp3-sync=OK
  206  L03 n11  bytes 0-3/432576  Last-Modified: Thu, 03 Sep 2026 21:14:13 GMT  mp3-sync=OK
  206  L03 n15  bytes 0-3/344736  Last-Modified: Thu, 03 Sep 2026 21:14:20 GMT  mp3-sync=OK
  206  L03 n17  bytes 0-3/376704  Last-Modified: Thu, 03 Sep 2026 21:14:25 GMT  mp3-sync=OK
  206  L03 n18  bytes 0-3/324576  Last-Modified: Thu, 03 Sep 2026 21:14:31 GMT  mp3-sync=OK
  206  L03 n19  bytes 0-3/305856  Last-Modified: Thu, 03 Sep 2026 21:14:35 GMT  mp3-sync=OK
  206  L04 n16  bytes 0-3/284832  Last-Modified: Thu, 03 Sep 2026 21:14:41 GMT  mp3-sync=OK
  206  L04 n20  bytes 0-3/381024  Last-Modified: Thu, 03 Sep 2026 21:14:47 GMT  mp3-sync=OK
  206  L05 n7  bytes 0-3/306720  Last-Modified: Thu, 03 Sep 2026 21:14:52 GMT  mp3-sync=OK
  206  L05 n18  bytes 0-3/366336  Last-Modified: Thu, 03 Sep 2026 21:14:57 GMT  mp3-sync=OK
  206  L06 n9  bytes 0-3/229536  Last-Modified: Thu, 03 Sep 2026 21:15:01 GMT  mp3-sync=OK
  206  L06 n20  bytes 0-3/215136  Last-Modified: Thu, 03 Sep 2026 21:15:05 GMT  mp3-sync=OK
  206  L06 n21  bytes 0-3/334656  Last-Modified: Thu, 03 Sep 2026 21:15:10 GMT  mp3-sync=OK
  206  L07 n6  bytes 0-3/362592  Last-Modified: Thu, 03 Sep 2026 21:15:16 GMT  mp3-sync=OK
  206  L07 n12  bytes 0-3/319680  Last-Modified: Thu, 03 Sep 2026 21:15:21 GMT  mp3-sync=OK
  206  L07 n17  bytes 0-3/286272  Last-Modified: Thu, 03 Sep 2026 21:15:25 GMT  mp3-sync=OK
  206  L07 n19  bytes 0-3/398880  Last-Modified: Thu, 03 Sep 2026 21:15:32 GMT  mp3-sync=OK
  206  L08 n6  bytes 0-3/330048  Last-Modified: Thu, 03 Sep 2026 21:15:37 GMT  mp3-sync=OK
  206  L08 n7  bytes 0-3/369792  Last-Modified: Thu, 03 Sep 2026 21:15:43 GMT  mp3-sync=OK
  206  L08 n8  bytes 0-3/315072  Last-Modified: Thu, 03 Sep 2026 21:15:48 GMT  mp3-sync=OK
  206  L08 n17  bytes 0-3/373248  Last-Modified: Thu, 03 Sep 2026 21:15:53 GMT  mp3-sync=OK
  206  L08 n18  bytes 0-3/424512  Last-Modified: Thu, 03 Sep 2026 21:16:00 GMT  mp3-sync=OK
  206  L08 n21  bytes 0-3/414144  Last-Modified: Thu, 03 Sep 2026 21:16:06 GMT  mp3-sync=OK
  206  L08 n25  bytes 0-3/202464  Last-Modified: Thu, 03 Sep 2026 21:16:09 GMT  mp3-sync=OK

30/30 clips verified HTTP 200/206 with fresh audio.
