=== APPLY EDITS business-ocr/business-activity-marketing-people  66 edits  LIVE  2026-09-06T10:02:00.151Z
  ok   #0 L1.exam_tip_html [MEDIUM] F1: invented mark-scheme claim; no published mark scheme is quoted or knowable here.
  ok   #1 L1.content_html [LOW] F2: BrewDog was founded in Fraserburgh, not Aberdeen (Wikipedia, BrewDog).
  ok   #2 L1.content_html [MEDIUM] F3: Gymshark began in Ben Francis's parents' garage in Bromsgrove, Worcestershire. Solihull is the later head 
  PATCH L1: exam_tip_html, content_html
  ok   #3 L2.exam_tip_html [HIGH] F4: OCR J204 has no 12-mark question; the top tariff is 9.
  ok   #46 L2.practice_questions[5].type [HIGH] F4: OCR J204 tariffs run 1-9; there is no 12-mark question.
  ok   #47 L2.practice_questions[5].marks [HIGH] F4: rescales the mark scheme to the 9-mark top tariff.
  PATCH L2: exam_tip_html, practice_questions
  ok   #4 L3.content_html [MEDIUM] F5: the 20-member cap on partnerships was repealed on 21 December 2002 (SI 2002/3203). Large UK partnerships h
  ok   #5 L3.glossary_terms[3].definition [MEDIUM] F5: matches the corrected definition in content_html.
  ok   #6 L3.flashcard_questions[1].a [MEDIUM] F5: matches the corrected definition.
  ok   #7 L3.knowledge_checks[1].q [MEDIUM] F6: as written the check marks the true answer ('Unlimited') wrong. SI 2002/3203 removed the 20-member limit.
  ok   #8 L3.knowledge_checks[1].correct [MEDIUM] F6: correct answer is 'Unlimited' (index 3).
  ok   #48 L3.practice_questions[5].type [HIGH] F4: OCR J204 tariffs run 1-9; there is no 12-mark question.
  ok   #49 L3.practice_questions[5].marks [HIGH] F4: rescales the mark scheme to the 9-mark top tariff.
  PATCH L3: content_html, glossary_terms, flashcard_questions, knowledge_checks, practice_questions
  ok   #9 L4.exam_tip_html [HIGH] F4: OCR J204 has no 12-mark question.
  PATCH L4: exam_tip_html
  ok   #10 L5.content_html [MEDIUM] F7: Boohoo's share price fell 46% in July 2020, but sales ROSE through 2020-21; the claim that sales fell is i
  ok   #11 L5.practice_questions[3].marks [MEDIUM] F7: the model answer repeats the invented 'sales fell' claim; Boohoo's sales rose through 2020-21.
  ok   #50 L5.practice_questions[5].type [HIGH] F4: OCR J204 tariffs run 1-9; there is no 12-mark question.
  ok   #51 L5.practice_questions[5].marks [HIGH] F4: rescales the mark scheme to the 9-mark top tariff.
  PATCH L5: content_html, practice_questions
  ok   #12 L6.content_html [MEDIUM] F8: Greggs did make acquisitions (e.g. Bakers Oven, 1994). The categorical claim is false; the organic-growth 
  ok   #13 L6.content_html [HIGH] F9: the Safeway takeover completed in March 2004, not 2005, and it added 479 stores to about 125 — far more th
  ok   #14 L6.flashcard_questions[12].a [HIGH] F9: corrects the year to 2004.
  ok   #15 L6.exam_tip_html [HIGH] F4 + F10: removes the impossible 12-mark tariff and the invented mark-scheme claim.
  ok   #52 L6.practice_questions[5].type [HIGH] F4: OCR J204 tariffs run 1-9; there is no 12-mark question.
  ok   #53 L6.practice_questions[5].marks [HIGH] F4: rescales the mark scheme to the 9-mark top tariff.
  PATCH L6: content_html, flashcard_questions, exam_tip_html, practice_questions
  ok   #16 L7.content_html [MEDIUM] F3: Gymshark started in Bromsgrove, Worcestershire. The unit gives three different places for the same garage.
  ok   #17 L7.exam_tip_html [MEDIUM] F10: invented examiner claim.
  ok   #64 L7.content_html [?] 
  SKIP #65 L7.flashcard_questions: bad path
  PATCH L7: content_html, exam_tip_html
  ok   #18 L8.exam_tip_html [MEDIUM] F10: invented mark-scheme claim.
  PATCH L8: exam_tip_html
  ok   #19 L9.content_html [HIGH] F11: Arcadia Group, Topshop's parent, entered administration on 30 November 2020. ASOS bought the brand in Feb
  ok   #20 L9.flashcard_questions[12].q [HIGH] F11: corrects the year to 2020.
  ok   #21 L9.content_html [MEDIUM] F3: Bromsgrove, not Solihull; the £1bn+ valuation came with General Atlantic's investment in August 2020.
  ok   #22 L9.practice_questions[4].text [MEDIUM] F3: Gymshark was founded in Bromsgrove, not Birmingham.
  ok   #54 L9.practice_questions[5].type [HIGH] F4: OCR J204 tariffs run 1-9; there is no 12-mark question.
  ok   #55 L9.practice_questions[5].marks [HIGH] F4: rescales the mark scheme to the 9-mark top tariff.
  PATCH L9: content_html, flashcard_questions, practice_questions
  ok   #23 L10.exam_tip_html [HIGH] F4: OCR J204 has no 12-mark question.
  ok   #24 L10.content_html [MEDIUM] F12: Apple discontinued the last iPod (iPod touch) on 10 May 2022, so the line is not a current portfolio prod
  ok   #56 L10.practice_questions[5].type [HIGH] F4: OCR J204 tariffs run 1-9; there is no 12-mark question.
  ok   #57 L10.practice_questions[5].marks [HIGH] F4: rescales the mark scheme to the 9-mark top tariff.
  PATCH L10: exam_tip_html, content_html, practice_questions
  ok   #25 L11.exam_tip_html [MEDIUM] F10: invented mark-scheme quotation.
  ok   #58 L11.practice_questions[5].type [HIGH] F4: OCR J204 tariffs run 1-9; there is no 12-mark question.
  ok   #59 L11.practice_questions[5].marks [HIGH] F4: rescales the mark scheme to the 9-mark top tariff.
  PATCH L11: exam_tip_html, practice_questions
  ok   #26 L12.content_html [MEDIUM] F13: Spotify is a streaming service, not a download service.
  ok   #27 L12.content_html [MEDIUM] F14: groceries.com is not a Tesco site; Tesco's online grocery service is tesco.com.
  ok   #28 L12.content_html [MEDIUM] F15: the spec lists price reductions, loss leaders, competitions and free samples UNDER point of sale, not alo
  ok   #29 L12.exam_tip_html [MEDIUM] F10: invented mark-scheme cap.
  ok   #30 L12.exam_tip_html [MEDIUM] F10: invented mark-scheme claim.
  PATCH L12: content_html, exam_tip_html
  ok   #31 L13.exam_tip_html [HIGH] F4: OCR J204 has no 12-mark question.
  ok   #32 L13.exam_tip_html [MEDIUM] F16: the spec sets a MINIMUM of 10% of overall marks, not approximately 10% of one paper.
  ok   #60 L13.practice_questions[5].type [HIGH] F4: OCR J204 tariffs run 1-9; there is no 12-mark question.
  ok   #61 L13.practice_questions[5].marks [HIGH] F4: rescales the mark scheme to the 9-mark top tariff.
  PATCH L13: exam_tip_html, practice_questions
  ok   #33 L14.content_html [MEDIUM] F17 + F18: the spec names only tall and flat structures, and its ways of working include 'working whilst mobil
  ok   #34 L14.content_html [MEDIUM] F17: matrix is not named in OCR J204 (spec 3.2 names tall and flat).
  ok   #35 L14.conclusion_html [MEDIUM] F17: matrix is not named in OCR J204.
  ok   #36 L14.content_html [MEDIUM] F18: 'working whilst mobile' is a named spec item and was missing; zero-hour is not named. This bullet now car
  ok   #37 L14.content_html [MEDIUM] F18: corrects the attributed list to the spec's own seven.
  ok   #38 L14.conclusion_html [MEDIUM] F18: corrects the attributed list to the spec's own seven.
  PATCH L14: content_html, conclusion_html
  ok   #39 L15.content_html [MEDIUM] F19: spec 3.5 names praise, award schemes and working environment only. Job rotation, enrichment and team-work
  ok   #40 L15.content_html [MEDIUM] F10: invented examiner-report claim.
  ok   #41 L15.exam_tip_html [MEDIUM] F10: invented examiner-report claim.
  ok   #42 L15.content_html [MEDIUM] F20: spec 3.7 names discrimination, the right to a contract, holidays and hours of work. Minimum wage is not o
  ok   #43 L15.content_html [MEDIUM] F20: corrects the attributed list to the spec's own four.
  ok   #44 L15.content_html [MEDIUM] F21: the definition given describes only the National Living Wage. The National Minimum Wage covers under-21s 
  ok   #45 L15.glossary_terms[13].definition [MEDIUM] F21: matches the corrected definition in content_html.
  ok   #62 L15.practice_questions[5].type [HIGH] F4: OCR J204 tariffs run 1-9; there is no 12-mark question.
  ok   #63 L15.practice_questions[5].marks [HIGH] F4: rescales the mark scheme to the 9-mark top tariff.
  PATCH L15: content_html, exam_tip_html, glossary_terms, practice_questions
=== 65 applied, 1 skipped, 15 lessons / 37 fields changed
