
=== RE-NARRATION (changed narrated text only) ===
backup: C:\Users\tshau\Documents\Study Vault\scripts\_retrofc\units\business-ocr__business-activity-marketing-people\_backup.json
unit:   business-ocr / business-activity-marketing-people
run: 2026-09-06T10:02:35Z  mode: LIVE

15 lessons, 33 clips to regenerate

  L01 (Ollie)  Enterprise, Entrepreneurs & Risk and Reward
      n3: An opportunity is a gap in the market — a problem customers want solved, or a product they wish existed. James
             -> 324 KB, 27.6s, uploaded
      n18: For OCR questions on risk and reward, avoid listing rewards only as ‘profit’. Add non-financial rewards too — 
             -> 396 KB, 33.8s, uploaded
      manifest updated (22 entries)
  L02 (Ada)  Business Planning
      n19: For Explain questions on the role of a business plan, avoid the generic ‘it helps the business’. Name the spec
             -> 368 KB, 31.4s, uploaded
      manifest updated (23 entries)
  L03 (Ollie)  Business Ownership & Limited Liability
      n7: A partnership has two or more owners who share the workload, combine their skills and pool capital. A high-str
             -> 348 KB, 29.7s, uploaded
      manifest updated (25 entries)
  L04 (Ada)  Business Aims & Objectives
      n17: When questions ask you to recommend objectives, match the objective to the stage and type of business in the c
             -> 336 KB, 28.7s, uploaded
      manifest updated (21 entries)
  L05 (Ollie)  Stakeholders in Business
      n13: Stakeholders are not passive — they have levers they can pull. Owners and shareholders can vote at annual gene
             -> 368 KB, 31.4s, uploaded
      manifest updated (21 entries)
  L06 (Ada)  Business Growth
      n4: Organic growth is growth a business generates under its own steam. The OCR spec names four routes: increasing 
             -> 381 KB, 32.5s, uploaded
      n9: A merger is an agreement between two firms of roughly equal size to combine into one new business. The 2010 me
             -> 376 KB, 32.1s, uploaded
      n20: When a question asks you to classify a deal as horizontal, vertical or diversification, look carefully at what
             -> 446 KB, 38.1s, uploaded
      manifest updated (24 entries)
  L07 (Ollie)  Role & Purpose of Marketing
      n3: Think about Gymshark. The founder, Ben Francis, started in his parents’ garage in Bromsgrove in 2012. He did n
             -> 415 KB, 35.4s, uploaded
      n21: Large firms can afford dedicated marketing teams, expensive research panels and national TV campaigns. Tesco s
             -> 373 KB, 31.8s, uploaded
      n22: For 3-mark ‘Explain’ questions on the role of marketing, always apply to the business in the case study — a ge
             -> 379 KB, 32.3s, uploaded
      manifest updated (26 entries)
  L08 (Ada)  Market Research
      n25: When a question asks you to pick the ‘best method’ of research, explain why it suits the specific business in 
             -> 360 KB, 30.7s, uploaded
      manifest updated (29 entries)
  L09 (Ollie)  Market Segmentation
      n15: Gymshark is built around age (16–25), gender (male and female, with separate ranges), and lifestyle (active, s
             -> 259 KB, 22.1s, uploaded
      n21: Drawbacks: segmentation costs money — the business needs market research to identify segments and may need dif
             -> 300 KB, 25.6s, uploaded
      manifest updated (26 entries)
  L10 (Ada)  Product & the Product Life Cycle
      n22: Most businesses sell more than one product. Their product portfolio is the full collection. A healthy portfoli
             -> 376 KB, 32.1s, uploaded
      n23: For 3-mark ‘Explain’ questions on the product life cycle, always match the stage to a named business action (i
             -> 417 KB, 35.6s, uploaded
      manifest updated (27 entries)
  L11 (Ollie)  Pricing Methods
      n20: For ‘Analyse’ and ‘Discuss’ questions, do not just describe the pricing method — link it to the specific busin
             -> 292 KB, 24.9s, uploaded
      manifest updated (24 entries)
  L12 (Ada)  Promotion & Place
      n14: Under point of sale, the specification names price reductions (percentage-off sales, clearance), loss leaders,
             -> 342 KB, 29.2s, uploaded
      n21: Digital distribution uses websites and apps. ASOS is the UK pioneer — 100% online fashion, no physical shops, 
             -> 502 KB, 42.9s, uploaded
      n24: For 6-mark ‘Analyse’ questions on promotion or place, always name a real UK business and describe which method
             -> 301 KB, 25.7s, uploaded
      manifest updated (28 entries)
  L13 (Ollie)  The Marketing Mix in Action
      n20: For 9-mark ‘Evaluate’ questions, you must move beyond describing the four Ps one by one. Show how each P suppo
             -> 347 KB, 29.6s, uploaded
      manifest updated (24 entries)
  L14 (Ada)  Organisational Structures & Ways of Working
      n1: Human resources (HR) is the business function that looks after people — recruiting them, organising them, moti
             -> 405 KB, 34.6s, uploaded
      n10: Key Fact . The specification names two structures: tall and flat. Matrix is a third type worth knowing. Tall s
             -> 213 KB, 18.2s, uploaded
      n21: Working whilst mobile — the job is done on the move using a phone, tablet or van: delivery drivers, sales reps
             -> 232 KB, 19.8s, uploaded
      n26: Key Fact . The specification names full-time, part-time, flexible working, temporary work, working from home, 
             -> 192 KB, 16.4s, uploaded
      n29: The specification names tall and flat structures; matrix is a third type used by project-based businesses. Eac
             -> 114 KB, 9.7s, uploaded
      n31: The specification names seven ways of working — full-time, part-time, flexible, temporary, working from home, 
             -> 155 KB, 13.2s, uploaded
      manifest updated (31 entries)
  L15 (Ollie)  Recruitment, Motivation, Training & Employment Law
      n15: Non-financial motivation covers praise, recognition, varied work and responsibility. The specification names t
             -> 453 KB, 38.6s, uploaded
      n16: Students mix these two up more than anything else on this topic. Read it twice.
             -> 66 KB, 5.6s, uploaded
      n24: UK law sets minimum rules that every business must follow. The specification names discrimination, the right t
             -> 177 KB, 15.1s, uploaded
      n29: Key Fact . The specification names four areas of employment law: protection from discrimination, the right to 
             -> 203 KB, 17.3s, uploaded
      n30: Read ‘training’ and ‘staff development’ questions very carefully — mixing the two up is the most common mistak
             -> 390 KB, 33.3s, uploaded
      manifest updated (34 entries)

Regenerated 33 clips.

=== VERIFY (ranged GET + freshness) ===
  206  L01 n3  bytes 0-3/331776  Last-Modified: Sun, 06 Sep 2026 10:02:49 GMT  mp3-sync=OK
  206  L01 n18  bytes 0-3/405792  Last-Modified: Sun, 06 Sep 2026 10:02:56 GMT  mp3-sync=OK
  206  L02 n19  bytes 0-3/377280  Last-Modified: Sun, 06 Sep 2026 10:03:02 GMT  mp3-sync=OK
  206  L03 n7  bytes 0-3/356832  Last-Modified: Sun, 06 Sep 2026 10:03:13 GMT  mp3-sync=OK
  206  L04 n17  bytes 0-3/344160  Last-Modified: Sun, 06 Sep 2026 10:03:22 GMT  mp3-sync=OK
  206  L05 n13  bytes 0-3/376704  Last-Modified: Sun, 06 Sep 2026 10:03:31 GMT  mp3-sync=OK
  206  L06 n4  bytes 0-3/390240  Last-Modified: Sun, 06 Sep 2026 10:03:39 GMT  mp3-sync=OK
  206  L06 n9  bytes 0-3/385056  Last-Modified: Sun, 06 Sep 2026 10:03:46 GMT  mp3-sync=OK
  206  L06 n20  bytes 0-3/456768  Last-Modified: Sun, 06 Sep 2026 10:03:56 GMT  mp3-sync=OK
  206  L07 n3  bytes 0-3/424512  Last-Modified: Sun, 06 Sep 2026 10:04:05 GMT  mp3-sync=OK
  206  L07 n21  bytes 0-3/381888  Last-Modified: Sun, 06 Sep 2026 10:04:12 GMT  mp3-sync=OK
  206  L07 n22  bytes 0-3/387648  Last-Modified: Sun, 06 Sep 2026 10:04:19 GMT  mp3-sync=OK
  206  L08 n25  bytes 0-3/368640  Last-Modified: Sun, 06 Sep 2026 10:04:26 GMT  mp3-sync=OK
  206  L09 n15  bytes 0-3/264960  Last-Modified: Sun, 06 Sep 2026 10:04:32 GMT  mp3-sync=OK
  206  L09 n21  bytes 0-3/306720  Last-Modified: Sun, 06 Sep 2026 10:04:38 GMT  mp3-sync=OK
  206  L10 n22  bytes 0-3/385056  Last-Modified: Sun, 06 Sep 2026 10:04:46 GMT  mp3-sync=OK
  206  L10 n23  bytes 0-3/427104  Last-Modified: Sun, 06 Sep 2026 10:04:53 GMT  mp3-sync=OK
  206  L11 n20  bytes 0-3/298944  Last-Modified: Sun, 06 Sep 2026 10:04:59 GMT  mp3-sync=OK
  206  L12 n14  bytes 0-3/350496  Last-Modified: Sun, 06 Sep 2026 10:05:07 GMT  mp3-sync=OK
  206  L12 n21  bytes 0-3/514368  Last-Modified: Sun, 06 Sep 2026 10:05:15 GMT  mp3-sync=OK
  206  L12 n24  bytes 0-3/307872  Last-Modified: Sun, 06 Sep 2026 10:05:21 GMT  mp3-sync=OK
  206  L13 n20  bytes 0-3/355104  Last-Modified: Sun, 06 Sep 2026 10:05:28 GMT  mp3-sync=OK
  206  L14 n1  bytes 0-3/415008  Last-Modified: Sun, 06 Sep 2026 10:05:36 GMT  mp3-sync=OK
  206  L14 n10  bytes 0-3/218592  Last-Modified: Sun, 06 Sep 2026 10:05:40 GMT  mp3-sync=OK
  206  L14 n21  bytes 0-3/237888  Last-Modified: Sun, 06 Sep 2026 10:05:45 GMT  mp3-sync=OK
  206  L14 n26  bytes 0-3/196416  Last-Modified: Sun, 06 Sep 2026 10:05:49 GMT  mp3-sync=OK
  206  L14 n29  bytes 0-3/116352  Last-Modified: Sun, 06 Sep 2026 10:05:51 GMT  mp3-sync=OK
  206  L14 n31  bytes 0-3/158400  Last-Modified: Sun, 06 Sep 2026 10:05:55 GMT  mp3-sync=OK
  206  L15 n15  bytes 0-3/463680  Last-Modified: Sun, 06 Sep 2026 10:06:02 GMT  mp3-sync=OK
  206  L15 n16  bytes 0-3/67392  Last-Modified: Sun, 06 Sep 2026 10:06:04 GMT  mp3-sync=OK
  206  L15 n24  bytes 0-3/181152  Last-Modified: Sun, 06 Sep 2026 10:06:08 GMT  mp3-sync=OK
  206  L15 n29  bytes 0-3/207936  Last-Modified: Sun, 06 Sep 2026 10:06:12 GMT  mp3-sync=OK
  206  L15 n30  bytes 0-3/399168  Last-Modified: Sun, 06 Sep 2026 10:06:19 GMT  mp3-sync=OK

33/33 clips verified HTTP 200/206 with fresh audio.
