=== APPLY EDITS history/america  24 edits  LIVE  2026-09-18T20:13:08.754Z
  ok   #10 L1.description [LOW] F3: description trimmed to the 100-character limit
  PATCH L1: description
  ok   #11 L2.description [LOW] F3: description trimmed to the 100-character limit
  PATCH L2: description
  ok   #12 L3.description [LOW] F3: description trimmed to the 100-character limit
  PATCH L3: description
  ok   #0 L5.content_html [MEDIUM] F1: the slogan was a 1928 Republican advert, not a Hoover promise
  ok   #1 L5.practice_questions[2].marks [MEDIUM] F1: the slogan was a 1928 Republican advert, not a Hoover promise
  ok   #2 L5.flashcard_questions[2].q [MEDIUM] F1: the slogan was a 1928 Republican advert, not a Hoover promise
  ok   #13 L5.description [LOW] F3: description trimmed to the 100-character limit
  PATCH L5: content_html, practice_questions, flashcard_questions, description
  ok   #14 L6.description [LOW] F3: description trimmed to the 100-character limit
  PATCH L6: description
  ok   #3 L7.content_html [HIGH] F2: 1933 unemployment is 13 million (25%) across the unit
  ok   #4 L7.conclusion_html [HIGH] F2: 1933 unemployment is 13 million (25%) across the unit
  ok   #5 L7.practice_questions[2].marks [HIGH] F2: 1933 unemployment is 13 million (25%) across the unit
  ok   #6 L7.practice_questions[4].marks [HIGH] F2: 1933 unemployment is 13 million (25%) across the unit
  ok   #7 L7.practice_questions[5].marks [HIGH] F2: 1933 unemployment is 13 million (25%) across the unit
  ok   #8 L7.flashcard_questions[14].q [HIGH] F2: 1933 unemployment is 13 million (25%) across the unit
  ok   #15 L7.description [LOW] F3: description trimmed to the 100-character limit
  PATCH L7: content_html, conclusion_html, practice_questions, flashcard_questions, description
  ok   #9 L8.practice_questions[4].marks [HIGH] F2: 1933 unemployment is 13 million (25%) across the unit
  ok   #16 L8.description [LOW] F3: description trimmed to the 100-character limit
  PATCH L8: practice_questions, description
  ok   #17 L9.description [LOW] F3: description trimmed to the 100-character limit
  PATCH L9: description
  ok   #18 L10.description [LOW] F3: description trimmed to the 100-character limit
  PATCH L10: description
  ok   #19 L11.description [LOW] F3: description trimmed to the 100-character limit
  PATCH L11: description
  ok   #20 L12.description [LOW] F3: description trimmed to the 100-character limit
  PATCH L12: description
  ok   #21 L13.description [LOW] F3: description trimmed to the 100-character limit
  PATCH L13: description
  ok   #22 L14.description [LOW] F3: description trimmed to the 100-character limit
  PATCH L14: description
  ok   #23 L15.description [LOW] F3: description trimmed to the 100-character limit
  PATCH L15: description
=== 24 applied, 0 skipped, 14 lessons / 22 fields changed
