
=== RE-NARRATION (changed narrated text only) ===
backup: C:\Users\tshau\Documents\Study Vault\scripts\_retrofc\units\history@unity__america-fix\_backup.json
unit:   history / america
run: 2026-09-18T20:13:11Z  mode: LIVE
  L01: no narrated field changed -> skip
  L02: no narrated field changed -> skip
  L03: no narrated field changed -> skip
  L06: no narrated field changed -> skip
  L08: no narrated field changed -> skip
  L09: no narrated field changed -> skip
  L10: no narrated field changed -> skip
  L11: no narrated field changed -> skip
  L12: no narrated field changed -> skip
  L13: no narrated field changed -> skip
  L14: no narrated field changed -> skip
  L15: no narrated field changed -> skip

2 lessons, 3 clips to regenerate

  L05 (Ollie)  The Wall Street Crash
      n3: The mood before the Crash was one of total confidence. During the 1928 presidential campaign , a Republican Pa
             -> 253 KB, 21.6s, uploaded
      manifest updated (45 entries)
  L07 (Ollie)  Roosevelt’s New Deal
      n40: Jobs created: Millions were put back to work through the CCC, PWA, and WPA. Unemployment fell from 13 million 
             -> 184 KB, 15.7s, uploaded
      n63: FDR’s election (1932): Won 42 of 48 states. Promised a ‘New Deal’ based on Relief, Recovery, and Reform. His ‘
             -> 541 KB, 46.1s, uploaded
      manifest updated (60 entries)

Regenerated 3 clips.

=== VERIFY (ranged GET + freshness) ===
  206  L05 n3  bytes 0-3/258624  Last-Modified: Fri, 18 Sep 2026 20:13:18 GMT  mp3-sync=OK
  206  L07 n40  bytes 0-3/188928  Last-Modified: Fri, 18 Sep 2026 20:13:21 GMT  mp3-sync=OK
  206  L07 n63  bytes 0-3/553824  Last-Modified: Fri, 18 Sep 2026 20:13:28 GMT  mp3-sync=OK

3/3 clips verified HTTP 200/206 with fresh audio.
