
=== RE-NARRATION (changed narrated text only) ===
backup: C:\Users\tshau\Documents\Study Vault\scripts\_retrofc\units\sociology-aqa__social-stratification\_backup.json
unit:   sociology-aqa / social-stratification
run: 2026-09-06T09:37:21Z  mode: LIVE

3 lessons, 5 clips to regenerate

  L03 (Ollie)  Life Chances
      n8: Fiona Devine’s study Affluent Workers Revisited (1992) directly addressed how class shapes life chances by ret
             -> 437 KB, 37.3s, uploaded
      manifest updated (19 entries)
  L05 (Ollie)  Power and Authority: Weber
      n11: Traditional and rational-legal authority usually work as formal power — power that operates through official c
             -> 212 KB, 18.1s, uploaded
      n17: On a 3-mark Identify and Describe question asking you to identify and describe a type of authority, students o
             -> 636 KB, 54.3s, uploaded
      manifest updated (17 entries)
  L07 (Ollie)  Researching Stratification, Crime and Inequality
      n8: The Crime Survey for England and Wales (CSEW) is the major victim survey. It interviews a random sample of abo
             -> 518 KB, 44.2s, uploaded
      n14: Longitudinal studies track the same individuals over time and are particularly valuable for studying social mo
             -> 369 KB, 31.5s, uploaded
      manifest updated (20 entries)

Regenerated 5 clips.

=== VERIFY (ranged GET + freshness) ===
  206  L03 n8  bytes 0-3/447840  Last-Modified: Sun, 06 Sep 2026 09:37:32 GMT  mp3-sync=OK
  206  L05 n11  bytes 0-3/217152  Last-Modified: Sun, 06 Sep 2026 09:37:36 GMT  mp3-sync=OK
  206  L05 n17  bytes 0-3/651456  Last-Modified: Sun, 06 Sep 2026 09:37:47 GMT  mp3-sync=OK
  206  L07 n8  bytes 0-3/530784  Last-Modified: Sun, 06 Sep 2026 09:37:57 GMT  mp3-sync=OK
  206  L07 n14  bytes 0-3/377568  Last-Modified: Sun, 06 Sep 2026 09:38:04 GMT  mp3-sync=OK

5/5 clips verified HTTP 200/206 with fresh audio.
