=== APPLY EDITS religious-studies-edexcel/paper-3-philosophy-ethics-islam  31 edits  LIVE  2026-09-06T06:03:57.093Z
  ok   #0 L1.content_html [HIGH] F1: Surah 34:46 reads 'stand up for Allah'. 'Stand up to' reverses the sense of the verse.
  ok   #1 L1.practice_questions[1].text [MEDIUM] F2: part (a) of each Paper 3 question is an outline-three worth 3 marks. Describe is a 4-mark command word on 
  ok   #2 L1.practice_questions[1].type [MEDIUM] F2: see above.
  ok   #3 L1.practice_questions[4].text [MEDIUM] F3: the 12-mark command word on this spec is Evaluate. Discuss is not a command word for this qualification.
  ok   #4 L1.practice_questions[4].type [MEDIUM] F3: see above.
  ok   #5 L1.exam_tip_html [MEDIUM] F4: the 12-mark command word is Evaluate.
  PATCH L1: content_html, practice_questions, exam_tip_html
  ok   #6 L2.practice_questions[1].text [MEDIUM] F5: part (a) is an outline-three worth 3 marks. Describe is a 4-mark command word on this spec.
  ok   #7 L2.practice_questions[1].type [MEDIUM] F5: see above.
  ok   #8 L2.practice_questions[2].text [MEDIUM] F8: Aquinas' First Three Ways sit on the Christianity routes of this paper, not the Islam route, so this quest
  ok   #9 L2.practice_questions[2].marks [MEDIUM] F8: mark scheme rewritten to match the in-route question.
  ok   #10 L2.practice_questions[4].text [MEDIUM] F6: the 12-mark command word on this spec is Evaluate.
  ok   #11 L2.practice_questions[4].type [MEDIUM] F6: see above.
  ok   #12 L2.exam_tip_html [MEDIUM] F7: the 12-mark command word is Evaluate.
  ok   #13 L2.content_html [LOW] F9: the title is Kitab al-Iqtisad fil'Itiqad. The prose used a lower-case l in place of the capital I.
  ok   #14 L2.content_html [LOW] F9: the same misspelling in the key fact.
  ok   #15 L2.exam_tip_html [LOW] F9: the same misspelling in the exam tip.
  PATCH L2: practice_questions, exam_tip_html, content_html
  ok   #16 L3.practice_questions[1].text [MEDIUM] F11: part (a) is an outline-three worth 3 marks. Describe is a 4-mark command word on this spec.
  ok   #17 L3.practice_questions[1].type [MEDIUM] F11: see above.
  ok   #18 L3.practice_questions[4].text [HIGH] F12: Augustine and Irenaeus are named on the Christianity routes of this paper, not the Islam route. The lesso
  ok   #19 L3.practice_questions[4].type [MEDIUM] F12: the 12-mark command word on this spec is Evaluate.
  ok   #20 L3.practice_questions[4].marks [HIGH] F12: mark scheme rewritten to stay on the Islam route.
  ok   #21 L3.exam_tip_html [MEDIUM] F13: the 12-mark command word is Evaluate.
  ok   #22 L3.description [LOW] F24: the description is 124 characters and breaches the 100-character validator limit, which would block the w
  ok   #23 L3.content_html [MEDIUM] F14: Surah 9 (At-Tawbah) carries no Basmala, so 'every surah' is wrong.
  PATCH L3: practice_questions, exam_tip_html, description, content_html
  ok   #24 L4.practice_questions[1].text [MEDIUM] F17: part (a) is an outline-three worth 3 marks. Describe is a 4-mark command word on this spec.
  ok   #25 L4.practice_questions[1].type [MEDIUM] F17: see above.
  ok   #26 L4.practice_questions[4].text [MEDIUM] F18: the 12-mark command word on this spec is Evaluate.
  ok   #27 L4.practice_questions[4].type [MEDIUM] F18: see above.
  ok   #28 L4.exam_tip_html [MEDIUM] F19: the 12-mark command word is Evaluate.
  ok   #29 L4.content_html [MEDIUM] F20: the sentence read as if the four Sunni schools accept mut'ah. All four hold that it is forbidden.
  ok   #30 L4.content_html [MEDIUM] F21: the quoted clause is the limit on polygyny, not the condition that permits it.
  PATCH L4: practice_questions, exam_tip_html, content_html
=== 31 applied, 0 skipped, 4 lessons / 13 fields changed
