
=== RE-NARRATION (changed narrated text only) ===
backup: C:\Users\tshau\Documents\Study Vault\scripts\_retrofc\units\religious-studies-edexcel__paper-3-philosophy-ethics-islam\_backup.json
unit:   religious-studies-edexcel / paper-3-philosophy-ethics-islam
run: 2026-09-06T06:04:01Z  mode: LIVE

4 lessons, 9 clips to regenerate

  L01 (Ollie)  Revelation, Visions and Miracles in Islam
      n2: Revelation is fundamental to Islamic theology. Muslims believe that Allah has communicated his will to humanit
             -> 501 KB, 42.7s, uploaded
      n12: The key sources for this lesson are Surah 34:46–50 (revelation), Surah 19:16–22 (the vision of Maryam) and Sur
             -> 533 KB, 45.5s, uploaded
      manifest updated (16 entries)
  L02 (Ada)  Religious Experience, Design and Cosmological Arguments
      n10: The most important cosmological argument in Islam is the kalam cosmological argument . The word kalam means “s
             -> 284 KB, 24.2s, uploaded
      n12: Key Fact . The kalam cosmological argument: (1) Everything that begins to exist has a cause. (2) The universe 
             -> 342 KB, 29.2s, uploaded
      n14: The critical fact-check for this lesson: the kalam cosmological argument is al-Ghazali’s — NOT Aquinas’s. Al-G
             -> 566 KB, 48.3s, uploaded
      manifest updated (18 entries)
  L03 (Ollie)  The Problem of Suffering in Islam
      n4: Key Fact . Ar-Rahman = the Most Compassionate — universal mercy extending to all creation. Ar-Rahim = the Most
             -> 280 KB, 23.9s, uploaded
      n13: Do not import Augustine or Irenaeus into this lesson — they are Christian responses to the problem of evil, no
             -> 595 KB, 50.7s, uploaded
      manifest updated (17 entries)
  L04 (Ada)  Marriage, Sexual Relationships and Family in Islam
      n8: Within the Sunni tradition, all four main schools of law (Hanafi, Maliki, Shafi’i, Hanbali) agree that tempora
             -> 574 KB, 49.0s, uploaded
      n15: Key sources for this lesson: Surah 4 (An-Nisa) for marriage; Surah 23:5–11 for sexual relationships; Surah 46:
             -> 560 KB, 47.8s, uploaded
      manifest updated (19 entries)

Regenerated 9 clips.

=== VERIFY (ranged GET + freshness) ===
  206  L01 n2  bytes 0-3/512928  Last-Modified: Sun, 06 Sep 2026 06:04:14 GMT  mp3-sync=OK
  206  L01 n12  bytes 0-3/546048  Last-Modified: Sun, 06 Sep 2026 06:04:25 GMT  mp3-sync=OK
  206  L02 n10  bytes 0-3/290880  Last-Modified: Sun, 06 Sep 2026 06:04:35 GMT  mp3-sync=OK
  206  L02 n12  bytes 0-3/350496  Last-Modified: Sun, 06 Sep 2026 06:04:42 GMT  mp3-sync=OK
  206  L02 n14  bytes 0-3/580032  Last-Modified: Sun, 06 Sep 2026 06:04:56 GMT  mp3-sync=OK
  206  L03 n4  bytes 0-3/286560  Last-Modified: Sun, 06 Sep 2026 06:05:07 GMT  mp3-sync=OK
  206  L03 n13  bytes 0-3/608832  Last-Modified: Sun, 06 Sep 2026 06:05:19 GMT  mp3-sync=OK
  206  L04 n8  bytes 0-3/588096  Last-Modified: Sun, 06 Sep 2026 06:05:32 GMT  mp3-sync=OK
  206  L04 n15  bytes 0-3/573696  Last-Modified: Sun, 06 Sep 2026 06:05:44 GMT  mp3-sync=OK

9/9 clips verified HTTP 200/206 with fresh audio.
