
=== RE-NARRATION (changed narrated text only) ===
backup: C:\Users\tshau\Documents\Study Vault\scripts\_retrofc\units\classical-civilisation-ocr__the-roman-city-and-home\_backup.json
unit:   classical-civilisation-ocr / the-roman-city-and-home
run: 2026-09-05T14:42:38Z  mode: LIVE

3 lessons, 7 clips to regenerate

  L02 (Ada)  The Forum & Public Buildings
      n8: Temples were not confined to the forum. They were scattered throughout Roman cities, dedicated to a wide varie
             -> 568 KB, 48.5s, uploaded
      manifest updated (20 entries)
  L04 (Ada)  Apartment Living: the Insula
      n8: Life in an insula apartment was very different from life in a domus. Apartments on the lower floors were more 
             -> 509 KB, 43.4s, uploaded
      n20: Insula life was characterised by cramped conditions, often shared water supplies and no kitchen, constant nois
             -> 124 KB, 10.6s, uploaded
      manifest updated (21 entries)
  L05 (Ollie)  Pompeii & Herculaneum as Evidence
      n2: On a day in late October AD 79 (the date is now placed in October by most scholars, based on inscriptions and 
             -> 744 KB, 63.5s, uploaded
      n5: The eruption of Vesuvius was witnessed by Pliny the Younger , who was staying at Misenum, across the bay, with
             -> 493 KB, 42.0s, uploaded
      n14: The evidence from Pompeii and Herculaneum is extraordinary, but historians must be alert to its limitations. B
             -> 532 KB, 45.4s, uploaded
      n22: The evidence has significant limits: both towns are frozen at a single moment; Pompeii was still recovering in
             -> 181 KB, 15.5s, uploaded
      manifest updated (22 entries)

Regenerated 7 clips.

=== VERIFY (ranged GET + freshness) ===
  206  L02 n8  bytes 0-3/581760  Last-Modified: Sat, 05 Sep 2026 14:42:48 GMT  mp3-sync=OK
  206  L04 n8  bytes 0-3/520992  Last-Modified: Sat, 05 Sep 2026 14:42:57 GMT  mp3-sync=OK
  206  L04 n20  bytes 0-3/127008  Last-Modified: Sat, 05 Sep 2026 14:43:00 GMT  mp3-sync=OK
  206  L05 n2  bytes 0-3/761472  Last-Modified: Sat, 05 Sep 2026 14:43:12 GMT  mp3-sync=OK
  206  L05 n5  bytes 0-3/504576  Last-Modified: Sat, 05 Sep 2026 14:43:20 GMT  mp3-sync=OK
  206  L05 n14  bytes 0-3/545184  Last-Modified: Sat, 05 Sep 2026 14:43:29 GMT  mp3-sync=OK
  206  L05 n22  bytes 0-3/185472  Last-Modified: Sat, 05 Sep 2026 14:43:33 GMT  mp3-sync=OK

7/7 clips verified HTTP 200/206 with fresh audio.
