
=== RE-NARRATION (changed narrated text only) ===
backup: C:\Users\tshau\Documents\Study Vault\scripts\_retrofc\units\sociology-aqa__studying-society-research-methods\_backup.json
unit:   sociology-aqa / studying-society-research-methods
run: 2026-09-06T09:26:34Z  mode: LIVE
  L04: no narrated field changed -> skip

5 lessons, 7 clips to regenerate

  L01 (Ollie)  What Is Sociology? The Sociological Approach
      n8: Secondary socialisation occurs through agencies outside the family — schools, peer groups, workplaces and the 
             -> 297 KB, 25.4s, uploaded
      n20: On a 2-mark Define question, give a definition — not an example. Students often write “norms are like saying p
             -> 451 KB, 38.5s, uploaded
      manifest updated (20 entries)
  L02 (Ada)  Classical Sociologists: Durkheim, Marx and Weber
      n16: Students often mix up the three classical sociologists. A reliable pairing list: Durkheim = social facts, soli
             -> 550 KB, 47.0s, uploaded
      manifest updated (17 entries)
  L03 (Ollie)  The Four Sociological Perspectives
      n20: The 12-mark Discuss question will often invite you to compare perspectives. The most common error is to descri
             -> 476 KB, 40.6s, uploaded
      n23: Feminism (conflict, macro) argues society is patriarchal — structured to maintain male power. Three strands: l
             -> 202 KB, 17.3s, uploaded
      manifest updated (21 entries)
  L05 (Ollie)  Research Methods: Questionnaires, Interviews and Observation
      n20: A critical mistake on methods questions is listing generic strengths and weaknesses without applying them to t
             -> 505 KB, 43.1s, uploaded
      manifest updated (20 entries)
  L06 (Ada)  Practical and Ethical Issues in Research
      n17: A persistent exam error is to list “consent, confidentiality, harm” as three boxes to tick without reasoning a
             -> 573 KB, 48.9s, uploaded
      manifest updated (18 entries)

Regenerated 7 clips.

=== VERIFY (ranged GET + freshness) ===
  206  L01 n8  bytes 0-3/304416  Last-Modified: Sun, 06 Sep 2026 09:26:43 GMT  mp3-sync=OK
  206  L01 n20  bytes 0-3/461376  Last-Modified: Sun, 06 Sep 2026 09:26:50 GMT  mp3-sync=OK
  206  L02 n16  bytes 0-3/563616  Last-Modified: Sun, 06 Sep 2026 09:26:59 GMT  mp3-sync=OK
  206  L03 n20  bytes 0-3/487296  Last-Modified: Sun, 06 Sep 2026 09:27:07 GMT  mp3-sync=OK
  206  L03 n23  bytes 0-3/207072  Last-Modified: Sun, 06 Sep 2026 09:27:11 GMT  mp3-sync=OK
  206  L05 n20  bytes 0-3/516960  Last-Modified: Sun, 06 Sep 2026 09:27:19 GMT  mp3-sync=OK
  206  L06 n17  bytes 0-3/586656  Last-Modified: Sun, 06 Sep 2026 09:27:27 GMT  mp3-sync=OK

7/7 clips verified HTTP 200/206 with fresh audio.
