=== APPLY EDITS english-literature-edexcel/dr-jekyll-and-mr-hyde  41 edits  LIVE  2026-09-02T09:45:39.154Z
  ok   #0 L1.content_html [HIGH] F1: part (a) assesses AO2 only and part (b) AO1 only; the old text gave both parts AO1 + AO2. Also removes two
  ok   #1 L1.practice_questions[4].text [HIGH] F2: the line is spoken to Utterson in Chapter 3, not in the Chapter 10 confession.
  ok   #11 L1.content_html [MEDIUM] F10: the novella has 'Something troglodytic'; 'troglodyte' never appears.
  ok   #12 L1.conclusion_html [MEDIUM] F10: same misquotation.
  ok   #20 L1.practice_questions[1].type [MEDIUM] F15: this is the part (b) whole-text essay, not extract analysis.
  ok   #21 L1.practice_questions[3].type [MEDIUM] F15: this is the part (b) whole-text essay, not extract analysis.
  ok   #22 L1.practice_questions[5].type [MEDIUM] F15: this is the part (b) whole-text essay, not extract analysis.
  PATCH L1: content_html, practice_questions, conclusion_html
  ok   #5 L2.content_html [MEDIUM] F5: Chapter 4 opens 'Nearly a year later, in the month of October'.
  ok   #6 L2.content_html [MEDIUM] F6: Hyde used only a couple of rooms; the disorder is a hurried ransacking, not a second half of the flat.
  ok   #7 L2.flashcard_questions[11].a [MEDIUM] F6: same correction as the content fix.
  ok   #8 L2.content_html [MEDIUM] F7: the Soho housekeeper is a third named woman, so 'only two' is false.
  ok   #9 L2.content_html [MEDIUM] F8: the phrase is applied to the maid in the text, not to the window.
  ok   #23 L2.practice_questions[1].type [MEDIUM] F15: this is the part (b) whole-text essay, not extract analysis.
  ok   #24 L2.practice_questions[3].type [MEDIUM] F15: this is the part (b) whole-text essay, not extract analysis.
  ok   #25 L2.practice_questions[5].type [MEDIUM] F15: this is the part (b) whole-text essay, not extract analysis.
  PATCH L2: content_html, flashcard_questions, practice_questions
  ok   #10 L3.content_html [MEDIUM] F9: the text reads 'looking deathly sick'.
  ok   #26 L3.practice_questions[1].type [MEDIUM] F15: this is the part (b) whole-text essay, not extract analysis.
  ok   #27 L3.practice_questions[3].type [MEDIUM] F15: this is the part (b) whole-text essay, not extract analysis.
  ok   #28 L3.practice_questions[5].type [MEDIUM] F15: this is the part (b) whole-text essay, not extract analysis.
  PATCH L3: content_html, practice_questions
  ok   #3 L4.content_html [HIGH] F4: the confession ends with a complete sentence, not mid-sentence.
  ok   #4 L4.flashcard_questions[10].a [HIGH] F4: same correction as the content fix.
  ok   #29 L4.practice_questions[1].type [MEDIUM] F15: this is the part (b) whole-text essay, not extract analysis.
  ok   #30 L4.practice_questions[3].type [MEDIUM] F15: this is the part (b) whole-text essay, not extract analysis.
  ok   #31 L4.practice_questions[5].type [MEDIUM] F15: this is the part (b) whole-text essay, not extract analysis.
  PATCH L4: content_html, flashcard_questions, practice_questions
  ok   #32 L5.practice_questions[1].type [MEDIUM] F15: this is the part (b) whole-text essay, not extract analysis.
  ok   #33 L5.practice_questions[3].type [MEDIUM] F15: this is the part (b) whole-text essay, not extract analysis.
  ok   #34 L5.practice_questions[5].type [MEDIUM] F15: this is the part (b) whole-text essay, not extract analysis.
  PATCH L5: practice_questions
  ok   #14 L6.content_html [MEDIUM] F11: the novella puts Lanyon in Cavendish Square; Jekyll's square is never named.
  ok   #15 L6.flashcard_questions[4].q [MEDIUM] F11: the card taught Cavendish Square as Jekyll's address.
  ok   #16 L6.flashcard_questions[4].a [MEDIUM] F11: same correction as the question.
  ok   #17 L6.content_html [LOW] F12: the text says the early part of that night was cloudless and the fog rolled in later.
  ok   #18 L6.practice_questions[4].text [LOW] F13: the printed extract dropped 'was' from the text.
  ok   #35 L6.practice_questions[1].type [MEDIUM] F15: this is the part (b) whole-text essay, not extract analysis.
  ok   #36 L6.practice_questions[3].type [MEDIUM] F15: this is the part (b) whole-text essay, not extract analysis.
  ok   #37 L6.practice_questions[5].type [MEDIUM] F15: this is the part (b) whole-text essay, not extract analysis.
  PATCH L6: content_html, flashcard_questions, practice_questions
  ok   #2 L7.practice_questions[2].text [HIGH] F3: same misattribution as F2.
  ok   #13 L7.content_html [MEDIUM] F10: same misquotation.
  ok   #19 L7.practice_questions[0].text [LOW] F14: the text reads 'even if I could rightly be said to be either'.
  ok   #38 L7.practice_questions[1].type [MEDIUM] F15: this is the part (b) whole-text essay, not extract analysis.
  ok   #39 L7.practice_questions[3].type [MEDIUM] F15: this is the part (b) whole-text essay, not extract analysis.
  ok   #40 L7.practice_questions[5].type [MEDIUM] F15: this is the part (b) whole-text essay, not extract analysis.
  PATCH L7: practice_questions, content_html
=== 41 applied, 0 skipped, 7 lessons / 17 fields changed
