
=== RE-NARRATION (changed narrated text only) ===
backup: C:\Users\tshau\Documents\Study Vault\scripts\_retrofc\units\english-literature-edexcel__dr-jekyll-and-mr-hyde\_backup.json
unit:   english-literature-edexcel / dr-jekyll-and-mr-hyde
run: 2026-09-02T09:45:42Z  mode: LIVE
  L05: no narrated field changed -> skip

6 lessons, 11 clips to regenerate

  L01 (Ollie)  Context: Victorian Duality
      n8: Charles Darwin published On the Origin of Species in 1859, just twenty-seven years before Stevenson’s novella.
             -> 477 KB, 40.7s, uploaded
      n18: For the Edexcel 19th-century novel question you answer two parts on Jekyll and Hyde . Part (a) prints an extra
             -> 442 KB, 37.7s, uploaded
      n22: Darwin’s theory of evolution (1859) terrified Victorians by suggesting humans were evolved animals. Hyde’s ani
             -> 162 KB, 13.8s, uploaded
      manifest updated (23 entries)
  L02 (Ada)  Chapters 1-4: Mystery and Terror
      n14: Nearly a year later, Hyde commits a far more terrible crime. A maidservant witnesses the murder of Sir Danvers
             -> 313 KB, 26.7s, uploaded
      n16: The maidservant is one of only a handful of women in the novella; the others are the girl Hyde tramples and th
             -> 483 KB, 41.2s, uploaded
      n17: After the murder, Utterson takes the police to Hyde’s rooms in Soho. The contrast is striking: the two rooms H
             -> 283 KB, 24.2s, uploaded
      manifest updated (22 entries)
  L03 (Ollie)  Chapters 5-8: The Unravelling
      n2: After the Carew murder, Utterson visits Jekyll. He finds Jekyll in his cabinet — the private room behind his l
             -> 460 KB, 39.3s, uploaded
      manifest updated (22 entries)
  L04 (Ada)  Chapters 9-10: The Revelations
      n17: Jekyll’s statement ends with one calm, final sentence: “Here then, as I lay down the pen and proceed to seal u
             -> 369 KB, 31.5s, uploaded
      manifest updated (23 entries)
  L06 (Ada)  Setting, Structure & Narrative
      n3: The fog serves a dual purpose. Literally, it obscures visibility — characters cannot see clearly, just as they
             -> 340 KB, 29.0s, uploaded
      n11: Stevenson uses London’s real geography to reinforce his themes. Jekyll’s house stands on an unnamed square of 
             -> 354 KB, 30.2s, uploaded
      manifest updated (23 entries)
  L07 (Ollie)  Key Themes & Exam Technique
      n15: Hyde’s violence is described in animalistic terms: “ape-like fury,” “troglodytic,” and other language that con
             -> 339 KB, 28.9s, uploaded
      manifest updated (26 entries)

Regenerated 11 clips.

=== VERIFY (ranged GET + freshness) ===
  206  L01 n8  bytes 0-3/488736  Last-Modified: Wed, 02 Sep 2026 09:45:50 GMT  mp3-sync=OK
  206  L01 n18  bytes 0-3/452160  Last-Modified: Wed, 02 Sep 2026 09:45:56 GMT  mp3-sync=OK
  206  L01 n22  bytes 0-3/165888  Last-Modified: Wed, 02 Sep 2026 09:45:59 GMT  mp3-sync=OK
  206  L02 n14  bytes 0-3/320832  Last-Modified: Wed, 02 Sep 2026 09:46:04 GMT  mp3-sync=OK
  206  L02 n16  bytes 0-3/494208  Last-Modified: Wed, 02 Sep 2026 09:46:12 GMT  mp3-sync=OK
  206  L02 n17  bytes 0-3/290016  Last-Modified: Wed, 02 Sep 2026 09:46:16 GMT  mp3-sync=OK
  206  L03 n2  bytes 0-3/471168  Last-Modified: Wed, 02 Sep 2026 09:46:24 GMT  mp3-sync=OK
  206  L04 n17  bytes 0-3/378144  Last-Modified: Wed, 02 Sep 2026 09:46:30 GMT  mp3-sync=OK
  206  L06 n3  bytes 0-3/348192  Last-Modified: Wed, 02 Sep 2026 09:46:35 GMT  mp3-sync=OK
  206  L06 n11  bytes 0-3/362880  Last-Modified: Wed, 02 Sep 2026 09:46:41 GMT  mp3-sync=OK
  206  L07 n15  bytes 0-3/347040  Last-Modified: Wed, 02 Sep 2026 09:46:46 GMT  mp3-sync=OK

11/11 clips verified HTTP 200/206 with fresh audio.
