
=== RE-NARRATION (changed narrated text only) ===
backup: C:\Users\tshau\Documents\Study Vault\scripts\_retrofc\units\religious-studies-edexcel__paper-4-quran\_backup.json
unit:   religious-studies-edexcel / paper-4-quran
run: 2026-09-06T06:13:30Z  mode: LIVE

5 lessons, 15 clips to regenerate

  L01 (Ollie)  Allah in the Qur'an: Al-Fatiha, Tawhid and the 99 Names
      n17: Key Fact . The six specified names with their Qur’anic anchors: Ar-Rahman = universal mercy (Surah 55:1); Ar-R
             -> 426 KB, 36.3s, uploaded
      n20: For 5-mark “Explain two with sources” questions on the names of Allah, you must cite the surah reference to ea
             -> 485 KB, 41.4s, uploaded
      manifest updated (24 entries)
  L02 (Ada)  Believers, Creation and Humanity as Khalifah
      n19: For “Explain two with sources” questions on creation or khalifah, cite the surah reference: “In Surah 2:30, Al
             -> 541 KB, 46.1s, uploaded
      manifest updated (23 entries)
  L03 (Ollie)  Justice, Shirk and Shari'ah Law
      n12: The story of the golden calf in Surah 7:148–150 parallels the account in Exodus 32 but with some differences. 
             -> 393 KB, 33.5s, uploaded
      n19: Muslims respond in a number of ways. Many distinguish between the unchanging core of Shari’ah (the principles 
             -> 360 KB, 30.7s, uploaded
      n21: For 5-mark questions on Shari’ah, name a surah reference: “In Surah 4:59, Allah commands obedience to himself,
             -> 575 KB, 49.0s, uploaded
      manifest updated (25 entries)
  L04 (Ada)  The Prophets: Nuh, Ibrahim, Ismail and Yusuf
      n4: Nuh is one of the earliest prophets in Islamic tradition. He is described in Surah 17:3 as a “grateful servant
             -> 397 KB, 33.8s, uploaded
      n8: Ibrahim is the most important of the earlier prophets in Islam. He is described in Surah 37:109–111 as receivi
             -> 220 KB, 18.8s, uploaded
      n15b: Key Fact . Nuh’s defining virtue is shukr (gratitude), shown in Surah 17:3. Ibrahim’s Ka’ba prayer (Surah 2:12
             -> 361 KB, 30.8s, uploaded
      n17: Yusuf ’s story is told in Surah 12 — the only surah that tells one prophet’s life as a single continuous narra
             -> 235 KB, 20.0s, uploaded
      n18: Yusuf has the gift of dream interpretation. His brothers, jealous of their father’s love for him, throw him in
             -> 313 KB, 26.7s, uploaded
      n19: The king of Egypt has a dream that no one can interpret. Yusuf’s ability is remembered, and he interprets it: 
             -> 346 KB, 29.5s, uploaded
      n23: This lesson covers four prophets — know the surah reference for each: Nuh (Surah 71), Ibrahim (Surah 37:109–11
             -> 695 KB, 59.3s, uploaded
      n27: Yusuf (Surah 12) — one prophet’s story told as a single continuous narrative — tells ‘the best of stories’: dr
             -> 186 KB, 15.9s, uploaded
      manifest updated (28 entries)
  L05 (Ollie)  Dawud, Maryam, Isa and the Mission of Muhammad
      n22: The most sensitive exam question in this lesson concerns Surah 4:157–158. Always present it as an Islamic theo
             -> 577 KB, 49.2s, uploaded
      manifest updated (26 entries)

Regenerated 15 clips.

=== VERIFY (ranged GET + freshness) ===
  206  L01 n17  bytes 0-3/436032  Last-Modified: Sun, 06 Sep 2026 06:13:42 GMT  mp3-sync=OK
  206  L01 n20  bytes 0-3/496512  Last-Modified: Sun, 06 Sep 2026 06:13:52 GMT  mp3-sync=OK
  206  L02 n19  bytes 0-3/553536  Last-Modified: Sun, 06 Sep 2026 06:14:16 GMT  mp3-sync=OK
  206  L03 n12  bytes 0-3/402624  Last-Modified: Sun, 06 Sep 2026 06:14:26 GMT  mp3-sync=OK
  206  L03 n19  bytes 0-3/368352  Last-Modified: Sun, 06 Sep 2026 06:14:34 GMT  mp3-sync=OK
  206  L03 n21  bytes 0-3/588384  Last-Modified: Sun, 06 Sep 2026 06:14:46 GMT  mp3-sync=OK
  206  L04 n4  bytes 0-3/406080  Last-Modified: Sun, 06 Sep 2026 06:14:55 GMT  mp3-sync=OK
  206  L04 n8  bytes 0-3/225504  Last-Modified: Sun, 06 Sep 2026 06:15:13 GMT  mp3-sync=OK
  206  L04 n15b  bytes 0-3/370080  Last-Modified: Sun, 06 Sep 2026 06:15:20 GMT  mp3-sync=OK
  206  L04 n17  bytes 0-3/240192  Last-Modified: Sun, 06 Sep 2026 06:15:27 GMT  mp3-sync=OK
  206  L04 n18  bytes 0-3/320832  Last-Modified: Sun, 06 Sep 2026 06:15:34 GMT  mp3-sync=OK
  206  L04 n19  bytes 0-3/353952  Last-Modified: Sun, 06 Sep 2026 06:15:41 GMT  mp3-sync=OK
  206  L04 n23  bytes 0-3/711936  Last-Modified: Sun, 06 Sep 2026 06:15:54 GMT  mp3-sync=OK
  206  L04 n27  bytes 0-3/190944  Last-Modified: Sun, 06 Sep 2026 06:15:59 GMT  mp3-sync=OK
  206  L05 n22  bytes 0-3/590976  Last-Modified: Sun, 06 Sep 2026 06:16:11 GMT  mp3-sync=OK

15/15 clips verified HTTP 200/206 with fresh audio.
