=== APPLY EDITS english-literature-aqa/an-inspector-calls  40 edits  LIVE  2026-09-01T23:43:16.565Z
  ok   #0 L1.practice_questions[1].text [HIGH] F1: AQA 8702 Paper 2 Section A prints no extract - it is a closed-book whole-text essay. Extract wording is Pa
  ok   #1 L1.practice_questions[0].type [MEDIUM] F1: An Inspector Calls is a Paper 2 modern text, not a Shakespeare play.
  ok   #2 L1.practice_questions[5].type [MEDIUM] F1: An Inspector Calls is a Paper 2 modern text, not a Shakespeare play.
  PATCH L1: practice_questions
  ok   #3 L2.practice_questions[0].text [HIGH] F2: AQA 8702 Paper 2 Section A prints no extract - it is a closed-book whole-text essay. Extract wording is Pa
  ok   #4 L2.practice_questions[5].type [MEDIUM] F2: An Inspector Calls is a Paper 2 modern text, not a Shakespeare play.
  ok   #21 L2.content_html [HIGH] F11: Birling never calls Eva a crank. His line is about people who preach community; 'one of those cranks' is 
  ok   #22 L2.flashcard_questions[10].a [HIGH] F12: same misattribution as F11; replaced with Birling's real dismissal of the strikers.
  ok   #23 L2.flashcard_questions[12].q [MEDIUM] F13: the Inspector shows the photograph, not Birling.
  ok   #24 L2.flashcard_questions[12].a [MEDIUM] F13: answer rewritten to match the corrected question.
  PATCH L2: practice_questions, content_html, flashcard_questions
  ok   #5 L3.practice_questions[0].text [HIGH] F3: AQA 8702 Paper 2 Section A prints no extract - it is a closed-book whole-text essay. Extract wording is Pa
  ok   #6 L3.practice_questions[3].type [MEDIUM] F3: An Inspector Calls is a Paper 2 modern text, not a Shakespeare play.
  ok   #25 L3.content_html [MEDIUM] F15: clause duplicated, and Gerald broke it off because he had to go away for several weeks on business (Act 2
  PATCH L3: practice_questions, content_html
  ok   #7 L4.practice_questions[0].text [HIGH] F4: AQA 8702 Paper 2 Section A prints no extract - it is a closed-book whole-text essay. Extract wording is Pa
  ok   #8 L4.practice_questions[3].type [MEDIUM] F4: An Inspector Calls is a Paper 2 modern text, not a Shakespeare play.
  PATCH L4: practice_questions
  ok   #9 L5.practice_questions[0].text [HIGH] F5: AQA 8702 Paper 2 Section A prints no extract - it is a closed-book whole-text essay. Extract wording is Pa
  ok   #10 L5.practice_questions[3].type [MEDIUM] F5: An Inspector Calls is a Paper 2 modern text, not a Shakespeare play.
  ok   #26 L5.content_html [HIGH] F16: Sheila says 'You're squiffy' in Act 1, not Gerald.
  ok   #27 L5.content_html [HIGH] F18: fabricated quotation. Eric's real Act 3 lines are 'And I say the girl's dead and we all helped to kill he
  ok   #28 L5.flashcard_questions[10].a [HIGH] F17: same misattribution as F16.
  PATCH L5: practice_questions, content_html, flashcard_questions
  ok   #11 L6.practice_questions[0].text [HIGH] F6: AQA 8702 Paper 2 Section A prints no extract - it is a closed-book whole-text essay. Extract wording is Pa
  ok   #12 L6.practice_questions[3].type [MEDIUM] F6: An Inspector Calls is a Paper 2 modern text, not a Shakespeare play.
  ok   #29 L6.content_html [HIGH] F19: only the middle clause is Sheila's; the framing clauses are invented ('and that's what matters' is Eric's
  ok   #30 L6.content_html [LOW] F22: sentence duplicated; it is Gerald who rings the Infirmary.
  ok   #31 L6.flashcard_questions[5].a [HIGH] F20: same fabricated tag as F19.
  ok   #32 L6.knowledge_checks[2].q [MEDIUM] F21: stem quoted the invented phrase from F19.
  PATCH L6: practice_questions, content_html, flashcard_questions, knowledge_checks
  ok   #13 L7.practice_questions[0].text [HIGH] F7: AQA 8702 Paper 2 Section A prints no extract - it is a closed-book whole-text essay. Extract wording is Pa
  ok   #14 L7.practice_questions[3].type [MEDIUM] F7: An Inspector Calls is a Paper 2 modern text, not a Shakespeare play.
  PATCH L7: practice_questions
  ok   #15 L8.practice_questions[0].text [HIGH] F8: AQA 8702 Paper 2 Section A prints no extract - it is a closed-book whole-text essay. Extract wording is Pa
  ok   #16 L8.practice_questions[3].type [MEDIUM] F8: An Inspector Calls is a Paper 2 modern text, not a Shakespeare play.
  ok   #33 L8.content_html [HIGH] F23: fabricated quotation; replaced with Eric's real Act 3 line.
  ok   #34 L8.content_html [MEDIUM] F24: Mr Birling never accepts responsibility either ('I can't accept any responsibility', Act 1), so 'only cha
  PATCH L8: practice_questions, content_html
  ok   #17 L9.practice_questions[0].text [HIGH] F9: AQA 8702 Paper 2 Section A prints no extract - it is a closed-book whole-text essay. Extract wording is Pa
  ok   #18 L9.practice_questions[3].type [MEDIUM] F9: An Inspector Calls is a Paper 2 modern text, not a Shakespeare play.
  ok   #35 L9.content_html [LOW] F25: the quoted string is not contiguous in the play; the real line is given.
  ok   #36 L9.flashcard_questions[2].a [LOW] F26: same misquotation as F25.
  PATCH L9: practice_questions, content_html, flashcard_questions
  ok   #19 L10.practice_questions[0].text [HIGH] F10: AQA 8702 Paper 2 Section A prints no extract - it is a closed-book whole-text essay. Extract wording is P
  ok   #20 L10.practice_questions[3].type [MEDIUM] F10: An Inspector Calls is a Paper 2 modern text, not a Shakespeare play.
  ok   #37 L10.content_html [HIGH] F27: fabricated quotation - the Inspector never mentions the knighthood. Replaced with his real dry reply in A
  ok   #38 L10.flashcard_questions[2].q [HIGH] F28: question built on the fabricated quotation in F27.
  ok   #39 L10.flashcard_questions[2].a [HIGH] F28: replaced with the Inspector's real Act 2 line.
  PATCH L10: practice_questions, content_html, flashcard_questions
=== 40 applied, 0 skipped, 10 lessons / 23 fields changed
