
=== RE-NARRATION (changed narrated text only) ===
backup: C:\Users\tshau\Documents\Study Vault\scripts\_retrofc\units\english-literature-aqa__an-inspector-calls\_backup.json
unit:   english-literature-aqa / an-inspector-calls
run: 2026-09-01T23:43:20Z  mode: LIVE
  L01: no narrated field changed -> skip
  L04: no narrated field changed -> skip
  L07: no narrated field changed -> skip

7 lessons, 10 clips to regenerate

  L02 (Ada)  Act 1: The Engagement and the Inspector Arrives
      n12: Key Fact . Birling sacked Eva Smith because she asked for a pay rise from twenty-two shillings and sixpence to
             -> 210 KB, 17.9s, uploaded
      manifest updated (19 entries)
  L03 (Ollie)  Act 1–2: Sheila and Gerald’s Involvement
      n10: Gerald’s account presents him as a rescuer — he saved Daisy from Meggarty and gave her security. But Priestley
             -> 270 KB, 23.0s, uploaded
      manifest updated (20 entries)
  L05 (Ollie)  Act 3: Eric’s Confession and the Inspector’s Speech
      n5: Eric’s alcoholism is hinted at throughout the play but ignored by his parents. Sheila notices early on that Er
             -> 273 KB, 23.3s, uploaded
      n13: After the Inspector leaves, the generational divide becomes even sharper. Eric, like Sheila, insists that it d
             -> 149 KB, 12.7s, uploaded
      manifest updated (19 entries)
  L06 (Ada)  Act 3: The Ending and the Phone Call
      n2: Once the Inspector departs, the Birling family splits into two camps. Mr Birling, Mrs Birling and Gerald immed
             -> 260 KB, 22.1s, uploaded
      n6: Sheila and Eric refuse to celebrate. Sheila insists: “And don’t let’s start dodging and pretending now. Betwee
             -> 221 KB, 18.8s, uploaded
      manifest updated (21 entries)
  L08 (Ada)  Characters: Sheila, Eric, Gerald and Mrs Birling
      n7: Yet Eric, like Sheila, shows genuine remorse. His accusation against his mother (“You killed her”) is the play
             -> 209 KB, 17.8s, uploaded
      n16: Key Fact . Mrs Birling never accepts any responsibility, and she is proud of resisting the Inspector. She repr
             -> 217 KB, 18.5s, uploaded
      manifest updated (22 entries)
  L09 (Ollie)  Themes: Responsibility, Class and Gender
      n5: Birling believes in individual responsibility : “a man has to mind his own business and look after himself and
             -> 222 KB, 18.9s, uploaded
      manifest updated (19 entries)
  L10 (Ada)  Language, Structure and Dramatic Devices
      n5: The Inspector speaks plainly and directly. He uses short, simple sentences that cut through the Birlings’ evas
             -> 225 KB, 19.2s, uploaded
      manifest updated (27 entries)

Regenerated 10 clips.

=== VERIFY (ranged GET + freshness) ===
  206  L02 n12  bytes 0-3/215136  Last-Modified: Tue, 01 Sep 2026 23:43:27 GMT  mp3-sync=OK
  206  L03 n10  bytes 0-3/276480  Last-Modified: Tue, 01 Sep 2026 23:43:31 GMT  mp3-sync=OK
  206  L05 n5  bytes 0-3/279648  Last-Modified: Tue, 01 Sep 2026 23:43:35 GMT  mp3-sync=OK
  206  L05 n13  bytes 0-3/152352  Last-Modified: Tue, 01 Sep 2026 23:43:38 GMT  mp3-sync=OK
  206  L06 n2  bytes 0-3/265824  Last-Modified: Tue, 01 Sep 2026 23:43:42 GMT  mp3-sync=OK
  206  L06 n6  bytes 0-3/226080  Last-Modified: Tue, 01 Sep 2026 23:43:45 GMT  mp3-sync=OK
  206  L08 n7  bytes 0-3/213984  Last-Modified: Tue, 01 Sep 2026 23:43:49 GMT  mp3-sync=OK
  206  L08 n16  bytes 0-3/222048  Last-Modified: Tue, 01 Sep 2026 23:43:52 GMT  mp3-sync=OK
  206  L09 n5  bytes 0-3/226944  Last-Modified: Tue, 01 Sep 2026 23:43:56 GMT  mp3-sync=OK
  206  L10 n5  bytes 0-3/230112  Last-Modified: Tue, 01 Sep 2026 23:44:00 GMT  mp3-sync=OK

10/10 clips verified HTTP 200/206 with fresh audio.
