=== APPLY EDITS history-aqa/britain-health-people  183 edits  LIVE  2026-09-05T23:43:46.478Z
  ok   #0 L1.practice_questions[2].type [HIGH] F1: Paper 2 Section A sets the 'two ways similar/different' question at 8 marks, not 4.
  ok   #1 L1.practice_questions[2].marks [HIGH] F1: 8-mark tariff, 4 marks per way; the exam asks for similarity or difference, not both.
  ok   #28 L1.exam_tip_html [MEDIUM] F2: invented exam claim ('examiners reward').
  ok   #80 L1.content_html [MEDIUM] F3: the Church restricted dissection rather than banning it outright; the lesson's own body text says 'rare an
  ok   #81 L1.glossary_terms[4].definition [MEDIUM] F3: same correction in the glossary.
  ok   #82 L1.practice_questions[1].text [HIGH] F31: Paper 2 Section A does not set an 'Explain how...' development question - that form belongs to the Britis
  ok   #83 L1.practice_questions[1].type [HIGH] F31: Paper 2 Section A does not set an 'Explain how...' development question - that form belongs to the Britis
  ok   #84 L1.practice_questions[1].marks [HIGH] F31: Paper 2 Section A does not set an 'Explain how...' development question - that form belongs to the Britis
  ok   #85 L1.practice_questions[5].text [HIGH] F31: Paper 2 Section A does not set an 'Explain how...' development question. Converted to the 8-mark signific
  ok   #86 L1.practice_questions[5].type [HIGH] F31: Paper 2 Section A does not set an 'Explain how...' development question. Converted to the 8-mark signific
  ok   #87 L1.practice_questions[5].marks [HIGH] F31: Paper 2 Section A does not set an 'Explain how...' development question. Converted to the 8-mark signific
  ok   #166 L1.practice_questions[3].text [MEDIUM] F32: the 16-mark question on this paper is a 'Has X been the main factor...?' factors question, not a quoted s
  PATCH L1: practice_questions, exam_tip_html, content_html, glossary_terms
  ok   #2 L2.practice_questions[0].type [HIGH] F1: Paper 2 Section A sets the 'two ways similar/different' question at 8 marks, not 4.
  ok   #3 L2.practice_questions[0].marks [HIGH] F1: 8-mark tariff, 4 marks per way; the exam asks for similarity or difference, not both.
  ok   #29 L2.content_html [MEDIUM] F3: the 1163 Council of Tours barred clergy from surgery; it did not ban dissection. The lesson's own body tex
  ok   #30 L2.exam_tip_html [MEDIUM] F4: invented mark-scheme claim; house rule keeps board mark-scheme wording out.
  ok   #31 L2.exam_tip_html [MEDIUM] F3: same overstatement inside the model sentence.
  ok   #32 L2.content_html [MEDIUM] F5: al-Razi directed hospitals at Rayy and Baghdad; the Baghdad hospital already existed (founded under al-Mu'
  ok   #33 L2.glossary_terms[3].definition [MEDIUM] F5: al-Razi did not found the first hospital in Baghdad.
  ok   #34 L2.flashcard_questions[0].a [MEDIUM] F5: same correction on the flashcard.
  ok   #88 L2.practice_questions[2].text [HIGH] F31: Paper 2 Section A does not set an 'Explain how...' development question. Converted to the 8-mark signific
  ok   #89 L2.practice_questions[2].type [HIGH] F31: Paper 2 Section A does not set an 'Explain how...' development question. Converted to the 8-mark signific
  ok   #90 L2.practice_questions[2].marks [HIGH] F31: Paper 2 Section A does not set an 'Explain how...' development question. Converted to the 8-mark signific
  ok   #91 L2.practice_questions[5].text [HIGH] F31: Paper 2 Section A does not set an 'Explain how...' development question - that form belongs to the Britis
  ok   #92 L2.practice_questions[5].type [HIGH] F31: Paper 2 Section A does not set an 'Explain how...' development question - that form belongs to the Britis
  ok   #93 L2.practice_questions[5].marks [HIGH] F31: Paper 2 Section A does not set an 'Explain how...' development question - that form belongs to the Britis
  ok   #167 L2.practice_questions[3].text [MEDIUM] F32: the 16-mark question on this paper is a 'Has X been the main factor...?' factors question, not a quoted s
  PATCH L2: practice_questions, content_html, exam_tip_html, glossary_terms, flashcard_questions
  ok   #4 L3.practice_questions[0].type [HIGH] F1: Paper 2 Section A sets the 'two ways similar/different' question at 8 marks, not 4.
  ok   #5 L3.practice_questions[0].marks [HIGH] F1: 8-mark tariff, 4 marks per way; the exam asks for similarity or difference, not both.
  ok   #35 L3.content_html [MEDIUM] F6: WHO plague fact sheet - bubonic plague kills 30-60% untreated; modern antibiotics cut that sharply.
  ok   #36 L3.flashcard_questions[2].a [MEDIUM] F6: same mortality correction on the flashcard.
  ok   #37 L3.content_html [MEDIUM] F7: the famous 12th-century waterworks plan is Christ Church Priory, Canterbury, not Christchurch Priory in Do
  ok   #38 L3.flashcard_questions[4].a [MEDIUM] F8: flashcard answer was a comma list (Saturn, Jupiter and Mars) and failed the enumeration rule.
  ok   #94 L3.practice_questions[1].text [HIGH] F31: Paper 2 Section A does not set an 'Explain how...' development question. Converted to the 8-mark signific
  ok   #95 L3.practice_questions[1].type [HIGH] F31: Paper 2 Section A does not set an 'Explain how...' development question. Converted to the 8-mark signific
  ok   #96 L3.practice_questions[1].marks [HIGH] F31: Paper 2 Section A does not set an 'Explain how...' development question. Converted to the 8-mark signific
  ok   #97 L3.practice_questions[4].text [HIGH] F31: Paper 2 Section A does not set an 'Explain how...' development question - that form belongs to the Britis
  ok   #98 L3.practice_questions[4].type [HIGH] F31: Paper 2 Section A does not set an 'Explain how...' development question - that form belongs to the Britis
  ok   #99 L3.practice_questions[4].marks [HIGH] F31: Paper 2 Section A does not set an 'Explain how...' development question - that form belongs to the Britis
  ok   #168 L3.practice_questions[3].text [MEDIUM] F32: the 16-mark question on this paper is a 'Has X been the main factor...?' factors question, not a quoted s
  PATCH L3: practice_questions, content_html, flashcard_questions
  ok   #6 L4.practice_questions[0].type [HIGH] F1: Paper 2 Section A sets the 'two ways similar/different' question at 8 marks, not 4.
  ok   #7 L4.practice_questions[0].marks [HIGH] F1: 8-mark tariff, 4 marks per way; the exam asks for similarity or difference, not both.
  ok   #39 L4.content_html [MEDIUM] F9: the gibbet theft belongs to his student days; at Padua a criminal-court judge supplied executed criminals 
  ok   #40 L4.content_html [MEDIUM] F2: invented exam claim.
  ok   #100 L4.practice_questions[2].text [HIGH] F31: Paper 2 Section A does not set an 'Explain how...' development question. Converted to the 8-mark signific
  ok   #101 L4.practice_questions[2].type [HIGH] F31: Paper 2 Section A does not set an 'Explain how...' development question. Converted to the 8-mark signific
  ok   #102 L4.practice_questions[2].marks [HIGH] F31: Paper 2 Section A does not set an 'Explain how...' development question. Converted to the 8-mark signific
  ok   #103 L4.practice_questions[4].text [HIGH] F31: Paper 2 Section A does not set an 'Explain how...' development question - that form belongs to the Britis
  ok   #104 L4.practice_questions[4].type [HIGH] F31: Paper 2 Section A does not set an 'Explain how...' development question - that form belongs to the Britis
  ok   #105 L4.practice_questions[4].marks [HIGH] F31: Paper 2 Section A does not set an 'Explain how...' development question - that form belongs to the Britis
  ok   #169 L4.practice_questions[3].text [MEDIUM] F32: the 16-mark question on this paper is a 'Has X been the main factor...?' factors question, not a quoted s
  PATCH L4: practice_questions, content_html
  ok   #8 L5.practice_questions[0].type [HIGH] F1: Paper 2 Section A sets the 'two ways similar/different' question at 8 marks, not 4.
  ok   #9 L5.practice_questions[0].marks [HIGH] F1: 8-mark tariff, 4 marks per way; the exam asks for similarity or difference, not both.
  ok   #41 L5.content_html [MEDIUM] F10: Jenner was apprenticed to Daniel Ludlow from 1764 and only came to Hunter at St George's in 1770. Wikiped
  ok   #42 L5.exam_tip_html [MEDIUM] F2: invented exam claim.
  ok   #106 L5.practice_questions[2].text [HIGH] F31: Paper 2 Section A does not set an 'Explain how...' development question. Converted to the 8-mark signific
  ok   #107 L5.practice_questions[2].type [HIGH] F31: Paper 2 Section A does not set an 'Explain how...' development question. Converted to the 8-mark signific
  ok   #108 L5.practice_questions[2].marks [HIGH] F31: Paper 2 Section A does not set an 'Explain how...' development question. Converted to the 8-mark signific
  ok   #109 L5.practice_questions[5].text [HIGH] F31: Paper 2 Section A does not set an 'Explain how...' development question - that form belongs to the Britis
  ok   #110 L5.practice_questions[5].type [HIGH] F31: Paper 2 Section A does not set an 'Explain how...' development question - that form belongs to the Britis
  ok   #111 L5.practice_questions[5].marks [HIGH] F31: Paper 2 Section A does not set an 'Explain how...' development question - that form belongs to the Britis
  ok   #170 L5.practice_questions[3].text [MEDIUM] F32: the 16-mark question on this paper is a 'Has X been the main factor...?' factors question, not a quoted s
  PATCH L5: practice_questions, content_html, exam_tip_html
  ok   #10 L6.practice_questions[0].type [HIGH] F1: Paper 2 Section A sets the 'two ways similar/different' question at 8 marks, not 4.
  ok   #11 L6.practice_questions[0].marks [HIGH] F1: 8-mark tariff, 4 marks per way; the exam asks for similarity or difference, not both.
  ok   #43 L6.content_html [MEDIUM] F11: Octavius died on 3 May 1783 a few days after smallpox inoculation; the cause was never settled and the ho
  ok   #44 L6.content_html [MEDIUM] F12: the Inquiry contained 23 cases in total (Phipps was case 17), not 23 further cases. Wikipedia 'Edward Jen
  ok   #45 L6.content_html [MEDIUM] F2: invented exam claim.
  ok   #46 L6.content_html [MEDIUM] F13: inoculation was done by scratch, not injection - the lesson's own body text says 'rubbed into a scratch o
  ok   #47 L6.glossary_terms[0].definition [MEDIUM] F13: same correction in the glossary.
  ok   #48 L6.content_html [LOW] F14: the sentence as written says the opposite of what it means.
  ok   #112 L6.practice_questions[2].text [HIGH] F31: Paper 2 Section A does not set an 'Explain how...' development question - that form belongs to the Britis
  ok   #113 L6.practice_questions[2].type [HIGH] F31: Paper 2 Section A does not set an 'Explain how...' development question - that form belongs to the Britis
  ok   #114 L6.practice_questions[2].marks [HIGH] F31: Paper 2 Section A does not set an 'Explain how...' development question - that form belongs to the Britis
  ok   #115 L6.practice_questions[4].text [HIGH] F31: Paper 2 Section A does not set an 'Explain how...' development question. Converted to the 8-mark signific
  ok   #116 L6.practice_questions[4].type [HIGH] F31: Paper 2 Section A does not set an 'Explain how...' development question. Converted to the 8-mark signific
  ok   #117 L6.practice_questions[4].marks [HIGH] F31: Paper 2 Section A does not set an 'Explain how...' development question. Converted to the 8-mark signific
  ok   #171 L6.practice_questions[3].text [MEDIUM] F32: the 16-mark question on this paper is a 'Has X been the main factor...?' factors question, not a quoted s
  PATCH L6: practice_questions, content_html, glossary_terms
  ok   #12 L7.practice_questions[0].type [HIGH] F1: Paper 2 Section A sets the 'two ways similar/different' question at 8 marks, not 4.
  ok   #13 L7.practice_questions[0].marks [HIGH] F1: 8-mark tariff, 4 marks per way; the exam asks for similarity or difference, not both.
  ok   #49 L7.content_html [LOW] F15: Pasteur's silkworm work began in 1865, four years after germ theory. Wikipedia 'Louis Pasteur'.
  ok   #50 L7.content_html [LOW] F15: the silk work came later, in 1865.
  ok   #51 L7.exam_tip_html [MEDIUM] F4: invented mark-scheme claim.
  ok   #52 L7.exam_tip_html [LOW] F4: keeps the point, drops the mark-scheme claim.
  ok   #118 L7.practice_questions[2].text [HIGH] F31: Paper 2 Section A does not set an 'Explain how...' development question - that form belongs to the Britis
  ok   #119 L7.practice_questions[2].type [HIGH] F31: Paper 2 Section A does not set an 'Explain how...' development question - that form belongs to the Britis
  ok   #120 L7.practice_questions[2].marks [HIGH] F31: Paper 2 Section A does not set an 'Explain how...' development question - that form belongs to the Britis
  ok   #121 L7.practice_questions[5].text [HIGH] F31: Paper 2 Section A does not set an 'Explain how...' development question. Converted to the 8-mark signific
  ok   #122 L7.practice_questions[5].type [HIGH] F31: Paper 2 Section A does not set an 'Explain how...' development question. Converted to the 8-mark signific
  ok   #123 L7.practice_questions[5].marks [HIGH] F31: Paper 2 Section A does not set an 'Explain how...' development question. Converted to the 8-mark signific
  ok   #172 L7.practice_questions[3].text [MEDIUM] F32: the 16-mark question on this paper is a 'Has X been the main factor...?' factors question, not a quoted s
  PATCH L7: practice_questions, content_html, exam_tip_html
  ok   #14 L8.practice_questions[0].type [HIGH] F1: Paper 2 Section A sets the 'two ways similar/different' question at 8 marks, not 4.
  ok   #15 L8.practice_questions[0].marks [HIGH] F1: 8-mark tariff, 4 marks per way; the exam asks for similarity or difference, not both.
  ok   #53 L8.content_html [MEDIUM] F16: Halsted had Goodyear make rubber gloves for Caroline Hampton in 1889; the irritant was the theatre antise
  ok   #54 L8.knowledge_checks[4].right[1] [MEDIUM] F16: gloves date corrected; the match mapping is unchanged.
  ok   #55 L8.flashcard_questions[8].a [MEDIUM] F16: gloves date corrected.
  ok   #124 L8.practice_questions[2].text [HIGH] F31: Paper 2 Section A does not set an 'Explain how...' development question - that form belongs to the Britis
  ok   #125 L8.practice_questions[2].type [HIGH] F31: Paper 2 Section A does not set an 'Explain how...' development question - that form belongs to the Britis
  ok   #126 L8.practice_questions[2].marks [HIGH] F31: Paper 2 Section A does not set an 'Explain how...' development question - that form belongs to the Britis
  ok   #127 L8.practice_questions[5].text [HIGH] F31: Paper 2 Section A does not set an 'Explain how...' development question. Converted to the 8-mark signific
  ok   #128 L8.practice_questions[5].type [HIGH] F31: Paper 2 Section A does not set an 'Explain how...' development question. Converted to the 8-mark signific
  ok   #129 L8.practice_questions[5].marks [HIGH] F31: Paper 2 Section A does not set an 'Explain how...' development question. Converted to the 8-mark signific
  ok   #173 L8.practice_questions[3].text [MEDIUM] F32: the 16-mark question on this paper is a 'Has X been the main factor...?' factors question, not a quoted s
  PATCH L8: practice_questions, content_html, knowledge_checks, flashcard_questions
  ok   #16 L9.practice_questions[0].type [HIGH] F1: Paper 2 Section A sets the 'two ways similar/different' question at 8 marks, not 4.
  ok   #17 L9.practice_questions[0].marks [HIGH] F1: 8-mark tariff, 4 marks per way; the exam asks for similarity or difference, not both.
  ok   #56 L9.content_html [MEDIUM] F17: the Broad Street outbreak killed 616 people; 578 is not a figure in the record. Wikipedia '1854 Broad Str
  ok   #57 L9.flashcard_questions[4].a [MEDIUM] F17: same figure corrected.
  ok   #58 L9.exam_tip_html [MEDIUM] F4: invented mark-scheme claim.
  ok   #130 L9.practice_questions[2].text [HIGH] F31: Paper 2 Section A does not set an 'Explain how...' development question. Converted to the 8-mark signific
  ok   #131 L9.practice_questions[2].type [HIGH] F31: Paper 2 Section A does not set an 'Explain how...' development question. Converted to the 8-mark signific
  ok   #132 L9.practice_questions[2].marks [HIGH] F31: Paper 2 Section A does not set an 'Explain how...' development question. Converted to the 8-mark signific
  ok   #133 L9.practice_questions[5].text [HIGH] F31: Paper 2 Section A does not set an 'Explain how...' development question - that form belongs to the Britis
  ok   #134 L9.practice_questions[5].type [HIGH] F31: Paper 2 Section A does not set an 'Explain how...' development question - that form belongs to the Britis
  ok   #135 L9.practice_questions[5].marks [HIGH] F31: Paper 2 Section A does not set an 'Explain how...' development question - that form belongs to the Britis
  ok   #174 L9.practice_questions[3].text [MEDIUM] F32: the 16-mark question on this paper is a 'Has X been the main factor...?' factors question, not a quoted s
  PATCH L9: practice_questions, content_html, flashcard_questions, exam_tip_html
  ok   #18 L10.practice_questions[0].type [HIGH] F1: Paper 2 Section A sets the 'two ways similar/different' question at 8 marks, not 4.
  ok   #19 L10.practice_questions[0].marks [HIGH] F1: 8-mark tariff, 4 marks per way; the exam asks for similarity or difference, not both.
  ok   #59 L10.content_html [MEDIUM] F18: the polar-area diagram was used by Guerry in 1829 and Lalanne by 1830; Nightingale popularised it. Wikipe
  ok   #60 L10.content_html [MEDIUM] F19: she was the first female member, and the body was the Statistical Society of London until 1887.
  ok   #61 L10.flashcard_questions[3].q [MEDIUM] F18: she popularised the polar-area diagram rather than inventing it.
  ok   #62 L10.flashcard_questions[12].a [LOW] F20: the Crimean War began in 1853; Nightingale arrived in 1854.
  ok   #136 L10.practice_questions[2].text [HIGH] F31: Paper 2 Section A does not set an 'Explain how...' development question. Converted to the 8-mark signific
  ok   #137 L10.practice_questions[2].type [HIGH] F31: Paper 2 Section A does not set an 'Explain how...' development question. Converted to the 8-mark signific
  ok   #138 L10.practice_questions[2].marks [HIGH] F31: Paper 2 Section A does not set an 'Explain how...' development question. Converted to the 8-mark signific
  ok   #139 L10.practice_questions[5].text [HIGH] F31: Paper 2 Section A does not set an 'Explain how...' development question - that form belongs to the Britis
  ok   #140 L10.practice_questions[5].type [HIGH] F31: Paper 2 Section A does not set an 'Explain how...' development question - that form belongs to the Britis
  ok   #141 L10.practice_questions[5].marks [HIGH] F31: Paper 2 Section A does not set an 'Explain how...' development question - that form belongs to the Britis
  ok   #175 L10.practice_questions[3].text [MEDIUM] F32: the 16-mark question on this paper is a 'Has X been the main factor...?' factors question, not a quoted s
  ok   #180 L10.content_html [MEDIUM] F34 ruling: figures kept, causal framing corrected.
  ok   #181 L10.flashcard_questions[2].a [MEDIUM] F34 ruling.
  ok   #182 L10.practice_questions[1].marks [MEDIUM] F34 ruling.
  PATCH L10: practice_questions, content_html, flashcard_questions
  ok   #20 L11.practice_questions[0].type [HIGH] F1: Paper 2 Section A sets the 'two ways similar/different' question at 8 marks, not 4.
  ok   #21 L11.practice_questions[0].marks [HIGH] F1: 8-mark tariff, 4 marks per way; the exam asks for similarity or difference, not both.
  ok   #63 L11.description [LOW] F21: description was 105 characters; the limit is under 100.
  ok   #64 L11.content_html [MEDIUM] F22: the 1911 scheme paid 10s for the first 13 weeks and 5s for the next 13. Wikipedia 'National Insurance Act
  ok   #65 L11.glossary_terms[0].definition [LOW] F23: the glossary said London, the lesson text says Liverpool; Booth was a Liverpool ship-owner who surveyed L
  ok   #142 L11.practice_questions[2].text [HIGH] F31: Paper 2 Section A does not set an 'Explain how...' development question - that form belongs to the Britis
  ok   #143 L11.practice_questions[2].type [HIGH] F31: Paper 2 Section A does not set an 'Explain how...' development question - that form belongs to the Britis
  ok   #144 L11.practice_questions[2].marks [HIGH] F31: Paper 2 Section A does not set an 'Explain how...' development question - that form belongs to the Britis
  ok   #145 L11.practice_questions[5].text [HIGH] F31: Paper 2 Section A does not set an 'Explain how...' development question. Converted to the 8-mark signific
  ok   #146 L11.practice_questions[5].type [HIGH] F31: Paper 2 Section A does not set an 'Explain how...' development question. Converted to the 8-mark signific
  ok   #147 L11.practice_questions[5].marks [HIGH] F31: Paper 2 Section A does not set an 'Explain how...' development question. Converted to the 8-mark signific
  ok   #176 L11.practice_questions[3].text [MEDIUM] F32: the 16-mark question on this paper is a 'Has X been the main factor...?' factors question, not a quoted s
  PATCH L11: practice_questions, description, content_html, glossary_terms
  ok   #22 L12.practice_questions[0].type [HIGH] F1: Paper 2 Section A sets the 'two ways similar/different' question at 8 marks, not 4.
  ok   #23 L12.practice_questions[0].marks [HIGH] F1: 8-mark tariff, 4 marks per way; the exam asks for similarity or difference, not both.
  ok   #66 L12.flashcard_questions[7].q [LOW] F8: the answer was a bare name list and failed the enumeration rule.
  ok   #67 L12.flashcard_questions[7].a [LOW] F8: one idea per card.
  ok   #148 L12.practice_questions[2].text [HIGH] F31: Paper 2 Section A does not set an 'Explain how...' development question - that form belongs to the Britis
  ok   #149 L12.practice_questions[2].type [HIGH] F31: Paper 2 Section A does not set an 'Explain how...' development question - that form belongs to the Britis
  ok   #150 L12.practice_questions[2].marks [HIGH] F31: Paper 2 Section A does not set an 'Explain how...' development question - that form belongs to the Britis
  ok   #151 L12.practice_questions[5].text [HIGH] F31: Paper 2 Section A does not set an 'Explain how...' development question. Converted to the 8-mark signific
  ok   #152 L12.practice_questions[5].type [HIGH] F31: Paper 2 Section A does not set an 'Explain how...' development question. Converted to the 8-mark signific
  ok   #153 L12.practice_questions[5].marks [HIGH] F31: Paper 2 Section A does not set an 'Explain how...' development question. Converted to the 8-mark signific
  ok   #177 L12.practice_questions[3].text [MEDIUM] F32: the 16-mark question on this paper is a 'Has X been the main factor...?' factors question, not a quoted s
  PATCH L12: practice_questions, flashcard_questions
  ok   #24 L13.practice_questions[0].type [HIGH] F1: Paper 2 Section A sets the 'two ways similar/different' question at 8 marks, not 4.
  ok   #25 L13.practice_questions[0].marks [HIGH] F1: 8-mark tariff, 4 marks per way; the exam asks for similarity or difference, not both.
  ok   #68 L13.content_html [MEDIUM] F25: the first wave moved ~1.5 million people, of whom 826,950 were unaccompanied schoolchildren. Wikipedia 'E
  ok   #69 L13.content_html [MEDIUM] F26: polling was on 5 July, before Potsdam opened on 17 July, and Churchill was back in London for the count o
  ok   #70 L13.flashcard_questions[1].q [LOW] F8: the answer was a five-item list and failed the enumeration rule.
  ok   #71 L13.flashcard_questions[1].a [LOW] F8: one idea per card.
  ok   #72 L13.flashcard_questions[10].a [LOW] F28: the 1951 budget charged for dentures and spectacles; the shilling prescription charge came in 1952.
  ok   #78 L13.practice_questions[3].marks [LOW] F33: Labour won 393 of 640 seats in 1945, a majority of 146.
  ok   #79 L13.practice_questions[4].marks [LOW] F28: the 1951 budget charged for dentures and spectacles; the shilling prescription charge came in 1952.
  ok   #154 L13.practice_questions[2].text [HIGH] F31: Paper 2 Section A does not set an 'Explain how...' development question. Converted to the 8-mark signific
  ok   #155 L13.practice_questions[2].type [HIGH] F31: Paper 2 Section A does not set an 'Explain how...' development question. Converted to the 8-mark signific
  ok   #156 L13.practice_questions[2].marks [HIGH] F31: Paper 2 Section A does not set an 'Explain how...' development question. Converted to the 8-mark signific
  ok   #157 L13.practice_questions[5].text [HIGH] F31: Paper 2 Section A does not set an 'Explain how...' development question - that form belongs to the Britis
  ok   #158 L13.practice_questions[5].type [HIGH] F31: Paper 2 Section A does not set an 'Explain how...' development question - that form belongs to the Britis
  ok   #159 L13.practice_questions[5].marks [HIGH] F31: Paper 2 Section A does not set an 'Explain how...' development question - that form belongs to the Britis
  ok   #178 L13.practice_questions[3].text [MEDIUM] F32: the 16-mark question on this paper is a 'Has X been the main factor...?' factors question, not a quoted s
  PATCH L13: practice_questions, content_html, flashcard_questions
  ok   #26 L14.practice_questions[0].type [HIGH] F1: Paper 2 Section A sets the 'two ways similar/different' question at 8 marks, not 4.
  ok   #27 L14.practice_questions[0].marks [HIGH] F1: 8-mark tariff, 4 marks per way; the exam asks for similarity or difference, not both.
  ok   #73 L14.content_html [MEDIUM] F29: invented examiner-report claim, and the sentence was garbled.
  ok   #74 L14.content_html [MEDIUM] F29: invented examiner-report claim.
  ok   #75 L14.flashcard_questions[10].q [MEDIUM] F29: the card asserted an invented examiner-report claim.
  ok   #76 L14.flashcard_questions[10].a [MEDIUM] F29: same.
  ok   #77 L14.flashcard_questions[2].a [LOW] F8: the answer was a comma list and failed the enumeration rule.
  ok   #160 L14.practice_questions[2].text [HIGH] F31: Paper 2 Section A does not set an 'Explain how...' development question - that form belongs to the Britis
  ok   #161 L14.practice_questions[2].type [HIGH] F31: Paper 2 Section A does not set an 'Explain how...' development question - that form belongs to the Britis
  ok   #162 L14.practice_questions[2].marks [HIGH] F31: Paper 2 Section A does not set an 'Explain how...' development question - that form belongs to the Britis
  ok   #163 L14.practice_questions[5].text [HIGH] F31: Paper 2 Section A does not set an 'Explain how...' development question. Converted to the 8-mark signific
  ok   #164 L14.practice_questions[5].type [HIGH] F31: Paper 2 Section A does not set an 'Explain how...' development question. Converted to the 8-mark signific
  ok   #165 L14.practice_questions[5].marks [HIGH] F31: Paper 2 Section A does not set an 'Explain how...' development question. Converted to the 8-mark signific
  ok   #179 L14.practice_questions[3].text [MEDIUM] F32: the 16-mark question on this paper is a 'Has X been the main factor...?' factors question, not a quoted s
  PATCH L14: practice_questions, content_html, flashcard_questions
=== 183 applied, 0 skipped, 14 lessons / 46 fields changed
