
=== RE-NARRATION (changed narrated text only) ===
backup: C:\Users\tshau\Documents\Study Vault\scripts\_retrofc\units\history-aqa__britain-health-people\_backup.json
unit:   history-aqa / britain-health-people
run: 2026-09-05T23:43:50Z  mode: LIVE
  L12: no narrated field changed -> skip

13 lessons, 26 clips to regenerate

  L01 (Ollie)  Medieval Medicine: Humours, Galen and the Doctor's World
      n18: When you tackle an 8-mark significance question on a later figure (Vesalius, Harvey, Pasteur), you must show w
             -> 328 KB, 28.0s, uploaded
      manifest updated (22 entries)
  L02 (Ada)  The Church, the Monastery and Islamic Medicine
      n3: Key Fact . The medieval Church both helped medicine (built hospitals, copied Galen’s texts, trained literate p
             -> 240 KB, 20.5s, uploaded
      n19: When asked about the contribution of Christianity or Islam, avoid one-sided answers. The strongest answers sho
             -> 324 KB, 27.6s, uploaded
      manifest updated (23 entries)
  L03 (Ollie)  Public Health in the Middle Ages and the Black Death
      n5: Most towns had local rules. London ordinances from the 1300s required butchers to slaughter outside the city w
             -> 480 KB, 41.0s, uploaded
      n8: The disease appeared in two forms. Bubonic plague caused painful black swellings (buboes) in the groin, armpit
             -> 317 KB, 27.1s, uploaded
      manifest updated (23 entries)
  L04 (Ada)  Renaissance Anatomy: Vesalius, Paré and the Challenge to Galen
      n5: Andreas Vesalius was a Belgian anatomist who became professor at Padua — the most famous medical school in Eur
             -> 553 KB, 47.2s, uploaded
      n10: Vesalius is therefore the textbook example of the gap between discovery and application. The strongest answers
             -> 134 KB, 11.4s, uploaded
      manifest updated (23 entries)
  L05 (Ollie)  Harvey, Sydenham and Disease Treatment c1600-1750
      n21: Hunter famously infected himself with gonorrhoea (and possibly syphilis) to track its progress — a flawed expe
             -> 404 KB, 34.5s, uploaded
      n22: When asked an 8-mark significance question on Harvey, the smart move is to explicitly address the slow-impact 
             -> 513 KB, 43.8s, uploaded
      manifest updated (26 entries)
  L06 (Ada)  Jenner, Vaccination and the Limits of 18th-Century Prevention
      n2: In 18th-century Britain, smallpox killed roughly one in five of those who caught it and disfigured many of the
             -> 404 KB, 34.5s, uploaded
      n8: In May 1796 Jenner took pus from a cowpox sore on the hand of a milkmaid named Sarah Nelmes and used it to ino
             -> 373 KB, 31.8s, uploaded
      n12: Opposition came from three directions. First, the inoculators — doctors who made their living from variolation
             -> 563 KB, 48.0s, uploaded
      n18: Jenner’s work is significant in three ways worth bringing out. At the time : he saved the lives of thousands —
             -> 541 KB, 46.1s, uploaded
      manifest updated (25 entries)
  L07 (Ollie)  Pasteur, Koch and the Germ Theory Revolution
      n3: Key Fact . In 1861 Louis Pasteur published his germ theory, proving that microscopic organisms (germs) caused 
             -> 195 KB, 16.6s, uploaded
      n5: Louis Pasteur was a French chemist, not a doctor. The French wine and beer industries hired him in the 1850s t
             -> 570 KB, 48.6s, uploaded
      n20: For the 16-mark factor essay, the most common slip is to write a paragraph on each factor without weighing the
             -> 456 KB, 38.9s, uploaded
      manifest updated (24 entries)
  L08 (Ada)  A Revolution in Surgery: Anaesthetics and Antiseptics
      n12: Lister’s carbolic system killed germs during surgery. By the 1890s a better idea had taken hold: stop germs re
             -> 424 KB, 36.2s, uploaded
      manifest updated (20 entries)
  L09 (Ollie)  Public Health in the Industrial City: Snow, Chadwick and the Acts
      n8: When cholera struck Soho in August 1854, the London doctor John Snow mapped the deaths — 616 by the end of the
             -> 408 KB, 34.8s, uploaded
      n16: For a 16-mark factor essay on public health, anchor the answer in three precise dates: 1848, 1875 and 1948. Ea
             -> 401 KB, 34.2s, uploaded
      manifest updated (20 entries)
  L10 (Ada)  Nightingale, Hospitals and the Reform of Nursing
      n3: Key Fact . At the Scutari military hospital in 1854 mortality was around 42% when Nightingale arrived; by the 
             -> 319 KB, 27.2s, uploaded
      n6: Nightingale was a trained mathematician. She made the polar-area chart famous — it is often called her rose di
             -> 400 KB, 34.1s, uploaded
      manifest updated (21 entries)
  L11 (Ollie)  From Booth and Rowntree to the Liberal Reforms 1900-1914
      n10: The flagship reform was the National Insurance Act 1911 . Part I gave 13 million workers earning under £160 a 
             -> 470 KB, 40.1s, uploaded
      manifest updated (20 entries)
  L13 (Ollie)  Beveridge, Bevan and the Birth of the NHS
      n2: The Second World War changed what the British state was thought to be for. Evacuation moved about 1.5 million 
             -> 489 KB, 41.8s, uploaded
      n7: In July 1945 the British electorate voted Labour into power with 393 seats to the Conservatives’ 197. Clement 
             -> 526 KB, 44.9s, uploaded
      manifest updated (20 entries)
  L14 (Ada)  Weighing the Factors: Continuity, Change and Progress c1000-Today
      n11: Key Fact . Three examples, two periods, one judgement. Strong answers move fluently between periods (e.g. comp
             -> 195 KB, 16.6s, uploaded
      n14: The same mistakes cost marks every year. Do not write in the first person or as a diary entry — that prevents 
             -> 246 KB, 21.0s, uploaded
      manifest updated (20 entries)

Regenerated 26 clips.

=== VERIFY (ranged GET + freshness) ===
  206  L01 n18  bytes 0-3/335808  Last-Modified: Sat, 05 Sep 2026 23:43:57 GMT  mp3-sync=OK
  206  L02 n3  bytes 0-3/245952  Last-Modified: Sat, 05 Sep 2026 23:44:00 GMT  mp3-sync=OK
  206  L02 n19  bytes 0-3/331776  Last-Modified: Sat, 05 Sep 2026 23:44:05 GMT  mp3-sync=OK
  206  L03 n5  bytes 0-3/491904  Last-Modified: Sat, 05 Sep 2026 23:44:11 GMT  mp3-sync=OK
  206  L03 n8  bytes 0-3/324576  Last-Modified: Sat, 05 Sep 2026 23:44:16 GMT  mp3-sync=OK
  206  L04 n5  bytes 0-3/566496  Last-Modified: Sat, 05 Sep 2026 23:44:24 GMT  mp3-sync=OK
  206  L04 n10  bytes 0-3/137376  Last-Modified: Sat, 05 Sep 2026 23:44:26 GMT  mp3-sync=OK
  206  L05 n21  bytes 0-3/413568  Last-Modified: Sat, 05 Sep 2026 23:44:33 GMT  mp3-sync=OK
  206  L05 n22  bytes 0-3/525312  Last-Modified: Sat, 05 Sep 2026 23:44:40 GMT  mp3-sync=OK
  206  L06 n2  bytes 0-3/414144  Last-Modified: Sat, 05 Sep 2026 23:44:46 GMT  mp3-sync=OK
  206  L06 n8  bytes 0-3/381600  Last-Modified: Sat, 05 Sep 2026 23:44:51 GMT  mp3-sync=OK
  206  L06 n12  bytes 0-3/576288  Last-Modified: Sat, 05 Sep 2026 23:44:59 GMT  mp3-sync=OK
  206  L06 n18  bytes 0-3/553536  Last-Modified: Sat, 05 Sep 2026 23:45:06 GMT  mp3-sync=OK
  206  L07 n3  bytes 0-3/199296  Last-Modified: Sat, 05 Sep 2026 23:45:10 GMT  mp3-sync=OK
  206  L07 n5  bytes 0-3/583200  Last-Modified: Sat, 05 Sep 2026 23:45:17 GMT  mp3-sync=OK
  206  L07 n20  bytes 0-3/467136  Last-Modified: Sat, 05 Sep 2026 23:45:23 GMT  mp3-sync=OK
  206  L08 n12  bytes 0-3/434304  Last-Modified: Sat, 05 Sep 2026 23:45:30 GMT  mp3-sync=OK
  206  L09 n8  bytes 0-3/417600  Last-Modified: Sat, 05 Sep 2026 23:45:37 GMT  mp3-sync=OK
  206  L09 n16  bytes 0-3/410400  Last-Modified: Sat, 05 Sep 2026 23:45:42 GMT  mp3-sync=OK
  206  L10 n3  bytes 0-3/326592  Last-Modified: Sat, 05 Sep 2026 23:45:47 GMT  mp3-sync=OK
  206  L10 n6  bytes 0-3/409536  Last-Modified: Sat, 05 Sep 2026 23:45:53 GMT  mp3-sync=OK
  206  L11 n10  bytes 0-3/481248  Last-Modified: Sat, 05 Sep 2026 23:46:00 GMT  mp3-sync=OK
  206  L13 n2  bytes 0-3/501120  Last-Modified: Sat, 05 Sep 2026 23:46:07 GMT  mp3-sync=OK
  206  L13 n7  bytes 0-3/539136  Last-Modified: Sat, 05 Sep 2026 23:46:14 GMT  mp3-sync=OK
  206  L14 n11  bytes 0-3/199296  Last-Modified: Sat, 05 Sep 2026 23:46:18 GMT  mp3-sync=OK
  206  L14 n14  bytes 0-3/251712  Last-Modified: Sat, 05 Sep 2026 23:46:22 GMT  mp3-sync=OK

26/26 clips verified HTTP 200/206 with fresh audio.
