
=== RE-NARRATION (changed narrated text only) ===
backup: C:\Users\tshau\Documents\Study Vault\scripts\_retrofc\units\religious-studies-edexcel__paper-2-sikhism\_backup.json
unit:   religious-studies-edexcel / paper-2-sikhism
run: 2026-09-06T06:09:49Z  mode: LIVE

4 lessons, 17 clips to regenerate

  L01 (Ollie)  The Nature of God and Human Life in Sikhism
      n6: Karta Purakh means the Creator Being — God is not just the originator of creation but is continuously involved
             -> 374 KB, 31.9s, uploaded
      n13: Mukti (liberation) in Sikhism is achieved not through human effort alone but through God’s grace (nadar or kir
             -> 284 KB, 24.2s, uploaded
      n15: Key Fact . Named sources for Sikh beliefs about life and mukti: Guru Granth Sahib 1 (Mool Mantar — nature of G
             -> 296 KB, 25.2s, uploaded
      n16: Students sometimes assume Sikh and Hindu karma are identical. While both involve the principle that actions sh
             -> 407 KB, 34.7s, uploaded
      n17: For the 5-mark question, Guru Granth Sahib page numbers are your named sources: cite them as ‘Guru Granth Sahi
             -> 602 KB, 51.4s, uploaded
      n19: God in Sikhism is described by the Mool Mantar (Guru Granth Sahib 1): One Creator, without fear or hatred, bey
             -> 238 KB, 20.3s, uploaded
      manifest updated (18 entries)
  L02 (Ada)  Gurmukh, Equality, Sewa and the Sangat
      n3: The core obstacle to becoming gurmukh is haumai (ego/pride). Guru Granth Sahib page 125 teaches that the gurmu
             -> 249 KB, 21.2s, uploaded
      n4: Key Fact . Gurmukh = God-centred life oriented toward the Guru. Manmukh = self-centred life driven by ego. Hau
             -> 349 KB, 29.8s, uploaded
      n6: Sikhism teaches the absolute equality of all human beings. Guru Granth Sahib page 349 states: “Recognise the L
             -> 432 KB, 36.9s, uploaded
      n17: For the 5-mark question, your named sources are: Guru Granth Sahib 125 (haumai as disease), Guru Granth Sahib 
             -> 636 KB, 54.3s, uploaded
      manifest updated (21 entries)
  L03 (Ollie)  The Gurdwara, Langar and Daily Worship
      n6: The most sacred gurdwara in the world is the Harmandir Sahib (Golden Temple) in Amritsar , Punjab. Founded by 
             -> 430 KB, 36.7s, uploaded
      n15: Sikh daily life is structured around prayer. Guru Granth Sahib page 305 teaches that a Sikh of the Guru should
             -> 487 KB, 41.6s, uploaded
      manifest updated (21 entries)
  L04 (Ada)  Akhand Path, Gurpurbs and Sikh Ceremonies
      n9: Sikhs observe Divali not for Hindu reasons but to commemorate the release from imprisonment of Guru Hargobind 
             -> 456 KB, 38.9s, uploaded
      n14: Amrit Sanskar is the initiation ceremony governed by Rahit Maryada Chapters 11 and 13 . Five initiated Khalsa 
             -> 408 KB, 34.8s, uploaded
      n16: Key Fact . Amrit Sanskar (Rahit Maryada Chapters 11 and 13) initiates Khalsa Sikhs, who must already wear the 
             -> 404 KB, 34.5s, uploaded
      n17: For the 5-mark question, named sources include Rahit Maryada Chapter 7 (Akhand Path) and Rahit Maryada Chapter
             -> 598 KB, 51.0s, uploaded
      n20: Naam Karan (naming ceremony) uses the Hukamnama to determine the child’s first letter. Amrit Sanskar (Rahit Ma
             -> 171 KB, 14.6s, uploaded
      manifest updated (21 entries)

Regenerated 17 clips.

=== VERIFY (ranged GET + freshness) ===
  206  L01 n6  bytes 0-3/383328  Last-Modified: Sun, 06 Sep 2026 06:10:01 GMT  mp3-sync=OK
  206  L01 n13  bytes 0-3/290592  Last-Modified: Sun, 06 Sep 2026 06:10:06 GMT  mp3-sync=OK
  206  L01 n15  bytes 0-3/302976  Last-Modified: Sun, 06 Sep 2026 06:10:13 GMT  mp3-sync=OK
  206  L01 n16  bytes 0-3/416448  Last-Modified: Sun, 06 Sep 2026 06:10:20 GMT  mp3-sync=OK
  206  L01 n17  bytes 0-3/616608  Last-Modified: Sun, 06 Sep 2026 06:10:30 GMT  mp3-sync=OK
  206  L01 n19  bytes 0-3/243648  Last-Modified: Sun, 06 Sep 2026 06:10:35 GMT  mp3-sync=OK
  206  L02 n3  bytes 0-3/254592  Last-Modified: Sun, 06 Sep 2026 06:10:41 GMT  mp3-sync=OK
  206  L02 n4  bytes 0-3/357696  Last-Modified: Sun, 06 Sep 2026 06:10:48 GMT  mp3-sync=OK
  206  L02 n6  bytes 0-3/442368  Last-Modified: Sun, 06 Sep 2026 06:10:57 GMT  mp3-sync=OK
  206  L02 n17  bytes 0-3/651456  Last-Modified: Sun, 06 Sep 2026 06:11:10 GMT  mp3-sync=OK
  206  L03 n6  bytes 0-3/440640  Last-Modified: Sun, 06 Sep 2026 06:11:20 GMT  mp3-sync=OK
  206  L03 n15  bytes 0-3/499104  Last-Modified: Sun, 06 Sep 2026 06:11:29 GMT  mp3-sync=OK
  206  L04 n9  bytes 0-3/466560  Last-Modified: Sun, 06 Sep 2026 06:11:38 GMT  mp3-sync=OK
  206  L04 n14  bytes 0-3/417888  Last-Modified: Sun, 06 Sep 2026 06:11:48 GMT  mp3-sync=OK
  206  L04 n16  bytes 0-3/413856  Last-Modified: Sun, 06 Sep 2026 06:11:57 GMT  mp3-sync=OK
  206  L04 n17  bytes 0-3/612576  Last-Modified: Sun, 06 Sep 2026 06:12:11 GMT  mp3-sync=OK
  206  L04 n20  bytes 0-3/175392  Last-Modified: Sun, 06 Sep 2026 06:12:27 GMT  mp3-sync=OK

17/17 clips verified HTTP 200/206 with fresh audio.
