
=== RE-NARRATION (changed narrated text only) ===
backup: C:\Users\tshau\Documents\Study Vault\scripts\_sweeps\voice\cambridge-nationals-sport-studies_backup.json
unit:   cambridge-nationals-sport-studies / voice-pass
run: 2026-09-06T16:09:55Z  mode: LIVE

6 lessons, 9 clips to regenerate

  L10 (Ada)  National Governing Bodies & Technology in Sport
      n7: Students frequently write about “the NGB” in general terms without naming a specific body, and lose marks as a
             -> 378 KB, 32.3s, uploaded
      n9: Technology has transformed modern sport from multiple directions: it helps athletes perform better , officials
             -> 228 KB, 19.5s, uploaded
      manifest updated (22 entries)
  L07 (Ollie)  Performance-Enhancing Drugs, WADA & Sanctions
      n12: Students often know that athletes must “tell someone where they are” but cannot explain the specific mechanics
             -> 280 KB, 23.9s, uploaded
      manifest updated (23 entries)
  L04 (Ada)  Values in Sport — Team Spirit, Fair Play & National Pride
      n3: Key Fact . The seven sporting values are: team spirit, fair play, citizenship, tolerance and respect (counted 
             -> 218 KB, 18.6s, uploaded
      n19: The most common mistake in values questions is vague or circular answers. Writing “fair play means playing fai
             -> 393 KB, 33.5s, uploaded
      manifest updated (25 entries)
  L02 (Ada)  Barriers to Participation — and How to Remove Them
      n17: Key Fact . Strong answers pair a barrier with a solution. The question will say ‘identify one barrier for [use
             -> 211 KB, 18.0s, uploaded
      manifest updated (27 entries)
  L06 (Ada)  Etiquette, Sportsmanship & Spectator Behaviour
      n20: Poor spectator behaviour has direct consequences: events can be cancelled or moved, clubs can be fined or have
             -> 376 KB, 32.1s, uploaded
      manifest updated (25 entries)
  L01 (Ollie)  User Groups & Who Participates in Sport
      n22: In exam answers, always use the precise user group names. Writing “old people” instead of “retired people / pe
             -> 306 KB, 26.1s, uploaded
      n26: Only the exact specification wording for user groups is credited; informal labels like ‘old people’ or ‘disabl
             -> 92 KB, 7.8s, uploaded
      manifest updated (27 entries)

Regenerated 9 clips.

=== VERIFY (ranged GET + freshness) ===
  206  L10 n7  bytes 0-3/387360  Last-Modified: Sun, 06 Sep 2026 16:10:07 GMT  mp3-sync=OK
  206  L10 n9  bytes 0-3/233568  Last-Modified: Sun, 06 Sep 2026 16:10:11 GMT  mp3-sync=OK
  206  L07 n12  bytes 0-3/286560  Last-Modified: Sun, 06 Sep 2026 16:10:16 GMT  mp3-sync=OK
  206  L04 n3  bytes 0-3/223200  Last-Modified: Sun, 06 Sep 2026 16:10:20 GMT  mp3-sync=OK
  206  L04 n19  bytes 0-3/402336  Last-Modified: Sun, 06 Sep 2026 16:10:26 GMT  mp3-sync=OK
  206  L02 n17  bytes 0-3/216000  Last-Modified: Sun, 06 Sep 2026 16:10:32 GMT  mp3-sync=OK
  206  L06 n20  bytes 0-3/385056  Last-Modified: Sun, 06 Sep 2026 16:10:37 GMT  mp3-sync=OK
  206  L01 n22  bytes 0-3/313344  Last-Modified: Sun, 06 Sep 2026 16:10:43 GMT  mp3-sync=OK
  206  L01 n26  bytes 0-3/94176  Last-Modified: Sun, 06 Sep 2026 16:10:45 GMT  mp3-sync=OK

9/9 clips verified HTTP 200/206 with fresh audio.
