
=== RE-NARRATION (changed narrated text only) ===
backup: C:\Users\tshau\Documents\Study Vault\scripts\_sweeps\voice\design-technology-edexcel_backup.json
unit:   design-technology-edexcel / voice-pass
run: 2026-09-06T16:15:16Z  mode: LIVE

8 lessons, 10 clips to regenerate

  L07 (Ollie)  Making, Quality & Evaluation
      n2: Once a design has been fully developed, the final stage of the non-exam assessment moves from planning to prod
             -> 300 KB, 25.6s, uploaded
      n4: Manufacturing a high-quality prototype means selecting the right materials, tools and techniques for the job. 
             -> 329 KB, 28.1s, uploaded
      manifest updated (25 entries)
  L05 (Ollie)  Communicating Design Ideas
      n17: Drawings alone rarely tell the whole story. Written techniques record and justify decisions — explaining, for 
             -> 235 KB, 20.1s, uploaded
      manifest updated (24 entries)
  L03 (Ollie)  Physical & Working Properties in Depth
      n23: Whichever material category you study, compare materials using the same properties. Density tells you how heav
             -> 154 KB, 13.2s, uploaded
      n30: Always link a named property to the specific use of a product when answering exam questions — this shows the r
             -> 91 KB, 7.8s, uploaded
      manifest updated (30 entries)
  L03 (Ollie)  The Work of Past & Present Designers
      n19: When you write about a product or designer in an exam answer, use the ten criteria to organise your response. 
             -> 176 KB, 15.0s, uploaded
      manifest updated (24 entries)
  L01 (Ollie)  Design Contexts & Selecting Materials
      n17: Cultural and ethical factors mean avoiding offence, making sure a material suits its intended market, and thin
             -> 309 KB, 26.4s, uploaded
      manifest updated (28 entries)
  L02 (Ada)  Evaluating New & Emerging Technologies
      n18: No single factor decides whether a new technology should be used. A cheap, fast, ethically sourced material wi
             -> 352 KB, 30.1s, uploaded
      manifest updated (23 entries)
  L06 (Ada)  Developing & Reviewing the Chosen Design
      n13: Calculations should also support efficient use of material. Marking out components close together on a sheet, 
             -> 248 KB, 21.2s, uploaded
      manifest updated (23 entries)
  L01 (Ollie)  Investigation, Research & Specifications
      n2: Your design and make project — the non-exam assessment — begins with an Investigate stage before you design or
             -> 302 KB, 25.8s, uploaded
      manifest updated (27 entries)

Regenerated 10 clips.

=== VERIFY (ranged GET + freshness) ===
  206  L07 n2  bytes 0-3/307584  Last-Modified: Sun, 06 Sep 2026 16:15:25 GMT  mp3-sync=OK
  206  L07 n4  bytes 0-3/336672  Last-Modified: Sun, 06 Sep 2026 16:15:31 GMT  mp3-sync=OK
  206  L05 n17  bytes 0-3/241056  Last-Modified: Sun, 06 Sep 2026 16:15:34 GMT  mp3-sync=OK
  206  L03 n23  bytes 0-3/158112  Last-Modified: Sun, 06 Sep 2026 16:15:37 GMT  mp3-sync=OK
  206  L03 n30  bytes 0-3/93600  Last-Modified: Sun, 06 Sep 2026 16:15:39 GMT  mp3-sync=OK
  206  L03 n19  bytes 0-3/180288  Last-Modified: Sun, 06 Sep 2026 16:15:42 GMT  mp3-sync=OK
  206  L01 n17  bytes 0-3/316512  Last-Modified: Sun, 06 Sep 2026 16:15:47 GMT  mp3-sync=OK
  206  L02 n18  bytes 0-3/360864  Last-Modified: Sun, 06 Sep 2026 16:15:52 GMT  mp3-sync=OK
  206  L06 n13  bytes 0-3/254304  Last-Modified: Sun, 06 Sep 2026 16:15:57 GMT  mp3-sync=OK
  206  L01 n2  bytes 0-3/309312  Last-Modified: Sun, 06 Sep 2026 16:16:02 GMT  mp3-sync=OK

10/10 clips verified HTTP 200/206 with fresh audio.
