
=== RE-NARRATION (changed narrated text only) ===
backup: C:\Users\tshau\Documents\Study Vault\scripts\_sweeps\voice\design-technology-eduqas_backup.json
unit:   design-technology-eduqas / voice-pass
run: 2026-09-06T16:14:07Z  mode: LIVE

4 lessons, 4 clips to regenerate

  L04 (Ada)  Smart Materials and Modern Materials
      n5: In consumer products, SMA wire is used in eyeglass frames that spring back after being bent, and in thermostat
             -> 227 KB, 19.4s, uploaded
      manifest updated (27 entries)
  L01 (Ollie)  New and Emerging Technologies
      n18: A common exam error is writing vague statements such as “make the product more eco-friendly.” A strong answer 
             -> 404 KB, 34.5s, uploaded
      manifest updated (26 entries)
  L02 (Ada)  Sustainability and the 6 Rs
      n10: Key Fact . The 6 Rs are: Rethink, Refuse, Reduce, Reuse, Recycle, Repair. Name specific design actions (e.g. “
             -> 192 KB, 16.4s, uploaded
      manifest updated (27 entries)
  L02 (Ada)  Investigating the Work of Designers and Companies
      n2: You need to know how the work of specific designers and companies has shaped the products we use today. Studyi
             -> 281 KB, 24.0s, uploaded
      manifest updated (26 entries)

Regenerated 4 clips.

=== VERIFY (ranged GET + freshness) ===
  206  L04 n5  bytes 0-3/232704  Last-Modified: Sun, 06 Sep 2026 16:14:12 GMT  mp3-sync=OK
  206  L01 n18  bytes 0-3/413856  Last-Modified: Sun, 06 Sep 2026 16:14:20 GMT  mp3-sync=OK
  206  L02 n10  bytes 0-3/196704  Last-Modified: Sun, 06 Sep 2026 16:14:24 GMT  mp3-sync=OK
  206  L02 n2  bytes 0-3/287712  Last-Modified: Sun, 06 Sep 2026 16:14:30 GMT  mp3-sync=OK

4/4 clips verified HTTP 200/206 with fresh audio.
