
=== RE-NARRATION (changed narrated text only) ===
backup: C:\Users\tshau\Documents\Study Vault\scripts\_sweeps\voice\drama-aqa_backup.json
unit:   drama-aqa / voice-pass
run: 2026-09-06T16:39:38Z  mode: LIVE

47 lessons, 67 clips to regenerate

  L04 (Ada)  Effect on the Audience: Evaluation Beyond Description
      n2: There is a significant and frequently tested gap between describing a production and evaluating it. Descriptio
             -> 389 KB, 33.2s, uploaded
      n16: Evaluative language is what separates evaluation from description. Certain phrases signal that you are evaluat
             -> 129 KB, 11.0s, uploaded
      n26: Many students believe that evaluation simply means saying “I thought it was brilliant” or “I think the directo
             -> 128 KB, 10.9s, uploaded
      manifest updated (35 entries)
  L06 (Ada)  Staging and Design: Two Worlds, One Stage
      n9: A very common student error is to write “I would use dark lighting to show it is sad” without specifying anyth
             -> 496 KB, 42.3s, uploaded
      manifest updated (24 entries)
  L02 (Ada)  Characters: The Hashimoto Family and Their Captors
      n19: Students frequently describe Hanako as ‘sad’ or ‘broken’ throughout the play and treat this as a sufficient pe
             -> 536 KB, 45.8s, uploaded
      manifest updated (24 entries)
  L06 (Ada)  Staging and Design: Docks, Drawing Rooms and Court
      n11: Many students write “I would use period lighting to create a Victorian atmosphere.” This scores Developing at 
             -> 474 KB, 40.4s, uploaded
      manifest updated (23 entries)
  L01 (Ollie)  Plot and Structure: A Tale Across Two Countries
      n17: A common student error is to describe the play as a family drama about Japanese grief and treat the North Kore
             -> 421 KB, 35.9s, uploaded
      manifest updated (22 entries)
  L01 (Ollie)  Plot and Structure: Two Worlds, One Empire
      n13: Rani is Gupta’s invented protagonist, but she is grounded in real documented history. The Ayahs’ Home in Hackn
             -> 425 KB, 36.3s, uploaded
      manifest updated (22 entries)
  L03 (Ollie)  Themes: Love, Fate, Honour, Youth and Age
      n2: In a Drama exam, a theme is not just an idea in the text — it is a staging problem. If Romeo and Juliet is abo
             -> 279 KB, 23.8s, uploaded
      n12: Both interpretations are valid and examinable. Choose one and justify it with specific staging evidence, rathe
             -> 116 KB, 9.9s, uploaded
      n20: Students frequently treat Romeo and Juliet as primarily a love story and underemphasise the feud, patriarchal 
             -> 372 KB, 31.7s, uploaded
      manifest updated (26 entries)
  L02 (Ada)  Characters: The Price Family
      n15: Character questions need concrete vocal and physical specificity. For the Mark / Mia arc, a strong answer avoi
             -> 478 KB, 40.8s, uploaded
      n23: Mark / Mia's arc demands performer specificity at each moment of the journey; credit goes to concrete vocal an
             -> 138 KB, 11.8s, uploaded
      manifest updated (24 entries)
  L04 (Ada)  Context: Victorian Britain and the Indian Diaspora
      n13: The slight compression of the Ayahs’ Home timeline is a deliberate dramaturgical choice, not a historical erro
             -> 378 KB, 32.2s, uploaded
      manifest updated (28 entries)
  L02 (Ada)  Characters: Lovers, Families, Friends
      n10: The most common error in questions about Juliet is treating her as an older woman or generalising her age. The
             -> 138 KB, 11.8s, uploaded
      manifest updated (26 entries)
  L02 (Ada)  Analysing Performers: Vocal and Physical Choices
      n26: A persistent error is to describe the character’s inner state rather than the performer’s external technique. 
             -> 198 KB, 16.9s, uploaded
      manifest updated (35 entries)
  L01 (Ollie)  Plot and Structure: Eight Actors, Eighty Days
      n13: A significant student error is to treat this play as a costume drama requiring a literal, naturalistic set — a
             -> 522 KB, 44.6s, uploaded
      manifest updated (20 entries)
  L04 (Ada)  Context: Salford 1958 and the Kitchen-Sink Movement
      n9: For a student answering questions about the play’s form, this matters because some of the play’s most distinct
             -> 292 KB, 25.0s, uploaded
      manifest updated (21 entries)
  L08 (Ada)  Practitioner Application: Stanislavski Meets Frantic Assembly
      n8: For the performer playing Mark, whose arc moves towards his identity as Mia, Stanislavski’s given circumstance
             -> 583 KB, 49.8s, uploaded
      manifest updated (23 entries)
  L05 (Ollie)  Dramatic Methods: Direct Address, Music and Comedy
      n8: A common student error is to describe the jazz as “background music to set the mood.” A far more specific answ
             -> 508 KB, 43.3s, uploaded
      manifest updated (23 entries)
  L07 (Ollie)  Performance Interpretation: Acting Proctor's Final Choice
      n16: Key Fact . Elizabeth’s lie is delivered with physical and vocal restraint, not with melodrama — and that restr
             -> 276 KB, 23.5s, uploaded
      manifest updated (23 entries)
  L06 (Ada)  Staging and Design: Sea, State Apartment and Searchlight
      n8: A common student error is to write: “I would use cold blue lighting for the North Korea scenes to show it is c
             -> 474 KB, 40.4s, uploaded
      manifest updated (24 entries)
  L07 (Ollie)  Performance Interpretation: Bob's Final Tableau
      n9: Vocally, the performer playing Mark might begin the scene with a pace that is slightly faster than usual — the
             -> 600 KB, 51.2s, uploaded
      manifest updated (23 entries)
  L02 (Ada)  Characters: Fogg, Passepartout and a Cast of Many
      n9: Crucially, a strong answer understands that Passepartout and Fogg’s comedy is entirely dependent on their cont
             -> 378 KB, 32.3s, uploaded
      manifest updated (23 entries)
  L03 (Ollie)  Themes: Time, Empire and Adventure
      n6: A strong answer acknowledges this tension and engages with it as a production question rather than a moral ver
             -> 294 KB, 25.1s, uploaded
      n11: Students sometimes feel that the “correct” answer to colonial themes is to stage the play as a critique of Fog
             -> 495 KB, 42.2s, uploaded
      n15: The colonial theme is a production and design question: a strong answer describes specific staging choices tha
             -> 151 KB, 12.9s, uploaded
      manifest updated (18 entries)
  L01 (Ollie)  Plot and Structure: Five Acts, One Week
      n16: Students often describe the deaths of Mercutio and Tybalt in Act Three as the play’s climax. In structural ter
             -> 411 KB, 35.1s, uploaded
      manifest updated (24 entries)
  L04 (Ada)  Context: Verne in 1872, Eason in 2013
      n2: Around the World in 80 Days exists in two historical moments simultaneously. Jules Verne’s story first appeare
             -> 552 KB, 47.1s, uploaded
      manifest updated (19 entries)
  L08 (Ada)  Practitioner Application: Brecht and Documentary History
      n12: Students sometimes argue that because Brecht rejected Stanislavski, no play can use both. This is historically
             -> 497 KB, 42.4s, uploaded
      manifest updated (21 entries)
  L03 (Ollie)  Themes: Empire, Race, Servitude, Solidarity
      n6: Key Fact . The Empire theme in The Empress is made concrete through contrasting staging: Windsor’s opulence ag
             -> 196 KB, 16.8s, uploaded
      n12: Gupta’s approach is more theatrically interesting than simple editorialising. She presents characters on all s
             -> 361 KB, 30.8s, uploaded
      manifest updated (25 entries)
  L05 (Ollie)  Dramatic Methods: Cross-Cutting and Stage Directions
      n15: Students sometimes describe cross-cutting as though it were simply a way to “keep the story moving.” There is 
             -> 350 KB, 29.9s, uploaded
      manifest updated (21 entries)
  L01 (Ollie)  Watching Theatre Critically: Taking Useful Notes
      n26: Think of your reader as someone who also saw the production. They already know the plot. What they want to rea
             -> 281 KB, 24.0s, uploaded
      manifest updated (34 entries)
  L08 (Ada)  Practitioner Application: Physical Theatre and Ensemble Storytelling
      n2: When a question asks you to apply a practitioner’s techniques to a set play, it is not asking for a biography.
             -> 392 KB, 33.4s, uploaded
      manifest updated (22 entries)
  L07 (Ollie)  Performance Interpretation: Playing Mickey at Seven and Twenty-Five
      n2: Blood Brothers spans roughly twenty years and demands that its principal performers age convincingly from chil
             -> 381 KB, 32.5s, uploaded
      n6: Key Fact . Playing a child in drama is a physical skill, not just a vocal one. A lower centre of gravity, outw
             -> 232 KB, 19.8s, uploaded
      n10: Students often write “I would use a higher-pitched voice to show Mickey is seven years old.” This is a partial
             -> 396 KB, 33.8s, uploaded
      manifest updated (22 entries)
  L07 (Ollie)  Performance Interpretation: Hanako Across Twenty Years
      n15: The mother, Etsuko, ages the most visibly of the three central women across the play’s timeline. But the dange
             -> 517 KB, 44.1s, uploaded
      n16: Key Fact . All three central performers must show change over time : this is the play’s deepest requirement. N
             -> 343 KB, 29.3s, uploaded
      manifest updated (22 entries)
  L04 (Ada)  Context: Japan, North Korea and the Real Abductions
      n16: Students who treat The Great Wave as a family drama loosely set during political events miss the central analy
             -> 595 KB, 50.8s, uploaded
      manifest updated (21 entries)
  L08 (Ada)  Practitioner Application: Documentary Theatre and Brecht
      n4: Key Fact . Documentary theatre (including verbatim theatre at its purest) uses the actual words, documents, or
             -> 341 KB, 29.1s, uploaded
      manifest updated (21 entries)
  L04 (Ada)  Performer Skills: Voice and Body
      n9: Gesture must be precise and intentional. An aimless wave of the hand is not a gesture — it is a habit. A clenc
             -> 385 KB, 32.9s, uploaded
      manifest updated (22 entries)
  L01 (Ollie)  Plot and Structure: Four Seasons, Four Children
      n8: A common student error is to retell the four revelations as plot summary. What lifts an answer is analysis of 
             -> 342 KB, 29.2s, uploaded
      manifest updated (23 entries)
  L06 (Ada)  Staging and Design: A World on a Bare Stage
      n8: A persistent student misconception is to suggest a large scenic elephant as the design solution for the India 
             -> 453 KB, 38.7s, uploaded
      manifest updated (25 entries)
  L01 (Ollie)  Plot and Structure: Two Acts, One Damp Flat
      n14: A common mistake is to describe A Taste of Honey as a purely naturalistic play. The domestic setting, dialect 
             -> 295 KB, 25.2s, uploaded
      manifest updated (20 entries)
  L07 (Ollie)  Performance Interpretation: The Balcony and the Tomb
      n17: Key Fact . The same gap appears again and again in performer answers: students describe the emotion but not th
             -> 281 KB, 23.9s, uploaded
      manifest updated (22 entries)
  L05 (Ollie)  Dramatic Methods: Multi-roling, Mime and Storytelling
      n3: Understanding these dramatic methods is essential for exam-style questions. A strong answer recognises why Eas
             -> 224 KB, 19.1s, uploaded
      n8: A common student error is to treat Eason’s ensemble form as a practical limitation — “there aren’t enough acto
             -> 346 KB, 29.5s, uploaded
      n20: Alongside this runs one of the production’s most important performance demands: comic timing . The play’s humo
             -> 341 KB, 29.1s, uploaded
      n25: Comic timing — particularly the contrast between Fogg’s stillness and Passepartout’s energy — is a performance
             -> 141 KB, 12.1s, uploaded
      manifest updated (25 entries)
  L02 (Ada)  Characters: Jo, Helen, Geof, Peter, Boy
      n14: Key Fact . Geof is queer at a time when homosexuality was illegal in Britain (it would not be partially decrim
             -> 267 KB, 22.8s, uploaded
      manifest updated (21 entries)
  L06 (Ada)  Staging and Design: Bringing Salem to the Stage
      n19: The most common error in designer questions is writing “I would use period costume to show it is set in 1692.”
             -> 464 KB, 39.6s, uploaded
      manifest updated (24 entries)
  L03 (Ollie)  Themes: Family, Identity, Truth
      n11: This arc needs to be treated with specificity and respect for the character. Vague generalisations or language
             -> 278 KB, 23.7s, uploaded
      manifest updated (26 entries)
  L08 (Ada)  Practitioner Application: Brecht and the Crucible
      n19: Key Fact . There is nothing to be gained from a paragraph about Brecht’s life or Stanislavski’s background. Wh
             -> 270 KB, 23.1s, uploaded
      manifest updated (24 entries)
  L07 (Ollie)  Performance Interpretation: Jo and Helen's Final Scene
      n4: Key Fact . Name specific skills with specific effects. “I would say it angrily” scores no marks. “I would drop
             -> 235 KB, 20.0s, uploaded
      n9: Helen is the most dangerous character to play in a moralistic register. A performer who signals to the audienc
             -> 327 KB, 27.9s, uploaded
      manifest updated (24 entries)
  L03 (Ollie)  Analysing Design: Set, Lighting, Sound, Costume
      n4: Key Fact . Design vocabulary you need: Fresnel (soft-edged wash), profile (hard-edged beam), flood (wide area 
             -> 226 KB, 19.3s, uploaded
      n21: For costume, give specific fabric, colour and silhouette analysis, not just era or genre. A costume that is vi
             -> 283 KB, 24.2s, uploaded
      n22: Students frequently write design analysis at a level of generality that earns little credit: “the lighting was
             -> 164 KB, 14.0s, uploaded
      manifest updated (32 entries)
  L03 (Ollie)  Themes: Class, Motherhood, Race, Sexuality
      n16: A common error is to treat these themes as moral lessons — to write about the interracial relationship as “con
             -> 377 KB, 32.1s, uploaded
      manifest updated (21 entries)
  L02 (Ada)  Characters: Rani, Abdul, Hari, Lascar and Queen
      n6: Key Fact . Rani is an invented protagonist grounded in the real history of ayahs stranded in Victorian London.
             -> 208 KB, 17.8s, uploaded
      n12: Hari Mohan Lal is a dramatic composite figure inspired by the real Dadabhai Naoroji, who was elected Liberal M
             -> 404 KB, 34.5s, uploaded
      manifest updated (25 entries)
  L07 (Ollie)  Performance Interpretation: Rani Standing Her Ground
      n13: Victoria is one of the most demanding performance challenges in the play because a strong answer holds two con
             -> 332 KB, 28.4s, uploaded
      n17: Key Fact . For performance questions in the exam, always anchor your choices to a specific named moment. “Thro
             -> 253 KB, 21.6s, uploaded
      n18: Students sometimes try to resolve Victoria’s complexity by choosing a single reading: either she is a kind old
             -> 377 KB, 32.2s, uploaded
      manifest updated (23 entries)
  L02 (Ada)  Characters: Mickey, Edward, Mrs Johnstone, Mrs Lyons
      n18: A common student error is to describe Mickey as “representing the working class” and Edward as “representing t
             -> 433 KB, 37.0s, uploaded
      manifest updated (23 entries)

Regenerated 67 clips.

=== VERIFY (ranged GET + freshness) ===
  206  L04 n2  bytes 0-3/398592  Last-Modified: Sun, 06 Sep 2026 16:39:48 GMT  mp3-sync=OK
  206  L04 n16  bytes 0-3/132480  Last-Modified: Sun, 06 Sep 2026 16:39:51 GMT  mp3-sync=OK
  206  L04 n26  bytes 0-3/131328  Last-Modified: Sun, 06 Sep 2026 16:39:53 GMT  mp3-sync=OK
  206  L06 n9  bytes 0-3/507744  Last-Modified: Sun, 06 Sep 2026 16:40:01 GMT  mp3-sync=OK
  206  L02 n19  bytes 0-3/549216  Last-Modified: Sun, 06 Sep 2026 16:40:08 GMT  mp3-sync=OK
  206  L06 n11  bytes 0-3/484992  Last-Modified: Sun, 06 Sep 2026 16:40:16 GMT  mp3-sync=OK
  206  L01 n17  bytes 0-3/431136  Last-Modified: Sun, 06 Sep 2026 16:40:24 GMT  mp3-sync=OK
  206  L01 n13  bytes 0-3/435168  Last-Modified: Sun, 06 Sep 2026 16:40:30 GMT  mp3-sync=OK
  206  L03 n2  bytes 0-3/285984  Last-Modified: Sun, 06 Sep 2026 16:40:34 GMT  mp3-sync=OK
  206  L03 n12  bytes 0-3/119232  Last-Modified: Sun, 06 Sep 2026 16:40:37 GMT  mp3-sync=OK
  206  L03 n20  bytes 0-3/380736  Last-Modified: Sun, 06 Sep 2026 16:40:43 GMT  mp3-sync=OK
  206  L02 n15  bytes 0-3/489024  Last-Modified: Sun, 06 Sep 2026 16:40:51 GMT  mp3-sync=OK
  206  L02 n23  bytes 0-3/141696  Last-Modified: Sun, 06 Sep 2026 16:40:53 GMT  mp3-sync=OK
  206  L04 n13  bytes 0-3/386784  Last-Modified: Sun, 06 Sep 2026 16:41:03 GMT  mp3-sync=OK
  206  L02 n10  bytes 0-3/141408  Last-Modified: Sun, 06 Sep 2026 16:41:06 GMT  mp3-sync=OK
  206  L02 n26  bytes 0-3/203040  Last-Modified: Sun, 06 Sep 2026 16:41:09 GMT  mp3-sync=OK
  206  L01 n13  bytes 0-3/534816  Last-Modified: Sun, 06 Sep 2026 16:41:17 GMT  mp3-sync=OK
  206  L04 n9  bytes 0-3/299520  Last-Modified: Sun, 06 Sep 2026 16:41:21 GMT  mp3-sync=OK
  206  L08 n8  bytes 0-3/597312  Last-Modified: Sun, 06 Sep 2026 16:41:29 GMT  mp3-sync=OK
  206  L05 n8  bytes 0-3/520128  Last-Modified: Sun, 06 Sep 2026 16:41:37 GMT  mp3-sync=OK
  206  L07 n16  bytes 0-3/282528  Last-Modified: Sun, 06 Sep 2026 16:41:41 GMT  mp3-sync=OK
  206  L06 n8  bytes 0-3/484992  Last-Modified: Sun, 06 Sep 2026 16:41:49 GMT  mp3-sync=OK
  206  L07 n9  bytes 0-3/614880  Last-Modified: Sun, 06 Sep 2026 16:41:57 GMT  mp3-sync=OK
  206  L02 n9  bytes 0-3/387072  Last-Modified: Sun, 06 Sep 2026 16:42:03 GMT  mp3-sync=OK
  206  L03 n6  bytes 0-3/301536  Last-Modified: Sun, 06 Sep 2026 16:42:07 GMT  mp3-sync=OK
  206  L03 n11  bytes 0-3/506592  Last-Modified: Sun, 06 Sep 2026 16:42:14 GMT  mp3-sync=OK
  206  L03 n15  bytes 0-3/154656  Last-Modified: Sun, 06 Sep 2026 16:42:16 GMT  mp3-sync=OK
  206  L01 n16  bytes 0-3/420768  Last-Modified: Sun, 06 Sep 2026 16:42:22 GMT  mp3-sync=OK
  206  L04 n2  bytes 0-3/565056  Last-Modified: Sun, 06 Sep 2026 16:42:30 GMT  mp3-sync=OK
  206  L08 n12  bytes 0-3/508896  Last-Modified: Sun, 06 Sep 2026 16:42:38 GMT  mp3-sync=OK
  206  L03 n6  bytes 0-3/201024  Last-Modified: Sun, 06 Sep 2026 16:42:41 GMT  mp3-sync=OK
  206  L03 n12  bytes 0-3/369216  Last-Modified: Sun, 06 Sep 2026 16:42:47 GMT  mp3-sync=OK
  206  L05 n15  bytes 0-3/358272  Last-Modified: Sun, 06 Sep 2026 16:42:53 GMT  mp3-sync=OK
  206  L01 n26  bytes 0-3/288000  Last-Modified: Sun, 06 Sep 2026 16:42:58 GMT  mp3-sync=OK
  206  L08 n2  bytes 0-3/400896  Last-Modified: Sun, 06 Sep 2026 16:43:04 GMT  mp3-sync=OK
  206  L07 n2  bytes 0-3/389952  Last-Modified: Sun, 06 Sep 2026 16:43:09 GMT  mp3-sync=OK
  206  L07 n6  bytes 0-3/237312  Last-Modified: Sun, 06 Sep 2026 16:43:13 GMT  mp3-sync=OK
  206  L07 n10  bytes 0-3/405216  Last-Modified: Sun, 06 Sep 2026 16:43:20 GMT  mp3-sync=OK
  206  L07 n15  bytes 0-3/529632  Last-Modified: Sun, 06 Sep 2026 16:43:28 GMT  mp3-sync=OK
  206  L07 n16  bytes 0-3/351072  Last-Modified: Sun, 06 Sep 2026 16:43:34 GMT  mp3-sync=OK
  206  L04 n16  bytes 0-3/609696  Last-Modified: Sun, 06 Sep 2026 16:43:42 GMT  mp3-sync=OK
  206  L08 n4  bytes 0-3/348768  Last-Modified: Sun, 06 Sep 2026 16:43:46 GMT  mp3-sync=OK
  206  L04 n9  bytes 0-3/394272  Last-Modified: Sun, 06 Sep 2026 16:43:52 GMT  mp3-sync=OK
  206  L01 n8  bytes 0-3/350208  Last-Modified: Sun, 06 Sep 2026 16:43:58 GMT  mp3-sync=OK
  206  L06 n8  bytes 0-3/463968  Last-Modified: Sun, 06 Sep 2026 16:44:04 GMT  mp3-sync=OK
  206  L01 n14  bytes 0-3/302112  Last-Modified: Sun, 06 Sep 2026 16:44:09 GMT  mp3-sync=OK
  206  L07 n17  bytes 0-3/287424  Last-Modified: Sun, 06 Sep 2026 16:44:13 GMT  mp3-sync=OK
  206  L05 n3  bytes 0-3/229248  Last-Modified: Sun, 06 Sep 2026 16:44:17 GMT  mp3-sync=OK
  206  L05 n8  bytes 0-3/353952  Last-Modified: Sun, 06 Sep 2026 16:44:23 GMT  mp3-sync=OK
  206  L05 n20  bytes 0-3/348768  Last-Modified: Sun, 06 Sep 2026 16:44:28 GMT  mp3-sync=OK
  206  L05 n25  bytes 0-3/144576  Last-Modified: Sun, 06 Sep 2026 16:44:31 GMT  mp3-sync=OK
  206  L02 n14  bytes 0-3/273888  Last-Modified: Sun, 06 Sep 2026 16:44:36 GMT  mp3-sync=OK
  FAIL L06 n19: Remote end closed connection without response
  206  L03 n11  bytes 0-3/284832  Last-Modified: Sun, 06 Sep 2026 16:44:48 GMT  mp3-sync=OK
  206  L08 n19  bytes 0-3/276768  Last-Modified: Sun, 06 Sep 2026 16:44:52 GMT  mp3-sync=OK
  206  L07 n4  bytes 0-3/240192  Last-Modified: Sun, 06 Sep 2026 16:44:57 GMT  mp3-sync=OK
  206  L07 n9  bytes 0-3/334368  Last-Modified: Sun, 06 Sep 2026 16:45:02 GMT  mp3-sync=OK
  206  L03 n4  bytes 0-3/231552  Last-Modified: Sun, 06 Sep 2026 16:45:06 GMT  mp3-sync=OK
  206  L03 n21  bytes 0-3/290016  Last-Modified: Sun, 06 Sep 2026 16:45:10 GMT  mp3-sync=OK
  206  L03 n22  bytes 0-3/168192  Last-Modified: Sun, 06 Sep 2026 16:45:13 GMT  mp3-sync=OK
  206  L03 n16  bytes 0-3/385632  Last-Modified: Sun, 06 Sep 2026 16:45:18 GMT  mp3-sync=OK
  206  L02 n6  bytes 0-3/213120  Last-Modified: Sun, 06 Sep 2026 16:45:23 GMT  mp3-sync=OK
  206  L02 n12  bytes 0-3/413856  Last-Modified: Sun, 06 Sep 2026 16:45:29 GMT  mp3-sync=OK
  206  L07 n13  bytes 0-3/340416  Last-Modified: Sun, 06 Sep 2026 16:45:35 GMT  mp3-sync=OK
  206  L07 n17  bytes 0-3/259200  Last-Modified: Sun, 06 Sep 2026 16:45:40 GMT  mp3-sync=OK
  206  L07 n18  bytes 0-3/386208  Last-Modified: Sun, 06 Sep 2026 16:45:45 GMT  mp3-sync=OK
  206  L02 n18  bytes 0-3/443808  Last-Modified: Sun, 06 Sep 2026 16:45:54 GMT  mp3-sync=OK

66/67 clips verified HTTP 200/206 with fresh audio.
