
=== RE-NARRATION (changed narrated text only) ===
backup: C:\Users\tshau\Documents\Study Vault\scripts\_sweeps\voice\electronics-eduqas_backup.json
unit:   electronics-eduqas / voice-pass
run: 2026-09-06T16:17:40Z  mode: LIVE

11 lessons, 13 clips to regenerate

  L05 (Ollie)  555 Astable Oscillators and Mark-Space Ratio
      n34: 555 astable questions are among the most commonly mishandled on both papers. The most frequent mistakes are:
             -> 95 KB, 8.1s, uploaded
      manifest updated (43 entries)
  L08 (Ada)  Diodes, Half-Wave Rectification and Zener Voltage Regulation
      n10: A flyback diode is not needed for resistive loads such as lamps, heaters, or resistors. Resistors dissipate en
             -> 230 KB, 19.7s, uploaded
      manifest updated (32 entries)
  L02 (Ada)  Circuit Symbols, Voltage and Current Rules
      n2: Before any circuit can be built or analysed, it must be drawn correctly. Circuits must use the correct standar
             -> 275 KB, 23.5s, uploaded
      n4: Three quantities appear in almost every electronics calculation. Confusing their units is the most common erro
             -> 95 KB, 8.1s, uploaded
      manifest updated (39 entries)
  L03 (Ollie)  Summing Amplifiers and Audio Mixer Systems
      n21: Block diagram questions are commonly mishandled on both papers. The most common errors are:
             -> 75 KB, 6.4s, uploaded
      manifest updated (31 entries)
  L07 (Ollie)  Binary, BCD and Decade Counters with 7-Segment Displays
      n9: Students often miss this reset pulse and continue drawing the count sequence past the reset point. In a timing
             -> 202 KB, 17.3s, uploaded
      manifest updated (29 entries)
  L01 (Ollie)  Electronic Systems and Sub-Systems
      n36: Three types of error come up again and again in block diagrams:
             -> 50 KB, 4.2s, uploaded
      manifest updated (44 entries)
  L05 (Ollie)  Sensing Circuits and Voltage Dividers
      n12: Swapping the positions of the LDR and the fixed resistor (putting the LDR as R2 instead of R1) reverses the be
             -> 207 KB, 17.7s, uploaded
      n36: Always write a one-line logic check before drawing: “Hot ⇒ thermistor resistance falls ⇒ if thermistor is R1, 
             -> 170 KB, 14.5s, uploaded
      manifest updated (40 entries)
  L10 (Ada)  Designing Logic Systems and NAND-Only Implementations
      n27: In exam questions showing a pinout, identify the gate inputs and outputs by their pin numbers. A question migh
             -> 241 KB, 20.5s, uploaded
      manifest updated (32 entries)
  L06 (Ada)  Transistor and MOSFET Switching Circuits
      n2: A logic gate or comparator output can drive only a few milliamperes — not nearly enough to light a lamp, spin 
             -> 364 KB, 31.0s, uploaded
      manifest updated (31 entries)
  L08 (Ada)  Schmitt Inverters and Interfacing Analogue to Digital
      n24: Missing the ruler. Students lose marks by estimating threshold voltages by eye rather than aligning a ruler pr
             -> 184 KB, 15.7s, uploaded
      manifest updated (33 entries)
  L06 (Ada)  D-Type Flip-Flops, Latches and Up-Counters
      n25: The pattern: each stage divides the previous frequency by 2. If Q0 is connected to an LED, that LED flashes at
             -> 229 KB, 19.5s, uploaded
      manifest updated (33 entries)

Regenerated 13 clips.

=== VERIFY (ranged GET + freshness) ===
  206  L05 n34  bytes 0-3/97344  Last-Modified: Sun, 06 Sep 2026 16:17:45 GMT  mp3-sync=OK
  206  L08 n10  bytes 0-3/235872  Last-Modified: Sun, 06 Sep 2026 16:17:49 GMT  mp3-sync=OK
  206  L02 n2  bytes 0-3/281952  Last-Modified: Sun, 06 Sep 2026 16:17:53 GMT  mp3-sync=OK
  206  L02 n4  bytes 0-3/97632  Last-Modified: Sun, 06 Sep 2026 16:17:55 GMT  mp3-sync=OK
  206  L03 n21  bytes 0-3/76608  Last-Modified: Sun, 06 Sep 2026 16:17:57 GMT  mp3-sync=OK
  206  L07 n9  bytes 0-3/207072  Last-Modified: Sun, 06 Sep 2026 16:18:01 GMT  mp3-sync=OK
  206  L01 n36  bytes 0-3/50688  Last-Modified: Sun, 06 Sep 2026 16:18:02 GMT  mp3-sync=OK
  206  L05 n12  bytes 0-3/212256  Last-Modified: Sun, 06 Sep 2026 16:18:06 GMT  mp3-sync=OK
  206  L05 n36  bytes 0-3/173664  Last-Modified: Sun, 06 Sep 2026 16:18:10 GMT  mp3-sync=OK
  206  L10 n27  bytes 0-3/246528  Last-Modified: Sun, 06 Sep 2026 16:18:14 GMT  mp3-sync=OK
  206  L06 n2  bytes 0-3/372384  Last-Modified: Sun, 06 Sep 2026 16:18:20 GMT  mp3-sync=OK
  206  L08 n24  bytes 0-3/188640  Last-Modified: Sun, 06 Sep 2026 16:18:25 GMT  mp3-sync=OK
  206  L06 n25  bytes 0-3/234144  Last-Modified: Sun, 06 Sep 2026 16:18:31 GMT  mp3-sync=OK

13/13 clips verified HTTP 200/206 with fresh audio.
