
=== RE-NARRATION (changed narrated text only) ===
backup: C:\Users\tshau\Documents\Study Vault\scripts\_sweeps\voice\engineering-eduqas_backup.json
unit:   engineering-eduqas / voice-pass
run: 2026-09-06T16:20:55Z  mode: LIVE

3 lessons, 3 clips to regenerate

  L03 (Ollie)  Physical Properties & Selecting Materials for Engineered Products
      n4: Key Fact . The ten physical properties are: tensile strength, compressive strength, hardness, toughness, malle
             -> 224 KB, 19.1s, uploaded
      manifest updated (31 entries)
  L04 (Ada)  Engineering Drawing — Orthographic, Isometric & Sectional Views
      n14: Different lines carry different meanings in engineering drawings. Using the wrong line type reads as a misunde
             -> 125 KB, 10.7s, uploaded
      manifest updated (39 entries)
  L03 (Ollie)  Safe Working in the Workshop
      n19: Key Fact . Personal Protective Equipment (PPE) is always the last resort in the control hierarchy, not the fir
             -> 220 KB, 18.7s, uploaded
      manifest updated (30 entries)

Regenerated 3 clips.

=== VERIFY (ranged GET + freshness) ===
  206  L03 n4  bytes 0-3/228960  Last-Modified: Sun, 06 Sep 2026 16:21:02 GMT  mp3-sync=OK
  206  L04 n14  bytes 0-3/128160  Last-Modified: Sun, 06 Sep 2026 16:21:05 GMT  mp3-sync=OK
  206  L03 n19  bytes 0-3/224928  Last-Modified: Sun, 06 Sep 2026 16:21:09 GMT  mp3-sync=OK

3/3 clips verified HTTP 200/206 with fresh audio.
