
=== RE-NARRATION (changed narrated text only) ===
backup: C:\Users\tshau\Documents\Study Vault\scripts\_sweeps\voice\engineering-aqa_backup.json
unit:   engineering-aqa / voice-pass
run: 2026-09-06T16:18:50Z  mode: LIVE

10 lessons, 13 clips to regenerate

  L02 (Ada)  Mechanical Calculations: Stress, Strain, Young's Modulus and Factors of Safety
      n21: This value is higher than typical steel (200 GPa) — in an exam, a discrepancy like this would prompt you to ch
             -> 183 KB, 15.7s, uploaded
      manifest updated (35 entries)
  L02 (Ada)  Mechanical Systems: Motion, Linkages and Cams
      n12: A cam is a specially shaped piece that rotates and pushes a component called a follower up and down as it turn
             -> 306 KB, 26.1s, uploaded
      manifest updated (26 entries)
  L06 (Ada)  Surface Finishing
      n2: A surface finish does two things simultaneously: it protects the base material from corrosion and it gives the
             -> 346 KB, 29.5s, uploaded
      n27: For a 6- or 8-mark extended response comparing two surface finishes, a strong answer gives “similarities and k
             -> 244 KB, 20.8s, uploaded
      manifest updated (32 entries)
  L04 (Ada)  Engineering Drawing, CAD/CAM and the Impact of Modern Technology
      n28: Marks go to developed points that link mechanism to impact — not just for naming an impact. Structure your ans
             -> 141 KB, 12.0s, uploaded
      manifest updated (37 entries)
  L01 (Ollie)  Additive Manufacturing and Rapid Prototyping
      n14: A common error is to describe additive manufacturing as a mass-production method. It is not. The table below c
             -> 108 KB, 9.2s, uploaded
      manifest updated (26 entries)
  L01 (Ollie)  Describing Systems: Block Diagrams, Schematics and Flowcharts
      n26: You need to choose the correct type of diagram for the question. Use a block diagram when asked to show how su
             -> 292 KB, 24.9s, uploaded
      manifest updated (31 entries)
  L05 (Ollie)  Electronic Systems: Sensors, Logic and Components
      n3: Most sensors produce analogue outputs. To use an analogue sensor with a digital circuit (such as a microcontro
             -> 316 KB, 27.0s, uploaded
      manifest updated (30 entries)
  L03 (Ollie)  Testing, Quality Control and Tolerances
      n17: Students often use these terms interchangeably — they have distinct meanings.
             -> 57 KB, 4.9s, uploaded
      n21: Key Fact . QA = the system to PREVENT defects (processes, training, standards). QC = the CHECKING of products 
             -> 204 KB, 17.4s, uploaded
      manifest updated (36 entries)
  L01 (Ollie)  Engineering Calculations: Area, Volume, Density and Pressure
      n34: Students who complete the arithmetic correctly still lose marks by leaving the answer in the wrong unit. Make 
             -> 168 KB, 14.3s, uploaded
      manifest updated (44 entries)
  L02 (Ada)  Material Removal: Cutting, Turning, Milling, Drilling
      n9: A lathe rotates the workpiece while a single-point cutting tool is fed along or into the material. Key parts o
             -> 98 KB, 8.4s, uploaded
      n26: A pillar drill (also called a drill press) holds a drill bit in a rotating chuck and feeds it vertically into 
             -> 109 KB, 9.3s, uploaded
      manifest updated (37 entries)

Regenerated 13 clips.

=== VERIFY (ranged GET + freshness) ===
  206  L02 n21  bytes 0-3/187776  Last-Modified: Sun, 06 Sep 2026 16:18:56 GMT  mp3-sync=OK
  206  L02 n12  bytes 0-3/313344  Last-Modified: Sun, 06 Sep 2026 16:19:01 GMT  mp3-sync=OK
  206  L06 n2  bytes 0-3/354240  Last-Modified: Sun, 06 Sep 2026 16:19:06 GMT  mp3-sync=OK
  206  L06 n27  bytes 0-3/249696  Last-Modified: Sun, 06 Sep 2026 16:19:10 GMT  mp3-sync=OK
  206  L04 n28  bytes 0-3/144000  Last-Modified: Sun, 06 Sep 2026 16:19:14 GMT  mp3-sync=OK
  206  L01 n14  bytes 0-3/110880  Last-Modified: Sun, 06 Sep 2026 16:19:17 GMT  mp3-sync=OK
  206  L01 n26  bytes 0-3/298944  Last-Modified: Sun, 06 Sep 2026 16:19:21 GMT  mp3-sync=OK
  206  L05 n3  bytes 0-3/323712  Last-Modified: Sun, 06 Sep 2026 16:19:28 GMT  mp3-sync=OK
  206  L03 n17  bytes 0-3/58752  Last-Modified: Sun, 06 Sep 2026 16:19:30 GMT  mp3-sync=OK
  206  L03 n21  bytes 0-3/208800  Last-Modified: Sun, 06 Sep 2026 16:19:34 GMT  mp3-sync=OK
  206  L01 n34  bytes 0-3/172224  Last-Modified: Sun, 06 Sep 2026 16:19:37 GMT  mp3-sync=OK
  206  L02 n9  bytes 0-3/100800  Last-Modified: Sun, 06 Sep 2026 16:19:40 GMT  mp3-sync=OK
  206  L02 n26  bytes 0-3/111456  Last-Modified: Sun, 06 Sep 2026 16:19:43 GMT  mp3-sync=OK

13/13 clips verified HTTP 200/206 with fresh audio.
