
=== RE-NARRATION (changed narrated text only) ===
backup: C:\Users\tshau\Documents\Study Vault\scripts\_sweeps\voice\english-literature-ocr_backup.json
unit:   english-literature-ocr / voice-pass
run: 2026-09-06T16:35:07Z  mode: LIVE

12 lessons, 25 clips to regenerate

  L01 (Ollie)  What is Unseen Poetry?
      n17: What Lifts an Answer
             -> 22 KB, 1.9s, uploaded
      n18: A few things consistently separate strong answers. The best responses engage confidently with the unseen poem,
             -> 244 KB, 20.9s, uploaded
      manifest updated (30 entries)
  L02 (Ada)  Analysing Language & Imagery
      n2: In the comparison part of the poetry section, analysis of the poet’s methods is the dominant objective. That m
             -> 280 KB, 23.9s, uploaded
      manifest updated (26 entries)
  L07 (Ollie)  Key Themes & Exam Technique
      n18: The strongest answers embed short quotations inside their own sentences rather than drop in long block quotes.
             -> 319 KB, 27.2s, uploaded
      manifest updated (25 entries)
  L08 (Ada)  Key Themes & Exam Technique
      n11: Retelling the plot: the reader already knows the story. Every sentence should analyse, not narrate. Ignoring A
             -> 237 KB, 20.2s, uploaded
      manifest updated (17 entries)
  L08 (Ada)  Key Themes & Exam Technique
      n15: The 40-mark question on the novel gives you a choice of two: an extract-based question that asks you to start 
             -> 378 KB, 32.2s, uploaded
      n17: The best context is the shortest. A four-word phrase — ‘the 1840s coverture law’, ‘Evangelical moral rigour’, 
             -> 239 KB, 20.4s, uploaded
      n19: Structural words are also useful signals of analysis: ‘juxtaposes’, ‘parallels’, ‘foreshadows’, ‘mirrors’. The
             -> 153 KB, 13.1s, uploaded
      manifest updated (26 entries)
  L05 (Ollie)  Linking the Unseen Poem to Your Anthology Cluster
      n23: Do not summarise the poems before comparing them; the reader has both texts in front of them. Do not save comp
             -> 189 KB, 16.1s, uploaded
      manifest updated (28 entries)
  L08 (Ada)  Key Themes & Exam Technique
      n11: For OCR, Leave Taking is your modern prose or drama set text. The exam is closed text, so you cannot take the 
             -> 558 KB, 47.6s, uploaded
      manifest updated (17 entries)
  L07 (Ollie)  Character Analysis
      n6: A useful revision task is to match one short quotation to each stage. Keep the quotations short — embedded quo
             -> 164 KB, 14.0s, uploaded
      n17: Use a PEAL template. Open with Brontë’s intention; embed a quotation; zoom in on a single word; lift to Victor
             -> 209 KB, 17.8s, uploaded
      manifest updated (25 entries)
  L04 (Ada)  Responding to Themes
      n5: Key Fact . Before you write, compress your reading into a single thesis sentence: what is this poet saying, an
             -> 200 KB, 17.0s, uploaded
      n8: Repeating the task wording so often that it becomes intrusive is as weak as ignoring it entirely. Anchor the w
             -> 140 KB, 12.0s, uploaded
      manifest updated (25 entries)
  L06 (Ada)  Exam Technique & Timed Practice
      n6: Key Fact . Part (b) is the most commonly rushed answer on this paper. Responses are often brief, as if timing 
             -> 242 KB, 20.6s, uploaded
      n8: A rubric infringement is a failure to read the instructions rather than a failure of skill, and it caps an ans
             -> 123 KB, 10.5s, uploaded
      n14: Length does not earn marks. Very long scripts — some running to fifteen sides or more — often suffer from thei
             -> 188 KB, 16.1s, uploaded
      n17: Spelling, punctuation and grammar are not assessed in the poetry section, so do not spend your final minutes p
             -> 197 KB, 16.9s, uploaded
      n24: Before you turn the page: does part (a) discuss both poems in every paragraph? Does part (b) cover a different
             -> 230 KB, 19.6s, uploaded
      manifest updated (29 entries)
  L06 (Ada)  Character Analysis
      n2: Character analysis in A Christmas Carol is not a biography. It is the skill of tracking how Dickens uses a cha
             -> 270 KB, 23.0s, uploaded
      n6: Useful quotations across the arc: “Hard and sharp as flint” (the start), “I am not the man I was” (the turning
             -> 194 KB, 16.5s, uploaded
      n13: Marley appears briefly but carries huge structural weight. His chain is the novella’s central emblem of greed,
             -> 255 KB, 21.8s, uploaded
      manifest updated (23 entries)
  L08 (Ada)  Key Themes & Exam Technique
      n3: Both question types require clear argument, embedded quotations, and woven Assessment Objectives. Strong answe
             -> 197 KB, 16.8s, uploaded
      n4: Key Fact . AO1 = ideas and textual references. AO2 = analysis of methods and effects. AO3 = understanding of c
             -> 259 KB, 22.1s, uploaded
      n11: Plot retelling: The reader already knows the story. Bolted-on context: embed it within analysis. Missing AO2: 
             -> 179 KB, 15.2s, uploaded
      manifest updated (17 entries)

Regenerated 25 clips.

=== VERIFY (ranged GET + freshness) ===
  206  L01 n17  bytes 0-3/22752  Last-Modified: Sun, 06 Sep 2026 16:35:11 GMT  mp3-sync=OK
  206  L01 n18  bytes 0-3/250272  Last-Modified: Sun, 06 Sep 2026 16:35:15 GMT  mp3-sync=OK
  206  L02 n2  bytes 0-3/287136  Last-Modified: Sun, 06 Sep 2026 16:35:19 GMT  mp3-sync=OK
  206  L07 n18  bytes 0-3/326880  Last-Modified: Sun, 06 Sep 2026 16:35:24 GMT  mp3-sync=OK
  206  L08 n11  bytes 0-3/242784  Last-Modified: Sun, 06 Sep 2026 16:35:28 GMT  mp3-sync=OK
  206  L08 n15  bytes 0-3/386784  Last-Modified: Sun, 06 Sep 2026 16:35:33 GMT  mp3-sync=OK
  206  L08 n17  bytes 0-3/244800  Last-Modified: Sun, 06 Sep 2026 16:35:37 GMT  mp3-sync=OK
  206  L08 n19  bytes 0-3/156960  Last-Modified: Sun, 06 Sep 2026 16:35:40 GMT  mp3-sync=OK
  206  L05 n23  bytes 0-3/193536  Last-Modified: Sun, 06 Sep 2026 16:35:43 GMT  mp3-sync=OK
  206  L08 n11  bytes 0-3/571392  Last-Modified: Sun, 06 Sep 2026 16:35:52 GMT  mp3-sync=OK
  206  L07 n6  bytes 0-3/168192  Last-Modified: Sun, 06 Sep 2026 16:35:55 GMT  mp3-sync=OK
  206  L07 n17  bytes 0-3/213696  Last-Modified: Sun, 06 Sep 2026 16:35:58 GMT  mp3-sync=OK
  206  L04 n5  bytes 0-3/204480  Last-Modified: Sun, 06 Sep 2026 16:36:02 GMT  mp3-sync=OK
  206  L04 n8  bytes 0-3/143712  Last-Modified: Sun, 06 Sep 2026 16:36:04 GMT  mp3-sync=OK
  206  L06 n6  bytes 0-3/247392  Last-Modified: Sun, 06 Sep 2026 16:36:09 GMT  mp3-sync=OK
  206  L06 n8  bytes 0-3/125856  Last-Modified: Sun, 06 Sep 2026 16:36:11 GMT  mp3-sync=OK
  206  L06 n14  bytes 0-3/192672  Last-Modified: Sun, 06 Sep 2026 16:36:14 GMT  mp3-sync=OK
  206  L06 n17  bytes 0-3/202176  Last-Modified: Sun, 06 Sep 2026 16:36:17 GMT  mp3-sync=OK
  206  L06 n24  bytes 0-3/235296  Last-Modified: Sun, 06 Sep 2026 16:36:21 GMT  mp3-sync=OK
  206  L06 n2  bytes 0-3/276480  Last-Modified: Sun, 06 Sep 2026 16:36:25 GMT  mp3-sync=OK
  206  L06 n6  bytes 0-3/198432  Last-Modified: Sun, 06 Sep 2026 16:36:28 GMT  mp3-sync=OK
  206  L06 n13  bytes 0-3/261216  Last-Modified: Sun, 06 Sep 2026 16:36:32 GMT  mp3-sync=OK
  206  L08 n3  bytes 0-3/201312  Last-Modified: Sun, 06 Sep 2026 16:36:35 GMT  mp3-sync=OK
  206  L08 n4  bytes 0-3/264960  Last-Modified: Sun, 06 Sep 2026 16:36:40 GMT  mp3-sync=OK
  206  L08 n11  bytes 0-3/182880  Last-Modified: Sun, 06 Sep 2026 16:36:43 GMT  mp3-sync=OK

25/25 clips verified HTTP 200/206 with fresh audio.
