
=== RE-NARRATION (changed narrated text only) ===
backup: C:\Users\tshau\Documents\Study Vault\scripts\_sweeps\voice\english-literature-eduqas_backup.json
unit:   english-literature-eduqas / voice-pass
run: 2026-09-06T16:32:09Z  mode: LIVE

17 lessons, 20 clips to regenerate

  L07 (Ollie)  Full Exam Practice
      n10: If your exam asks you to work with a second poem, do not start from scratch. Read it through the lens of the f
             -> 308 KB, 26.3s, uploaded
      manifest updated (20 entries)
  L05 (Ollie)  Comparing Two Unseen Poems
      n9: The strongest comparisons focus on methods that create different effects . Both poems might use metaphor, but 
             -> 183 KB, 15.6s, uploaded
      manifest updated (16 entries)
  L04 (Ada)  Responding to Themes
      n4: Key Fact . A poem’s subject is what it describes on the surface (a storm, a childhood memory, a walk in the wo
             -> 265 KB, 22.6s, uploaded
      n13: Key Fact . In the exam, state the theme in your opening sentence and then show how language and structure deve
             -> 213 KB, 18.1s, uploaded
      manifest updated (18 entries)
  L08 (Ada)  Key Themes & Exam Technique
      n20: The question asks about both the extract and its importance in the novel as a whole. Every paragraph should co
             -> 374 KB, 31.9s, uploaded
      n23: The most common mistakes: (1) Retelling the story instead of analysing methods. (2) Only discussing the extrac
             -> 362 KB, 30.9s, uploaded
      manifest updated (29 entries)
  L01 (Ollie)  The Schoolboy — William Blake
      n18: If “The Schoolboy” is the specified poem, focus your close analysis on the caged-bird metaphor and the shift f
             -> 245 KB, 20.9s, uploaded
      manifest updated (23 entries)
  L10 (Ada)  Blackberry Picking — Seamus Heaney
      n17: If Blackberry Picking is the specified poem, focus on the shift between the two stanzas and how form — couplet
             -> 378 KB, 32.3s, uploaded
      manifest updated (22 entries)
  L08 (Ada)  Key Themes & Exam Technique
      n16: Another common weakness is treating the extract in isolation. A strong response always connects outward to oth
             -> 349 KB, 29.8s, uploaded
      manifest updated (25 entries)
  L08 (Ada)  Key Themes & Exam Technique
      n24: The biggest mistake students make is retelling the plot. The reader already knows what happens. Your job is to
             -> 240 KB, 20.5s, uploaded
      manifest updated (29 entries)
  L02 (Ada)  Analysing Language & Imagery
      n14: This is the level of detail to aim for. Notice how one short quotation generates a full paragraph of analysis.
             -> 143 KB, 12.2s, uploaded
      manifest updated (20 entries)
  L08 (Ada)  Key Themes & Exam Technique
      n15: Practise linking each quotation to multiple themes. “I am no bird; and no net ensnares me” connects to indepen
             -> 268 KB, 22.9s, uploaded
      manifest updated (20 entries)
  L01 (Ollie)  What is Unseen Poetry?
      n8: Mistake 1: Feature-spotting without analysis. Do not write “The poet uses a metaphor” and stop. Always explain
             -> 422 KB, 36.0s, uploaded
      manifest updated (19 entries)
  L07 (Ollie)  Structure, Language & Symbolism
      n2: For the exam, you need to be able to identify and analyse the key themes that run through the novella. Themes 
             -> 311 KB, 26.5s, uploaded
      manifest updated (24 entries)
  L02 (Ada)  Act 1: The Ball & Love at First Sight
      n9: This matters because when Romeo meets Juliet, his language transforms completely. The contrast makes the audie
             -> 213 KB, 18.2s, uploaded
      manifest updated (21 entries)
  L01 (Ollie)  Context: Neurodiversity & Narration
      n19: In the written exam you will be given a short extract from the play. You must write about the extract and the 
             -> 376 KB, 32.1s, uploaded
      manifest updated (24 entries)
  L08 (Ada)  Key Themes & Exam Technique
      n16: The strongest answers treat the extract as a starting point and then range outwards across the wider novella, 
             -> 380 KB, 32.5s, uploaded
      n20: Context must be integrated into your analysis — not bolted on. Connect context to Dickens’s purpose and method
             -> 268 KB, 22.9s, uploaded
      manifest updated (29 entries)
  L15 (Ollie)  Origin Story — Eve L. Ewing
      n16: For the comparison question, Origin Story works well whenever the specified poem also uses an extended metapho
             -> 268 KB, 22.9s, uploaded
      manifest updated (21 entries)
  L02 (Ada)  I Wandered Lonely as a Cloud
      n17: When answering on this poem, remember that the “inward eye” is the idea to explore: Wordsworth is not simply d
             -> 167 KB, 14.3s, uploaded
      manifest updated (22 entries)

Regenerated 20 clips.

=== VERIFY (ranged GET + freshness) ===
  206  L07 n10  bytes 0-3/315648  Last-Modified: Sun, 06 Sep 2026 16:32:17 GMT  mp3-sync=OK
  206  L05 n9  bytes 0-3/187488  Last-Modified: Sun, 06 Sep 2026 16:33:01 GMT  mp3-sync=OK
  206  L04 n4  bytes 0-3/271008  Last-Modified: Sun, 06 Sep 2026 16:33:06 GMT  mp3-sync=OK
  206  L04 n13  bytes 0-3/217728  Last-Modified: Sun, 06 Sep 2026 16:33:10 GMT  mp3-sync=OK
  206  L08 n20  bytes 0-3/383328  Last-Modified: Sun, 06 Sep 2026 16:33:16 GMT  mp3-sync=OK
  206  L08 n23  bytes 0-3/370368  Last-Modified: Sun, 06 Sep 2026 16:33:22 GMT  mp3-sync=OK
  206  L01 n18  bytes 0-3/250560  Last-Modified: Sun, 06 Sep 2026 16:33:27 GMT  mp3-sync=OK
  206  L10 n17  bytes 0-3/387072  Last-Modified: Sun, 06 Sep 2026 16:33:32 GMT  mp3-sync=OK
  206  L08 n16  bytes 0-3/357408  Last-Modified: Sun, 06 Sep 2026 16:33:38 GMT  mp3-sync=OK
  206  L08 n24  bytes 0-3/245952  Last-Modified: Sun, 06 Sep 2026 16:33:39 GMT  mp3-sync=OK
  206  L02 n14  bytes 0-3/146592  Last-Modified: Sun, 06 Sep 2026 16:33:42 GMT  mp3-sync=OK
  206  L08 n15  bytes 0-3/274176  Last-Modified: Sun, 06 Sep 2026 16:33:47 GMT  mp3-sync=OK
  206  L01 n8  bytes 0-3/432288  Last-Modified: Sun, 06 Sep 2026 16:33:53 GMT  mp3-sync=OK
  206  L07 n2  bytes 0-3/318528  Last-Modified: Sun, 06 Sep 2026 16:33:58 GMT  mp3-sync=OK
  206  L02 n9  bytes 0-3/218304  Last-Modified: Sun, 06 Sep 2026 16:34:02 GMT  mp3-sync=OK
  206  L01 n19  bytes 0-3/385344  Last-Modified: Sun, 06 Sep 2026 16:34:08 GMT  mp3-sync=OK
  206  L08 n16  bytes 0-3/389376  Last-Modified: Sun, 06 Sep 2026 16:34:14 GMT  mp3-sync=OK
  206  L08 n20  bytes 0-3/274464  Last-Modified: Sun, 06 Sep 2026 16:34:18 GMT  mp3-sync=OK
  206  L15 n16  bytes 0-3/274464  Last-Modified: Sun, 06 Sep 2026 16:34:23 GMT  mp3-sync=OK
  206  L02 n17  bytes 0-3/171360  Last-Modified: Sun, 06 Sep 2026 16:34:25 GMT  mp3-sync=OK

20/20 clips verified HTTP 200/206 with fresh audio.
