
=== RE-NARRATION (changed narrated text only) ===
backup: C:\Users\tshau\Documents\Study Vault\scripts\_sweeps\voice\english-literature-edexcel_backup.json
unit:   english-literature-edexcel / voice-pass
run: 2026-09-06T16:28:38Z  mode: LIVE
  L07: fields edited but no narrated text changed -> skip

30 lessons, 40 clips to regenerate

  L07 (Ollie)  Comparison Skills
      n21: Retelling: Don’t summarise what happens in each poem. The reader already knows the poems. Focus on how and why
             -> 121 KB, 10.3s, uploaded
      manifest updated (28 entries)
  L01 (Ollie)  Context: Victorian Women & the Gothic
      n3: To succeed in the Edexcel exam, you need to understand the social and literary context that shaped the novel. 
             -> 129 KB, 11.0s, uploaded
      manifest updated (24 entries)
  L07 (Ollie)  Comparison Skills
      n25: 1. Writing two separate essays: Every paragraph must discuss both poems. 2. Retelling the poem: The reader alr
             -> 469 KB, 40.0s, uploaded
      manifest updated (30 entries)
  L07 (Ollie)  Comparison Skills
      n22: Key Fact . The highest-level answers weave AO2 and AO3 together in the same sentence. A useful formula: “[Poet
             -> 211 KB, 18.0s, uploaded
      n29: Retelling the poem: The reader already knows what happens. Focus on how and why , not what .
             -> 81 KB, 6.9s, uploaded
      manifest updated (36 entries)
  L01 (Ollie)  Context: British Empire & Indian Immigration
      n10: Key Fact . Gupta draws on real historical sources — the Ayahs’ Home records, lascar testimonies, and the polit
             -> 236 KB, 20.2s, uploaded
      n17: This authorial intent is directly relevant to AO3 (context). Gupta is not just writing a historical play — she
             -> 220 KB, 18.8s, uploaded
      manifest updated (22 entries)
  L06 (Ada)  Form, Structure & Language
      n20: Key Fact . AO2 asks for analysis of effects , not just identification of techniques. Saying “Keats uses person
             -> 270 KB, 23.1s, uploaded
      manifest updated (28 entries)
  L08 (Ada)  Key Themes & Exam Technique
      n23: Crucially, do not just describe what happens. Your job is to analyse how Dickens writes and why he makes parti
             -> 194 KB, 16.6s, uploaded
      manifest updated (37 entries)
  L04 (Ada)  The Proposal & the Secret
      n7: Brontë uses nature as a moral barometer throughout the novel. Moments of crisis are accompanied by storms, fir
             -> 195 KB, 16.7s, uploaded
      manifest updated (24 entries)
  L07 (Ollie)  Key Themes & Exam Technique
      n24: Step 5: Write precisely. Credit goes to accurate spelling, punctuation, grammar, and confident use of speciali
             -> 195 KB, 16.7s, uploaded
      manifest updated (30 entries)
  L01 (Ollie)  Context: Victorian Poverty & Dickens' Purpose
      n4: Key Fact . Three biographical facts you need to know: (1) Dickens’s father was imprisoned for debt, (2) Dicken
             -> 198 KB, 16.9s, uploaded
      manifest updated (22 entries)
  L07 (Ollie)  Irony, Satire & Narrative Voice
      n3: For the 19th-century novel question, analysing Austen’s narrative voice is essential. A strong answer distingu
             -> 328 KB, 28.0s, uploaded
      manifest updated (23 entries)
  L07 (Ollie)  Key Themes & Exam Technique
      n24: Step 3: Analyse language within your wider points. Part (b) still needs AO2 (language analysis). Don’t just sa
             -> 271 KB, 23.1s, uploaded
      n25: Step 4: Compare characters or ideas. The strongest Part (b) answers make comparisons: Silas vs Godfrey, gold v
             -> 213 KB, 18.2s, uploaded
      manifest updated (37 entries)
  L06 (Ada)  Form, Structure & Language
      n17: Key Fact . Credit goes to analysis of effect , not just identification. Naming a technique is worth one mark a
             -> 217 KB, 18.5s, uploaded
      manifest updated (27 entries)
  L08 (Ada)  Exam Technique & Key Quotations
      n30: The same mistakes come up again and again. Avoid these to move up the mark levels:
             -> 64 KB, 5.5s, uploaded
      n31: Key Fact . 1. Feature-spotting without analysis: Identifying enjambment or a metaphor earns nothing unless you
             -> 563 KB, 48.0s, uploaded
      manifest updated (45 entries)
  L07 (Ollie)  Key Themes & Exam Technique
      n6: Key Fact . Shakespeare presents at least five types of love in the play: Petrarchan, true romantic, physical, 
             -> 220 KB, 18.8s, uploaded
      manifest updated (35 entries)
  L07 (Ollie)  Key Themes & Exam Technique
      n23: The most common mistake is writing about only one part of the play. Strong answers range across the whole text
             -> 184 KB, 15.7s, uploaded
      manifest updated (29 entries)
  L08 (Ada)  Exam Technique & Key Quotations
      n6: AO1: Read, understand and respond to texts. Use textual references, including quotations, to support and illus
             -> 289 KB, 24.6s, uploaded
      n12: Notice how the second example embeds 1912 context (no workers’ rights), 1945 context (post-war solidarity), an
             -> 190 KB, 16.2s, uploaded
      n17: For each paragraph, use the PEEAL structure: Point (make your argument), Evidence (provide a quotation), Expla
             -> 331 KB, 28.3s, uploaded
      n26: 1. Retelling the story: The reader already knows the plot. Don’t summarise what happens — analyse why Priestle
             -> 147 KB, 12.5s, uploaded
      manifest updated (34 entries)
  L06 (Ada)  Comparing Romantic & Contemporary Voices
      n16: Key Fact . The anthology is designed to be read across time. Notice how attitudes to belonging change between 
             -> 293 KB, 25.0s, uploaded
      manifest updated (24 entries)
  L07 (Ollie)  Key Themes & Exam Technique
      n29: Basic factual errors stand out. Key facts to have correct: Dante plans to study journalism; Emma is approximat
             -> 312 KB, 26.7s, uploaded
      n30: Credit goes to analysis that moves between language and theme. This means: identify what is said (the quotatio
             -> 350 KB, 29.9s, uploaded
      manifest updated (36 entries)
  L07 (Ollie)  Key Themes & Exam Technique
      n16: Top-band responses are described as “perceptive” — this means going beyond obvious analysis. For the extract-f
             -> 447 KB, 38.2s, uploaded
      manifest updated (26 entries)
  L01 (Ollie)  Context: Regency Society & Austen's World
      n12: The omniscient narrator is witty, perceptive, and often devastatingly ironic. Austen rarely tells the reader w
             -> 256 KB, 21.8s, uploaded
      manifest updated (22 entries)
  L07 (Ollie)  Key Themes & Exam Technique
      n17: Step 1: Do NOT repeat material from the extract task. The wider-text task tests your knowledge of the whole te
             -> 548 KB, 46.8s, uploaded
      manifest updated (25 entries)
  L07 (Ollie)  Key Themes & Exam Technique
      n18: Mistake 1: Narrative retelling. Do not retell the story. The reader already knows the plot. Focus on how and w
             -> 143 KB, 12.2s, uploaded
      n22: With a thorough understanding of the novel’s themes, characters, structure and historical context, you are wel
             -> 200 KB, 17.0s, uploaded
      manifest updated (27 entries)
  L01 (Ollie)  Context: Refugees, Asylum & Modern Britain
      n7: AO3 requires you to show understanding of context. In your essays, you must explain why Alem and his family ar
             -> 272 KB, 23.2s, uploaded
      manifest updated (22 entries)
  L08 (Ada)  Key Themes & Exam Technique
      n16: Main paragraphs: Each paragraph should make a clear point, support it with a specific reference from the text,
             -> 250 KB, 21.4s, uploaded
      manifest updated (22 entries)
  L07 (Ollie)  Symbolism & Setting
      n2: Lord of the Flies is one of the most symbolically dense novels on the GCSE syllabus. Almost every object and l
             -> 300 KB, 25.6s, uploaded
      manifest updated (28 entries)
  L06 (Ada)  Staging & Dramatic Techniques
      n2: The Edexcel post-1914 play question tests your ability to analyse a play as a piece of drama — not just as a t
             -> 291 KB, 24.8s, uploaded
      manifest updated (24 entries)
  L07 (Ollie)  Comparison Skills
      n28: 4. Retelling the poem. The reader already knows what happens. Focus on how and why , not what .
             -> 98 KB, 8.3s, uploaded
      manifest updated (37 entries)
  L06 (Ada)  Structure, Setting & Narrative Technique
      n18: Being able to discuss structure, setting and narrative technique gives your essay analytical depth. A strong a
             -> 146 KB, 12.5s, uploaded
      manifest updated (23 entries)
  L08 (Ada)  Exam Technique & Key Quotations
      n30: Vocabulary: Use subject-specific terminology — dramatic irony, foreshadowing, motif, cyclical structure, diale
             -> 170 KB, 14.5s, uploaded
      n40: Retelling the plot: The reader already knows the story. Do not waste time describing what happens. Instead, an
             -> 149 KB, 12.7s, uploaded
      manifest updated (48 entries)

Regenerated 40 clips.

=== VERIFY (ranged GET + freshness) ===
  206  L07 n21  bytes 0-3/123552  Last-Modified: Sun, 06 Sep 2026 16:28:44 GMT  mp3-sync=OK
  206  L01 n3  bytes 0-3/132480  Last-Modified: Sun, 06 Sep 2026 16:28:46 GMT  mp3-sync=OK
  206  L07 n25  bytes 0-3/479808  Last-Modified: Sun, 06 Sep 2026 16:28:53 GMT  mp3-sync=OK
  206  L07 n22  bytes 0-3/216000  Last-Modified: Sun, 06 Sep 2026 16:28:57 GMT  mp3-sync=OK
  206  L07 n29  bytes 0-3/83232  Last-Modified: Sun, 06 Sep 2026 16:28:59 GMT  mp3-sync=OK
  206  L01 n10  bytes 0-3/241920  Last-Modified: Sun, 06 Sep 2026 16:29:03 GMT  mp3-sync=OK
  206  L01 n17  bytes 0-3/225216  Last-Modified: Sun, 06 Sep 2026 16:29:06 GMT  mp3-sync=OK
  206  L06 n20  bytes 0-3/276768  Last-Modified: Sun, 06 Sep 2026 16:29:11 GMT  mp3-sync=OK
  206  L08 n23  bytes 0-3/199008  Last-Modified: Sun, 06 Sep 2026 16:29:15 GMT  mp3-sync=OK
  206  L04 n7  bytes 0-3/200160  Last-Modified: Sun, 06 Sep 2026 16:29:19 GMT  mp3-sync=OK
  206  L07 n24  bytes 0-3/200160  Last-Modified: Sun, 06 Sep 2026 16:29:23 GMT  mp3-sync=OK
  206  L01 n4  bytes 0-3/202464  Last-Modified: Sun, 06 Sep 2026 16:29:27 GMT  mp3-sync=OK
  206  L07 n3  bytes 0-3/335808  Last-Modified: Sun, 06 Sep 2026 16:29:32 GMT  mp3-sync=OK
  206  L07 n24  bytes 0-3/277632  Last-Modified: Sun, 06 Sep 2026 16:29:36 GMT  mp3-sync=OK
  206  L07 n25  bytes 0-3/218304  Last-Modified: Sun, 06 Sep 2026 16:29:39 GMT  mp3-sync=OK
  206  L06 n17  bytes 0-3/221760  Last-Modified: Sun, 06 Sep 2026 16:29:43 GMT  mp3-sync=OK
  206  L08 n30  bytes 0-3/65952  Last-Modified: Sun, 06 Sep 2026 16:29:45 GMT  mp3-sync=OK
  206  L08 n31  bytes 0-3/576576  Last-Modified: Sun, 06 Sep 2026 16:29:54 GMT  mp3-sync=OK
  206  L07 n6  bytes 0-3/225216  Last-Modified: Sun, 06 Sep 2026 16:29:58 GMT  mp3-sync=OK
  206  L07 n23  bytes 0-3/188352  Last-Modified: Sun, 06 Sep 2026 16:30:01 GMT  mp3-sync=OK
  206  L08 n6  bytes 0-3/295488  Last-Modified: Sun, 06 Sep 2026 16:30:06 GMT  mp3-sync=OK
  206  L08 n12  bytes 0-3/194976  Last-Modified: Sun, 06 Sep 2026 16:30:09 GMT  mp3-sync=OK
  206  L08 n17  bytes 0-3/339264  Last-Modified: Sun, 06 Sep 2026 16:30:13 GMT  mp3-sync=OK
  206  L08 n26  bytes 0-3/150048  Last-Modified: Sun, 06 Sep 2026 16:30:16 GMT  mp3-sync=OK
  206  L06 n16  bytes 0-3/299808  Last-Modified: Sun, 06 Sep 2026 16:30:21 GMT  mp3-sync=OK
  206  L07 n29  bytes 0-3/319968  Last-Modified: Sun, 06 Sep 2026 16:30:26 GMT  mp3-sync=OK
  206  L07 n30  bytes 0-3/358272  Last-Modified: Sun, 06 Sep 2026 16:30:31 GMT  mp3-sync=OK
  206  L07 n16  bytes 0-3/458208  Last-Modified: Sun, 06 Sep 2026 16:30:38 GMT  mp3-sync=OK
  206  L01 n12  bytes 0-3/261792  Last-Modified: Sun, 06 Sep 2026 16:30:42 GMT  mp3-sync=OK
  206  L07 n17  bytes 0-3/561312  Last-Modified: Sun, 06 Sep 2026 16:30:51 GMT  mp3-sync=OK
  206  L07 n18  bytes 0-3/146880  Last-Modified: Sun, 06 Sep 2026 16:30:53 GMT  mp3-sync=OK
  206  L07 n22  bytes 0-3/204480  Last-Modified: Sun, 06 Sep 2026 16:30:57 GMT  mp3-sync=OK
  206  L01 n7  bytes 0-3/278496  Last-Modified: Sun, 06 Sep 2026 16:31:01 GMT  mp3-sync=OK
  206  L08 n16  bytes 0-3/256320  Last-Modified: Sun, 06 Sep 2026 16:31:05 GMT  mp3-sync=OK
  206  L07 n2  bytes 0-3/307296  Last-Modified: Sun, 06 Sep 2026 16:31:10 GMT  mp3-sync=OK
  206  L06 n2  bytes 0-3/298080  Last-Modified: Sun, 06 Sep 2026 16:31:14 GMT  mp3-sync=OK
  206  L07 n28  bytes 0-3/100224  Last-Modified: Sun, 06 Sep 2026 16:31:17 GMT  mp3-sync=OK
  206  L06 n18  bytes 0-3/149472  Last-Modified: Sun, 06 Sep 2026 16:31:19 GMT  mp3-sync=OK
  206  L08 n30  bytes 0-3/174240  Last-Modified: Sun, 06 Sep 2026 16:31:22 GMT  mp3-sync=OK
  206  L08 n40  bytes 0-3/152928  Last-Modified: Sun, 06 Sep 2026 16:31:25 GMT  mp3-sync=OK

40/40 clips verified HTTP 200/206 with fresh audio.
