
=== RE-NARRATION (changed narrated text only) ===
backup: C:\Users\tshau\Documents\Study Vault\scripts\_sweeps\voice\english-literature_backup.json
unit:   english-literature / voice-pass
run: 2026-09-06T16:23:55Z  mode: LIVE

6 lessons, 12 clips to regenerate

  L06 (Ada)  Stave 5: Transformation & Redemption
      n10: This technique of using the same device (simile) in contrasting ways across the novella is a key structural ch
             -> 161 KB, 13.7s, uploaded
      manifest updated (27 entries)
  L04 (Ada)  Comparing Two Unseen Poems
      n3: Many students lose marks on this question by writing about each poem separately. The question is asking for a 
             -> 183 KB, 15.6s, uploaded
      n8: For similarities: Similarly, Likewise, Correspondingly, In the same way, Both poets, This is echoed in. For di
             -> 269 KB, 22.9s, uploaded
      n21: Writing about poems separately: The most common mistake. If you write one paragraph about Poem 1 and another a
             -> 438 KB, 37.4s, uploaded
      manifest updated (31 entries)
  L02 (Ada)  Language & Imagery in Unseen Poetry
      n2: In the unseen poetry exam, the majority of marks come from your ability to analyse language . A strong answer 
             -> 335 KB, 28.6s, uploaded
      n3: This lesson focuses on the key language devices you will encounter in unseen poems and how to write about them
             -> 96 KB, 8.2s, uploaded
      manifest updated (29 entries)
  L03 (Ollie)  Structure & Form in Unseen Poetry
      n2: Most students find it easier to write about language than structure. However, structural analysis is a key dif
             -> 299 KB, 25.5s, uploaded
      manifest updated (30 entries)
  L01 (Ollie)  Reading & Analysing an Unseen Poem
      n12: Step 6 — Proofread. Check your spelling (especially the poet’s name and quoted words), quotation marks, and pu
             -> 138 KB, 11.8s, uploaded
      n13: Key Fact . A strong unseen poetry answer does four things: (1) a clear focus on the question, (2) a range of q
             -> 240 KB, 20.5s, uploaded
      n25: One important principle to remember: poetry is subjective . Two readers can look at the same poem and reach co
             -> 300 KB, 25.6s, uploaded
      n32: A strong answer does four things: focus on the question, range of quotations, exploration of techniques, and e
             -> 119 KB, 10.1s, uploaded
      manifest updated (33 entries)
  L01 (Ollie)  Context, Allegory & Orwell's Purpose
      n15: You are expected to weave contextual knowledge throughout your essays, not bolt it on as a separate paragraph.
             -> 346 KB, 29.5s, uploaded
      manifest updated (21 entries)

Regenerated 12 clips.

=== VERIFY (ranged GET + freshness) ===
  206  L06 n10  bytes 0-3/164736  Last-Modified: Sun, 06 Sep 2026 16:24:01 GMT  mp3-sync=OK
  206  L04 n3  bytes 0-3/186912  Last-Modified: Sun, 06 Sep 2026 16:24:05 GMT  mp3-sync=OK
  206  L04 n8  bytes 0-3/275040  Last-Modified: Sun, 06 Sep 2026 16:24:09 GMT  mp3-sync=OK
  206  L04 n21  bytes 0-3/448704  Last-Modified: Sun, 06 Sep 2026 16:24:17 GMT  mp3-sync=OK
  206  L02 n2  bytes 0-3/343296  Last-Modified: Sun, 06 Sep 2026 16:24:22 GMT  mp3-sync=OK
  206  L02 n3  bytes 0-3/98496  Last-Modified: Sun, 06 Sep 2026 16:24:24 GMT  mp3-sync=OK
  206  L03 n2  bytes 0-3/305856  Last-Modified: Sun, 06 Sep 2026 16:24:29 GMT  mp3-sync=OK
  206  L01 n12  bytes 0-3/141120  Last-Modified: Sun, 06 Sep 2026 16:24:32 GMT  mp3-sync=OK
  206  L01 n13  bytes 0-3/245952  Last-Modified: Sun, 06 Sep 2026 16:24:36 GMT  mp3-sync=OK
  206  L01 n25  bytes 0-3/307584  Last-Modified: Sun, 06 Sep 2026 16:24:40 GMT  mp3-sync=OK
  206  L01 n32  bytes 0-3/121536  Last-Modified: Sun, 06 Sep 2026 16:24:43 GMT  mp3-sync=OK
  206  L01 n15  bytes 0-3/353952  Last-Modified: Sun, 06 Sep 2026 16:24:49 GMT  mp3-sync=OK

12/12 clips verified HTTP 200/206 with fresh audio.
