
=== RE-NARRATION (changed narrated text only) ===
backup: C:\Users\tshau\Documents\Study Vault\scripts\_sweeps\voice\film-studies-eduqas_backup.json
unit:   film-studies-eduqas / voice-pass
run: 2026-09-06T17:16:48Z  mode: LIVE

8 lessons, 9 clips to regenerate

  L01 (Ollie)  Cinematography: Shot, Angle, Movement and Lighting
      n25: In any exam answer, always anchor your analysis to a named sequence and state the effect on the spectator — te
             -> 137 KB, 11.7s, uploaded
      manifest updated (25 entries)
  L04 (Ada)  Sound: Diegetic, Non-Diegetic, Score and Sound Bridges
      n19: Imagine a scene in which a protagonist walks through a city at night. The sound design might layer diegetic am
             -> 590 KB, 50.3s, uploaded
      manifest updated (24 entries)
  L18 (Ada)  Skyfall: Aesthetic and Bond Cinematography
      n17: Students sometimes treat Skyfall ’s mainstream aesthetic as though it requires less analysis because it is “ju
             -> 448 KB, 38.3s, uploaded
      manifest updated (22 entries)
  L20 (Ada)  Rocks: Aesthetic and Multicultural London
      n17: Rocks ’s aesthetic is typical of the social-realist British tradition in its commitment to real locations, non
             -> 490 KB, 41.8s, uploaded
      manifest updated (22 entries)
  L04 (Ada)  Pillow Talk and When Harry Met Sally: The Romantic Comedy
      n21: The most persistent error in comparative answers is writing a thorough paragraph on Pillow Talk and then a tho
             -> 417 KB, 35.6s, uploaded
      manifest updated (26 entries)
  L07 (Ollie)  Comparing Films: Genre, Narrative, Context Side by Side
      n2: The comparative section carries 50 of the 70 marks in the US-film written exam. The question asks you to analy
             -> 302 KB, 25.8s, uploaded
      manifest updated (26 entries)
  L01 (Ollie)  Global English-Language Film: Narrative in Focus
      n7: The Bulgarian narratologist Tzvetan Todorov proposed that most narratives move from equilibrium (a stable worl
             -> 525 KB, 44.8s, uploaded
      n12: A common error is confusing narrative analysis with plot summary. Retelling what happens in a film — “first X 
             -> 422 KB, 36.0s, uploaded
      manifest updated (21 entries)
  L05 (Ollie)  Rebel Without a Cause and Ferris Bueller's Day Off: Teen Rebellion
      n19: A common comparative error is to describe one film as “dark and serious” and the other as “light and funny” wi
             -> 364 KB, 31.1s, uploaded
      manifest updated (24 entries)

Regenerated 9 clips.

=== VERIFY (ranged GET + freshness) ===
  206  L01 n25  bytes 0-3/140256  Last-Modified: Sun, 06 Sep 2026 17:16:54 GMT  mp3-sync=OK
  206  L04 n19  bytes 0-3/603648  Last-Modified: Sun, 06 Sep 2026 17:17:03 GMT  mp3-sync=OK
  206  L18 n17  bytes 0-3/459072  Last-Modified: Sun, 06 Sep 2026 17:17:10 GMT  mp3-sync=OK
  206  L20 n17  bytes 0-3/501408  Last-Modified: Sun, 06 Sep 2026 17:17:17 GMT  mp3-sync=OK
  206  L04 n21  bytes 0-3/427392  Last-Modified: Sun, 06 Sep 2026 17:17:26 GMT  mp3-sync=OK
  206  L07 n2  bytes 0-3/309024  Last-Modified: Sun, 06 Sep 2026 17:17:31 GMT  mp3-sync=OK
  206  L01 n7  bytes 0-3/537696  Last-Modified: Sun, 06 Sep 2026 17:17:38 GMT  mp3-sync=OK
  206  L01 n12  bytes 0-3/432000  Last-Modified: Sun, 06 Sep 2026 17:17:45 GMT  mp3-sync=OK
  206  L05 n19  bytes 0-3/373248  Last-Modified: Sun, 06 Sep 2026 17:17:51 GMT  mp3-sync=OK

9/9 clips verified HTTP 200/206 with fresh audio.
