
=== RE-NARRATION (changed narrated text only) ===
backup: C:\Users\tshau\Documents\Study Vault\scripts\_sweeps\voice\french_backup.json
unit:   french / voice-pass
run: 2026-09-06T16:57:46Z  mode: LIVE

10 lessons, 13 clips to regenerate

  L09 (Ollie)  School Life, Rules and Uniform
      n13: School uniform is a popular exam topic because it allows you to give opinions for and against , which lifts an
             -> 167 KB, 14.3s, uploaded
      manifest updated (26 entries)
  L02 (Ada)  Friendships and Qualities
      n39: Key Fact . Credit goes to the use of three time frames (past, present, future) in writing and speaking tasks. 
             -> 153 KB, 13.1s, uploaded
      manifest updated (44 entries)
  L10 (Ada)  Jobs, Work Experience and Future Plans
      n23: Learn common occupations in both masculine and feminine forms — accurate gender agreement in job titles matter
             -> 84 KB, 7.2s, uploaded
      manifest updated (25 entries)
  L05 (Ollie)  Technology and Social Media
      n29: Key Fact . Using afin de instead of pour shows you can vary your language. Both mean “in order to” and are fol
             -> 196 KB, 16.7s, uploaded
      manifest updated (38 entries)
  L05 (Ollie)  Food, Drink and Mealtimes
      n32: Adding opinions to your food descriptions shows you can express personal views, which is key to accessing high
             -> 139 KB, 11.8s, uploaded
      n38: When writing about food, try to combine description, opinion and explanation in each sentence. For example: Au
             -> 268 KB, 22.9s, uploaded
      manifest updated (43 entries)
  L03 (Ollie)  Relationships, Marriage and Future Plans
      n13: The exam often asks you to discuss the pros and cons of marriage. Being able to argue both sides shows you can
             -> 134 KB, 11.4s, uploaded
      n40: Notice how the model answer uses the conditional ( voudrais, aimerais, serait ) alongside opinion structures. 
             -> 155 KB, 13.2s, uploaded
      manifest updated (45 entries)
  L02 (Ada)  Music, Film and Television
      n21: Key Fact . Adjective agreement errors count as minor errors in the Writing exam. However, if the error changes
             -> 197 KB, 16.8s, uploaded
      manifest updated (36 entries)
  L01 (Ollie)  Family Members and Descriptions
      n34: Notice how the paragraph uses avoir for hair and family members, être for personality and build, possessive ad
             -> 169 KB, 14.4s, uploaded
      manifest updated (39 entries)
  L04 (Ada)  Healthy Living and Lifestyle
      n14: You can also use il est important de (it is important to) and il est nécessaire de (it is necessary to) as alt
             -> 161 KB, 13.7s, uploaded
      manifest updated (46 entries)
  L03 (Ollie)  Accommodation and Hotels
      n11: Key Fact . Three ways to say “I would like” in French: je voudrais (I would like), j’aimerais (I would like/lo
             -> 194 KB, 16.6s, uploaded
      n34: Key Fact . When writing a complaint letter or describing a bad hotel experience, use the imperfect tense for d
             -> 217 KB, 18.6s, uploaded
      manifest updated (40 entries)

Regenerated 13 clips.

=== VERIFY (ranged GET + freshness) ===
  206  L09 n13  bytes 0-3/171072  Last-Modified: Sun, 06 Sep 2026 16:57:52 GMT  mp3-sync=OK
  206  L02 n39  bytes 0-3/156672  Last-Modified: Sun, 06 Sep 2026 16:57:55 GMT  mp3-sync=OK
  206  L10 n23  bytes 0-3/86400  Last-Modified: Sun, 06 Sep 2026 16:57:57 GMT  mp3-sync=OK
  206  L05 n29  bytes 0-3/200448  Last-Modified: Sun, 06 Sep 2026 16:58:01 GMT  mp3-sync=OK
  206  L05 n32  bytes 0-3/141984  Last-Modified: Sun, 06 Sep 2026 16:58:04 GMT  mp3-sync=OK
  206  L05 n38  bytes 0-3/274464  Last-Modified: Sun, 06 Sep 2026 16:58:08 GMT  mp3-sync=OK
  206  L03 n13  bytes 0-3/136800  Last-Modified: Sun, 06 Sep 2026 16:58:11 GMT  mp3-sync=OK
  206  L03 n40  bytes 0-3/158688  Last-Modified: Sun, 06 Sep 2026 16:58:14 GMT  mp3-sync=OK
  206  L02 n21  bytes 0-3/201312  Last-Modified: Sun, 06 Sep 2026 16:58:17 GMT  mp3-sync=OK
  206  L01 n34  bytes 0-3/172800  Last-Modified: Sun, 06 Sep 2026 16:58:20 GMT  mp3-sync=OK
  206  L04 n14  bytes 0-3/164448  Last-Modified: Sun, 06 Sep 2026 16:58:23 GMT  mp3-sync=OK
  206  L03 n11  bytes 0-3/199008  Last-Modified: Sun, 06 Sep 2026 16:58:27 GMT  mp3-sync=OK
  206  L03 n34  bytes 0-3/222624  Last-Modified: Sun, 06 Sep 2026 16:58:31 GMT  mp3-sync=OK

13/13 clips verified HTTP 200/206 with fresh audio.
