
=== RE-NARRATION (changed narrated text only) ===
backup: C:\Users\tshau\Documents\Study Vault\scripts\_sweeps\voice\gcse-music_backup.json
unit:   gcse-music / voice-pass
run: 2026-09-06T17:11:04Z  mode: LIVE

10 lessons, 14 clips to regenerate

  L02 (Ada)  Africa: Chorus, Links, Verse 2 and Instrumental
      n21: Although Verse 2 reuses the same harmony as Verse 1, there are four key differences to know:
             -> 69 KB, 5.9s, uploaded
      manifest updated (42 entries)
  L02 (Ada)  Instrument Roles and Expression in Ensembles
      n47: Key Fact . In the exam, always describe how the parts interact, not just what each instrument is doing individ
             -> 174 KB, 14.9s, uploaded
      manifest updated (60 entries)
  L03 (Ollie)  Africa: Chorus 3, Outro and Exam Practice
      n19: Use bar numbers. Always refer to specific bar numbers when identifying features. For example, do not just say 
             -> 172 KB, 14.7s, uploaded
      manifest updated (29 entries)
  L03 (Ollie)  Texture and Structure
      n34: Key Fact . Verse 2 of “Africa” differs from Verse 1 because it adds a countermelody (descant) on a flute-like 
             -> 186 KB, 15.8s, uploaded
      manifest updated (39 entries)
  L02 (Ada)  Dynamics, Tempo and Rhythm
      n2: In the Eduqas GCSE Music listening exam, you will need to identify and describe how dynamics , tempo and rhyth
             -> 244 KB, 20.8s, uploaded
      n17: Key Fact . In the Eduqas listening exam, if you are asked for an Italian term for the tempo, don’t just write 
             -> 244 KB, 20.8s, uploaded
      n47: Always use the correct Italian terms in your answers. Credit goes to precise musical vocabulary. For example, 
             -> 174 KB, 14.9s, uploaded
      manifest updated (52 entries)
  L01 (Ollie)  Ensemble Types and Textures
      n27: In the Autumn 2020 exam, students were asked to describe the melody and accompaniment in a chamber music extra
             -> 291 KB, 24.8s, uploaded
      manifest updated (48 entries)
  L05 (Ollie)  Exam Practice: Popular Music Listening
      n13: Key Fact . Always use the MADTSHRIT checklist when writing extended answers. The question is asking for commen
             -> 190 KB, 16.2s, uploaded
      n36: The same errors come up year after year. Avoid these to protect your marks:
             -> 63 KB, 5.4s, uploaded
      n38: Giving two answers for a one-mark question: Only the first answer is marked. If you write two options, only th
             -> 116 KB, 9.9s, uploaded
      manifest updated (45 entries)
  L04 (Ada)  Minimalism in Film Music
      n26: Film composers rarely use just one minimalist technique at a time. In “Heptapod B,” Jóhannsson combines repeti
             -> 268 KB, 22.9s, uploaded
      manifest updated (48 entries)
  L02 (Ada)  Rock Music
      n34: When you hear a rock extract in the listening exam, work through these elements systematically: instrumentatio
             -> 224 KB, 19.1s, uploaded
      manifest updated (39 entries)
  L01 (Ollie)  Binary and Ternary Form
      n42: If your Eduqas composition brief asks you to write in ternary form, you must clearly show three sections: A, B
             -> 348 KB, 29.7s, uploaded
      manifest updated (56 entries)

Regenerated 14 clips.

=== VERIFY (ranged GET + freshness) ===
  206  L02 n21  bytes 0-3/70560  Last-Modified: Sun, 06 Sep 2026 17:11:12 GMT  mp3-sync=OK
  206  L02 n47  bytes 0-3/178272  Last-Modified: Sun, 06 Sep 2026 17:11:16 GMT  mp3-sync=OK
  206  L03 n19  bytes 0-3/176544  Last-Modified: Sun, 06 Sep 2026 17:11:19 GMT  mp3-sync=OK
  206  L03 n34  bytes 0-3/190080  Last-Modified: Sun, 06 Sep 2026 17:11:23 GMT  mp3-sync=OK
  206  L02 n2  bytes 0-3/249696  Last-Modified: Sun, 06 Sep 2026 17:11:27 GMT  mp3-sync=OK
  206  L02 n17  bytes 0-3/249984  Last-Modified: Sun, 06 Sep 2026 17:11:31 GMT  mp3-sync=OK
  206  L02 n47  bytes 0-3/178560  Last-Modified: Sun, 06 Sep 2026 17:11:34 GMT  mp3-sync=OK
  206  L01 n27  bytes 0-3/298080  Last-Modified: Sun, 06 Sep 2026 17:11:39 GMT  mp3-sync=OK
  206  L05 n13  bytes 0-3/194976  Last-Modified: Sun, 06 Sep 2026 17:11:43 GMT  mp3-sync=OK
  206  L05 n36  bytes 0-3/64800  Last-Modified: Sun, 06 Sep 2026 17:11:44 GMT  mp3-sync=OK
  206  L05 n38  bytes 0-3/118944  Last-Modified: Sun, 06 Sep 2026 17:11:46 GMT  mp3-sync=OK
  206  L04 n26  bytes 0-3/274176  Last-Modified: Sun, 06 Sep 2026 17:11:51 GMT  mp3-sync=OK
  206  L02 n34  bytes 0-3/229824  Last-Modified: Sun, 06 Sep 2026 17:11:54 GMT  mp3-sync=OK
  206  L01 n42  bytes 0-3/356256  Last-Modified: Sun, 06 Sep 2026 17:12:00 GMT  mp3-sync=OK

14/14 clips verified HTTP 200/206 with fresh audio.
