
=== RE-NARRATION (changed narrated text only) ===
backup: C:\Users\tshau\Documents\Study Vault\scripts\_sweeps\voice\geography-edexcel-b_backup.json
unit:   geography-edexcel-b / voice-pass
run: 2026-09-06T17:23:02Z  mode: LIVE

2 lessons, 3 clips to regenerate

  L04 (Ada)  River Landscapes & Processes
      n16: On a 1:25,000 OS map, look for: tightly packed contour lines and a wiggling thin blue line (V-shaped valley, u
             -> 367 KB, 31.3s, uploaded
      manifest updated (21 entries)
  L10 (Ada)  Geographical Investigations: Fieldwork & Enquiry
      n5: Key Fact . The six enquiry stages run in order: questions, methods, presenting, analysis, conclusions, reflect
             -> 168 KB, 14.3s, uploaded
      n12: Match the presentation method to the data type. Continuous data over time (river discharge, temperature) suit 
             -> 428 KB, 36.5s, uploaded
      manifest updated (21 entries)

Regenerated 3 clips.

=== VERIFY (ranged GET + freshness) ===
  206  L04 n16  bytes 0-3/375840  Last-Modified: Sun, 06 Sep 2026 17:23:09 GMT  mp3-sync=OK
  206  L10 n5  bytes 0-3/171648  Last-Modified: Sun, 06 Sep 2026 17:23:12 GMT  mp3-sync=OK
  206  L10 n12  bytes 0-3/438336  Last-Modified: Sun, 06 Sep 2026 17:23:19 GMT  mp3-sync=OK

3/3 clips verified HTTP 200/206 with fresh audio.
