
=== RE-NARRATION (changed narrated text only) ===
backup: C:\Users\tshau\Documents\Study Vault\scripts\_sweeps\voice\geography-edexcel-a_backup.json
unit:   geography-edexcel-a / voice-pass
run: 2026-09-06T17:22:40Z  mode: LIVE

2 lessons, 3 clips to regenerate

  L01 (Ollie)  Physical Fieldwork: Rivers & Coasts
      n15: A common question is ‘Justify one method used in your fieldwork.’ The trick is to link the method back to the 
             -> 361 KB, 30.8s, uploaded
      manifest updated (21 entries)
  L03 (Ollie)  Presenting & Analysing Fieldwork Data
      n8: Edexcel asks you to be comfortable with both hand-drawn and computer-generated presentation. GIS tools like Es
             -> 393 KB, 33.5s, uploaded
      n15: Stage 6 of the enquiry process is reflection: critically reviewing methods, data and conclusions. There is a c
             -> 352 KB, 30.0s, uploaded
      manifest updated (21 entries)

Regenerated 3 clips.

=== VERIFY (ranged GET + freshness) ===
  206  L01 n15  bytes 0-3/369504  Last-Modified: Sun, 06 Sep 2026 17:22:49 GMT  mp3-sync=OK
  206  L03 n8  bytes 0-3/402336  Last-Modified: Sun, 06 Sep 2026 17:22:54 GMT  mp3-sync=OK
  206  L03 n15  bytes 0-3/360000  Last-Modified: Sun, 06 Sep 2026 17:23:00 GMT  mp3-sync=OK

3/3 clips verified HTTP 200/206 with fresh audio.
