
=== RE-NARRATION (changed narrated text only) ===
backup: C:\Users\tshau\Documents\Study Vault\scripts\_sweeps\voice\german-aqa_backup.json
unit:   german-aqa / voice-pass
run: 2026-09-06T16:56:45Z  mode: LIVE

11 lessons, 18 clips to regenerate

  L01 (Ollie)  Family Members and Relationships
      n29: Key Fact . In relative clauses, the verb goes to the end of the clause. The relative pronoun ( der, die, das )
             -> 185 KB, 15.8s, uploaded
      manifest updated (34 entries)
  L06 (Ada)  Food and Drink
      n10: Key Fact . The verb schmecken (to taste) is used to express whether you like the taste of something: Es schmec
             -> 179 KB, 15.2s, uploaded
      manifest updated (31 entries)
  L05 (Ollie)  Technology and Social Media
      n15: The um...zu construction means “in order to.” It is a powerful way to show purpose and it lifts your writing b
             -> 112 KB, 9.5s, uploaded
      n19: Use a range of opinion phrases to lift your writing:
             -> 41 KB, 3.5s, uploaded
      manifest updated (27 entries)
  L04 (Ada)  Friendships and Ideal Friends
      n26: Using both weil and denn in the same piece of writing shows you understand the difference — this demonstrates 
             -> 86 KB, 7.3s, uploaded
      n28: A strong paragraph about your best friend should include: 1. Their name and how long you’ve known them: Mein b
             -> 442 KB, 37.7s, uploaded
      manifest updated (34 entries)
  L04 (Ada)  Weather and Holiday Activities
      n2: This lesson covers two topics that often appear together in the exam: describing the weather and talking about
             -> 231 KB, 19.7s, uploaded
      n17: This paragraph uses: perfect tense (bin geflogen, haben gelegen), preterite (war), future (werden fahren), con
             -> 214 KB, 18.2s, uploaded
      manifest updated (27 entries)
  L02 (Ada)  Personality and Character
      n3: Key Fact . For AO3 marks in writing and speaking, credit goes to a good variety of vocabulary . Using ten diff
             -> 221 KB, 18.8s, uploaded
      n25: Key Fact . Using comparatives shows you can manipulate language beyond the basics. The pattern is always: adje
             -> 178 KB, 15.2s, uploaded
      manifest updated (30 entries)
  L05 (Ollie)  Relationships, Marriage and Future Plans
      n30: Key Fact . Using the conditional tense is essential for reaching Grade 5+ on the AQA writing paper. You need “
             -> 237 KB, 20.3s, uploaded
      n37: Here is a model answer (WAGOLL — What A Good One Looks Like) covering three time frames: In meiner Familie gib
             -> 688 KB, 58.7s, uploaded
      n41: The conditional tense (möchte, würde, hätte, wäre, sollte, müsste) is a separate time frame — using it lifts y
             -> 109 KB, 9.3s, uploaded
      manifest updated (42 entries)
  L03 (Ollie)  Physical Appearance
      n16: Key Fact . At GCSE, you do not need to memorise every adjective ending. Focus on the two most common patterns:
             -> 224 KB, 19.1s, uploaded
      manifest updated (34 entries)
  L07 (Ollie)  Celebrity Culture and Role Models
      n21: Key Fact . Key conditional forms: Ich würde gern … treffen (I would like to meet …). Ich wäre gern berühmt (I 
             -> 271 KB, 23.1s, uploaded
      n26: Key Fact . Using einerseits … andererseits (on the one hand … on the other hand) shows you can present a balan
             -> 185 KB, 15.8s, uploaded
      manifest updated (31 entries)
  L08 (Ada)  The Environment and Global Issues
      n21: Key Fact . The environment topic combines well with other themes. You might describe your eco-friendly town (L
             -> 231 KB, 19.8s, uploaded
      manifest updated (26 entries)
  L06 (Ada)  Customs and Daily Life in German-Speaking Countries
      n24: Being aware of these cultural details not only helps in the exam but also shows that you understand the contex
             -> 109 KB, 9.3s, uploaded
      manifest updated (29 entries)

Regenerated 18 clips.

=== VERIFY (ranged GET + freshness) ===
  206  L01 n29  bytes 0-3/189216  Last-Modified: Sun, 06 Sep 2026 16:56:48 GMT  mp3-sync=OK
  206  L06 n10  bytes 0-3/182880  Last-Modified: Sun, 06 Sep 2026 16:56:49 GMT  mp3-sync=OK
  206  L05 n15  bytes 0-3/114336  Last-Modified: Sun, 06 Sep 2026 16:56:50 GMT  mp3-sync=OK
  206  L05 n19  bytes 0-3/42048  Last-Modified: Sun, 06 Sep 2026 16:56:51 GMT  mp3-sync=OK
  206  L04 n26  bytes 0-3/87840  Last-Modified: Sun, 06 Sep 2026 16:56:52 GMT  mp3-sync=OK
  206  L04 n28  bytes 0-3/452160  Last-Modified: Sun, 06 Sep 2026 16:56:53 GMT  mp3-sync=OK
  206  L04 n2  bytes 0-3/236448  Last-Modified: Sun, 06 Sep 2026 16:56:56 GMT  mp3-sync=OK
  206  L04 n17  bytes 0-3/218880  Last-Modified: Sun, 06 Sep 2026 16:56:58 GMT  mp3-sync=OK
  206  L02 n3  bytes 0-3/226080  Last-Modified: Sun, 06 Sep 2026 16:56:59 GMT  mp3-sync=OK
  206  L02 n25  bytes 0-3/182304  Last-Modified: Sun, 06 Sep 2026 16:57:00 GMT  mp3-sync=OK
  206  L05 n30  bytes 0-3/243072  Last-Modified: Sun, 06 Sep 2026 16:57:01 GMT  mp3-sync=OK
  206  L05 n37  bytes 0-3/704736  Last-Modified: Sun, 06 Sep 2026 16:57:02 GMT  mp3-sync=OK
  206  L05 n41  bytes 0-3/112032  Last-Modified: Sun, 06 Sep 2026 16:57:03 GMT  mp3-sync=OK
  206  L03 n16  bytes 0-3/228960  Last-Modified: Sun, 06 Sep 2026 16:57:04 GMT  mp3-sync=OK
  206  L07 n21  bytes 0-3/277344  Last-Modified: Sun, 06 Sep 2026 16:57:06 GMT  mp3-sync=OK
  206  L07 n26  bytes 0-3/189504  Last-Modified: Sun, 06 Sep 2026 16:57:07 GMT  mp3-sync=OK
  206  L08 n21  bytes 0-3/237024  Last-Modified: Sun, 06 Sep 2026 16:57:08 GMT  mp3-sync=OK
  206  L06 n24  bytes 0-3/111168  Last-Modified: Sun, 06 Sep 2026 16:57:09 GMT  mp3-sync=OK

18/18 clips verified HTTP 200/206 with fresh audio.
