
=== RE-NARRATION (changed narrated text only) ===
backup: C:\Users\tshau\Documents\Study Vault\scripts\_sweeps\voice\health-social-care-eduqas_backup.json
unit:   health-social-care-eduqas / voice-pass
run: 2026-09-06T17:19:22Z  mode: LIVE

4 lessons, 5 clips to regenerate

  L04 (Ada)  Physical Indicators of Health & Interpreting Data
      n12: The exam focuses on interpretation rather than just category identification. A student who reads a BMI of 32 a
             -> 438 KB, 37.4s, uploaded
      manifest updated (25 entries)
  L03 (Ollie)  Defining Health, Illness, Disease & Well-being
      n2: In health and social care, precise language is essential. The words “health”, “illness”, “disease” and “well-b
             -> 381 KB, 32.5s, uploaded
      n13: It is important to remember that an individual can have a disease without experiencing illness (as in the earl
             -> 262 KB, 22.3s, uploaded
      manifest updated (23 entries)
  L01 (Ollie)  The Five Life Stages & Their Developmental Milestones
      n38: There are five life stages with fixed age boundaries: infancy (0–2), childhood (3–10), adolescence (11–19), ad
             -> 196 KB, 16.7s, uploaded
      manifest updated (40 entries)
  L02 (Ada)  Factors Shaping Self-Concept & Strategies for Resilience
      n14: The twelve factors do not operate in isolation. Income , for instance, affects the environment a person grows 
             -> 457 KB, 39.0s, uploaded
      manifest updated (28 entries)

Regenerated 5 clips.

=== VERIFY (ranged GET + freshness) ===
  206  L04 n12  bytes 0-3/448704  Last-Modified: Sun, 06 Sep 2026 17:19:31 GMT  mp3-sync=OK
  206  L03 n2  bytes 0-3/390528  Last-Modified: Sun, 06 Sep 2026 17:19:36 GMT  mp3-sync=OK
  206  L03 n13  bytes 0-3/267840  Last-Modified: Sun, 06 Sep 2026 17:19:40 GMT  mp3-sync=OK
  206  L01 n38  bytes 0-3/200736  Last-Modified: Sun, 06 Sep 2026 17:19:43 GMT  mp3-sync=OK
  206  L02 n14  bytes 0-3/468288  Last-Modified: Sun, 06 Sep 2026 17:19:50 GMT  mp3-sync=OK

5/5 clips verified HTTP 200/206 with fresh audio.
