
=== RE-NARRATION (changed narrated text only) ===
backup: C:\Users\tshau\Documents\Study Vault\scripts\_sweeps\voice\history-eduqas_backup.json
unit:   history-eduqas / voice-pass
run: 2026-09-06T16:48:24Z  mode: LIVE

21 lessons, 34 clips to regenerate

  L11 (Ollie)  Exam technique and synthesis
      n4: A source utility question asks how useful a source is for a specific enquiry. The most common mistake is to ju
             -> 156 KB, 13.3s, uploaded
      n10: The Compare Interpretations question is the one most students answer badly. They describe what each interpreta
             -> 246 KB, 21.0s, uploaded
      manifest updated (19 entries)
  L11 (Ollie)  Exam technique: 16-mark period essays
      n7: 1. Opening thesis (2–3 sentences). State your overall judgement immediately. Don’t “warm up” by defining terms
             -> 332 KB, 28.3s, uploaded
      n22: In the exam, the 16-mark essay should take approximately 20–25 minutes. That means planning for 2 minutes and 
             -> 292 KB, 24.9s, uploaded
      manifest updated (27 entries)
  L11 (Ollie)  Exam technique: thematic change essays
      n2: The 16-mark thematic change essay is the most demanding question in this unit. It asks you to trace how someth
             -> 405 KB, 34.6s, uploaded
      n11: The most common mistake is covering only one or two eras in depth and mentioning the third only briefly. It co
             -> 395 KB, 33.7s, uploaded
      manifest updated (20 entries)
  L11 (Ollie)  Exam technique: 16-mark period essays
      n2: The 16-mark extended essay is the highest-tariff question in the Period Study component. It tests your ability
             -> 313 KB, 26.7s, uploaded
      n9: All three questions share a structure: they name one factor (or claim) and ask “how far” or “how significant.”
             -> 294 KB, 25.1s, uploaded
      n12: What ‘Factor Weighting’ Means
             -> 27 KB, 2.3s, uploaded
      manifest updated (26 entries)
  L11 (Ollie)  Exam technique: thematic change essays
      n1: The Thematic Change Essay: What the Question Wants
             -> 42 KB, 3.6s, uploaded
      n5: Whatever the wording, the question is assessing three things: your knowledge of specific events, people and da
             -> 144 KB, 12.3s, uploaded
      n8: The single most common cause of low marks on the thematic essay is failing to cover all three eras. Many stude
             -> 394 KB, 33.6s, uploaded
      manifest updated (22 entries)
  L10 (Ada)  Exam technique: handling sources from 1890-1918
      n18: Common mistakes in the 12-mark “Evaluate an Interpretation” question: writing only agreement, or only disagree
             -> 240 KB, 20.5s, uploaded
      manifest updated (30 entries)
  L10 (Ada)  Exam technique and synthesis
      n12: Extended essay questions — whether 12-mark “How far do you agree” or 16-mark “How far… / Account for…” — rewar
             -> 302 KB, 25.8s, uploaded
      n15: Synthesis means showing that these topics are not isolated incidents but together form a pattern that either s
             -> 213 KB, 18.1s, uploaded
      manifest updated (20 entries)
  L10 (Ada)  Themes: change and continuity in health and medicine
      n13: Alongside change, it is worth recognising continuity . Several elements persisted across all three eras. Quara
             -> 808 KB, 68.9s, uploaded
      manifest updated (18 entries)
  L10 (Ada)  Exam technique and synthesis
      n6: The 5-mark source utility question is one students frequently waste. Common mistakes: spending most of the ans
             -> 324 KB, 27.7s, uploaded
      manifest updated (23 entries)
  L11 (Ollie)  Exam technique: 16-mark period essays
      n2: The 16-mark extended essay on the Period Study is the highest-value single question in this unit. It tests you
             -> 290 KB, 24.7s, uploaded
      n18: The second version uses: a specific time frame (1928–32), specific figures (4 million tonnes), and a specific 
             -> 300 KB, 25.6s, uploaded
      manifest updated (28 entries)
  L11 (Ollie)  Exam technique: thematic change essays
      n3: Three things are needed: first, knowledge spanning all three eras with specific named evidence. Second, analys
             -> 249 KB, 21.3s, uploaded
      n11: Your introduction should do three things in two to three sentences: (1) directly address the question; (2) sta
             -> 388 KB, 33.1s, uploaded
      manifest updated (23 entries)
  L10 (Ada)  Exam technique and synthesis: was it a Golden Age?
      n12: For 10-mark ‘Compare Interpretations’ questions, the most common error is explaining how two interpretations d
             -> 587 KB, 50.1s, uploaded
      manifest updated (20 entries)
  L10 (Ada)  Themes across the period: continuity and change
      n2: Studying the USA from 1929 to 2000 means tracking change and continuity across four interconnected areas: the 
             -> 281 KB, 23.9s, uploaded
      manifest updated (19 entries)
  L09 (Ollie)  Interpretations: a Nation of Contrasts?
      n14: The most common error on the 10-mark “Compare Interpretations” question is to explain how two interpretations 
             -> 423 KB, 36.1s, uploaded
      manifest updated (20 entries)
  L09 (Ollie)  Exam technique and synthesis
      n7: Key Fact . For source utility: Content + Provenance + Contextual Knowledge = top band. Many students describe 
             -> 256 KB, 21.9s, uploaded
      manifest updated (23 entries)
  L09 (Ollie)  Exam technique and synthesis
      n15: The 12-mark and 16-mark extended responses test your ability to make a substantiated overall judgement. The mo
             -> 224 KB, 19.1s, uploaded
      manifest updated (27 entries)
  L11 (Ollie)  Exam technique: thematic change essays
      n8: The same errors come up again and again in weaker essays. First: covering only one era. Many students write en
             -> 244 KB, 20.8s, uploaded
      n9: Second: describing change rather than explaining it. A response that says “Sport changed a lot in Victorian Br
             -> 341 KB, 29.1s, uploaded
      manifest updated (22 entries)
  L09 (Ollie)  Sources and interpretations: how 1951-79 has been remembered
      n18: For examination questions, you need to apply at least two of these reasons and tie them specifically to the in
             -> 195 KB, 16.7s, uploaded
      manifest updated (23 entries)
  L10 (Ada)  Exam technique and synthesis: sources, interpretations and judgements
      n11: Explaining how they differ: “Interpretation A says the revolt was a failure because serfdom was not abolished.
             -> 217 KB, 18.6s, uploaded
      n18: For 12-mark “evaluate an interpretation” questions, the most common error is pure agreement or pure disagreeme
             -> 177 KB, 15.1s, uploaded
      manifest updated (30 entries)
  L08 (Ada)  Sources and interpretations of Elizabeth's reign
      n13: Using Interpretations: What the Question Asks For
             -> 48 KB, 4.1s, uploaded
      manifest updated (20 entries)
  L11 (Ollie)  Exam technique: 16-mark period essays
      n2: The 16-mark extended response is the highest-tariff question in the Period Study. It asks you to assess a hist
             -> 320 KB, 27.3s, uploaded
      n15: The extended responses also carry marks for spelling, punctuation, grammar and use of specialist vocabulary ( 
             -> 465 KB, 39.7s, uploaded
      manifest updated (20 entries)

Regenerated 34 clips.

=== VERIFY (ranged GET + freshness) ===
  206  L11 n4  bytes 0-3/159552  Last-Modified: Sun, 06 Sep 2026 16:48:30 GMT  mp3-sync=OK
  206  L11 n10  bytes 0-3/252000  Last-Modified: Sun, 06 Sep 2026 16:48:33 GMT  mp3-sync=OK
  206  L11 n7  bytes 0-3/339840  Last-Modified: Sun, 06 Sep 2026 16:48:39 GMT  mp3-sync=OK
  206  L11 n22  bytes 0-3/299232  Last-Modified: Sun, 06 Sep 2026 16:48:44 GMT  mp3-sync=OK
  206  L11 n2  bytes 0-3/415008  Last-Modified: Sun, 06 Sep 2026 16:48:49 GMT  mp3-sync=OK
  206  L11 n11  bytes 0-3/404352  Last-Modified: Sun, 06 Sep 2026 16:48:55 GMT  mp3-sync=OK
  206  L11 n2  bytes 0-3/320256  Last-Modified: Sun, 06 Sep 2026 16:49:00 GMT  mp3-sync=OK
  206  L11 n9  bytes 0-3/301536  Last-Modified: Sun, 06 Sep 2026 16:49:05 GMT  mp3-sync=OK
  206  L11 n12  bytes 0-3/27648  Last-Modified: Sun, 06 Sep 2026 16:49:06 GMT  mp3-sync=OK
  206  L11 n1  bytes 0-3/43200  Last-Modified: Sun, 06 Sep 2026 16:49:07 GMT  mp3-sync=OK
  206  L11 n5  bytes 0-3/147744  Last-Modified: Sun, 06 Sep 2026 16:49:10 GMT  mp3-sync=OK
  206  L11 n8  bytes 0-3/403776  Last-Modified: Sun, 06 Sep 2026 16:49:16 GMT  mp3-sync=OK
  206  L10 n18  bytes 0-3/245952  Last-Modified: Sun, 06 Sep 2026 16:49:20 GMT  mp3-sync=OK
  206  L10 n12  bytes 0-3/309024  Last-Modified: Sun, 06 Sep 2026 16:49:26 GMT  mp3-sync=OK
  206  L10 n15  bytes 0-3/217728  Last-Modified: Sun, 06 Sep 2026 16:49:29 GMT  mp3-sync=OK
  206  L10 n13  bytes 0-3/827136  Last-Modified: Sun, 06 Sep 2026 16:49:41 GMT  mp3-sync=OK
  206  L10 n6  bytes 0-3/332064  Last-Modified: Sun, 06 Sep 2026 16:49:46 GMT  mp3-sync=OK
  206  L11 n2  bytes 0-3/296928  Last-Modified: Sun, 06 Sep 2026 16:49:50 GMT  mp3-sync=OK
  206  L11 n18  bytes 0-3/307296  Last-Modified: Sun, 06 Sep 2026 16:49:54 GMT  mp3-sync=OK
  206  L11 n3  bytes 0-3/255456  Last-Modified: Sun, 06 Sep 2026 16:49:58 GMT  mp3-sync=OK
  206  L11 n11  bytes 0-3/397152  Last-Modified: Sun, 06 Sep 2026 16:50:04 GMT  mp3-sync=OK
  206  L10 n12  bytes 0-3/601344  Last-Modified: Sun, 06 Sep 2026 16:50:12 GMT  mp3-sync=OK
  206  L10 n2  bytes 0-3/287424  Last-Modified: Sun, 06 Sep 2026 16:50:16 GMT  mp3-sync=OK
  206  L09 n14  bytes 0-3/433152  Last-Modified: Sun, 06 Sep 2026 16:50:22 GMT  mp3-sync=OK
  206  L09 n7  bytes 0-3/262656  Last-Modified: Sun, 06 Sep 2026 16:50:27 GMT  mp3-sync=OK
  206  L09 n15  bytes 0-3/229824  Last-Modified: Sun, 06 Sep 2026 16:50:31 GMT  mp3-sync=OK
  206  L11 n8  bytes 0-3/249408  Last-Modified: Sun, 06 Sep 2026 16:50:36 GMT  mp3-sync=OK
  206  L11 n9  bytes 0-3/349056  Last-Modified: Sun, 06 Sep 2026 16:50:42 GMT  mp3-sync=OK
  206  L09 n18  bytes 0-3/199872  Last-Modified: Sun, 06 Sep 2026 16:50:46 GMT  mp3-sync=OK
  206  L10 n11  bytes 0-3/222624  Last-Modified: Sun, 06 Sep 2026 16:50:50 GMT  mp3-sync=OK
  206  L10 n18  bytes 0-3/181728  Last-Modified: Sun, 06 Sep 2026 16:50:53 GMT  mp3-sync=OK
  206  L08 n13  bytes 0-3/48960  Last-Modified: Sun, 06 Sep 2026 16:50:54 GMT  mp3-sync=OK
  206  L11 n2  bytes 0-3/327744  Last-Modified: Sun, 06 Sep 2026 16:50:59 GMT  mp3-sync=OK
  206  L11 n15  bytes 0-3/476352  Last-Modified: Sun, 06 Sep 2026 16:51:06 GMT  mp3-sync=OK

34/34 clips verified HTTP 200/206 with fresh audio.
