
=== RE-NARRATION (changed narrated text only) ===
backup: C:\Users\tshau\Documents\Study Vault\scripts\_sweeps\voice\history_backup.json
unit:   history / voice-pass
run: 2026-09-06T17:18:39Z  mode: LIVE

3 lessons, 3 clips to regenerate

  L02 (Ada)  Medieval Treatments & the Church
      n11: A key exam theme is whether the Church helped or hindered medical progress. The answer is both — and a strong 
             -> 100 KB, 8.5s, uploaded
      manifest updated (33 entries)
  L16 (Ada)  The Spanish Armada: Historic Environment 2027
      n2: AQA has named the Spanish Armada as the historic environment for your 2027 exam. That gives Paper 2 a guarante
             -> 390 KB, 33.3s, uploaded
      manifest updated (19 entries)
  L15 (Ollie)  Modern Public Health Challenges
      n37: Show awareness of modern developments and connect them to broader themes — especially the role of science and 
             -> 89 KB, 7.6s, uploaded
      manifest updated (40 entries)

Regenerated 3 clips.

=== VERIFY (ranged GET + freshness) ===
  206  L02 n11  bytes 0-3/102240  Last-Modified: Sun, 06 Sep 2026 17:18:44 GMT  mp3-sync=OK
  206  L16 n2  bytes 0-3/399168  Last-Modified: Sun, 06 Sep 2026 17:18:50 GMT  mp3-sync=OK
  206  L15 n37  bytes 0-3/91584  Last-Modified: Sun, 06 Sep 2026 17:18:52 GMT  mp3-sync=OK

3/3 clips verified HTTP 200/206 with fresh audio.
