
=== RE-NARRATION (changed narrated text only) ===
backup: C:\Users\tshau\Documents\Study Vault\scripts\_sweeps\voice\it-ocr_backup.json
unit:   it-ocr / voice-pass
run: 2026-09-06T17:20:09Z  mode: LIVE

4 lessons, 5 clips to regenerate

  L01 (Ollie)  Design Tools for IT Solutions
      n17: Key Fact . A flow chart uses four standard shapes: ovals (start/end), rectangles (process), diamonds (decision
             -> 210 KB, 17.9s, uploaded
      manifest updated (27 entries)
  L12 (Ada)  User Interaction Methods and Digital Interactivity
      n2: Every time you tap a screen, speak a command, click a mouse button or press a key, you are using an interactio
             -> 364 KB, 31.1s, uploaded
      manifest updated (22 entries)
  L10 (Ada)  Operating Systems and Digital Platforms
      n3: This topic is not covered in the coursework units — which means students who revise only from their NEA projec
             -> 200 KB, 17.1s, uploaded
      manifest updated (25 entries)
  L09 (Ollie)  Hardware Considerations for Designing Interfaces
      n10: This distinction is a common source of lost marks. Many students confuse memory and storage, or use the two wo
             -> 119 KB, 10.1s, uploaded
      n13: Many students write about “memory” when they mean storage, and vice versa. A question such as “Explain how RAM
             -> 271 KB, 23.1s, uploaded
      manifest updated (24 entries)

Regenerated 5 clips.

=== VERIFY (ranged GET + freshness) ===
  206  L01 n17  bytes 0-3/214848  Last-Modified: Sun, 06 Sep 2026 17:20:15 GMT  mp3-sync=OK
  206  L12 n2  bytes 0-3/372960  Last-Modified: Sun, 06 Sep 2026 17:20:20 GMT  mp3-sync=OK
  206  L10 n3  bytes 0-3/205056  Last-Modified: Sun, 06 Sep 2026 17:20:23 GMT  mp3-sync=OK
  206  L09 n10  bytes 0-3/121536  Last-Modified: Sun, 06 Sep 2026 17:20:26 GMT  mp3-sync=OK
  206  L09 n13  bytes 0-3/277056  Last-Modified: Sun, 06 Sep 2026 17:20:30 GMT  mp3-sync=OK

5/5 clips verified HTTP 200/206 with fresh audio.
