
=== RE-NARRATION (changed narrated text only) ===
backup: C:\Users\tshau\Documents\Study Vault\scripts\_sweeps\voice\music-edexcel_backup.json
unit:   music-edexcel / voice-pass
run: 2026-09-06T17:12:24Z  mode: LIVE

2 lessons, 4 clips to regenerate

  L01 (Ollie)  Vocal Music: Meeting Purcell and Queen
      n4: Exam tip for this whole area of study: always be ready to compare, not just describe. A strong answer says how
             -> 181 KB, 15.5s, uploaded
      n22: Keep both pieces in mind as a pair throughout this area of study. Every element you study next — melody, harmo
             -> 218 KB, 18.6s, uploaded
      manifest updated (22 entries)
  L01 (Ollie)  Fusions: What Fusion Music Means — Afro Celt Sound System and Esperanza Spalding
      n10: The production itself is a fusion ingredient in its own right. Studio techniques such as looping, sampling and
             -> 282 KB, 24.1s, uploaded
      n17: Whatever fusion extract you meet in the exam, name specific ingredients rather than give vague impressions. Th
             -> 152 KB, 13.0s, uploaded
      manifest updated (30 entries)

Regenerated 4 clips.

=== VERIFY (ranged GET + freshness) ===
  206  L01 n4  bytes 0-3/185760  Last-Modified: Sun, 06 Sep 2026 17:12:29 GMT  mp3-sync=OK
  206  L01 n22  bytes 0-3/223200  Last-Modified: Sun, 06 Sep 2026 17:12:33 GMT  mp3-sync=OK
  206  L01 n10  bytes 0-3/289152  Last-Modified: Sun, 06 Sep 2026 17:12:37 GMT  mp3-sync=OK
  206  L01 n17  bytes 0-3/156096  Last-Modified: Sun, 06 Sep 2026 17:12:40 GMT  mp3-sync=OK

4/4 clips verified HTTP 200/206 with fresh audio.
