
=== RE-NARRATION (changed narrated text only) ===
backup: C:\Users\tshau\Documents\Study Vault\scripts\_sweeps\voice\music-eduqas_backup.json
unit:   music-eduqas / voice-pass
run: 2026-09-06T17:12:42Z  mode: LIVE

5 lessons, 8 clips to regenerate

  L02 (Ada)  Musical Devices and Cadences: The Composer's Toolkit
      n31: In your listening exam, always name the cadence type and describe how it sounds (final, unfinished, surprising
             -> 169 KB, 14.4s, uploaded
      manifest updated (31 entries)
  L02 (Ada)  Jazz and Blues Ensembles: Roles, Riffs and Improvisation
      n16: Key idea: improvisation is not random. Soloists invent new melodies that still fit the chord changes underneat
             -> 155 KB, 13.2s, uploaded
      n27: Key idea: swing feel (uneven, long-short quavers) and call and response (musical question-and-answer phrasing)
             -> 157 KB, 13.4s, uploaded
      manifest updated (30 entries)
  L02 (Ada)  Bhangra and Fusion: Dhol, Chaal and Cross-Cultural Production
      n17: When these instruments are combined with Western pop or dance production, the resulting texture is often descr
             -> 338 KB, 28.8s, uploaded
      manifest updated (28 entries)
  L02 (Ada)  Film Music: Creating Mood, Time and Place
      n24: In your listening exam, listen for the overall shape of an extract: does it build steadily towards one climact
             -> 233 KB, 19.9s, uploaded
      manifest updated (29 entries)
  L03 (Ollie)  Film Music: Writing About an Unfamiliar Cue and Composing to a Brief
      n6: Structure your written answer to match this timeline. Instead of ‘the music uses strings and gets louder’, wri
             -> 259 KB, 22.1s, uploaded
      n10: Specific, evidenced observations count for far more than general statements. ‘The music is scary’ earns nothin
             -> 488 KB, 41.6s, uploaded
      n16: Every choice needs a reason attached to the brief. Do not simply state ‘I would use fast tempo and loud dynami
             -> 296 KB, 25.3s, uploaded
      manifest updated (25 entries)

Regenerated 8 clips.

=== VERIFY (ranged GET + freshness) ===
  206  L02 n31  bytes 0-3/173376  Last-Modified: Sun, 06 Sep 2026 17:12:48 GMT  mp3-sync=OK
  206  L02 n16  bytes 0-3/158400  Last-Modified: Sun, 06 Sep 2026 17:12:50 GMT  mp3-sync=OK
  206  L02 n27  bytes 0-3/160704  Last-Modified: Sun, 06 Sep 2026 17:12:53 GMT  mp3-sync=OK
  206  L02 n17  bytes 0-3/345600  Last-Modified: Sun, 06 Sep 2026 17:12:57 GMT  mp3-sync=OK
  206  L02 n24  bytes 0-3/238176  Last-Modified: Sun, 06 Sep 2026 17:13:01 GMT  mp3-sync=OK
  206  L03 n6  bytes 0-3/265536  Last-Modified: Sun, 06 Sep 2026 17:13:05 GMT  mp3-sync=OK
  206  L03 n10  bytes 0-3/499680  Last-Modified: Sun, 06 Sep 2026 17:13:12 GMT  mp3-sync=OK
  206  L03 n16  bytes 0-3/303552  Last-Modified: Sun, 06 Sep 2026 17:13:16 GMT  mp3-sync=OK

8/8 clips verified HTTP 200/206 with fresh audio.
