
=== RE-NARRATION (changed narrated text only) ===
backup: C:\Users\tshau\Documents\Study Vault\scripts\_sweeps\voice\physical-education-ocr_backup.json
unit:   physical-education-ocr / voice-pass
run: 2026-09-06T17:16:14Z  mode: LIVE

4 lessons, 4 clips to regenerate

  L03 (Ollie)  Muscles and Antagonistic Pairs
      n11: A very common error in exams is to name a single muscle as ‘the agonist’ without specifying the joint, the dir
             -> 422 KB, 36.0s, uploaded
      manifest updated (12 entries)
  L06 (Ada)  Characteristics and Classification of Skill
      n23: On any skill classification question, simply writing “it is an open skill” earns no marks. The justification m
             -> 484 KB, 41.3s, uploaded
      manifest updated (24 entries)
  L12 (Ada)  Methods of Training
      n11: Many students assume interval training is always anaerobic because of the repeated high-intensity efforts. In 
             -> 442 KB, 37.7s, uploaded
      manifest updated (23 entries)
  L08 (Ada)  Mental Preparation Techniques
      n20: OCR’s sports psychology unit covers the four techniques above and no more in this section. The following topic
             -> 468 KB, 39.9s, uploaded
      manifest updated (21 entries)

Regenerated 4 clips.

=== VERIFY (ranged GET + freshness) ===
  206  L03 n11  bytes 0-3/432000  Last-Modified: Sun, 06 Sep 2026 17:16:23 GMT  mp3-sync=OK
  206  L06 n23  bytes 0-3/495648  Last-Modified: Sun, 06 Sep 2026 17:16:30 GMT  mp3-sync=OK
  206  L12 n11  bytes 0-3/452160  Last-Modified: Sun, 06 Sep 2026 17:16:37 GMT  mp3-sync=OK
  206  L08 n20  bytes 0-3/479232  Last-Modified: Sun, 06 Sep 2026 17:16:44 GMT  mp3-sync=OK

4/4 clips verified HTTP 200/206 with fresh audio.
