
=== RE-NARRATION (changed narrated text only) ===
backup: C:\Users\tshau\Documents\Study Vault\scripts\_sweeps\voice\physical-education-aqa_backup.json
unit:   physical-education-aqa / voice-pass
run: 2026-09-06T17:15:50Z  mode: LIVE

2 lessons, 4 clips to regenerate

  L17 (Ollie)  Interpreting Data on Participation and Performance
      n11: The inference (what the data means) earns more credit than simply reading off a figure. A reliable method for 
             -> 503 KB, 42.9s, uploaded
      n17: A very common error on 4-mark interpret-data questions is simply copying numbers from the table or graph: “Sch
             -> 388 KB, 33.1s, uploaded
      n22: The four-step interpret method: Read → Compare → Calculate → Explain. Credit goes to the sporting/wellbeing in
             -> 114 KB, 9.7s, uploaded
      manifest updated (23 entries)
  L01 (Ollie)  Skill, Ability and the Classification of Skills
      n6: Skills are not simply “good” or “bad” — they vary across four dimensions. Each dimension is best understood as
             -> 208 KB, 17.7s, uploaded
      manifest updated (26 entries)

Regenerated 4 clips.

=== VERIFY (ranged GET + freshness) ===
  206  L17 n11  bytes 0-3/514944  Last-Modified: Sun, 06 Sep 2026 17:16:00 GMT  mp3-sync=OK
  206  L17 n17  bytes 0-3/397152  Last-Modified: Sun, 06 Sep 2026 17:16:06 GMT  mp3-sync=OK
  206  L17 n22  bytes 0-3/116352  Last-Modified: Sun, 06 Sep 2026 17:16:08 GMT  mp3-sync=OK
  206  L01 n6  bytes 0-3/212544  Last-Modified: Sun, 06 Sep 2026 17:16:12 GMT  mp3-sync=OK

4/4 clips verified HTTP 200/206 with fresh audio.
