
=== RE-NARRATION (changed narrated text only) ===
backup: C:\Users\tshau\Documents\Study Vault\scripts\_sweeps\voice\psychology-ocr_backup.json
unit:   psychology-ocr / voice-pass
run: 2026-09-06T17:25:51Z  mode: LIVE

3 lessons, 3 clips to regenerate

  L04 (Ada)  Punishment, Deterrents and Rehabilitation
      n12: Key Fact . The specification names three types of punishment/deterrent: prisons, community sentences and fines
             -> 165 KB, 14.1s, uploaded
      manifest updated (25 entries)
  L03 (Ollie)  Doing Research: Experiments, Self-Report and Observations
      n24: The right choice always depends on the research question. A topic needing strict control, such as testing a pr
             -> 413 KB, 35.2s, uploaded
      manifest updated (29 entries)
  L05 (Ollie)  Descriptive Statistics, Graphs, Reliability and Validity
      n12: OCR expects you to use basic maths confidently, not just recall it. A ratio compares quantities directly — for
             -> 390 KB, 33.2s, uploaded
      manifest updated (29 entries)

Regenerated 3 clips.

=== VERIFY (ranged GET + freshness) ===
  206  L04 n12  bytes 0-3/169344  Last-Modified: Sun, 06 Sep 2026 17:25:56 GMT  mp3-sync=OK
  206  L03 n24  bytes 0-3/422496  Last-Modified: Sun, 06 Sep 2026 17:26:03 GMT  mp3-sync=OK
  206  L05 n12  bytes 0-3/398880  Last-Modified: Sun, 06 Sep 2026 17:26:08 GMT  mp3-sync=OK

3/3 clips verified HTTP 200/206 with fresh audio.
