
=== RE-NARRATION (changed narrated text only) ===
backup: C:\Users\tshau\Documents\Study Vault\scripts\_sweeps\voice\religious-studies-ocr_backup.json
unit:   religious-studies-ocr / voice-pass
run: 2026-09-06T17:20:32Z  mode: LIVE

5 lessons, 5 clips to regenerate

  L03 (Ollie)  Festivals and Jihad
      n19: The mainstream Islamic scholarly tradition (including bodies such as Al-Azhar University) holds that armed Jih
             -> 445 KB, 38.0s, uploaded
      manifest updated (24 entries)
  L01 (Ollie)  The Question of God and the Problem of Evil
      n22: Humanists respond to suffering by emphasising human responsibility: rather than praying for divine interventio
             -> 345 KB, 29.4s, uploaded
      manifest updated (28 entries)
  L01 (Ollie)  Worship, Sacraments and Prayer
      n9: Key Fact . The specification names five worship traditions: Anglican Communion service (liturgical), Roman Cat
             -> 253 KB, 21.6s, uploaded
      manifest updated (31 entries)
  L01 (Ollie)  The Five Pillars, the Ten Obligatory Acts and Worship
      n23: Both traditions share the same core practices — prayer, fasting, almsgiving and pilgrimage. The Shi’a Ten Obli
             -> 457 KB, 39.0s, uploaded
      manifest updated (38 entries)
  L03 (Ollie)  Experiencing God: Revelation and Miracles
      n14: Key Fact . Saul’s conversion (Acts 9:1–6) is the specification’s named example of a conversion experience. He 
             -> 233 KB, 19.9s, uploaded
      manifest updated (26 entries)

Regenerated 5 clips.

=== VERIFY (ranged GET + freshness) ===
  206  L03 n19  bytes 0-3/455616  Last-Modified: Sun, 06 Sep 2026 17:20:41 GMT  mp3-sync=OK
  206  L01 n22  bytes 0-3/352800  Last-Modified: Sun, 06 Sep 2026 17:20:46 GMT  mp3-sync=OK
  206  L01 n9  bytes 0-3/258912  Last-Modified: Sun, 06 Sep 2026 17:20:51 GMT  mp3-sync=OK
  206  L01 n23  bytes 0-3/468000  Last-Modified: Sun, 06 Sep 2026 17:20:58 GMT  mp3-sync=OK
  206  L03 n14  bytes 0-3/238176  Last-Modified: Sun, 06 Sep 2026 17:21:01 GMT  mp3-sync=OK

5/5 clips verified HTTP 200/206 with fresh audio.
