
=== RE-NARRATION (changed narrated text only) ===
backup: C:\Users\tshau\Documents\Study Vault\scripts\_sweeps\voice\separate-sciences-edexcel_backup.json
unit:   separate-sciences-edexcel / voice-pass
run: 2026-09-06T17:26:38Z  mode: LIVE

3 lessons, 3 clips to regenerate

  L08 (Ada)  Medicines, Monoclonal Antibodies and Lifestyle Disease
      n17: The relationship between obesity and disease is a correlation, not a simple linear cause. Obesity raises the r
             -> 391 KB, 33.3s, uploaded
      manifest updated (28 entries)
  L08 (Ada)  Ecosystems, Biodiversity and Material Cycles
      n9: Key Fact . Quadrats are used to estimate the abundance or percentage cover of species in a habitat, using rand
             -> 253 KB, 21.6s, uploaded
      manifest updated (26 entries)
  L01 (Ollie)  Rates of Reaction and Collision Theory
      n22: Key Fact . Both core practical methods require clear identification of: independent variable (what you change)
             -> 204 KB, 17.4s, uploaded
      manifest updated (30 entries)

Regenerated 3 clips.

=== VERIFY (ranged GET + freshness) ===
  206  L08 n17  bytes 0-3/400032  Last-Modified: Sun, 06 Sep 2026 17:26:45 GMT  mp3-sync=OK
  206  L08 n9  bytes 0-3/258912  Last-Modified: Sun, 06 Sep 2026 17:26:50 GMT  mp3-sync=OK
  206  L01 n22  bytes 0-3/209376  Last-Modified: Sun, 06 Sep 2026 17:26:53 GMT  mp3-sync=OK

3/3 clips verified HTTP 200/206 with fresh audio.
