
=== RE-NARRATION (changed narrated text only) ===
backup: C:\Users\tshau\Documents\Study Vault\scripts\_sweeps\voice\spanish-aqa_backup.json
unit:   spanish-aqa / voice-pass
run: 2026-09-06T16:53:22Z  mode: LIVE

13 lessons, 19 clips to regenerate

  L02 (Ada)  Music, Film and Television
      n3: In this lesson, you will learn the vocabulary for different types of music, film and TV genres, how to express
             -> 130 KB, 11.1s, uploaded
      manifest updated (30 entries)
  L10 (Ada)  School Rules, Homework and Future Plans
      n17: The simple future tense is formed by adding endings to the infinitive. This is a higher-level structure that l
             -> 90 KB, 7.7s, uploaded
      n28: Key Fact . In writing tasks, using both the near future ( voy a + infinitive ) AND the simple future tense ( e
             -> 238 KB, 20.3s, uploaded
      manifest updated (33 entries)
  L07 (Ollie)  Drugs, Smoking and Alcohol
      n20: Using these structures in your writing shows that you can handle impersonal constructions , which is a higher-
             -> 129 KB, 11.0s, uploaded
      n21: Key Fact . The text “Fumar sigue siendo un problema grave entre los jóvenes” (Smoking continues to be a seriou
             -> 227 KB, 19.4s, uploaded
      manifest updated (29 entries)
  L04 (Ada)  Weather and Holiday Activities
      n17: Key Fact . The past continuous is very useful for scene-setting in writing: “Estaba tomando el sol en la playa
             -> 204 KB, 17.4s, uploaded
      manifest updated (22 entries)
  L03 (Ollie)  Sport and Exercise
      n19: Key Fact . To reach higher mark bands, use connectives and complex structures: “Hago deporte no solo porque es
             -> 251 KB, 21.5s, uploaded
      manifest updated (29 entries)
  L03 (Ollie)  Relationships and Marriage
      n8: Key Fact . In Spanish, casarse (to get married) is a reflexive verb. In the preterite: se casó (he/she got mar
             -> 244 KB, 20.8s, uploaded
      n20: Key Fact . The phrase si tuviera la oportunidad, me gustaría… (if I had the opportunity, I would like…) uses t
             -> 223 KB, 19.0s, uploaded
      n23: Notice how this model paragraph uses the conditional tense ( me gustaría , sería , viviría ), a si clause ( si
             -> 248 KB, 21.1s, uploaded
      manifest updated (28 entries)
  L08 (Ada)  The Environment and Global Issues
      n20: This model shows three tenses in one paragraph: present ( hacemos ), preterite ( hicimos, plantamos ), and nea
             -> 156 KB, 13.3s, uploaded
      manifest updated (26 entries)
  L04 (Ada)  Eating Out and Restaurant Conversations
      n8: Key Fact . To order in a restaurant, use: “Para mí…” (For me…), “Quisiera…” (I would like…), or “Me gustaría…”
             -> 206 KB, 17.6s, uploaded
      manifest updated (33 entries)
  L04 (Ada)  Healthy Living and Lifestyle
      n22: This model uses the present tense ( como, bebo, hago ), modal verbs ( debo admitir, debería dormir ), the impe
             -> 256 KB, 21.8s, uploaded
      manifest updated (27 entries)
  L01 (Ollie)  Free-Time Activities and Hobbies
      n21: Key Fact . To lift your writing, vary your opinion phrases. Instead of always writing “me gusta,” use alternat
             -> 206 KB, 17.6s, uploaded
      n23: Using adverbios de frecuencia (frequency adverbs) adds detail to your answers and shows you can vary your lang
             -> 86 KB, 7.4s, uploaded
      manifest updated (32 entries)
  L02 (Ada)  Accommodation and Hotels
      n9: Key Fact . Use quisiera (I would like) for polite requests in role-plays. It is more formal than quiero (I wan
             -> 124 KB, 10.6s, uploaded
      n18: Key Fact . In role-play tasks about hotel problems, always use polite language such as quisiera and por favor 
             -> 156 KB, 13.3s, uploaded
      manifest updated (23 entries)
  L05 (Ollie)  Technology and Social Media
      n14: Key Fact . Use por un lado… por otro lado… (on one hand… on the other hand…) to structure a balanced argument 
             -> 145 KB, 12.4s, uploaded
      manifest updated (26 entries)
  L05 (Ollie)  Food, Drink and Mealtimes
      n13: Being able to express what you like and dislike eating is essential. You need to go beyond me gusta and use a 
             -> 111 KB, 9.5s, uploaded
      manifest updated (31 entries)

Regenerated 19 clips.

=== VERIFY (ranged GET + freshness) ===
  206  L02 n3  bytes 0-3/133632  Last-Modified: Sun, 06 Sep 2026 16:53:26 GMT  mp3-sync=OK
  206  L10 n17  bytes 0-3/92160  Last-Modified: Sun, 06 Sep 2026 16:53:27 GMT  mp3-sync=OK
  206  L10 n28  bytes 0-3/243936  Last-Modified: Sun, 06 Sep 2026 16:53:28 GMT  mp3-sync=OK
  206  L07 n20  bytes 0-3/132192  Last-Modified: Sun, 06 Sep 2026 16:53:28 GMT  mp3-sync=OK
  206  L07 n21  bytes 0-3/232704  Last-Modified: Sun, 06 Sep 2026 16:53:29 GMT  mp3-sync=OK
  206  L04 n17  bytes 0-3/209088  Last-Modified: Sun, 06 Sep 2026 16:53:31 GMT  mp3-sync=OK
  206  L03 n19  bytes 0-3/257472  Last-Modified: Sun, 06 Sep 2026 16:53:35 GMT  mp3-sync=OK
  206  L03 n8  bytes 0-3/249984  Last-Modified: Sun, 06 Sep 2026 16:53:36 GMT  mp3-sync=OK
  206  L03 n20  bytes 0-3/228384  Last-Modified: Sun, 06 Sep 2026 16:53:37 GMT  mp3-sync=OK
  206  L03 n23  bytes 0-3/253728  Last-Modified: Sun, 06 Sep 2026 16:53:39 GMT  mp3-sync=OK
  206  L08 n20  bytes 0-3/159264  Last-Modified: Sun, 06 Sep 2026 16:53:40 GMT  mp3-sync=OK
  206  L04 n8  bytes 0-3/211392  Last-Modified: Sun, 06 Sep 2026 16:53:42 GMT  mp3-sync=OK
  206  L04 n22  bytes 0-3/262080  Last-Modified: Sun, 06 Sep 2026 16:53:44 GMT  mp3-sync=OK
  206  L01 n21  bytes 0-3/211392  Last-Modified: Sun, 06 Sep 2026 16:53:45 GMT  mp3-sync=OK
  206  L01 n23  bytes 0-3/88416  Last-Modified: Sun, 06 Sep 2026 16:53:47 GMT  mp3-sync=OK
  206  L02 n9  bytes 0-3/127296  Last-Modified: Sun, 06 Sep 2026 16:53:48 GMT  mp3-sync=OK
  206  L02 n18  bytes 0-3/159840  Last-Modified: Sun, 06 Sep 2026 16:53:49 GMT  mp3-sync=OK
  206  L05 n14  bytes 0-3/148896  Last-Modified: Sun, 06 Sep 2026 16:53:50 GMT  mp3-sync=OK
  206  L05 n13  bytes 0-3/114048  Last-Modified: Sun, 06 Sep 2026 16:53:51 GMT  mp3-sync=OK

19/19 clips verified HTTP 200/206 with fresh audio.
