
=== RE-NARRATION (changed narrated text only) ===
backup: C:\Users\tshau\Documents\Study Vault\scripts\_sweeps\voice\statistics-aqa_backup.json
unit:   statistics-aqa / voice-pass
run: 2026-09-06T17:23:50Z  mode: LIVE

3 lessons, 3 clips to regenerate

  L04 (Ada)  Sampling Methods and Stratification
      n9: However, any conclusions drawn from such samples must be clearly caveated: they may not apply to the wider pop
             -> 164 KB, 14.0s, uploaded
      manifest updated (35 entries)
  L04 (Ada)  The Statistical Enquiry Cycle: Reviewing the Whole Investigation
      n16: Evaluation is not about listing everything that went well — it is about identifying specific weaknesses and su
             -> 179 KB, 15.3s, uploaded
      manifest updated (41 entries)
  L01 (Ollie)  Correlation, Causation and the Vocabulary of Association
      n23: The correct language is: “There is a strong positive correlation between X and Y. This suggests X and Y are as
             -> 229 KB, 19.5s, uploaded
      manifest updated (36 entries)

Regenerated 3 clips.

=== VERIFY (ranged GET + freshness) ===
  206  L04 n9  bytes 0-3/167904  Last-Modified: Sun, 06 Sep 2026 17:23:55 GMT  mp3-sync=OK
  206  L04 n16  bytes 0-3/183744  Last-Modified: Sun, 06 Sep 2026 17:23:58 GMT  mp3-sync=OK
  206  L01 n23  bytes 0-3/234144  Last-Modified: Sun, 06 Sep 2026 17:24:02 GMT  mp3-sync=OK

3/3 clips verified HTTP 200/206 with fresh audio.
