=== APPLY EDITS food-preparation-and-nutrition-eduqas/food-science-and-nutrition  31 edits  LIVE  2026-09-04T16:31:21.923Z
  ok   #0 L1.content_html [MEDIUM] F1: Bottom-shelf storage prevents raw juices dripping onto other foods.
  ok   #1 L1.flashcard_questions[2].a [MEDIUM] F1: Corrects the direction of the drip-contamination risk.
  ok   #2 L1.practice_questions[5].marks [MEDIUM] F1: Corrects the practice answer key's description of where raw-meat juices can contaminate food.
  PATCH L1: content_html, flashcard_questions, practice_questions
  ok   #3 L2.content_html [MEDIUM] F2: The listed groups contain twelve named items.
  ok   #4 L2.conclusion_html [MEDIUM] F2: The conclusion lists twelve named items.
  PATCH L2: content_html, conclusion_html
  ok   #5 L4.content_html [MEDIUM] F3: Vitamin B12 is a water-soluble exception with substantial body stores.
  ok   #6 L4.content_html [MEDIUM] F3: Avoids incorrectly including vitamin B12 in an absolute claim.
  ok   #7 L4.conclusion_html [MEDIUM] F3: Vitamin B12 is an exception to the stated rule.
  ok   #8 L4.content_html [HIGH] F4: Pernicious anaemia is an autoimmune cause of B12 deficiency, not its general consequence.
  ok   #9 L4.content_html [HIGH] F4: Corrects the B12 deficiency condition.
  ok   #10 L4.conclusion_html [HIGH] F4: Pernicious anaemia describes a cause of B12 deficiency.
  PATCH L4: content_html, conclusion_html
  ok   #11 L5.content_html [MEDIUM] F5: Removes an extra life-stage category not named by the specification.
  ok   #12 L5.content_html [MEDIUM] F6: UK calcium values differ by sex in this age group.
  ok   #13 L5.content_html [MEDIUM] F6: Adds the correct sex-specific calcium values.
  ok   #14 L5.conclusion_html [MEDIUM] F6: Corrects the over-generalised teenage calcium value.
  ok   #15 L5.practice_questions[2].marks [MEDIUM] F6: Corrects the practice answer key's calcium values.
  ok   #16 L5.knowledge_checks[3].q [MEDIUM] F6: The available correct option is the value for teenage boys.
  ok   #17 L5.flashcard_questions[7].q [MEDIUM] F6: Specifies the group to which the 1,000 mg value applies.
  ok   #18 L5.content_html [MEDIUM] F7: Aligns the advice with current UK guidance.
  ok   #19 L5.conclusion_html [MEDIUM] F7: The universal autumn-and-winter advice applies to older adults too.
  ok   #20 L5.knowledge_checks[4].right[2] [MEDIUM] F7: Avoids an unsupported age-only year-round recommendation.
  ok   #21 L5.flashcard_questions[8].q [MEDIUM] F7: Calcium is not universally recommended as a supplement for this age group.
  ok   #22 L5.flashcard_questions[8].a [MEDIUM] F7: Gives the current autumn-and-winter vitamin D advice.
  ok   #23 L5.content_html [MEDIUM] F8: Iron stores are accumulated in utero, not in breast milk.
  ok   #24 L5.practice_questions[3].marks [MEDIUM] F8: Corrects the practice answer key's source of infant iron stores.
  PATCH L5: content_html, conclusion_html, practice_questions, knowledge_checks, flashcard_questions
  ok   #25 L7.content_html [MEDIUM] F9: A low-fat claim is threshold-based, not necessarily comparative.
  PATCH L7: content_html
  ok   #26 L8.content_html [MEDIUM] F10: Cast iron retains heat but is not an especially even heat conductor.
  PATCH L8: content_html
  ok   #27 L9.description [MEDIUM] F11: The lesson covers twelve named items.
  ok   #28 L9.content_html [MEDIUM] F11: The specification list contains twelve items.
  ok   #29 L9.content_html [MEDIUM] F11: The following list contains twelve items.
  ok   #30 L9.conclusion_html [MEDIUM] F11: The conclusion lists twelve items.
  PATCH L9: description, content_html, conclusion_html
=== 31 applied, 0 skipped, 7 lessons / 17 fields changed
