
=== RE-NARRATION (changed narrated text only) ===
backup: C:\Users\tshau\Documents\Study Vault\scripts\_retrofc\units\music-technology__daw\_backup.json
unit:   music-technology / daw
run: 2026-09-06T16:43:27Z  mode: LIVE

3 lessons, 6 clips to regenerate

  L01 (Ollie)  DAW Hardware Components
      n2: A DAW means the hardware and the software together: the computer and the devices plugged into it, plus the pro
             -> 152 KB, 13.0s, uploaded
      manifest updated (42 entries)
  L02 (Ada)  DAW Software Functions
      n37: This lesson covers a lot of terminology. In the exam, you may be asked to describe a specific function (e.g. “
             -> 381 KB, 32.5s, uploaded
      manifest updated (41 entries)
  L03 (Ollie)  Creating Audio with a DAW & Health and Safety
      n28: Displays and workstations — staring at computer screens for extended periods causes eye strain , headaches and
             -> 137 KB, 11.7s, uploaded
      n29: Slip, trip and fall hazards — cables running across the floor, equipment cases and cluttered spaces can cause 
             -> 122 KB, 10.4s, uploaded
      n31: Key Fact . Four studio hazards and their risks: noise (hearing loss), displays and workstations (eye strain, b
             -> 216 KB, 18.5s, uploaded
      n36: Displays and workstations — position screens at eye level, set the chair so your back is supported, adjust bri
             -> 176 KB, 15.0s, uploaded
      manifest updated (44 entries)

Regenerated 6 clips.

=== VERIFY (ranged GET + freshness) ===
  206  L01 n2  bytes 0-3/155808  Last-Modified: Sun, 06 Sep 2026 16:43:32 GMT  mp3-sync=OK
  206  L02 n37  bytes 0-3/390240  Last-Modified: Sun, 06 Sep 2026 16:43:38 GMT  mp3-sync=OK
  206  L03 n28  bytes 0-3/139968  Last-Modified: Sun, 06 Sep 2026 16:43:40 GMT  mp3-sync=OK
  206  L03 n29  bytes 0-3/124416  Last-Modified: Sun, 06 Sep 2026 16:43:42 GMT  mp3-sync=OK
  206  L03 n31  bytes 0-3/221472  Last-Modified: Sun, 06 Sep 2026 16:43:46 GMT  mp3-sync=OK
  206  L03 n36  bytes 0-3/179712  Last-Modified: Sun, 06 Sep 2026 16:43:48 GMT  mp3-sync=OK

6/6 clips verified HTTP 200/206 with fresh audio.
