=== APPLY EDITS religious-studies-aqa/theme-e-crime-punishment  19 edits  LIVE  2026-09-06T04:58:29.097Z
  ok   #0 L1.content_html [LOW] F12: sentence started with a lower-case 'the'.
  ok   #1 L1.content_html [MEDIUM] F4: 1 Timothy 6:10 reads 'a root of all kinds of evil' (NIV); 'the root of all evil' is the KJV. The quoted hy
  ok   #2 L1.knowledge_checks[0].q [MEDIUM] F4: stem must match the corrected verse.
  ok   #3 L1.flashcard_questions[5].q [MEDIUM] F4: stem must match the corrected verse.
  ok   #4 L1.practice_questions[1].text [HIGH] F1: the spec sets 1, 1, 4, 6 and 12 marks per theme; there is no 2-mark part, so a 1-mark question takes one p
  ok   #5 L1.practice_questions[1].marks [HIGH] F1: mark scheme rewritten to one mark for one point.
  ok   #6 L1.exam_tip_html [MEDIUM] F9: unevidenced claim about what examiners want.
  PATCH L1: content_html, knowledge_checks, flashcard_questions, practice_questions, exam_tip_html
  ok   #7 L2.content_html [MEDIUM] F7: the 1965 Act suspended the death penalty for murder in Great Britain; it was made permanent in 1969 and st
  ok   #8 L2.practice_questions[1].text [HIGH] F2: the spec sets 1, 1, 4, 6 and 12 marks per theme; there is no 2-mark part.
  ok   #9 L2.practice_questions[1].marks [HIGH] F2: mark scheme rewritten to one mark for one point.
  ok   #10 L2.knowledge_checks[3].options[3] [MEDIUM] F8: 'rehabilitation' is a synonym of the keyed answer 'reformation', so the item marked a defensible answer wr
  ok   #11 L2.exam_tip_html [MEDIUM] F10: unevidenced claim about how often the question is set.
  ok   #12 L2.practice_questions[3].marks [MEDIUM] F13: 5:45 states a ruling given to the Children of Israel in the Torah; the lesson body says so, the mark sche
  PATCH L2: content_html, practice_questions, knowledge_checks, exam_tip_html
  ok   #13 L3.content_html [MEDIUM] F5: the quotation was a composite; these are Gee Walker's documented words.
  ok   #14 L3.content_html [MEDIUM] F6: Anthony Walker was killed in Huyton, in the borough of Knowsley, Merseyside, not in Liverpool.
  ok   #15 L3.knowledge_checks[3].q [MEDIUM] F6: stem must match the corrected place.
  ok   #16 L3.content_html [MEDIUM] F11: the same lesson says reconciliation is not always possible, so forgiveness does not always lead to it.
  ok   #17 L3.exam_tip_html [MEDIUM] F9: unevidenced claim about what examiners want.
  ok   #18 L3.practice_questions[5].marks [HIGH] F3: 2 Corinthians is a letter of Paul, not a teaching of Jesus; and the Gee Walker quotation was a composite.
  PATCH L3: content_html, knowledge_checks, exam_tip_html, practice_questions
=== 19 applied, 0 skipped, 3 lessons / 13 fields changed
