
=== RE-NARRATION (changed narrated text only) ===
backup: C:\Users\tshau\Documents\Study Vault\scripts\_retrofc\units\religious-studies-aqa__theme-e-crime-punishment\_backup.json
unit:   religious-studies-aqa / theme-e-crime-punishment
run: 2026-09-06T04:58:32Z  mode: LIVE

3 lessons, 8 clips to regenerate

  L01 (Ollie)  Good, Evil & Reasons for Crime
      n7: People commit crimes for many different reasons. Understanding why crime occurs helps society respond appropri
             -> 189 KB, 16.1s, uploaded
      n10: Greed and hate: Some crimes are motivated by greed (wanting wealth or power) or hate (prejudice against a grou
             -> 290 KB, 24.7s, uploaded
      n21: For questions about reasons for crime, show that you understand the complexity of the issue. Do not simply lis
             -> 242 KB, 20.6s, uploaded
      manifest updated (25 entries)
  L02 (Ada)  Punishment: Aims, Types & the Death Penalty
      n12: The death penalty (capital punishment) is the most extreme form of punishment — the state-sanctioned execution
             -> 277 KB, 23.6s, uploaded
      n21: When writing about the death penalty, make sure you can explain both the principle of utility and the sanctity
             -> 277 KB, 23.6s, uploaded
      manifest updated (25 entries)
  L03 (Ollie)  Forgiveness & Corporal Punishment
      n11: Key Fact . Key contrast: Christianity teaches that forgiveness is unconditional — believers must forgive, even
             -> 283 KB, 24.1s, uploaded
      n15: Gee Walker: In 2005, Anthony Walker, a Black British teenager, was murdered in a racially motivated attack in 
             -> 401 KB, 34.2s, uploaded
      n19: For questions about forgiveness, show that you understand the tension between forgiveness and justice. Do not 
             -> 303 KB, 25.8s, uploaded
      manifest updated (23 entries)

Regenerated 8 clips.

=== VERIFY (ranged GET + freshness) ===
  206  L01 n7  bytes 0-3/193248  Last-Modified: Sun, 06 Sep 2026 04:58:44 GMT  mp3-sync=OK
  206  L01 n10  bytes 0-3/296928  Last-Modified: Sun, 06 Sep 2026 04:58:50 GMT  mp3-sync=OK
  206  L01 n21  bytes 0-3/247392  Last-Modified: Sun, 06 Sep 2026 04:58:55 GMT  mp3-sync=OK
  206  L02 n12  bytes 0-3/283680  Last-Modified: Sun, 06 Sep 2026 04:59:01 GMT  mp3-sync=OK
  206  L02 n21  bytes 0-3/283392  Last-Modified: Sun, 06 Sep 2026 04:59:06 GMT  mp3-sync=OK
  206  L03 n11  bytes 0-3/289728  Last-Modified: Sun, 06 Sep 2026 04:59:13 GMT  mp3-sync=OK
  206  L03 n15  bytes 0-3/410976  Last-Modified: Sun, 06 Sep 2026 04:59:21 GMT  mp3-sync=OK
  206  L03 n19  bytes 0-3/309888  Last-Modified: Sun, 06 Sep 2026 04:59:29 GMT  mp3-sync=OK

8/8 clips verified HTTP 200/206 with fresh audio.
