
=== RE-NARRATION (changed narrated text only) ===
backup: C:\Users\tshau\Documents\Study Vault\scripts\_retrofc\units\religious-studies-eduqas__hinduism\_backup.json
unit:   religious-studies-eduqas / hinduism
run: 2026-09-06T08:43:53Z  mode: LIVE

3 lessons, 7 clips to regenerate

  L01 (Ollie)  Brahman, Atman and the Hindu Gods
      n8: Hindu theology expresses the different functions of Brahman through a range of deities. The Trimurti is the th
             -> 211 KB, 18.0s, uploaded
      manifest updated (23 entries)
  L02 (Ada)  Puja, Pilgrimage and Hindu Rites of Passage
      n17: Mundan (Head-Shaving Ceremony) : In the early years of life, a child’s first hair is shaved. This is seen as r
             -> 182 KB, 15.5s, uploaded
      n21: When writing about Hindu worship or rites of passage, avoid describing what happens without explaining the rel
             -> 330 KB, 28.1s, uploaded
      n25: Hindu rites of passage (samskaras) mark key life transitions: naming (Nam Samskar), head-shaving (Mundan), sac
             -> 207 KB, 17.6s, uploaded
      manifest updated (25 entries)
  L03 (Ollie)  Karma, Reincarnation, Varna and Hindu Festivals
      n13: Diwali (also spelled Divali) is often called the Festival of Lights. It is celebrated across South Asia and in
             -> 584 KB, 49.9s, uploaded
      n17: Key Fact . Holi has two origin stories: Holika and Prahlada (devotion to Vishnu conquers evil) and Krishna and
             -> 251 KB, 21.4s, uploaded
      n18: Questions about karma often invite students to explain both the concept and its implications for how Hindus li
             -> 373 KB, 31.8s, uploaded
      manifest updated (22 entries)

Regenerated 7 clips.

=== VERIFY (ranged GET + freshness) ===
  206  L01 n8  bytes 0-3/216000  Last-Modified: Sun, 06 Sep 2026 08:43:58 GMT  mp3-sync=OK
  206  L02 n17  bytes 0-3/186048  Last-Modified: Sun, 06 Sep 2026 08:44:01 GMT  mp3-sync=OK
  206  L02 n21  bytes 0-3/337536  Last-Modified: Sun, 06 Sep 2026 08:44:07 GMT  mp3-sync=OK
  206  L02 n25  bytes 0-3/211680  Last-Modified: Sun, 06 Sep 2026 08:44:10 GMT  mp3-sync=OK
  206  L03 n13  bytes 0-3/598176  Last-Modified: Sun, 06 Sep 2026 08:44:19 GMT  mp3-sync=OK
  206  L03 n17  bytes 0-3/257184  Last-Modified: Sun, 06 Sep 2026 08:44:24 GMT  mp3-sync=OK
  206  L03 n18  bytes 0-3/381888  Last-Modified: Sun, 06 Sep 2026 08:44:29 GMT  mp3-sync=OK

7/7 clips verified HTTP 200/206 with fresh audio.
