=== APPLY EDITS religious-studies/theme-e-crime-punishment  50 edits  LIVE  2026-09-18T10:40:34.556Z
  ok   #0 L1.content_html [LOW] F1: sentence started with a lower-case 'the'.
  ok   #1 L1.content_html [MEDIUM] F2: 1 Timothy 6:10 reads 'a root of all kinds of evil' (NIV); 'the root of all evil' is the KJV. The published
  ok   #2 L1.knowledge_checks[0].q [MEDIUM] F2: stem must match the corrected verse.
  ok   #3 L1.content_html [MEDIUM] F3: unevidenced claim about how often a topic is set; the question is named in the course content.
  ok   #4 L1.practice_questions[1].text [HIGH] F4: the spec sets one five-part question of 1, 1, 4, 6 and 12 marks per theme; there is no 2-mark part.
  ok   #5 L1.practice_questions[1].marks [HIGH] F4: mark scheme rewritten to one mark for one point.
  PATCH L1: content_html, knowledge_checks, practice_questions
  ok   #6 L2.content_html [MEDIUM] F5: the 1965 Act suspended the death penalty for murder for five years; Parliament made it permanent in 1969 a
  ok   #7 L2.content_html [MEDIUM] F6: 'banned in the UK' is too loose. State schools 1986; independent schools England and Wales 1998, Scotland 
  ok   #8 L2.content_html [MEDIUM] F7: unevidenced claim about how often a question is set.
  ok   #9 L2.content_html [MEDIUM] F7: unevidenced claim about what examiners test.
  ok   #10 L2.exam_tip_html [MEDIUM] F7: unevidenced claim about how often the question is set.
  ok   #11 L2.knowledge_checks[3].options[3] [MEDIUM] F8: 'rehabilitation' is a synonym of the keyed answer 'reformation', so the item marks a defensible answer wro
  ok   #12 L2.practice_questions[1].text [HIGH] F4: no 2-mark part exists in this paper.
  ok   #13 L2.practice_questions[1].marks [HIGH] F4: mark scheme rewritten to one mark for one point.
  ok   #14 L2.practice_questions[3].marks [MEDIUM] F9: 5:45 reports a ruling given to the Children of Israel in the Torah. The lesson body says so; the mark sche
  PATCH L2: content_html, exam_tip_html, knowledge_checks, practice_questions
  ok   #15 L3.content_html [MEDIUM] F10: the published sentence is a composite no source supports, put in the mouth of a living named person. Thes
  ok   #16 L3.content_html [MEDIUM] F11: Anthony Walker was killed in Huyton, in the borough of Knowsley, Merseyside, not in Liverpool.
  ok   #17 L3.knowledge_checks[3].q [MEDIUM] F11: stem must match the corrected place.
  ok   #18 L3.content_html [MEDIUM] F12: the same lesson says reconciliation is not always possible or safe, so forgiveness does not always lead t
  ok   #19 L3.practice_questions[5].marks [HIGH] F13: 2 Corinthians is a letter of Paul, not a saying of Jesus; and the Gee Walker quotation was a composite.
  PATCH L3: content_html, knowledge_checks, practice_questions
  ok   #20 L4.content_html [HIGH] F14: 'Pardon each other's faults and God will grant you honour' is not in the Qur'an. It is a hadith (Sahih Mu
  ok   #21 L4.practice_questions[5].marks [HIGH] F14: the saying is a hadith, not a Qur'an verse.
  ok   #22 L4.exam_tip_html [HIGH] F15: the spec sets 1, 1, 4, 6 and 12 marks per theme. There is no 5-mark part; the lesson's own practice quest
  ok   #23 L4.practice_questions[1].text [MEDIUM] F16: 'one ... beliefs' does not parse.
  ok   #24 L4.practice_questions[1].marks [HIGH] F4/F16: the question asks for one point and is labelled 1 mark, but the scheme awarded 2. There is no 2-mark p
  ok   #25 L4.flashcard_questions[3].q [HIGH] F17: the card was a broken cloze cut from the lesson text, opening with a stray closing quotation mark.
  ok   #26 L4.content_html [MEDIUM] F18: garbled auto-generated revision tip.
  ok   #27 L4.content_html [MEDIUM] F18: garbled auto-generated revision tip.
  PATCH L4: content_html, practice_questions, exam_tip_html, flashcard_questions
  ok   #28 L5.content_html [HIGH] F19: the 1965 Act covered murder only. Treason and piracy with violence kept the death penalty until the Crime
  ok   #29 L5.content_html [HIGH] F19: same date error in the key fact box.
  ok   #30 L5.conclusion_html [HIGH] F19: same date error in the takeaways.
  ok   #31 L5.knowledge_checks[0].q [HIGH] F19: the stem must say which abolition it means, or 1969 is wrong.
  ok   #32 L5.flashcard_questions[3].q [HIGH] F20: broken cloze cut from the lesson text; also carried the imprecise date claim.
  ok   #33 L5.flashcard_questions[4].q [HIGH] F20: broken cloze that began 'Key Fact'.
  ok   #34 L5.content_html [MEDIUM] F21: the sixteen-year average is unsourced and does not match published figures, which vary by year and by tar
  ok   #35 L5.content_html [MEDIUM] F22: Exodus 20:13 reads 'You shall not murder' (NIV, NRSV). Lesson 1 of this unit quotes it correctly; lesson 
  ok   #36 L5.conclusion_html [MEDIUM] F22: same misquotation in the takeaways.
  ok   #37 L5.knowledge_checks[4].left[0] [MEDIUM] F22: same misquotation in the matching item.
  ok   #38 L5.practice_questions[2].marks [MEDIUM] F22: same misquotation in the mark scheme.
  ok   #39 L5.practice_questions[5].marks [MEDIUM] F22/F23: Exodus 20:13 misquoted; the 5:32 wording matched no published translation.
  ok   #40 L5.practice_questions[4].marks [MEDIUM] F22/F24: Exodus 20:13 misquoted; 'Max L2' is a board level code a student cannot read; band name brought into 
  ok   #41 L5.practice_questions[3].marks [MEDIUM] F25/F26: Ezekiel 33:11 reads 'turn from their ways' (NIV); the unreferenced 'matter of the slain' quotation ma
  ok   #42 L5.content_html [MEDIUM] F25: Ezekiel 33:11 reads 'turn from their ways' (NIV).
  ok   #43 L5.content_html [MEDIUM] F27: the royal pardon was granted on 29 July 1993; the Court of Appeal quashed the conviction on 30 July 1998.
  ok   #44 L5.content_html [MEDIUM] F28: hudud punishments are fixed and cannot be waived by the victim's family. Blood money belongs to qisas, th
  ok   #45 L5.content_html [MEDIUM] F18: garbled auto-generated revision tip.
  ok   #46 L5.content_html [MEDIUM] F18: garbled auto-generated revision tip.
  ok   #47 L5.practice_questions[1].text [MEDIUM] F16: 'one reasons' does not parse.
  ok   #48 L5.practice_questions[1].marks [HIGH] F4: the question asks for one reason and is labelled 1 mark; the scheme offered two marks' worth of instructio
  ok   #49 L5.exam_tip_html [MEDIUM] F7: unevidenced claim about what examiners expect. The spec names both arguments, which is the checkable state
  PATCH L5: content_html, conclusion_html, knowledge_checks, flashcard_questions, practice_questions, exam_tip_html
=== 50 applied, 0 skipped, 5 lessons / 20 fields changed
