
=== RE-NARRATION (changed narrated text only) ===
backup: C:\Users\tshau\Documents\Study Vault\scripts\_retrofc\units\religious-studies@unity__theme-e-crime-punishment\_backup.json
unit:   religious-studies / theme-e-crime-punishment
run: 2026-09-18T10:40:38Z  mode: LIVE

5 lessons, 19 clips to regenerate

  L01 (Ollie)  Good, Evil & Reasons for Crime
      n7: People commit crimes for many different reasons. Understanding why crime occurs helps society respond appropri
             -> 189 KB, 16.1s, uploaded
      n10: Greed and hate: Some crimes are motivated by greed (wanting wealth or power) or hate (prejudice against a grou
             -> 290 KB, 24.7s, uploaded
      manifest updated (25 entries)
  L02 (Ada)  Punishment: Aims, Types & the Death Penalty
      n9: Corporal punishment means inflicting physical pain on the body — such as caning, flogging or beating. It is ba
             -> 357 KB, 30.5s, uploaded
      n12: The death penalty (capital punishment) is the most extreme form of punishment — the state-sanctioned execution
             -> 277 KB, 23.6s, uploaded
      n21: When writing about the death penalty, make sure you can explain both the principle of utility and the sanctity
             -> 277 KB, 23.6s, uploaded
      manifest updated (25 entries)
  L03 (Ollie)  Forgiveness & Corporal Punishment
      n11: Key Fact . Key contrast: Christianity teaches that forgiveness is unconditional — believers must forgive, even
             -> 283 KB, 24.1s, uploaded
      n15: Gee Walker: In 2005, Anthony Walker, a Black British teenager, was murdered in a racially motivated attack in 
             -> 401 KB, 34.2s, uploaded
      manifest updated (23 entries)
  L04 (Ada)  Forgiveness
      n14: Forgiveness from humans: Muslims believe that forgiving others stops evil from growing. The Qur’an teaches, “L
             -> 285 KB, 24.3s, uploaded
      n24: When answering questions on forgiveness, always include both Christian and Muslim perspectives with specific s
             -> 266 KB, 22.7s, uploaded
      manifest updated (28 entries)
  L05 (Ollie)  The Death Penalty
      n2: The death penalty (also called capital punishment) is when the state executes a person as punishment for a ser
             -> 294 KB, 25.1s, uploaded
      n4: Key Fact . The death penalty for murder was permanently abolished in the UK in 1969, and the last remaining cr
             -> 184 KB, 15.7s, uploaded
      n9: Protection — It is the only way to guarantee that the worst offenders can never reoffend. Life sentences do no
             -> 150 KB, 12.8s, uploaded
      n23: Most Christians believe only God has the right to take life. The Ten Commandments teach “You shall not murder”
             -> 294 KB, 25.1s, uploaded
      n24: The prophet Ezekiel wrote: “I take no pleasure in the death of the wicked, but rather that they turn from thei
             -> 214 KB, 18.2s, uploaded
      n29: Key Fact . Under Shari’ah law, the death penalty is a hudud punishment for some crimes, meaning the Qur’an set
             -> 232 KB, 19.8s, uploaded
      n33: Two famous UK cases highlight the problems with the death penalty. Derek Bentley was executed in 1953 for a mu
             -> 342 KB, 29.2s, uploaded
      n34: When answering questions on the death penalty, always include both religious and ethical arguments. For 4-mark
             -> 353 KB, 30.1s, uploaded
      n36: The death penalty for murder was permanently abolished in the UK in 1969, and it ended for all crimes in 1998.
             -> 230 KB, 19.6s, uploaded
      n38: Most Christians oppose the death penalty, citing Jesus’s teachings on forgiveness and the commandment “You sha
             -> 204 KB, 17.4s, uploaded
      manifest updated (38 entries)

Regenerated 19 clips.

=== VERIFY (ranged GET + freshness) ===
  206  L01 n7  bytes 0-3/193248  Last-Modified: Fri, 18 Sep 2026 10:40:41 GMT  mp3-sync=OK
  206  L01 n10  bytes 0-3/296928  Last-Modified: Fri, 18 Sep 2026 10:40:43 GMT  mp3-sync=OK
  206  L02 n9  bytes 0-3/365472  Last-Modified: Fri, 18 Sep 2026 10:40:49 GMT  mp3-sync=OK
  206  L02 n12  bytes 0-3/283680  Last-Modified: Fri, 18 Sep 2026 10:40:50 GMT  mp3-sync=OK
  206  L02 n21  bytes 0-3/283392  Last-Modified: Fri, 18 Sep 2026 10:40:51 GMT  mp3-sync=OK
  206  L03 n11  bytes 0-3/289728  Last-Modified: Fri, 18 Sep 2026 10:40:53 GMT  mp3-sync=OK
  206  L03 n15  bytes 0-3/410976  Last-Modified: Fri, 18 Sep 2026 10:40:54 GMT  mp3-sync=OK
  206  L04 n14  bytes 0-3/292032  Last-Modified: Fri, 18 Sep 2026 10:40:58 GMT  mp3-sync=OK
  206  L04 n24  bytes 0-3/272448  Last-Modified: Fri, 18 Sep 2026 10:41:03 GMT  mp3-sync=OK
  206  L05 n2  bytes 0-3/300672  Last-Modified: Fri, 18 Sep 2026 10:41:08 GMT  mp3-sync=OK
  206  L05 n4  bytes 0-3/188640  Last-Modified: Fri, 18 Sep 2026 10:41:11 GMT  mp3-sync=OK
  206  L05 n9  bytes 0-3/154080  Last-Modified: Fri, 18 Sep 2026 10:41:14 GMT  mp3-sync=OK
  206  L05 n23  bytes 0-3/301536  Last-Modified: Fri, 18 Sep 2026 10:41:19 GMT  mp3-sync=OK
  206  L05 n24  bytes 0-3/218880  Last-Modified: Fri, 18 Sep 2026 10:41:23 GMT  mp3-sync=OK
  206  L05 n29  bytes 0-3/237600  Last-Modified: Fri, 18 Sep 2026 10:41:26 GMT  mp3-sync=OK
  206  L05 n33  bytes 0-3/350496  Last-Modified: Fri, 18 Sep 2026 10:41:32 GMT  mp3-sync=OK
  206  L05 n34  bytes 0-3/361728  Last-Modified: Fri, 18 Sep 2026 10:41:38 GMT  mp3-sync=OK
  206  L05 n36  bytes 0-3/235008  Last-Modified: Fri, 18 Sep 2026 10:41:41 GMT  mp3-sync=OK
  206  L05 n38  bytes 0-3/208800  Last-Modified: Fri, 18 Sep 2026 10:41:45 GMT  mp3-sync=OK

19/19 clips verified HTTP 200/206 with fresh audio.
