=== APPLY EDITS english-literature-aqa/my-name-is-leon  111 edits  LIVE  2026-09-02T03:06:49.458Z
  ok   #0 L1.content_html [MEDIUM] F2: the Scarman report called Handsworth 1981 a copycat riot after Brixton and Toxteth; it was not sparked by 
  ok   #1 L1.content_html [HIGH] F1: the raids on Black-owned businesses are invented. The 1981 Handsworth riot ran 10-12 July (three days), wi
  ok   #2 L1.content_html [MEDIUM] F3: the sus law was a law (Vagrancy Act 1824), not a police operation. Operation Swamp 81 was the operation.
  ok   #3 L1.content_html [MEDIUM] F4: de Waal's own biography says fifteen years in criminal and family law, magistrate, adoption panels. 'Magis
  ok   #4 L1.content_html [HIGH] F5: the dedication is fabricated. The Penguin edition reads 'For Bethany and Luke'.
  ok   #5 L1.knowledge_checks[3].q [MEDIUM] F4: stem corrected; the answer 'care' is unchanged.
  ok   #6 L1.flashcard_questions[1].a [HIGH] F1: dates, duration and trigger corrected.
  ok   #7 L1.flashcard_questions[8].a [MEDIUM] F4: corrected to de Waal's own account of her career.
  ok   #8 L1.flashcard_questions[9].a [HIGH] F5: fabricated dedication replaced with the real one.
  ok   #9 L1.flashcard_questions[9].q [HIGH] F5: question matched to the corrected answer.
  ok   #10 L1.glossary_terms[1].definition [MEDIUM] F3: sus law was a law, not a police operation.
  ok   #11 L1.glossary_terms[6].term [MEDIUM] F4: de Waal was a magistrate.
  ok   #12 L1.glossary_terms[6].definition [MEDIUM] F4: the old definition described a defence lawyer, not a magistrate.
  ok   #69 L1.practice_questions[0].type [MEDIUM] F16: AQA 8702 Paper 2 Section A is one closed-book 30-mark modern-text essay (+4 SPaG); no extract is printed 
  ok   #70 L1.practice_questions[1].type [MEDIUM] F16: AQA 8702 Paper 2 Section A is one closed-book 30-mark modern-text essay (+4 SPaG); no extract is printed 
  ok   #71 L1.practice_questions[2].type [MEDIUM] F16: AQA 8702 Paper 2 Section A is one closed-book 30-mark modern-text essay (+4 SPaG); no extract is printed 
  ok   #72 L1.practice_questions[3].type [MEDIUM] F16: AQA 8702 Paper 2 Section A is one closed-book 30-mark modern-text essay (+4 SPaG); no extract is printed 
  ok   #73 L1.practice_questions[4].type [MEDIUM] F16: AQA 8702 Paper 2 Section A is one closed-book 30-mark modern-text essay (+4 SPaG); no extract is printed 
  ok   #74 L1.practice_questions[5].type [HIGH] F16: AQA 8702 Paper 2 Section A is one closed-book 30-mark modern-text essay (+4 SPaG); no extract is printed 
  PATCH L1: content_html, knowledge_checks, flashcard_questions, glossary_terms, practice_questions
  ok   #75 L2.practice_questions[0].type [MEDIUM] F16: AQA 8702 Paper 2 Section A is one closed-book 30-mark modern-text essay (+4 SPaG); no extract is printed 
  ok   #76 L2.practice_questions[1].type [MEDIUM] F16: AQA 8702 Paper 2 Section A is one closed-book 30-mark modern-text essay (+4 SPaG); no extract is printed 
  ok   #77 L2.practice_questions[2].type [MEDIUM] F16: AQA 8702 Paper 2 Section A is one closed-book 30-mark modern-text essay (+4 SPaG); no extract is printed 
  ok   #78 L2.practice_questions[3].type [HIGH] F16: AQA 8702 Paper 2 Section A is one closed-book 30-mark modern-text essay (+4 SPaG); no extract is printed 
  ok   #79 L2.practice_questions[4].type [MEDIUM] F16: AQA 8702 Paper 2 Section A is one closed-book 30-mark modern-text essay (+4 SPaG); no extract is printed 
  ok   #80 L2.practice_questions[5].type [MEDIUM] F16: AQA 8702 Paper 2 Section A is one closed-book 30-mark modern-text essay (+4 SPaG); no extract is printed 
  PATCH L2: practice_questions
  ok   #13 L3.content_html [HIGH] F6: Maureen is Leon's white foster carer. Tufty, the Black gardener at the allotments, is the one who gives Le
  ok   #14 L3.content_html [HIGH] F6: Maureen is white; the cultural link comes from Tufty. The old definition of 'diaspora' was also wrong.
  ok   #15 L3.glossary_terms[1].term [MEDIUM] F6: term matched to the corrected definition.
  ok   #16 L3.glossary_terms[1].definition [MEDIUM] F6: 'diaspora' means dispersed people, not any informal support network.
  ok   #17 L3.content_html [HIGH] F6: Maureen does not cook Caribbean food or speak Jamaican dialect; that material is invented.
  ok   #18 L3.content_html [HIGH] F7: the gardening happens at a community allotment Leon finds himself, not in a garden belonging to Maureen.
  ok   #19 L3.content_html [HIGH] F8: there are no continuing contact visits with Jake. Contact with Jake ends when he is adopted; the supervise
  ok   #20 L3.content_html [HIGH] F8: follows the correction above.
  ok   #21 L3.conclusion_html [HIGH] F6: Maureen is white and cannot supply cultural identity.
  ok   #22 L3.exam_tip_html [HIGH] F6: as above.
  ok   #23 L3.knowledge_checks[1].q [HIGH] F7: the allotment is not Maureen's garden.
  ok   #24 L3.knowledge_checks[2].q [HIGH] F6: the stem attributed Tufty's role to Maureen; the answer 'heritage' is unchanged.
  ok   #25 L3.flashcard_questions[4].a [HIGH] F6: Maureen is white.
  ok   #26 L3.flashcard_questions[6].a [HIGH] F6: as above.
  ok   #27 L3.flashcard_questions[7].q [HIGH] F6: Maureen does not do this.
  ok   #28 L3.flashcard_questions[7].a [HIGH] F6: as above.
  ok   #29 L3.flashcard_questions[12].q [HIGH] F7: the allotment is not Maureen's garden.
  ok   #30 L3.flashcard_questions[14].q [HIGH] F8: contact with Jake ends at the adoption.
  ok   #31 L3.flashcard_questions[14].a [HIGH] F8: as above.
  ok   #32 L3.practice_questions[4].text [MEDIUM] F8: the visits are with Carol, not Jake.
  ok   #81 L3.practice_questions[0].type [MEDIUM] F16: AQA 8702 Paper 2 Section A is one closed-book 30-mark modern-text essay (+4 SPaG); no extract is printed 
  ok   #82 L3.practice_questions[1].type [MEDIUM] F16: AQA 8702 Paper 2 Section A is one closed-book 30-mark modern-text essay (+4 SPaG); no extract is printed 
  ok   #83 L3.practice_questions[2].type [MEDIUM] F16: AQA 8702 Paper 2 Section A is one closed-book 30-mark modern-text essay (+4 SPaG); no extract is printed 
  ok   #84 L3.practice_questions[3].type [MEDIUM] F16: AQA 8702 Paper 2 Section A is one closed-book 30-mark modern-text essay (+4 SPaG); no extract is printed 
  ok   #85 L3.practice_questions[4].type [HIGH] F16: AQA 8702 Paper 2 Section A is one closed-book 30-mark modern-text essay (+4 SPaG); no extract is printed 
  ok   #86 L3.practice_questions[5].type [MEDIUM] F16: AQA 8702 Paper 2 Section A is one closed-book 30-mark modern-text essay (+4 SPaG); no extract is printed 
  PATCH L3: content_html, glossary_terms, conclusion_html, exam_tip_html, knowledge_checks, flashcard_questions, practice_questions
  ok   #33 L4.content_html [HIGH] F9: by the riot section Maureen has been taken into hospital and Leon has been moved to Sylvia's house.
  ok   #87 L4.practice_questions[0].type [MEDIUM] F16: AQA 8702 Paper 2 Section A is one closed-book 30-mark modern-text essay (+4 SPaG); no extract is printed 
  ok   #88 L4.practice_questions[1].type [MEDIUM] F16: AQA 8702 Paper 2 Section A is one closed-book 30-mark modern-text essay (+4 SPaG); no extract is printed 
  ok   #89 L4.practice_questions[2].type [MEDIUM] F16: AQA 8702 Paper 2 Section A is one closed-book 30-mark modern-text essay (+4 SPaG); no extract is printed 
  ok   #90 L4.practice_questions[3].type [MEDIUM] F16: AQA 8702 Paper 2 Section A is one closed-book 30-mark modern-text essay (+4 SPaG); no extract is printed 
  ok   #91 L4.practice_questions[4].type [HIGH] F16: AQA 8702 Paper 2 Section A is one closed-book 30-mark modern-text essay (+4 SPaG); no extract is printed 
  ok   #92 L4.practice_questions[5].type [MEDIUM] F16: AQA 8702 Paper 2 Section A is one closed-book 30-mark modern-text essay (+4 SPaG); no extract is printed 
  PATCH L4: content_html, practice_questions
  ok   #34 L5.content_html [HIGH] F6: Maureen is white; the cultural-identity claim belongs to Tufty.
  ok   #35 L5.content_html [HIGH] F10: Tina is 'Auntie Tina', Carol's neighbour and friend from chapter 1. Leon's social worker is Salma.
  ok   #36 L5.content_html [HIGH] F10: as above.
  ok   #37 L5.content_html [HIGH] F10: as above.
  ok   #38 L5.content_html [HIGH] F10: as above.
  ok   #39 L5.content_html [MEDIUM] F11: the definition given was the definition of a flat character, not of naivety.
  ok   #40 L5.conclusion_html [HIGH] F10: Tina is not the social worker.
  ok   #41 L5.exam_tip_html [HIGH] F10: as above.
  ok   #42 L5.practice_questions[3].text [HIGH] F10: as above.
  ok   #43 L5.practice_questions[3].marks [HIGH] F10: as above.
  ok   #44 L5.knowledge_checks[2].q [HIGH] F10: as above.
  ok   #45 L5.knowledge_checks[4].left[2] [HIGH] F10: as above.
  ok   #46 L5.knowledge_checks[4].right[2] [HIGH] F6: Maureen supplies love and stability, not cultural identity.
  ok   #47 L5.flashcard_questions[9].a [HIGH] F6: Maureen is white and is not the source of Leon's cultural identity.
  ok   #48 L5.flashcard_questions[11].q [HIGH] F10: as above.
  ok   #93 L5.practice_questions[0].type [MEDIUM] F16: AQA 8702 Paper 2 Section A is one closed-book 30-mark modern-text essay (+4 SPaG); no extract is printed 
  ok   #94 L5.practice_questions[1].type [MEDIUM] F16: AQA 8702 Paper 2 Section A is one closed-book 30-mark modern-text essay (+4 SPaG); no extract is printed 
  ok   #95 L5.practice_questions[2].type [MEDIUM] F16: AQA 8702 Paper 2 Section A is one closed-book 30-mark modern-text essay (+4 SPaG); no extract is printed 
  ok   #96 L5.practice_questions[3].type [MEDIUM] F16: AQA 8702 Paper 2 Section A is one closed-book 30-mark modern-text essay (+4 SPaG); no extract is printed 
  ok   #97 L5.practice_questions[4].type [MEDIUM] F16: AQA 8702 Paper 2 Section A is one closed-book 30-mark modern-text essay (+4 SPaG); no extract is printed 
  ok   #98 L5.practice_questions[5].type [HIGH] F16: AQA 8702 Paper 2 Section A is one closed-book 30-mark modern-text essay (+4 SPaG); no extract is printed 
  PATCH L5: content_html, conclusion_html, exam_tip_html, practice_questions, knowledge_checks, flashcard_questions
  ok   #49 L6.content_html [HIGH] F12: the novel is in the present tense from its first line ('No one has to tell Leon that this is a special mo
  ok   #50 L6.content_html [HIGH] F13: the novel has 42 numbered chapters headed with dates, not three parts. The three phases are a teaching fr
  ok   #51 L6.content_html [MEDIUM] F14: Leon states his race in chapter 1 ('he's dark brown and I'm light brown'), so 'rarely stated explicitly' 
  ok   #52 L6.knowledge_checks[2].q [HIGH] F13: the novel is not divided into parts.
  ok   #53 L6.knowledge_checks[4].left[2] [HIGH] F12: there are no shifts; the whole novel is present tense.
  ok   #54 L6.knowledge_checks[4].right[0] [HIGH] F12: as above.
  ok   #55 L6.flashcard_questions[5].q [HIGH] F12: as above.
  ok   #56 L6.flashcard_questions[5].a [HIGH] F12: as above.
  ok   #57 L6.flashcard_questions[6].a [HIGH] F13: the novel has dated chapters, not parts.
  ok   #58 L6.flashcard_questions[10].a [MEDIUM] F14: Leon's race is stated directly in chapter 1.
  ok   #59 L6.practice_questions[1].text [HIGH] F13: the novel is not divided into three parts.
  ok   #60 L6.practice_questions[5].marks [HIGH] F10: Tina is not the social worker; Maureen has no dialect.
  ok   #99 L6.practice_questions[0].type [MEDIUM] F16: AQA 8702 Paper 2 Section A is one closed-book 30-mark modern-text essay (+4 SPaG); no extract is printed 
  ok   #100 L6.practice_questions[1].type [MEDIUM] F16: AQA 8702 Paper 2 Section A is one closed-book 30-mark modern-text essay (+4 SPaG); no extract is printed 
  ok   #101 L6.practice_questions[2].type [HIGH] F16: AQA 8702 Paper 2 Section A is one closed-book 30-mark modern-text essay (+4 SPaG); no extract is printed 
  ok   #102 L6.practice_questions[3].type [MEDIUM] F16: AQA 8702 Paper 2 Section A is one closed-book 30-mark modern-text essay (+4 SPaG); no extract is printed 
  ok   #103 L6.practice_questions[4].type [MEDIUM] F16: AQA 8702 Paper 2 Section A is one closed-book 30-mark modern-text essay (+4 SPaG); no extract is printed 
  ok   #104 L6.practice_questions[5].type [MEDIUM] F16: AQA 8702 Paper 2 Section A is one closed-book 30-mark modern-text essay (+4 SPaG); no extract is printed 
  PATCH L6: content_html, knowledge_checks, flashcard_questions, practice_questions
  ok   #61 L7.content_html [HIGH] F15: the novel contains open racism and racial slurs, plus police brutality; 'no single character says anythin
  ok   #62 L7.content_html [MEDIUM] F15: follows the correction above.
  ok   #63 L7.content_html [HIGH] F6: Maureen is white; Tufty is the source of Leon's cultural identity.
  ok   #64 L7.content_html [HIGH] F6: as above.
  ok   #65 L7.flashcard_questions[0].a [HIGH] F15: as above.
  ok   #66 L7.flashcard_questions[5].q [HIGH] F6: as above.
  ok   #67 L7.practice_questions[0].marks [HIGH] F15: as above.
  ok   #68 L7.practice_questions[2].marks [HIGH] F6: as above.
  ok   #105 L7.practice_questions[0].type [MEDIUM] F16: AQA 8702 Paper 2 Section A is one closed-book 30-mark modern-text essay (+4 SPaG); no extract is printed 
  ok   #106 L7.practice_questions[1].type [MEDIUM] F16: AQA 8702 Paper 2 Section A is one closed-book 30-mark modern-text essay (+4 SPaG); no extract is printed 
  ok   #107 L7.practice_questions[2].type [MEDIUM] F16: AQA 8702 Paper 2 Section A is one closed-book 30-mark modern-text essay (+4 SPaG); no extract is printed 
  ok   #108 L7.practice_questions[3].type [MEDIUM] F16: AQA 8702 Paper 2 Section A is one closed-book 30-mark modern-text essay (+4 SPaG); no extract is printed 
  ok   #109 L7.practice_questions[4].type [MEDIUM] F16: AQA 8702 Paper 2 Section A is one closed-book 30-mark modern-text essay (+4 SPaG); no extract is printed 
  ok   #110 L7.practice_questions[5].type [MEDIUM] F16: AQA 8702 Paper 2 Section A is one closed-book 30-mark modern-text essay (+4 SPaG); no extract is printed 
  PATCH L7: content_html, flashcard_questions, practice_questions
=== 111 applied, 0 skipped, 7 lessons / 28 fields changed
