
=== ADJUDICATED RULINGS: english-literature-aqa / blood-brothers ===
run: 2026-08-30T13:44:33.445Z   mode: DRY RUN
fetched 7 lessons (live: 7)
"soliloquy" occurrences before the fix: L6×3

L02  Mrs Johnstone & the Pact
      id=8e4b0146-b283-4d2e-ba94-48a79b3823c8   fields: flashcard_questions
        [RULING 4] flashcard_questions[12]: ungrammatical stem ("how does sympathy ... land?"). Meaning unchanged; answer untouched.

L05  The Tragic Ending
      id=d2fef292-6473-4182-bf3d-82d851eda09c   fields: content_html, glossary_terms, flashcard_questions
        [RULING 2] content_html: the inline definition carried the same bent meaning as the glossary entry: "agency" was defined as the forces that bring about the outcome, which is not what th
        [RULING 3] content_html: "convenient narrative" is not an established critical term but sat in the glossary beside real terminology (cyclical structure, rhetorical question), so a stude
        [RULING 2] glossary_terms[2]: restored to the standard meaning of "agency"; identical to the inline dfn so tooltip and glossary agree.
        [RULING 3] glossary_terms[4]: invented term removed from the glossary; the phrase stays in the prose as the lesson’s own wording.
        [RULING 5] flashcard_questions[11]: ungrammatical answer: "not system" needed an article. Meaning unchanged.

L06  Character Analysis
      id=f6c6bab1-5973-4cf8-b723-ca63ac91dd37   fields: content_html, glossary_terms, flashcard_questions
        [RULING 1] content_html: "That Guy" is a sung Act 2 duet between Mickey and Edward, not a solo spoken speech, so "soliloquy" was wrong on both counts. The lesson also contradicted itsel
        [RULING 1] glossary_terms[0]: the term is orphaned once "That Guy" is correctly labelled: "soliloquy" appears nowhere else in this unit (verified across all 7 lessons, every field). Replaced
        [RULING 1] flashcard_questions[2]: card called the sung duet a soliloquy. Answer unchanged — only the label was wrong.

WOULD PATCH: 3 lessons, 7 fields
ruling edits: 9

=== ADJUDICATED RULINGS: english-literature-aqa / blood-brothers ===
run: 2026-08-30T13:44:45.159Z   mode: LIVE
fetched 7 lessons (live: 7)
"soliloquy" occurrences before the fix: L6×3

L02  Mrs Johnstone & the Pact
      id=8e4b0146-b283-4d2e-ba94-48a79b3823c8   fields: flashcard_questions
        [RULING 4] flashcard_questions[12]: ungrammatical stem ("how does sympathy ... land?"). Meaning unchanged; answer untouched.
      -> PATCHED

L05  The Tragic Ending
      id=d2fef292-6473-4182-bf3d-82d851eda09c   fields: content_html, glossary_terms, flashcard_questions
        [RULING 2] content_html: the inline definition carried the same bent meaning as the glossary entry: "agency" was defined as the forces that bring about the outcome, which is not what th
        [RULING 3] content_html: "convenient narrative" is not an established critical term but sat in the glossary beside real terminology (cyclical structure, rhetorical question), so a stude
        [RULING 2] glossary_terms[2]: restored to the standard meaning of "agency"; identical to the inline dfn so tooltip and glossary agree.
        [RULING 3] glossary_terms[4]: invented term removed from the glossary; the phrase stays in the prose as the lesson’s own wording.
        [RULING 5] flashcard_questions[11]: ungrammatical answer: "not system" needed an article. Meaning unchanged.
      -> PATCHED

L06  Character Analysis
      id=f6c6bab1-5973-4cf8-b723-ca63ac91dd37   fields: content_html, glossary_terms, flashcard_questions
        [RULING 1] content_html: "That Guy" is a sung duet between Mickey and Edward, not a solo spoken speech, so "soliloquy" was wrong on both counts. The lesson also contradicted itself: KC1
        [RULING 1] glossary_terms[0]: the term is orphaned once "That Guy" is correctly labelled: "soliloquy" appears nowhere else in this unit (verified across all 7 lessons, every field). Replaced
        [RULING 1] flashcard_questions[2]: card called the sung duet a soliloquy. Answer unchanged — only the label was wrong.
      -> PATCHED

PATCHED: 3 lessons, 7 fields
ruling edits: 9
