
=== RE-NARRATION (changed narrated text only) ===
backup: C:\Users\tshau\Documents\Study Vault\scripts\_retrofc\units\english-literature-aqa__blood-brothers\_adjudication_backup.json
unit:   english-literature-aqa / blood-brothers
run: 2026-08-30T13:48:48Z  mode: DRY RUN
  L02: no narrated field changed -> skip
  L05: fields edited but no narrated text changed -> skip

1 lessons, 1 clips to regenerate

  L06 (Ada)  Character Analysis
      n3 -> english-literature/blood-brothers/narration_lesson-06_n3.mp3
         As an adolescent, Mickey becomes self-conscious and awkward. His duet with Edward, “That Guy” — a sung wish to be confident, smooth, able to talk to Linda — rev

=== RE-NARRATION (changed narrated text only) ===
backup: C:\Users\tshau\Documents\Study Vault\scripts\_retrofc\units\english-literature-aqa__blood-brothers\_adjudication_backup.json
unit:   english-literature-aqa / blood-brothers
run: 2026-08-30T13:49:06Z  mode: LIVE
  L02: no narrated field changed -> skip
  L05: fields edited but no narrated text changed -> skip

1 lessons, 1 clips to regenerate

  L06 (Ada)  Character Analysis
      n3: As an adolescent, Mickey becomes self-conscious and awkward. His duet with Edward, “That Guy” — a sung wish to
             -> 310 KB, 26.5s, uploaded
      manifest updated (23 entries)

Regenerated 1 clips.

=== VERIFY (ranged GET + freshness) ===
  206  L06 n3  bytes 0-3/317952  Last-Modified: Sun, 30 Aug 2026 13:49:14 GMT  mp3-sync=OK

1/1 clips verified HTTP 200/206 with fresh audio.
