
=== RE-NARRATION (changed narrated text only) ===
run: 2026-08-30T13:30:47Z  mode: DRY RUN

7 lessons, 15 clips to regenerate

  L01 (Ollie)  Context: Class Divide in 1980s Liverpool
      n4 -> english-literature/blood-brothers/narration_lesson-01_n4.mp3
         Key Fact . Margaret Thatcher’s Conservative government (1979–1990) closed factories and mines across Northern England. Liverpool was devasta
      n6 -> english-literature/blood-brothers/narration_lesson-01_n6.mp3
         Liverpool in the 1980s was a city of stark contrasts. Wealthy suburbs existed alongside some of the most deprived council estates in Britain
      n14 -> english-literature/blood-brothers/narration_lesson-01_n14.mp3
         Blood Brothers is not just a tragic love story — it is a political play. Russell’s sympathies are clearly with the working class. Mrs Johnst
  L02 (Ada)  Mrs Johnstone & the Pact
      n6 -> english-literature/blood-brothers/narration_lesson-02_n6.mp3
         Mrs Lyons is presented as the opposite of Mrs Johnstone: wealthy, educated, and outwardly respectable. However, she is also lonely, anxious,
      n14 -> english-literature/blood-brothers/narration_lesson-02_n14.mp3
         Mrs Johnstone’s opening song compares herself to Marilyn Monroe — a glamorous figure who represents the excitement and romance Mrs Johnstone
  L03 (Ollie)  Childhood: Mickey and Eddie Meet
      n9 -> english-literature/blood-brothers/narration_lesson-03_n9.mp3
         Linda joins their games as a confident, fearless girl — in the park scene with the stolen gun she is the only one of the three to hit the ta
      n11 -> english-literature/blood-brothers/narration_lesson-03_n11.mp3
         When Mrs Lyons discovers that Eddie has been playing with Mickey, she is horrified. She immediately recognises the threat — not to Eddie’s s
  L04 (Ada)  Adolescence & Growing Apart
      n14 -> english-literature/blood-brothers/narration_lesson-04_n14.mp3
         As adults, the envy that was harmless in childhood becomes toxic. Mickey sees Eddie return from university with confidence, prospects, and t
  L05 (Ollie)  The Tragic Ending
      n11 -> english-literature/blood-brothers/narration_lesson-05_n11.mp3
         Mickey shoots Eddie; the police marksmen then shoot Mickey. Two guns, two deaths, seconds apart. What Russell leaves genuinely open is not w
      n13 -> english-literature/blood-brothers/narration_lesson-05_n13.mp3
         Key Fact . Both twins die in the final scene: Mickey shoots Eddie, and the police marksmen then shoot Mickey. Russell’s point is not that th
      n15 -> english-literature/blood-brothers/narration_lesson-05_n15.mp3
         The play ends with the Narrator addressing the audience directly: does the blame lie with superstition, or with “what we, the English, have 
  L06 (Ada)  Character Analysis
      n15 -> english-literature/blood-brothers/narration_lesson-06_n15.mp3
         Linda is introduced as a bold, fearless child who plays as hard as the boys — she is the only one of the three to hit the target in the park
  L07 (Ollie)  Key Themes & Exam Technique
      n13 -> english-literature/blood-brothers/narration_lesson-07_n13.mp3
         Modern text essay questions reward a clear argument, evidence from memory, analysis of Russell’s methods, and context woven throughout. Ther
      n20 -> english-literature/blood-brothers/narration_lesson-07_n20.mp3
         “Living on the never-never” — Mrs Johnstone’s poverty and debt. “Shoes upon the table” — superstition. “The devil’s got your number” — the N
      n24 -> english-literature/blood-brothers/narration_lesson-07_n24.mp3
         The Modern Texts essay tests AO1 (12 marks), AO2 (12 marks — Russell’s methods), AO3 (6 marks — context) and AO4 (4 marks — SPaG). There is 

=== RE-NARRATION (changed narrated text only) ===
run: 2026-08-30T13:30:59Z  mode: LIVE

7 lessons, 15 clips to regenerate

  L01 (Ollie)  Context: Class Divide in 1980s Liverpool
      n4: Key Fact . Margaret Thatcher’s Conservative government (1979–1990) closed factories and mines across Northern 
             -> 309 KB, 26.4s, uploaded
      n6: Liverpool in the 1980s was a city of stark contrasts. Wealthy suburbs existed alongside some of the most depri
             -> 370 KB, 31.6s, uploaded
      n14: Blood Brothers is not just a tragic love story — it is a political play. Russell’s sympathies are clearly with
             -> 361 KB, 30.8s, uploaded
      manifest updated (20 entries)
  L02 (Ada)  Mrs Johnstone & the Pact
      n6: Mrs Lyons is presented as the opposite of Mrs Johnstone: wealthy, educated, and outwardly respectable. However
             -> 348 KB, 29.7s, uploaded
      n14: Mrs Johnstone’s opening song compares herself to Marilyn Monroe — a glamorous figure who represents the excite
             -> 302 KB, 25.7s, uploaded
      manifest updated (23 entries)
  L03 (Ollie)  Childhood: Mickey and Eddie Meet
      n9: Linda joins their games as a confident, fearless girl — in the park scene with the stolen gun she is the only 
             -> 223 KB, 19.0s, uploaded
      n11: When Mrs Lyons discovers that Eddie has been playing with Mickey, she is horrified. She immediately recognises
             -> 345 KB, 29.4s, uploaded
      manifest updated (23 entries)
  L04 (Ada)  Adolescence & Growing Apart
      n14: As adults, the envy that was harmless in childhood becomes toxic. Mickey sees Eddie return from university wit
             -> 313 KB, 26.7s, uploaded
      manifest updated (22 entries)
  L05 (Ollie)  The Tragic Ending
      n11: Mickey shoots Eddie; the police marksmen then shoot Mickey. Two guns, two deaths, seconds apart. What Russell 
             -> 305 KB, 26.0s, uploaded
      n13: Key Fact . Both twins die in the final scene: Mickey shoots Eddie, and the police marksmen then shoot Mickey. 
             -> 254 KB, 21.7s, uploaded
      n15: The play ends with the Narrator addressing the audience directly: does the blame lie with superstition, or wit
             -> 361 KB, 30.8s, uploaded
      manifest updated (24 entries)
  L06 (Ada)  Character Analysis
      n15: Linda is introduced as a bold, fearless child who plays as hard as the boys — she is the only one of the three
             -> 320 KB, 27.3s, uploaded
      manifest updated (23 entries)
  L07 (Ollie)  Key Themes & Exam Technique
      n13: Modern text essay questions reward a clear argument, evidence from memory, analysis of Russell’s methods, and 
             -> 341 KB, 29.1s, uploaded
      n20: “Living on the never-never” — Mrs Johnstone’s poverty and debt. “Shoes upon the table” — superstition. “The de
             -> 330 KB, 28.2s, uploaded
      n24: The Modern Texts essay tests AO1 (12 marks), AO2 (12 marks — Russell’s methods), AO3 (6 marks — context) and A
             -> 244 KB, 20.9s, uploaded
      manifest updated (25 entries)

Regenerated 15 clips.

=== VERIFY (ranged GET + freshness) ===
  206  L01 n4  bytes 0-3/316224  Last-Modified: Sun, 30 Aug 2026 13:31:06 GMT  mp3-sync=OK
  206  L01 n6  bytes 0-3/379296  Last-Modified: Sun, 30 Aug 2026 13:31:12 GMT  mp3-sync=OK
  206  L01 n14  bytes 0-3/369504  Last-Modified: Sun, 30 Aug 2026 13:31:17 GMT  mp3-sync=OK
  206  L02 n6  bytes 0-3/356832  Last-Modified: Sun, 30 Aug 2026 13:31:23 GMT  mp3-sync=OK
  206  L02 n14  bytes 0-3/308736  Last-Modified: Sun, 30 Aug 2026 13:31:27 GMT  mp3-sync=OK
  206  L03 n9  bytes 0-3/228096  Last-Modified: Sun, 30 Aug 2026 13:31:33 GMT  mp3-sync=OK
  206  L03 n11  bytes 0-3/353088  Last-Modified: Sun, 30 Aug 2026 13:31:38 GMT  mp3-sync=OK
  206  L04 n14  bytes 0-3/320544  Last-Modified: Sun, 30 Aug 2026 13:31:43 GMT  mp3-sync=OK
  206  L05 n11  bytes 0-3/312192  Last-Modified: Sun, 30 Aug 2026 13:31:48 GMT  mp3-sync=OK
  206  L05 n13  bytes 0-3/260064  Last-Modified: Sun, 30 Aug 2026 13:31:52 GMT  mp3-sync=OK
  206  L05 n15  bytes 0-3/369216  Last-Modified: Sun, 30 Aug 2026 13:31:58 GMT  mp3-sync=OK
  206  L06 n15  bytes 0-3/327168  Last-Modified: Sun, 30 Aug 2026 13:32:03 GMT  mp3-sync=OK
  206  L07 n13  bytes 0-3/349632  Last-Modified: Sun, 30 Aug 2026 13:32:09 GMT  mp3-sync=OK
  206  L07 n20  bytes 0-3/338400  Last-Modified: Sun, 30 Aug 2026 13:32:14 GMT  mp3-sync=OK
  206  L07 n24  bytes 0-3/250272  Last-Modified: Sun, 30 Aug 2026 13:32:18 GMT  mp3-sync=OK

15/15 clips verified HTTP 200/206 with fresh audio.
