
=== RETRO FACT-CHECK PILOT: english-literature-aqa / macbeth ===
run: 2026-08-30T12:29:06.552Z   mode: LIVE
fetched 10 lessons

BACKUP written: C:\Users\tshau\Documents\Study Vault\scripts\_retrofc\_pilot_macbeth_backup.json  (10 lessons)

L01  Context & the Supernatural
      id=9532fc0f-c8e7-48bf-a63c-67baabef0466
      fields: content_html, practice_questions
        - LOW n3: stray capital + space before full stop
        - MEDIUM pq[0]: two bands both labelled "Top band"; ladder relabelled
        - MEDIUM pq[3]: type "30 marks — Essay" carried a 12-mark band ladder; rescaled to 30
      -> PATCHED

L02  Ambition & the Prophecies
      id=a98b0878-6443-462f-bb6d-79de1856bd42
      fields: content_html, practice_questions
        - MEDIUM n12: Aristotelian structure was not what a Jacobean playhouse audience would have recognised
        - MEDIUM pq[0]: two bands both labelled "Top band"; ladder relabelled
        - MEDIUM pq[3]: type "30 marks — Essay" carried a 12-mark band ladder; rescaled to 30
      -> PATCHED

L03  Lady Macbeth & Gender
      id=4b456be6-7f4a-4e35-bbf5-061d0f9014b4
      fields: content_html, glossary_terms, practice_questions
        - MEDIUM: "invocation" was given the definition of apostrophe
        - MEDIUM glossary: "invocation" was defined as apostrophe
        - MEDIUM pq[0]: two bands both labelled "Top band"; ladder relabelled
        - MEDIUM pq[3]: type "30 marks — Essay" carried a 12-mark band ladder; rescaled to 30
      -> PATCHED

L04  The Murder of Duncan
      id=bdc56880-0ff7-4d40-a7b1-3f4ef8eeca08
      fields: content_html, practice_questions
        - LOW: US spelling in revision tip (house rule: British English)
        - MEDIUM pq[0]: two bands both labelled "Top band"; ladder relabelled
        - MEDIUM pq[3]: type "30 marks — Essay" carried a 12-mark band ladder; rescaled to 30
      -> PATCHED

L05  Guilt & Consequences
      id=5cd74986-3b49-40d4-9409-97917b3dd87b
      fields: content_html, glossary_terms, flashcard_questions, practice_questions
        - HIGH n14: "all great Neptune’s ocean" is MACBETH’s line (2.2), not Lady Macbeth’s — contradicted L4
        - MEDIUM: "Jacobean" misdefined; contradicted L1
        - MEDIUM glossary: "equivocation" was given the definition of dramatic irony
        - MEDIUM flashcard: answer said Banquo’s family was "successfully killed"; Fleance escapes (contradicted L6)
        - MEDIUM pq[0]: type "30 marks — Essay" carried a 12-mark band ladder; rescaled to 30
        - MEDIUM pq[1]: type "4 marks — Quote Analysis" carried a 6-mark band ladder; rescaled to 4
        - MEDIUM pq[4]: type "4 marks — Quote Analysis" carried a 6-mark band ladder; rescaled to 4
        - MEDIUM pq[5]: type "30 marks — Essay" carried a 12-mark band ladder; rescaled to 30
      -> PATCHED

L06  Banquo & Deception
      id=057ffc65-3d81-4020-9efc-bca1190d2cc5
      fields: content_html, glossary_terms, practice_questions
        - HIGH n18: "I am in blood / Stepped in so far" is a metaphor, not a simile (AO2 terminology)
        - LOW n20: key quotation misquoted — the word is "gripe"
        - LOW: US spelling in revision tip
        - LOW glossary: "projection" was defined circularly
        - HIGH glossary: "simile" replaced by "metaphor" to match the corrected n18
        - MEDIUM pq[0]: two bands both labelled "Top band"; ladder relabelled
        - MEDIUM pq[3]: type "30 marks — Essay" carried a 12-mark band ladder; rescaled to 30
        - HIGH pq[4]: question called the "I am in blood" image a simile
      -> PATCHED

L07  The Witches Return & Tyranny
      id=5fffe156-802c-449e-9950-02c8ea9d10d1
      fields: content_html, practice_questions
        - LOW n14: only the son is killed on stage; Lady Macduff flees and is killed offstage
        - LOW n17: broken quote splice ("people are float upon")
        - MEDIUM pq[0]: two bands both labelled "Top band"; ladder relabelled
        - MEDIUM pq[3]: type "30 marks — Essay" carried a 12-mark band ladder; rescaled to 30
      -> PATCHED

L08  Macduff & Scotland's Suffering
      id=52ee575a-5595-4f67-8910-362861a51117
      fields: content_html, glossary_terms, practice_questions
        - HIGH n17: "Each new morn..." is MACDUFF’s line (4.3), not Malcolm’s; and the word is "birthdom", not "birthright"
        - LOW glossary: listed only 8 of the 12 graces the lesson says Malcolm names
        - MEDIUM pq[0]: two bands both labelled "Top band"; ladder relabelled
        - MEDIUM pq[3]: type "30 marks — Essay" carried a 12-mark band ladder; rescaled to 30
      -> PATCHED

L09  Lady Macbeth's Madness & Downfall
      id=bcfb5434-c373-46b0-923c-9265647eb679
      fields: content_html, glossary_terms, flashcard_questions, practice_questions
        - MEDIUM: "mortal sin" was defined as "the act of killing oneself" — conflated with suicide
        - MEDIUM glossary: "mortal sin" was defined as "the act of killing oneself"
        - LOW flashcard: "bathetic" misused and above GCSE register
        - MEDIUM pq[0]: two bands both labelled "Top band"; ladder relabelled
        - MEDIUM pq[3]: type "30 marks — Essay" carried a 12-mark band ladder; rescaled to 30
      -> PATCHED

L10  The Ending & Key Themes
      id=82f4b2bf-c7f1-49cd-936a-e80d290668ea
      fields: practice_questions
        - MEDIUM pq[0]: two bands both labelled "Top band"; ladder relabelled
        - MEDIUM pq[3]: type "30 marks — Essay" carried a 12-mark band ladder; rescaled to 30
      -> PATCHED

PATCHED: 10 lessons, 26 fields

=== RE-NARRATION (changed blocks only) ===
run: 2026-08-30T12:29:45Z  mode: DRY RUN
  L03: content edited but no narrated text changed -> skip
  L04: content edited but no narrated text changed -> skip
  L09: content edited but no narrated text changed -> skip
  L10: no content_html change -> skip

6 lessons, 8 clips to regenerate

  L01 (Ollie)  Context & the Supernatural
      n3: Understanding this context is essential for the exam. The play was written partly to flatter James I
  L02 (Ada)  Ambition & the Prophecies
      n12: This connects to the classical tradition of tragedy — the fall of a great man from high status — whi
  L05 (Ollie)  Guilt & Consequences
      n14: Her fragmented speech — “Out, damned spot!” and “Here’s the smell of the blood still” — reveals how 
  L06 (Ada)  Banquo & Deception
      n18: After this scene, Macbeth increasingly abandons pretence. He tells Lady Macbeth: “I am in blood / St
      n20: “Upon my head they placed a fruitless crown / And put a barren sceptre in my gripe” (Act 3, Scene 1)
  L07 (Ollie)  The Witches Return & Tyranny
      n14: Shakespeare stages the murder of Lady Macduff’s young son, then has her hunted down offstage moments
      n17: By Act 4, Scotland under Macbeth has become a place of fear and suffering. Ross tells Lady Macduff t
  L08 (Ada)  Macduff & Scotland's Suffering
      n17: Shakespeare uses the body politic metaphor throughout Acts 4 and 5. Macduff calls the country their 

=== RE-NARRATION (changed blocks only) ===
run: 2026-08-30T12:29:52Z  mode: LIVE
  L03: content edited but no narrated text changed -> skip
  L04: content edited but no narrated text changed -> skip
  L09: content edited but no narrated text changed -> skip
  L10: no content_html change -> skip

6 lessons, 8 clips to regenerate

  L01 (Ollie)  Context & the Supernatural
      n3: Understanding this context is essential for the exam. The play was written partly to flatt
             -> 184 KB, 7.7s, uploaded
      manifest updated (26 entries)
  L02 (Ada)  Ambition & the Prophecies
      n12: This connects to the classical tradition of tragedy — the fall of a great man from high st
             -> 361 KB, 11.4s, uploaded
      manifest updated (27 entries)
  L05 (Ollie)  Guilt & Consequences
      n14: Her fragmented speech — “Out, damned spot!” and “Here’s the smell of the blood still” — re
             -> 192 KB, 32.5s, uploaded
      manifest updated (38 entries)
  L06 (Ada)  Banquo & Deception
      n18: After this scene, Macbeth increasingly abandons pretence. He tells Lady Macbeth: “I am in 
             -> 273 KB, 6.9s, uploaded
      n20: “Upon my head they placed a fruitless crown / And put a barren sceptre in my gripe” (Act 3
             -> 111 KB, 9.3s, uploaded
      manifest updated (27 entries)
  L07 (Ollie)  The Witches Return & Tyranny
      n14: Shakespeare stages the murder of Lady Macduff’s young son, then has her hunted down offsta
             -> 267 KB, 16.8s, uploaded
      n17: By Act 4, Scotland under Macbeth has become a place of fear and suffering. Ross tells Lady
             -> 249 KB, 35.9s, uploaded
      manifest updated (27 entries)
  L08 (Ada)  Macduff & Scotland's Suffering
      n17: Shakespeare uses the body politic metaphor throughout Acts 4 and 5. Macduff calls the coun
             -> 208 KB, 29.4s, uploaded
      manifest updated (27 entries)

Regenerated 8 clips.

=== VERIFY (HTTP + freshness) ===
  FAIL L01 n3: HTTP Error 403: Forbidden
  FAIL L02 n12: HTTP Error 403: Forbidden
  FAIL L05 n14: HTTP Error 403: Forbidden
  FAIL L06 n18: HTTP Error 403: Forbidden
  FAIL L06 n20: HTTP Error 403: Forbidden
  FAIL L07 n14: HTTP Error 403: Forbidden
  FAIL L07 n17: HTTP Error 403: Forbidden
  FAIL L08 n17: HTTP Error 403: Forbidden

0/8 clips verified HTTP 200.


==============================================================================
FINDINGS REGISTER - english-literature-aqa / macbeth (10 lessons)
generated 2026-08-30T12:32:01.785958
Z==============================================================================

[HIGH] L5
  claim   : 'all great Neptune's ocean' presented as Lady Macbeth's Act 5 belief
  verdict : Wrong - it is MACBETH, Act 2.2. Contradicted L4.
  action  : FIXED (n14 rewritten to her real line, 'all the perfumes of Arabia'); re-narrated

[HIGH] L8
  claim   : 'Each new morn / New widows howl' attributed to Malcolm
  verdict : Wrong - MACDUFF speaks it, Act 4.3 (verified vs full text)
  action  : FIXED (n17 reattributed); re-narrated

[HIGH] L8
  claim   : Scotland called their 'down-fallen birthright'
  verdict : Misquote - the word is 'birthdom' (Act 4.3)
  action  : FIXED (same block); re-narrated

[HIGH] L6
  claim   : 'I am in blood / Stepped in so far' called a SIMILE (x2: prose + practice Q)
  verdict : Wrong - it is a metaphor. AO2 terminology error.
  action  : FIXED (n18, glossary term, practice Q text+band); re-narrated

[MED] L2
  claim   : 'the Aristotelian structure of tragedy that Shakespeare's audience would have recognised'
  verdict : Not historically sound - Poetics shaped Renaissance CRITICS (Sidney, Jonson), not playhouse audiences; English tragedy came via Seneca
  action  : FIXED (n12 recast to the classical/Senecan tradition; hamartia named as a later critical term); re-narrated

[MED] L3
  claim   : glossary+dfn 'invocation' = 'a direct address to an absent person...'
  verdict : That is the definition of APOSTROPHE
  action  : FIXED (dfn + glossary); no narration change

[MED] L5
  claim   : glossary 'equivocation' = 'language that has a double meaning... understood by the audience'
  verdict : That is DRAMATIC IRONY - which the same array also defines correctly
  action  : FIXED (glossary)

[MED] L5
  claim   : dfn 'Jacobean' = 'the religious beliefs and practices of the early 1600s'
  verdict : Wrong; Jacobean = reign of James I. Contradicted L1.
  action  : FIXED (dfn)

[MED] L9
  claim   : glossary+dfn 'mortal sin' = 'the act of killing oneself'
  verdict : Conflates mortal sin with suicide
  action  : FIXED (dfn + glossary)

[MED] L5
  claim   : flashcard: Banquo's family 'successfully killed'
  verdict : Fleance escapes - contradicted L6 and the play
  action  : FIXED (flashcard answer)

[MED] unit
  claim   : 11 practice Qs typed '30 marks - Essay' carry a 12-mark band ladder
  verdict : Internal contradiction about the exam
  action  : FIXED - bands rescaled x2.5 to 25-30/18-24/10-17/1-9

[MED] unit
  claim   : 2 practice Qs (L5) typed '4 marks' carry a 6-mark ladder
  verdict : Internal contradiction
  action  : FIXED - rescaled to 4/3/2/1

[MED] unit
  claim   : 9 practice Qs label two different bands 'Top band'
  verdict : Internal contradiction
  action  : FIXED - ladder relabelled Top/Upper/Upper-mid/Mid/Lower-mid/Lower

[LOW] L1
  claim   : 'essential For the exam .'
  verdict : Stray capital + space before full stop, in narrated text
  action  : FIXED (n3); re-narrated

[LOW] L6
  claim   : key quotation 'barren sceptre in my grip'
  verdict : Text reads 'gripe' (verified vs full text)
  action  : FIXED (n20); re-narrated

[LOW] L7
  claim   : 'people are "float upon a wild and violent sea"'
  verdict : Broken quote splice in narrated text
  action  : FIXED (n17); re-narrated

[LOW] L7
  claim   : 'Shakespeare stages the murder of Lady Macduff and her young son'
  verdict : Only the son dies on stage; she is pursued and killed offstage
  action  : FIXED (n14); re-narrated

[LOW] L4,L6
  claim   : US spellings 'analyze'/'symbolizes' in revision tips
  verdict : House rule is British English
  action  : FIXED (attributes only)

[LOW] L8
  claim   : glossary 'king-becoming graces' lists 8 virtues
  verdict : Lesson says Malcolm names twelve - and he does
  action  : FIXED (all twelve listed)

[LOW] L6
  claim   : glossary 'projection' defined circularly
  verdict : Quality defect
  action  : FIXED

[LOW] L9
  claim   : flashcard 'Whose earlier bathetic dismissal...'
  verdict : 'bathetic' misused and above GCSE register
  action  : FIXED

[FLAG] subject
  claim   : Question types '4 marks - Quote Analysis' / '8 marks - Extract Analysis' (337 uses subject-wide)
  verdict : AQA 8702 Paper 1 Section A has ONE question: 30 marks + 4 AO4 = 34. No 4- or 8-mark question exists.
  action  : FLAGGED - fleet-level decision, not edited in one unit

[FLAG] subject
  claim   : 231 duplicate 'Top band' labels + 30 type/band mismatches beyond Macbeth
  verdict : Same defects in romeo-and-juliet(8), a-christmas-carol(11), pigeon-english/blood-brothers/lord-of-the-flies/anita-and-me(~100% dupTop) etc.
  action  : FLAGGED for the fleet run

[FLAG] subject
  claim   : Practice Qs say 'Read the extract from Act X, Scene Y' but no extract is supplied
  verdict : Product/UX gap, subject-wide
  action  : FLAGGED

[FLAG] L5
  claim   : glossary_terms (regicide, paranoia, Great Chain of Being, usurpation...) share NO term with L5's inline dfn tags
  verdict : Glossary and content disjoint; L5 is an older generation vintage than L1-L4/L6-L10
  action  : FLAGGED - structural, not a fact error

[FLAG] L5
  claim   : 'Lady Macbeth's suicide' stated as fact
  verdict : Play reports it as believed: 'as tis thought, by self and violent hands'. Standard GCSE reading.
  action  : FLAGGED - judgement call, not edited

------------------------------------------------------------------------------
TOTALS: HIGH=4 MEDIUM=9 LOW=8 FLAGGED=5
Verified verbatim against the full play text: birthdom, gripe, chops, th'other,
Act 5.8 stage directions (Macduff kills Macbeth offstage - CONFIRMED CORRECT as written).
Verified vs specs/aqa/english-literature-8702-8702.md: Paper 1 = 1h45, 64 marks, 40%,
closed book, Section A Shakespeare extract+whole play. '34-mark essay' (30+4 AO4) confirmed
against AQA question papers - the spec itself does not itemise the 30+4 split.
