=== APPLY EDITS history-edexcel/british-america  78 edits  LIVE  2026-09-06T01:56:51.822Z
  ok   #0 L1.exam_tip_html [MEDIUM] F23: invented examiner claim removed
  ok   #53 L1.practice_questions[0].type [MEDIUM] F22: two consequences are worth 8 marks on this paper (4 each)
  ok   #54 L1.practice_questions[2].type [MEDIUM] F22: two consequences are worth 8 marks on this paper (4 each)
  ok   #55 L1.practice_questions[5].type [MEDIUM] F22: two consequences are worth 8 marks on this paper (4 each)
  PATCH L1: exam_tip_html, practice_questions
  ok   #1 L2.content_html [HIGH] F1: the 1717 Act did not create colonial vice-admiralty courts
  ok   #2 L2.content_html [HIGH] F1: colonial piracy trials date from the 1698 Act, not 1717
  ok   #3 L2.knowledge_checks[4].right[1] [HIGH] F1: match set repeated the wrong effect
  ok   #4 L2.flashcard_questions[11].q [HIGH] F1
  ok   #5 L2.flashcard_questions[11].a [HIGH] F1
  ok   #6 L2.practice_questions[0].marks [HIGH] F1: mark scheme matched to the corrected fact
  ok   #56 L2.practice_questions[0].type [MEDIUM] F22: two consequences are worth 8 marks on this paper (4 each)
  ok   #57 L2.practice_questions[3].type [MEDIUM] F22: two consequences are worth 8 marks on this paper (4 each)
  PATCH L2: content_html, knowledge_checks, flashcard_questions, practice_questions
  ok   #7 L3.content_html [MEDIUM] F2: 150,000 was the figure for all thirteen colonies, not the Chesapeake
  ok   #8 L3.flashcard_questions[7].q [MEDIUM] F2
  ok   #9 L3.practice_questions[5].marks [MEDIUM] F2: mark scheme matched to the corrected figure
  ok   #10 L3.exam_tip_html [LOW] F28: the company restricted supply; ending its monopoly expanded it
  ok   #58 L3.practice_questions[0].type [MEDIUM] F22: two consequences are worth 8 marks on this paper (4 each)
  ok   #59 L3.practice_questions[3].type [MEDIUM] F22: two consequences are worth 8 marks on this paper (4 each)
  PATCH L3: content_html, flashcard_questions, practice_questions, exam_tip_html
  ok   #11 L4.content_html [MEDIUM] F3: the Negro Act banned teaching enslaved people to write; reading was not banned
  ok   #12 L4.flashcard_questions[11].a [MEDIUM] F3
  ok   #13 L4.content_html [MEDIUM] F4: cause and effect reversed; the war's causes long predate Stono
  ok   #14 L4.content_html [MEDIUM] F5: 161 Black and 20 white New Yorkers were arrested
  ok   #15 L4.practice_questions[1].marks [MEDIUM] F3/F4: mark scheme matched to the corrected facts
  ok   #16 L4.practice_questions[5].marks [MEDIUM] F5: mark scheme matched to the corrected figure
  ok   #60 L4.practice_questions[0].type [MEDIUM] F22: two consequences are worth 8 marks on this paper (4 each)
  ok   #61 L4.practice_questions[3].type [MEDIUM] F22: two consequences are worth 8 marks on this paper (4 each)
  PATCH L4: content_html, flashcard_questions, practice_questions
  ok   #17 L5.exam_tip_html [HIGH] F6: the period study paper sets no describe-two-features question
  ok   #62 L5.practice_questions[1].type [MEDIUM] F22: two consequences are worth 8 marks on this paper (4 each)
  ok   #63 L5.practice_questions[3].type [MEDIUM] F22: two consequences are worth 8 marks on this paper (4 each)
  PATCH L5: exam_tip_html, practice_questions
  ok   #18 L6.content_html [MEDIUM] F9: the first of the seven voyages was in 1738
  ok   #19 L6.content_html [HIGH] F8: there were 24 weekly colonial newspapers by the mid-1760s
  ok   #20 L6.content_html [HIGH] F8
  ok   #21 L6.conclusion_html [HIGH] F8
  ok   #22 L6.knowledge_checks[0].q [MEDIUM] F9
  ok   #23 L6.knowledge_checks[3].q [HIGH] F8: the key marked a false figure correct
  ok   #24 L6.knowledge_checks[3].options[1] [HIGH] F8
  ok   #25 L6.flashcard_questions[11].q [HIGH] F8
  ok   #26 L6.flashcard_questions[11].a [HIGH] F8
  ok   #27 L6.practice_questions[3].marks [HIGH] F8: mark scheme matched to the corrected figure
  ok   #28 L6.exam_tip_html [HIGH] F7: the period study paper sets no describe-two-features question
  ok   #64 L6.practice_questions[1].type [MEDIUM] F22: two consequences are worth 8 marks on this paper (4 each)
  ok   #65 L6.practice_questions[3].type [MEDIUM] F22: two consequences are worth 8 marks on this paper (4 each)
  PATCH L6: content_html, conclusion_html, knowledge_checks, flashcard_questions, practice_questions, exam_tip_html
  ok   #29 L7.content_html [MEDIUM] F10: the French already held the Forks; the skirmish was at Jumonville Glen
  ok   #66 L7.practice_questions[0].type [MEDIUM] F22: two consequences are worth 8 marks on this paper (4 each)
  ok   #67 L7.practice_questions[2].type [MEDIUM] F22: two consequences are worth 8 marks on this paper (4 each)
  PATCH L7: content_html, practice_questions
  ok   #30 L8.content_html [HIGH] F11: the blankets were handed over before Amherst wrote; he did not order it
  ok   #31 L8.flashcard_questions[5].q [HIGH] F11
  ok   #32 L8.content_html [MEDIUM] F12: the phrase is not in Otis's writings
  ok   #33 L8.flashcard_questions[13].q [MEDIUM] F12
  ok   #34 L8.practice_questions[1].marks [MEDIUM] F12: mark scheme matched to the corrected fact
  ok   #35 L8.content_html [LOW] F13: Lancaster County is in south-eastern Pennsylvania
  ok   #36 L8.flashcard_questions[7].a [LOW] F13
  ok   #37 L8.exam_tip_html [MEDIUM] F23: invented examiner claim removed
  ok   #68 L8.practice_questions[0].type [MEDIUM] F22: two consequences are worth 8 marks on this paper (4 each)
  ok   #69 L8.practice_questions[2].type [MEDIUM] F22: two consequences are worth 8 marks on this paper (4 each)
  PATCH L8: content_html, flashcard_questions, practice_questions, exam_tip_html
  ok   #38 L9.content_html [MEDIUM] F14: invented examiner claim removed
  ok   #39 L9.content_html [MEDIUM] F14: invented examiner claim removed
  ok   #40 L9.exam_tip_html [MEDIUM] F23: invented examiner claim removed
  ok   #70 L9.practice_questions[0].type [MEDIUM] F22: two consequences are worth 8 marks on this paper (4 each)
  ok   #71 L9.practice_questions[3].type [MEDIUM] F22: two consequences are worth 8 marks on this paper (4 each)
  PATCH L9: content_html, exam_tip_html, practice_questions
  ok   #41 L10.content_html [MEDIUM] F15: British losses on 19 April 1775 were 73 killed and 174 wounded
  ok   #42 L10.exam_tip_html [MEDIUM] F23: invented examiner claim removed
  ok   #72 L10.practice_questions[0].type [MEDIUM] F22: two consequences are worth 8 marks on this paper (4 each)
  ok   #73 L10.practice_questions[3].type [MEDIUM] F22: two consequences are worth 8 marks on this paper (4 each)
  PATCH L10: content_html, exam_tip_html, practice_questions
  ok   #43 L11.content_html [MEDIUM] F16: St Leger abandoned the siege of Fort Stanwix; Oriskany was an ambush of the American relief militia
  ok   #44 L11.content_html [MEDIUM] F17: Rockingham followed North; Shelburne only from July 1782
  ok   #45 L11.content_html [LOW] F18: Savannah fell in December 1778
  ok   #46 L11.practice_questions[3].marks [MEDIUM] F17: mark scheme matched to the corrected sequence
  ok   #47 L11.exam_tip_html [MEDIUM] F23: invented examiner claim removed
  ok   #74 L11.practice_questions[0].type [MEDIUM] F22: two consequences are worth 8 marks on this paper (4 each)
  ok   #75 L11.practice_questions[3].type [MEDIUM] F22: two consequences are worth 8 marks on this paper (4 each)
  PATCH L11: content_html, practice_questions, exam_tip_html
  ok   #48 L12.content_html [MEDIUM] F19: the sentence as written said the opposite of what happened
  ok   #49 L12.content_html [LOW] F21: the 1787 Granville Town settlement came first
  ok   #50 L12.practice_questions[3].marks [LOW] F21: mark scheme matched to the corrected claim
  ok   #51 L12.glossary_terms[3].definition [MEDIUM] F20: the Haldimand Tract lies along the Grand River, not the Niagara River
  ok   #52 L12.exam_tip_html [MEDIUM] F23: invented examiner claim removed
  ok   #76 L12.practice_questions[0].type [MEDIUM] F22: two consequences are worth 8 marks on this paper (4 each)
  ok   #77 L12.practice_questions[2].type [MEDIUM] F22: two consequences are worth 8 marks on this paper (4 each)
  PATCH L12: content_html, practice_questions, glossary_terms, exam_tip_html
=== 78 applied, 0 skipped, 12 lessons / 40 fields changed
