
=== RE-NARRATION (changed narrated text only) ===
backup: C:\Users\tshau\Documents\Study Vault\scripts\_retrofc\units\history-edexcel__british-america\_backup.json
unit:   history-edexcel / british-america
run: 2026-09-06T01:56:57Z  mode: LIVE

12 lessons, 29 clips to regenerate

  L01 (Ollie)  Colonial Society in 1713
      n16: For a 4-mark consequence question on colonial society, anchor each consequence to a specific group (Scots-Iris
             -> 432 KB, 36.9s, uploaded
      manifest updated (20 entries)
  L02 (Ada)  The Atlantic Economy: Trade, Tobacco and Piracy
      n11: Key Fact . King George I’s Proclamation (1717) offered a pardon to pirates who surrendered. The Piracy Act (17
             -> 261 KB, 22.3s, uploaded
      n13: The British state could not let piracy flourish on the routes that carried tobacco and sugar. King George I’s 
             -> 851 KB, 72.7s, uploaded
      manifest updated (21 entries)
  L03 (Ollie)  The Atlantic Slave Trade and Plantation Slavery
      n11: In the Chesapeake, enslaved Africans worked on plantations growing tobacco. Tobacco was a delicate, labour-hun
             -> 738 KB, 63.0s, uploaded
      n17: For an 8-mark Explain the Importance question on the slave trade or plantation slavery, anchor importance to s
             -> 519 KB, 44.3s, uploaded
      manifest updated (21 entries)
  L04 (Ada)  Resistance and Rebellion: Slavery and the Colonies
      n13: The South Carolina assembly responded with the Negro Act of 1740, the harshest slave code yet seen in the Brit
             -> 603 KB, 51.5s, uploaded
      n15: Less than two years later, fear of an enslaved rising broke out in a very different setting. In March and Apri
             -> 599 KB, 51.1s, uploaded
      manifest updated (23 entries)
  L05 (Ollie)  Smuggling and the Limits of British Authority
      n15: For an 8-mark Explain the Importance question on smuggling or salutary neglect, anchor importance to a specifi
             -> 468 KB, 39.9s, uploaded
      manifest updated (19 entries)
  L06 (Ada)  The Great Awakening and the Enlightenment
      n5: The most famous figure of the Great Awakening was the English revivalist George Whitefield, who made seven voy
             -> 624 KB, 53.3s, uploaded
      n8: Alongside the revival ran a steady expansion of public learning. The colonies founded a string of new colleges
             -> 630 KB, 53.8s, uploaded
      n9: Key Fact . Enlightenment ideas spread through new colleges (Yale, Princeton, King’s), a fast-growing newspaper
             -> 228 KB, 19.5s, uploaded
      n15: For an 8-mark Explain the Importance question on the Great Awakening or the Enlightenment, anchor importance t
             -> 484 KB, 41.3s, uploaded
      n18: The colonial Enlightenment spread through new colleges, about twenty-four newspapers by the mid-1760s, and Fra
             -> 159 KB, 13.6s, uploaded
      manifest updated (19 entries)
  L07 (Ollie)  The French and Indian War, 1754–63
      n5: The peace lasted less than a decade. In 1754 a young Virginia officer named George Washington led a small forc
             -> 651 KB, 55.5s, uploaded
      manifest updated (19 entries)
  L08 (Ada)  After Victory: Frontier and Tax Tensions, 1763–64
      n5: The first crisis came not from the colonists but from Indigenous nations. With the French gone, Indigenous peo
             -> 884 KB, 75.4s, uploaded
      n8: Indigenous resistance also exposed an ugly truth about colonial society. The Paxton Boys were a group of Scots
             -> 675 KB, 57.6s, uploaded
      n11: In April 1764 came the first of the post-war revenue measures: George Grenville’s Sugar Act . On the surface t
             -> 803 KB, 68.5s, uploaded
      n15: For an 8-mark Explain the Importance question on Pontiac’s Rebellion or the Sugar Act, anchor importance to sp
             -> 498 KB, 42.5s, uploaded
      manifest updated (19 entries)
  L09 (Ollie)  Growing Opposition: Stamp Act to Boston Tea Party, 1765–73
      n2: Between 1765 and 1773 the relationship between Britain and her thirteen colonies went through a series of cris
             -> 424 KB, 36.2s, uploaded
      n18: For an 8-mark analytical narrative the temptation is to chronicle: first the Stamp Act, then the Townshend Act
             -> 706 KB, 60.2s, uploaded
      n19: For an 8-mark Analytical Narrative on growing opposition, build a chain rather than a chronicle: each British 
             -> 654 KB, 55.8s, uploaded
      manifest updated (23 entries)
  L10 (Ada)  From Congress to Independence, 1774–76
      n7: The next ten months hardened the conflict. On 19 April 1775 General Thomas Gage sent 700 redcoats from Boston 
             -> 903 KB, 77.1s, uploaded
      n15: For an 8-mark Analytical Narrative on the road from Congress to independence, build a chain of causation rathe
             -> 665 KB, 56.7s, uploaded
      manifest updated (19 entries)
  L11 (Ollie)  The War of Independence, 1775–83
      n7: The British plan for 1777 had General Burgoyne march south from Canada, General Howe move north up the Hudson 
             -> 555 KB, 47.4s, uploaded
      n15: From late 1778 the British shifted strategy southwards, hoping to mobilise loyalist support in Georgia and the
             -> 649 KB, 55.4s, uploaded
      n19: For an 8-mark Explain the Importance question on Saratoga, anchor importance to French entry into the war: the
             -> 575 KB, 49.1s, uploaded
      manifest updated (23 entries)
  L12 (Ada)  Consequences: Slavery, Indigenous Peoples and Loyalists
      n7: Many enslaved people read the war differently from white patriots. In November 1775 Lord Dunmore, the royal go
             -> 764 KB, 65.2s, uploaded
      n10: Most Indigenous nations had judged that British policy — the 1763 Proclamation Line restricting white settleme
             -> 851 KB, 72.7s, uploaded
      n15: For an 8-mark Explain the Importance question on the war’s consequences, anchor importance to specific develop
             -> 638 KB, 54.4s, uploaded
      manifest updated (19 entries)

Regenerated 29 clips.

=== VERIFY (ranged GET + freshness) ===
  206  L01 n16  bytes 0-3/442368  Last-Modified: Sun, 06 Sep 2026 01:57:05 GMT  mp3-sync=OK
  206  L02 n11  bytes 0-3/267552  Last-Modified: Sun, 06 Sep 2026 01:57:10 GMT  mp3-sync=OK
  206  L02 n13  bytes 0-3/871776  Last-Modified: Sun, 06 Sep 2026 01:57:22 GMT  mp3-sync=OK
  206  L03 n11  bytes 0-3/756000  Last-Modified: Sun, 06 Sep 2026 01:57:32 GMT  mp3-sync=OK
  206  L03 n17  bytes 0-3/531360  Last-Modified: Sun, 06 Sep 2026 01:57:39 GMT  mp3-sync=OK
  206  L04 n13  bytes 0-3/617472  Last-Modified: Sun, 06 Sep 2026 01:57:48 GMT  mp3-sync=OK
  206  L04 n15  bytes 0-3/613728  Last-Modified: Sun, 06 Sep 2026 01:57:56 GMT  mp3-sync=OK
  206  L05 n15  bytes 0-3/479232  Last-Modified: Sun, 06 Sep 2026 01:58:03 GMT  mp3-sync=OK
  206  L06 n5  bytes 0-3/639360  Last-Modified: Sun, 06 Sep 2026 01:58:12 GMT  mp3-sync=OK
  206  L06 n8  bytes 0-3/645408  Last-Modified: Sun, 06 Sep 2026 01:58:20 GMT  mp3-sync=OK
  206  L06 n9  bytes 0-3/233856  Last-Modified: Sun, 06 Sep 2026 01:58:24 GMT  mp3-sync=OK
  206  L06 n15  bytes 0-3/495648  Last-Modified: Sun, 06 Sep 2026 01:58:31 GMT  mp3-sync=OK
  206  L06 n18  bytes 0-3/163008  Last-Modified: Sun, 06 Sep 2026 01:58:34 GMT  mp3-sync=OK
  206  L07 n5  bytes 0-3/666144  Last-Modified: Sun, 06 Sep 2026 01:58:43 GMT  mp3-sync=OK
  206  L08 n5  bytes 0-3/905184  Last-Modified: Sun, 06 Sep 2026 01:58:55 GMT  mp3-sync=OK
  206  L08 n8  bytes 0-3/691200  Last-Modified: Sun, 06 Sep 2026 01:59:04 GMT  mp3-sync=OK
  206  L08 n11  bytes 0-3/822528  Last-Modified: Sun, 06 Sep 2026 01:59:18 GMT  mp3-sync=OK
  206  L08 n15  bytes 0-3/509760  Last-Modified: Sun, 06 Sep 2026 01:59:27 GMT  mp3-sync=OK
  206  L09 n2  bytes 0-3/434304  Last-Modified: Sun, 06 Sep 2026 01:59:36 GMT  mp3-sync=OK
  206  L09 n18  bytes 0-3/722592  Last-Modified: Sun, 06 Sep 2026 01:59:47 GMT  mp3-sync=OK
  206  L09 n19  bytes 0-3/669888  Last-Modified: Sun, 06 Sep 2026 01:59:57 GMT  mp3-sync=OK
  206  L10 n7  bytes 0-3/924768  Last-Modified: Sun, 06 Sep 2026 02:00:09 GMT  mp3-sync=OK
  206  L10 n15  bytes 0-3/680832  Last-Modified: Sun, 06 Sep 2026 02:00:18 GMT  mp3-sync=OK
  206  L11 n7  bytes 0-3/568800  Last-Modified: Sun, 06 Sep 2026 02:00:28 GMT  mp3-sync=OK
  206  L11 n15  bytes 0-3/664992  Last-Modified: Sun, 06 Sep 2026 02:00:38 GMT  mp3-sync=OK
  206  L11 n19  bytes 0-3/588672  Last-Modified: Sun, 06 Sep 2026 02:00:47 GMT  mp3-sync=OK
  206  L12 n7  bytes 0-3/782208  Last-Modified: Sun, 06 Sep 2026 02:00:59 GMT  mp3-sync=OK
  206  L12 n10  bytes 0-3/871776  Last-Modified: Sun, 06 Sep 2026 02:01:11 GMT  mp3-sync=OK
  206  L12 n15  bytes 0-3/653184  Last-Modified: Sun, 06 Sep 2026 02:01:19 GMT  mp3-sync=OK

29/29 clips verified HTTP 200/206 with fresh audio.
