=== APPLY EDITS english-literature-ocr/war-of-the-worlds  125 edits  LIVE  2026-09-02T15:16:53.467Z
  ok   #0 L1.content_html [MEDIUM] F5: Wells writes 'before we judge of them too harshly' (Book One ch. 1).
  ok   #4 L1.practice_questions[0].text [MEDIUM] F5: printed extract must match the novel.
  ok   #23 L1.content_html [LOW] F15: the old text defined imperialism, not the British Empire.
  ok   #29 L1.practice_questions[0].type [HIGH] F3: this is a 19th-century prose question, not a Shakespeare essay.
  ok   #30 L1.practice_questions[0].marks [MEDIUM] F4: the old ladder named two bands 'Top band' and used non-house band names; rescaled to five equal bands over
  ok   #31 L1.practice_questions[1].type [HIGH] F3: this is a 19th-century prose question, not a Shakespeare essay.
  ok   #32 L1.practice_questions[1].marks [MEDIUM] F4: the old ladder named two bands 'Top band' and used non-house band names; rescaled to five equal bands over
  ok   #33 L1.practice_questions[2].type [HIGH] F3: this is a 19th-century prose question, not a Shakespeare essay.
  ok   #34 L1.practice_questions[2].marks [MEDIUM] F4: the old ladder named two bands 'Top band' and used non-house band names; rescaled to five equal bands over
  ok   #35 L1.practice_questions[3].type [HIGH] F3: this is a 19th-century prose question, not a Shakespeare essay.
  ok   #36 L1.practice_questions[3].marks [MEDIUM] F4: the old ladder named two bands 'Top band' and used non-house band names; rescaled to five equal bands over
  ok   #37 L1.practice_questions[4].type [HIGH] F3: this is a 19th-century prose question, not a Shakespeare essay.
  ok   #38 L1.practice_questions[4].marks [MEDIUM] F4: the old ladder named two bands 'Top band' and used non-house band names; rescaled to five equal bands over
  ok   #39 L1.practice_questions[5].type [HIGH] F3: this is a 19th-century prose question, not a Shakespeare essay.
  ok   #40 L1.practice_questions[5].marks [MEDIUM] F4: the old ladder named two bands 'Top band' and used non-house band names; rescaled to five equal bands over
  PATCH L1: content_html, practice_questions
  ok   #19 L2.content_html [MEDIUM] F10: the artillery kills a Martian at Shepperton (Book One ch. 12) and the Thunder Child kills two (ch. 17).
  ok   #20 L2.content_html [LOW] F13: the troops are the Cardigan regiment and hussars, not a militia.
  ok   #21 L2.content_html [LOW] F13: the troops are the Cardigan regiment and hussars, not a militia.
  ok   #41 L2.practice_questions[0].type [HIGH] F3: this is a 19th-century prose question, not a Shakespeare essay.
  ok   #42 L2.practice_questions[0].marks [MEDIUM] F4: the old ladder named two bands 'Top band' and used non-house band names; rescaled to five equal bands over
  ok   #43 L2.practice_questions[1].type [HIGH] F3: this is a 19th-century prose question, not a Shakespeare essay.
  ok   #44 L2.practice_questions[1].marks [MEDIUM] F4: the old ladder named two bands 'Top band' and used non-house band names; rescaled to five equal bands over
  ok   #45 L2.practice_questions[2].type [HIGH] F3: this is a 19th-century prose question, not a Shakespeare essay.
  ok   #46 L2.practice_questions[2].marks [MEDIUM] F4: the old ladder named two bands 'Top band' and used non-house band names; rescaled to five equal bands over
  ok   #47 L2.practice_questions[3].type [HIGH] F3: this is a 19th-century prose question, not a Shakespeare essay.
  ok   #48 L2.practice_questions[3].marks [MEDIUM] F4: the old ladder named two bands 'Top band' and used non-house band names; rescaled to five equal bands over
  ok   #49 L2.practice_questions[4].type [HIGH] F3: this is a 19th-century prose question, not a Shakespeare essay.
  ok   #50 L2.practice_questions[4].marks [MEDIUM] F4: the old ladder named two bands 'Top band' and used non-house band names; rescaled to five equal bands over
  ok   #51 L2.practice_questions[5].type [HIGH] F3: this is a 19th-century prose question, not a Shakespeare essay.
  ok   #52 L2.practice_questions[5].marks [MEDIUM] F4: the old ladder named two bands 'Top band' and used non-house band names; rescaled to five equal bands over
  PATCH L2: content_html, practice_questions
  ok   #14 L3.content_html [MEDIUM] F6: the red weed belongs to Book Two ch. 2; it does not appear in Book One.
  ok   #15 L3.content_html [MEDIUM] F7: the 1899 convention post-dates the 1898 novel, so it evidences the anxiety rather than influencing Wells.
  ok   #16 L3.flashcard_questions[4].a [MEDIUM] F7: makes clear the convention came after the novel.
  ok   #18 L3.content_html [MEDIUM] F9: the old definition described social breakdown, the opposite of the word it defines.
  ok   #24 L3.content_html [LOW] F16: the fight is off the Essex coast near the Blackwater; the steamer is bound for Ostend.
  ok   #53 L3.practice_questions[0].type [HIGH] F3: this is a 19th-century prose question, not a Shakespeare essay.
  ok   #54 L3.practice_questions[0].marks [MEDIUM] F4: the old ladder named two bands 'Top band' and used non-house band names; rescaled to five equal bands over
  ok   #55 L3.practice_questions[1].type [HIGH] F3: this is a 19th-century prose question, not a Shakespeare essay.
  ok   #56 L3.practice_questions[1].marks [MEDIUM] F4: the old ladder named two bands 'Top band' and used non-house band names; rescaled to five equal bands over
  ok   #57 L3.practice_questions[2].type [HIGH] F3: this is a 19th-century prose question, not a Shakespeare essay.
  ok   #58 L3.practice_questions[2].marks [MEDIUM] F4: the old ladder named two bands 'Top band' and used non-house band names; rescaled to five equal bands over
  ok   #59 L3.practice_questions[3].type [HIGH] F3: this is a 19th-century prose question, not a Shakespeare essay.
  ok   #60 L3.practice_questions[3].marks [MEDIUM] F4: the old ladder named two bands 'Top band' and used non-house band names; rescaled to five equal bands over
  ok   #61 L3.practice_questions[4].type [HIGH] F3: this is a 19th-century prose question, not a Shakespeare essay.
  ok   #62 L3.practice_questions[4].marks [MEDIUM] F4: the old ladder named two bands 'Top band' and used non-house band names; rescaled to five equal bands over
  ok   #63 L3.practice_questions[5].type [HIGH] F3: this is a 19th-century prose question, not a Shakespeare essay.
  ok   #64 L3.practice_questions[5].marks [MEDIUM] F4: the old ladder named two bands 'Top band' and used non-house band names; rescaled to five equal bands over
  PATCH L3: content_html, flashcard_questions, practice_questions
  ok   #17 L4.content_html [MEDIUM] F8: the old definition describes eugenics, not Social Darwinism, and contradicts the lesson body.
  ok   #65 L4.practice_questions[0].type [HIGH] F3: this is a 19th-century prose question, not a Shakespeare essay.
  ok   #66 L4.practice_questions[0].marks [MEDIUM] F4: the old ladder named two bands 'Top band' and used non-house band names; rescaled to five equal bands over
  ok   #67 L4.practice_questions[1].type [HIGH] F3: this is a 19th-century prose question, not a Shakespeare essay.
  ok   #68 L4.practice_questions[1].marks [MEDIUM] F4: the old ladder named two bands 'Top band' and used non-house band names; rescaled to five equal bands over
  ok   #69 L4.practice_questions[2].type [HIGH] F3: this is a 19th-century prose question, not a Shakespeare essay.
  ok   #70 L4.practice_questions[2].marks [MEDIUM] F4: the old ladder named two bands 'Top band' and used non-house band names; rescaled to five equal bands over
  ok   #71 L4.practice_questions[3].type [HIGH] F3: this is a 19th-century prose question, not a Shakespeare essay.
  ok   #72 L4.practice_questions[3].marks [MEDIUM] F4: the old ladder named two bands 'Top band' and used non-house band names; rescaled to five equal bands over
  ok   #73 L4.practice_questions[4].type [HIGH] F3: this is a 19th-century prose question, not a Shakespeare essay.
  ok   #74 L4.practice_questions[4].marks [MEDIUM] F4: the old ladder named two bands 'Top band' and used non-house band names; rescaled to five equal bands over
  ok   #75 L4.practice_questions[5].type [HIGH] F3: this is a 19th-century prose question, not a Shakespeare essay.
  ok   #76 L4.practice_questions[5].marks [MEDIUM] F4: the old ladder named two bands 'Top band' and used non-house band names; rescaled to five equal bands over
  PATCH L4: content_html, practice_questions
  ok   #22 L5.content_html [LOW] F14: the old text defined rationalism, not atheism.
  ok   #25 L5.practice_questions[0].text [MEDIUM] F12: 'present character analysis' is not an answerable question.
  ok   #26 L5.practice_questions[1].text [MEDIUM] F12: 'in relation to character analysis' is not an answerable question.
  ok   #77 L5.practice_questions[0].type [HIGH] F3: this is a 19th-century prose question, not a Shakespeare essay.
  ok   #78 L5.practice_questions[0].marks [MEDIUM] F4: the old ladder named two bands 'Top band' and used non-house band names; rescaled to five equal bands over
  ok   #79 L5.practice_questions[1].type [HIGH] F3: this is a 19th-century prose question, not a Shakespeare essay.
  ok   #80 L5.practice_questions[1].marks [MEDIUM] F4: the old ladder named two bands 'Top band' and used non-house band names; rescaled to five equal bands over
  ok   #81 L5.practice_questions[2].type [HIGH] F3: this is a 19th-century prose question, not a Shakespeare essay.
  ok   #82 L5.practice_questions[2].marks [MEDIUM] F4: the old ladder named two bands 'Top band' and used non-house band names; rescaled to five equal bands over
  ok   #83 L5.practice_questions[3].type [HIGH] F3: this is a 19th-century prose question, not a Shakespeare essay.
  ok   #84 L5.practice_questions[3].marks [MEDIUM] F4: the old ladder named two bands 'Top band' and used non-house band names; rescaled to five equal bands over
  ok   #85 L5.practice_questions[4].type [HIGH] F3: this is a 19th-century prose question, not a Shakespeare essay.
  ok   #86 L5.practice_questions[4].marks [MEDIUM] F4: the old ladder named two bands 'Top band' and used non-house band names; rescaled to five equal bands over
  ok   #87 L5.practice_questions[5].type [HIGH] F3: this is a 19th-century prose question, not a Shakespeare essay.
  ok   #88 L5.practice_questions[5].marks [MEDIUM] F4: the old ladder named two bands 'Top band' and used non-house band names; rescaled to five equal bands over
  PATCH L5: content_html, practice_questions
  ok   #89 L6.practice_questions[0].type [HIGH] F3: this is a 19th-century prose question, not a Shakespeare essay.
  ok   #90 L6.practice_questions[0].marks [MEDIUM] F4: the old ladder named two bands 'Top band' and used non-house band names; rescaled to five equal bands over
  ok   #91 L6.practice_questions[1].type [HIGH] F3: this is a 19th-century prose question, not a Shakespeare essay.
  ok   #92 L6.practice_questions[1].marks [MEDIUM] F4: the old ladder named two bands 'Top band' and used non-house band names; rescaled to five equal bands over
  ok   #93 L6.practice_questions[2].type [HIGH] F3: this is a 19th-century prose question, not a Shakespeare essay.
  ok   #94 L6.practice_questions[2].marks [MEDIUM] F4: the old ladder named two bands 'Top band' and used non-house band names; rescaled to five equal bands over
  ok   #95 L6.practice_questions[3].type [HIGH] F3: this is a 19th-century prose question, not a Shakespeare essay.
  ok   #96 L6.practice_questions[3].marks [MEDIUM] F4: the old ladder named two bands 'Top band' and used non-house band names; rescaled to five equal bands over
  ok   #97 L6.practice_questions[4].type [HIGH] F3: this is a 19th-century prose question, not a Shakespeare essay.
  ok   #98 L6.practice_questions[4].marks [MEDIUM] F4: the old ladder named two bands 'Top band' and used non-house band names; rescaled to five equal bands over
  ok   #99 L6.practice_questions[5].type [HIGH] F3: this is a 19th-century prose question, not a Shakespeare essay.
  ok   #100 L6.practice_questions[5].marks [MEDIUM] F4: the old ladder named two bands 'Top band' and used non-house band names; rescaled to five equal bands over
  PATCH L6: practice_questions
  ok   #1 L7.content_html [MEDIUM] F5: restores Wells's wording 'judge of them'.
  ok   #5 L7.flashcard_questions[2].a [MEDIUM] F5: flashcard taught the wrong wording.
  ok   #101 L7.practice_questions[0].type [HIGH] F3: this is a 19th-century prose question, not a Shakespeare essay.
  ok   #102 L7.practice_questions[0].marks [MEDIUM] F4: the old ladder named two bands 'Top band' and used non-house band names; rescaled to five equal bands over
  ok   #103 L7.practice_questions[1].type [HIGH] F3: this is a 19th-century prose question, not a Shakespeare essay.
  ok   #104 L7.practice_questions[1].marks [MEDIUM] F4: the old ladder named two bands 'Top band' and used non-house band names; rescaled to five equal bands over
  ok   #105 L7.practice_questions[2].type [HIGH] F3: this is a 19th-century prose question, not a Shakespeare essay.
  ok   #106 L7.practice_questions[2].marks [MEDIUM] F4: the old ladder named two bands 'Top band' and used non-house band names; rescaled to five equal bands over
  ok   #107 L7.practice_questions[3].type [HIGH] F3: this is a 19th-century prose question, not a Shakespeare essay.
  ok   #108 L7.practice_questions[3].marks [MEDIUM] F4: the old ladder named two bands 'Top band' and used non-house band names; rescaled to five equal bands over
  ok   #109 L7.practice_questions[4].type [HIGH] F3: this is a 19th-century prose question, not a Shakespeare essay.
  ok   #110 L7.practice_questions[4].marks [MEDIUM] F4: the old ladder named two bands 'Top band' and used non-house band names; rescaled to five equal bands over
  ok   #111 L7.practice_questions[5].type [HIGH] F3: this is a 19th-century prose question, not a Shakespeare essay.
  ok   #112 L7.practice_questions[5].marks [MEDIUM] F4: the old ladder named two bands 'Top band' and used non-house band names; rescaled to five equal bands over
  PATCH L7: content_html, flashcard_questions, practice_questions
  ok   #2 L8.content_html [MEDIUM] F5: memorisation bank must carry Wells's exact wording.
  ok   #3 L8.content_html [MEDIUM] F5: memorisation bank must carry Wells's exact wording.
  ok   #6 L8.flashcard_questions[6].q [MEDIUM] F5: cloze taught the wrong wording; answers unchanged.
  ok   #7 L8.knowledge_checks[4].left[0] [MEDIUM] F5: matching item taught the wrong wording.
  ok   #8 L8.content_html [HIGH] F1: the old wording is not in the novel. Wells: 'By ten o'clock the police organisation, and by midday even th
  ok   #9 L8.content_html [HIGH] F2: AO4 is assessed in this section (spec 3h). The paper also carries the modern prose or drama question, so i
  ok   #10 L8.content_html [HIGH] F2: the lesson taught three Assessment Objectives; four are assessed on this question.
  ok   #11 L8.flashcard_questions[0].a [MEDIUM] F11: removed the spec code and the wrong paper description.
  ok   #12 L8.flashcard_questions[1].a [LOW] F23: a bare AO code before a full stop is a banned pattern in the house validator.
  ok   #13 L8.flashcard_questions[2].a [LOW] F23: a bare AO code before a full stop is a banned pattern in the house validator.
  ok   #27 L8.practice_questions[0].text [MEDIUM] F12: 'present exam technique' is not an answerable question.
  ok   #28 L8.practice_questions[1].text [MEDIUM] F12: 'in relation to exam technique' is not an answerable question.
  ok   #113 L8.practice_questions[0].type [HIGH] F3: this is a 19th-century prose question, not a Shakespeare essay.
  ok   #114 L8.practice_questions[0].marks [MEDIUM] F4: the old ladder named two bands 'Top band' and used non-house band names; rescaled to five equal bands over
  ok   #115 L8.practice_questions[1].type [HIGH] F3: this is a 19th-century prose question, not a Shakespeare essay.
  ok   #116 L8.practice_questions[1].marks [MEDIUM] F4: the old ladder named two bands 'Top band' and used non-house band names; rescaled to five equal bands over
  ok   #117 L8.practice_questions[2].type [HIGH] F3: this is a 19th-century prose question, not a Shakespeare essay.
  ok   #118 L8.practice_questions[2].marks [MEDIUM] F4: the old ladder named two bands 'Top band' and used non-house band names; rescaled to five equal bands over
  ok   #119 L8.practice_questions[3].type [HIGH] F3: this is a 19th-century prose question, not a Shakespeare essay.
  ok   #120 L8.practice_questions[3].marks [MEDIUM] F4: the old ladder named two bands 'Top band' and used non-house band names; rescaled to five equal bands over
  ok   #121 L8.practice_questions[4].type [HIGH] F3: this is a 19th-century prose question, not a Shakespeare essay.
  ok   #122 L8.practice_questions[4].marks [MEDIUM] F4: the old ladder named two bands 'Top band' and used non-house band names; rescaled to five equal bands over
  ok   #123 L8.practice_questions[5].type [HIGH] F3: this is a 19th-century prose question, not a Shakespeare essay.
  ok   #124 L8.practice_questions[5].marks [MEDIUM] F4: the old ladder named two bands 'Top band' and used non-house band names; rescaled to five equal bands over
  PATCH L8: content_html, flashcard_questions, knowledge_checks, practice_questions
=== 125 applied, 0 skipped, 8 lessons / 19 fields changed
