
=== RE-NARRATION (changed narrated text only) ===
backup: C:\Users\tshau\Documents\Study Vault\scripts\_retrofc\units\separate-sciences-ocr-b__physics-particle-models-universe\_backup.json
unit:   separate-sciences-ocr-b / physics-particle-models-universe
run: 2026-09-05T18:20:31Z  mode: LIVE
  L01: no narrated field changed -> skip
  L04: fields edited but no narrated text changed -> skip

2 lessons, 4 clips to regenerate

  L02 (Ada)  Solids, Springs and Hooke's Law
      n15: Plot force (y-axis) against extension (x-axis). The straight-line section through the origin shows Hooke’s law
             -> 222 KB, 19.0s, uploaded
      manifest updated (31 entries)
  L03 (Ollie)  Gases, Pressure and Fluids
      n29: Key Fact . Atmospheric pressure decreases with altitude because the column of air above is shorter and less de
             -> 171 KB, 14.6s, uploaded
      n30: When applying Boyle’s law p sub 1 V sub 1 equals p sub 2 V sub 2, check that temperature is stated as constant
             -> 436 KB, 37.2s, uploaded
      n34: Atmospheric pressure decreases with altitude because there is less air above. (Higher tier) Pressure in a liqu
             -> 184 KB, 15.7s, uploaded
      manifest updated (34 entries)

Regenerated 4 clips.

=== VERIFY (ranged GET + freshness) ===
  206  L02 n15  bytes 0-3/227808  Last-Modified: Sat, 05 Sep 2026 18:20:37 GMT  mp3-sync=OK
  206  L03 n29  bytes 0-3/175392  Last-Modified: Sat, 05 Sep 2026 18:20:40 GMT  mp3-sync=OK
  206  L03 n30  bytes 0-3/446688  Last-Modified: Sat, 05 Sep 2026 18:20:46 GMT  mp3-sync=OK
  206  L03 n34  bytes 0-3/188640  Last-Modified: Sat, 05 Sep 2026 18:20:49 GMT  mp3-sync=OK

4/4 clips verified HTTP 200/206 with fresh audio.
