=== APPLY EDITS english-literature-edexcel/a-christmas-carol  80 edits  LIVE  2026-09-02T07:14:40.035Z
  ok   #0 L1.content_html [MEDIUM] F1: Malthus died in 1834, three years before Victoria came to the throne, so he was never a Victorian.
  ok   #1 L1.glossary_terms[3].definition [MEDIUM] F1: same correction in the glossary.
  ok   #2 L1.flashcard_questions[6].a [MEDIUM] F1: same correction on the flashcard.
  ok   #3 L1.exam_tip_html [HIGH] F2: part (a) is AO2 only and part (b) is AO1 only on this section; the old text also used a banned section cod
  ok   #4 L1.exam_tip_html [HIGH] F2: AO3 (context) is not assessed on the 19th-century novel section.
  ok   #24 L1.practice_questions[2].text [HIGH] F20: context is not assessed on the 19th-century novel section, and the real paper carries no such instruction
  ok   #25 L1.practice_questions[2].type [MEDIUM] F21: this is a whole-novel essay, not an extract question.
  ok   #26 L1.practice_questions[3].text [HIGH] F20: context is not assessed on the 19th-century novel section, and the real paper carries no such instruction
  ok   #27 L1.practice_questions[3].type [MEDIUM] F21: this is a whole-novel essay, not an extract question.
  ok   #52 L1.practice_questions[0].marks [MEDIUM] F22: "Level N" band names are banned in lesson fields; replaced with the house ladder.
  ok   #53 L1.practice_questions[1].marks [MEDIUM] F22: "Level N" band names are banned in lesson fields; replaced with the house ladder.
  ok   #54 L1.practice_questions[2].marks [MEDIUM] F22: "Level N" band names are banned in lesson fields; replaced with the house ladder.
  ok   #55 L1.practice_questions[3].marks [MEDIUM] F22: "Level N" band names are banned in lesson fields; replaced with the house ladder.
  PATCH L1: content_html, glossary_terms, flashcard_questions, exam_tip_html, practice_questions
  ok   #5 L2.content_html [HIGH] F3: the first line is "Marley was dead: to begin with." The door-nail simile comes five sentences later.
  ok   #6 L2.knowledge_checks[0].correct [HIGH] F3: the key marked the true first line wrong. Option 1 is "Marley was dead: to begin with."
  ok   #7 L2.content_html [MEDIUM] F4: that was the definition of alliteration, not sibilance. The glossary already has it right.
  ok   #8 L2.content_html [HIGH] F5: the Ghost says this of the coil Scrooge already bears, not of Marley's chain.
  ok   #9 L2.content_html [LOW] F6: Dickens writes "It was cold, bleak, biting weather"; the phrase describes the weather, not the fog.
  ok   #28 L2.practice_questions[2].text [HIGH] F20: context is not assessed on the 19th-century novel section, and the real paper carries no such instruction
  ok   #29 L2.practice_questions[2].type [MEDIUM] F21: this is a whole-novel essay, not an extract question.
  ok   #30 L2.practice_questions[3].text [HIGH] F20: context is not assessed on the 19th-century novel section, and the real paper carries no such instruction
  ok   #31 L2.practice_questions[3].type [MEDIUM] F21: this is a whole-novel essay, not an extract question.
  ok   #56 L2.practice_questions[0].marks [MEDIUM] F22: "Level N" band names are banned in lesson fields; replaced with the house ladder.
  ok   #57 L2.practice_questions[1].marks [MEDIUM] F22: "Level N" band names are banned in lesson fields; replaced with the house ladder.
  ok   #58 L2.practice_questions[2].marks [MEDIUM] F22: "Level N" band names are banned in lesson fields; replaced with the house ladder.
  ok   #59 L2.practice_questions[3].marks [MEDIUM] F22: "Level N" band names are banned in lesson fields; replaced with the house ladder.
  PATCH L2: content_html, knowledge_checks, practice_questions
  ok   #10 L3.content_html [LOW] F8: the text reads "which streamed from under it".
  ok   #11 L3.exam_tip_html [LOW] F9: Belle says "Another idol has displaced me" and "A golden one." "Golden idol" is not in the novella.
  ok   #32 L3.practice_questions[2].text [HIGH] F20: context is not assessed on the 19th-century novel section, and the real paper carries no such instruction
  ok   #33 L3.practice_questions[2].type [MEDIUM] F21: this is a whole-novel essay, not an extract question.
  ok   #34 L3.practice_questions[3].text [HIGH] F20: context is not assessed on the 19th-century novel section, and the real paper carries no such instruction
  ok   #35 L3.practice_questions[3].type [MEDIUM] F21: this is a whole-novel essay, not an extract question.
  ok   #60 L3.practice_questions[0].marks [MEDIUM] F22: "Level N" band names are banned in lesson fields; replaced with the house ladder.
  ok   #61 L3.practice_questions[1].marks [MEDIUM] F22: "Level N" band names are banned in lesson fields; replaced with the house ladder.
  ok   #62 L3.practice_questions[2].marks [MEDIUM] F22: "Level N" band names are banned in lesson fields; replaced with the house ladder.
  ok   #63 L3.practice_questions[3].marks [MEDIUM] F22: "Level N" band names are banned in lesson fields; replaced with the house ladder.
  PATCH L3: content_html, exam_tip_html, practice_questions
  ok   #12 L4.content_html [MEDIUM] F10: the text reads "vacant seat", and the conditional follows the image rather than opening it.
  ok   #13 L4.content_html [MEDIUM] F10: follows the corrected quotation.
  ok   #14 L4.flashcard_questions[9].a [MEDIUM] F10: same correction on the memorisation card.
  ok   #36 L4.practice_questions[2].text [HIGH] F20: context is not assessed on the 19th-century novel section, and the real paper carries no such instruction
  ok   #37 L4.practice_questions[2].type [MEDIUM] F21: this is a whole-novel essay, not an extract question.
  ok   #38 L4.practice_questions[3].text [HIGH] F20: context is not assessed on the 19th-century novel section, and the real paper carries no such instruction
  ok   #39 L4.practice_questions[3].type [MEDIUM] F21: this is a whole-novel essay, not an extract question.
  ok   #64 L4.practice_questions[0].marks [MEDIUM] F22: "Level N" band names are banned in lesson fields; replaced with the house ladder.
  ok   #65 L4.practice_questions[1].marks [MEDIUM] F22: "Level N" band names are banned in lesson fields; replaced with the house ladder.
  ok   #66 L4.practice_questions[2].marks [MEDIUM] F22: "Level N" band names are banned in lesson fields; replaced with the house ladder.
  ok   #67 L4.practice_questions[3].marks [MEDIUM] F22: "Level N" band names are banned in lesson fields; replaced with the house ladder.
  PATCH L4: content_html, flashcard_questions, practice_questions
  ok   #15 L5.content_html [MEDIUM] F11: the tooltip for "simile" gave the definition of metaphor.
  ok   #16 L5.content_html [MEDIUM] F12: the reader knows no more than Scrooge here, and the definition had been widened until it no longer descri
  ok   #17 L5.glossary_terms[1].definition [MEDIUM] F12: restores the standard definition.
  ok   #40 L5.practice_questions[2].text [HIGH] F20: context is not assessed on the 19th-century novel section, and the real paper carries no such instruction
  ok   #41 L5.practice_questions[2].type [MEDIUM] F21: this is a whole-novel essay, not an extract question.
  ok   #42 L5.practice_questions[3].text [HIGH] F20: context is not assessed on the 19th-century novel section, and the real paper carries no such instruction
  ok   #43 L5.practice_questions[3].type [MEDIUM] F21: this is a whole-novel essay, not an extract question.
  ok   #68 L5.practice_questions[0].marks [MEDIUM] F22: "Level N" band names are banned in lesson fields; replaced with the house ladder.
  ok   #69 L5.practice_questions[1].marks [MEDIUM] F22: "Level N" band names are banned in lesson fields; replaced with the house ladder.
  ok   #70 L5.practice_questions[2].marks [MEDIUM] F22: "Level N" band names are banned in lesson fields; replaced with the house ladder.
  ok   #71 L5.practice_questions[3].marks [MEDIUM] F22: "Level N" band names are banned in lesson fields; replaced with the house ladder.
  PATCH L5: content_html, glossary_terms, practice_questions
  ok   #44 L6.practice_questions[2].text [HIGH] F20: context is not assessed on the 19th-century novel section, and the real paper carries no such instruction
  ok   #45 L6.practice_questions[2].type [MEDIUM] F21: this is a whole-novel essay, not an extract question.
  ok   #46 L6.practice_questions[3].text [HIGH] F20: context is not assessed on the 19th-century novel section, and the real paper carries no such instruction
  ok   #47 L6.practice_questions[3].type [MEDIUM] F21: this is a whole-novel essay, not an extract question.
  ok   #72 L6.practice_questions[0].marks [MEDIUM] F22: "Level N" band names are banned in lesson fields; replaced with the house ladder.
  ok   #73 L6.practice_questions[1].marks [MEDIUM] F22: "Level N" band names are banned in lesson fields; replaced with the house ladder.
  ok   #74 L6.practice_questions[2].marks [MEDIUM] F22: "Level N" band names are banned in lesson fields; replaced with the house ladder.
  ok   #75 L6.practice_questions[3].marks [MEDIUM] F22: "Level N" band names are banned in lesson fields; replaced with the house ladder.
  PATCH L6: practice_questions
  ok   #18 L7.description [LOW] F19: removes a banned section code from the description.
  ok   #19 L7.content_html [LOW] F13: the allocation is known for this board, so the hedge sent students away for a fact the lesson should stat
  ok   #20 L7.content_html [HIGH] F15: part (a) is AO2 only, part (b) is AO1 only, and AO3 (context) is not assessed here.
  ok   #21 L7.content_html [MEDIUM] F17: the step told students to spend time on context that earns nothing on this section.
  ok   #22 L7.conclusion_html [HIGH] F16: the takeaway gave both parts both objectives; each part carries one.
  ok   #23 L7.practice_questions[5].marks [MEDIUM] F18: part (b) does not carry AO2, and context earns nothing on this section.
  ok   #48 L7.practice_questions[2].text [HIGH] F20: context is not assessed on the 19th-century novel section, and the real paper carries no such instruction
  ok   #49 L7.practice_questions[2].type [MEDIUM] F21: this is a whole-novel essay, not an extract question.
  ok   #50 L7.practice_questions[3].text [HIGH] F20: context is not assessed on the 19th-century novel section, and the real paper carries no such instruction
  ok   #51 L7.practice_questions[3].type [MEDIUM] F21: this is a whole-novel essay, not an extract question.
  ok   #76 L7.practice_questions[0].marks [MEDIUM] F22: "Level N" band names are banned in lesson fields; replaced with the house ladder.
  ok   #77 L7.practice_questions[1].marks [MEDIUM] F22: "Level N" band names are banned in lesson fields; replaced with the house ladder.
  ok   #78 L7.practice_questions[2].marks [MEDIUM] F22: "Level N" band names are banned in lesson fields; replaced with the house ladder.
  ok   #79 L7.practice_questions[3].marks [MEDIUM] F22: "Level N" band names are banned in lesson fields; replaced with the house ladder.
  PATCH L7: description, content_html, conclusion_html, practice_questions
=== 80 applied, 0 skipped, 7 lessons / 22 fields changed
