
=== RE-NARRATION (changed narrated text only) ===
backup: C:\Users\tshau\Documents\Study Vault\scripts\_retrofc\units\english-literature-edexcel__a-christmas-carol\_backup.json
unit:   english-literature-edexcel / a-christmas-carol
run: 2026-09-02T07:14:43Z  mode: LIVE
  L06: no narrated field changed -> skip

6 lessons, 12 clips to regenerate

  L01 (Ollie)  Context: Victorian Poverty & Dickens' Purpose
      n18: In the Edexcel 19th-century novel question you get a printed extract and answer two parts. Part (a) is worth 2
             -> 597 KB, 51.0s, uploaded
      manifest updated (22 entries)
  L02 (Ada)  Stave 1: Scrooge & Marley's Ghost
      n2: Dickens opens the novella with a blunt statement of fact: “Marley was dead: to begin with.” A few lines later 
             -> 418 KB, 35.7s, uploaded
      n9: Stave 1 takes place on Christmas Eve in Scrooge’s counting house . Dickens uses pathetic fallacy to externalis
             -> 377 KB, 32.1s, uploaded
      n13: Marley tells Scrooge that Scrooge’s own chain was “full as heavy and as long as this, seven Christmas Eves ago
             -> 324 KB, 27.7s, uploaded
      manifest updated (20 entries)
  L03 (Ollie)  Stave 2: The Ghost of Christmas Past
      n3: Scrooge notices that the spirit has an extinguisher cap tucked under its arm. This cap can put out the spirit’
             -> 362 KB, 30.9s, uploaded
      n17: When analysing Stave 2 in the exam, always consider the structural purpose of each memory. Dickens does not sh
             -> 321 KB, 27.4s, uploaded
      manifest updated (21 entries)
  L04 (Ada)  Stave 3: The Ghost of Christmas Present
      n10: When Scrooge asks whether Tim will live, the spirit delivers a devastating reply: “I see a vacant seat … and a
             -> 455 KB, 38.8s, uploaded
      manifest updated (21 entries)
  L05 (Ollie)  Staves 4 & 5: Redemption
      n7: Dickens withholds the dead man’s identity, building suspense. The reader — and Scrooge — suspects it is Scroog
             -> 435 KB, 37.1s, uploaded
      manifest updated (21 entries)
  L07 (Ollie)  Key Themes & Exam Technique
      n13: Most GCSE papers place the nineteenth-century novel in a closed book section — you cannot take the text in wit
             -> 243 KB, 20.7s, uploaded
      n14: Key Fact . The extract task gives you a passage of around 400 words and asks you to analyse Dickens’s use of l
             -> 352 KB, 30.1s, uploaded
      n17: Step 1: Do NOT repeat material from the extract task. The wider-text task tests your knowledge of the whole te
             -> 550 KB, 47.0s, uploaded
      n24: For the Edexcel two-part question: Part (a) is 20 marks for close language analysis of the printed extract (AO
             -> 208 KB, 17.8s, uploaded
      manifest updated (25 entries)

Regenerated 12 clips.

=== VERIFY (ranged GET + freshness) ===
  206  L01 n18  bytes 0-3/611712  Last-Modified: Wed, 02 Sep 2026 07:14:54 GMT  mp3-sync=OK
  206  L02 n2  bytes 0-3/427968  Last-Modified: Wed, 02 Sep 2026 07:15:00 GMT  mp3-sync=OK
  206  L02 n9  bytes 0-3/385632  Last-Modified: Wed, 02 Sep 2026 07:15:05 GMT  mp3-sync=OK
  206  L02 n13  bytes 0-3/332064  Last-Modified: Wed, 02 Sep 2026 07:15:10 GMT  mp3-sync=OK
  206  L03 n3  bytes 0-3/370656  Last-Modified: Wed, 02 Sep 2026 07:15:15 GMT  mp3-sync=OK
  206  L03 n17  bytes 0-3/328896  Last-Modified: Wed, 02 Sep 2026 07:15:20 GMT  mp3-sync=OK
  206  L04 n10  bytes 0-3/465696  Last-Modified: Wed, 02 Sep 2026 07:15:28 GMT  mp3-sync=OK
  206  L05 n7  bytes 0-3/444960  Last-Modified: Wed, 02 Sep 2026 07:15:34 GMT  mp3-sync=OK
  206  L07 n13  bytes 0-3/248832  Last-Modified: Wed, 02 Sep 2026 07:15:38 GMT  mp3-sync=OK
  206  L07 n14  bytes 0-3/360576  Last-Modified: Wed, 02 Sep 2026 07:15:43 GMT  mp3-sync=OK
  206  L07 n17  bytes 0-3/563616  Last-Modified: Wed, 02 Sep 2026 07:15:51 GMT  mp3-sync=OK
  206  L07 n24  bytes 0-3/213120  Last-Modified: Wed, 02 Sep 2026 07:15:54 GMT  mp3-sync=OK

12/12 clips verified HTTP 200/206 with fresh audio.
