=== APPLY EDITS physical-education-aqa/human-body-and-movement  22 edits  LIVE  2026-09-06T09:29:18.930Z
  ok   #12 L1.content_html [MEDIUM] F11: fabricated mark-scheme claim.
  ok   #13 L1.content_html [MEDIUM] F11: fabricated band claim.
  ok   #18 L1.flashcard_questions[3].a [LOW] F15: the old answer restated the term and answered neither half of the question.
  PATCH L1: content_html, flashcard_questions
  ok   #0 L2.content_html [HIGH] F1: the down phase of a press-up is elbow flexion; extension is the push back up.
  ok   #14 L2.content_html [MEDIUM] F12: invented mark allocation; the advice itself is kept.
  PATCH L2: content_html
  ok   #5 L3.content_html [MEDIUM] F6: cricket bowling is the spec's circumduction example, so it moves to the next sentence.
  ok   #6 L3.content_html [MEDIUM] F6: spec 3.1.2.1 names the shoulder action during cricket bowling; a javelin throw is not circumduction.
  PATCH L3: content_html
  ok   #11 L7.content_html [MEDIUM] F10: removes an unverifiable personal statistic and a wrong description of Farah's peak career.
  PATCH L7: content_html
  ok   #1 L8.content_html [HIGH] F2: FLE puts the fulcrum at the end; a first class lever reads LFE or EFL.
  ok   #2 L8.content_html [HIGH] F3: plantar flexion is at the ankle, and both arms are measured from the fulcrum. The 6 divided by 4 = 1.5 res
  ok   #3 L8.content_html [MEDIUM] F4: replaces incoherent generation residue in the revision tip.
  ok   #4 L8.content_html [MEDIUM] F5: invented mark-scheme requirement, and LFE is only the first class order.
  PATCH L8: content_html
  ok   #9 L10.content_html [MEDIUM] F8: a 10 to 12 second sprint is not muscular endurance by the lesson's own definition.
  ok   #10 L10.content_html [MEDIUM] F9: body composition is not a component of fitness on this specification.
  PATCH L10: content_html
  ok   #7 L11.content_html [MEDIUM] F7: the partner holds the top of the ruler; 0 cm sits at the performer's hand so the reading is the distance f
  ok   #8 L11.practice_questions[2].marks [MEDIUM] F7: the mark scheme must match the corrected set-up.
  ok   #20 L11.content_html [?] 
  ok   #21 L11.content_html [?] 
  PATCH L11: content_html, practice_questions
  ok   #15 L12.exam_tip_html [LOW] F13: fabricated mark-scheme attribution.
  PATCH L12: exam_tip_html
  ok   #16 L13.exam_tip_html [LOW] F14: fabricated examiner claim.
  ok   #17 L13.content_html [LOW] F14: fabricated examiner claim.
  PATCH L13: exam_tip_html, content_html
  ok   #19 L14.knowledge_checks[1].options[2] [?] 
  PATCH L14: knowledge_checks
=== 22 applied, 0 skipped, 10 lessons / 13 fields changed
