
=== RE-NARRATION (changed narrated text only) ===
backup: C:\Users\tshau\Documents\Study Vault\scripts\_retrofc\units\physical-education-aqa__human-body-and-movement\_backup.json
unit:   physical-education-aqa / human-body-and-movement
run: 2026-09-06T09:29:24Z  mode: LIVE
  L14: no narrated field changed -> skip

9 lessons, 14 clips to regenerate

  L01 (Ollie)  The Skeleton: Structure and Functions
      n20: A common mistake is to write only about support and movement when asked for skeletal functions. All six functi
             -> 323 KB, 27.5s, uploaded
      manifest updated (25 entries)
  L02 (Ada)  Muscles and Antagonistic Pairs
      n5: At the elbow, the biceps sits on the front of the upper arm. During elbow flexion (the upward phase of a bicep
             -> 385 KB, 32.9s, uploaded
      n10: A very common error in exams is to name a single muscle as ‘the agonist’ without specifying the joint, the dir
             -> 349 KB, 29.8s, uploaded
      manifest updated (22 entries)
  L03 (Ollie)  Synovial Joints and Types of Movement
      n16: Rotation of the shoulder is turning the arm in or out along its long axis. A tennis player rotates the arm at 
             -> 278 KB, 23.7s, uploaded
      manifest updated (25 entries)
  L07 (Ollie)  Short and Long Term Effects of Exercise
      n12: Two of the most significant long-term cardiovascular adaptations are cardiac hypertrophy and bradycardia . Car
             -> 483 KB, 41.2s, uploaded
      manifest updated (19 entries)
  L08 (Ada)  Lever Systems and Mechanical Advantage
      n3: Key Fact . The three lever classes by component order along the lever bar: First class — Fulcrum between Load 
             -> 333 KB, 28.4s, uploaded
      n10: A very common exam error is mis-labelling the positions of the fulcrum, load and effort on a lever drawing, or
             -> 589 KB, 50.3s, uploaded
      n14: Imagine a simplified model of the ankle during plantar flexion (second class lever). The fulcrum is the ball o
             -> 805 KB, 68.7s, uploaded
      manifest updated (20 entries)
  L10 (Ada)  Health, Fitness and the Components of Fitness
      n20: A 100m sprinter needs: (1) reaction time — to leave the blocks the instant the starter’s pistol fires, reducin
             -> 458 KB, 39.0s, uploaded
      manifest updated (25 entries)
  L11 (Ollie)  Fitness Testing: Procedures and Validity
      n13: Ruler Drop Test — measures reaction time. A partner holds a ruler vertically so that the 0 cm mark is level wi
             -> 308 KB, 26.3s, uploaded
      n17: Key Fact . Test names by component: agility → Illinois Agility Test; balance → Stork Stand; cardiovascular end
             -> 267 KB, 22.8s, uploaded
      manifest updated (26 entries)
  L12 (Ada)  Principles of Training: SPORT and FITT
      n19: On a “9-mark Evaluate” question about training principles or a training programme, the most common error is wr
             -> 592 KB, 50.5s, uploaded
      manifest updated (23 entries)
  L13 (Ollie)  Methods of Training
      n12: Many students assume interval training is always anaerobic because of the repeated high-intensity efforts. In 
             -> 392 KB, 33.4s, uploaded
      n25: On a 9-mark ‘Evaluate’ question about training methods, the most common error is producing a one-sided answer 
             -> 483 KB, 41.2s, uploaded
      manifest updated (29 entries)

Regenerated 14 clips.

=== VERIFY (ranged GET + freshness) ===
  206  L01 n20  bytes 0-3/330336  Last-Modified: Sun, 06 Sep 2026 09:29:34 GMT  mp3-sync=OK
  206  L02 n5  bytes 0-3/394272  Last-Modified: Sun, 06 Sep 2026 09:29:41 GMT  mp3-sync=OK
  206  L02 n10  bytes 0-3/357408  Last-Modified: Sun, 06 Sep 2026 09:29:47 GMT  mp3-sync=OK
  206  L03 n16  bytes 0-3/284544  Last-Modified: Sun, 06 Sep 2026 09:29:53 GMT  mp3-sync=OK
  206  L07 n12  bytes 0-3/494784  Last-Modified: Sun, 06 Sep 2026 09:30:00 GMT  mp3-sync=OK
  206  L08 n3  bytes 0-3/341280  Last-Modified: Sun, 06 Sep 2026 09:30:06 GMT  mp3-sync=OK
  206  L08 n10  bytes 0-3/603072  Last-Modified: Sun, 06 Sep 2026 09:30:15 GMT  mp3-sync=OK
  206  L08 n14  bytes 0-3/824256  Last-Modified: Sun, 06 Sep 2026 09:30:26 GMT  mp3-sync=OK
  206  L10 n20  bytes 0-3/468576  Last-Modified: Sun, 06 Sep 2026 09:30:35 GMT  mp3-sync=OK
  206  L11 n13  bytes 0-3/315648  Last-Modified: Sun, 06 Sep 2026 09:30:42 GMT  mp3-sync=OK
  206  L11 n17  bytes 0-3/273024  Last-Modified: Sun, 06 Sep 2026 09:30:47 GMT  mp3-sync=OK
  206  L12 n19  bytes 0-3/606240  Last-Modified: Sun, 06 Sep 2026 09:30:57 GMT  mp3-sync=OK
  206  L13 n12  bytes 0-3/401184  Last-Modified: Sun, 06 Sep 2026 09:31:04 GMT  mp3-sync=OK
  206  L13 n25  bytes 0-3/494784  Last-Modified: Sun, 06 Sep 2026 09:31:12 GMT  mp3-sync=OK

14/14 clips verified HTTP 200/206 with fresh audio.
