=== APPLY EDITS film-studies-eduqas/us-mainstream-comparative  13 edits  LIVE  2026-09-05T13:10:03.605Z
  ok   #0 L2.content_html [MEDIUM] F1: Warner Bros. distributed the film; Richard Donner Production made it.
  ok   #1 L2.content_html [MEDIUM] F1: identify Warner Bros. accurately as the distributor.
  ok   #2 L2.knowledge_checks[0].q [MEDIUM] F1: Warner Bros. distributed rather than produced The Lost Boys.
  ok   #3 L2.content_html [MEDIUM] F2: Dracula predates rigid Production Code enforcement.
  ok   #4 L2.exam_tip_html [MEDIUM] F3: the gang takes Michael to a railway bridge.
  PATCH L2: content_html, knowledge_checks, exam_tip_html
  ok   #5 L4.content_html [MEDIUM] F4: the Hays Code restricted sexual content, not all physical intimacy.
  PATCH L4: content_html
  ok   #6 L5.content_html [MEDIUM] F5: Ferris jumps onto a float in an actual parade.
  PATCH L5: content_html
  ok   #7 L6.content_html [MEDIUM] F6: Allied Artists distributed the independent Walter Wanger production.
  ok   #8 L6.content_html [MEDIUM] F6: correct the production and distribution credit.
  PATCH L6: content_html
  ok   #9 L7.content_html [HIGH] F7: the specification assigns 50 marks to the comparative section, not to one question.
  ok   #10 L7.content_html [HIGH] F8: the comparison question assesses AO2 only.
  ok   #11 L7.content_html [MEDIUM] F9: the Code restricted sexual content rather than all physical intimacy.
  ok   #12 L7.flashcard_questions[10].a [MEDIUM] F9: correct the description of the Code's restriction.
  PATCH L7: content_html, flashcard_questions
=== 13 applied, 0 skipped, 5 lessons / 8 fields changed
