
=== RE-NARRATION (changed narrated text only) ===
backup: C:\Users\tshau\Documents\Study Vault\scripts\_retrofc\units\film-studies-eduqas__us-mainstream-comparative\_backup.json
unit:   film-studies-eduqas / us-mainstream-comparative
run: 2026-09-05T13:10:07Z  mode: LIVE

5 lessons, 11 clips to regenerate

  L02 (Ada)  Dracula and The Lost Boys: Vampires Across Eras
      n2: The vampire is one of cinema’s most durable figures, but the films that use it look nothing alike across time.
             -> 597 KB, 51.0s, uploaded
      n3: Key Fact . Dracula (1931): directed by Tod Browning, cinematographer Karl Freund, Universal Pictures. Made at 
             -> 331 KB, 28.2s, uploaded
      n10: In genre theory, the monster is understood as a displaced social anxiety — it embodies what a culture fears bu
             -> 432 KB, 36.8s, uploaded
      n17: For the compare-and-contrast question on this pair, the most important structural move is to match a comparabl
             -> 876 KB, 74.8s, uploaded
      manifest updated (21 entries)
  L04 (Ada)  Pillow Talk and When Harry Met Sally: The Romantic Comedy
      n9: The mise-en-scene of each apartment communicates character in a single glance: Jan’s restrained professionalis
             -> 293 KB, 25.0s, uploaded
      manifest updated (26 entries)
  L05 (Ollie)  Rebel Without a Cause and Ferris Bueller's Day Off: Teen Rebellion
      n16: Hughes stages the parade sequence as a sustained spectacle. Ferris joins a parade float and lip-syncs to two p
             -> 371 KB, 31.7s, uploaded
      manifest updated (24 entries)
  L06 (Ada)  Invasion of the Body Snatchers and E.T.: Aliens and Anxiety
      n3: Key Fact . Invasion of the Body Snatchers was directed by Don Siegel in 1956, produced by Walter Wanger Produc
             -> 319 KB, 27.2s, uploaded
      n5: Invasion of the Body Snatchers is a modestly budgeted independent production distributed by Allied Artists — a
             -> 589 KB, 50.3s, uploaded
      manifest updated (24 entries)
  L07 (Ollie)  Comparing Films: Genre, Narrative, Context Side by Side
      n2: The comparative section carries 50 of the 70 marks in the US-film written exam. The question asks you to analy
             -> 313 KB, 26.7s, uploaded
      n13: The contextual reason is the explanation of why the named difference exists. Use contextual knowledge to suppo
             -> 368 KB, 31.4s, uploaded
      n14: Romantic comedy pair: Hays Code limits on sexual content form part of Pillow Talk ’s context, while Nora Ephro
             -> 165 KB, 14.0s, uploaded
      manifest updated (26 entries)

Regenerated 11 clips.

=== VERIFY (ranged GET + freshness) ===
  206  L02 n2  bytes 0-3/611424  Last-Modified: Sat, 05 Sep 2026 13:10:18 GMT  mp3-sync=OK
  206  L02 n3  bytes 0-3/338976  Last-Modified: Sat, 05 Sep 2026 13:10:23 GMT  mp3-sync=OK
  206  L02 n10  bytes 0-3/442080  Last-Modified: Sat, 05 Sep 2026 13:10:30 GMT  mp3-sync=OK
  206  L02 n17  bytes 0-3/897408  Last-Modified: Sat, 05 Sep 2026 13:10:42 GMT  mp3-sync=OK
  206  L04 n9  bytes 0-3/299808  Last-Modified: Sat, 05 Sep 2026 13:10:47 GMT  mp3-sync=OK
  206  L05 n16  bytes 0-3/380160  Last-Modified: Sat, 05 Sep 2026 13:10:53 GMT  mp3-sync=OK
  206  L06 n3  bytes 0-3/326304  Last-Modified: Sat, 05 Sep 2026 13:10:58 GMT  mp3-sync=OK
  206  L06 n5  bytes 0-3/603360  Last-Modified: Sat, 05 Sep 2026 13:11:08 GMT  mp3-sync=OK
  206  L07 n2  bytes 0-3/320832  Last-Modified: Sat, 05 Sep 2026 13:11:14 GMT  mp3-sync=OK
  206  L07 n13  bytes 0-3/376704  Last-Modified: Sat, 05 Sep 2026 13:11:20 GMT  mp3-sync=OK
  206  L07 n14  bytes 0-3/168480  Last-Modified: Sat, 05 Sep 2026 13:11:23 GMT  mp3-sync=OK

11/11 clips verified HTTP 200/206 with fresh audio.
