he missing cause of th
  ok   #25 L9.exam_tip_html [MEDIUM] F34: removed the invented examiner-report claim.
  PATCH L9: content_html, exam_tip_html
  ok   #26 L10.content_html [MEDIUM] F36: markdown asterisks render literally on the page.
  ok   #27 L10.exam_tip_html [MEDIUM] F38: removed the invented claim that naming a school of thought earns top marks.
  ok   #57 L10.flashcard_questions[9].a [MEDIUM] F37: Trotsky and Zinoviev were expelled in November 1927; the Fifteenth Congress met in December.
  PATCH L10: content_html, exam_tip_html, flashcard_questions
  ok   #28 L11.content_html [MEDIUM] F40: an unnamed 'one historian' is invented authority.
  ok   #29 L11.content_html [MEDIUM] F41: removed the invented examiner-report claim from the lesson body.
  ok   #30 L11.exam_tip_html [MEDIUM] F42: removed the invented examiner-report claim.
  PATCH L11: content_html, exam_tip_html
  ok   #31 L12.content_html [MEDIUM] F43: the Shakhty trial ran from May to July 1928, before the First Plan began, so it cannot have blamed engine
  ok   #32 L12.content_html [MEDIUM] F44: removed the invented examiner-report claim from the lesson body.
  ok   #33 L12.exam_tip_html [MEDIUM] F45: removed the invented examiner-report claim.
  PATCH L12: content_html, exam_tip_html
  ok   #34 L13.content_html [HIGH] F46: the rank of Marshal of the Soviet Union was created in 1935 with five holders; Tukhachevsky, Yegorov and 
  ok   #35 L13.content_html [MEDIUM] F48: Trotsky was not at Lenin's funeral, as lesson 10 says; the standard example is the Sverdlov Square photog
  ok   #36 L13.content_html [MEDIUM] F49: he was relieved of the post on 25 November 1938 and arrested on 10 April 1939.
  ok   #37 L13.content_html [MEDIUM] F51: removed the invented examiner-report claim from the lesson body.
  ok   #38 L13.content_html [MEDIUM] F50: markdown asterisks render literally on the page.
  ok   #39 L13.content_html [MEDIUM] F50: markdown asterisks render literally on the page.
  ok   #40 L13.exam_tip_html [MEDIUM] F52: removed the invented examiner-report claim and the claim that naming a school earns top-band marks.
  ok   #58 L13.flashcard_questions[3].a [MEDIUM] F49: he was removed in November 1938 and arrested in April 1939.
  ok   #63 L13.practice_questions[3].marks [HIGH] F47: there were five Marshals of the Soviet Union; three were shot.
  PATCH L13: content_html, exam_tip_html, flashcard_questions, practice_questions
  ok   #41 L14.content_html [HIGH] F53: Stalin did not sign; Marshal Zhukov signed for the Soviet Union in Berlin on 8 May, and the time differen
  ok   #42 L14.content_html [MEDIUM] F54: the main SMERSH answered to the People's Commissariat of Defence, not the NKVD.
  ok   #43 L14.content_html [MEDIUM] F55: removed the invented examiner-report claim from the lesson body.
  ok   #44 L14.exam_tip_html [MEDIUM] F56: removed the invented examiner-report claim.
  PATCH L14: content_html, exam_tip_html
=== 68 applied, 0 skipped, 14 lessons / 38 fields changed

NEW VALIDATOR VIOLATIONS after edits: {
 "1": [
  "- FC[12] answer has enumeration pattern: 'Forcing Russian language, religion and culture on the empire...'. Split into separate cards."
 ]
}
restored L 1 ['content_html', 'exam_tip_html', 'flashcard_questions']
restored L 2 ['content_html', 'exam_tip_html', 'flashcard_questions']
restored L 3 ['content_html', 'exam_tip_html', 'flashcard_questions', 'glossary_terms', 'practice_questions']
restored L 4 ['exam_tip_html', 'content_html']
restored L 5 ['content_html', 'exam_tip_html']
restored L 6 ['content_html']
restored L 7 ['content_html', 'conclusion_html', 'exam_tip_html', 'flashcard_questions', 'practice_questions']
restored L 8 ['exam_tip_html', 'flashcard_questions']
restored L 9 ['content_html', 'exam_tip_html']
restored L 10 ['content_html', 'exam_tip_html', 'flashcard_questions']
restored L 11 ['content_html', 'exam_tip_html']
restored L 12 ['content_html', 'exam_tip_html']
restored L 13 ['content_html', 'exam_tip_html', 'flashcard_questions', 'practice_questions']
restored L 14 ['content_html', 'exam_tip_html']
edits rolled back - fix _edits.json and re-run finish
