=== APPLY EDITS history-aqa/russia-tsardom-communism  68 edits  LIVE  2026-09-05T19:10:09.739Z
  ok   #0 L1.content_html [HIGH] F1: the 1897 census counted Great Russians as 44.3% of the empire, not one in seven.
  ok   #1 L1.exam_tip_html [MEDIUM] F2: removed the invented 'examiners reward' claim; the period-study interpretations do not require historiogra
  ok   #45 L1.flashcard_questions[12].q [MEDIUM] F3: a fill-the-gap question with a one-word answer, replaced with a substantive question.
  ok   #46 L1.flashcard_questions[12].a [MEDIUM] F3: gives the fuller answer the flashcard rules require.
  PATCH L1: content_html, exam_tip_html, flashcard_questions
  ok   #2 L2.content_html [HIGH] F5: the Bolsheviks did not exist in 1900; Malinovsky was recruited around 1910 and joined their central commit
  ok   #3 L2.content_html [HIGH] F6: the Kadets and the Octobrists were both founded in 1905, as the lesson itself says.
  ok   #4 L2.content_html [HIGH] F6: keeps the revision tip in step with the corrected date.
  ok   #5 L2.content_html [MEDIUM] F7: the phrase comes from a public address to zemstvo delegates at the Winter Palace, not a diary entry.
  ok   #6 L2.exam_tip_html [MEDIUM] F9: removed the invented 'examiners reward' claim and the historiography framing.
  ok   #47 L2.flashcard_questions[7].q [MEDIUM] F8: the answer names no founder, so the question did not match it.
  PATCH L2: content_html, exam_tip_html, flashcard_questions
  ok   #7 L3.content_html [MEDIUM] F11: the Moscow Uprising was crushed by the Semyonovsky Guards sent from St Petersburg, as the lesson's own pa
  ok   #8 L3.content_html [MEDIUM] F14: the first soviet was at Ivanovo-Voznesensk in May 1905; the lesson's own text says 'the city's first sovi
  ok   #9 L3.content_html [MEDIUM] F15: the Soviet's deputies were arrested on 3 December 1905, not in March 1906.
  ok   #10 L3.content_html [MEDIUM] F17: Russia used the Julian calendar until 1918; this lesson mixes New Style (Bloody Sunday) with Old Style (O
  ok   #11 L3.content_html [MEDIUM] F17: labels the calendar, as lessons 5 to 7 do.
  ok   #12 L3.content_html [MEDIUM] F17: labels the calendar, as lessons 5 to 7 do.
  ok   #13 L3.exam_tip_html [MEDIUM] F18: removed the invented claim about what examiners frequently set.
  ok   #48 L3.flashcard_questions[3].a [MEDIUM] F17: labels the calendar, as lessons 5 to 7 do.
  ok   #49 L3.flashcard_questions[7].a [MEDIUM] F17: labels the calendar, as lessons 5 to 7 do.
  ok   #50 L3.flashcard_questions[11].a [MEDIUM] F13: the Moscow Uprising was crushed by Guards from St Petersburg.
  ok   #51 L3.glossary_terms[0].definition [MEDIUM] F17: keeps the glossary in step with the labelled date in the lesson.
  ok   #52 L3.glossary_terms[1].definition [MEDIUM] F14: the first soviet was at Ivanovo-Voznesensk in May 1905.
  ok   #53 L3.glossary_terms[2].definition [MEDIUM] F17: keeps the glossary in step with the labelled date in the lesson.
  ok   #59 L3.practice_questions[0].text [MEDIUM] F16: Lenin could not have called 1905 a dress rehearsal for 1917 in 1907; Lessons of the Moscow Uprising (Prol
  ok   #60 L3.practice_questions[1].marks [MEDIUM] F16: keeps the mark scheme in step with the corrected attribution.
  ok   #61 L3.practice_questions[4].marks [MEDIUM] F12: the Manchurian field army did not crush the Moscow Uprising.
  ok   #62 L3.practice_questions[5].marks [MEDIUM] F12: the end of the war freed troops generally; it did not send the Manchurian army to Moscow.
  PATCH L3: content_html, exam_tip_html, flashcard_questions, glossary_terms, practice_questions
  ok   #14 L4.exam_tip_html [MEDIUM] F21: removed the invented 'examiners reward' claim.
  ok   #64 L4.content_html [MEDIUM] F20 ruling: 1907 electoral law weights (260 peasants, 543 workers per landowner vote).
  PATCH L4: exam_tip_html, content_html
  ok   #15 L5.content_html [MEDIUM] F24: the army destroyed at Tannenberg was the Second Army; the one pushed back at the Masurian Lakes was the F
  ok   #16 L5.content_html [MEDIUM] F22/F23: Nicholas gave up the throne for his son before Michael refused, not after; and 23 February to 2 March
  ok   #17 L5.content_html [MEDIUM] F23: 23 February to 2 March is eight days, not five.
  ok   #18 L5.exam_tip_html [MEDIUM] F25: removed the invented 'examiners specifically warn' claim and the invented mark consequence.
  PATCH L5: content_html, exam_tip_html
  ok   #65 L6.content_html [MEDIUM] F27 ruling: 24,000 is the February 1917 membership; April was about 80,000.
  PATCH L6: content_html
  ok   #19 L7.content_html [MEDIUM] F28: Trotsky arrived in May but joined the Bolshevik party at the Sixth Congress later in 1917.
  ok   #20 L7.conclusion_html [MEDIUM] F28: he formally joined at the Sixth Congress, not on arrival in May.
  ok   #21 L7.exam_tip_html [MEDIUM] F29: removed an invented claim about mark descriptors.
  ok   #54 L7.flashcard_questions[4].a [MEDIUM] F28: he joined the party at the Sixth Congress, not on arrival.
  ok   #66 L7.practice_questions[4].marks [MEDIUM] F27 ruling.
  ok   #67 L7.flashcard_questions[5].a [MEDIUM] F27 ruling.
  PATCH L7: content_html, conclusion_html, exam_tip_html, flashcard_questions, practice_questions
  ok   #22 L8.exam_tip_html [MEDIUM] F30: removed the invented examiner-report claim.
  ok   #55 L8.flashcard_questions[10].q [MEDIUM] F31: a four-item list answer breaches the flashcard rules; the match question already covers the regions.
  ok   #56 L8.flashcard_questions[10].a [MEDIUM] F31: replaces the list answer with a single substantive answer.
  PATCH L8: exam_tip_html, flashcard_questions
  ok   #23 L9.content_html [MEDIUM] F33: bagmen were a mass phenomenon that kept the cities fed, not a shot few.
  ok   #24 L9.content_html [MEDIUM] F32: Brest-Litovsk was annulled in November 1918 and Ukraine was Soviet again by 1920; the missing cause of th
  ok   #25 L9.exam_tip_html [MEDIUM] F34: removed the invented examiner-report claim.
  PATCH L9: content_html, exam_tip_html
  ok   #26 L10.content_html [MEDIUM] F36: markdown asterisks render literally on the page.
  ok   #27 L10.exam_tip_html [MEDIUM] F38: removed the invented claim that naming a school of thought earns top marks.
  ok   #57 L10.flashcard_questions[9].a [MEDIUM] F37: Trotsky and Zinoviev were expelled in November 1927; the Fifteenth Congress met in December.
  PATCH L10: content_html, exam_tip_html, flashcard_questions
  ok   #28 L11.content_html [MEDIUM] F40: an unnamed 'one historian' is invented authority.
  ok   #29 L11.content_html [MEDIUM] F41: removed the invented examiner-report claim from the lesson body.
  ok   #30 L11.exam_tip_html [MEDIUM] F42: removed the invented examiner-report claim.
  PATCH L11: content_html, exam_tip_html
  ok   #31 L12.content_html [MEDIUM] F43: the Shakhty trial ran from May to July 1928, before the First Plan began, so it cannot have blamed engine
  ok   #32 L12.content_html [MEDIUM] F44: removed the invented examiner-report claim from the lesson body.
  ok   #33 L12.exam_tip_html [MEDIUM] F45: removed the invented examiner-report claim.
  PATCH L12: content_html, exam_tip_html
  ok   #34 L13.content_html [HIGH] F46: the rank of Marshal of the Soviet Union was created in 1935 with five holders; Tukhachevsky, Yegorov and 
  ok   #35 L13.content_html [MEDIUM] F48: Trotsky was not at Lenin's funeral, as lesson 10 says; the standard example is the Sverdlov Square photog
  ok   #36 L13.content_html [MEDIUM] F49: he was relieved of the post on 25 November 1938 and arrested on 10 April 1939.
  ok   #37 L13.content_html [MEDIUM] F51: removed the invented examiner-report claim from the lesson body.
  ok   #38 L13.content_html [MEDIUM] F50: markdown asterisks render literally on the page.
  ok   #39 L13.content_html [MEDIUM] F50: markdown asterisks render literally on the page.
  ok   #40 L13.exam_tip_html [MEDIUM] F52: removed the invented examiner-report claim and the claim that naming a school earns top-band marks.
  ok   #58 L13.flashcard_questions[3].a [MEDIUM] F49: he was removed in November 1938 and arrested in April 1939.
  ok   #63 L13.practice_questions[3].marks [HIGH] F47: there were five Marshals of the Soviet Union; three were shot.
  PATCH L13: content_html, exam_tip_html, flashcard_questions, practice_questions
  ok   #41 L14.content_html [HIGH] F53: Stalin did not sign; Marshal Zhukov signed for the Soviet Union in Berlin on 8 May, and the time differen
  ok   #42 L14.content_html [MEDIUM] F54: the main SMERSH answered to the People's Commissariat of Defence, not the NKVD.
  ok   #43 L14.content_html [MEDIUM] F55: removed the invented examiner-report claim from the lesson body.
  ok   #44 L14.exam_tip_html [MEDIUM] F56: removed the invented examiner-report claim.
  PATCH L14: content_html, exam_tip_html
=== 68 applied, 0 skipped, 14 lessons / 38 fields changed
=== APPLY EDITS history-aqa/russia-tsardom-communism  68 edits  LIVE  2026-09-05T19:11:14.994Z
  ok   #0 L1.content_html [HIGH] F1: the 1897 census counted Great Russians as 44.3% of the empire, not one in seven.
  ok   #1 L1.exam_tip_html [MEDIUM] F2: removed the invented 'examiners reward' claim; the period-study interpretations do not require historiogra
  ok   #45 L1.flashcard_questions[12].q [MEDIUM] F3: a fill-the-gap question with a one-word answer, replaced with a substantive question.
  ok   #46 L1.flashcard_questions[12].a [MEDIUM] F3: gives the fuller answer the flashcard rules require.
  PATCH L1: content_html, exam_tip_html, flashcard_questions
  ok   #2 L2.content_html [HIGH] F5: the Bolsheviks did not exist in 1900; Malinovsky was recruited around 1910 and joined their central commit
  ok   #3 L2.content_html [HIGH] F6: the Kadets and the Octobrists were both founded in 1905, as the lesson itself says.
  ok   #4 L2.content_html [HIGH] F6: keeps the revision tip in step with the corrected date.
  ok   #5 L2.content_html [MEDIUM] F7: the phrase comes from a public address to zemstvo delegates at the Winter Palace, not a diary entry.
  ok   #6 L2.exam_tip_html [MEDIUM] F9: removed the invented 'examiners reward' claim and the historiography framing.
  ok   #47 L2.flashcard_questions[7].q [MEDIUM] F8: the answer names no founder, so the question did not match it.
  PATCH L2: content_html, exam_tip_html, flashcard_questions
  ok   #7 L3.content_html [MEDIUM] F11: the Moscow Uprising was crushed by the Semyonovsky Guards sent from St Petersburg, as the lesson's own pa
  ok   #8 L3.content_html [MEDIUM] F14: the first soviet was at Ivanovo-Voznesensk in May 1905; the lesson's own text says 'the city's first sovi
  ok   #9 L3.content_html [MEDIUM] F15: the Soviet's deputies were arrested on 3 December 1905, not in March 1906.
  ok   #10 L3.content_html [MEDIUM] F17: Russia used the Julian calendar until 1918; this lesson mixes New Style (Bloody Sunday) with Old Style (O
  ok   #11 L3.content_html [MEDIUM] F17: labels the calendar, as lessons 5 to 7 do.
  ok   #12 L3.content_html [MEDIUM] F17: labels the calendar, as lessons 5 to 7 do.
  ok   #13 L3.exam_tip_html [MEDIUM] F18: removed the invented claim about what examiners frequently set.
  ok   #48 L3.flashcard_questions[3].a [MEDIUM] F17: labels the calendar, as lessons 5 to 7 do.
  ok   #49 L3.flashcard_questions[7].a [MEDIUM] F17: labels the calendar, as lessons 5 to 7 do.
  ok   #50 L3.flashcard_questions[11].a [MEDIUM] F13: the Moscow Uprising was crushed by Guards from St Petersburg.
  ok   #51 L3.glossary_terms[0].definition [MEDIUM] F17: keeps the glossary in step with the labelled date in the lesson.
  ok   #52 L3.glossary_terms[1].definition [MEDIUM] F14: the first soviet was at Ivanovo-Voznesensk in May 1905.
  ok   #53 L3.glossary_terms[2].definition [MEDIUM] F17: keeps the glossary in step with the labelled date in the lesson.
  ok   #59 L3.practice_questions[0].text [MEDIUM] F16: Lenin could not have called 1905 a dress rehearsal for 1917 in 1907; Lessons of the Moscow Uprising (Prol
  ok   #60 L3.practice_questions[1].marks [MEDIUM] F16: keeps the mark scheme in step with the corrected attribution.
  ok   #61 L3.practice_questions[4].marks [MEDIUM] F12: the Manchurian field army did not crush the Moscow Uprising.
  ok   #62 L3.practice_questions[5].marks [MEDIUM] F12: the end of the war freed troops generally; it did not send the Manchurian army to Moscow.
  PATCH L3: content_html, exam_tip_html, flashcard_questions, glossary_terms, practice_questions
  ok   #14 L4.exam_tip_html [MEDIUM] F21: removed the invented 'examiners reward' claim.
  ok   #64 L4.content_html [MEDIUM] F20 ruling: 1907 electoral law weights (260 peasants, 543 workers per landowner vote).
  PATCH L4: exam_tip_html, content_html
  ok   #15 L5.content_html [MEDIUM] F24: the army destroyed at Tannenberg was the Second Army; the one pushed back at the Masurian Lakes was the F
  ok   #16 L5.content_html [MEDIUM] F22/F23: Nicholas gave up the throne for his son before Michael refused, not after; and 23 February to 2 March
  ok   #17 L5.content_html [MEDIUM] F23: 23 February to 2 March is eight days, not five.
  ok   #18 L5.exam_tip_html [MEDIUM] F25: removed the invented 'examiners specifically warn' claim and the invented mark consequence.
  PATCH L5: content_html, exam_tip_html
  ok   #65 L6.content_html [MEDIUM] F27 ruling: 24,000 is the February 1917 membership; April was about 80,000.
  PATCH L6: content_html
  ok   #19 L7.content_html [MEDIUM] F28: Trotsky arrived in May but joined the Bolshevik party at the Sixth Congress later in 1917.
  ok   #20 L7.conclusion_html [MEDIUM] F28: he formally joined at the Sixth Congress, not on arrival in May.
  ok   #21 L7.exam_tip_html [MEDIUM] F29: removed an invented claim about mark descriptors.
  ok   #54 L7.flashcard_questions[4].a [MEDIUM] F28: he joined the party at the Sixth Congress, not on arrival.
  ok   #66 L7.practice_questions[4].marks [MEDIUM] F27 ruling.
  ok   #67 L7.flashcard_questions[5].a [MEDIUM] F27 ruling.
  PATCH L7: content_html, conclusion_html, exam_tip_html, flashcard_questions, practice_questions
  ok   #22 L8.exam_tip_html [MEDIUM] F30: removed the invented examiner-report claim.
  ok   #55 L8.flashcard_questions[10].q [MEDIUM] F31: a four-item list answer breaches the flashcard rules; the match question already covers the regions.
  ok   #56 L8.flashcard_questions[10].a [MEDIUM] F31: replaces the list answer with a single substantive answer.
  PATCH L8: exam_tip_html, flashcard_questions
  ok   #23 L9.content_html [MEDIUM] F33: bagmen were a mass phenomenon that kept the cities fed, not a shot few.
  ok   #24 L9.content_html [MEDIUM] F32: Brest-Litovsk was annulled in November 1918 and Ukraine was Soviet again by 1920; the missing cause of th
  ok   #25 L9.exam_tip_html [MEDIUM] F34: removed the invented examiner-report claim.
  PATCH L9: content_html, exam_tip_html
  ok   #26 L10.content_html [MEDIUM] F36: markdown asterisks render literally on the page.
  ok   #27 L10.exam_tip_html [MEDIUM] F38: removed the invented claim that naming a school of thought earns top marks.
  ok   #57 L10.flashcard_questions[9].a [MEDIUM] F37: Trotsky and Zinoviev were expelled in November 1927; the Fifteenth Congress met in December.
  PATCH L10: content_html, exam_tip_html, flashcard_questions
  ok   #28 L11.content_html [MEDIUM] F40: an unnamed 'one historian' is invented authority.
  ok   #29 L11.content_html [MEDIUM] F41: removed the invented examiner-report claim from the lesson body.
  ok   #30 L11.exam_tip_html [MEDIUM] F42: removed the invented examiner-report claim.
  PATCH L11: content_html, exam_tip_html
  ok   #31 L12.content_html [MEDIUM] F43: the Shakhty trial ran from May to July 1928, before the First Plan began, so it cannot have blamed engine
  ok   #32 L12.content_html [MEDIUM] F44: removed the invented examiner-report claim from the lesson body.
  ok   #33 L12.exam_tip_html [MEDIUM] F45: removed the invented examiner-report claim.
  PATCH L12: content_html, exam_tip_html
  ok   #34 L13.content_html [HIGH] F46: the rank of Marshal of the Soviet Union was created in 1935 with five holders; Tukhachevsky, Yegorov and 
  ok   #35 L13.content_html [MEDIUM] F48: Trotsky was not at Lenin's funeral, as lesson 10 says; the standard example is the Sverdlov Square photog
  ok   #36 L13.content_html [MEDIUM] F49: he was relieved of the post on 25 November 1938 and arrested on 10 April 1939.
  ok   #37 L13.content_html [MEDIUM] F51: removed the invented examiner-report claim from the lesson body.
  ok   #38 L13.content_html [MEDIUM] F50: markdown asterisks render literally on the page.
  ok   #39 L13.content_html [MEDIUM] F50: markdown asterisks render literally on the page.
  ok   #40 L13.exam_tip_html [MEDIUM] F52: removed the invented examiner-report claim and the claim that naming a school earns top-band marks.
  ok   #58 L13.flashcard_questions[3].a [MEDIUM] F49: he was removed in November 1938 and arrested in April 1939.
  ok   #63 L13.practice_questions[3].marks [HIGH] F47: there were five Marshals of the Soviet Union; three were shot.
  PATCH L13: content_html, exam_tip_html, flashcard_questions, practice_questions
  ok   #41 L14.content_html [HIGH] F53: Stalin did not sign; Marshal Zhukov signed for the Soviet Union in Berlin on 8 May, and the time differen
  ok   #42 L14.content_html [MEDIUM] F54: the main SMERSH answered to the People's Commissariat of Defence, not the NKVD.
  ok   #43 L14.content_html [MEDIUM] F55: removed the invented examiner-report claim from the lesson body.
  ok   #44 L14.exam_tip_html [MEDIUM] F56: removed the invented examiner-report claim.
  PATCH L14: content_html, exam_tip_html
=== 68 applied, 0 skipped, 14 lessons / 38 fields changed
=== APPLY EDITS history-aqa/russia-tsardom-communism  68 edits  LIVE  2026-09-05T19:11:32.769Z
  ok   #0 L1.content_html [HIGH] F1: the 1897 census counted Great Russians as 44.3% of the empire, not one in seven.
  ok   #1 L1.exam_tip_html [MEDIUM] F2: removed the invented 'examiners reward' claim; the period-study interpretations do not require historiogra
  ok   #45 L1.flashcard_questions[12].q [MEDIUM] F3: a fill-the-gap question with a one-word answer, replaced with a substantive question.
  ok   #46 L1.flashcard_questions[12].a [MEDIUM] F3: gives the fuller answer the flashcard rules require.
  PATCH L1: content_html, exam_tip_html, flashcard_questions
  ok   #2 L2.content_html [HIGH] F5: the Bolsheviks did not exist in 1900; Malinovsky was recruited around 1910 and joined their central commit
  ok   #3 L2.content_html [HIGH] F6: the Kadets and the Octobrists were both founded in 1905, as the lesson itself says.
  ok   #4 L2.content_html [HIGH] F6: keeps the revision tip in step with the corrected date.
  ok   #5 L2.content_html [MEDIUM] F7: the phrase comes from a public address to zemstvo delegates at the Winter Palace, not a diary entry.
  ok   #6 L2.exam_tip_html [MEDIUM] F9: removed the invented 'examiners reward' claim and the historiography framing.
  ok   #47 L2.flashcard_questions[7].q [MEDIUM] F8: the answer names no founder, so the question did not match it.
  PATCH L2: content_html, exam_tip_html, flashcard_questions
  ok   #7 L3.content_html [MEDIUM] F11: the Moscow Uprising was crushed by the Semyonovsky Guards sent from St Petersburg, as the lesson's own pa
  ok   #8 L3.content_html [MEDIUM] F14: the first soviet was at Ivanovo-Voznesensk in May 1905; the lesson's own text says 'the city's first sovi
  ok   #9 L3.content_html [MEDIUM] F15: the Soviet's deputies were arrested on 3 December 1905, not in March 1906.
  ok   #10 L3.content_html [MEDIUM] F17: Russia used the Julian calendar until 1918; this lesson mixes New Style (Bloody Sunday) with Old Style (O
  ok   #11 L3.content_html [MEDIUM] F17: labels the calendar, as lessons 5 to 7 do.
  ok   #12 L3.content_html [MEDIUM] F17: labels the calendar, as lessons 5 to 7 do.
  ok   #13 L3.exam_tip_html [MEDIUM] F18: removed the invented claim about what examiners frequently set.
  ok   #48 L3.flashcard_questions[3].a [MEDIUM] F17: labels the calendar, as lessons 5 to 7 do.
  ok   #49 L3.flashcard_questions[7].a [MEDIUM] F17: labels the calendar, as lessons 5 to 7 do.
  ok   #50 L3.flashcard_questions[11].a [MEDIUM] F13: the Moscow Uprising was crushed by Guards from St Petersburg.
  ok   #51 L3.glossary_terms[0].definition [MEDIUM] F17: keeps the glossary in step with the labelled date in the lesson.
  ok   #52 L3.glossary_terms[1].definition [MEDIUM] F14: the first soviet was at Ivanovo-Voznesensk in May 1905.
  ok   #53 L3.glossary_terms[2].definition [MEDIUM] F17: keeps the glossary in step with the labelled date in the lesson.
  ok   #59 L3.practice_questions[0].text [MEDIUM] F16: Lenin could not have called 1905 a dress rehearsal for 1917 in 1907; Lessons of the Moscow Uprising (Prol
  ok   #60 L3.practice_questions[1].marks [MEDIUM] F16: keeps the mark scheme in step with the corrected attribution.
  ok   #61 L3.practice_questions[4].marks [MEDIUM] F12: the Manchurian field army did not crush the Moscow Uprising.
  ok   #62 L3.practice_questions[5].marks [MEDIUM] F12: the end of the war freed troops generally; it did not send the Manchurian army to Moscow.
  PATCH L3: content_html, exam_tip_html, flashcard_questions, glossary_terms, practice_questions
  ok   #14 L4.exam_tip_html [MEDIUM] F21: removed the invented 'examiners reward' claim.
  ok   #64 L4.content_html [MEDIUM] F20 ruling: 1907 electoral law weights (260 peasants, 543 workers per landowner vote).
  PATCH L4: exam_tip_html, content_html
  ok   #15 L5.content_html [MEDIUM] F24: the army destroyed at Tannenberg was the Second Army; the one pushed back at the Masurian Lakes was the F
  ok   #16 L5.content_html [MEDIUM] F22/F23: Nicholas gave up the throne for his son before Michael refused, not after; and 23 February to 2 March
  ok   #17 L5.content_html [MEDIUM] F23: 23 February to 2 March is eight days, not five.
  ok   #18 L5.exam_tip_html [MEDIUM] F25: removed the invented 'examiners specifically warn' claim and the invented mark consequence.
  PATCH L5: content_html, exam_tip_html
  ok   #65 L6.content_html [MEDIUM] F27 ruling: 24,000 is the February 1917 membership; April was about 80,000.
  PATCH L6: content_html
  ok   #19 L7.content_html [MEDIUM] F28: Trotsky arrived in May but joined the Bolshevik party at the Sixth Congress later in 1917.
  ok   #20 L7.conclusion_html [MEDIUM] F28: he formally joined at the Sixth Congress, not on arrival in May.
  ok   #21 L7.exam_tip_html [MEDIUM] F29: removed an invented claim about mark descriptors.
  ok   #54 L7.flashcard_questions[4].a [MEDIUM] F28: he joined the party at the Sixth Congress, not on arrival.
  ok   #66 L7.practice_questions[4].marks [MEDIUM] F27 ruling.
  ok   #67 L7.flashcard_questions[5].a [MEDIUM] F27 ruling.
  PATCH L7: content_html, conclusion_html, exam_tip_html, flashcard_questions, practice_questions
  ok   #22 L8.exam_tip_html [MEDIUM] F30: removed the invented examiner-report claim.
  ok   #55 L8.flashcard_questions[10].q [MEDIUM] F31: a four-item list answer breaches the flashcard rules; the match question already covers the regions.
  ok   #56 L8.flashcard_questions[10].a [MEDIUM] F31: replaces the list answer with a single substantive answer.
  PATCH L8: exam_tip_html, flashcard_questions
  ok   #23 L9.content_html [MEDIUM] F33: bagmen were a mass phenomenon that kept the cities fed, not a shot few.
  ok   #24 L9.content_html [MEDIUM] F32: Brest-Litovsk was annulled in November 1918 and Ukraine was Soviet again by 1920; the missing cause of th
  ok   #25 L9.exam_tip_html [MEDIUM] F34: removed the invented examiner-report claim.
  PATCH L9: content_html, exam_tip_html
  ok   #26 L10.content_html [MEDIUM] F36: markdown asterisks render literally on the page.
  ok   #27 L10.exam_tip_html [MEDIUM] F38: removed the invented claim that naming a school of thought earns top marks.
  ok   #57 L10.flashcard_questions[9].a [MEDIUM] F37: Trotsky and Zinoviev were expelled in November 1927; the Fifteenth Congress met in December.
  PATCH L10: content_html, exam_tip_html, flashcard_questions
  ok   #28 L11.content_html [MEDIUM] F40: an unnamed 'one historian' is invented authority.
  ok   #29 L11.content_html [MEDIUM] F41: removed the invented examiner-report claim from the lesson body.
  ok   #30 L11.exam_tip_html [MEDIUM] F42: removed the invented examiner-report claim.
  PATCH L11: content_html, exam_tip_html
  ok   #31 L12.content_html [MEDIUM] F43: the Shakhty trial ran from May to July 1928, before the First Plan began, so it cannot have blamed engine
  ok   #32 L12.content_html [MEDIUM] F44: removed the invented examiner-report claim from the lesson body.
  ok   #33 L12.exam_tip_html [MEDIUM] F45: removed the invented examiner-report claim.
  PATCH L12: content_html, exam_tip_html
  ok   #34 L13.content_html [HIGH] F46: the rank of Marshal of the Soviet Union was created in 1935 with five holders; Tukhachevsky, Yegorov and 
  ok   #35 L13.content_html [MEDIUM] F48: Trotsky was not at Lenin's funeral, as lesson 10 says; the standard example is the Sverdlov Square photog
  ok   #36 L13.content_html [MEDIUM] F49: he was relieved of the post on 25 November 1938 and arrested on 10 April 1939.
  ok   #37 L13.content_html [MEDIUM] F51: removed the invented examiner-report claim from the lesson body.
  ok   #38 L13.content_html [MEDIUM] F50: markdown asterisks render literally on the page.
  ok   #39 L13.content_html [MEDIUM] F50: markdown asterisks render literally on the page.
  ok   #40 L13.exam_tip_html [MEDIUM] F52: removed the invented examiner-report claim and the claim that naming a school earns top-band marks.
  ok   #58 L13.flashcard_questions[3].a [MEDIUM] F49: he was removed in November 1938 and arrested in April 1939.
  ok   #63 L13.practice_questions[3].marks [HIGH] F47: there were five Marshals of the Soviet Union; three were shot.
  PATCH L13: content_html, exam_tip_html, flashcard_questions, practice_questions
  ok   #41 L14.content_html [HIGH] F53: Stalin did not sign; Marshal Zhukov signed for the Soviet Union in Berlin on 8 May, and the time differen
  ok   #42 L14.content_html [MEDIUM] F54: the main SMERSH answered to the People's Commissariat of Defence, not the NKVD.
  ok   #43 L14.content_html [MEDIUM] F55: removed the invented examiner-report claim from the lesson body.
  ok   #44 L14.exam_tip_html [MEDIUM] F56: removed the invented examiner-report claim.
  PATCH L14: content_html, exam_tip_html
=== 68 applied, 0 skipped, 14 lessons / 38 fields changed
