
=== RE-NARRATION (changed narrated text only) ===
backup: C:\Users\tshau\Documents\Study Vault\scripts\_retrofc\units\history-aqa__russia-tsardom-communism\_backup.json
unit:   history-aqa / russia-tsardom-communism
run: 2026-09-05T19:11:37Z  mode: LIVE

14 lessons, 41 clips to regenerate

  L01 (Ollie)  Russia in 1894: Economy and Society
      n2: When Nicholas II became Tsar in 1894, he inherited the largest land empire on Earth — over 22 million square k
             -> 386 KB, 32.9s, uploaded
      n18: In the interpretation questions you get two short extracts, each with a note of who wrote it and when. You do 
             -> 281 KB, 23.9s, uploaded
      manifest updated (22 entries)
  L02 (Ada)  Nicholas II's Autocracy and Opposition
      n2: Nicholas II did not become a tyrant by choice. He became one by inheritance and conviction. His father Alexand
             -> 488 KB, 41.6s, uploaded
      n7: Behind the spiritual rhetoric stood a police state. The Okhrana was the secret police arm of the Ministry of t
             -> 336 KB, 28.7s, uploaded
      n17: Key Fact . By 1905 there were four main opposition currents: the Kadets (liberal, parliamentary), the Octobris
             -> 231 KB, 19.7s, uploaded
      n20: Do not treat the opposition as one block called ‘the revolutionaries’. Name the group you mean: the liberals i
             -> 318 KB, 27.1s, uploaded
      manifest updated (24 entries)
  L03 (Ollie)  The 1905 Revolution and October Manifesto
      n10: Witte, recalled to government, told Nicholas he had two choices: military dictatorship or a constitution. On 1
             -> 404 KB, 34.5s, uploaded
      n13: Second, the Tsar had ended the war. The Treaty of Portsmouth in September brought the field army home from Man
             -> 367 KB, 31.3s, uploaded
      n18: 1905 is easy to misread, so be precise about who is saying what. A revolutionary writer treats 1905 as a defea
             -> 337 KB, 28.8s, uploaded
      manifest updated (22 entries)
  L04 (Ada)  Stolypin, the Dumas and Reform to 1914
      n7: The Third Duma (1907–1912) was the only one to serve its full five-year term. The new electoral law gave one l
             -> 495 KB, 42.3s, uploaded
      n19: Hold Stolypin’s repression and his reform together; he was neither only a hangman nor only a moderniser. Some 
             -> 311 KB, 26.5s, uploaded
      manifest updated (23 entries)
  L05 (Ollie)  The First World War and the Fall of the Tsar
      n5: The Russian high command had promised allies they would crush East Prussia within six weeks. They invaded with
             -> 465 KB, 39.7s, uploaded
      n15: On 23 February 1917 (8 March, new style) women textile workers in Vyborg marked International Women’s Day with
             -> 635 KB, 54.2s, uploaded
      n16: Key Fact . The February Revolution was triggered by women textile workers’ bread strike on International Women
             -> 269 KB, 23.0s, uploaded
      n19: Write as a historian, not as a witness. Do not write ‘I was a worker in February 1917’; you cannot analyse the
             -> 356 KB, 30.4s, uploaded
      manifest updated (23 entries)
  L06 (Ada)  The Provisional Government's Crisis
      n16: Bolshevik party membership grew from about 24,000 in February 1917 to perhaps 350,000 by October. Three things
             -> 620 KB, 52.9s, uploaded
      manifest updated (24 entries)
  L07 (Ollie)  Lenin, Trotsky and the October Revolution
      n5: Lenin’s most important new ally was Leon Trotsky, who returned to Petrograd from New York in May. Trotsky had 
             -> 481 KB, 41.1s, uploaded
      n18: For interpretations of October, contrast the totalitarian school (Pipes, Conquest) which presents the seizure 
             -> 356 KB, 30.4s, uploaded
      n21: Bolshevik organisational discipline, combined with Trotsky joining the party in the summer of 1917 and the pol
             -> 177 KB, 15.1s, uploaded
      manifest updated (22 entries)
  L08 (Ada)  Lenin in Power: Brest-Litovsk, Cheka and Civil War
      n19: For an 8-mark Explain Effects question on Brest-Litovsk or the Civil War, build a chain of consequences rather
             -> 369 KB, 31.5s, uploaded
      manifest updated (23 entries)
  L09 (Ollie)  War Communism, Kronstadt and the NEP
      n3: War Communism was a set of emergency measures designed to win the Civil War, not a planned economy. The state 
             -> 368 KB, 31.4s, uploaded
      n4: Predictably, peasants stopped growing surplus grain. Why grow what would only be confiscated? Sown area shrank
             -> 314 KB, 26.8s, uploaded
      n19: The chain War Communism → famine → Kronstadt → NEP is a gold-standard answer to an 8-mark Explain Effects ques
             -> 328 KB, 28.0s, uploaded
      manifest updated (23 entries)
  L10 (Ada)  The Power Struggle to Succeed Lenin
      n18: From 1924 to 1925, Stalin, Zinoviev and Kamenev formed a triumvirate against Trotsky. Trotsky published Lesson
             -> 377 KB, 32.2s, uploaded
      n24: The 12-mark essay asks for a substantiated overall judgement — for example, ‘Stalin’s control of party appoint
             -> 328 KB, 28.0s, uploaded
      manifest updated (28 entries)
  L11 (Ollie)  Collectivisation and the War on the Kulaks
      n12: The label was politically constructed. Local activists faced quotas: each district had to find its kulaks. In 
             -> 171 KB, 14.6s, uploaded
      n17: In political terms, yes — the state could now extract grain at will, fund industrial imports, and control the 
             -> 393 KB, 33.5s, uploaded
      n19: Do not fall for the ‘all kulaks were rich’ trap — show that you know the label was applied loosely. For 8-mark
             -> 333 KB, 28.4s, uploaded
      manifest updated (23 entries)
  L12 (Ada)  The Five Year Plans and Soviet Society
      n16: The 1920s urban culture of free speech and open debate was crushed. New apartment blocks went up, but the hous
             -> 379 KB, 32.3s, uploaded
      n18: This is the question students most often answer badly. The honest answer is: it depends on the metric.
             -> 81 KB, 6.9s, uploaded
      n21: For 12-mark Period Essays on whether the Plans succeeded, name the metric you are weighing — tonnage, war prep
             -> 407 KB, 34.7s, uploaded
      manifest updated (25 entries)
  L13 (Ollie)  Terror, Purges and the Cult of Stalin
      n12: In June 1937, Marshal Mikhail Tukhachevsky and seven other senior generals were tried in secret and shot, accu
             -> 417 KB, 35.6s, uploaded
      n16: Yezhov himself was removed from the NKVD in November 1938, arrested the following April, and shot in 1940. Lav
             -> 244 KB, 20.8s, uploaded
      n17: The Terror was not limited to old revolutionaries. Mass operations targeted entire categories: ex-kulaks depor
             -> 415 KB, 35.5s, uploaded
      n19: A controlled culture sat alongside the violence. Socialist Realism became the only permitted style in 1934: no
             -> 441 KB, 37.6s, uploaded
      n23: The totalitarian school , led by Robert Conquest in The Great Terror (1968), argues the Purges were driven top
             -> 611 KB, 52.1s, uploaded
      n25: Do not fall for the ‘only old Bolsheviks were purged’ trap — show that you know ex-kulaks, Poles, Germans, eng
             -> 361 KB, 30.8s, uploaded
      manifest updated (29 entries)
  L14 (Ada)  The Great Patriotic War, 1941-1945
      n13: The Battle of Kursk in July 1943, the largest tank engagement in history, confirmed Soviet superiority. From t
             -> 301 KB, 25.7s, uploaded
      n14: Stalin’s record as a wartime leader is contested. Early failures — ignoring intelligence, paralysis at Barbaro
             -> 500 KB, 42.6s, uploaded
      n17: Repression continued alongside this relaxation. Order 270 in 1941 declared every Soviet soldier who surrendere
             -> 345 KB, 29.4s, uploaded
      n22: Two mistakes are worth guarding against. Don’t write ‘Stalin was always a brilliant wartime leader’ — show you
             -> 421 KB, 35.9s, uploaded
      manifest updated (26 entries)

Regenerated 41 clips.

=== VERIFY (ranged GET + freshness) ===
  206  L01 n2  bytes 0-3/395136  Last-Modified: Sat, 05 Sep 2026 19:11:44 GMT  mp3-sync=OK
  206  L01 n18  bytes 0-3/287424  Last-Modified: Sat, 05 Sep 2026 19:11:49 GMT  mp3-sync=OK
  206  L02 n2  bytes 0-3/499680  Last-Modified: Sat, 05 Sep 2026 19:11:56 GMT  mp3-sync=OK
  206  L02 n7  bytes 0-3/344160  Last-Modified: Sat, 05 Sep 2026 19:12:02 GMT  mp3-sync=OK
  206  L02 n17  bytes 0-3/236160  Last-Modified: Sat, 05 Sep 2026 19:12:05 GMT  mp3-sync=OK
  206  L02 n20  bytes 0-3/325440  Last-Modified: Sat, 05 Sep 2026 19:12:11 GMT  mp3-sync=OK
  206  L03 n10  bytes 0-3/413856  Last-Modified: Sat, 05 Sep 2026 19:12:17 GMT  mp3-sync=OK
  206  L03 n13  bytes 0-3/376128  Last-Modified: Sat, 05 Sep 2026 19:12:22 GMT  mp3-sync=OK
  206  L03 n18  bytes 0-3/345312  Last-Modified: Sat, 05 Sep 2026 19:12:27 GMT  mp3-sync=OK
  206  L04 n7  bytes 0-3/507168  Last-Modified: Sat, 05 Sep 2026 19:12:35 GMT  mp3-sync=OK
  206  L04 n19  bytes 0-3/318528  Last-Modified: Sat, 05 Sep 2026 19:12:40 GMT  mp3-sync=OK
  206  L05 n5  bytes 0-3/476640  Last-Modified: Sat, 05 Sep 2026 19:12:47 GMT  mp3-sync=OK
  206  L05 n15  bytes 0-3/650016  Last-Modified: Sat, 05 Sep 2026 19:12:56 GMT  mp3-sync=OK
  206  L05 n16  bytes 0-3/275616  Last-Modified: Sat, 05 Sep 2026 19:13:01 GMT  mp3-sync=OK
  206  L05 n19  bytes 0-3/364608  Last-Modified: Sat, 05 Sep 2026 19:13:06 GMT  mp3-sync=OK
  206  L06 n16  bytes 0-3/634752  Last-Modified: Sat, 05 Sep 2026 19:13:15 GMT  mp3-sync=OK
  206  L07 n5  bytes 0-3/492768  Last-Modified: Sat, 05 Sep 2026 19:13:22 GMT  mp3-sync=OK
  206  L07 n18  bytes 0-3/364896  Last-Modified: Sat, 05 Sep 2026 19:13:27 GMT  mp3-sync=OK
  206  L07 n21  bytes 0-3/181440  Last-Modified: Sat, 05 Sep 2026 19:13:30 GMT  mp3-sync=OK
  206  L08 n19  bytes 0-3/377568  Last-Modified: Sat, 05 Sep 2026 19:13:36 GMT  mp3-sync=OK
  206  L09 n3  bytes 0-3/376992  Last-Modified: Sat, 05 Sep 2026 19:13:42 GMT  mp3-sync=OK
  206  L09 n4  bytes 0-3/321984  Last-Modified: Sat, 05 Sep 2026 19:13:48 GMT  mp3-sync=OK
  206  L09 n19  bytes 0-3/335808  Last-Modified: Sat, 05 Sep 2026 19:13:54 GMT  mp3-sync=OK
  206  L10 n18  bytes 0-3/386208  Last-Modified: Sat, 05 Sep 2026 19:14:00 GMT  mp3-sync=OK
  206  L10 n24  bytes 0-3/335808  Last-Modified: Sat, 05 Sep 2026 19:14:05 GMT  mp3-sync=OK
  206  L11 n12  bytes 0-3/175104  Last-Modified: Sat, 05 Sep 2026 19:14:08 GMT  mp3-sync=OK
  206  L11 n17  bytes 0-3/402048  Last-Modified: Sat, 05 Sep 2026 19:14:14 GMT  mp3-sync=OK
  206  L11 n19  bytes 0-3/341280  Last-Modified: Sat, 05 Sep 2026 19:14:19 GMT  mp3-sync=OK
  206  L12 n16  bytes 0-3/387648  Last-Modified: Sat, 05 Sep 2026 19:14:25 GMT  mp3-sync=OK
  206  L12 n18  bytes 0-3/82944  Last-Modified: Sat, 05 Sep 2026 19:14:27 GMT  mp3-sync=OK
  206  L12 n21  bytes 0-3/416736  Last-Modified: Sat, 05 Sep 2026 19:14:33 GMT  mp3-sync=OK
  206  L13 n12  bytes 0-3/427392  Last-Modified: Sat, 05 Sep 2026 19:14:40 GMT  mp3-sync=OK
  206  L13 n16  bytes 0-3/249408  Last-Modified: Sat, 05 Sep 2026 19:14:44 GMT  mp3-sync=OK
  206  L13 n17  bytes 0-3/425376  Last-Modified: Sat, 05 Sep 2026 19:14:51 GMT  mp3-sync=OK
  206  L13 n19  bytes 0-3/451584  Last-Modified: Sat, 05 Sep 2026 19:14:57 GMT  mp3-sync=OK
  206  L13 n23  bytes 0-3/625248  Last-Modified: Sat, 05 Sep 2026 19:15:07 GMT  mp3-sync=OK
  206  L13 n25  bytes 0-3/369792  Last-Modified: Sat, 05 Sep 2026 19:15:12 GMT  mp3-sync=OK
  206  L14 n13  bytes 0-3/308448  Last-Modified: Sat, 05 Sep 2026 19:15:17 GMT  mp3-sync=OK
  206  L14 n14  bytes 0-3/511776  Last-Modified: Sat, 05 Sep 2026 19:15:24 GMT  mp3-sync=OK
  206  L14 n17  bytes 0-3/353376  Last-Modified: Sat, 05 Sep 2026 19:15:30 GMT  mp3-sync=OK
  206  L14 n22  bytes 0-3/431136  Last-Modified: Sat, 05 Sep 2026 19:15:36 GMT  mp3-sync=OK

41/41 clips verified HTTP 200/206 with fresh audio.
