=== APPLY EDITS geography-eduqas/rural-urban-links  27 edits  LIVE  2026-09-06T03:36:23.208Z
  ok   #0 L1.content_html [MEDIUM] F1: names the board in student prose and invents an examiner claim
  ok   #1 L1.exam_tip_html [MEDIUM] F2: names the board and invents an examiner claim
  ok   #2 L1.content_html [MEDIUM] F3: no published source for nine million; reduced to a claim that is true on every published figure
  PATCH L1: content_html, exam_tip_html
  ok   #3 L2.content_html [HIGH] F4: ONS revised series - peak 944,000 (YE March 2023), not 745,000 in 2022, and it rose into 2023 rather than 
  ok   #4 L2.content_html [HIGH] F4: key fact must match the ONS figure
  ok   #5 L2.flashcard_questions[6].q [HIGH] F4: flashcard question must match the ONS figure
  ok   #6 L2.flashcard_questions[6].a [HIGH] F4: flashcard answer must match the ONS figure
  ok   #7 L2.content_html [MEDIUM] F5: the ONS does not use this phrase; attribution removed
  ok   #8 L2.content_html [MEDIUM] F6: the office-to-residential permitted development right came in in 2013, not 2020; the unsupported 70,000 fi
  ok   #9 L2.content_html [MEDIUM] F7: 1.6 children per woman is the fertility rate; the lesson defines birth rate as births per 1,000 people
  ok   #10 L2.conclusion_html [MEDIUM] F7: fertility rate, not birth rate
  ok   #11 L2.knowledge_checks[0].q [MEDIUM] F7: fertility rate, not birth rate
  ok   #12 L2.flashcard_questions[0].q [MEDIUM] F7: fertility rate, not birth rate
  ok   #13 L2.practice_questions[0].text [MEDIUM] F7: fertility rate, not birth rate
  PATCH L2: content_html, flashcard_questions, conclusion_html, knowledge_checks, practice_questions
  ok   #14 L4.exam_tip_html [MEDIUM] F8: names the board and invents an examiner claim
  ok   #15 L4.content_html [MEDIUM] F9/F10: the Stockton Globe restoration cost £27.9m and seats about 2,370; 3,000 is the full capacity
  ok   #16 L4.content_html [MEDIUM] F10: capacity, not seats
  ok   #17 L4.knowledge_checks[2].q [MEDIUM] F10: capacity, not seats
  ok   #18 L4.flashcard_questions[7].a [MEDIUM] F10: capacity, not seats
  ok   #19 L4.practice_questions[4].marks [MEDIUM] F10: answer key must match the corrected capacity
  ok   #20 L4.content_html [MEDIUM] F11: the ONS internet-sales ratio peaked in early 2021, not in 2020
  PATCH L4: exam_tip_html, content_html, knowledge_checks, flashcard_questions, practice_questions
  ok   #21 L5.content_html [MEDIUM] F12: house rule - never name the board in student prose
  ok   #22 L5.exam_tip_html [MEDIUM] F13: names the board and cites examiner reports that are not quoted
  ok   #23 L5.content_html [MEDIUM] F14: the 300-languages figure comes from research on London schoolchildren, not the 2021 census
  ok   #24 L5.content_html [MEDIUM] F15: Mundra is India's biggest port; Mumbai's own docks are not the busiest
  ok   #25 L5.conclusion_html [MEDIUM] F15: Mumbai is not India's busiest port
  ok   #26 L5.practice_questions[1].marks [MEDIUM] F15: answer key must match the corrected port claim
  PATCH L5: content_html, exam_tip_html, conclusion_html, practice_questions
=== 27 applied, 0 skipped, 4 lessons / 16 fields changed
