=== APPLY EDITS separate-sciences-ocr-b/chemistry-analysis-useful-products  58 edits  LIVE  2026-09-05T14:39:08.781Z
  ok   #0 L1.content_html [MEDIUM] F1: this board sets Practical Activity Groups (PAGs), not required practicals. Paper chromatography sits in th
  ok   #1 L1.content_html [MEDIUM] F1: names the board's own practical scheme instead of the AQA term.
  ok   #2 L1.exam_tip_html [MEDIUM] F1: same terminology fix in the exam tip.
  ok   #3 L1.practice_questions[5].type [MEDIUM] F1: same terminology fix on the question type.
  ok   #4 L1.practice_questions[3].type [MEDIUM] F2: C5.1 has no bold statements, so filtration, crystallisation, simple and fractional distillation (outcome 7
  ok   #5 L1.content_html [MEDIUM] F3: C5.2 contains no bold statements, so instrumental analysis and flame tests are separate-science content as
  ok   #6 L1.content_html [MEDIUM] F4: J258 names emission spectroscopy (C5.2 outcomes 4 and 5) as the instrumental technique. Mass spectrometry 
  ok   #7 L1.content_html [MEDIUM] F5: the spec separates laboratory analysis (flame tests, precipitation reactions) from instrumental analysis. 
  ok   #8 L1.conclusion_html [MEDIUM] F4: the takeaway should name the technique the spec examines.
  ok   #9 L1.practice_questions[4].text [MEDIUM] F4: the question is off-spec, so it is labelled rather than removed.
  ok   #10 L1.flashcard_questions[10].q [MEDIUM] F4: replaces an off-spec mass spectrum card with the technique C5.2 outcome 4 examines.
  ok   #11 L1.flashcard_questions[10].a [MEDIUM] F4: answer rewritten to match the new question; 20 words, no duplicate in this lesson.
  ok   #12 L1.flashcard_questions[9].q [LOW] F6: the question text carried a doubled generation stem ('What fills in the blank: Cloze:').
  PATCH L1: content_html, exam_tip_html, practice_questions, conclusion_html, flashcard_questions
  ok   #13 L2.content_html [MEDIUM] F7: the KaTeX inline delimiter is broken by a space (backslash space bracket), so the formula renders as liter
  ok   #14 L2.content_html [MEDIUM] F7: the KaTeX inline delimiter is broken by a space (backslash space bracket), so the formula renders as liter
  ok   #15 L2.content_html [MEDIUM] F7: the KaTeX inline delimiter is broken by a space (backslash space bracket), so the formula renders as liter
  ok   #16 L2.content_html [MEDIUM] F7: the KaTeX inline delimiter is broken by a space (backslash space bracket), so the formula renders as liter
  ok   #17 L2.content_html [MEDIUM] F7: the KaTeX inline delimiter is broken by a space (backslash space bracket), so the formula renders as liter
  ok   #18 L2.content_html [MEDIUM] F8: C6.1 outcome 6 (a tenfold change in hydrogen ion concentration changes pH by one) is bold, so it is Higher
  ok   #19 L2.exam_tip_html [MEDIUM] F9: strong and weak acids are C6.1 outcomes 5 to 7, all bold, so this advice is Higher only. Higher content ha
  ok   #20 L2.exam_tip_html [MEDIUM] F10: a titration is not a variable-manipulation investigation, and the concentration being found is an unknown
  ok   #21 L2.practice_questions[1].type [MEDIUM] F11: the question is a free-response naming question with no options, so the Multiple Choice label is wrong.
  ok   #22 L2.practice_questions[3].type [MEDIUM] F1: this board sets PAGs, not required practicals.
  ok   #23 L2.flashcard_questions[9].q [MEDIUM] F9: strong and weak acids are bold in C6.1, so Higher only. Tier tag at the end of the question.
  ok   #24 L2.flashcard_questions[10].q [MEDIUM] F9: strong and weak acids are bold in C6.1, so Higher only. Tier tag at the end of the question.
  ok   #25 L2.flashcard_questions[6].q [LOW] F12: the card was a cloze fragment, not a question; the existing answer is unchanged.
  PATCH L2: content_html, exam_tip_html, practice_questions, flashcard_questions
  ok   #26 L3.content_html [HIGH] F13: C6.4 outcome 6 defines atom economy as the mass of atoms in the desired product divided by the TOTAL MASS
  ok   #27 L3.content_html [HIGH] F13: the displayed formula must match the spec formula, which divides by the reactants.
  ok   #28 L3.content_html [HIGH] F13: worked example reworked onto the reactant denominator. The answer is unchanged at 56% because mass is con
  ok   #29 L3.conclusion_html [HIGH] F13: takeaway carried the same wrong denominator.
  ok   #30 L3.flashcard_questions[8].a [HIGH] F13: flashcard carried the same wrong denominator.
  ok   #31 L3.practice_questions[4].text [HIGH] F13: the data given must let the student use the spec formula, so the reactant Mr values replace the by-produc
  ok   #32 L3.practice_questions[4].marks [HIGH] F13: mark scheme moved onto the reactant denominator; the answer stays 17.6%.
  ok   #33 L3.content_html [MEDIUM] F14: C6.4 outcomes 5, 6 and 7 (define, calculate and compute atom economy) are NOT bold, so atom economy is se
  ok   #34 L3.content_html [MEDIUM] F15: recomputation: 20 cm3 in 20 s is 1.0 cm3/s, which is 60 cm3/min, not 1.0 cm3/min. As written the note tea
  ok   #35 L3.content_html [MEDIUM] F16: C6.2 outcome 7 sub-points iii (colour change) and iv (formation of a precipitate) are bold, so following 
  ok   #36 L3.practice_questions[1].type [MEDIUM] F17: explaining the effect of temperature by collision frequency and energy is C6.2 outcome 2, not bold, so it
  ok   #37 L3.practice_questions[5].type [MEDIUM] F1 and F16: PAG terminology, and the disappearing-cross method (timing a precipitate) is bold in C6.2 outcome 
  ok   #38 L3.flashcard_questions[5].q [MEDIUM] F16: the old card was a three-item comma list and included Higher-only methods. Rewritten to one both-tier ide
  ok   #39 L3.flashcard_questions[5].a [MEDIUM] F16: answer rewritten to match; 17 words, no duplicate in this lesson.
  PATCH L3: content_html, conclusion_html, flashcard_questions, practice_questions
  ok   #40 L4.content_html [MEDIUM] F7: broken KaTeX inline delimiter (backslash space bracket) renders the formula as literal text.
  ok   #41 L4.content_html [MEDIUM] F7: broken KaTeX inline delimiter (backslash space bracket) renders the formula as literal text.
  ok   #42 L4.content_html [MEDIUM] F7: broken KaTeX inline delimiter (backslash space bracket) renders the formula as literal text.
  ok   #43 L4.content_html [MEDIUM] F7: broken KaTeX inline delimiter (backslash space bracket) renders the formula as literal text.
  ok   #44 L4.content_html [MEDIUM] F18: the higher-only wrapper opened below the heading, so a Foundation reader saw the heading with nothing und
  ok   #45 L4.content_html [MEDIUM] F18: the higher-only wrapper opened below the heading, so a Foundation reader saw the heading with nothing und
  ok   #46 L4.content_html [MEDIUM] F18: the higher-only wrapper opened below the heading, so a Foundation reader saw the heading with nothing und
  ok   #47 L4.content_html [MEDIUM] F19: enthalpy change is a quantity, so it cannot equal the word 'exothermic'. For an exothermic reaction the e
  ok   #48 L4.practice_questions[5].type [MEDIUM] F20: the environmental impact of over-using synthetic fertilisers, including eutrophication, is C6.4 outcome 2
  ok   #49 L4.practice_questions[2].type [MEDIUM] F21: the choice of pressure is C6.4 outcome 3b, bold, so this question is Higher only.
  ok   #50 L4.practice_questions[3].type [MEDIUM] F21: 'catalysts increase rate but do not affect yield' is C6.3 outcome 3a, bold, so this question is Higher on
  ok   #51 L4.practice_questions[4].type [MEDIUM] F21: separating the ammonia and recycling the unreacted gases is C6.4 outcome 3c, bold, so this question is Hi
  ok   #52 L4.flashcard_questions[2].q [MEDIUM] F21: predicting the effect of conditions on equilibrium (C6.3 outcome 3) and explaining the Haber conditions (
  ok   #53 L4.flashcard_questions[3].q [MEDIUM] F21: predicting the effect of conditions on equilibrium (C6.3 outcome 3) and explaining the Haber conditions (
  ok   #54 L4.flashcard_questions[4].q [MEDIUM] F21: predicting the effect of conditions on equilibrium (C6.3 outcome 3) and explaining the Haber conditions (
  ok   #55 L4.flashcard_questions[5].q [MEDIUM] F21: predicting the effect of conditions on equilibrium (C6.3 outcome 3) and explaining the Haber conditions (
  ok   #56 L4.flashcard_questions[7].q [MEDIUM] F21: predicting the effect of conditions on equilibrium (C6.3 outcome 3) and explaining the Haber conditions (
  ok   #57 L4.flashcard_questions[10].q [MEDIUM] F21: predicting the effect of conditions on equilibrium (C6.3 outcome 3) and explaining the Haber conditions (
  PATCH L4: content_html, practice_questions, flashcard_questions
=== 58 applied, 0 skipped, 4 lessons / 16 fields changed
=== APPLY EDITS separate-sciences-ocr-b/chemistry-analysis-useful-products  58 edits  LIVE  2026-09-05T14:39:17.902Z
  ok   #0 L1.content_html [MEDIUM] F1: this board sets Practical Activity Groups (PAGs), not required practicals. Paper chromatography sits in th
  ok   #1 L1.content_html [MEDIUM] F1: names the board's own practical scheme instead of the AQA term.
  ok   #2 L1.exam_tip_html [MEDIUM] F1: same terminology fix in the exam tip.
  ok   #3 L1.practice_questions[5].type [MEDIUM] F1: same terminology fix on the question type.
  ok   #4 L1.practice_questions[3].type [MEDIUM] F2: C5.1 has no bold statements, so filtration, crystallisation, simple and fractional distillation (outcome 7
  ok   #5 L1.content_html [MEDIUM] F3: C5.2 contains no bold statements, so instrumental analysis and flame tests are separate-science content as
  ok   #6 L1.content_html [MEDIUM] F4: J258 names emission spectroscopy (C5.2 outcomes 4 and 5) as the instrumental technique. Mass spectrometry 
  ok   #7 L1.content_html [MEDIUM] F5: the spec separates laboratory analysis (flame tests, precipitation reactions) from instrumental analysis. 
  ok   #8 L1.conclusion_html [MEDIUM] F4: the takeaway should name the technique the spec examines.
  ok   #9 L1.practice_questions[4].text [MEDIUM] F4: the question is off-spec, so it is labelled rather than removed.
  ok   #10 L1.flashcard_questions[10].q [MEDIUM] F4: replaces an off-spec mass spectrum card with the technique C5.2 outcome 4 examines.
  ok   #11 L1.flashcard_questions[10].a [MEDIUM] F4: answer rewritten to match the new question; 20 words, no duplicate in this lesson.
  ok   #12 L1.flashcard_questions[9].q [LOW] F6: the question text carried a doubled generation stem ('What fills in the blank: Cloze:').
  PATCH L1: content_html, exam_tip_html, practice_questions, conclusion_html, flashcard_questions
  ok   #13 L2.content_html [MEDIUM] F7: the KaTeX inline delimiter is broken by a space (backslash space bracket), so the formula renders as liter
  ok   #14 L2.content_html [MEDIUM] F7: the KaTeX inline delimiter is broken by a space (backslash space bracket), so the formula renders as liter
  ok   #15 L2.content_html [MEDIUM] F7: the KaTeX inline delimiter is broken by a space (backslash space bracket), so the formula renders as liter
  ok   #16 L2.content_html [MEDIUM] F7: the KaTeX inline delimiter is broken by a space (backslash space bracket), so the formula renders as liter
  ok   #17 L2.content_html [MEDIUM] F7: the KaTeX inline delimiter is broken by a space (backslash space bracket), so the formula renders as liter
  ok   #18 L2.content_html [MEDIUM] F8: C6.1 outcome 6 (a tenfold change in hydrogen ion concentration changes pH by one) is bold, so it is Higher
  ok   #19 L2.exam_tip_html [MEDIUM] F9: strong and weak acids are C6.1 outcomes 5 to 7, all bold, so this advice is Higher only. Higher content ha
  ok   #20 L2.exam_tip_html [MEDIUM] F10: a titration is not a variable-manipulation investigation, and the concentration being found is an unknown
  ok   #21 L2.practice_questions[1].type [MEDIUM] F11: the question is a free-response naming question with no options, so the Multiple Choice label is wrong.
  ok   #22 L2.practice_questions[3].type [MEDIUM] F1: this board sets PAGs, not required practicals.
  ok   #23 L2.flashcard_questions[9].q [MEDIUM] F9: strong and weak acids are bold in C6.1, so Higher only. Tier tag at the end of the question.
  ok   #24 L2.flashcard_questions[10].q [MEDIUM] F9: strong and weak acids are bold in C6.1, so Higher only. Tier tag at the end of the question.
  ok   #25 L2.flashcard_questions[6].q [LOW] F12: the card was a cloze fragment, not a question; the existing answer is unchanged.
  PATCH L2: content_html, exam_tip_html, practice_questions, flashcard_questions
  ok   #26 L3.content_html [HIGH] F13: C6.4 outcome 6 defines atom economy as the mass of atoms in the desired product divided by the TOTAL MASS
  ok   #27 L3.content_html [HIGH] F13: the displayed formula must match the spec formula, which divides by the reactants.
  ok   #28 L3.content_html [HIGH] F13: worked example reworked onto the reactant denominator. The answer is unchanged at 56% because mass is con
  ok   #29 L3.conclusion_html [HIGH] F13: takeaway carried the same wrong denominator.
  ok   #30 L3.flashcard_questions[8].a [HIGH] F13: flashcard carried the same wrong denominator.
  ok   #31 L3.practice_questions[4].text [HIGH] F13: the data given must let the student use the spec formula, so the reactant Mr values replace the by-produc
  ok   #32 L3.practice_questions[4].marks [HIGH] F13: mark scheme moved onto the reactant denominator; the answer stays 17.6%.
  ok   #33 L3.content_html [MEDIUM] F14: C6.4 outcomes 5, 6 and 7 (define, calculate and compute atom economy) are NOT bold, so atom economy is se
  ok   #34 L3.content_html [MEDIUM] F15: recomputation: 20 cm3 in 20 s is 1.0 cm3/s, which is 60 cm3/min, not 1.0 cm3/min. As written the note tea
  ok   #35 L3.content_html [MEDIUM] F16: C6.2 outcome 7 sub-points iii (colour change) and iv (formation of a precipitate) are bold, so following 
  ok   #36 L3.practice_questions[1].type [MEDIUM] F17: explaining the effect of temperature by collision frequency and energy is C6.2 outcome 2, not bold, so it
  ok   #37 L3.practice_questions[5].type [MEDIUM] F1 and F16: PAG terminology, and the disappearing-cross method (timing a precipitate) is bold in C6.2 outcome 
  ok   #38 L3.flashcard_questions[5].q [MEDIUM] F16: the old card was a three-item comma list and included Higher-only methods. Rewritten to one both-tier ide
  ok   #39 L3.flashcard_questions[5].a [MEDIUM] F16: answer rewritten to match; 17 words, no duplicate in this lesson.
  PATCH L3: content_html, conclusion_html, flashcard_questions, practice_questions
  ok   #40 L4.content_html [MEDIUM] F7: broken KaTeX inline delimiter (backslash space bracket) renders the formula as literal text.
  ok   #41 L4.content_html [MEDIUM] F7: broken KaTeX inline delimiter (backslash space bracket) renders the formula as literal text.
  ok   #42 L4.content_html [MEDIUM] F7: broken KaTeX inline delimiter (backslash space bracket) renders the formula as literal text.
  ok   #43 L4.content_html [MEDIUM] F7: broken KaTeX inline delimiter (backslash space bracket) renders the formula as literal text.
  ok   #44 L4.content_html [MEDIUM] F18: the higher-only wrapper opened below the heading, so a Foundation reader saw the heading with nothing und
  ok   #45 L4.content_html [MEDIUM] F18: the higher-only wrapper opened below the heading, so a Foundation reader saw the heading with nothing und
  ok   #46 L4.content_html [MEDIUM] F18: the higher-only wrapper opened below the heading, so a Foundation reader saw the heading with nothing und
  ok   #47 L4.content_html [MEDIUM] F19: enthalpy change is a quantity, so it cannot equal the word 'exothermic'. For an exothermic reaction the e
  ok   #48 L4.practice_questions[5].type [MEDIUM] F20: the environmental impact of over-using synthetic fertilisers, including eutrophication, is C6.4 outcome 2
  ok   #49 L4.practice_questions[2].type [MEDIUM] F21: the choice of pressure is C6.4 outcome 3b, bold, so this question is Higher only.
  ok   #50 L4.practice_questions[3].type [MEDIUM] F21: 'catalysts increase rate but do not affect yield' is C6.3 outcome 3a, bold, so this question is Higher on
  ok   #51 L4.practice_questions[4].type [MEDIUM] F21: separating the ammonia and recycling the unreacted gases is C6.4 outcome 3c, bold, so this question is Hi
  ok   #52 L4.flashcard_questions[2].q [MEDIUM] F21: predicting the effect of conditions on equilibrium (C6.3 outcome 3) and explaining the Haber conditions (
  ok   #53 L4.flashcard_questions[3].q [MEDIUM] F21: predicting the effect of conditions on equilibrium (C6.3 outcome 3) and explaining the Haber conditions (
  ok   #54 L4.flashcard_questions[4].q [MEDIUM] F21: predicting the effect of conditions on equilibrium (C6.3 outcome 3) and explaining the Haber conditions (
  ok   #55 L4.flashcard_questions[5].q [MEDIUM] F21: predicting the effect of conditions on equilibrium (C6.3 outcome 3) and explaining the Haber conditions (
  ok   #56 L4.flashcard_questions[7].q [MEDIUM] F21: predicting the effect of conditions on equilibrium (C6.3 outcome 3) and explaining the Haber conditions (
  ok   #57 L4.flashcard_questions[10].q [MEDIUM] F21: predicting the effect of conditions on equilibrium (C6.3 outcome 3) and explaining the Haber conditions (
  PATCH L4: content_html, practice_questions, flashcard_questions
=== 58 applied, 0 skipped, 4 lessons / 16 fields changed
=== APPLY EDITS separate-sciences-ocr-b/chemistry-analysis-useful-products  59 edits  LIVE  2026-09-05T14:39:34.426Z
  ok   #0 L1.content_html [MEDIUM] F1: this board sets Practical Activity Groups (PAGs), not required practicals. Paper chromatography sits in th
  ok   #1 L1.content_html [MEDIUM] F1: names the board's own practical scheme instead of the AQA term.
  ok   #2 L1.exam_tip_html [MEDIUM] F1: same terminology fix in the exam tip.
  ok   #3 L1.practice_questions[5].type [MEDIUM] F1: same terminology fix on the question type.
  ok   #4 L1.practice_questions[3].type [MEDIUM] F2: C5.1 has no bold statements, so filtration, crystallisation, simple and fractional distillation (outcome 7
  ok   #5 L1.content_html [MEDIUM] F3: C5.2 contains no bold statements, so instrumental analysis and flame tests are separate-science content as
  ok   #6 L1.content_html [MEDIUM] F4: J258 names emission spectroscopy (C5.2 outcomes 4 and 5) as the instrumental technique. Mass spectrometry 
  ok   #7 L1.content_html [MEDIUM] F5: the spec separates laboratory analysis (flame tests, precipitation reactions) from instrumental analysis. 
  ok   #8 L1.conclusion_html [MEDIUM] F4: the takeaway should name the technique the spec examines.
  ok   #9 L1.practice_questions[4].text [MEDIUM] F4: the question is off-spec, so it is labelled rather than removed.
  ok   #10 L1.flashcard_questions[10].q [MEDIUM] F4: replaces an off-spec mass spectrum card with the technique C5.2 outcome 4 examines.
  ok   #11 L1.flashcard_questions[10].a [MEDIUM] F4: answer rewritten to match the new question; 20 words, no duplicate in this lesson.
  ok   #12 L1.flashcard_questions[9].q [LOW] F6: the question text carried a doubled generation stem ('What fills in the blank: Cloze:').
  ok   #13 L1.flashcard_questions[9].a [LOW] F6 finisher: single-word answer expanded so the reworded question passes the validator.
  PATCH L1: content_html, exam_tip_html, practice_questions, conclusion_html, flashcard_questions
  ok   #14 L2.content_html [MEDIUM] F7: the KaTeX inline delimiter is broken by a space (backslash space bracket), so the formula renders as liter
  ok   #15 L2.content_html [MEDIUM] F7: the KaTeX inline delimiter is broken by a space (backslash space bracket), so the formula renders as liter
  ok   #16 L2.content_html [MEDIUM] F7: the KaTeX inline delimiter is broken by a space (backslash space bracket), so the formula renders as liter
  ok   #17 L2.content_html [MEDIUM] F7: the KaTeX inline delimiter is broken by a space (backslash space bracket), so the formula renders as liter
  ok   #18 L2.content_html [MEDIUM] F7: the KaTeX inline delimiter is broken by a space (backslash space bracket), so the formula renders as liter
  ok   #19 L2.content_html [MEDIUM] F8: C6.1 outcome 6 (a tenfold change in hydrogen ion concentration changes pH by one) is bold, so it is Higher
  ok   #20 L2.exam_tip_html [MEDIUM] F9: strong and weak acids are C6.1 outcomes 5 to 7, all bold, so this advice is Higher only. Higher content ha
  ok   #21 L2.exam_tip_html [MEDIUM] F10: a titration is not a variable-manipulation investigation, and the concentration being found is an unknown
  ok   #22 L2.practice_questions[1].type [MEDIUM] F11: the question is a free-response naming question with no options, so the Multiple Choice label is wrong.
  ok   #23 L2.practice_questions[3].type [MEDIUM] F1: this board sets PAGs, not required practicals.
  ok   #24 L2.flashcard_questions[9].q [MEDIUM] F9: strong and weak acids are bold in C6.1, so Higher only. Tier tag at the end of the question.
  ok   #25 L2.flashcard_questions[10].q [MEDIUM] F9: strong and weak acids are bold in C6.1, so Higher only. Tier tag at the end of the question.
  ok   #26 L2.flashcard_questions[6].q [LOW] F12: the card was a cloze fragment, not a question; the existing answer is unchanged.
  PATCH L2: content_html, exam_tip_html, practice_questions, flashcard_questions
  ok   #27 L3.content_html [HIGH] F13: C6.4 outcome 6 defines atom economy as the mass of atoms in the desired product divided by the TOTAL MASS
  ok   #28 L3.content_html [HIGH] F13: the displayed formula must match the spec formula, which divides by the reactants.
  ok   #29 L3.content_html [HIGH] F13: worked example reworked onto the reactant denominator. The answer is unchanged at 56% because mass is con
  ok   #30 L3.conclusion_html [HIGH] F13: takeaway carried the same wrong denominator.
  ok   #31 L3.flashcard_questions[8].a [HIGH] F13: flashcard carried the same wrong denominator.
  ok   #32 L3.practice_questions[4].text [HIGH] F13: the data given must let the student use the spec formula, so the reactant Mr values replace the by-produc
  ok   #33 L3.practice_questions[4].marks [HIGH] F13: mark scheme moved onto the reactant denominator; the answer stays 17.6%.
  ok   #34 L3.content_html [MEDIUM] F14: C6.4 outcomes 5, 6 and 7 (define, calculate and compute atom economy) are NOT bold, so atom economy is se
  ok   #35 L3.content_html [MEDIUM] F15: recomputation: 20 cm3 in 20 s is 1.0 cm3/s, which is 60 cm3/min, not 1.0 cm3/min. As written the note tea
  ok   #36 L3.content_html [MEDIUM] F16: C6.2 outcome 7 sub-points iii (colour change) and iv (formation of a precipitate) are bold, so following 
  ok   #37 L3.practice_questions[1].type [MEDIUM] F17: explaining the effect of temperature by collision frequency and energy is C6.2 outcome 2, not bold, so it
  ok   #38 L3.practice_questions[5].type [MEDIUM] F1 and F16: PAG terminology, and the disappearing-cross method (timing a precipitate) is bold in C6.2 outcome 
  ok   #39 L3.flashcard_questions[5].q [MEDIUM] F16: the old card was a three-item comma list and included Higher-only methods. Rewritten to one both-tier ide
  ok   #40 L3.flashcard_questions[5].a [MEDIUM] F16: answer rewritten to match; 17 words, no duplicate in this lesson.
  PATCH L3: content_html, conclusion_html, flashcard_questions, practice_questions
  ok   #41 L4.content_html [MEDIUM] F7: broken KaTeX inline delimiter (backslash space bracket) renders the formula as literal text.
  ok   #42 L4.content_html [MEDIUM] F7: broken KaTeX inline delimiter (backslash space bracket) renders the formula as literal text.
  ok   #43 L4.content_html [MEDIUM] F7: broken KaTeX inline delimiter (backslash space bracket) renders the formula as literal text.
  ok   #44 L4.content_html [MEDIUM] F7: broken KaTeX inline delimiter (backslash space bracket) renders the formula as literal text.
  ok   #45 L4.content_html [MEDIUM] F18: the higher-only wrapper opened below the heading, so a Foundation reader saw the heading with nothing und
  ok   #46 L4.content_html [MEDIUM] F18: the higher-only wrapper opened below the heading, so a Foundation reader saw the heading with nothing und
  ok   #47 L4.content_html [MEDIUM] F18: the higher-only wrapper opened below the heading, so a Foundation reader saw the heading with nothing und
  ok   #48 L4.content_html [MEDIUM] F19: enthalpy change is a quantity, so it cannot equal the word 'exothermic'. For an exothermic reaction the e
  ok   #49 L4.practice_questions[5].type [MEDIUM] F20: the environmental impact of over-using synthetic fertilisers, including eutrophication, is C6.4 outcome 2
  ok   #50 L4.practice_questions[2].type [MEDIUM] F21: the choice of pressure is C6.4 outcome 3b, bold, so this question is Higher only.
  ok   #51 L4.practice_questions[3].type [MEDIUM] F21: 'catalysts increase rate but do not affect yield' is C6.3 outcome 3a, bold, so this question is Higher on
  ok   #52 L4.practice_questions[4].type [MEDIUM] F21: separating the ammonia and recycling the unreacted gases is C6.4 outcome 3c, bold, so this question is Hi
  ok   #53 L4.flashcard_questions[2].q [MEDIUM] F21: predicting the effect of conditions on equilibrium (C6.3 outcome 3) and explaining the Haber conditions (
  ok   #54 L4.flashcard_questions[3].q [MEDIUM] F21: predicting the effect of conditions on equilibrium (C6.3 outcome 3) and explaining the Haber conditions (
  ok   #55 L4.flashcard_questions[4].q [MEDIUM] F21: predicting the effect of conditions on equilibrium (C6.3 outcome 3) and explaining the Haber conditions (
  ok   #56 L4.flashcard_questions[5].q [MEDIUM] F21: predicting the effect of conditions on equilibrium (C6.3 outcome 3) and explaining the Haber conditions (
  ok   #57 L4.flashcard_questions[7].q [MEDIUM] F21: predicting the effect of conditions on equilibrium (C6.3 outcome 3) and explaining the Haber conditions (
  ok   #58 L4.flashcard_questions[10].q [MEDIUM] F21: predicting the effect of conditions on equilibrium (C6.3 outcome 3) and explaining the Haber conditions (
  PATCH L4: content_html, practice_questions, flashcard_questions
=== 59 applied, 0 skipped, 4 lessons / 16 fields changed
