
=== RE-NARRATION (changed narrated text only) ===
backup: C:\Users\tshau\Documents\Study Vault\scripts\_retrofc\units\separate-sciences-ocr-b__chemistry-analysis-useful-products\_backup.json
unit:   separate-sciences-ocr-b / chemistry-analysis-useful-products
run: 2026-09-05T14:39:38Z  mode: LIVE

4 lessons, 18 clips to regenerate

  L01 (Ollie)  Separation, Purity and Chromatography
      n17: This course has no ‘required practicals’. It has eight practical activity groups, and chromatography sits in t
             -> 556 KB, 47.5s, uploaded
      n19: As well as chromatography, modern laboratories use instrumental techniques that are faster, more sensitive, an
             -> 537 KB, 45.8s, uploaded
      n20: Flame tests are a standard laboratory test, not an instrumental method. They use the colour of light emitted w
             -> 278 KB, 23.7s, uploaded
      n21: For chromatography practical questions, always state why a pencil baseline is used (pen ink would travel in th
             -> 271 KB, 23.1s, uploaded
      n25: Instrumental methods such as emission spectroscopy can identify substances with greater speed and sensitivity 
             -> 137 KB, 11.7s, uploaded
      manifest updated (25 entries)
  L02 (Ada)  Acids, Alkalis and Useful Products
      n2: An acid is a substance that releases hydrogen ions (H^+) in water. A base is a substance that neutralises an a
             -> 273 KB, 23.3s, uploaded
      n3: The pH scale runs from 0 to 14. A pH of 7 is neutral; below 7 is acidic; above 7 is alkaline. pH is measured u
             -> 297 KB, 25.4s, uploaded
      n14: A salt takes its name from the metal and the acid. Hydrochloric acid (HCl) produces chlorides ; sulfuric acid 
             -> 285 KB, 24.3s, uploaded
      n26: In questions about making salts, a common error is not explaining why an excess of solid is added — always sta
             -> 434 KB, 37.0s, uploaded
      manifest updated (30 entries)
  L03 (Ollie)  Rates and Yields
      n16: Colour/turbidity change (Higher tier) — used for reactions that produce a precipitate or change colour. The “d
             -> 232 KB, 19.8s, uploaded
      n19: Note: the units are cm 3 /s because volume was measured in cm 3 and time in seconds. The same rate written per
             -> 191 KB, 16.3s, uploaded
      n26: atom economy equals (relative formula mass of desired product over sum of relative formula masses of all react
             -> 98 KB, 8.4s, uploaded
      n28: Consider the reaction: CaCO sub 3 gives CaO + CO sub 2. The desired product is CaO (M sub r equals 56). The on
             -> 348 KB, 29.7s, uploaded
      n36: Atom economy = (M sub r of desired product ÷ total M sub r of all reactants) × 100. High atom economy means le
             -> 159 KB, 13.6s, uploaded
      manifest updated (36 entries)
  L04 (Ada)  Industrial Chemistry — The Haber Process
      n2: Some reactions are reversible — the products can re-form the original reactants. Reversible reactions are show
             -> 167 KB, 14.3s, uploaded
      n16: The Haber process manufactures ammonia (NH sub 3) on an industrial scale. Ammonia is the starting material for
             -> 229 KB, 19.5s, uploaded
      n17: N sub 2 + 3H sub 2 2NH sub 3 H is negative (exothermic)
             -> 72 KB, 6.1s, uploaded
      n23: The left side of the equation has 4 moles of gas (N sub 2 + 3H sub 2) and the right side has 2 moles (2NH sub 
             -> 437 KB, 37.3s, uploaded
      manifest updated (34 entries)

Regenerated 18 clips.

=== VERIFY (ranged GET + freshness) ===
  206  L01 n17  bytes 0-3/569376  Last-Modified: Sat, 05 Sep 2026 14:39:48 GMT  mp3-sync=OK
  206  L01 n19  bytes 0-3/549792  Last-Modified: Sat, 05 Sep 2026 14:39:57 GMT  mp3-sync=OK
  206  L01 n20  bytes 0-3/284256  Last-Modified: Sat, 05 Sep 2026 14:40:03 GMT  mp3-sync=OK
  206  L01 n21  bytes 0-3/277056  Last-Modified: Sat, 05 Sep 2026 14:40:08 GMT  mp3-sync=OK
  206  L01 n25  bytes 0-3/139968  Last-Modified: Sat, 05 Sep 2026 14:40:11 GMT  mp3-sync=OK
  206  L02 n2  bytes 0-3/279360  Last-Modified: Sat, 05 Sep 2026 14:40:16 GMT  mp3-sync=OK
  206  L02 n3  bytes 0-3/304416  Last-Modified: Sat, 05 Sep 2026 14:40:21 GMT  mp3-sync=OK
  206  L02 n14  bytes 0-3/291456  Last-Modified: Sat, 05 Sep 2026 14:40:26 GMT  mp3-sync=OK
  206  L02 n26  bytes 0-3/444384  Last-Modified: Sat, 05 Sep 2026 14:40:34 GMT  mp3-sync=OK
  206  L03 n16  bytes 0-3/237888  Last-Modified: Sat, 05 Sep 2026 14:40:38 GMT  mp3-sync=OK
  206  L03 n19  bytes 0-3/195840  Last-Modified: Sat, 05 Sep 2026 14:40:43 GMT  mp3-sync=OK
  206  L03 n26  bytes 0-3/100800  Last-Modified: Sat, 05 Sep 2026 14:40:45 GMT  mp3-sync=OK
  206  L03 n28  bytes 0-3/356832  Last-Modified: Sat, 05 Sep 2026 14:40:52 GMT  mp3-sync=OK
  206  L03 n36  bytes 0-3/162720  Last-Modified: Sat, 05 Sep 2026 14:40:56 GMT  mp3-sync=OK
  206  L04 n2  bytes 0-3/171072  Last-Modified: Sat, 05 Sep 2026 14:41:00 GMT  mp3-sync=OK
  206  L04 n16  bytes 0-3/234144  Last-Modified: Sat, 05 Sep 2026 14:41:05 GMT  mp3-sync=OK
  206  L04 n17  bytes 0-3/73440  Last-Modified: Sat, 05 Sep 2026 14:41:07 GMT  mp3-sync=OK
  206  L04 n23  bytes 0-3/447840  Last-Modified: Sat, 05 Sep 2026 14:41:15 GMT  mp3-sync=OK

18/18 clips verified HTTP 200/206 with fresh audio.
