=== APPLY EDITS separate-sciences-ocr-b/biology-keeping-healthy  19 edits  LIVE  2026-09-05T13:17:37.788Z
  ok   #0 L1.content_html [MEDIUM] F1a: opens F1. B2.2.3 (physical plant defences, leaf cuticle and cell wall) and B2.2.6 (chemical plant defence
  ok   #1 L1.content_html [MEDIUM] F1b: closes F1; div open and close counts stay equal.
  ok   #2 L1.practice_questions[2].type [MEDIUM] F2: the (HT) flag is wrong. B2.6.1 (explain the use of medicines, including antibiotics, in the treatment of d
  PATCH L1: content_html, practice_questions
  ok   #3 L2.content_html [MEDIUM] F3a: opens F3. The wrapper started one paragraph too early and hid B2.4.1a (describe ways in which diseases ca
  ok   #4 L2.content_html [MEDIUM] F3b: re-opens the wrapper at the monoclonal antibody material only. B2.4.4 (how monoclonal antibodies are prod
  ok   #5 L2.practice_questions[2].text [MEDIUM] F5: B2.4.5 (ways monoclonal antibodies can be used in diagnostic tests) is bold, so Higher tier only.
  ok   #6 L2.practice_questions[3].text [MEDIUM] F5: B2.4.4 (describe how monoclonal antibodies are produced) is bold, so Higher tier only.
  ok   #7 L2.practice_questions[3].type [MEDIUM] F4: wrong on two counts. This board calls its practical activities PAGs, not required practicals, and producin
  ok   #8 L2.knowledge_checks[1].q [MEDIUM] F6: B2.4.4 and B2.4.5 are bold. The answer key is right (index 1, 'Only recognise and bind to one particular a
  ok   #9 L2.flashcard_questions[5].q [MEDIUM] F7: B2.4.4/B2.4.5 are bold; tag at the end of the question, matching house style.
  ok   #10 L2.flashcard_questions[6].q [MEDIUM] F7: B2.4.4 (antigen injected into an animal) is bold.
  ok   #11 L2.flashcard_questions[7].q [MEDIUM] F7: B2.4.5 is bold.
  ok   #12 L2.conclusion_html [MEDIUM] F8: the whole takeaway is B2.4.4 and B2.4.5, both bold. Tagged as a prefix, because a wrapper cannot go inside
  ok   #13 L2.exam_tip_html [MEDIUM] F9: the tip told every student that the production sequence is required. B2.4.4 is bold, so it is required at 
  PATCH L2: content_html, practice_questions, knowledge_checks, flashcard_questions, conclusion_html, exam_tip_html
  ok   #14 L3.practice_questions[3].type [MEDIUM] F10: 'required practical' is AQA and Edexcel wording; this board uses PAGs. Designing a cohort study is not a 
  ok   #15 L3.flashcard_questions[8].q [LOW] F11: the card was a gap-fill that named the answer in the question, and the stored answer did not fill the gap
  PATCH L3: practice_questions, flashcard_questions
  ok   #16 L4.practice_questions[1].type [MEDIUM] F12: the (HT) flag is wrong. B2.6.4 (the process of discovery and development of new medicines, including prec
  ok   #17 L4.practice_questions[5].type [MEDIUM] F13: the question asks for two ways to improve a trial. There is no calculation in the question or in the mark
  ok   #18 L4.flashcard_questions[7].q [LOW] F14: the card carried two gaps in two different formats and could not be answered as written. Reworded to matc
  PATCH L4: practice_questions, flashcard_questions
=== 19 applied, 0 skipped, 4 lessons / 12 fields changed
