=== APPLY EDITS geography-edexcel-b/people-environment-issues  32 edits  LIVE  2026-09-06T04:22:02.692Z
  ok   #0 L1.content_html [MEDIUM] F1: the $33 trillion estimate is Costanza et al., Nature 1997, not the Millennium Ecosystem Assessment; it was
  ok   #1 L1.exam_tip_html [MEDIUM] F2: invented mark-scheme claim and fabricated examiner claim removed.
  ok   #19 L1.practice_questions[5].text [MEDIUM] F3: Paper 3 carries up to 4 SPaG marks in total across the whole paper, so an 8-mark practice question cannot 
  PATCH L1: content_html, exam_tip_html, practice_questions
  ok   #2 L2.content_html [MEDIUM] F4: IEA India Energy Outlook 2021 - India is the third-largest energy consumer and is not projected to overtak
  ok   #3 L2.exam_tip_html [LOW] F2: fabricated examiner claim removed.
  ok   #20 L2.practice_questions[5].text [MEDIUM] F3: Paper 3 carries up to 4 SPaG marks in total across the whole paper, so an 8-mark practice question cannot 
  ok   #21 L2.practice_questions[5].marks [MEDIUM] F3: Paper 3 carries up to 4 SPaG marks in total across the whole paper, so an 8-mark practice question cannot 
  PATCH L2: content_html, exam_tip_html, practice_questions
  ok   #4 L3.content_html [MEDIUM] F5: 6% is the share of the LAND surface; tropical rainforest is under 3% of the Earth's total surface.
  ok   #5 L3.exam_tip_html [LOW] F2: fabricated examiner claim removed.
  ok   #22 L3.practice_questions[5].text [MEDIUM] F3: Paper 3 carries up to 4 SPaG marks in total across the whole paper, so an 8-mark practice question cannot 
  ok   #23 L3.practice_questions[5].marks [MEDIUM] F3: Paper 3 carries up to 4 SPaG marks in total across the whole paper, so an 8-mark practice question cannot 
  PATCH L3: content_html, exam_tip_html, practice_questions
  ok   #6 L4.content_html [HIGH] F6: the British Columbia lodgepole pine epidemic was the mountain pine beetle (Dendroctonus ponderosae). The s
  ok   #7 L4.knowledge_checks[4].left[1] [HIGH] F6: wrong beetle species named for the British Columbia lodgepole pine epidemic.
  ok   #8 L4.flashcard_questions[11].q [HIGH] F6: wrong beetle species named for the British Columbia lodgepole pine epidemic.
  ok   #24 L4.practice_questions[5].text [MEDIUM] F3: Paper 3 carries up to 4 SPaG marks in total across the whole paper, so an 8-mark practice question cannot 
  ok   #25 L4.practice_questions[5].marks [MEDIUM] F3: Paper 3 carries up to 4 SPaG marks in total across the whole paper, so an 8-mark practice question cannot 
  PATCH L4: content_html, knowledge_checks, flashcard_questions, practice_questions
  ok   #9 L5.content_html [MEDIUM] F7: the 30% to 1% fall (Gibbs et al., Science 2015) is the share of NEW SOYA AREA planted on newly cleared for
  ok   #10 L5.exam_tip_html [MEDIUM] F2/F7: fabricated examiner claim removed and the soy moratorium figure given its correct denominator.
  ok   #11 L5.flashcard_questions[7].q [MEDIUM] F7: question and answer restated against the correct denominator (share of new soya area on newly cleared fore
  ok   #12 L5.flashcard_questions[7].a [MEDIUM] F7: the 30% to 1% fall is the share of new soya area on cleared forest, not the share of deforestation.
  ok   #26 L5.practice_questions[5].text [MEDIUM] F3: Paper 3 carries up to 4 SPaG marks in total across the whole paper, so an 8-mark practice question cannot 
  ok   #27 L5.practice_questions[5].marks [MEDIUM] F3: Paper 3 carries up to 4 SPaG marks in total across the whole paper, so an 8-mark practice question cannot 
  ok   #31 L5.practice_questions[3].marks [MEDIUM] F7: the 30% to 1% fall is the share of new soya area on newly cleared forest, not the share of Amazon deforest
  PATCH L5: content_html, exam_tip_html, flashcard_questions, practice_questions
  ok   #13 L6.content_html [LOW] F2: fabricated examiner claim removed.
  ok   #28 L6.practice_questions[5].text [MEDIUM] F3: Paper 3 carries up to 4 SPaG marks in total across the whole paper, so an 8-mark practice question cannot 
  ok   #29 L6.practice_questions[5].marks [MEDIUM] F3: Paper 3 carries up to 4 SPaG marks in total across the whole paper, so an 8-mark practice question cannot 
  PATCH L6: content_html, practice_questions
  ok   #14 L7.exam_tip_html [LOW] F2: fabricated examiner claim removed.
  ok   #30 L7.practice_questions[5].text [MEDIUM] F3: Paper 3 carries up to 4 SPaG marks in total across the whole paper, so an 8-mark practice question cannot 
  PATCH L7: exam_tip_html, practice_questions
  ok   #15 L8.content_html [LOW] F2: fabricated examiner claim removed.
  ok   #16 L8.flashcard_questions[10].a [LOW] F2: fabricated examiner claim removed from a flashcard answer.
  ok   #17 L8.content_html [LOW] F8: mangled sentence (duplicated article) left by an automated rename.
  ok   #18 L8.flashcard_questions[1].q [LOW] F8: mangled question (duplicated article) left by an automated rename.
  PATCH L8: content_html, flashcard_questions
=== 32 applied, 0 skipped, 8 lessons / 23 fields changed
