
=== RE-NARRATION (changed narrated text only) ===
backup: C:\Users\tshau\Documents\Study Vault\scripts\_retrofc\units\geography-edexcel-b__people-environment-issues\_backup.json
unit:   geography-edexcel-b / people-environment-issues
run: 2026-09-06T04:22:08Z  mode: LIVE

8 lessons, 13 clips to regenerate

  L01 (Ollie)  Global Biomes & The Biosphere
      n13: Key Fact . The biosphere provides goods (food, timber, medicines, fuel) and services (atmospheric regulation, 
             -> 260 KB, 22.2s, uploaded
      n17: For the 4-mark Explain question on biome distribution, link climate to circulation cells. The right answer goe
             -> 351 KB, 29.9s, uploaded
      manifest updated (21 entries)
  L02 (Ada)  Demand on the Biosphere: Food, Water & Energy
      n11: Global energy use has more than doubled since 1980 and the International Energy Agency expects another 25% ris
             -> 511 KB, 43.6s, uploaded
      n19: For the 4-mark Explain question on rising demand, name the drivers (population, affluence, urbanisation, indus
             -> 378 KB, 32.3s, uploaded
      manifest updated (23 entries)
  L03 (Ollie)  Tropical Rainforests: Structure & Threats
      n2: Tropical rainforests cover only about 6% of the Earth’s land surface but contain more than half of all known l
             -> 405 KB, 34.5s, uploaded
      n18: For the 4-mark Explain question on deforestation causes, give at least two distinct causes (e.g. commercial ag
             -> 356 KB, 30.4s, uploaded
      manifest updated (22 entries)
  L04 (Ada)  The Taiga: Adaptations & Threats
      n15: Acid precipitation from coal-burning power stations and smelters has damaged taiga forests for decades. The Su
             -> 516 KB, 44.0s, uploaded
      manifest updated (22 entries)
  L05 (Ollie)  Protecting Forests: Conservation & Sustainability
      n10: In 2006, after pressure from Greenpeace and supermarket chains, the largest grain traders agreed not to buy so
             -> 375 KB, 32.0s, uploaded
      n18: For the 4-mark Explain question on forest management, name strategies (CITES, REDD, FSC) and add a specific ou
             -> 361 KB, 30.8s, uploaded
      manifest updated (22 entries)
  L06 (Ada)  Energy: Resources, Access & Demand
      n16: An oil price graph from 1970 to today shows huge spikes and crashes. Spikes line up with conflict (1973 embarg
             -> 430 KB, 36.7s, uploaded
      manifest updated (21 entries)
  L07 (Ollie)  Energy Futures: Reducing Reliance on Fossil Fuels
      n16: For the 8-mark Examine question on energy futures, a strong answer combines three things: technical content (w
             -> 320 KB, 27.3s, uploaded
      manifest updated (20 entries)
  L08 (Ada)  Making a Geographical Decision
      n2: The Edexcel B people-and-environment paper ends with a 12-mark decision-making essay. You are given a resource
             -> 399 KB, 34.1s, uploaded
      n16: The decision essay can also draw on what you learned in Components 1 and 2. A question on tropical rainforests
             -> 347 KB, 29.6s, uploaded
      manifest updated (21 entries)

Regenerated 13 clips.

=== VERIFY (ranged GET + freshness) ===
  206  L01 n13  bytes 0-3/266112  Last-Modified: Sun, 06 Sep 2026 04:22:17 GMT  mp3-sync=OK
  206  L01 n17  bytes 0-3/359136  Last-Modified: Sun, 06 Sep 2026 04:22:24 GMT  mp3-sync=OK
  206  L02 n11  bytes 0-3/523296  Last-Modified: Sun, 06 Sep 2026 04:22:34 GMT  mp3-sync=OK
  206  L02 n19  bytes 0-3/387360  Last-Modified: Sun, 06 Sep 2026 04:22:41 GMT  mp3-sync=OK
  206  L03 n2  bytes 0-3/414432  Last-Modified: Sun, 06 Sep 2026 04:22:49 GMT  mp3-sync=OK
  206  L03 n18  bytes 0-3/364896  Last-Modified: Sun, 06 Sep 2026 04:22:56 GMT  mp3-sync=OK
  206  L04 n15  bytes 0-3/527904  Last-Modified: Sun, 06 Sep 2026 04:23:12 GMT  mp3-sync=OK
  206  L05 n10  bytes 0-3/383904  Last-Modified: Sun, 06 Sep 2026 04:23:20 GMT  mp3-sync=OK
  206  L05 n18  bytes 0-3/370080  Last-Modified: Sun, 06 Sep 2026 04:23:27 GMT  mp3-sync=OK
  206  L06 n16  bytes 0-3/440064  Last-Modified: Sun, 06 Sep 2026 04:23:37 GMT  mp3-sync=OK
  206  L07 n16  bytes 0-3/327744  Last-Modified: Sun, 06 Sep 2026 04:23:46 GMT  mp3-sync=OK
  206  L08 n2  bytes 0-3/408960  Last-Modified: Sun, 06 Sep 2026 04:23:57 GMT  mp3-sync=OK
  206  L08 n16  bytes 0-3/355392  Last-Modified: Sun, 06 Sep 2026 04:24:07 GMT  mp3-sync=OK

13/13 clips verified HTTP 200/206 with fresh audio.
