=== APPLY EDITS cambridge-nationals-engineering-manufacture/principles-of-engineering-manufacture  32 edits  LIVE  2026-09-04T06:44:29.721Z
  ok   #0 L1.content_html [HIGH] F1: Includes powder metallurgy without misdescribing it as liquid mould filling.
  ok   #1 L1.content_html [HIGH] F1: Preserves the shaping/forming contrast while covering the listed powder process.
  ok   #2 L1.content_html [MEDIUM] F2: Suitable manufacturing scrap can be recycled.
  ok   #3 L1.practice_questions[2].marks [MEDIUM] F2: The answer key must not state that swarf cannot be recovered.
  ok   #4 L1.flashcard_questions[11].a [MEDIUM] F2: Removes the false claim that all removed material is unrecoverable.
  ok   #5 L1.exam_tip_html [MEDIUM] F3: R014 gives no universal mark allocation for an explain response.
  ok   #6 L1.flashcard_questions[0].q [MEDIUM] F4: Correct unit code.
  ok   #7 L1.flashcard_questions[8].q [MEDIUM] F4: Correct unit code.
  PATCH L1: content_html, practice_questions, flashcard_questions, exam_tip_html
  ok   #8 L2.content_html [MEDIUM] F5: Aligns powder metallurgy with the specified ceramic-product scope.
  ok   #9 L2.conclusion_html [MEDIUM] F5: Powder metallurgy does not pour or inject material into a mould.
  ok   #10 L2.knowledge_checks[0].q [MEDIUM] F6: Correct unit code.
  ok   #11 L2.flashcard_questions[10].q [MEDIUM] F6: Correct unit code.
  PATCH L2: content_html, conclusion_html, knowledge_checks, flashcard_questions
  ok   #12 L3.content_html [MEDIUM] F7: Stainless-steel magnetism varies by grade.
  ok   #13 L3.content_html [MEDIUM] F7: Removes the false universal magnetic and corrosion claim.
  ok   #14 L3.flashcard_questions[0].a [MEDIUM] F7: Magnetism and corrosion resistance are grade-dependent.
  ok   #15 L3.glossary_terms[0].definition [MEDIUM] F7: Avoids treating all ferrous materials as magnetic and rust-prone.
  ok   #16 L3.conclusion_html [MEDIUM] F8: An alloy can contain more than one phase.
  ok   #17 L3.flashcard_questions[5].q [MEDIUM] F9: Correct unit code.
  PATCH L3: content_html, flashcard_questions, glossary_terms, conclusion_html
  ok   #18 L5.flashcard_questions[1].q [MEDIUM] F10: Correct unit code.
  ok   #19 L5.flashcard_questions[11].q [MEDIUM] F10: Correct unit code.
  PATCH L5: flashcard_questions
  ok   #20 L6.content_html [MEDIUM] F11: R014 names mass manufacture, not continuous production.
  ok   #21 L6.content_html [MEDIUM] F11: R014 names mass manufacture, not continuous production.
  ok   #22 L6.flashcard_questions[0].a [MEDIUM] F11: Uses the listed R014 scale term.
  ok   #23 L6.content_html [MEDIUM] F12: CAM can reduce defects but does not eliminate human error.
  PATCH L6: content_html, flashcard_questions
  ok   #24 L7.content_html [HIGH] F13: Corrects the signed lower-deviation calculation.
  ok   #25 L7.content_html [MEDIUM] F14: The stated rule is for a hole and plug gauge.
  ok   #26 L7.flashcard_questions[8].a [MEDIUM] F14: Specifies the correct plug-gauge use case.
  PATCH L7: content_html, flashcard_questions
  ok   #27 L8.content_html [HIGH] F15: Carbon-fibre handling hazards are not established as carcinogenic fibres.
  ok   #28 L8.practice_questions[5].marks [HIGH] F15: Removes the unsupported carcinogenic claim from the answer key.
  ok   #29 L8.knowledge_checks[4].right[0] [HIGH] F15: Removes the unsupported carcinogenic claim.
  ok   #30 L8.flashcard_questions[8].a [HIGH] F15: Removes the unsupported carcinogenic claim.
  PATCH L8: content_html, practice_questions, knowledge_checks, flashcard_questions
  ok   #31 L10.practice_questions[5].marks [MEDIUM] F16: Corrects the limited reporting duty under the Modern Slavery Act.
  PATCH L10: practice_questions
=== 32 applied, 0 skipped, 8 lessons / 22 fields changed
