
=== RE-NARRATION (changed narrated text only) ===
backup: C:\Users\tshau\Documents\Study Vault\scripts\_retrofc\units\electronics-eduqas__application-of-electronics\_backup.json
unit:   electronics-eduqas / application-of-electronics
run: 2026-09-04T17:52:39Z  mode: LIVE
  L04: no narrated field changed -> skip
  L07: no narrated field changed -> skip

7 lessons, 13 clips to regenerate

  L01 (Ollie)  Amplifiers: Gain, Bandwidth and Clipping
      n19: Sine wave — a smooth, continuously varying curve. Pure tones and AC mains are sine waves.
             -> 90 KB, 7.7s, uploaded
      manifest updated (35 entries)
  L03 (Ollie)  Summing Amplifiers and Audio Mixer Systems
      n7: A summing amplifier can combine two or more input signals. Each input can have a different resistor value to a
             -> 164 KB, 14.0s, uploaded
      manifest updated (31 entries)
  L05 (Ollie)  555 Astable Oscillators and Mark-Space Ratio
      n42: Mark-space ratio equals T sub ON / T sub OFF equals (R sub 1 + R sub 2) / R sub 2; it is always > 1 in a stand
             -> 141 KB, 12.1s, uploaded
      manifest updated (43 entries)
  L06 (Ada)  D-Type Flip-Flops, Latches and Up-Counters
      n18: Two D-type flip-flops connected in series form a 2-bit counter. The Q-bar output of the first flip-flop (Q0) c
             -> 163 KB, 13.9s, uploaded
      n19: The result: Q0 toggles on every rising edge of the external clock (CLK). Q1 toggles when Q0 falls, which is th
             -> 144 KB, 12.3s, uploaded
      n28: CLK: a square wave toggling continuously. Q0: toggles at each rising edge of CLK — its period is twice that of
             -> 231 KB, 19.7s, uploaded
      n29: To check: count CLK pulses between rising edges of Q1. There should be exactly 4 CLK pulses per Q1 cycle. If y
             -> 222 KB, 18.9s, uploaded
      manifest updated (33 entries)
  L08 (Ada)  Schmitt Inverters and Interfacing Analogue to Digital
      n7: The gap between the two thresholds is called hysteresis . Noise that does not carry the input across the next 
             -> 176 KB, 15.0s, uploaded
      n15: From these observations: V T+ = 3.5 V and V T− = 1.5 V. Hysteresis = 3.5 − 1.5 = 2.0 V . A noise spike changes
             -> 205 KB, 17.5s, uploaded
      manifest updated (33 entries)
  L09 (Ollie)  Microcontrollers and Flowchart Programming
      n15: Key Fact . This lesson uses four common block types: terminator (rounded rectangle — Start/End), input/output 
             -> 273 KB, 23.3s, uploaded
      n35: The flowchart question appears on the exam every year and is one of the highest-scoring question types when st
             -> 461 KB, 39.3s, uploaded
      manifest updated (39 entries)
  L10 (Ada)  Microcontroller Applications and System Evaluation
      n5: Modern cars contain multiple microcontroller-based control units. Four useful examples are:
             -> 77 KB, 6.6s, uploaded
      n17: Four common reasons engineers choose microcontrollers are:
             -> 46 KB, 3.9s, uploaded
      manifest updated (37 entries)

Regenerated 13 clips.

=== VERIFY (ranged GET + freshness) ===
  206  L01 n19  bytes 0-3/92160  Last-Modified: Fri, 04 Sep 2026 17:52:43 GMT  mp3-sync=OK
  206  L03 n7  bytes 0-3/168192  Last-Modified: Fri, 04 Sep 2026 17:52:47 GMT  mp3-sync=OK
  206  L05 n42  bytes 0-3/144576  Last-Modified: Fri, 04 Sep 2026 17:52:49 GMT  mp3-sync=OK
  206  L06 n18  bytes 0-3/167328  Last-Modified: Fri, 04 Sep 2026 17:52:52 GMT  mp3-sync=OK
  206  L06 n19  bytes 0-3/147456  Last-Modified: Fri, 04 Sep 2026 17:52:55 GMT  mp3-sync=OK
  206  L06 n28  bytes 0-3/236736  Last-Modified: Fri, 04 Sep 2026 17:52:59 GMT  mp3-sync=OK
  206  L06 n29  bytes 0-3/227232  Last-Modified: Fri, 04 Sep 2026 17:53:03 GMT  mp3-sync=OK
  206  L08 n7  bytes 0-3/179712  Last-Modified: Fri, 04 Sep 2026 17:53:07 GMT  mp3-sync=OK
  206  L08 n15  bytes 0-3/209952  Last-Modified: Fri, 04 Sep 2026 17:53:10 GMT  mp3-sync=OK
  206  L09 n15  bytes 0-3/279072  Last-Modified: Fri, 04 Sep 2026 17:53:16 GMT  mp3-sync=OK
  206  L09 n35  bytes 0-3/472032  Last-Modified: Fri, 04 Sep 2026 17:53:22 GMT  mp3-sync=OK
  206  L10 n5  bytes 0-3/79200  Last-Modified: Fri, 04 Sep 2026 17:53:24 GMT  mp3-sync=OK
  206  L10 n17  bytes 0-3/46656  Last-Modified: Fri, 04 Sep 2026 17:53:26 GMT  mp3-sync=OK

13/13 clips verified HTTP 200/206 with fresh audio.
