=== APPLY EDITS design-technology/specialist-technical  27 edits  LIVE  2026-09-06T11:07:02.269Z
  ok   #0 L1.practice_questions[5].type [MEDIUM] F1: Section B sets one extended response of about 8-10 marks; there is no 12-mark item and no SPaG credit on t
  ok   #1 L1.practice_questions[5].marks [MEDIUM] F1: bands re-cut for a 10-mark extended response; SPaG credit removed (this paper carries none).
  PATCH L1: practice_questions
  ok   #2 L2.practice_questions[5].type [MEDIUM] F2: Section B sets one extended response of about 8-10 marks; there is no 12-mark item and no SPaG credit on t
  ok   #3 L2.practice_questions[5].marks [MEDIUM] F2: bands re-cut for a 10-mark extended response; SPaG credit removed (this paper carries none).
  PATCH L2: practice_questions
  ok   #4 L3.practice_questions[5].type [MEDIUM] F3: Section B sets one extended response of about 8-10 marks; there is no 12-mark item and no SPaG credit on t
  ok   #5 L3.practice_questions[5].marks [MEDIUM] F3: bands re-cut for a 10-mark extended response; SPaG credit removed (this paper carries none).
  PATCH L3: practice_questions
  ok   #6 L4.practice_questions[5].type [MEDIUM] F4: Section B sets one extended response of about 8-10 marks; there is no 12-mark item and no SPaG credit on t
  ok   #7 L4.practice_questions[5].marks [MEDIUM] F4: bands re-cut for a 10-mark extended response; SPaG credit removed (this paper carries none).
  PATCH L4: practice_questions
  ok   #8 L5.practice_questions[5].type [MEDIUM] F5: Section B sets one extended response of about 8-10 marks; there is no 12-mark item and no SPaG credit on t
  ok   #9 L5.practice_questions[5].marks [MEDIUM] F5: bands re-cut for a 10-mark extended response; SPaG credit removed (this paper carries none).
  PATCH L5: practice_questions
  ok   #10 L6.practice_questions[5].type [MEDIUM] F6: Section B sets one extended response of about 8-10 marks; there is no 12-mark item and no SPaG credit on t
  ok   #11 L6.practice_questions[5].marks [MEDIUM] F6: bands re-cut for a 10-mark extended response; SPaG credit removed (this paper carries none).
  ok   #23 L6.practice_questions[3].marks [MEDIUM] F15: paper cups are discrete items, so the scale is mass production. The scheme marked a correct answer wrong.
  PATCH L6: practice_questions
  ok   #12 L7.practice_questions[5].type [MEDIUM] F7: Section B sets one extended response of about 8-10 marks; there is no 12-mark item and no SPaG credit on t
  ok   #13 L7.practice_questions[5].marks [MEDIUM] F7: bands re-cut for a 10-mark extended response; SPaG credit removed (this paper carries none).
  PATCH L7: practice_questions
  ok   #14 L8.practice_questions[5].type [MEDIUM] F8: Section B sets one extended response of about 8-10 marks; there is no 12-mark item and no SPaG credit on t
  ok   #15 L8.practice_questions[5].marks [MEDIUM] F8: bands re-cut for a 10-mark extended response; SPaG credit removed (this paper carries none).
  ok   #24 L8.description [LOW] F16: description was 113 characters, over the 100-character limit.
  ok   #26 L8.content_html [?] 
  PATCH L8: practice_questions, description, content_html
  ok   #16 L9.practice_questions[5].type [MEDIUM] F9: Section B sets one extended response of about 8-10 marks; there is no 12-mark item and no SPaG credit on t
  ok   #17 L9.practice_questions[5].marks [MEDIUM] F9 + F11: bands re-cut for a 10-mark extended response; SPaG credit removed; PET bottles corrected to injectio
  ok   #18 L9.practice_questions[5].text [HIGH] F10: the student-facing question text was replaced by a fact-checker instruction. Restored the question the ma
  ok   #19 L9.practice_questions[4].marks [MEDIUM] F12: die-cutting lines run at thousands of sheets per hour, not millions.
  ok   #20 L9.content_html [MEDIUM] F12: die-cutting lines run at thousands of sheets per hour, not millions.
  ok   #21 L9.content_html [MEDIUM] F13: drape forming is a polymer thermoforming process, not a textiles process. Textiles get a correct deformin
  ok   #22 L9.content_html [MEDIUM] F14: car body shells are joined by robotic resistance spot welding, not MIG.
  ok   #25 L9.description [LOW] F17: description was 109 characters, over the 100-character limit.
  PATCH L9: practice_questions, content_html, description
=== 27 applied, 0 skipped, 9 lessons / 13 fields changed
=== APPLY EDITS design-technology/specialist-technical  19 edits  LIVE  2026-09-18T08:15:19.095Z
  ok   #0 L1.practice_questions[5].type [MEDIUM] F1: the exam sets one extended response on specialist principles alongside 2-5 mark short answers; there is no
  ok   #1 L1.practice_questions[5].marks [MEDIUM] F1: bands re-cut for a 10-mark extended response and the spelling/grammar credit removed (this paper carries n
  PATCH L1: practice_questions
  ok   #2 L2.practice_questions[5].type [MEDIUM] F2: the exam sets one extended response on specialist principles alongside 2-5 mark short answers; there is no
  ok   #3 L2.practice_questions[5].marks [MEDIUM] F2: bands re-cut for a 10-mark extended response and the spelling/grammar credit removed (this paper carries n
  PATCH L2: practice_questions
  ok   #4 L3.practice_questions[5].type [MEDIUM] F3: the exam sets one extended response on specialist principles alongside 2-5 mark short answers; there is no
  ok   #5 L3.practice_questions[5].marks [MEDIUM] F3: bands re-cut for a 10-mark extended response and the spelling/grammar credit removed (this paper carries n
  ok   #14 L3.content_html [MEDIUM] F8: house rule - never name the exam board in student-facing text.
  ok   #15 L3.content_html [MEDIUM] F8: house rule - never name the exam board in student-facing text.
  ok   #16 L3.practice_questions[4].marks [LOW] F9: thermosets cannot be re-melted, but they are ground up as filler, so 'cannot be recycled at all' is wrong.
  PATCH L3: practice_questions, content_html
  ok   #6 L4.practice_questions[5].type [MEDIUM] F4: the exam sets one extended response on specialist principles alongside 2-5 mark short answers; there is no
  ok   #7 L4.practice_questions[5].marks [MEDIUM] F4: bands re-cut for a 10-mark extended response and the spelling/grammar credit removed (this paper carries n
  PATCH L4: practice_questions
  ok   #8 L5.practice_questions[5].type [MEDIUM] F5: the exam sets one extended response on specialist principles alongside 2-5 mark short answers; there is no
  ok   #9 L5.practice_questions[5].marks [MEDIUM] F5: bands re-cut for a 10-mark extended response and the spelling/grammar credit removed (this paper carries n
  ok   #17 L5.content_html [LOW] F10: the second offcut strip is 2400 mm long, not 2440 mm; as written the 40 mm x 20 mm corner is counted twic
  PATCH L5: practice_questions, content_html
  ok   #10 L6.practice_questions[5].type [MEDIUM] F6: the exam sets one extended response on specialist principles alongside 2-5 mark short answers; there is no
  ok   #11 L6.practice_questions[5].marks [MEDIUM] F6: bands re-cut for a 10-mark extended response and the spelling/grammar credit removed (this paper carries n
  ok   #18 L6.practice_questions[3].marks [MEDIUM] F11: paper cups are separate identical items, so the scale is mass production; the scheme marked a correct ans
  PATCH L6: practice_questions
  ok   #12 L7.practice_questions[5].type [MEDIUM] F7: the exam sets one extended response on specialist principles alongside 2-5 mark short answers; there is no
  ok   #13 L7.practice_questions[5].marks [MEDIUM] F7: bands re-cut for a 10-mark extended response and the spelling/grammar credit removed (this paper carries n
  PATCH L7: practice_questions
=== 19 applied, 0 skipped, 7 lessons / 9 fields changed
