
=== RE-NARRATION (changed narrated text only) ===
backup: C:\Users\tshau\Documents\Study Vault\scripts\_retrofc\units\design-technology__specialist-technical\_backup.json
unit:   design-technology / specialist-technical
run: 2026-09-06T11:07:08Z  mode: LIVE
  L01: no narrated field changed -> skip
  L02: no narrated field changed -> skip
  L03: no narrated field changed -> skip
  L04: no narrated field changed -> skip
  L05: no narrated field changed -> skip
  L06: no narrated field changed -> skip
  L07: no narrated field changed -> skip

2 lessons, 4 clips to regenerate

  L08 (Ada)  Using & Working with Materials
      n29: Electronic & mechanical — photosensitive PCB board and anodising: Standard fibreglass PCB board is coated with
             -> 595 KB, 50.8s, uploaded
      manifest updated (34 entries)
  L09 (Ollie)  Specialist Techniques & Processes
      n7: Wastage processes start with a block or sheet and remove material until the finished shape is achieved. In com
             -> 633 KB, 54.0s, uploaded
      n13: Addition processes join materials or build up shapes. Welding melts and fuses metal parts together — MIG weldi
             -> 932 KB, 79.5s, uploaded
      n16: Deforming and reforming processes change shape without losing material. For polymers , vacuum forming heats a 
             -> 1269 KB, 108.3s, uploaded
      manifest updated (27 entries)

Regenerated 4 clips.

=== VERIFY (ranged GET + freshness) ===
  206  L08 n29  bytes 0-3/609408  Last-Modified: Sun, 06 Sep 2026 11:07:21 GMT  mp3-sync=OK
  206  L09 n7  bytes 0-3/648576  Last-Modified: Sun, 06 Sep 2026 11:07:32 GMT  mp3-sync=OK
  206  L09 n13  bytes 0-3/953856  Last-Modified: Sun, 06 Sep 2026 11:07:47 GMT  mp3-sync=OK
  206  L09 n16  bytes 0-3/1299744  Last-Modified: Sun, 06 Sep 2026 11:08:08 GMT  mp3-sync=OK

4/4 clips verified HTTP 200/206 with fresh audio.

=== RE-NARRATION (changed narrated text only) ===
backup: C:\Users\tshau\Documents\Study Vault\scripts\_retrofc\units\design-technology@unity__specialist-technical\_backup.json
unit:   design-technology / specialist-technical
run: 2026-09-18T08:15:22Z  mode: LIVE
  L01: no narrated field changed -> skip
  L02: no narrated field changed -> skip
  L03: no narrated field changed -> skip
  L04: no narrated field changed -> skip
  L05: no narrated field changed -> skip
  L06: no narrated field changed -> skip
  L07: no narrated field changed -> skip
  L01: no narrated field changed -> skip
  L02: no narrated field changed -> skip
  L04: no narrated field changed -> skip
  L06: no narrated field changed -> skip
  L07: no narrated field changed -> skip

4 lessons, 7 clips to regenerate

  L08 (Ada)  Using & Working with Materials
      n29: Electronic & mechanical — photosensitive PCB board and anodising: Standard fibreglass PCB board is coated with
             -> 595 KB, 50.8s, uploaded
      manifest updated (34 entries)
  L09 (Ollie)  Specialist Techniques & Processes
      n7: Wastage processes start with a block or sheet and remove material until the finished shape is achieved. In com
             -> 633 KB, 54.0s, uploaded
      n13: Addition processes join materials or build up shapes. Welding melts and fuses metal parts together — MIG weldi
             -> 932 KB, 79.5s, uploaded
      n16: Deforming and reforming processes change shape without losing material. For polymers , vacuum forming heats a 
             -> 1269 KB, 108.3s, uploaded
      manifest updated (27 entries)
  L03 (Ollie)  Ecological & Social Footprint
      n2: Every product leaves a mark on the planet. From the moment raw materials are extracted to the point a product 
             -> 247 KB, 21.1s, uploaded
      n8: The six Rs provide a framework for sustainable design. They appear frequently in the exam and you should be ab
             -> 105 KB, 9.0s, uploaded
      manifest updated (28 entries)
  L05 (Ollie)  Stock Forms, Types & Sizes
      n18: A product requires six identical panels, each 300 mm × 200 mm. Standard MDF sheet size is 2440 mm × 1220 mm. F
             -> 587 KB, 50.1s, uploaded
      manifest updated (18 entries)

Regenerated 7 clips.

=== VERIFY (ranged GET + freshness) ===
  206  L08 n29  bytes 0-3/609408  Last-Modified: Fri, 18 Sep 2026 08:15:26 GMT  mp3-sync=OK
  206  L09 n7  bytes 0-3/648576  Last-Modified: Fri, 18 Sep 2026 08:15:27 GMT  mp3-sync=OK
  206  L09 n13  bytes 0-3/953856  Last-Modified: Fri, 18 Sep 2026 08:15:29 GMT  mp3-sync=OK
  206  L09 n16  bytes 0-3/1299744  Last-Modified: Fri, 18 Sep 2026 08:15:30 GMT  mp3-sync=OK
  206  L03 n2  bytes 0-3/252864  Last-Modified: Fri, 18 Sep 2026 08:15:35 GMT  mp3-sync=OK
  206  L03 n8  bytes 0-3/108000  Last-Modified: Fri, 18 Sep 2026 08:15:37 GMT  mp3-sync=OK
  206  L05 n18  bytes 0-3/601344  Last-Modified: Fri, 18 Sep 2026 08:15:46 GMT  mp3-sync=OK

7/7 clips verified HTTP 200/206 with fresh audio.
