
=== RE-NARRATION (changed narrated text only) ===
backup: C:\Users\tshau\Documents\Study Vault\scripts\_retrofc\units\religious-studies-eduqas__theme-human-rights\_backup.json
unit:   religious-studies-eduqas / theme-human-rights
run: 2026-09-06T08:59:06Z  mode: LIVE
  L01: no narrated field changed -> skip

3 lessons, 11 clips to regenerate

  L02 (Ada)  Prejudice, Discrimination and Racial Equality
      n23: Dr B.R. Ambedkar’s mass conversion movement brought millions of Dalits to Buddhism in 1956 as a means of escap
             -> 459 KB, 39.1s, uploaded
      manifest updated (30 entries)
  L03 (Ollie)  Wealth, Poverty and the Work of Faith Charities
      n6: Christian Aid and CAFOD (the Catholic Agency for Overseas Development) are major British faith charities that 
             -> 419 KB, 35.7s, uploaded
      n17: Sikh teaching presents wealth as a trust from God. The Guru Granth Sahib at ang 1246 contains teachings on the
             -> 466 KB, 39.8s, uploaded
      manifest updated (28 entries)
  L04 (Ada)  Evaluating Human Rights and Final Exam Skills
      n6: Christianity: Genesis 1:26–27 teaches that every person is made in the image of God ( imago Dei ). Christians 
             -> 303 KB, 25.9s, uploaded
      n13: Humanists UK takes a secular approach to human rights, grounding them in human reason and empathy rather than 
             -> 444 KB, 37.9s, uploaded
      n14: Humanists usually judge an action by the effect it has on real people, not by a rule taken from scripture. The
             -> 267 KB, 22.8s, uploaded
      n15: Key Fact . Article 18 of the Universal Declaration of Human Rights (1948) protects freedom of thought, conscie
             -> 242 KB, 20.7s, uploaded
      n17: The 15-mark evaluation question is worth more than any other question type in your paper. Three mistakes cost 
             -> 210 KB, 17.9s, uploaded
      n19: Stage 2 — Disagree: Write a paragraph arguing against the statement. Use a contrasting source — either a diffe
             -> 315 KB, 26.9s, uploaded
      n27: For the 15-mark question, the difference between Mastering and Secure often comes down to whether you have inc
             -> 411 KB, 35.1s, uploaded
      n29: Article 18 of the UDHR (1948) protects freedom of religion or belief. The non-religious organisations to know 
             -> 393 KB, 33.5s, uploaded
      manifest updated (31 entries)

Regenerated 11 clips.

=== VERIFY (ranged GET + freshness) ===
  206  L02 n23  bytes 0-3/469728  Last-Modified: Sun, 06 Sep 2026 08:59:16 GMT  mp3-sync=OK
  206  L03 n6  bytes 0-3/428832  Last-Modified: Sun, 06 Sep 2026 08:59:24 GMT  mp3-sync=OK
  206  L03 n17  bytes 0-3/477216  Last-Modified: Sun, 06 Sep 2026 08:59:31 GMT  mp3-sync=OK
  206  L04 n6  bytes 0-3/310464  Last-Modified: Sun, 06 Sep 2026 08:59:36 GMT  mp3-sync=OK
  206  L04 n13  bytes 0-3/454176  Last-Modified: Sun, 06 Sep 2026 08:59:43 GMT  mp3-sync=OK
  206  L04 n14  bytes 0-3/273600  Last-Modified: Sun, 06 Sep 2026 08:59:47 GMT  mp3-sync=OK
  206  L04 n15  bytes 0-3/247968  Last-Modified: Sun, 06 Sep 2026 08:59:50 GMT  mp3-sync=OK
  206  L04 n17  bytes 0-3/215424  Last-Modified: Sun, 06 Sep 2026 08:59:54 GMT  mp3-sync=OK
  206  L04 n19  bytes 0-3/322272  Last-Modified: Sun, 06 Sep 2026 08:59:59 GMT  mp3-sync=OK
  206  L04 n27  bytes 0-3/421344  Last-Modified: Sun, 06 Sep 2026 09:00:06 GMT  mp3-sync=OK
  206  L04 n29  bytes 0-3/402336  Last-Modified: Sun, 06 Sep 2026 09:00:12 GMT  mp3-sync=OK

11/11 clips verified HTTP 200/206 with fresh audio.
