=== APPLY EDITS religious-studies/christianity-practices  29 edits  LIVE  2026-09-18T10:11:07.487Z
  ok   #0 L3.content_html [MEDIUM] F1: sanctuary receives about four million visitors a year, not six million
  ok   #1 L3.content_html [MEDIUM] F3: only the Orthodox churches on the Julian calendar keep 7 January
  ok   #2 L3.practice_questions[2].marks [MEDIUM] F2: same Lourdes visitor figure in the mark scheme
  ok   #3 L3.flashcard_questions[3].q [MEDIUM] F4: cloze fragment rewritten as a question
  ok   #4 L3.flashcard_questions[3].a [MEDIUM] F4: answer matches the rewritten question and stays unique in the deck
  PATCH L3: content_html, practice_questions, flashcard_questions
  ok   #5 L4.content_html [MEDIUM] F5: Trussell supports (does not run) about 1,700 centres, 2024-25 figure
  ok   #6 L4.content_html [MEDIUM] F6: Street Pastors runs in about 250 towns and cities
  ok   #7 L4.content_html [MEDIUM] F7: Christian Aid works in 24 countries
  ok   #8 L4.content_html [MEDIUM] F11: parish giving is one of several income streams, not the main one
  ok   #9 L4.knowledge_checks[4].right[1] [MEDIUM] F8: same Christian Aid country count in the match answer
  ok   #10 L4.flashcard_questions[3].q [MEDIUM] F9: cloze fragment whose answer was one word of a name
  ok   #11 L4.flashcard_questions[3].a [MEDIUM] F9: answer matches the rewritten question
  ok   #12 L4.flashcard_questions[4].q [MEDIUM] F10: context-free fragment rewritten as a question
  ok   #13 L4.flashcard_questions[4].a [MEDIUM] F10: answer matches the rewritten question
  PATCH L4: content_html, knowledge_checks, flashcard_questions
  ok   #14 L5.exam_tip_html [HIGH] F12: the paper sets 1, 1, 4, 6 and 12 mark questions - there is no 5-mark question
  ok   #15 L5.content_html [HIGH] F14: that definition describes discipleship, not disciples
  ok   #16 L5.content_html [HIGH] F15: the wording is James 2:26, not 2:17
  ok   #17 L5.conclusion_html [HIGH] F15: quote matched to its reference
  ok   #18 L5.knowledge_checks[2].q [HIGH] F15: quote matched to its reference
  ok   #19 L5.knowledge_checks[2].options[1] [HIGH] F15: answer now matches the quoted wording; correct index unchanged
  ok   #20 L5.glossary_terms[3].definition [HIGH] F14: definition described discipleship, not disciples
  ok   #21 L5.flashcard_questions[4].a [HIGH] F14: same wrong definition on the flashcard
  ok   #22 L5.flashcard_questions[3].q [MEDIUM] F18: fragment carrying a 'Key Fact' label whose answer repeated card 1
  ok   #23 L5.flashcard_questions[3].a [MEDIUM] F18: answer no longer duplicates 'mission' in the same deck
  ok   #24 L5.practice_questions[1].text [HIGH] F13: question asked for one way but the scheme awarded up to 2 marks
  ok   #25 L5.practice_questions[1].marks [HIGH] F13: the paper's second question is worth 1 mark, not 2
  ok   #26 L5.practice_questions[3].marks [MEDIUM] F17: old scheme awarded 3+2 plus a mark per source, which totals more than 6
  ok   #27 L5.practice_questions[5].marks [MEDIUM] F17/F15: mark totals over 6 corrected; James quote matched to its reference
  ok   #28 L5.practice_questions[4].marks [MEDIUM] F16/F15: band ranges did not match the paper's ladder; James quote matched to its reference
  PATCH L5: exam_tip_html, content_html, conclusion_html, knowledge_checks, glossary_terms, flashcard_questions, practice_questions
=== 29 applied, 0 skipped, 3 lessons / 13 fields changed
