
=== RE-NARRATION (changed narrated text only) ===
backup: C:\Users\tshau\Documents\Study Vault\scripts\_retrofc\units\religious-studies@unity__christianity-practices\_backup.json
unit:   religious-studies / christianity-practices
run: 2026-09-18T10:11:10Z  mode: LIVE

3 lessons, 9 clips to regenerate

  L03 (Ollie)  Pilgrimage and Celebrations
      n7: Today, around four million pilgrims visit Lourdes each year, making it one of the most visited Christian pilgr
             -> 321 KB, 27.4s, uploaded
      n13: Christmas celebrates the Incarnation — the belief that God became human in the person of Jesus Christ. Christi
             -> 232 KB, 19.8s, uploaded
      manifest updated (25 entries)
  L04 (Ada)  The Church in the Local Community
      n6: Food banks collect donated food and distribute it to people in crisis — those who cannot afford to feed themse
             -> 302 KB, 25.8s, uploaded
      n10: The Street Pastors movement was founded in London in 2003 by Reverend Les Isaac. It now operates in around 250
             -> 273 KB, 23.3s, uploaded
      n17: CAFOD (Catholic Agency For Overseas Development) is the official Catholic aid agency for England and Wales. It
             -> 296 KB, 25.3s, uploaded
      n18: Christian Aid works with communities of all faiths and none in around 24 countries. It tackles poverty through
             -> 236 KB, 20.1s, uploaded
      manifest updated (26 entries)
  L05 (Ollie)  Mission, Evangelism and World Poverty
      n23: The Bible also teaches: “faith without deeds is dead” (James 2:26), meaning Christians must put their beliefs 
             -> 288 KB, 24.6s, uploaded
      n25: For 6-mark “Explain Two” questions on mission or world poverty, always include a specific biblical reference o
             -> 365 KB, 31.2s, uploaded
      n29: Biblical teachings such as the Parable of the Sheep and Goats and “faith without deeds is dead” (James 2:26) s
             -> 130 KB, 11.1s, uploaded
      manifest updated (29 entries)

Regenerated 9 clips.

=== VERIFY (ranged GET + freshness) ===
  206  L03 n7  bytes 0-3/328896  Last-Modified: Fri, 18 Sep 2026 10:11:17 GMT  mp3-sync=OK
  206  L03 n13  bytes 0-3/237312  Last-Modified: Fri, 18 Sep 2026 10:11:18 GMT  mp3-sync=OK
  206  L04 n6  bytes 0-3/309312  Last-Modified: Fri, 18 Sep 2026 10:11:23 GMT  mp3-sync=OK
  206  L04 n10  bytes 0-3/279936  Last-Modified: Fri, 18 Sep 2026 10:11:25 GMT  mp3-sync=OK
  206  L04 n17  bytes 0-3/303264  Last-Modified: Fri, 18 Sep 2026 10:11:29 GMT  mp3-sync=OK
  206  L04 n18  bytes 0-3/241632  Last-Modified: Fri, 18 Sep 2026 10:11:30 GMT  mp3-sync=OK
  206  L05 n23  bytes 0-3/294624  Last-Modified: Fri, 18 Sep 2026 10:11:36 GMT  mp3-sync=OK
  206  L05 n25  bytes 0-3/374112  Last-Modified: Fri, 18 Sep 2026 10:11:41 GMT  mp3-sync=OK
  206  L05 n29  bytes 0-3/133344  Last-Modified: Fri, 18 Sep 2026 10:11:43 GMT  mp3-sync=OK

9/9 clips verified HTTP 200/206 with fresh audio.
