=== APPLY EDITS religious-studies-aqa/christianity-beliefs  15 edits  LIVE  2026-09-06T04:36:28.964Z
  ok   #0 L1.content_html [MEDIUM] F1: Hume set out the problem of evil but did not coin 'inconsistent triad'.
  ok   #1 L1.flashcard_questions[8].q [MEDIUM] F1: the flashcard credited Hume with naming the inconsistent triad.
  ok   #2 L1.practice_questions[1].text [MEDIUM] F2: the 1-mark short question asks for one point, not three.
  ok   #3 L1.practice_questions[1].marks [MEDIUM] F2: mark note matched to a 1-mark answer.
  ok   #4 L1.practice_questions[4].marks [MEDIUM] F1+F3: Hume attribution corrected; band descriptors rewritten in house wording (banned 'Level 2' removed).
  PATCH L1: content_html, flashcard_questions, practice_questions
  ok   #5 L2.content_html [LOW] F4: broken capitalisation and stray space before the comma.
  ok   #6 L2.practice_questions[1].text [MEDIUM] F5: the 1-mark short question asks for one point, not two.
  ok   #7 L2.practice_questions[1].marks [MEDIUM] F5: mark note matched to a 1-mark answer.
  ok   #8 L2.practice_questions[4].marks [MEDIUM] F6: band descriptors rewritten in house wording (banned 'Level 2' removed).
  PATCH L2: content_html, practice_questions
  ok   #9 L3.content_html [MEDIUM] F7: the Nicene Creed reads 'at the right hand of the Father'.
  ok   #10 L3.flashcard_questions[12].a [MEDIUM] F7: flashcard answer matched to the creed wording.
  ok   #11 L3.practice_questions[4].marks [MEDIUM] F8: band descriptors rewritten in house wording (banned 'Level 2' removed).
  PATCH L3: content_html, flashcard_questions, practice_questions
  ok   #12 L4.content_html [LOW] F9: sentence began with a lower-case word.
  ok   #13 L4.exam_tip_html [MEDIUM] F10: banned band names 'Level 2' / 'Level 3' replaced with house wording.
  ok   #14 L4.practice_questions[4].marks [MEDIUM] F11: band descriptors rewritten in house wording (banned 'Level 2' removed).
  PATCH L4: content_html, exam_tip_html, practice_questions
=== 15 applied, 0 skipped, 4 lessons / 11 fields changed
