=== APPLY EDITS geography-eduqas/social-environmental-challenges  16 edits  LIVE  2026-09-06T04:10:52.880Z
  ok   #0 L1.content_html [MEDIUM] F1: Equatorial Guinea life expectancy was 63.7 in 2023 (World Bank), not below 60.
  ok   #1 L1.flashcard_questions[7].a [MEDIUM] F2: matches the corrected figure in F1.
  PATCH L1: content_html, flashcard_questions
  ok   #2 L2.content_html [HIGH] F3: sub-Saharan Africa infant mortality is 48.2 per 1,000 (World Bank 2023); 27 is the world average. 48 also 
  ok   #3 L2.content_html [HIGH] F4: SDG target 3.2 sets 12 per 1,000 for neonatal mortality and 25 per 1,000 for under-5 mortality; there is n
  ok   #4 L2.flashcard_questions[12].a [HIGH] F5: matches the corrected SDG 3.2 target in F4.
  ok   #5 L2.content_html [MEDIUM] F6: Gavi's own claim is almost half the world's children, not more than half.
  ok   #6 L2.knowledge_checks[3].q [MEDIUM] F6: same correction in the knowledge check stem; answer index is unchanged.
  ok   #7 L2.flashcard_questions[7].a [MEDIUM] F6: same correction in the flashcard answer.
  ok   #8 L2.content_html [MEDIUM] F7: WHO ranks diarrhoeal disease third among causes of death in children aged 1-59 months.
  ok   #9 L2.practice_questions[1].marks [MEDIUM] F7: answer key must match the corrected WHO ranking.
  ok   #10 L2.flashcard_questions[9].q [MEDIUM] F7: same correction in the flashcard question; the answer stays 'Diarrhoea'.
  ok   #11 L2.practice_questions[4].marks [MEDIUM] F8: the question limits answers to sub-Saharan Africa or South Asia, so a Brazilian scheme cannot be credited;
  ok   #12 L2.content_html [MEDIUM] F9: female primary completion is 44.8% in Niger (2023) and 36.3% in Chad (2021).
  PATCH L2: content_html, flashcard_questions, knowledge_checks, practice_questions
  ok   #13 L3.content_html [MEDIUM] F10: beef 15,415 L/kg against wheat 1,608, maize 1,222 and rice 2,497 L/kg, so the ratio is roughly ten, not 2
  ok   #14 L3.flashcard_questions[12].a [MEDIUM] F10: matches the corrected ratio.
  PATCH L3: content_html, flashcard_questions
  ok   #15 L4.content_html [MEDIUM] F11: the UN Decade on Ecosystem Restoration figure is in US dollars; the currency had been swapped without con
  PATCH L4: content_html
=== 16 applied, 0 skipped, 4 lessons / 9 fields changed
