
=== RE-NARRATION (changed narrated text only) ===
backup: C:\Users\tshau\Documents\Study Vault\scripts\_retrofc\units\geography-eduqas__social-environmental-challenges\_backup.json
unit:   geography-eduqas / social-environmental-challenges
run: 2026-09-06T04:10:57Z  mode: LIVE

4 lessons, 6 clips to regenerate

  L01 (Ollie)  Measuring Social Development
      n7: Equatorial Guinea has a high GDP per person, thanks to oil. Yet 50% of its people lack access to safe water, l
             -> 323 KB, 27.5s, uploaded
      manifest updated (21 entries)
  L02 (Ada)  Social Challenges in Africa & South Asia
      n5: Universal primary school is one of the most reliable ways to break the cycle of poverty. Girls who finish prim
             -> 346 KB, 29.5s, uploaded
      n16: In sub-Saharan Africa, around 48 babies in every 1,000 die before their first birthday — ten times the rate in
             -> 292 KB, 24.9s, uploaded
      n17: Solutions follow the diagnosis: rolling out vaccines (the GAVI alliance helps vaccinate almost half of the wor
             -> 334 KB, 28.5s, uploaded
      manifest updated (23 entries)
  L03 (Ollie)  Consumerism & the Environment
      n16: Individual responses include: choosing seasonal local food, eating less meat (a kilo of beef takes around ten 
             -> 416 KB, 35.5s, uploaded
      manifest updated (23 entries)
  L04 (Ada)  Restoring & Managing Habitats
      n4: Key Fact . Restored habitats provide ecosystem services — clean water, flood storage, carbon capture and biodi
             -> 195 KB, 16.7s, uploaded
      manifest updated (28 entries)

Regenerated 6 clips.

=== VERIFY (ranged GET + freshness) ===
  206  L01 n7  bytes 0-3/330336  Last-Modified: Sun, 06 Sep 2026 04:11:07 GMT  mp3-sync=OK
  206  L02 n5  bytes 0-3/354528  Last-Modified: Sun, 06 Sep 2026 04:11:14 GMT  mp3-sync=OK
  206  L02 n16  bytes 0-3/298656  Last-Modified: Sun, 06 Sep 2026 04:11:20 GMT  mp3-sync=OK
  206  L02 n17  bytes 0-3/341856  Last-Modified: Sun, 06 Sep 2026 04:11:28 GMT  mp3-sync=OK
  206  L03 n16  bytes 0-3/425664  Last-Modified: Sun, 06 Sep 2026 04:11:38 GMT  mp3-sync=OK
  206  L04 n4  bytes 0-3/200160  Last-Modified: Sun, 06 Sep 2026 04:11:44 GMT  mp3-sync=OK

6/6 clips verified HTTP 200/206 with fresh audio.
