=== APPLY EDITS english-literature-eduqas/oranges-are-not-the-only-fruit  206 edits  LIVE  2026-09-04T03:07:20.690Z
  ok   #0 L1.content_html [MEDIUM] F3: house rule - the board is named in a heading
  ok   #1 L1.content_html [HIGH] F1: invented two-part 20+20 split, board spec code, and AO4 defined as context. The section is ONE 40-mark sou
  ok   #2 L1.content_html [HIGH] F1: AO4 is writing accuracy, not context, and context earns no marks in this section
  ok   #3 L1.exam_tip_html [HIGH] F1: AO4 is writing accuracy, not context
  ok   #4 L1.practice_questions[5].text [HIGH] F1: there is no part (b), and context is not a marked objective
  ok   #5 L1.knowledge_checks[3].q [HIGH] F1: AO4 is writing accuracy, not context; there is no part (b). The keyed answer (AO4) is now correct for the 
  ok   #6 L1.flashcard_questions[10].q [HIGH] F1: there is no part (a), and the board is named
  ok   #7 L1.flashcard_questions[10].a [HIGH] F1: the question also assesses AO4
  ok   #8 L1.flashcard_questions[11].q [HIGH] F1: there is no part (b)
  ok   #9 L1.flashcard_questions[11].a [HIGH] F1: AO4 is writing accuracy, not context
  ok   #10 L1.glossary_terms[3].definition [HIGH] F1: that is the spec wording for AO3, not AO4
  ok   #110 L1.practice_questions[0].type [HIGH] F2: the section is one 40-mark source-based question, not a 20-mark part
  ok   #111 L1.practice_questions[0].marks [HIGH] F1/F2: mark ladder rescaled to 40 marks, and AO4 is not context - context is not a marked objective in this se
  ok   #112 L1.practice_questions[1].type [HIGH] F2: the section is one 40-mark source-based question, not a 20-mark part
  ok   #113 L1.practice_questions[1].marks [HIGH] F1/F2: mark ladder rescaled to 40 marks, and AO4 is not context - context is not a marked objective in this se
  ok   #114 L1.practice_questions[2].type [HIGH] F2: the section is one 40-mark source-based question, not a 20-mark part
  ok   #115 L1.practice_questions[2].marks [HIGH] F2: mark ladder rescaled from 20 to the real 40-mark question
  ok   #116 L1.practice_questions[3].type [HIGH] F2: the section is one 40-mark source-based question, not a 20-mark part
  ok   #117 L1.practice_questions[3].marks [HIGH] F2: mark ladder rescaled from 20 to the real 40-mark question
  ok   #118 L1.practice_questions[4].type [HIGH] F2: the section is one 40-mark source-based question, not a 20-mark part
  ok   #119 L1.practice_questions[4].marks [HIGH] F2: mark ladder rescaled from 20 to the real 40-mark question
  ok   #120 L1.practice_questions[5].type [HIGH] F2: the section is one 40-mark source-based question, not a 20-mark part
  ok   #121 L1.practice_questions[5].marks [HIGH] F2: mark ladder rescaled from 20 to the real 40-mark question
  PATCH L1: content_html, exam_tip_html, practice_questions, knowledge_checks, flashcard_questions, glossary_terms
  ok   #11 L2.content_html [HIGH] F4: fabricated quotation. The word Samuel does not appear anywhere in the novel; the real passage is the mothe
  ok   #12 L2.content_html [MEDIUM] F5: the Friends list is invented. The novel's list is God, Our dog, Auntie Madge, The Novels of Charlotte Bron
  ok   #13 L2.content_html [HIGH] F5: misquotation. The novel's Enemies list is 'The Devil (in his many forms), Next Door, Sex (in its many form
  ok   #14 L2.content_html [HIGH] F6: the mother does not ignore a known illness. She and the whole church believe Jeanette is in a state of rap
  ok   #15 L2.exam_tip_html [HIGH] F5: same misquotation in the exam tip
  ok   #16 L2.flashcard_questions[2].q [HIGH] F4: Samuel does not appear in the novel
  ok   #17 L2.flashcard_questions[2].a [HIGH] F4: Samuel does not appear in the novel
  ok   #18 L2.flashcard_questions[3].q [HIGH] F4: fabricated quotation
  ok   #19 L2.flashcard_questions[3].a [HIGH] F4: fabricated quotation replaced with the real one
  ok   #20 L2.flashcard_questions[5].a [HIGH] F5: misquotation of the Enemies list
  ok   #21 L2.flashcard_questions[6].q [HIGH] F5: misquotation of the Enemies list
  ok   #22 L2.flashcard_questions[10].q [HIGH] F6: the mother does not knowingly ignore it
  ok   #23 L2.flashcard_questions[10].a [HIGH] F6: the church reads the silence as rapture, not illness
  ok   #24 L2.glossary_terms[4].definition [MEDIUM] F5: misquotation of the Enemies list
  ok   #122 L2.practice_questions[0].type [HIGH] F2: the section is one 40-mark source-based question, not a 20-mark part
  ok   #123 L2.practice_questions[0].marks [HIGH] F2: mark ladder rescaled from 20 to the real 40-mark question
  ok   #124 L2.practice_questions[1].type [HIGH] F2: the section is one 40-mark source-based question, not a 20-mark part
  ok   #125 L2.practice_questions[1].marks [HIGH] F2: mark ladder rescaled from 20 to the real 40-mark question
  ok   #126 L2.practice_questions[2].type [HIGH] F2: the section is one 40-mark source-based question, not a 20-mark part
  ok   #127 L2.practice_questions[2].marks [HIGH] F2: mark ladder rescaled from 20 to the real 40-mark question
  ok   #128 L2.practice_questions[3].type [HIGH] F2: the section is one 40-mark source-based question, not a 20-mark part
  ok   #129 L2.practice_questions[3].marks [HIGH] F2: mark ladder rescaled from 20 to the real 40-mark question
  ok   #130 L2.practice_questions[4].type [HIGH] F2: the section is one 40-mark source-based question, not a 20-mark part
  ok   #131 L2.practice_questions[4].marks [HIGH] F2: mark ladder rescaled from 20 to the real 40-mark question
  ok   #132 L2.practice_questions[5].type [HIGH] F2: the section is one 40-mark source-based question, not a 20-mark part
  ok   #133 L2.practice_questions[5].marks [HIGH] F2: mark ladder rescaled from 20 to the real 40-mark question
  PATCH L2: content_html, exam_tip_html, flashcard_questions, glossary_terms, practice_questions
  ok   #25 L3.description [HIGH] F7: Melanie, the discovery and the exorcism are in Numbers and Joshua. Leviticus is the Society for the Lost /
  ok   #26 L3.content_html [HIGH] F8: fabricated quotation. 'full of air' appears in the novel only in 'crumpled like a balloon full of old air'
  ok   #27 L3.content_html [HIGH] F7: the Melanie chapter is 'Numbers', not 'Leviticus'. Leviticus is the Society for the Lost chapter and Melan
  ok   #28 L3.content_html [HIGH] F7: wrong chapter
  ok   #29 L3.content_html [HIGH] F7: wrong chapter
  ok   #30 L3.content_html [HIGH] F9: misquotation. The pastor's words are 'fallen under Satan's spell', 'fallen foul of their lusts' and 'full 
  ok   #31 L3.content_html [HIGH] F10: fabricated quotation ('the hymns were too loud' is not in the novel) and wrong detail. The real scene: th
  ok   #32 L3.content_html [HIGH] F10: fabricated quotation in the revision tip
  ok   #33 L3.content_html [MEDIUM] F10: the style claim rests on a fabricated quotation
  ok   #34 L3.content_html [HIGH] F11: misquotation. The demon says the demon you get depends on the colour of your aura, not on the life you le
  ok   #35 L3.conclusion_html [HIGH] F7: wrong chapter
  ok   #36 L3.conclusion_html [MEDIUM] F10: the style claim rests on a fabricated quotation
  ok   #37 L3.exam_tip_html [HIGH] F10: fabricated quotation in the exam tip
  ok   #38 L3.knowledge_checks[0].q [HIGH] F7: the Melanie chapter is Numbers
  ok   #39 L3.knowledge_checks[0].options[1] [HIGH] F7: the keyed answer was built on the wrong chapter
  ok   #40 L3.knowledge_checks[0].options[2] [MEDIUM] F7: Moses would be a defensible answer for Numbers, so the distractor is replaced
  ok   #41 L3.knowledge_checks[1].q [HIGH] F10: fabricated quotation; the keyed answer 'heavy' is correct for the real line
  ok   #42 L3.flashcard_questions[0].a [HIGH] F12: this contradicts the lesson's own text and the novel. Jeanette sees Melanie at the fish stall first, and 
  ok   #43 L3.flashcard_questions[1].q [HIGH] F8: fabricated quotation
  ok   #44 L3.flashcard_questions[1].a [HIGH] F8: fabricated quotation replaced with a verbatim one
  ok   #45 L3.flashcard_questions[2].q [HIGH] F7: wrong chapter
  ok   #46 L3.flashcard_questions[2].a [HIGH] F7: wrong chapter
  ok   #47 L3.flashcard_questions[3].a [HIGH] F9: misquotation
  ok   #48 L3.flashcard_questions[5].q [HIGH] F10: fabricated quotation
  ok   #49 L3.flashcard_questions[5].a [HIGH] F10: fabricated quotation replaced with a verbatim one
  ok   #50 L3.flashcard_questions[6].a [HIGH] F10: it is thirty-six hours, not days
  ok   #51 L3.flashcard_questions[10].q [LOW] F11: 'small orange demon' is not the novel's wording
  ok   #52 L3.flashcard_questions[11].a [HIGH] F11: the second half of the quotation is fabricated
  ok   #53 L3.glossary_terms[0].definition [MEDIUM] F8: the old example rested on a fabricated quotation
  ok   #54 L3.glossary_terms[1].definition [HIGH] F7: wrong chapter
  ok   #134 L3.practice_questions[0].type [HIGH] F2: the section is one 40-mark source-based question, not a 20-mark part
  ok   #135 L3.practice_questions[0].marks [HIGH] F2: mark ladder rescaled from 20 to the real 40-mark question
  ok   #136 L3.practice_questions[1].type [HIGH] F2: the section is one 40-mark source-based question, not a 20-mark part
  ok   #137 L3.practice_questions[1].marks [HIGH] F2: mark ladder rescaled from 20 to the real 40-mark question
  ok   #138 L3.practice_questions[2].type [HIGH] F2: the section is one 40-mark source-based question, not a 20-mark part
  ok   #139 L3.practice_questions[2].marks [HIGH] F2: mark ladder rescaled from 20 to the real 40-mark question
  ok   #140 L3.practice_questions[3].type [HIGH] F2: the section is one 40-mark source-based question, not a 20-mark part
  ok   #141 L3.practice_questions[3].marks [HIGH] F2: mark ladder rescaled from 20 to the real 40-mark question
  ok   #142 L3.practice_questions[4].type [HIGH] F2: the section is one 40-mark source-based question, not a 20-mark part
  ok   #143 L3.practice_questions[4].marks [HIGH] F2: mark ladder rescaled from 20 to the real 40-mark question
  ok   #144 L3.practice_questions[5].type [HIGH] F2: the section is one 40-mark source-based question, not a 20-mark part
  ok   #145 L3.practice_questions[5].marks [HIGH] F2: mark ladder rescaled from 20 to the real 40-mark question
  PATCH L3: description, content_html, conclusion_html, exam_tip_html, knowledge_checks, flashcard_questions, glossary_terms, practice_questions
  ok   #55 L4.description [HIGH] F13: the orange demon does not return; the 'leave the garden' line is the narrator's walled-garden passage
  ok   #56 L4.content_html [HIGH] F14: fabricated quotation ('unteachable' is not in the novel) and wrong account. Jeanette takes the blame to p
  ok   #57 L4.content_html [HIGH] F14: they do offer her the Bible class back, under supervision; the church's answer is to stop women preaching
  ok   #58 L4.content_html [HIGH] F15: fabricated quotation. The novel's wording is the undertakers passage and the ice-cream van parked round t
  ok   #59 L4.content_html [HIGH] F16: fabricated detail. The mother does not make Jeanette tea at the end; the closing beats are her line about
  ok   #60 L4.content_html [HIGH] F13: misattribution. There is no second exorcism and the demon does not return; the line comes from the narrat
  ok   #61 L4.knowledge_checks[1].q [HIGH] F13: misattribution; the keyed answer 'garden' is still correct
  ok   #62 L4.knowledge_checks[2].options[1] [HIGH] F14: the church does offer her the Bible class back under supervision; its ruling is that women may not preach
  ok   #63 L4.flashcard_questions[4].a [HIGH] F14: 'unteachable' is not in the novel
  ok   #64 L4.flashcard_questions[7].a [HIGH] F15: fabricated quotation, and it did not even match the lesson's own wording
  ok   #65 L4.flashcard_questions[8].q [HIGH] F13: the demon does not return and does not say this
  ok   #66 L4.flashcard_questions[8].a [HIGH] F13: attribution corrected and the quotation completed
  ok   #67 L4.flashcard_questions[12].q [HIGH] F16: the tea is fabricated
  ok   #68 L4.flashcard_questions[12].a [HIGH] F16: the tea is fabricated; this is the novel's title line
  ok   #69 L4.practice_questions[3].text [HIGH] F13: misattribution
  ok   #146 L4.practice_questions[0].type [HIGH] F2: the section is one 40-mark source-based question, not a 20-mark part
  ok   #147 L4.practice_questions[0].marks [HIGH] F2: mark ladder rescaled from 20 to the real 40-mark question
  ok   #148 L4.practice_questions[1].type [HIGH] F2: the section is one 40-mark source-based question, not a 20-mark part
  ok   #149 L4.practice_questions[1].marks [HIGH] F2: mark ladder rescaled from 20 to the real 40-mark question
  ok   #150 L4.practice_questions[2].type [HIGH] F2: the section is one 40-mark source-based question, not a 20-mark part
  ok   #151 L4.practice_questions[2].marks [HIGH] F2: mark ladder rescaled from 20 to the real 40-mark question
  ok   #152 L4.practice_questions[3].type [HIGH] F2: the section is one 40-mark source-based question, not a 20-mark part
  ok   #153 L4.practice_questions[3].marks [HIGH] F2: mark ladder rescaled from 20 to the real 40-mark question
  ok   #154 L4.practice_questions[4].type [HIGH] F2: the section is one 40-mark source-based question, not a 20-mark part
  ok   #155 L4.practice_questions[4].marks [HIGH] F2: mark ladder rescaled from 20 to the real 40-mark question
  ok   #156 L4.practice_questions[5].type [HIGH] F2: the section is one 40-mark source-based question, not a 20-mark part
  ok   #157 L4.practice_questions[5].marks [HIGH] F2: mark ladder rescaled from 20 to the real 40-mark question
  PATCH L4: description, content_html, knowledge_checks, flashcard_questions, practice_questions
  ok   #70 L5.content_html [HIGH] F17: fabricated quotation. 'war against the world' is not in the novel; the real phrase is 'a tag match agains
  ok   #71 L5.content_html [HIGH] F18: Pastor Finch neither leads the exorcism nor pronounces the expulsion. He is a visiting demon expert; the 
  ok   #72 L5.content_html [HIGH] F19: wrong order. Miss Jewsbury takes Jeanette home straight after the public denunciation; the lock-in follow
  ok   #158 L5.practice_questions[0].type [HIGH] F2: the section is one 40-mark source-based question, not a 20-mark part
  ok   #159 L5.practice_questions[0].marks [HIGH] F2: mark ladder rescaled to 40 marks; "Band 4-1" is not a band on this qualification
  ok   #160 L5.practice_questions[1].type [HIGH] F2: the section is one 40-mark source-based question, not a 20-mark part
  ok   #161 L5.practice_questions[1].marks [HIGH] F2: mark ladder rescaled to 40 marks; "Band 4-1" is not a band on this qualification
  ok   #162 L5.practice_questions[2].type [HIGH] F2: the section is one 40-mark source-based question, not a 20-mark part
  ok   #163 L5.practice_questions[2].marks [HIGH] F2: mark ladder rescaled to 40 marks; "Band 4-1" is not a band on this qualification
  ok   #164 L5.practice_questions[3].type [HIGH] F2: the section is one 40-mark source-based question, not a 20-mark part
  ok   #165 L5.practice_questions[3].marks [HIGH] F2: mark ladder rescaled to 40 marks; "Band 4-1" is not a band on this qualification
  ok   #166 L5.practice_questions[4].type [HIGH] F2: the section is one 40-mark source-based question, not a 20-mark part
  ok   #167 L5.practice_questions[4].marks [HIGH] F2: mark ladder rescaled to 40 marks; "Band 4-1" is not a band on this qualification
  ok   #168 L5.practice_questions[5].type [HIGH] F2: the section is one 40-mark source-based question, not a 20-mark part
  ok   #169 L5.practice_questions[5].marks [HIGH] F2: mark ladder rescaled to 40 marks; "Band 4-1" is not a band on this qualification
  PATCH L5: content_html, practice_questions
  ok   #73 L6.content_html [HIGH] F7: the Melanie chapter is Numbers. Leviticus is the Society for the Lost chapter, with the perfection sermon
  ok   #74 L6.content_html [HIGH] F7/F20: wrong chapters. Melanie is in Numbers; Jeanette is put out of the house in Judges, not Joshua
  ok   #75 L6.content_html [HIGH] F21: invented fairy tale. The Leviticus tale is the prince searching for a perfect woman, whom he executes; th
  ok   #76 L6.content_html [HIGH] F22: the second half of the quotation is fabricated
  ok   #77 L6.exam_tip_html [HIGH] F21: invented fairy tale
  ok   #78 L6.knowledge_checks[0].q [HIGH] F7: wrong chapter
  ok   #79 L6.knowledge_checks[0].options[1] [HIGH] F7: the keyed answer was built on the wrong chapter
  ok   #80 L6.flashcard_questions[4].q [HIGH] F7: wrong chapter
  ok   #81 L6.flashcard_questions[4].a [HIGH] F7: wrong chapter
  ok   #82 L6.practice_questions[4].text [HIGH] F21: invented fairy tale
  ok   #170 L6.practice_questions[0].type [HIGH] F2: the section is one 40-mark source-based question, not a 20-mark part
  ok   #171 L6.practice_questions[0].marks [HIGH] F2: mark ladder rescaled to 40 marks; "Band 4-1" is not a band on this qualification
  ok   #172 L6.practice_questions[1].type [HIGH] F2: the section is one 40-mark source-based question, not a 20-mark part
  ok   #173 L6.practice_questions[1].marks [HIGH] F2: mark ladder rescaled to 40 marks; "Band 4-1" is not a band on this qualification
  ok   #174 L6.practice_questions[2].type [HIGH] F2: the section is one 40-mark source-based question, not a 20-mark part
  ok   #175 L6.practice_questions[2].marks [HIGH] F2: mark ladder rescaled to 40 marks; "Band 4-1" is not a band on this qualification
  ok   #176 L6.practice_questions[3].type [HIGH] F2: the section is one 40-mark source-based question, not a 20-mark part
  ok   #177 L6.practice_questions[3].marks [HIGH] F2: mark ladder rescaled to 40 marks; "Band 4-1" is not a band on this qualification
  ok   #178 L6.practice_questions[4].type [HIGH] F2: the section is one 40-mark source-based question, not a 20-mark part
  ok   #179 L6.practice_questions[4].marks [HIGH] F2: mark ladder rescaled to 40 marks; "Band 4-1" is not a band on this qualification
  ok   #180 L6.practice_questions[5].type [HIGH] F2: the section is one 40-mark source-based question, not a 20-mark part
  ok   #181 L6.practice_questions[5].marks [HIGH] F2: mark ladder rescaled to 40 marks; "Band 4-1" is not a band on this qualification
  PATCH L6: content_html, exam_tip_html, knowledge_checks, flashcard_questions, practice_questions
  ok   #83 L7.content_html [HIGH] F23: fabricated quotation. The novel's line is 'Here, have an orange'
  ok   #84 L7.content_html [HIGH] F13: misattribution. The line is the narrator's, not the demon's
  ok   #85 L7.content_html [HIGH] F5: misquotation of the Enemies list
  ok   #86 L7.content_html [HIGH] F6: the church reads the silence as rapture; the mother is not knowingly ignoring an illness
  ok   #87 L7.content_html [HIGH] F8: fabricated quotation replaced with a verbatim one
  ok   #88 L7.knowledge_checks[1].q [HIGH] F13: misattribution; the keyed answer 'garden' is still correct
  ok   #89 L7.flashcard_questions[0].a [HIGH] F23: fabricated quotation
  ok   #90 L7.flashcard_questions[1].q [HIGH] F13: misattribution
  ok   #91 L7.flashcard_questions[4].a [HIGH] F5: misquotation of the Enemies list
  ok   #92 L7.practice_questions[2].text [HIGH] F13: misattribution
  ok   #182 L7.practice_questions[0].type [HIGH] F2: the section is one 40-mark source-based question, not a 20-mark part
  ok   #183 L7.practice_questions[0].marks [HIGH] F2: mark ladder rescaled to 40 marks; "Band 4-1" is not a band on this qualification
  ok   #184 L7.practice_questions[1].type [HIGH] F2: the section is one 40-mark source-based question, not a 20-mark part
  ok   #185 L7.practice_questions[1].marks [HIGH] F2: mark ladder rescaled to 40 marks; "Band 4-1" is not a band on this qualification
  ok   #186 L7.practice_questions[2].type [HIGH] F2: the section is one 40-mark source-based question, not a 20-mark part
  ok   #187 L7.practice_questions[2].marks [HIGH] F2: mark ladder rescaled to 40 marks; "Band 4-1" is not a band on this qualification
  ok   #188 L7.practice_questions[3].type [HIGH] F2: the section is one 40-mark source-based question, not a 20-mark part
  ok   #189 L7.practice_questions[3].marks [HIGH] F2: mark ladder rescaled to 40 marks; "Band 4-1" is not a band on this qualification
  ok   #190 L7.practice_questions[4].type [HIGH] F2: the section is one 40-mark source-based question, not a 20-mark part
  ok   #191 L7.practice_questions[4].marks [HIGH] F2: mark ladder rescaled to 40 marks; "Band 4-1" is not a band on this qualification
  ok   #192 L7.practice_questions[5].type [HIGH] F2: the section is one 40-mark source-based question, not a 20-mark part
  ok   #193 L7.practice_questions[5].marks [HIGH] F2: mark ladder rescaled to 40 marks; "Band 4-1" is not a band on this qualification
  PATCH L7: content_html, knowledge_checks, flashcard_questions, practice_questions
  ok   #93 L8.description [HIGH] F3: house rule - the board and a spec component code appear in student-facing text
  ok   #94 L8.content_html [HIGH] F17: fabricated quotation
  ok   #95 L8.content_html [HIGH] F16: the tea is fabricated
  ok   #96 L8.content_html [HIGH] F22: the second half of the quotation is fabricated
  ok   #97 L8.content_html [HIGH] F1: there is no separate wider-text question, and AO4 is not context
  ok   #98 L8.content_html [MEDIUM] F1: the format and mark allocation are settled - one 40-mark source-based question
  ok   #99 L8.exam_tip_html [HIGH] F1: there is no part (b), and AO4 is not context
  ok   #100 L8.knowledge_checks[3].options[1] [HIGH] F16: the tea is fabricated
  ok   #101 L8.flashcard_questions[7].a [HIGH] F16: the tea is fabricated
  ok   #102 L8.flashcard_questions[9].q [HIGH] F1/F3: there is no part (a), and the board is named
  ok   #103 L8.flashcard_questions[9].a [HIGH] F1: the question also assesses AO4
  ok   #104 L8.flashcard_questions[10].q [HIGH] F1: there is no part (b)
  ok   #105 L8.flashcard_questions[10].a [HIGH] F1: AO4 is writing accuracy, not context
  ok   #106 L8.flashcard_questions[11].q [HIGH] F1: the card taught the wrong reason
  ok   #107 L8.flashcard_questions[11].a [HIGH] F1/F3: board and spec component code named, and the point restated correctly
  ok   #108 L8.glossary_terms[5].definition [HIGH] F1: that is AO3, not AO4
  ok   #109 L8.practice_questions[5].text [HIGH] F1: there is no part (b)
  ok   #194 L8.practice_questions[0].type [HIGH] F2: the section is one 40-mark source-based question, not a 20-mark part
  ok   #195 L8.practice_questions[0].marks [HIGH] F2: mark ladder rescaled to 40 marks; "Band 4-1" is not a band on this qualification
  ok   #196 L8.practice_questions[1].type [HIGH] F2: the section is one 40-mark source-based question, not a 20-mark part
  ok   #197 L8.practice_questions[1].marks [HIGH] F2: mark ladder rescaled to 40 marks; "Band 4-1" is not a band on this qualification
  ok   #198 L8.practice_questions[2].type [HIGH] F2: the section is one 40-mark source-based question, not a 20-mark part
  ok   #199 L8.practice_questions[2].marks [HIGH] F2: mark ladder rescaled to 40 marks; "Band 4-1" is not a band on this qualification
  ok   #200 L8.practice_questions[3].type [HIGH] F2: the section is one 40-mark source-based question, not a 20-mark part
  ok   #201 L8.practice_questions[3].marks [HIGH] F2: mark ladder rescaled to 40 marks; "Band 4-1" is not a band on this qualification
  ok   #202 L8.practice_questions[4].type [HIGH] F2: the section is one 40-mark source-based question, not a 20-mark part
  ok   #203 L8.practice_questions[4].marks [HIGH] F2: mark ladder rescaled to 40 marks; "Band 4-1" is not a band on this qualification
  ok   #204 L8.practice_questions[5].type [HIGH] F2: the section is one 40-mark source-based question, not a 20-mark part
  ok   #205 L8.practice_questions[5].marks [HIGH] F2: mark ladder rescaled to 40 marks; "Band 4-1" is not a band on this qualification
  PATCH L8: description, content_html, exam_tip_html, knowledge_checks, flashcard_questions, glossary_terms, practice_questions
=== 206 applied, 0 skipped, 8 lessons / 42 fields changed
