
=== RE-NARRATION (changed narrated text only) ===
backup: C:\Users\tshau\Documents\Study Vault\scripts\_retrofc\units\english-literature-eduqas__oranges-are-not-the-only-fruit\_backup.json
unit:   english-literature-eduqas / oranges-are-not-the-only-fruit
run: 2026-09-04T03:07:24Z  mode: LIVE

8 lessons, 39 clips to regenerate

  L01 (Ollie)  Context: 1980s Britain, Religion & Sexuality
      n13: Your Prose Question: What You Need to Know
             -> 35 KB, 3.0s, uploaded
      n14: In the post-1914 prose section of your second literature exam, you answer ONE question worth 40 marks. An extr
             -> 345 KB, 29.4s, uploaded
      n16: Context is not a marked objective on this question, so never list historical facts. Use background only when i
             -> 265 KB, 22.6s, uploaded
      manifest updated (20 entries)
  L02 (Ada)  Early Chapters: Jeanette's Childhood
      n2: The novel's opening chapter is titled "Genesis" — the first book of the Bible, concerned with creation and ori
             -> 488 KB, 41.6s, uploaded
      n6: Jeanette's mother has divided the entire world into "friends" and "enemies." Friends are "God, Our dog, Auntie
             -> 422 KB, 36.0s, uploaded
      n7: The mother controls every aspect of Jeanette's life. She does not send Jeanette to school until forced to by t
             -> 590 KB, 50.3s, uploaded
      n16: For questions on the early chapters, analyse Winterson's ironic tone: "The mother's list of 'Enemies' — 'The D
             -> 345 KB, 29.4s, uploaded
      manifest updated (20 entries)
  L03 (Ollie)  Middle: Melanie, Discovery & Exorcism
      n2: Jeanette first meets Melanie at a fish stall in the local market, then invites her to church, where Melanie be
             -> 517 KB, 44.1s, uploaded
      n3: The chapter title "Numbers" is quietly ironic. In the Bible, Numbers is the book of the Israelites wandering i
             -> 370 KB, 31.5s, uploaded
      n4: Key Fact . Winterson presents Jeanette and Melanie's relationship as natural and joyful — not sinful. The chap
             -> 174 KB, 14.8s, uploaded
      n6: When the church discovers Jeanette's relationship with Melanie, the response is swift and violent. The congreg
             -> 430 KB, 36.7s, uploaded
      n9: The exorcism is one of the novel's most powerful scenes. Jeanette is marched to the front of the church and he
             -> 394 KB, 33.6s, uploaded
      n12: Key Fact . The exorcism is a pivotal scene: the church frames Jeanette's love as demonic possession, denying h
             -> 245 KB, 20.9s, uploaded
      n14: Locked in the parlour, Jeanette works out for herself that "Everyone has a demon like cats have fleas" , and t
             -> 443 KB, 37.8s, uploaded
      n15: For the exorcism scene, analyse Winterson's physical detail: "The pastor's hand is 'hot and heavy on my neck' 
             -> 239 KB, 20.4s, uploaded
      n17: Jeanette and Melanie's love is presented as natural and joyful — the chapter title 'Numbers' creates structura
             -> 78 KB, 6.6s, uploaded
      n19: The exorcism scene uses flat, unemotional reporting to convey physical and psychological abuse.
             -> 75 KB, 6.4s, uploaded
      manifest updated (20 entries)
  L04 (Ada)  Later: Katy, Leaving & Independence
      n6: When the church learns that Jeanette is in a second relationship, she shields Katy by claiming the affair is w
             -> 359 KB, 30.6s, uploaded
      n7: The escalation from exorcism (first time) to expulsion (second time) reveals the church's true priorities. The
             -> 391 KB, 33.3s, uploaded
      n9: Jeanette leaves home — expelled not just from the church but from her mother's house. She gets a job at a fune
             -> 515 KB, 43.9s, uploaded
      n10: Jeanette's departure is both a loss and a liberation. She loses her community, her identity within the church,
             -> 575 KB, 49.1s, uploaded
      n11: In the same chapter as the exorcism, the narrator breaks off to describe a secret walled garden with an orange
             -> 535 KB, 45.6s, uploaded
      manifest updated (21 entries)
  L05 (Ollie)  Character Analysis
      n6: The mother is the novel's most complex character — simultaneously loving and suffocating, devout and hypocriti
             -> 448 KB, 38.2s, uploaded
      n10: Pastor Finch is a visiting preacher from Stockport who tours in a van painted with the damned on one side and 
             -> 430 KB, 36.7s, uploaded
      n12: Miss Jewsbury is a congregation member who, it is hinted, is herself a closeted lesbian. She takes Jeanette ho
             -> 397 KB, 33.9s, uploaded
      manifest updated (21 entries)
  L06 (Ada)  Narrative Structure & Biblical Parallels
      n2: Each chapter of Oranges Are Not the Only Fruit is named after a book of the Bible: Genesis, Exodus, Leviticus,
             -> 513 KB, 43.8s, uploaded
      n3: The parallels are consistently ironic . Numbers, the book of forty years lost in the desert, names the chapter
             -> 376 KB, 32.1s, uploaded
      n6: Interspersed throughout the realist narrative are fairy tale interludes — short, mythic stories about princes,
             -> 450 KB, 38.4s, uploaded
      n11: The novel is deeply metafictional — it constantly draws attention to the act of storytelling itself. Winterson
             -> 452 KB, 38.6s, uploaded
      n14: For AO2 (form and structure), discuss Winterson's layered narrative: "The fairy tale of the prince who beheads
             -> 306 KB, 26.1s, uploaded
      manifest updated (19 entries)
  L07 (Ollie)  Language, Imagery & Voice
      n2: The title fruit is the novel's most important symbol . The mother gives Jeanette oranges constantly — as comfo
             -> 414 KB, 35.3s, uploaded
      n3: Winterson extends the metaphor through the orange demon — the articulate figure who appears while Jeanette is 
             -> 406 KB, 34.7s, uploaded
      n7: The mother's list of "Enemies" — "The Devil (in his many forms), Next Door, Sex (in its many forms), Slugs" — 
             -> 348 KB, 29.7s, uploaded
      n12: Winterson uses recurring imagery patterns. Fire appears throughout — the mother's fervour, the church's hellfi
             -> 461 KB, 39.4s, uploaded
      manifest updated (19 entries)
  L08 (Ada)  Key Themes & Exam Technique
      n2: Identity is the novel's central concern. Jeanette's identity is initially constructed for her: her mother plan
             -> 388 KB, 33.1s, uploaded
      n10: The relationship is not destroyed by the novel's end. Jeanette returns at Christmas and her mother takes her i
             -> 316 KB, 26.9s, uploaded
      n12: Storytelling is both a theme and a technique. The novel contains multiple layers of narrative — realist memoir
             -> 421 KB, 35.9s, uploaded
      n16: Beyond the extract: The single question is worth 40 marks and expects you to move out from the printed extract
             -> 403 KB, 34.4s, uploaded
      n18: Structure your answer around themes, not plot. Each paragraph should state Winterson's purpose, embed a quotat
             -> 427 KB, 36.4s, uploaded
      manifest updated (23 entries)

Regenerated 39 clips.

=== VERIFY (ranged GET + freshness) ===
  206  L01 n13  bytes 0-3/35424  Last-Modified: Fri, 04 Sep 2026 03:07:27 GMT  mp3-sync=OK
  206  L01 n14  bytes 0-3/352800  Last-Modified: Fri, 04 Sep 2026 03:07:32 GMT  mp3-sync=OK
  206  L01 n16  bytes 0-3/271008  Last-Modified: Fri, 04 Sep 2026 03:07:36 GMT  mp3-sync=OK
  206  L02 n2  bytes 0-3/499680  Last-Modified: Fri, 04 Sep 2026 03:07:44 GMT  mp3-sync=OK
  206  L02 n6  bytes 0-3/432576  Last-Modified: Fri, 04 Sep 2026 03:07:50 GMT  mp3-sync=OK
  206  L02 n7  bytes 0-3/603648  Last-Modified: Fri, 04 Sep 2026 03:07:58 GMT  mp3-sync=OK
  206  L02 n16  bytes 0-3/353088  Last-Modified: Fri, 04 Sep 2026 03:08:03 GMT  mp3-sync=OK
  206  L03 n2  bytes 0-3/529632  Last-Modified: Fri, 04 Sep 2026 03:08:11 GMT  mp3-sync=OK
  206  L03 n3  bytes 0-3/378432  Last-Modified: Fri, 04 Sep 2026 03:08:16 GMT  mp3-sync=OK
  206  L03 n4  bytes 0-3/177984  Last-Modified: Fri, 04 Sep 2026 03:08:19 GMT  mp3-sync=OK
  206  L03 n6  bytes 0-3/440352  Last-Modified: Fri, 04 Sep 2026 03:08:25 GMT  mp3-sync=OK
  206  L03 n9  bytes 0-3/403200  Last-Modified: Fri, 04 Sep 2026 03:08:31 GMT  mp3-sync=OK
  206  L03 n12  bytes 0-3/250848  Last-Modified: Fri, 04 Sep 2026 03:08:35 GMT  mp3-sync=OK
  206  L03 n14  bytes 0-3/453600  Last-Modified: Fri, 04 Sep 2026 03:08:41 GMT  mp3-sync=OK
  206  L03 n15  bytes 0-3/244512  Last-Modified: Fri, 04 Sep 2026 03:08:45 GMT  mp3-sync=OK
  206  L03 n17  bytes 0-3/79488  Last-Modified: Fri, 04 Sep 2026 03:08:47 GMT  mp3-sync=OK
  206  L03 n19  bytes 0-3/76320  Last-Modified: Fri, 04 Sep 2026 03:08:48 GMT  mp3-sync=OK
  206  L04 n6  bytes 0-3/367776  Last-Modified: Fri, 04 Sep 2026 03:08:54 GMT  mp3-sync=OK
  206  L04 n7  bytes 0-3/400032  Last-Modified: Fri, 04 Sep 2026 03:09:00 GMT  mp3-sync=OK
  206  L04 n9  bytes 0-3/527328  Last-Modified: Fri, 04 Sep 2026 03:09:07 GMT  mp3-sync=OK
  206  L04 n10  bytes 0-3/588960  Last-Modified: Fri, 04 Sep 2026 03:09:16 GMT  mp3-sync=OK
  206  L04 n11  bytes 0-3/547776  Last-Modified: Fri, 04 Sep 2026 03:09:23 GMT  mp3-sync=OK
  206  L05 n6  bytes 0-3/458496  Last-Modified: Fri, 04 Sep 2026 03:09:31 GMT  mp3-sync=OK
  206  L05 n10  bytes 0-3/440640  Last-Modified: Fri, 04 Sep 2026 03:09:37 GMT  mp3-sync=OK
  206  L05 n12  bytes 0-3/406368  Last-Modified: Fri, 04 Sep 2026 03:09:43 GMT  mp3-sync=OK
  206  L06 n2  bytes 0-3/525600  Last-Modified: Fri, 04 Sep 2026 03:09:50 GMT  mp3-sync=OK
  206  L06 n3  bytes 0-3/385056  Last-Modified: Fri, 04 Sep 2026 03:09:56 GMT  mp3-sync=OK
  206  L06 n6  bytes 0-3/460512  Last-Modified: Fri, 04 Sep 2026 03:10:02 GMT  mp3-sync=OK
  206  L06 n11  bytes 0-3/463104  Last-Modified: Fri, 04 Sep 2026 03:10:09 GMT  mp3-sync=OK
  206  L06 n14  bytes 0-3/313056  Last-Modified: Fri, 04 Sep 2026 03:10:14 GMT  mp3-sync=OK
  206  L07 n2  bytes 0-3/423648  Last-Modified: Fri, 04 Sep 2026 03:10:20 GMT  mp3-sync=OK
  206  L07 n3  bytes 0-3/416160  Last-Modified: Fri, 04 Sep 2026 03:10:26 GMT  mp3-sync=OK
  206  L07 n7  bytes 0-3/355968  Last-Modified: Fri, 04 Sep 2026 03:10:31 GMT  mp3-sync=OK
  206  L07 n12  bytes 0-3/472320  Last-Modified: Fri, 04 Sep 2026 03:10:38 GMT  mp3-sync=OK
  206  L08 n2  bytes 0-3/397152  Last-Modified: Fri, 04 Sep 2026 03:10:43 GMT  mp3-sync=OK
  206  L08 n10  bytes 0-3/323136  Last-Modified: Fri, 04 Sep 2026 03:10:49 GMT  mp3-sync=OK
  206  L08 n12  bytes 0-3/431136  Last-Modified: Fri, 04 Sep 2026 03:10:55 GMT  mp3-sync=OK
  206  L08 n16  bytes 0-3/412704  Last-Modified: Fri, 04 Sep 2026 03:11:01 GMT  mp3-sync=OK
  206  L08 n18  bytes 0-3/436896  Last-Modified: Fri, 04 Sep 2026 03:11:08 GMT  mp3-sync=OK

39/39 clips verified HTTP 200/206 with fresh audio.
