
=== RE-NARRATION (changed narrated text only) ===
backup: C:\Users\tshau\Documents\Study Vault\scripts\_retrofc\units\sociology-aqa__education\_backup.json
unit:   sociology-aqa / education
run: 2026-09-06T09:32:44Z  mode: LIVE

5 lessons, 10 clips to regenerate

  L01 (Ollie)  Roles and Functions of Education
      n21: On a 12-mark Discuss question about education’s functions, students often give a one-sided functionalist accou
             -> 371 KB, 31.6s, uploaded
      manifest updated (21 entries)
  L03 (Ollie)  Education and Capitalism: Bowles and Gintis
      n13: Interactionist response: Interactionists argue that Bowles and Gintis present an overly deterministic account 
             -> 356 KB, 30.4s, uploaded
      n20: Functionalists challenge the Marxist view, arguing the school-to-work link serves collective needs; feminists 
             -> 161 KB, 13.8s, uploaded
      manifest updated (15 entries)
  L04 (Ada)  Factors Affecting Educational Achievement
      n11: Stephen Ball’s research on marketisation and parental choice examined how the introduction of league tables, O
             -> 521 KB, 44.4s, uploaded
      n16: A very common error on questions about factors affecting achievement is to state that ‘class affects achieveme
             -> 336 KB, 28.7s, uploaded
      manifest updated (16 entries)
  L05 (Ollie)  Processes Within Schools
      n8: Stephen Ball’s study Beachside Comprehensive (1981) investigated the effects of banding , and of the school’s 
             -> 506 KB, 43.2s, uploaded
      n19: On 12-mark Discuss questions about in-school processes, the most common error is to describe labelling and str
             -> 441 KB, 37.6s, uploaded
      manifest updated (19 entries)
  L06 (Ada)  Researching Education
      n6: Non-participant observation involves watching what happens in classrooms or school settings without joining th
             -> 333 KB, 28.4s, uploaded
      n10: Halsey’s Origins and Destinations research used a large-scale survey of over 8,000 men, comparing how long the
             -> 325 KB, 27.8s, uploaded
      n13: Sociologists researching educational achievement frequently use official statistics : GCSE and A-level results
             -> 294 KB, 25.1s, uploaded
      manifest updated (20 entries)

Regenerated 10 clips.

=== VERIFY (ranged GET + freshness) ===
  206  L01 n21  bytes 0-3/379584  Last-Modified: Sun, 06 Sep 2026 09:32:53 GMT  mp3-sync=OK
  206  L03 n13  bytes 0-3/364608  Last-Modified: Sun, 06 Sep 2026 09:32:59 GMT  mp3-sync=OK
  206  L03 n20  bytes 0-3/165312  Last-Modified: Sun, 06 Sep 2026 09:33:02 GMT  mp3-sync=OK
  206  L04 n11  bytes 0-3/533088  Last-Modified: Sun, 06 Sep 2026 09:33:11 GMT  mp3-sync=OK
  206  L04 n16  bytes 0-3/344448  Last-Modified: Sun, 06 Sep 2026 09:33:17 GMT  mp3-sync=OK
  206  L05 n8  bytes 0-3/518400  Last-Modified: Sun, 06 Sep 2026 09:33:25 GMT  mp3-sync=OK
  206  L05 n19  bytes 0-3/451584  Last-Modified: Sun, 06 Sep 2026 09:33:34 GMT  mp3-sync=OK
  206  L06 n6  bytes 0-3/341280  Last-Modified: Sun, 06 Sep 2026 09:33:40 GMT  mp3-sync=OK
  206  L06 n10  bytes 0-3/333216  Last-Modified: Sun, 06 Sep 2026 09:33:46 GMT  mp3-sync=OK
  206  L06 n13  bytes 0-3/300672  Last-Modified: Sun, 06 Sep 2026 09:33:51 GMT  mp3-sync=OK

10/10 clips verified HTTP 200/206 with fresh audio.
