=== APPLY EDITS english-literature/unseen-poetry  28 edits  LIVE  2026-09-18T07:22:26.383Z
  ok   #0 L1.content_html [MEDIUM] F7: exam board named in student-facing text
  ok   #1 L1.content_html [MEDIUM] F7: exam board named in a revision tip
  ok   #2 L1.content_html [MEDIUM] F6: house band ladder replaces board level names
  ok   #3 L1.content_html [MEDIUM] F6: board level names + copied descriptor wording replaced with the house ladder in plain words
  ok   #4 L1.conclusion_html [MEDIUM] F6: house band ladder
  ok   #5 L1.exam_tip_html [MEDIUM] F6: house band ladder
  ok   #6 L1.practice_questions[5].text [MEDIUM] F6/F7: board level name and board name removed
  ok   #7 L1.practice_questions[4].marks [MEDIUM] F5: two different mark ranges were both labelled 'Top band'
  PATCH L1: content_html, conclusion_html, exam_tip_html, practice_questions
  ok   #8 L2.content_html [HIGH] F1: Lawrence wrote 'the mist's pale scarf', not 'white scarf'
  ok   #9 L2.content_html [HIGH] F1: Lawrence wrote 'the mist's pale scarf', not 'white scarf'
  ok   #10 L2.content_html [HIGH] F2: the whispering roses are in 'Amid The Roses'; Browning's 'The Laboratory' has no roses
  ok   #11 L2.content_html [MEDIUM] F6: house band ladder
  ok   #12 L2.exam_tip_html [MEDIUM] F6: house band ladder
  ok   #13 L2.practice_questions[0].text [HIGH] F1: quotation corrected to the published wording
  ok   #14 L2.practice_questions[0].marks [HIGH] F1: answer key rewarded a word ('white') that is not in the poem
  ok   #15 L2.practice_questions[3].text [MEDIUM] F6: house band ladder
  ok   #16 L2.practice_questions[4].marks [MEDIUM] F5: two different mark ranges were both labelled 'Top band'
  PATCH L2: content_html, exam_tip_html, practice_questions
  ok   #17 L3.content_html [MEDIUM] F7: exam board named in student-facing text
  ok   #18 L3.exam_tip_html [MEDIUM] F8: 'AO2.' matches the validator's banned spec-code pattern
  ok   #19 L3.practice_questions[4].marks [MEDIUM] F5: two different mark ranges were both labelled 'Top band'
  PATCH L3: content_html, exam_tip_html, practice_questions
  ok   #20 L4.content_html [HIGH] F3: the 8-mark comparison has four bands, and 7-8 is the top band
  ok   #21 L4.content_html [HIGH] F3: three levels and 'Level 3 (7-8)' are both wrong; the quoted descriptors are not the board's wording
  ok   #22 L4.content_html [MEDIUM] F6: house band ladder
  ok   #23 L4.content_html [MEDIUM] F4: 8 of the section's 32 marks is a quarter, not a third
  ok   #24 L4.exam_tip_html [HIGH] F3: 7-8 marks is the top band of four, not band 3
  ok   #25 L4.practice_questions[5].text [HIGH] F3/F7: wrong band number, and the board was named
  ok   #26 L4.practice_questions[4].type [HIGH] F9: the question asks students to compare two poems; that question is worth 8 marks, not 24
  ok   #27 L4.practice_questions[4].marks [HIGH] F9: mark ladder rebuilt for the 8-mark comparison (four bands), replacing the 24-mark ladder
  PATCH L4: content_html, exam_tip_html, practice_questions
=== 28 applied, 0 skipped, 4 lessons / 13 fields changed
