
=== RE-NARRATION (changed narrated text only) ===
backup: C:\Users\tshau\Documents\Study Vault\scripts\_retrofc\units\english-literature@unity__unseen-poetry\_backup.json
unit:   english-literature / unseen-poetry
run: 2026-09-18T07:22:29Z  mode: LIVE

4 lessons, 14 clips to regenerate

  L01 (Ollie)  Reading & Analysing an Unseen Poem
      n2: Unseen poetry is the final section of English Literature Paper 2. You are given a poem you have probably never
             -> 300 KB, 25.6s, uploaded
      n26: Mid band (13–16 marks): You keep a clear focus on the question. You use a range of quotations inside your inte
             -> 466 KB, 39.8s, uploaded
      n29: For the 24-mark question, always aim for two well-developed paragraphs rather than four thin ones. The examine
             -> 237 KB, 20.2s, uploaded
      n33: Use modal verbs (could, may, might) to explore multiple interpretations — this is a top-level skill that moves
             -> 111 KB, 9.5s, uploaded
      manifest updated (33 entries)
  L02 (Ada)  Language & Imagery in Unseen Poetry
      n5: A metaphor describes something as if it is something else: “the mist’s pale scarf” (D.H. Lawrence). A simile u
             -> 220 KB, 18.7s, uploaded
      n10: In Dunbar-Nelson’s ‘Amid The Roses,’ the poet personifies the roses as whispering “Come.” This personification
             -> 176 KB, 15.1s, uploaded
      n16: Consider D.H. Lawrence’s ‘A Winter’s Tale’: “the mist’s pale scarf / Obscures the dark wood and the dull orang
             -> 345 KB, 29.4s, uploaded
      n25: When writing about language in the 24-mark question, aim to analyse at least three different language devices 
             -> 282 KB, 24.1s, uploaded
      manifest updated (29 entries)
  L03 (Ollie)  Structure & Form in Unseen Poetry
      n2: Most students find it easier to write about language than structure. However, structural analysis is a key dif
             -> 294 KB, 25.1s, uploaded
      n26: For the 24-mark question, aim to include at least one structural observation in each paragraph alongside your 
             -> 264 KB, 22.5s, uploaded
      manifest updated (30 entries)
  L04 (Ada)  Comparing Two Unseen Poems
      n4: Key Fact . Question 2 is marked out of 8 across four bands, two marks each. The top band (7–8 marks) needs a s
             -> 222 KB, 19.0s, uploaded
      n21: Writing about poems separately: The most common mistake. If you write one paragraph about Poem 1 and another a
             -> 435 KB, 37.1s, uploaded
      n26: Section C of Paper 2 gives you 45 minutes total for both questions. Use the time strategically: Question 1 (24
             -> 351 KB, 29.9s, uploaded
      n27: For Question 2, a good answer shows genuine comparison , not two separate analyses. Every sentence should refe
             -> 353 KB, 30.1s, uploaded
      manifest updated (31 entries)

Regenerated 14 clips.

=== VERIFY (ranged GET + freshness) ===
  206  L01 n2  bytes 0-3/307008  Last-Modified: Fri, 18 Sep 2026 07:22:37 GMT  mp3-sync=OK
  206  L01 n26  bytes 0-3/477504  Last-Modified: Fri, 18 Sep 2026 07:22:45 GMT  mp3-sync=OK
  206  L01 n29  bytes 0-3/242496  Last-Modified: Fri, 18 Sep 2026 07:22:49 GMT  mp3-sync=OK
  206  L01 n33  bytes 0-3/113760  Last-Modified: Fri, 18 Sep 2026 07:22:51 GMT  mp3-sync=OK
  206  L02 n5  bytes 0-3/224928  Last-Modified: Fri, 18 Sep 2026 07:22:55 GMT  mp3-sync=OK
  206  L02 n10  bytes 0-3/180576  Last-Modified: Fri, 18 Sep 2026 07:22:58 GMT  mp3-sync=OK
  206  L02 n16  bytes 0-3/353088  Last-Modified: Fri, 18 Sep 2026 07:23:04 GMT  mp3-sync=OK
  206  L02 n25  bytes 0-3/288864  Last-Modified: Fri, 18 Sep 2026 07:23:08 GMT  mp3-sync=OK
  206  L03 n2  bytes 0-3/301536  Last-Modified: Fri, 18 Sep 2026 07:23:13 GMT  mp3-sync=OK
  206  L03 n26  bytes 0-3/269856  Last-Modified: Fri, 18 Sep 2026 07:23:17 GMT  mp3-sync=OK
  206  L04 n4  bytes 0-3/227808  Last-Modified: Fri, 18 Sep 2026 07:23:22 GMT  mp3-sync=OK
  206  L04 n21  bytes 0-3/445536  Last-Modified: Fri, 18 Sep 2026 07:23:28 GMT  mp3-sync=OK
  206  L04 n26  bytes 0-3/359136  Last-Modified: Fri, 18 Sep 2026 07:23:34 GMT  mp3-sync=OK
  206  L04 n27  bytes 0-3/361728  Last-Modified: Fri, 18 Sep 2026 07:23:39 GMT  mp3-sync=OK

14/14 clips verified HTTP 200/206 with fresh audio.
