=== APPLY EDITS religious-studies/theme-b-religion-life  26 edits  LIVE  2026-09-18T10:29:17.366Z
  ok   #0 L1.content_html [MEDIUM] F1: the quotation matched no translation. Now the Abdel Haleem wording, reference unchanged.
  PATCH L1: content_html
  ok   #1 L2.content_html [MEDIUM] F3: student-facing text must not name the exam board.
  ok   #2 L2.flashcard_questions[3].q [MEDIUM] F4: card began with a stray closing quote mark and had no question stem.
  ok   #3 L2.flashcard_questions[3].a [MEDIUM] F4: answer reshaped to match the new stem; unique in the deck.
  ok   #4 L2.flashcard_questions[4].q [LOW] F5: single-word cloze reshaped into a question.
  ok   #5 L2.flashcard_questions[4].a [LOW] F5: answer reshaped to match the new stem; unique in the deck.
  PATCH L2: content_html, flashcard_questions
  ok   #6 L3.flashcard_questions[3].a [LOW] F26: the answer ran to 31 words, over the 30-word flashcard limit.
  PATCH L3: flashcard_questions
  ok   #7 L4.content_html [HIGH] F9: the 1967 Act legalises abortion; the 1990 Act only set the 24-week limit. The 1967 Act does not cover Nort
  ok   #8 L4.content_html [HIGH] F10: the toll reached 97 only in 2021 and Tony Bland was the 96th victim, so the old sentence counted him amon
  ok   #9 L4.content_html [HIGH] F11: PVS patients do have brain activity; it is awareness that is lost. “No brain activity” describes brain de
  ok   #10 L4.glossary_terms[5].definition [HIGH] F11: same correction in the glossary entry.
  ok   #11 L4.content_html [MEDIUM] F12: NIV Colossians 3:12 includes “humility”.
  ok   #12 L4.content_html [LOW] F14: the box lists four conditions, not two.
  ok   #13 L4.content_html [LOW] F15: the box holds the four types of euthanasia, not exam technique.
  ok   #14 L4.practice_questions[1].text [MEDIUM] F13: the question is worth 1 mark, so it asks for one reason.
  ok   #15 L4.practice_questions[1].marks [MEDIUM] F13: scheme awarded up to 2 marks on a 1-mark question.
  PATCH L4: content_html, glossary_terms, practice_questions
  ok   #16 L5.content_html [MEDIUM] F17: student-facing text must not name the exam board.
  ok   #17 L5.content_html [MEDIUM] F20: Buddhism teaches rebirth without a permanent self, not reincarnation.
  ok   #18 L5.content_html [MEDIUM] F21: neither tradition teaches certainty of heaven earned by conduct.
  ok   #19 L5.content_html [LOW] F22: the prompt was a broken fragment.
  ok   #20 L5.content_html [LOW] F22: the prompt was a broken fragment.
  ok   #21 L5.content_html [LOW] F22: the prompt was a broken fragment.
  ok   #22 L5.practice_questions[0].text [HIGH] F18: the options were stored in the mark scheme, so the student saw no options.
  ok   #23 L5.practice_questions[0].marks [HIGH] F18: scheme now holds the answer only, matching the other lessons.
  ok   #24 L5.practice_questions[1].text [MEDIUM] F19: the question is worth 1 mark, so it asks for one belief.
  ok   #25 L5.practice_questions[1].marks [MEDIUM] F19: scheme awarded up to 2 marks on a 1-mark question.
  PATCH L5: content_html, practice_questions
=== 26 applied, 0 skipped, 5 lessons / 9 fields changed
