
=== RE-NARRATION (changed narrated text only) ===
backup: C:\Users\tshau\Documents\Study Vault\scripts\_retrofc\units\religious-studies@unity__theme-b-religion-life\_backup.json
unit:   religious-studies / theme-b-religion-life
run: 2026-09-18T10:29:20Z  mode: LIVE
  L03: no narrated field changed -> skip

4 lessons, 8 clips to regenerate

  L01 (Ollie)  Origins of the Universe & Human Life
      n4: Islam: The Qur’an teaches that Allah created the heavens and the earth in six periods ( yawm ). Surah 21:30 sa
             -> 277 KB, 23.7s, uploaded
      manifest updated (25 entries)
  L02 (Ada)  The Environment & Animal Rights
      n11: Animal experimentation involves testing medicines, treatments or products on animals. This is one of the three
             -> 152 KB, 12.9s, uploaded
      manifest updated (24 entries)
  L04 (Ada)  Abortion and Euthanasia
      n3: Key Fact . Under the Abortion Act 1967, amended in 1990, abortion is legal in England, Scotland and Wales up t
             -> 294 KB, 25.1s, uploaded
      n8: However, other Christians , including many Anglicans and Methodists, believe abortion may be acceptable in cer
             -> 314 KB, 26.8s, uploaded
      n17: Tony Bland was 18 when he attended the Hillsborough football stadium in 1989. A crush killed 94 people on the 
             -> 418 KB, 35.7s, uploaded
      manifest updated (30 entries)
  L05 (Ollie)  Death and an Afterlife
      n2: One of the biggest questions humans have ever asked is what happens after death. Different religions and world
             -> 215 KB, 18.4s, uploaded
      n21: Key Fact . Other religions have different views: Hindus and Sikhs believe in reincarnation — being reborn in a
             -> 203 KB, 17.3s, uploaded
      n25: Those who believe in an afterlife may value human life because it is sacred and given by God. However, some ma
             -> 188 KB, 16.1s, uploaded
      manifest updated (32 entries)

Regenerated 8 clips.

=== VERIFY (ranged GET + freshness) ===
  206  L01 n4  bytes 0-3/283968  Last-Modified: Fri, 18 Sep 2026 10:29:27 GMT  mp3-sync=OK
  206  L02 n11  bytes 0-3/155232  Last-Modified: Fri, 18 Sep 2026 10:29:30 GMT  mp3-sync=OK
  206  L04 n3  bytes 0-3/301536  Last-Modified: Fri, 18 Sep 2026 10:29:34 GMT  mp3-sync=OK
  206  L04 n8  bytes 0-3/321120  Last-Modified: Fri, 18 Sep 2026 10:29:39 GMT  mp3-sync=OK
  206  L04 n17  bytes 0-3/427968  Last-Modified: Fri, 18 Sep 2026 10:29:46 GMT  mp3-sync=OK
  206  L05 n2  bytes 0-3/220608  Last-Modified: Fri, 18 Sep 2026 10:29:50 GMT  mp3-sync=OK
  206  L05 n21  bytes 0-3/207936  Last-Modified: Fri, 18 Sep 2026 10:29:54 GMT  mp3-sync=OK
  206  L05 n25  bytes 0-3/192960  Last-Modified: Fri, 18 Sep 2026 10:29:57 GMT  mp3-sync=OK

8/8 clips verified HTTP 200/206 with fresh audio.
