
=== RE-NARRATION (changed narrated text only) ===
backup: C:\Users\tshau\Documents\Study Vault\scripts\_retrofc\units\music-aqa__aos1-western-classical\_backup.json
unit:   music-aqa / aos1-western-classical
run: 2026-09-03T20:47:31Z  mode: LIVE
  L02: fields edited but no narrated text changed -> skip

2 lessons, 4 clips to regenerate

  L01 (Ollie)  The Orchestra 1650-1910: How the Sound Changed
      n2: Between 1650 and 1910 the orchestra changed almost beyond recognition. A Baroque band might have had a dozen p
             -> 361 KB, 30.8s, uploaded
      n18: Valves, first fitted successfully to horns in 1814, made chromatic playing on brass instruments easier. The tu
             -> 298 KB, 25.4s, uploaded
      manifest updated (20 entries)
  L03 (Ollie)  Study Piece: Beethoven Symphony No. 1, Movement 1
      n21: For a strong Section B response, support each point by naming the musical element, using its correct technical
             -> 163 KB, 13.9s, uploaded
      n23: Strong: “The first subject, from around 1:50 , creates energy through short repeated motifs and sudden sforzan
             -> 216 KB, 18.4s, uploaded
      manifest updated (23 entries)

Regenerated 4 clips.

=== VERIFY (ranged GET + freshness) ===
  206  L01 n2  bytes 0-3/369792  Last-Modified: Thu, 03 Sep 2026 20:47:38 GMT  mp3-sync=OK
  206  L01 n18  bytes 0-3/304704  Last-Modified: Thu, 03 Sep 2026 20:47:43 GMT  mp3-sync=OK
  206  L03 n21  bytes 0-3/167328  Last-Modified: Thu, 03 Sep 2026 20:47:46 GMT  mp3-sync=OK
  206  L03 n23  bytes 0-3/220896  Last-Modified: Thu, 03 Sep 2026 20:47:49 GMT  mp3-sync=OK

4/4 clips verified HTTP 200/206 with fresh audio.
