=== APPLY EDITS english-literature-ocr/poetry-conflict  18 edits  LIVE  2026-09-02T16:06:44.519Z
  ok   #0 L1.content_html [MEDIUM] F21: about 670 men charged; roughly 110-118 killed and 127-134 wounded. 'Six hundred' is Tennyson's figure.
  PATCH L1: content_html
  ok   #1 L2.content_html [HIGH] F14: the real lines are 'A stranger's features / faintly start to twist before his eyes, / a half-formed ghost
  ok   #2 L2.content_html [HIGH] F15: Rumens writes 'but I am branded by an impression of sunlight' at the end of the first stanza. 'Branded on
  ok   #3 L2.knowledge_checks[1].q [HIGH] F16: the stem quoted a line that does not exist; the keyed answer stays correct.
  ok   #4 L2.flashcard_questions[4].a [HIGH] F17: fabricated quotation on a memorisation card.
  ok   #5 L2.flashcard_questions[11].q [HIGH] F17: fabricated quotation on a memorisation card.
  ok   #6 L2.practice_questions[4].text [MEDIUM] F18: 'branded' is in the first stanza.
  PATCH L2: content_html, knowledge_checks, flashcard_questions, practice_questions
  ok   #7 L4.content_html [HIGH] F19: Blake's stanza has 'In every voice, in every ban'; the lesson invented a line 'I hear /'.
  PATCH L4: content_html
  ok   #8 L7.content_html [HIGH] F9: the named poem is compared with an unseen poem, not with a second anthology poem.
  ok   #9 L7.flashcard_questions[0].a [HIGH] F10: the student does not choose the comparison text in part (a).
  PATCH L7: content_html, flashcard_questions
  ok   #10 L8.content_html [HIGH] F11: one compulsory two-part question, 20 marks per part, with an unseen poem in part (a).
  ok   #11 L8.content_html [HIGH] F15: the quotation bank held an invented line.
  ok   #12 L8.flashcard_questions[2].q [HIGH] F20: 'rolled like a flame' describes the hare, not soldiers.
  ok   #13 L8.glossary_terms[3].definition [MEDIUM] F22: invented band, and 'Level 4' is a banned string.
  ok   #14 L8.knowledge_checks[0].q [HIGH] F12: there is no 40-mark comparison; each part is 20 marks.
  ok   #15 L8.knowledge_checks[0].options [HIGH] F12: about 30 minutes per 20-mark part. The keyed index 1 stays correct.
  ok   #16 L8.knowledge_checks[4].left [HIGH] F12: timings rescaled to one 30-minute part; also removes the duplicate '5 minutes' item.
  ok   #17 L8.exam_tip_html [LOW] F12: keeps the tip consistent with the corrected timings.
  PATCH L8: content_html, flashcard_questions, glossary_terms, knowledge_checks, exam_tip_html
=== 18 applied, 0 skipped, 5 lessons / 13 fields changed
