
=== RE-NARRATION (changed narrated text only) ===
backup: C:\Users\tshau\Documents\Study Vault\scripts\_retrofc\units\english-literature-ocr__poetry-conflict\_backup.json
unit:   english-literature-ocr / poetry-conflict
run: 2026-09-02T16:06:47Z  mode: LIVE

5 lessons, 8 clips to regenerate

  L01 (Ollie)  War & the Soldier's Experience
      n6: Tennyson wrote this poem in response to a newspaper report about a disastrous cavalry charge during the Battle
             -> 302 KB, 25.8s, uploaded
      manifest updated (21 entries)
  L02 (Ada)  Impact of War on Others
      n7: The poem’s most powerful moment comes when an image begins to materialise : “A stranger’s features / faintly s
             -> 339 KB, 29.0s, uploaded
      n11: The poem explores how conflict creates displacement that lasts a lifetime. The speaker’s language is caught be
             -> 286 KB, 24.4s, uploaded
      manifest updated (21 entries)
  L04 (Ada)  Social Conflict & Identity
      n7: “ In every cry of every Man, / In every Infant’s cry of fear, / In every voice, in every ban, / The mind-forg’
             -> 456 KB, 38.9s, uploaded
      manifest updated (20 entries)
  L07 (Ollie)  Comparison Skills
      n2: The OCR poetry question comes in two parts, each worth 20 marks. Part (a) names one anthology poem and asks yo
             -> 420 KB, 35.8s, uploaded
      manifest updated (22 entries)
  L08 (Ada)  Exam Technique & Quotation Bank
      n2: The poetry question is compulsory and comes in two parts, each worth 20 marks. Part (a) names one anthology po
             -> 364 KB, 31.1s, uploaded
      n19: The Emigrée: “My city takes me dancing through the city / of walls” | “branded by an impression of sunlight” |
             -> 93 KB, 7.9s, uploaded
      n25: In the last few minutes, re-read and check: Did I compare in every paragraph? Use quotations from both poems? 
             -> 208 KB, 17.7s, uploaded
      manifest updated (29 entries)

Regenerated 8 clips.

=== VERIFY (ranged GET + freshness) ===
  206  L01 n6  bytes 0-3/309024  Last-Modified: Wed, 02 Sep 2026 16:06:55 GMT  mp3-sync=OK
  206  L02 n7  bytes 0-3/347616  Last-Modified: Wed, 02 Sep 2026 16:07:01 GMT  mp3-sync=OK
  206  L02 n11  bytes 0-3/292896  Last-Modified: Wed, 02 Sep 2026 16:07:06 GMT  mp3-sync=OK
  206  L04 n7  bytes 0-3/466848  Last-Modified: Wed, 02 Sep 2026 16:07:13 GMT  mp3-sync=OK
  206  L07 n2  bytes 0-3/429696  Last-Modified: Wed, 02 Sep 2026 16:07:22 GMT  mp3-sync=OK
  206  L08 n2  bytes 0-3/372672  Last-Modified: Wed, 02 Sep 2026 16:07:28 GMT  mp3-sync=OK
  206  L08 n19  bytes 0-3/95040  Last-Modified: Wed, 02 Sep 2026 16:07:30 GMT  mp3-sync=OK
  206  L08 n25  bytes 0-3/212544  Last-Modified: Wed, 02 Sep 2026 16:07:34 GMT  mp3-sync=OK

8/8 clips verified HTTP 200/206 with fresh audio.
