=== APPLY EDITS english-literature-aqa/romeo-and-juliet  33 edits  LIVE  2026-09-01T23:09:38.297Z
  ok   #21 L1.practice_questions[3].type [MEDIUM] F14: the band ladder on this item awards 12 marks; the real 30+4 Shakespeare essay is the next item.
  PATCH L1: practice_questions
  ok   #0 L2.content_html [MEDIUM] F1: the line reads 'As a rich jewel in an Ethiop's ear' (Gutenberg 1224); no text reads 'Like'.
  ok   #1 L2.practice_questions[1].text [MEDIUM] F1: printed extract must match the play text.
  ok   #2 L2.flashcard_questions[6].a [MEDIUM] F1: memorisation card must match the play text.
  ok   #3 L2.content_html [MEDIUM] F2: Juliet calls the touch of palms a holy palmers' kiss, not his hand (Gutenberg 1310).
  ok   #22 L2.practice_questions[3].type [MEDIUM] F14: the band ladder on this item awards 12 marks; the real 30+4 Shakespeare essay is the next item.
  PATCH L2: content_html, practice_questions, flashcard_questions
  ok   #4 L3.content_html [HIGH] F3: aligned to the primary text (Gutenberg 1586) and to lesson 7.
  ok   #5 L3.practice_questions[1].text [HIGH] F3: printed extract aligned to the primary text.
  ok   #6 L3.flashcard_questions[2].a [HIGH] F3: memorisation card aligned to the primary text.
  ok   #7 L3.knowledge_checks[2].correct [HIGH] F3: 'name' is the primary text's reading; it must not be marked wrong.
  ok   #8 L3.knowledge_checks[2].options[1] [HIGH] F3: 'word' is the Q2 reading and is defensible, so it cannot stay as a wrong-answer option.
  ok   #23 L3.practice_questions[3].type [MEDIUM] F14: the band ladder on this item awards 12 marks; the real 30+4 Shakespeare essay is the next item.
  PATCH L3: content_html, practice_questions, flashcard_questions, knowledge_checks
  ok   #24 L4.practice_questions[3].type [MEDIUM] F14: the band ladder on this item awards 12 marks; the real 30+4 Shakespeare essay is the next item.
  PATCH L4: practice_questions
  ok   #9 L5.content_html [MEDIUM] F4: her father, mother and Nurse all fail her in Act 3 Scene 5, not Act 4.
  ok   #10 L5.knowledge_checks[4].q [MEDIUM] F4: all three failures happen in Act 3 Scene 5.
  ok   #25 L5.practice_questions[3].type [MEDIUM] F14: the band ladder on this item awards 12 marks; the real 30+4 Shakespeare essay is the next item.
  PATCH L5: content_html, knowledge_checks, practice_questions
  ok   #11 L6.flashcard_questions[0].a [MEDIUM] F5: the quarantine is in Verona; he never leaves (Gutenberg 4738-4745).
  ok   #12 L6.flashcard_questions[11].q [LOW] F6: 'All are punish'd' is three words.
  ok   #13 L6.practice_questions[5].marks [LOW] F7: a superlative claim, not an understatement.
  ok   #26 L6.practice_questions[3].type [MEDIUM] F14: the band ladder on this item awards 12 marks; the real 30+4 Shakespeare essay is the next item.
  PATCH L6: flashcard_questions, practice_questions
  ok   #14 L7.content_html [HIGH] F8: 'I'll no longer be a Capulet' is Juliet's line (Gutenberg 1574); Romeo's is 1596.
  ok   #15 L7.content_html [MEDIUM] F9: the real line is 'It is an honour that I dream not of' (Gutenberg 887).
  ok   #16 L7.content_html [MEDIUM] F10: wrong order; the kiss comes first (Gutenberg 5051-5066).
  ok   #17 L7.flashcard_questions[12].a [MEDIUM] F10: wrong order; the kiss comes first.
  ok   #18 L7.content_html [MEDIUM] F11: that was the definition of foreshadowing, not dramatic irony.
  ok   #30 L7.practice_questions[4].type [LOW] F15: the scheme awards 2+2+2 = 6 marks.
  PATCH L7: content_html, flashcard_questions, practice_questions
  ok   #27 L8.practice_questions[3].type [MEDIUM] F14: the band ladder on this item awards 12 marks; the real 30+4 Shakespeare essay is the next item.
  PATCH L8: practice_questions
  ok   #20 L9.knowledge_checks[0].q [MEDIUM] F13: 'Unrequited love' and 'Courtly love' were both true of Rosaline, so the old stem marked true answers wron
  ok   #28 L9.practice_questions[3].type [MEDIUM] F14: the band ladder on this item awards 12 marks; the real 30+4 Shakespeare essay is the next item.
  PATCH L9: knowledge_checks, practice_questions
  ok   #19 L10.content_html [MEDIUM] F12: that was the definition of dialogue, not stichomythia.
  ok   #29 L10.practice_questions[3].type [MEDIUM] F14: the band ladder on this item awards 10 marks.
  ok   #31 L10.practice_questions[1].type [LOW] F15: the band ladder tops out at 6 marks.
  ok   #32 L10.practice_questions[4].type [LOW] F15: the band ladder tops out at 6 marks.
  PATCH L10: content_html, practice_questions
=== 33 applied, 0 skipped, 10 lessons / 22 fields changed
