
=== RE-NARRATION (changed narrated text only) ===
backup: C:\Users\tshau\Documents\Study Vault\scripts\_retrofc\units\english-literature-aqa__romeo-and-juliet\_backup.json
unit:   english-literature-aqa / romeo-and-juliet
run: 2026-09-01T23:09:42Z  mode: LIVE
  L01: no narrated field changed -> skip
  L04: no narrated field changed -> skip
  L06: no narrated field changed -> skip
  L08: no narrated field changed -> skip
  L09: no narrated field changed -> skip
  L10: fields edited but no narrated text changed -> skip

4 lessons, 7 clips to regenerate

  L02 (Ada)  Act 1: The Feud and the Party
      n12: Shakespeare uses light imagery to describe Juliet: “O, she doth teach the torches to burn bright! / It seems s
             -> 287 KB, 24.5s, uploaded
      n15: When Romeo and Juliet first speak, their dialogue forms a complete conceit of religious worship. Romeo calls J
             -> 282 KB, 24.1s, uploaded
      manifest updated (24 entries)
  L03 (Ollie)  Act 2: The Balcony Scene and Secret Marriage
      n6: Juliet’s famous speech questions whether a name has any real meaning: “What’s in a name? That which we call a 
             -> 338 KB, 28.8s, uploaded
      manifest updated (24 entries)
  L05 (Ollie)  Act 4: The Friar’s Plan and the Sleeping Potion
      n19: Key Fact . By Act 4 Juliet is completely isolated. Her father, mother, and Nurse all fail her. Only the Friar 
             -> 240 KB, 20.5s, uploaded
      manifest updated (24 entries)
  L07 (Ollie)  Characters: Romeo and Juliet
      n8: Juliet Capulet undergoes the most dramatic character development in the play. She begins as a dutiful 13-year-
             -> 196 KB, 16.7s, uploaded
      n14: Romeo and Juliet function as parallel characters whose love transcends their families' hatred. Both are willin
             -> 177 KB, 15.1s, uploaded
      n16: Both lovers choose death rather than life without each other, but their deaths serve different dramatic purpos
             -> 224 KB, 19.1s, uploaded
      manifest updated (26 entries)

Regenerated 7 clips.

=== VERIFY (ranged GET + freshness) ===
  206  L02 n12  bytes 0-3/293760  Last-Modified: Tue, 01 Sep 2026 23:09:49 GMT  mp3-sync=OK
  206  L02 n15  bytes 0-3/288576  Last-Modified: Tue, 01 Sep 2026 23:09:53 GMT  mp3-sync=OK
  206  L03 n6  bytes 0-3/345600  Last-Modified: Tue, 01 Sep 2026 23:09:59 GMT  mp3-sync=OK
  206  L05 n19  bytes 0-3/246240  Last-Modified: Tue, 01 Sep 2026 23:10:04 GMT  mp3-sync=OK
  206  L07 n8  bytes 0-3/200448  Last-Modified: Tue, 01 Sep 2026 23:10:07 GMT  mp3-sync=OK
  206  L07 n14  bytes 0-3/181440  Last-Modified: Tue, 01 Sep 2026 23:10:10 GMT  mp3-sync=OK
  206  L07 n16  bytes 0-3/229824  Last-Modified: Tue, 01 Sep 2026 23:10:13 GMT  mp3-sync=OK

7/7 clips verified HTTP 200/206 with fresh audio.
