=== APPLY EDITS geography/paper-2  28 edits  LIVE  2026-09-18T20:15:48.610Z
  ok   #8 L1.description [LOW] F5: description cut to 97 characters (was 132).
  PATCH L1: description
  ok   #9 L2.description [LOW] F5: description cut to 97 characters (was 129).
  PATCH L2: description
  ok   #10 L3.description [LOW] F5: description cut to 91 characters (was 123).
  PATCH L3: description
  ok   #11 L4.description [LOW] F5: description cut to 95 characters (was 136).
  PATCH L4: description
  ok   #12 L5.description [LOW] F5: description cut to 96 characters (was 138).
  PATCH L5: description
  ok   #13 L6.description [LOW] F5: description cut to 97 characters (was 140).
  PATCH L6: description
  ok   #0 L7.content_html [MEDIUM] F1: the car park under Chavasse Park holds 3,000 spaces, not 2,000; lesson 8 already says 3,000.
  ok   #1 L7.content_html [MEDIUM] F1: key fact aligned to the verified 3,000 spaces.
  ok   #2 L7.knowledge_checks[2].options[2] [MEDIUM] F1: answer option corrected; the correct index stays 2.
  ok   #3 L7.flashcard_questions[12].a [MEDIUM] F1: flashcard answer aligned to the verified figure.
  ok   #14 L7.description [LOW] F5: description cut to 91 characters (was 129).
  PATCH L7: content_html, knowledge_checks, flashcard_questions, description
  ok   #15 L8.description [LOW] F5: description cut to 91 characters (was 137).
  PATCH L8: description
  ok   #4 L9.content_html [HIGH] F2: Maldives literacy is about 98%, so the example was wrong. Equatorial Guinea fits: GDP per person about $20
  ok   #16 L9.description [LOW] F5: description cut to 94 characters (was 161).
  PATCH L9: content_html, description
  ok   #17 L10.description [LOW] F5: description cut to 84 characters (was 137).
  PATCH L10: description
  ok   #18 L11.description [LOW] F5: description cut to 91 characters (was 143).
  PATCH L11: description
  ok   #19 L12.description [LOW] F5: description cut to 91 characters (was 140).
  PATCH L12: description
  ok   #20 L13.description [LOW] F5: description cut to 95 characters (was 140).
  PATCH L13: description
  ok   #5 L14.content_html [MEDIUM] F3: 140,000 counts international arrivals only; the jobs figure covers all tourism, domestic visitors included
  ok   #21 L14.description [LOW] F5: description cut to 92 characters (was 141).
  PATCH L14: content_html, description
  ok   #22 L15.description [LOW] F5: description cut to 94 characters (was 146).
  PATCH L15: description
  ok   #6 L16.content_html [HIGH] F4: a works making 750,000 tonnes of cement a year cannot recycle 100 million tonnes of waste. No published Ha
  ok   #7 L16.conclusion_html [MEDIUM] F4: takeaway aligned to the corrected body text.
  ok   #23 L16.description [LOW] F5: description cut to 91 characters (was 142).
  PATCH L16: content_html, conclusion_html, description
  ok   #24 L17.description [LOW] F5: description cut to 92 characters (was 142).
  PATCH L17: description
  ok   #25 L18.description [LOW] F5: description cut to 90 characters (was 143).
  PATCH L18: description
  ok   #26 L19.description [LOW] F5: description cut to 92 characters (was 151).
  PATCH L19: description
  ok   #27 L20.description [LOW] F5: description cut to 85 characters (was 138).
  PATCH L20: description
=== 28 applied, 0 skipped, 20 lessons / 27 fields changed
