
=== RE-NARRATION (changed narrated text only) ===
backup: C:\Users\tshau\Documents\Study Vault\scripts\_retrofc\units\geography@unity__paper-2-fix\_backup.json
unit:   geography / paper-2
run: 2026-09-18T20:15:52Z  mode: LIVE
  L01: no narrated field changed -> skip
  L02: no narrated field changed -> skip
  L03: no narrated field changed -> skip
  L04: no narrated field changed -> skip
  L05: no narrated field changed -> skip
  L06: no narrated field changed -> skip
  L08: no narrated field changed -> skip
  L10: no narrated field changed -> skip
  L11: no narrated field changed -> skip
  L12: no narrated field changed -> skip
  L13: no narrated field changed -> skip
  L15: no narrated field changed -> skip
  L17: no narrated field changed -> skip
  L18: no narrated field changed -> skip
  L19: no narrated field changed -> skip
  L20: no narrated field changed -> skip

4 lessons, 5 clips to regenerate

  L07 (Ollie)  Liverpool: Opportunities & Urban Greening
      n16: Chavasse Park is located in the centre of Liverpool, at the heart of Liverpool ONE. It was designated a park i
             -> 168 KB, 14.3s, uploaded
      n19: Key Fact . Chavasse Park sits above a 3,000-space car park in the centre of Liverpool. Its trees act as a carb
             -> 176 KB, 15.0s, uploaded
      manifest updated (22 entries)
  L09 (Ollie)  Measuring Development: Indicators & the DTM
      n17: Key Fact . Individual development indicators can be misleading. Cuba has a literacy rate of 99.7% but a low GD
             -> 268 KB, 22.9s, uploaded
      manifest updated (24 entries)
  L14 (Ada)  India: Aid, Environment & Economic Growth
      n26: GNI varies significantly between states. Goa has a GNI per capita of $8,863, driven largely by tourism (140,00
             -> 468 KB, 39.9s, uploaded
      manifest updated (29 entries)
  L16 (Ada)  Post-Industrial UK: Business Parks, Environment & Rural Change
      n14: Key Fact . Castle Cement is taking steps to become more sustainable: burning about 100,000 tonnes of waste-der
             -> 259 KB, 22.1s, uploaded
      manifest updated (24 entries)

Regenerated 5 clips.

=== VERIFY (ranged GET + freshness) ===
  206  L07 n16  bytes 0-3/172224  Last-Modified: Fri, 18 Sep 2026 20:15:58 GMT  mp3-sync=OK
  206  L07 n19  bytes 0-3/180288  Last-Modified: Fri, 18 Sep 2026 20:16:01 GMT  mp3-sync=OK
  206  L09 n17  bytes 0-3/274752  Last-Modified: Fri, 18 Sep 2026 20:16:05 GMT  mp3-sync=OK
  206  L14 n26  bytes 0-3/478944  Last-Modified: Fri, 18 Sep 2026 20:16:12 GMT  mp3-sync=OK
  206  L16 n14  bytes 0-3/264960  Last-Modified: Fri, 18 Sep 2026 20:16:16 GMT  mp3-sync=OK

5/5 clips verified HTTP 200/206 with fresh audio.
