=== APPLY EDITS religious-studies/islam-practices  34 edits  LIVE  2026-09-18T10:22:32.339Z
  ok   #0 L1.content_html [HIGH] F1: the Ten Obligatory Acts leave out the Shahadah, and jihad is not one of the Five Pillars
  ok   #1 L1.content_html [HIGH] F1: jihad is named as a Pillar and the Shahadah is wrongly counted among the Ten Obligatory Acts
  ok   #2 L1.content_html [MEDIUM] F2: six of the Ten Obligatory Acts sit outside the Five Pillars, not five
  ok   #3 L1.content_html [HIGH] F3: the quotation matches no standard translation; replaced with Abdel Haleem 112:1-4 verbatim
  ok   #4 L1.glossary_terms[4].definition [HIGH] F1: glossary kept in step with the corrected content
  ok   #5 L1.practice_questions[1].text [HIGH] F4: the paper has no 2-mark question; the second part is worth 1 mark
  ok   #6 L1.practice_questions[1].marks [HIGH] F4: 1 mark not 2, and jihad added - it is one of the Ten and is not a Pillar
  ok   #7 L1.practice_questions[3].marks [MEDIUM] F5: model answer quoted Surah 112 in wording found in no standard translation
  ok   #8 L1.practice_questions[4].marks [MEDIUM] F6: Surah 112 states God's oneness; it makes no claim about which belief is most fundamental
  ok   #9 L1.flashcard_questions[3].q [MEDIUM] F9: card front was a broken fragment cut out of the key-fact box
  ok   #10 L1.flashcard_questions[4].a [HIGH] F10: mangled entity - Shi&rsquo;a collapsed to 'Shirsquoa'
  ok   #11 L1.flashcard_questions[4].q [HIGH] F10: card front was a broken fragment; rewritten as a Which question
  PATCH L1: content_html, glossary_terms, practice_questions, flashcard_questions
  ok   #12 L2.practice_questions[1].text [HIGH] F11: the paper has no 2-mark question; the second part is worth 1 mark
  ok   #13 L2.practice_questions[1].marks [HIGH] F11: mark scheme awarded 2 marks on a 1-mark question
  PATCH L2: practice_questions
  ok   #14 L3.content_html [MEDIUM] F12: Saudi figures - 1,845,045 (2023), 1,833,164 (2024), 1,673,230 (2025); only 2019 passed two million
  ok   #15 L3.practice_questions[1].text [HIGH] F14: the paper has no 2-mark question; the second part is worth 1 mark
  ok   #16 L3.practice_questions[1].marks [HIGH] F14: mark scheme awarded 2 marks on a 1-mark question
  ok   #17 L3.practice_questions[3].marks [MEDIUM] F13: model answer kept in step with the corrected pilgrim figure
  ok   #18 L3.flashcard_questions[3].a [HIGH] F15: mangled entity - Shi&rsquo;a collapsed to 'Shirsquoa'
  ok   #19 L3.flashcard_questions[3].q [HIGH] F15: card front was a broken fragment; rewritten as a Which question
  ok   #20 L3.flashcard_questions[4].a [HIGH] F15: answer word 'Muslims' also sat inside the card front and taught nothing
  ok   #21 L3.flashcard_questions[4].q [HIGH] F15: card front was a broken fragment starting mid-sentence
  PATCH L3: content_html, practice_questions, flashcard_questions
  ok   #22 L4.exam_tip_html [MEDIUM] F18: fabricated examiner claim removed
  ok   #23 L4.content_html [MEDIUM] F19: fabricated examiner claim removed from the revision tip
  ok   #24 L4.practice_questions[1].text [HIGH] F20: the paper has no 2-mark question; the second part is worth 1 mark
  ok   #25 L4.practice_questions[1].marks [HIGH] F20: mark scheme awarded 2 marks on a 1-mark question
  ok   #26 L4.flashcard_questions[3].a [MEDIUM] F22: single-word answer 'Muslim' on a broken cloze front; replaced with a card the lesson teaches
  ok   #27 L4.flashcard_questions[3].q [MEDIUM] F22: card front was a broken fragment; rewritten as a Which question
  ok   #28 L4.flashcard_questions[4].a [HIGH] F21: the answer 'Lesser' sat inside its own question and duplicated the 'lesser jihad' card
  ok   #29 L4.flashcard_questions[4].q [HIGH] F21: card front was a run-on heading that already gave the answer
  PATCH L4: exam_tip_html, content_html, practice_questions, flashcard_questions
  ok   #30 L5.content_html [HIGH] F25: the pelting of Shaytan is not in the Qur'an; it comes from later Muslim tradition
  ok   #31 L5.practice_questions[3].marks [MEDIUM] F26: model answer made the same misattribution to the Qur'an
  ok   #32 L5.practice_questions[1].text [MEDIUM] F27: question read 'Give one ways'
  ok   #33 L5.practice_questions[4].marks [HIGH] F24: banned band name 'Level 2' and pasted mark-scheme descriptors; rewritten in house wording
  PATCH L5: content_html, practice_questions
=== 34 applied, 0 skipped, 5 lessons / 14 fields changed
