
=== RE-NARRATION (changed narrated text only) ===
backup: C:\Users\tshau\Documents\Study Vault\scripts\_retrofc\units\religious-studies@unity__islam-practices\_backup.json
unit:   religious-studies / islam-practices
run: 2026-09-18T10:22:36Z  mode: LIVE
  L02: no narrated field changed -> skip

4 lessons, 5 clips to regenerate

  L01 (Ollie)  The Five Pillars, Shahadah and Salah
      n7: Shi’a Muslims — particularly Twelver Shi’a — follow the Ten Obligatory Acts . These include four of the Five P
             -> 184 KB, 15.7s, uploaded
      n20: Tawhid is not just a belief — it shapes every aspect of a Muslim’s life. If Allah is the only God, then only H
             -> 383 KB, 32.7s, uploaded
      manifest updated (25 entries)
  L03 (Ollie)  Hajj
      n12: Hajj is the fifth pillar of Islam. Every Muslim who is physically and financially able must make the pilgrimag
             -> 294 KB, 25.1s, uploaded
      manifest updated (28 entries)
  L04 (Ada)  Jihad
      n26: For jihad questions, always distinguish between greater jihad (inner spiritual struggle) and lesser jihad (phy
             -> 387 KB, 33.0s, uploaded
      manifest updated (30 entries)
  L05 (Ollie)  Festivals and Commemorations
      n11: Key Fact . The Qur’an teaches that Ibrahim agreed to sacrifice his son (37:102). Muslim tradition adds that Sh
             -> 256 KB, 21.9s, uploaded
      manifest updated (26 entries)

Regenerated 5 clips.

=== VERIFY (ranged GET + freshness) ===
  206  L01 n7  bytes 0-3/188352  Last-Modified: Fri, 18 Sep 2026 10:22:39 GMT  mp3-sync=OK
  206  L01 n20  bytes 0-3/391968  Last-Modified: Fri, 18 Sep 2026 10:22:41 GMT  mp3-sync=OK
  206  L03 n12  bytes 0-3/300960  Last-Modified: Fri, 18 Sep 2026 10:22:42 GMT  mp3-sync=OK
  206  L04 n26  bytes 0-3/396288  Last-Modified: Fri, 18 Sep 2026 10:22:43 GMT  mp3-sync=OK
  206  L05 n11  bytes 0-3/262368  Last-Modified: Fri, 18 Sep 2026 10:22:47 GMT  mp3-sync=OK

5/5 clips verified HTTP 200/206 with fresh audio.
