
=== RE-NARRATION (changed narrated text only) ===
backup: C:\Users\tshau\Documents\Study Vault\scripts\_retrofc\units\design-technology-eduqas__textiles-in-depth\_backup.json
unit:   design-technology-eduqas / textiles-in-depth
run: 2026-09-06T09:18:04Z  mode: LIVE

3 lessons, 5 clips to regenerate

  L01 (Ollie)  Fibres: Natural, Synthetic & Blended
      n14: Elastane (brand name Lycra) is a polyurethane-based fibre that can stretch to about five times its original le
             -> 240 KB, 20.4s, uploaded
      manifest updated (29 entries)
  L04 (Ada)  Colour, Decoration & Finishes
      n20: Flame-retardant finish — a chemical treatment that reduces the flammability of the fabric by releasing non-com
             -> 247 KB, 21.1s, uploaded
      n32: When asked to compare printing methods, structure your comparison around three key variables: speed/volume sui
             -> 439 KB, 37.5s, uploaded
      manifest updated (36 entries)
  L05 (Ollie)  Commercial Production, Sustainability & Applications
      n9: The textile and fashion industries are among the most environmentally damaging on Earth, responsible for an es
             -> 287 KB, 24.5s, uploaded
      n12: Recycle — returning textile materials to the raw material stage so they can be used again. Mechanical recyclin
             -> 380 KB, 32.4s, uploaded
      manifest updated (32 entries)

Regenerated 5 clips.

=== VERIFY (ranged GET + freshness) ===
  206  L01 n14  bytes 0-3/245376  Last-Modified: Sun, 06 Sep 2026 09:18:12 GMT  mp3-sync=OK
  206  L04 n20  bytes 0-3/253152  Last-Modified: Sun, 06 Sep 2026 09:18:17 GMT  mp3-sync=OK
  206  L04 n32  bytes 0-3/449568  Last-Modified: Sun, 06 Sep 2026 09:18:24 GMT  mp3-sync=OK
  206  L05 n9  bytes 0-3/294336  Last-Modified: Sun, 06 Sep 2026 09:18:29 GMT  mp3-sync=OK
  206  L05 n12  bytes 0-3/388800  Last-Modified: Sun, 06 Sep 2026 09:18:36 GMT  mp3-sync=OK

5/5 clips verified HTTP 200/206 with fresh audio.
