
=== RE-NARRATION (changed narrated text only) ===
backup: C:\Users\tshau\Documents\Study Vault\scripts\_retrofc\units\business-aqa__human-resources\_backup.json
unit:   business-aqa / human-resources
run: 2026-09-06T09:53:57Z  mode: LIVE

2 lessons, 3 clips to regenerate

  L03 (Ollie)  Motivation
      n8: A wage is paid by the hour, often weekly. A retail assistant on £12.71 an hour (the UK minimum wage for worker
             -> 194 KB, 16.5s, uploaded
      n10: Profit sharing gives staff a slice of company profits. John Lewis has historically paid an annual ‘Partnership
             -> 315 KB, 26.9s, uploaded
      manifest updated (28 entries)
  L04 (Ada)  Training
      n24: For 9-mark ‘Justify a Decision’ questions on training, pick one method clearly and support it with two develop
             -> 290 KB, 24.7s, uploaded
      manifest updated (28 entries)

Regenerated 3 clips.

=== VERIFY (ranged GET + freshness) ===
  206  L03 n8  bytes 0-3/198432  Last-Modified: Sun, 06 Sep 2026 09:54:05 GMT  mp3-sync=OK
  206  L03 n10  bytes 0-3/322272  Last-Modified: Sun, 06 Sep 2026 09:54:12 GMT  mp3-sync=OK
  206  L04 n24  bytes 0-3/296640  Last-Modified: Sun, 06 Sep 2026 09:54:18 GMT  mp3-sync=OK

3/3 clips verified HTTP 200/206 with fresh audio.
