=== APPLY EDITS history-edexcel/spain-new-world  136 edits  LIVE  2026-09-06T02:12:07.806Z
  ok   #0 L1.content_html [MEDIUM] F2: Torquemada was not Grand Inquisitor until 1483, and conversos in this period were Jewish converts; Muslims
  ok   #1 L1.exam_tip_html [HIGH] F1: this paper carries no SPaG marks.
  ok   #2 L1.knowledge_checks[2].q [MEDIUM] F2: Torquemada was not Grand Inquisitor until 1483; the stem made him the founder in 1478.
  ok   #3 L1.practice_questions[1].marks [HIGH] F4: the consequence question is 8 marks, 4 for each consequence.
  ok   #4 L1.practice_questions[1].type [HIGH] F4: the period study sets 'Explain two consequences of...' at 8 marks, 4 for each consequence; this was labell
  ok   #5 L1.practice_questions[3].marks [HIGH] F4: the consequence question is 8 marks, 4 for each consequence.
  ok   #6 L1.practice_questions[3].type [HIGH] F4: the period study sets 'Explain two consequences of...' at 8 marks, 4 for each consequence; this was labell
  PATCH L1: content_html, exam_tip_html, knowledge_checks, practice_questions
  ok   #7 L2.content_html [HIGH] F3: the period study sets no source questions, so there is no band that rewards source integration here.
  ok   #8 L2.exam_tip_html [HIGH] F1/F4: no SPaG on this paper; the consequence question is 8 marks, not 4.
  ok   #9 L2.practice_questions[1].marks [HIGH] F4: the consequence question is 8 marks, 4 for each consequence.
  ok   #10 L2.practice_questions[1].type [HIGH] F4: the period study sets 'Explain two consequences of...' at 8 marks, 4 for each consequence; this was labell
  ok   #11 L2.practice_questions[3].marks [HIGH] F4: the consequence question is 8 marks, 4 for each consequence.
  ok   #12 L2.practice_questions[3].type [HIGH] F4: the period study sets 'Explain two consequences of...' at 8 marks, 4 for each consequence; this was labell
  ok   #13 L2.practice_questions[5].marks [MEDIUM] F5: Rodrigo de Triana was a sailor on the Pinta, not a Pinzon.
  PATCH L2: content_html, exam_tip_html, practice_questions
  ok   #14 L3.content_html [MEDIUM] F5: the lookout was Rodrigo de Triana, a sailor aboard the Pinta, not a member of the Pinzon family.
  ok   #15 L3.content_html [MEDIUM] F6: there is no 2026 edition of the specification; the current one is Issue 6, June 2024. The claim about what
  ok   #16 L3.content_html [MEDIUM] F7: 'no metal tools' contradicts the gold ornaments described two paragraphs earlier; the Tainos had no iron.
  ok   #17 L3.content_html [MEDIUM] F6: invented claim about what the board rewards.
  ok   #18 L3.exam_tip_html [HIGH] F1/F4: invented examiner claim; no SPaG on this paper; the consequence question is 8 marks.
  ok   #19 L3.practice_questions[1].marks [HIGH] F4: the consequence question is 8 marks, 4 for each consequence.
  ok   #20 L3.practice_questions[1].type [HIGH] F4: the period study sets 'Explain two consequences of...' at 8 marks, 4 for each consequence; this was labell
  ok   #21 L3.practice_questions[3].marks [HIGH] F4: the consequence question is 8 marks, 4 for each consequence.
  ok   #22 L3.practice_questions[3].type [HIGH] F4: the period study sets 'Explain two consequences of...' at 8 marks, 4 for each consequence; this was labell
  PATCH L3: content_html, exam_tip_html, practice_questions
  ok   #23 L4.content_html [MEDIUM] F8: the 'school of navigation at Sagres' is an eighteenth-century legend that modern historians reject.
  ok   #24 L4.content_html [MEDIUM] F9: only one Spanish cardinal took part in the 1492 conclave - Borgia himself. His election was bought with pr
  ok   #25 L4.content_html [MEDIUM] F9: there were no 'Spanish votes' to owe; the decisive backing came from Ascanio Sforza and the Italian cardin
  ok   #26 L4.content_html [MEDIUM] F11: Madrid anachronism; Madrid did not become the seat of the Spanish court until 1561.
  ok   #27 L4.exam_tip_html [HIGH] F1/F4: no SPaG on this paper; the consequence question is 8 marks.
  ok   #28 L4.practice_questions[1].marks [HIGH] F4: the consequence question is 8 marks, 4 for each consequence.
  ok   #29 L4.practice_questions[1].type [HIGH] F4: the period study sets 'Explain two consequences of...' at 8 marks, 4 for each consequence; this was labell
  ok   #30 L4.practice_questions[3].marks [HIGH] F4: the consequence question is 8 marks, 4 for each consequence.
  ok   #31 L4.practice_questions[3].type [HIGH] F4: the period study sets 'Explain two consequences of...' at 8 marks, 4 for each consequence; this was labell
  PATCH L4: content_html, exam_tip_html, practice_questions
  ok   #32 L5.content_html [MEDIUM] F10: invented examiner claim.
  ok   #33 L5.exam_tip_html [MEDIUM] F10: invented examiner claim.
  ok   #34 L5.flashcard_questions[4].a [MEDIUM] F28: the fourth voyage ran 1502-04, so the four voyages span 1492 to 1504.
  ok   #35 L5.practice_questions[1].marks [HIGH] F4: the consequence question is 8 marks, 4 for each consequence.
  ok   #36 L5.practice_questions[1].type [HIGH] F4: the period study sets 'Explain two consequences of...' at 8 marks, 4 for each consequence; this was labell
  ok   #37 L5.practice_questions[2].marks [HIGH] F4: the consequence question is 8 marks, 4 for each consequence.
  ok   #38 L5.practice_questions[2].type [HIGH] F4: the period study sets 'Explain two consequences of...' at 8 marks, 4 for each consequence; this was labell
  PATCH L5: content_html, exam_tip_html, flashcard_questions, practice_questions
  ok   #39 L6.content_html [MEDIUM] F11: Madrid did not become the seat of the Spanish court until 1561; in this period the court was itinerant.
  ok   #40 L6.content_html [MEDIUM] F11: Madrid anachronism.
  ok   #41 L6.content_html [MEDIUM] F12: Las Casas dated his own change of heart to 1514 and a passage in Ecclesiasticus, not to the 1511 sermon.
  ok   #42 L6.content_html [MEDIUM] F13: the Requerimiento was written and read in Castilian.
  ok   #43 L6.content_html [HIGH] F14: the Requerimiento cited the papal donation, not the Treaty of Tordesillas, which was a bilateral treaty b
  ok   #44 L6.exam_tip_html [MEDIUM] F10: invented examiner claim.
  ok   #45 L6.exam_tip_html [HIGH] F1/F4: no SPaG on this paper; the consequence question is 8 marks.
  ok   #46 L6.flashcard_questions[12].a [MEDIUM] F13: the Requerimiento was in Castilian, not Latin.
  ok   #47 L6.flashcard_questions[13].a [MEDIUM] F30: one idea per card.
  ok   #48 L6.flashcard_questions[13].q [MEDIUM] F30: the old card forced a four-item list answer, which the validator rejects.
  ok   #49 L6.practice_questions[1].marks [HIGH] F4: the consequence question is 8 marks, 4 for each consequence.
  ok   #50 L6.practice_questions[1].type [HIGH] F4: the period study sets 'Explain two consequences of...' at 8 marks, 4 for each consequence; this was labell
  ok   #51 L6.practice_questions[2].marks [HIGH] F4: the consequence question is 8 marks, 4 for each consequence.
  ok   #52 L6.practice_questions[2].type [HIGH] F4: the period study sets 'Explain two consequences of...' at 8 marks, 4 for each consequence; this was labell
  ok   #53 L6.practice_questions[5].marks [MEDIUM] F11/F13/F22: Madrid anachronism and residual factual slips in indicative content.
  PATCH L6: content_html, exam_tip_html, flashcard_questions, practice_questions
  ok   #54 L7.content_html [HIGH] F15: the Pacific crossing ran 28 November 1520 to 6 March 1521 - 99 days. 99 weeks would be almost two years.
  ok   #55 L7.content_html [MEDIUM] F16: Baracoa (founded 1511) was the first Spanish settlement and first capital of Cuba.
  ok   #56 L7.content_html [MEDIUM] F10: invented examiner claim.
  ok   #57 L7.exam_tip_html [MEDIUM] F10: invented examiner claim.
  ok   #58 L7.exam_tip_html [HIGH] F1: this paper carries no SPaG marks.
  ok   #59 L7.glossary_terms[2].definition [MEDIUM] F16: Baracoa (1511) was Cuba's first Spanish settlement and first capital.
  ok   #60 L7.practice_questions[1].marks [HIGH] F4: the consequence question is 8 marks, 4 for each consequence.
  ok   #61 L7.practice_questions[1].type [HIGH] F4: the period study sets 'Explain two consequences of...' at 8 marks, 4 for each consequence; this was labell
  ok   #62 L7.practice_questions[2].marks [HIGH] F4: the consequence question is 8 marks, 4 for each consequence.
  ok   #63 L7.practice_questions[2].type [HIGH] F4: the period study sets 'Explain two consequences of...' at 8 marks, 4 for each consequence; this was labell
  ok   #64 L7.practice_questions[5].marks [MEDIUM] F31: Spain did not settle the Philippines until Legazpi's expedition of 1565.
  PATCH L7: content_html, exam_tip_html, glossary_terms, practice_questions
  ok   #65 L8.content_html [MEDIUM] F17: Montezuma died on 29 June 1520, the day before the escape of 30 June, not during it.
  ok   #66 L8.content_html [MEDIUM] F10: invented examiner claim.
  ok   #67 L8.content_html [MEDIUM] F11: Madrid anachronism.
  ok   #68 L8.exam_tip_html [HIGH] F18: there is no 16-mark judgement question on this paper. The period study is 32 marks: 8 + 8 + 16.
  ok   #69 L8.exam_tip_html [HIGH] F1: this paper carries no SPaG marks.
  ok   #70 L8.flashcard_questions[13].a [MEDIUM] F30: the old answer was a four-item comma list.
  ok   #71 L8.flashcard_questions[1].a [MEDIUM] F30: one idea per card.
  ok   #72 L8.flashcard_questions[1].q [MEDIUM] F30: the old card asked for three figures and forced a list answer.
  ok   #73 L8.practice_questions[1].marks [HIGH] F4: the consequence question is 8 marks, 4 for each consequence.
  ok   #74 L8.practice_questions[1].type [HIGH] F4: the period study sets 'Explain two consequences of...' at 8 marks, 4 for each consequence; this was labell
  ok   #75 L8.practice_questions[2].marks [HIGH] F4: the consequence question is 8 marks, 4 for each consequence.
  ok   #76 L8.practice_questions[2].type [HIGH] F4: the period study sets 'Explain two consequences of...' at 8 marks, 4 for each consequence; this was labell
  PATCH L8: content_html, exam_tip_html, flashcard_questions, practice_questions
  ok   #77 L9.content_html [MEDIUM] F19: the appointment decree was signed in October 1522 and took effect in 1523; 'October 1523' is a conflation
  ok   #78 L9.content_html [MEDIUM] F11: Madrid anachronism.
  ok   #79 L9.content_html [MEDIUM] F11: Madrid anachronism.
  ok   #80 L9.content_html [MEDIUM] F11: Madrid anachronism.
  ok   #81 L9.exam_tip_html [HIGH] F4: the consequence question is 8 marks, not 4.
  ok   #82 L9.exam_tip_html [HIGH] F1: this paper carries no SPaG marks.
  ok   #83 L9.flashcard_questions[10].a [MEDIUM] F30: one idea per card.
  ok   #84 L9.flashcard_questions[10].q [MEDIUM] F30: a 'name three' question forces a list answer, which the validator rejects.
  ok   #85 L9.flashcard_questions[7].a [MEDIUM] F11: Madrid anachronism.
  ok   #86 L9.glossary_terms[3].definition [MEDIUM] F11: Madrid anachronism.
  ok   #87 L9.practice_questions[0].marks [HIGH] F4: the consequence question is 8 marks, 4 for each consequence.
  ok   #88 L9.practice_questions[0].type [HIGH] F4: the period study sets 'Explain two consequences of...' at 8 marks, 4 for each consequence; this was labell
  ok   #89 L9.practice_questions[1].marks [HIGH] F4: the consequence question is 8 marks, 4 for each consequence.
  ok   #90 L9.practice_questions[1].type [HIGH] F4: the period study sets 'Explain two consequences of...' at 8 marks, 4 for each consequence; this was labell
  ok   #91 L9.practice_questions[4].marks [MEDIUM] F11/F13/F22: Madrid anachronism and residual factual slips in indicative content.
  ok   #92 L9.practice_questions[5].marks [MEDIUM] F11/F13/F22: Madrid anachronism and residual factual slips in indicative content.
  ok   #135 L9.content_html [MEDIUM] F33 ruling: hedge the superlative; the 700-man count left as a NOTE.
  PATCH L9: content_html, exam_tip_html, flashcard_questions, glossary_terms, practice_questions
  ok   #93 L10.content_html [MEDIUM] F20: 168 men and 62 horses is the force at Cajamarca; the third expedition left Panama in December 1530 with a
  ok   #94 L10.content_html [LOW] F21: the sentence as written reads 'reinforcements arrived from ... Manco Inca's Indigenous enemies switched s
  ok   #95 L10.content_html [MEDIUM] F22: Huascar was captured at Quipaipan, then killed on Atahualpa's orders while Atahualpa was already Pizarro'
  ok   #96 L10.content_html [MEDIUM] F11: Madrid anachronism.
  ok   #97 L10.exam_tip_html [HIGH] F1: this paper carries no SPaG marks.
  ok   #98 L10.flashcard_questions[13].a [MEDIUM] F30: the old answer was a four-item comma list.
  ok   #99 L10.glossary_terms[1].definition [MEDIUM] F22: Huascar was captured, not killed, in the civil war; he was killed later on Atahualpa's orders.
  ok   #100 L10.practice_questions[0].marks [HIGH] F4: the consequence question is 8 marks, 4 for each consequence.
  ok   #101 L10.practice_questions[0].type [HIGH] F4: the period study sets 'Explain two consequences of...' at 8 marks, 4 for each consequence; this was labell
  ok   #102 L10.practice_questions[1].marks [HIGH] F4: the consequence question is 8 marks, 4 for each consequence.
  ok   #103 L10.practice_questions[1].type [HIGH] F4: the period study sets 'Explain two consequences of...' at 8 marks, 4 for each consequence; this was labell
  ok   #104 L10.practice_questions[4].marks [MEDIUM] F11/F13/F22: Madrid anachronism and residual factual slips in indicative content.
  ok   #105 L10.practice_questions[5].marks [MEDIUM] F11/F13/F22: Madrid anachronism and residual factual slips in indicative content.
  PATCH L10: content_html, exam_tip_html, flashcard_questions, glossary_terms, practice_questions
  ok   #106 L11.conclusion_html [MEDIUM] F11/F23: Madrid anachronism and rebellion dating.
  ok   #107 L11.content_html [MEDIUM] F11: Madrid anachronism.
  ok   #108 L11.content_html [MEDIUM] F23: the rebellion ran from 1544 to 1548; 1546 is the year the viceroy was killed.
  ok   #109 L11.content_html [MEDIUM] F11/F23: Madrid anachronism, and the inheritance clause was revoked in October 1545.
  ok   #110 L11.content_html [MEDIUM] F11/F23: Madrid anachronism and rebellion dating.
  ok   #111 L11.exam_tip_html [HIGH] F1/F4: no SPaG on this paper; the consequence question is 8 marks.
  ok   #112 L11.flashcard_questions[9].a [MEDIUM] F30: one idea per card.
  ok   #113 L11.flashcard_questions[9].q [MEDIUM] F30: a 'name two' question forces a list answer.
  ok   #114 L11.practice_questions[0].marks [HIGH] F4: the consequence question is 8 marks, 4 for each consequence.
  ok   #115 L11.practice_questions[0].type [HIGH] F4: the period study sets 'Explain two consequences of...' at 8 marks, 4 for each consequence; this was labell
  ok   #116 L11.practice_questions[1].marks [HIGH] F4: the consequence question is 8 marks, 4 for each consequence.
  ok   #117 L11.practice_questions[1].type [HIGH] F4: the period study sets 'Explain two consequences of...' at 8 marks, 4 for each consequence; this was labell
  ok   #118 L11.practice_questions[4].marks [MEDIUM] F11/F13/F22: Madrid anachronism and residual factual slips in indicative content.
  ok   #119 L11.practice_questions[5].marks [MEDIUM] F11/F13/F22: Madrid anachronism and residual factual slips in indicative content.
  PATCH L11: conclusion_html, content_html, exam_tip_html, flashcard_questions, practice_questions
  ok   #120 L12.content_html [MEDIUM] F24: the Council of the Indies sat with the royal court, not in Seville. Only the Casa de Contratacion was in 
  ok   #121 L12.content_html [MEDIUM] F24: restores the fact that Seville housed the Casa de Contratacion.
  ok   #122 L12.content_html [MEDIUM] F25: the Dutch revolt began in the later 1560s, a decade after Charles V abdicated in 1556.
  ok   #123 L12.content_html [MEDIUM] F26: 'Atlanticised' is put in quotation marks as Elliott's own coinage but cannot be sourced to him.
  ok   #124 L12.content_html [MEDIUM] F11: Madrid anachronism.
  ok   #125 L12.content_html [MEDIUM] F27: Manila was not founded until 1571, so the empire did not stretch to it in 1556.
  ok   #126 L12.exam_tip_html [HIGH] F4: the consequence question is 8 marks, not 4.
  ok   #127 L12.exam_tip_html [HIGH] F1: this paper carries no SPaG marks.
  ok   #128 L12.flashcard_questions[9].a [MEDIUM] F24: the Council did not sit in Madrid in this period.
  ok   #129 L12.knowledge_checks[4].right[1] [MEDIUM] F24: the Council of the Indies followed the court; Madrid became the capital only in 1561.
  ok   #130 L12.practice_questions[0].marks [HIGH] F4: the consequence question is 8 marks, 4 for each consequence.
  ok   #131 L12.practice_questions[0].type [HIGH] F4: the period study sets 'Explain two consequences of...' at 8 marks, 4 for each consequence; this was labell
  ok   #132 L12.practice_questions[1].marks [HIGH] F4: the consequence question is 8 marks, 4 for each consequence.
  ok   #133 L12.practice_questions[1].type [HIGH] F4: the period study sets 'Explain two consequences of...' at 8 marks, 4 for each consequence; this was labell
  ok   #134 L12.practice_questions[3].marks [MEDIUM] F11/F13/F22: Madrid anachronism and residual factual slips in indicative content.
  PATCH L12: content_html, exam_tip_html, flashcard_questions, knowledge_checks, practice_questions
=== 136 applied, 0 skipped, 12 lessons / 49 fields changed
