
=== RE-NARRATION (changed narrated text only) ===
backup: C:\Users\tshau\Documents\Study Vault\scripts\_retrofc\units\history-edexcel__spain-new-world\_backup.json
unit:   history-edexcel / spain-new-world
run: 2026-09-06T02:12:14Z  mode: LIVE

12 lessons, 48 clips to regenerate

  L01 (Ollie)  Spain in 1490: Crusading Spirit and Foreign Ambitions
      n5: Ferdinand and Isabella were known as the Reyes Católicos (the ‘Catholic Monarchs’) — a title later confirmed b
             -> 516 KB, 44.0s, uploaded
      n17: For an 8-mark Explain the Importance question on the crusading spirit, treat it as a CAUSE you chain forward, 
             -> 444 KB, 37.9s, uploaded
      manifest updated (21 entries)
  L02 (Ada)  Columbus's Sponsorship and the First Voyage of 1492
      n16: The original journal of Columbus is lost. What survives is a heavy abstract by Bartolomé de las Casas (writing
             -> 396 KB, 33.8s, uploaded
      n19: For an 8-mark Explain the Importance question on Isabella’s decision to sponsor Columbus, do not flatten her m
             -> 438 KB, 37.4s, uploaded
      manifest updated (23 entries)
  L03 (Ollie)  Columbus Reaches the Americas: Tainos, Caribs and La Navidad
      n2: In the early hours of 12 October 1492 a lookout on the Pinta sighted the white cliffs of an island in the Baha
             -> 475 KB, 40.5s, uploaded
      n5: The peoples Columbus encountered were not one group. The Tainos were Arawak-speaking, lived in the Bahamas and
             -> 404 KB, 34.5s, uploaded
      n7: No. Indigenous peoples had lived in the Americas for at least 15,000 years, and Norse seafarers under Leif Eri
             -> 340 KB, 29.0s, uploaded
      n14: Reconstructing Taino views is hard because almost no Taino-language sources survive. Later writers like Bartol
             -> 383 KB, 32.7s, uploaded
      n18: For 8-mark Explain the Importance questions on the founding of La Navidad, anchor your answer in named consequ
             -> 436 KB, 37.2s, uploaded
      manifest updated (22 entries)
  L04 (Ada)  The Treaty of Tordesillas and Rivalry with Portugal
      n2: When Columbus sailed into Lisbon harbour on his return voyage in March 1493, King John II of Portugal was wait
             -> 478 KB, 40.8s, uploaded
      n5: Ferdinand and Isabella moved fast. Their man in Rome was Rodrigo Borgia, who had become Pope Alexander VI just
             -> 545 KB, 46.5s, uploaded
      n10: Alexander VI — Rodrigo Borgia — was Spanish-born from Valencia. He had secured his election in 1492 with promi
             -> 440 KB, 37.5s, uploaded
      n17: It is worth ending on the limits of Tordesillas. France’s King Francis I famously demanded to see ‘the clause 
             -> 486 KB, 41.5s, uploaded
      n18: For an 8-mark Explain the Importance question on the Treaty of Tordesillas, treat it as a CAUSE not a date. To
             -> 451 KB, 38.5s, uploaded
      manifest updated (22 entries)
  L05 (Ollie)  Santo Domingo, Smallpox and the Caribbean Settlements
      n13: For the Tainos of Hispaniola, the consequences of Spanish settlement were catastrophic. Forced labour to find 
             -> 507 KB, 43.2s, uploaded
      n22: For 8-mark Explain the Importance questions, the Caribbean settlements matter because they set the model Spain
             -> 459 KB, 39.2s, uploaded
      manifest updated (26 entries)
  L06 (Ada)  Imperial Policy: Trade Monopoly, Slavery and the Missionaries
      n2: By 1503 Spain had been in the Caribbean for a decade. La Navidad had failed, Santo Domingo had been founded, C
             -> 590 KB, 50.4s, uploaded
      n11: In practice, on Hispaniola, the encomienda was almost indistinguishable from slavery. But in Spanish law it wa
             -> 552 KB, 47.1s, uploaded
      n18: It was the first public Spanish protest against the treatment of Indigenous peoples in the Americas. Montesino
             -> 305 KB, 26.0s, uploaded
      n20: If the missionaries were the moral pillar of empire, the Requerimiento was its legal trapdoor. Drafted in 1513
             -> 411 KB, 35.1s, uploaded
      n25: For 8-mark Explain the Importance questions on imperial policy, the strongest answers show the parts of the sy
             -> 474 KB, 40.4s, uploaded
      manifest updated (29 entries)
  L07 (Ollie)  The Conquistadors Begin: Balboa, Cuba and Magellan
      n15: Magellan sailed from Seville on 10 August 1519 with five ships and around 270 men. After mutinies, ice storms 
             -> 350 KB, 29.9s, uploaded
      n20: It is easy to fall into writing three mini-paragraphs as if Balboa, Cuba and Magellan were unrelated. They are
             -> 419 KB, 35.8s, uploaded
      n21: For 8-mark Analytical Narrative questions on the early conquistadors, the weak answer reads like a chronologic
             -> 501 KB, 42.7s, uploaded
      manifest updated (25 entries)
  L08 (Ada)  Cortes and the Conquest of Mexico
      n12: A full Aztec uprising broke out. On the night of 30 June 1520 — remembered by the Spanish as La Noche Triste ,
             -> 428 KB, 36.5s, uploaded
      n19: The strongest answers weigh several factors against each other rather than collapsing the conquest into one ca
             -> 513 KB, 43.8s, uploaded
      n21: Cortes was made first Governor and Captain-General of New Spain in 1523, but the Crown distrusted independent 
             -> 364 KB, 31.1s, uploaded
      n22: This period study sets no judgement essay: the questions are two consequence parts, an analytical narrative, a
             -> 544 KB, 46.4s, uploaded
      manifest updated (26 entries)
  L09 (Ollie)  Cortes as Governor and the Spanish Base at Panama
      n2: Tenochtitlan had fallen on 13 August 1521. Two years later, in 1523, Emperor Charles V appointed Hernan Cortes
             -> 387 KB, 33.0s, uploaded
      n3: Key Fact . Cortes ruled New Spain as Governor and Captain-General from 1523 to 1528. Charles V then recalled h
             -> 186 KB, 15.8s, uploaded
      n13: For the Mexica and the wider Nahua world, the consequences of conquest unfolded on several timescales. The imm
             -> 618 KB, 52.8s, uploaded
      n19: The consequence question is worth 8 marks, four for each consequence. The trap here is staying in the immediat
             -> 662 KB, 56.5s, uploaded
      manifest updated (23 entries)
  L10 (Ada)  Pizarro and the Conquest of the Incas
      n9: Pizarro sailed from Panama in December 1530 with about 180 men, 27 horses and a handful of cannon. By the time
             -> 541 KB, 46.1s, uploaded
      n17: The puppet, however, did not stay quiet. In 1536 Manco Inca slipped out of Cuzco and raised an army of perhaps
             -> 575 KB, 49.1s, uploaded
      n20: The conquest of Peru gave Spain a second continental empire to match New Spain. The Andean economy was reorgan
             -> 508 KB, 43.3s, uploaded
      n22: For 8-mark Analytical Narrative questions on the conquest of Peru, the trap is writing chronological descripti
             -> 594 KB, 50.7s, uploaded
      manifest updated (26 entries)
  L11 (Ollie)  Viceroys, Encomiendas, Las Casas and the New Laws
      n2: By the early 1530s Spain controlled an empire so large that no single governor could oversee it from Spain. Th
             -> 634 KB, 54.1s, uploaded
      n13: The Conquistador Rebellion in Peru, 1544–48
             -> 67 KB, 5.7s, uploaded
      n14: The encomenderos in the Americas reacted with fury. The most violent reaction came in Peru. Blasco Nunez Vela 
             -> 637 KB, 54.4s, uploaded
      n15: Key Fact . The New Laws of 1542 banned outright enslavement of Indigenous peoples, banned new encomiendas, and
             -> 276 KB, 23.6s, uploaded
      n19: For 8-mark Explain the Importance questions on the New Laws, the trap is treating them as a simple success or 
             -> 573 KB, 48.9s, uploaded
      n23: The conquistador rebellion in Peru (1544–48) — led by Gonzalo Pizarro, whose men killed Viceroy Nunez Vela in 
             -> 247 KB, 21.1s, uploaded
      manifest updated (23 entries)
  L12 (Ada)  Silver, the Slave Trade and the Government of Empire
      n9: By the 1550s, treasure fleets called flotas sailed from Cartagena and Havana to Seville under armed escort. Th
             -> 670 KB, 57.2s, uploaded
      n14: Silver was not the only American product reshaping Spain. Sugar from the Caribbean plantations and tobacco fro
             -> 547 KB, 46.7s, uploaded
      n16: By 1555 the Spanish empire had a working architecture. At the top sat the king. Underneath him sat the Council
             -> 490 KB, 41.9s, uploaded
      n17: Below these Spanish institutions sat the colonial layer: viceroys (New Spain from 1535, Peru from 1542), audie
             -> 486 KB, 41.5s, uploaded
      n19: By Charles V’s abdication in 1556, the Spanish Empire stretched from Mexico City to La Paz, from Havana out to
             -> 629 KB, 53.7s, uploaded
      n20: For 8-mark Explain the Importance questions on silver, weigh both wealth (Potosi’s 60% of world silver, the qu
             -> 600 KB, 51.2s, uploaded
      manifest updated (24 entries)

Regenerated 48 clips.

=== VERIFY (ranged GET + freshness) ===
  206  L01 n5  bytes 0-3/528480  Last-Modified: Sun, 06 Sep 2026 02:12:27 GMT  mp3-sync=OK
  206  L01 n17  bytes 0-3/454752  Last-Modified: Sun, 06 Sep 2026 02:12:34 GMT  mp3-sync=OK
  206  L02 n16  bytes 0-3/405504  Last-Modified: Sun, 06 Sep 2026 02:12:42 GMT  mp3-sync=OK
  206  L02 n19  bytes 0-3/448704  Last-Modified: Sun, 06 Sep 2026 02:12:51 GMT  mp3-sync=OK
  206  L03 n2  bytes 0-3/486432  Last-Modified: Sun, 06 Sep 2026 02:13:01 GMT  mp3-sync=OK
  206  L03 n5  bytes 0-3/414144  Last-Modified: Sun, 06 Sep 2026 02:13:09 GMT  mp3-sync=OK
  206  L03 n7  bytes 0-3/348480  Last-Modified: Sun, 06 Sep 2026 02:13:16 GMT  mp3-sync=OK
  206  L03 n14  bytes 0-3/391968  Last-Modified: Sun, 06 Sep 2026 02:13:23 GMT  mp3-sync=OK
  206  L03 n18  bytes 0-3/446688  Last-Modified: Sun, 06 Sep 2026 02:13:31 GMT  mp3-sync=OK
  206  L04 n2  bytes 0-3/489024  Last-Modified: Sun, 06 Sep 2026 02:13:41 GMT  mp3-sync=OK
  206  L04 n5  bytes 0-3/557856  Last-Modified: Sun, 06 Sep 2026 02:13:52 GMT  mp3-sync=OK
  206  L04 n10  bytes 0-3/450432  Last-Modified: Sun, 06 Sep 2026 02:14:00 GMT  mp3-sync=OK
  206  L04 n17  bytes 0-3/497664  Last-Modified: Sun, 06 Sep 2026 02:14:09 GMT  mp3-sync=OK
  206  L04 n18  bytes 0-3/461376  Last-Modified: Sun, 06 Sep 2026 02:14:18 GMT  mp3-sync=OK
  206  L05 n13  bytes 0-3/518976  Last-Modified: Sun, 06 Sep 2026 02:14:27 GMT  mp3-sync=OK
  206  L05 n22  bytes 0-3/470304  Last-Modified: Sun, 06 Sep 2026 02:14:36 GMT  mp3-sync=OK
  206  L06 n2  bytes 0-3/604224  Last-Modified: Sun, 06 Sep 2026 02:14:47 GMT  mp3-sync=OK
  206  L06 n11  bytes 0-3/565056  Last-Modified: Sun, 06 Sep 2026 02:14:56 GMT  mp3-sync=OK
  206  L06 n18  bytes 0-3/312192  Last-Modified: Sun, 06 Sep 2026 02:15:03 GMT  mp3-sync=OK
  206  L06 n20  bytes 0-3/421344  Last-Modified: Sun, 06 Sep 2026 02:15:10 GMT  mp3-sync=OK
  206  L06 n25  bytes 0-3/484992  Last-Modified: Sun, 06 Sep 2026 02:15:17 GMT  mp3-sync=OK
  206  L07 n15  bytes 0-3/358272  Last-Modified: Sun, 06 Sep 2026 02:15:24 GMT  mp3-sync=OK
  206  L07 n20  bytes 0-3/429408  Last-Modified: Sun, 06 Sep 2026 02:15:31 GMT  mp3-sync=OK
  206  L07 n21  bytes 0-3/512928  Last-Modified: Sun, 06 Sep 2026 02:15:41 GMT  mp3-sync=OK
  206  L08 n12  bytes 0-3/437760  Last-Modified: Sun, 06 Sep 2026 02:15:49 GMT  mp3-sync=OK
  206  L08 n19  bytes 0-3/525024  Last-Modified: Sun, 06 Sep 2026 02:15:59 GMT  mp3-sync=OK
  206  L08 n21  bytes 0-3/373248  Last-Modified: Sun, 06 Sep 2026 02:16:06 GMT  mp3-sync=OK
  206  L08 n22  bytes 0-3/556992  Last-Modified: Sun, 06 Sep 2026 02:16:17 GMT  mp3-sync=OK
  206  L09 n2  bytes 0-3/396576  Last-Modified: Sun, 06 Sep 2026 02:16:26 GMT  mp3-sync=OK
  206  L09 n3  bytes 0-3/190080  Last-Modified: Sun, 06 Sep 2026 02:16:30 GMT  mp3-sync=OK
  206  L09 n13  bytes 0-3/633024  Last-Modified: Sun, 06 Sep 2026 02:16:42 GMT  mp3-sync=OK
  206  L09 n19  bytes 0-3/677952  Last-Modified: Sun, 06 Sep 2026 02:16:55 GMT  mp3-sync=OK
  206  L10 n9  bytes 0-3/553824  Last-Modified: Sun, 06 Sep 2026 02:17:06 GMT  mp3-sync=OK
  206  L10 n17  bytes 0-3/588672  Last-Modified: Sun, 06 Sep 2026 02:17:18 GMT  mp3-sync=OK
  206  L10 n20  bytes 0-3/520128  Last-Modified: Sun, 06 Sep 2026 02:17:29 GMT  mp3-sync=OK
  206  L10 n22  bytes 0-3/608256  Last-Modified: Sun, 06 Sep 2026 02:17:40 GMT  mp3-sync=OK
  206  L11 n2  bytes 0-3/649728  Last-Modified: Sun, 06 Sep 2026 02:17:53 GMT  mp3-sync=OK
  206  L11 n13  bytes 0-3/68544  Last-Modified: Sun, 06 Sep 2026 02:17:55 GMT  mp3-sync=OK
  206  L11 n14  bytes 0-3/652320  Last-Modified: Sun, 06 Sep 2026 02:18:07 GMT  mp3-sync=OK
  206  L11 n15  bytes 0-3/282816  Last-Modified: Sun, 06 Sep 2026 02:18:13 GMT  mp3-sync=OK
  206  L11 n19  bytes 0-3/586656  Last-Modified: Sun, 06 Sep 2026 02:18:23 GMT  mp3-sync=OK
  206  L11 n23  bytes 0-3/253152  Last-Modified: Sun, 06 Sep 2026 02:18:29 GMT  mp3-sync=OK
  206  L12 n9  bytes 0-3/686304  Last-Modified: Sun, 06 Sep 2026 02:18:41 GMT  mp3-sync=OK
  206  L12 n14  bytes 0-3/560448  Last-Modified: Sun, 06 Sep 2026 02:18:51 GMT  mp3-sync=OK
  206  L12 n16  bytes 0-3/502272  Last-Modified: Sun, 06 Sep 2026 02:19:07 GMT  mp3-sync=OK
  206  L12 n17  bytes 0-3/497376  Last-Modified: Sun, 06 Sep 2026 02:19:15 GMT  mp3-sync=OK
  206  L12 n19  bytes 0-3/644544  Last-Modified: Sun, 06 Sep 2026 02:19:27 GMT  mp3-sync=OK
  206  L12 n20  bytes 0-3/614592  Last-Modified: Sun, 06 Sep 2026 02:19:39 GMT  mp3-sync=OK

48/48 clips verified HTTP 200/206 with fresh audio.
