
=== RE-NARRATION (changed narrated text only) ===
backup: C:\Users\tshau\Documents\Study Vault\scripts\_retrofc\units\english-literature-aqa__princess-and-the-hustler\_backup.json
unit:   english-literature-aqa / princess-and-the-hustler
run: 2026-09-02T04:04:28Z  mode: LIVE

7 lessons, 36 clips to regenerate

  L01 (Ollie)  Context: 1960s Bristol & the Bus Boycott
      n3: Key Fact . Chinonyerem Odimba sets Princess & The Hustler in Bristol, from Christmas Day 1962 through the boyc
             -> 205 KB, 17.5s, uploaded
      n7: April 1963 . The Refusal Guy Bailey is rejected for a bus conductor role. The West Indian Development Council,
             -> 656 KB, 55.9s, uploaded
      manifest updated (29 entries)
  L02 (Ada)  Act 1: The Family & the Dream
      n2: Princess & The Hustler opens with a sense of energy and warmth. We meet Princess, a ten-year-old girl with a v
             -> 526 KB, 44.9s, uploaded
      n3: Key Fact . Princess’s staged imagination sequences give the audience her child’s-eye view of events. Her voice
             -> 171 KB, 14.6s, uploaded
      n4: Princess’s imagination is central to the play’s structure. Odimba does not break the fourth wall : Princess is
             -> 311 KB, 26.6s, uploaded
      n12: Wendell is the play’s title character — “the hustler.” He is charismatic, ambitious, and full of energy. His h
             -> 429 KB, 36.6s, uploaded
      n14: Key Fact . The word “hustler” carries a double meaning in the play. It represents resourcefulness and refusal 
             -> 321 KB, 27.4s, uploaded
      n26: Setting: St Pauls, Bristol, from Christmas Day 1962 into 1963. A cramped but loved home. The sounds of the nei
             -> 170 KB, 14.5s, uploaded
      n31: When analysing Act 1, focus on Odimba’s dramatic methods — how she uses Princess’s imagination sequences, the 
             -> 224 KB, 19.1s, uploaded
      n34: Princess’s staged imagination sequences are central dramatic devices that shape how the audience experiences t
             -> 85 KB, 7.2s, uploaded
      manifest updated (35 entries)
  L03 (Ollie)  Act 2: The Boycott & Resistance
      n14: Odimba keeps the cast small, so the wider community is talked about rather than staged. The only white charact
             -> 332 KB, 28.3s, uploaded
      n30: Margot , a white working-class neighbour, emerges as a significant figure. Initially sceptical of the boycott 
             -> 276 KB, 23.6s, uploaded
      manifest updated (37 entries)
  L04 (Ada)  Act 3: Resolution & Hope
      n_crisis2: Act 3's central dramatic crisis occurs before the boycott resolution: Princess goes missing after enduring rac
             -> 294 KB, 25.1s, uploaded
      n_crisis3: This episode directly enables Mavis's affirmation of Princess's Black identity and beauty that follows. Margot
             -> 288 KB, 24.6s, uploaded
      n14: The play’s ending belongs to Princess. A month after the boycott succeeds, she has Wendell dress as a woman an
             -> 359 KB, 30.6s, uploaded
      n15: Key Fact . The final scene works as an epilogue . It jumps a month past the boycott and shows Princess crowned
             -> 160 KB, 13.6s, uploaded
      n17: Cyclical structure: The play ends as it began — with Princess crowned in a pageant fantasy. This creates a sat
             -> 126 KB, 10.8s, uploaded
      manifest updated (35 entries)
  L05 (Ollie)  Character Analysis
      n2: Princess is the play’s protagonist . At ten years old, she sits between childhood innocence and growing awaren
             -> 194 KB, 16.5s, uploaded
      n6: Observation: Princess notices details adults overlook. Her perspective defamiliarises racism, making the audie
             -> 110 KB, 9.4s, uploaded
      n15: Relationship with Wendell: He walked out ten years ago and fathered Lorna with another woman. Mavis threatens 
             -> 163 KB, 13.9s, uploaded
      n17: Wendell is charismatic, ambitious, and restless. His energy fills every scene he enters. The title “hustler” i
             -> 459 KB, 39.2s, uploaded
      n27: Odimba writes a small cast. Beyond the family there are only two supporting characters : Margot, Mavis’s white
             -> 191 KB, 16.3s, uploaded
      n30: They demonstrate solidarity: Leon marches with Junior, and Margot shelters Princess when she runs away. Help c
             -> 112 KB, 9.5s, uploaded
      n31: They keep the scale intimate: The real organisers — Paul Stephenson, Roy Hackett and the rest — never appear. 
             -> 132 KB, 11.3s, uploaded
      n_margot2: Margot is a white working-class neighbour who represents the white community's conflicted engagement with the 
             -> 316 KB, 27.0s, uploaded
      manifest updated (41 entries)
  L06 (Ada)  Structure, Staging & Language
      n5: Cyclical framing: The play begins and ends with Princess crowned in a beauty-pageant fantasy. This creates a s
             -> 144 KB, 12.3s, uploaded
      n6: Dual timelines: Realistic family scenes alternate with Princess’s staged fantasy sequences, creating two paral
             -> 118 KB, 10.1s, uploaded
      n7: Episodic scenes: Rather than continuous action, the play uses short scenes with gaps of weeks or months betwee
             -> 134 KB, 11.4s, uploaded
      n8: Small cast: Only seven characters appear. The boycott arrives as news carried into the flat, which keeps the p
             -> 104 KB, 8.8s, uploaded
      n15: Costume and period detail: 1960s clothes and props fix the action in 1962–63 and mark the shift between home a
             -> 117 KB, 10.0s, uploaded
      n21: Princess’s voice: Her speech has a distinctive register — childlike but perceptive, simple in vocabulary but c
             -> 210 KB, 17.9s, uploaded
      n35: Non-naturalistic staging: The episodic structure and the fantasy sequences, with voice-over and spectacle, bre
             -> 110 KB, 9.4s, uploaded
      n42: Language — especially code-switching, Caribbean dialect, and Princess’s childlike register — is a key site of 
             -> 105 KB, 8.9s, uploaded
      manifest updated (42 entries)
  L07 (Ollie)  Key Themes
      n17: Community as extended family: Margot the neighbour and Leon, Junior’s friend, act as extended family. Caribbea
             -> 153 KB, 13.1s, uploaded
      n24: Odimba keeps cross-racial solidarity small and personal. The only white character is Margot, who will not supp
             -> 198 KB, 16.9s, uploaded
      n26: Without erasing difference: The one white character is present but never centred. The story remains focused on
             -> 112 KB, 9.6s, uploaded
      manifest updated (38 entries)

Regenerated 36 clips.

=== VERIFY (ranged GET + freshness) ===
  206  L01 n3  bytes 0-3/209952  Last-Modified: Wed, 02 Sep 2026 04:04:34 GMT  mp3-sync=OK
  206  L01 n7  bytes 0-3/671328  Last-Modified: Wed, 02 Sep 2026 04:04:45 GMT  mp3-sync=OK
  206  L02 n2  bytes 0-3/538560  Last-Modified: Wed, 02 Sep 2026 04:04:54 GMT  mp3-sync=OK
  206  L02 n3  bytes 0-3/175392  Last-Modified: Wed, 02 Sep 2026 04:04:57 GMT  mp3-sync=OK
  206  L02 n4  bytes 0-3/318816  Last-Modified: Wed, 02 Sep 2026 04:05:03 GMT  mp3-sync=OK
  206  L02 n12  bytes 0-3/439776  Last-Modified: Wed, 02 Sep 2026 04:05:09 GMT  mp3-sync=OK
  206  L02 n14  bytes 0-3/328896  Last-Modified: Wed, 02 Sep 2026 04:05:14 GMT  mp3-sync=OK
  206  L02 n26  bytes 0-3/174528  Last-Modified: Wed, 02 Sep 2026 04:05:17 GMT  mp3-sync=OK
  206  L02 n31  bytes 0-3/229536  Last-Modified: Wed, 02 Sep 2026 04:05:21 GMT  mp3-sync=OK
  206  L02 n34  bytes 0-3/86976  Last-Modified: Wed, 02 Sep 2026 04:05:22 GMT  mp3-sync=OK
  206  L03 n14  bytes 0-3/339552  Last-Modified: Wed, 02 Sep 2026 04:05:28 GMT  mp3-sync=OK
  206  L03 n30  bytes 0-3/283104  Last-Modified: Wed, 02 Sep 2026 04:05:32 GMT  mp3-sync=OK
  206  L04 n_crisis2  bytes 0-3/300960  Last-Modified: Wed, 02 Sep 2026 04:05:37 GMT  mp3-sync=OK
  206  L04 n_crisis3  bytes 0-3/294912  Last-Modified: Wed, 02 Sep 2026 04:05:41 GMT  mp3-sync=OK
  206  L04 n14  bytes 0-3/367488  Last-Modified: Wed, 02 Sep 2026 04:05:47 GMT  mp3-sync=OK
  206  L04 n15  bytes 0-3/163584  Last-Modified: Wed, 02 Sep 2026 04:05:50 GMT  mp3-sync=OK
  206  L04 n17  bytes 0-3/129024  Last-Modified: Wed, 02 Sep 2026 04:05:53 GMT  mp3-sync=OK
  206  L05 n2  bytes 0-3/198432  Last-Modified: Wed, 02 Sep 2026 04:05:56 GMT  mp3-sync=OK
  206  L05 n6  bytes 0-3/112896  Last-Modified: Wed, 02 Sep 2026 04:05:58 GMT  mp3-sync=OK
  206  L05 n15  bytes 0-3/167040  Last-Modified: Wed, 02 Sep 2026 04:06:01 GMT  mp3-sync=OK
  206  L05 n17  bytes 0-3/470304  Last-Modified: Wed, 02 Sep 2026 04:06:08 GMT  mp3-sync=OK
  206  L05 n27  bytes 0-3/195840  Last-Modified: Wed, 02 Sep 2026 04:06:11 GMT  mp3-sync=OK
  206  L05 n30  bytes 0-3/114336  Last-Modified: Wed, 02 Sep 2026 04:06:13 GMT  mp3-sync=OK
  206  L05 n31  bytes 0-3/135360  Last-Modified: Wed, 02 Sep 2026 04:06:16 GMT  mp3-sync=OK
  206  L05 n_margot2  bytes 0-3/324000  Last-Modified: Wed, 02 Sep 2026 04:06:20 GMT  mp3-sync=OK
  206  L06 n5  bytes 0-3/147456  Last-Modified: Wed, 02 Sep 2026 04:06:23 GMT  mp3-sync=OK
  206  L06 n6  bytes 0-3/120960  Last-Modified: Wed, 02 Sep 2026 04:06:25 GMT  mp3-sync=OK
  206  L06 n7  bytes 0-3/137376  Last-Modified: Wed, 02 Sep 2026 04:06:28 GMT  mp3-sync=OK
  206  L06 n8  bytes 0-3/105984  Last-Modified: Wed, 02 Sep 2026 04:06:30 GMT  mp3-sync=OK
  206  L06 n15  bytes 0-3/120096  Last-Modified: Wed, 02 Sep 2026 04:06:32 GMT  mp3-sync=OK
  206  L06 n21  bytes 0-3/214848  Last-Modified: Wed, 02 Sep 2026 04:06:35 GMT  mp3-sync=OK
  206  L06 n35  bytes 0-3/112896  Last-Modified: Wed, 02 Sep 2026 04:06:37 GMT  mp3-sync=OK
  206  L06 n42  bytes 0-3/107136  Last-Modified: Wed, 02 Sep 2026 04:06:39 GMT  mp3-sync=OK
  206  L07 n17  bytes 0-3/156960  Last-Modified: Wed, 02 Sep 2026 04:06:42 GMT  mp3-sync=OK
  206  L07 n24  bytes 0-3/202752  Last-Modified: Wed, 02 Sep 2026 04:06:45 GMT  mp3-sync=OK
  206  L07 n26  bytes 0-3/115200  Last-Modified: Wed, 02 Sep 2026 04:06:47 GMT  mp3-sync=OK

36/36 clips verified HTTP 200/206 with fresh audio.
