=== APPLY EDITS english-literature-eduqas/romeo-and-juliet  39 edits  LIVE  2026-09-04T02:03:27.513Z
  ok   #0 L1.content_html [MEDIUM] F2: the play was on stage years before the Globe was built in 1599.
  ok   #1 L1.content_html [HIGH] F1: context is not assessed on the Shakespeare question, so it is not 'essential for the exam'. Also removes t
  ok   #2 L1.content_html [HIGH] F3: house rule - never name the board in lesson prose.
  ok   #3 L1.content_html [HIGH] F3: house rule - never name the board in lesson prose.
  ok   #4 L1.exam_tip_html [HIGH] F1: AO4 is accurate writing, not context, and context is not assessed on this section. Also removes the board 
  ok   #5 L1.practice_questions[2].text [MEDIUM] F4: the two cue lines were the wrong way round - 'drag thee on a hurdle' comes before 'Hang thee, young baggag
  PATCH L1: content_html, exam_tip_html, practice_questions
  ok   #6 L2.content_html [HIGH] F3: house rule - never name the board in lesson prose.
  ok   #7 L2.content_html [HIGH] F3: house rule - never name the board in lesson prose.
  ok   #8 L2.exam_tip_html [HIGH] F3: house rule - never name the board in lesson prose.
  PATCH L2: content_html, exam_tip_html
  ok   #9 L3.content_html [MEDIUM] F5: the lesson's own flashcard and the play text read 'name'. The key fact contradicted both.
  ok   #10 L3.content_html [HIGH] F3: house rule - never name the board in lesson prose.
  ok   #11 L3.exam_tip_html [HIGH] F3: house rule - never name the board in lesson prose.
  ok   #12 L3.practice_questions[4].text [MEDIUM] F6: the cue lines were the wrong way round - 'And vice sometime by action dignified' comes five lines before '
  ok   #13 L3.knowledge_checks[2].correct [HIGH] F5: the key marked 'word' right and 'name' wrong. Our text of the play reads 'By any other name', and so does 
  ok   #14 L3.knowledge_checks[2].options[1] [HIGH] F5: 'word' is the Second Quarto reading, so it could not stay as a wrong answer next to 'name'. Replaced with 
  PATCH L3: content_html, exam_tip_html, practice_questions, knowledge_checks
  ok   #15 L4.exam_tip_html [HIGH] F3: house rule - never name the board in lesson prose.
  PATCH L4: exam_tip_html
  ok   #16 L5.content_html [MEDIUM] F7: 'bloody sheet' is Romeo's line at the tomb in Act 5, Scene 3, not Juliet's. Her soliloquy says 'bloody Tyb
  ok   #17 L5.content_html [HIGH] F3: house rule - never name the board in lesson prose.
  ok   #18 L5.exam_tip_html [HIGH] F3: house rule - never name the board in lesson prose.
  PATCH L5: content_html, exam_tip_html
  ok   #19 L6.content_html [MEDIUM] F8: the aubade is built from speeches of five to ten lines, not single-line exchanges. The stichomythia is in 
  ok   #20 L6.content_html [HIGH] F3: house rule - never name the board in lesson prose.
  ok   #21 L6.exam_tip_html [HIGH] F3: house rule - never name the board in lesson prose.
  PATCH L6: content_html, exam_tip_html
  ok   #22 L7.content_html [MEDIUM] F2: Romeo and Juliet was written around 1594-96 and printed in 1597 as already 'often plaid publiquely'. The L
  ok   #23 L7.exam_tip_html [HIGH] F3: house rule - never name the board in lesson prose.
  ok   #24 L7.practice_questions[0].text [MEDIUM] F9: 'As a rich jewel in an Ethiop's ear' is Act 1, Scene 5, so the extract could not run to it. 'As daylight d
  ok   #25 L7.practice_questions[0].marks [MEDIUM] F9: the jewel simile is no longer inside the corrected extract.
  PATCH L7: content_html, exam_tip_html, practice_questions
  ok   #26 L8.description [HIGH] F3: house rule - never name the board in lesson prose.
  ok   #27 L8.content_html [HIGH] F1: AO4 is accurate writing and AO3 is not assessed on the Shakespeare section. The labelled 'Context' step al
  ok   #28 L8.content_html [HIGH] F1: the whole-text advice still presented context as a credited strand.
  ok   #29 L8.conclusion_html [HIGH] F3: house rule - never name the board in lesson prose.
  ok   #30 L8.exam_tip_html [HIGH] F1 and F10: AO4 is accurate writing, context is not assessed, the board name and spec code are banned, and the
  ok   #31 L8.knowledge_checks[1].q [HIGH] F3/F10: the spec gives no per-question split, only 40 marks for the section. Question re-pointed at the figure
  ok   #32 L8.knowledge_checks[1].options[0] [HIGH] F3/F10: options rebuilt for the section-total question.
  ok   #33 L8.knowledge_checks[1].options[1] [HIGH] F3/F10: options rebuilt for the section-total question.
  ok   #34 L8.knowledge_checks[1].options[2] [HIGH] F3/F10: 40 marks is the spec figure; the correct index (2) is unchanged.
  ok   #35 L8.knowledge_checks[1].options[3] [HIGH] F3/F10: options rebuilt for the section-total question.
  ok   #36 L8.knowledge_checks[3].q [HIGH] F3: house rule - never name the board in a question.
  ok   #37 L8.flashcard_questions[11].q [HIGH] F3: house rule - never name the board on a flashcard.
  ok   #38 L8.flashcard_questions[11].a [HIGH] F3/F10: the spec states no per-question mark split, only 40 marks for the section.
  PATCH L8: description, content_html, conclusion_html, exam_tip_html, knowledge_checks, flashcard_questions
=== 39 applied, 0 skipped, 8 lessons / 23 fields changed
