
=== RE-NARRATION (changed narrated text only) ===
backup: C:\Users\tshau\Documents\Study Vault\scripts\_retrofc\units\english-literature-eduqas__romeo-and-juliet\_backup.json
unit:   english-literature-eduqas / romeo-and-juliet
run: 2026-09-04T02:03:30Z  mode: LIVE

8 lessons, 24 clips to regenerate

  L01 (Ollie)  Context: Elizabethan Love & Honour
      n2: When Shakespeare wrote Romeo and Juliet around 1594–96, England was an intensely hierarchical society. Marriag
             -> 368 KB, 31.4s, uploaded
      n3: Understanding this context helps you make sense of the play. The play’s tragedy is rooted in social structures
             -> 184 KB, 15.7s, uploaded
      n16: Shakespeare adapted his plot from Arthur Brooke’s long narrative poem The Tragicall Historye of Romeus and Jul
             -> 374 KB, 31.9s, uploaded
      n18: Elizabethan England was a deeply religious society, and the play is saturated with religious language. Romeo a
             -> 397 KB, 33.9s, uploaded
      n19: The Shakespeare section prints an extract and asks two questions. Part (i) asks you to analyse language and dr
             -> 415 KB, 35.4s, uploaded
      manifest updated (23 entries)
  L02 (Ada)  Act 1: The Ball & Love at First Sight
      n3: The Prologue also frames the feud as the root cause. The phrase “From ancient grudge break to new mutiny” tell
             -> 246 KB, 21.0s, uploaded
      n16: When the Nurse reveals Romeo is a Montague, Juliet responds: “My only love sprung from my only hate! / Too ear
             -> 352 KB, 30.0s, uploaded
      n17: For Part (i), focus on how Shakespeare creates meaning through specific techniques: imagery, structure (the sh
             -> 319 KB, 27.2s, uploaded
      manifest updated (21 entries)
  L03 (Ollie)  Act 2: The Balcony & Secret Marriage
      n4: Key Fact . Juliet’s speech “What’s in a name? That which we call a rose / By any other name would smell as swe
             -> 307 KB, 26.2s, uploaded
      n7: This matters: Shakespeare subverts the Petrarchan convention by giving Juliet agency. She drives the relations
             -> 183 KB, 15.7s, uploaded
      n17: For Part (i), the balcony scene is a prime extract choice. Focus on specific techniques : extended metaphor (J
             -> 287 KB, 24.5s, uploaded
      manifest updated (21 entries)
  L04 (Ada)  Act 3: Mercutio, Tybalt & Banishment
      n17: Act 3 is the most commonly examined section of the play. For Part (i), focus on the shift in tone from comedy 
             -> 330 KB, 28.1s, uploaded
      manifest updated (21 entries)
  L05 (Ollie)  Acts 4-5: The Potion, Tomb & Ending
      n7: The speech builds through increasingly horrific visions: she imagines suffocating in the tomb, surrounded by h
             -> 323 KB, 27.6s, uploaded
      n15: Exam questions often ask about responsibility for the tragedy. Strong candidates distribute blame across multi
             -> 352 KB, 30.0s, uploaded
      n16: For Part (ii) questions on the ending, avoid simply retelling what happens. Instead, analyse how Shakespeare c
             -> 298 KB, 25.4s, uploaded
      manifest updated (20 entries)
  L06 (Ada)  Character Analysis
      n7: Shakespeare gives Juliet the play’s most sophisticated language. In the balcony scene, she corrects Romeo’s hy
             -> 283 KB, 24.1s, uploaded
      n15: Key Fact . You must be able to trace each character’s arc across the whole play. Top-band answers discuss how 
             -> 302 KB, 25.8s, uploaded
      n16: In Part (ii), character questions require you to range across the whole play . Don’t just describe what a char
             -> 355 KB, 30.3s, uploaded
      manifest updated (20 entries)
  L07 (Ollie)  Language, Structure & Stagecraft
      n14: Shakespeare wrote for an open-air London playhouse — a bare stage with no sets, minimal props and daylight per
             -> 388 KB, 33.1s, uploaded
      n16: For Part (i), language and stagecraft analysis earns top marks. Don’t just name techniques — explain their eff
             -> 359 KB, 30.6s, uploaded
      manifest updated (20 entries)
  L08 (Ada)  Key Themes & Exam Technique
      n14: AO1 (meaning) : Show understanding of the extract. AO2 (methods) : Analyse specific language, form and structu
             -> 453 KB, 38.7s, uploaded
      n17: Context is not assessed on this question, so never write a separate “context paragraph.” Use it only to make a
             -> 212 KB, 18.1s, uploaded
      n18: Remember: Part (i) = close analysis of the extract; Part (ii) = wider exploration of the play. Both assess und
             -> 452 KB, 38.5s, uploaded
      n22: For Part (i), analyse specific techniques and their effects; for Part (ii), range across the whole play and tr
             -> 112 KB, 9.6s, uploaded
      manifest updated (22 entries)

Regenerated 24 clips.

=== VERIFY (ranged GET + freshness) ===
  206  L01 n2  bytes 0-3/376992  Last-Modified: Fri, 04 Sep 2026 02:03:38 GMT  mp3-sync=OK
  206  L01 n3  bytes 0-3/188064  Last-Modified: Fri, 04 Sep 2026 02:03:42 GMT  mp3-sync=OK
  206  L01 n16  bytes 0-3/382752  Last-Modified: Fri, 04 Sep 2026 02:03:47 GMT  mp3-sync=OK
  206  L01 n18  bytes 0-3/406656  Last-Modified: Fri, 04 Sep 2026 02:03:52 GMT  mp3-sync=OK
  206  L01 n19  bytes 0-3/424800  Last-Modified: Fri, 04 Sep 2026 02:03:59 GMT  mp3-sync=OK
  206  L02 n3  bytes 0-3/252000  Last-Modified: Fri, 04 Sep 2026 02:04:03 GMT  mp3-sync=OK
  206  L02 n16  bytes 0-3/360000  Last-Modified: Fri, 04 Sep 2026 02:04:08 GMT  mp3-sync=OK
  206  L02 n17  bytes 0-3/326304  Last-Modified: Fri, 04 Sep 2026 02:04:12 GMT  mp3-sync=OK
  206  L03 n4  bytes 0-3/314784  Last-Modified: Fri, 04 Sep 2026 02:04:18 GMT  mp3-sync=OK
  206  L03 n7  bytes 0-3/187776  Last-Modified: Fri, 04 Sep 2026 02:04:21 GMT  mp3-sync=OK
  206  L03 n17  bytes 0-3/294048  Last-Modified: Fri, 04 Sep 2026 02:04:25 GMT  mp3-sync=OK
  206  L04 n17  bytes 0-3/337536  Last-Modified: Fri, 04 Sep 2026 02:04:30 GMT  mp3-sync=OK
  206  L05 n7  bytes 0-3/330624  Last-Modified: Fri, 04 Sep 2026 02:04:35 GMT  mp3-sync=OK
  206  L05 n15  bytes 0-3/360288  Last-Modified: Fri, 04 Sep 2026 02:04:40 GMT  mp3-sync=OK
  206  L05 n16  bytes 0-3/305280  Last-Modified: Fri, 04 Sep 2026 02:04:44 GMT  mp3-sync=OK
  206  L06 n7  bytes 0-3/289440  Last-Modified: Fri, 04 Sep 2026 02:04:49 GMT  mp3-sync=OK
  206  L06 n15  bytes 0-3/309600  Last-Modified: Fri, 04 Sep 2026 02:04:53 GMT  mp3-sync=OK
  206  L06 n16  bytes 0-3/363456  Last-Modified: Fri, 04 Sep 2026 02:04:58 GMT  mp3-sync=OK
  206  L07 n14  bytes 0-3/397440  Last-Modified: Fri, 04 Sep 2026 02:05:04 GMT  mp3-sync=OK
  206  L07 n16  bytes 0-3/367488  Last-Modified: Fri, 04 Sep 2026 02:05:09 GMT  mp3-sync=OK
  206  L08 n14  bytes 0-3/463968  Last-Modified: Fri, 04 Sep 2026 02:05:16 GMT  mp3-sync=OK
  206  L08 n17  bytes 0-3/217152  Last-Modified: Fri, 04 Sep 2026 02:05:20 GMT  mp3-sync=OK
  206  L08 n18  bytes 0-3/462528  Last-Modified: Fri, 04 Sep 2026 02:05:26 GMT  mp3-sync=OK
  206  L08 n22  bytes 0-3/114624  Last-Modified: Fri, 04 Sep 2026 02:05:28 GMT  mp3-sync=OK

24/24 clips verified HTTP 200/206 with fresh audio.
