
=== RE-NARRATION (changed narrated text only) ===
backup: C:\Users\tshau\Documents\Study Vault\scripts\_retrofc\units\religious-studies-aqa__christianity-practices\_backup.json
unit:   religious-studies-aqa / christianity-practices
run: 2026-09-06T04:49:18Z  mode: LIVE
  L01: no narrated field changed -> skip
  L02: no narrated field changed -> skip

2 lessons, 3 clips to regenerate

  L03 (Ollie)  Pilgrimage & Festivals
      n13: Christmas celebrates the Incarnation — the belief that God became human in the person of Jesus Christ. Christi
             -> 232 KB, 19.8s, uploaded
      manifest updated (25 entries)
  L04 (Ada)  Mission, Evangelism & the Worldwide Church
      n10: The Street Pastors movement was founded in London in 2003 by Reverend Les Isaac. It now operates in around 250
             -> 273 KB, 23.3s, uploaded
      n18: Christian Aid works with communities of all faiths and none in around 24 countries. It tackles poverty through
             -> 236 KB, 20.1s, uploaded
      manifest updated (26 entries)

Regenerated 3 clips.

=== VERIFY (ranged GET + freshness) ===
  206  L03 n13  bytes 0-3/237312  Last-Modified: Sun, 06 Sep 2026 04:49:26 GMT  mp3-sync=OK
  206  L04 n10  bytes 0-3/279936  Last-Modified: Sun, 06 Sep 2026 04:49:31 GMT  mp3-sync=OK
  206  L04 n18  bytes 0-3/241632  Last-Modified: Sun, 06 Sep 2026 04:49:36 GMT  mp3-sync=OK

3/3 clips verified HTTP 200/206 with fresh audio.
