
=== RE-NARRATION (changed narrated text only) ===
backup: C:\Users\tshau\Documents\Study Vault\scripts\_retrofc\units\cambridge-nationals-child-development__health-and-well-being-for-child-development\_backup.json
unit:   cambridge-nationals-child-development / health-and-well-being-for-child-development
run: 2026-09-04T07:35:10Z  mode: LIVE
  L06: no narrated field changed -> skip

3 lessons, 3 clips to regenerate

  L03 (Ollie)  Contraception, Infertility & Inherited Conditions
      n4: Key Fact . Male and female condoms are the only contraceptive methods that also protect against sexually trans
             -> 257 KB, 21.9s, uploaded
      manifest updated (19 entries)
  L05 (Ollie)  Pregnancy, Antenatal Classes & Preparing for Birth
      n14: Alongside emotional and educational preparation, parents need to make practical preparations before the baby a
             -> 646 KB, 55.1s, uploaded
      manifest updated (19 entries)
  L10 (Ada)  Creating a Child-Safe Environment
      n10: UK law requires that all children travelling in cars must use an appropriate, approved child car seat until th
             -> 714 KB, 61.0s, uploaded
      manifest updated (15 entries)

Regenerated 3 clips.

=== VERIFY (ranged GET + freshness) ===
  206  L03 n4  bytes 0-3/262944  Last-Modified: Fri, 04 Sep 2026 07:35:16 GMT  mp3-sync=OK
  206  L05 n14  bytes 0-3/661536  Last-Modified: Fri, 04 Sep 2026 07:35:25 GMT  mp3-sync=OK
  206  L10 n10  bytes 0-3/731520  Last-Modified: Fri, 04 Sep 2026 07:35:38 GMT  mp3-sync=OK

3/3 clips verified HTTP 200/206 with fresh audio.
