=== APPLY EDITS astronomy-edexcel/naked-eye-astronomy  23 edits  LIVE  2026-09-06T09:34:27.365Z
  ok   #0 L1.exam_tip_html [MEDIUM] F1: magnetosphere shape is telescopic-paper content (10.12) and the mark-loss claim is invented
  ok   #1 L1.content_html [MEDIUM] F1: removes the same misplaced exam claim from the body text
  PATCH L1: exam_tip_html, content_html
  ok   #2 L3.content_html [HIGH] F3: eclipse frequency wrong by a factor of about 1500
  ok   #3 L3.content_html [MEDIUM] F4: invented examiner-report claim
  ok   #4 L3.exam_tip_html [MEDIUM] F4: invented examiner claim; the teaching point is kept
  PATCH L3: content_html, exam_tip_html
  ok   #5 L4.content_html [HIGH] F5: 2-3 is the shadow-to-Moon diameter ratio, not the Moon's distance
  ok   #6 L4.content_html [HIGH] F6: the right angle sits at the Moon, not at Earth
  ok   #7 L4.content_html [HIGH] F6: 87 degrees is the elongation measured at Earth
  ok   #8 L4.practice_questions[3].marks [HIGH] F6: same swap in the answer key
  ok   #9 L4.flashcard_questions[4].a [HIGH] F6: same swap on the flashcard
  ok   #10 L4.glossary_terms[4].definition [HIGH] F6: same swap in the glossary
  ok   #11 L4.practice_questions[2].text [MEDIUM] F7: the stem supported only 3 of the 4 marks in the key
  PATCH L4: content_html, practice_questions, flashcard_questions, glossary_terms
  ok   #12 L5.content_html [HIGH] F8: signs swapped; AST minus MST peaks at +16 min on 3 Nov and dips to -14 min on 11 Feb
  ok   #13 L5.content_html [HIGH] F9: the maximum is in early November, not at the December solstice
  ok   #14 L5.content_html [HIGH] F10: the correction was applied the wrong way round
  ok   #15 L5.practice_questions[4].marks [MEDIUM] F10: east of the standard meridian subtracts; the final answer 13:58 is unchanged
  ok   #16 L5.content_html [MEDIUM] F11: equal spacing holds only for an equatorial dial
  ok   #17 L5.content_html [MEDIUM] F12: invented examiner-report claim
  PATCH L5: content_html, practice_questions
  ok   #18 L6.content_html [MEDIUM] F13: UT is rotation-based; the atomic scale is UTC (spec 4.18 equates GMT and UT)
  ok   #19 L6.conclusion_html [MEDIUM] F13: same correction in the takeaway
  PATCH L6: content_html, conclusion_html
  ok   #20 L8.content_html [MEDIUM] F15: Albireo's pair is 35 arcsec apart, below naked-eye resolution
  PATCH L8: content_html
  ok   #21 L9.practice_questions[3].marks [MEDIUM] F17: 310 degrees is NW; NNW is 337.5 degrees
  ok   #22 L9.practice_questions[5].marks [MEDIUM] F18: the formula is for objects transiting south of the zenith
  PATCH L9: practice_questions
=== 23 applied, 0 skipped, 7 lessons / 14 fields changed
