
=== RE-NARRATION (changed narrated text only) ===
backup: C:\Users\tshau\Documents\Study Vault\scripts\_retrofc\units\astronomy-edexcel__naked-eye-astronomy\_backup.json
unit:   astronomy-edexcel / naked-eye-astronomy
run: 2026-09-06T09:34:32Z  mode: LIVE
  L09: no narrated field changed -> skip

6 lessons, 15 clips to regenerate

  L01 (Ollie)  Planet Earth: Shape, Structure and Atmosphere
      n6: Solar wind — a continuous stream of charged particles from the Sun — would strip away Earth’s atmosphere if th
             -> 388 KB, 33.1s, uploaded
      n17: Learn Earth’s four internal layers in order and say whether each one is solid or liquid. For questions about t
             -> 413 KB, 35.3s, uploaded
      manifest updated (21 entries)
  L03 (Ollie)  Earth-Moon-Sun: Scale, Eclipses and Tides
      n8: The Moon’s orbital plane is tilted about 5° relative to Earth’s orbital plane (the ecliptic ). Most new moons 
             -> 345 KB, 29.4s, uploaded
      n19: This is one of the most common errors students make. A single Moon-pull can only produce one oceanic bulge on 
             -> 344 KB, 29.4s, uploaded
      n22: For eclipse questions, label every element of any diagram you draw: umbra, penumbra, positions of Moon/Earth/S
             -> 500 KB, 42.6s, uploaded
      manifest updated (26 entries)
  L04 (Ada)  Ancient Astronomy: Eratosthenes, Aristarchus and Precession
      n7: Diameter of the Moon: Aristarchus used lunar eclipses. During a total lunar eclipse, Earth casts a shadow acro
             -> 408 KB, 34.8s, uploaded
      n9: Distance to the Sun: Aristarchus observed the Moon at exactly half-phase (first or last quarter), when the ang
             -> 425 KB, 36.2s, uploaded
      manifest updated (22 entries)
  L05 (Ollie)  Time: Sidereal vs Solar Days and the Equation of Time
      n6: This is one of the most frequently confused topics. The confusion often comes from vague language: students wr
             -> 385 KB, 32.9s, uploaded
      n13: The difference between Apparent Solar Time (what the Sun actually does) and Mean Solar Time (what an ideal clo
             -> 391 KB, 33.4s, uploaded
      n14: The practical consequence is that the latest sunrise and earliest sunset around the December solstice do not o
             -> 251 KB, 21.4s, uploaded
      n18: A sundial uses a gnomon set parallel to Earth’s rotational axis (pointing toward the celestial pole) to cast a
             -> 393 KB, 33.5s, uploaded
      n20: Apply a longitude correction : for every degree of longitude your sundial is west of the standard meridian for
             -> 165 KB, 14.0s, uploaded
      manifest updated (27 entries)
  L06 (Ada)  Phases, Seasons and Time Zones
      n27: GMT is the Local Mean Time at the Prime Meridian (0° longitude, Greenwich). It serves as the international ref
             -> 236 KB, 20.2s, uploaded
      n34: Time zones are 15°-wide longitude bands offset from GMT in whole hours. GMT is Local Mean Time at the Prime Me
             -> 166 KB, 14.1s, uploaded
      manifest updated (34 entries)
  L08 (Ada)  The Night Sky: Constellations, Asterisms and Pointers
      n14: The Andromeda Galaxy (M31) is the most distant object visible to the naked eye under good conditions, at about
             -> 377 KB, 32.2s, uploaded
      manifest updated (29 entries)

Regenerated 15 clips.

=== VERIFY (ranged GET + freshness) ===
  206  L01 n6  bytes 0-3/397152  Last-Modified: Sun, 06 Sep 2026 09:34:41 GMT  mp3-sync=OK
  206  L01 n17  bytes 0-3/423072  Last-Modified: Sun, 06 Sep 2026 09:34:48 GMT  mp3-sync=OK
  206  L03 n8  bytes 0-3/353376  Last-Modified: Sun, 06 Sep 2026 09:34:54 GMT  mp3-sync=OK
  206  L03 n19  bytes 0-3/352224  Last-Modified: Sun, 06 Sep 2026 09:35:01 GMT  mp3-sync=OK
  206  L03 n22  bytes 0-3/511488  Last-Modified: Sun, 06 Sep 2026 09:35:11 GMT  mp3-sync=OK
  206  L04 n7  bytes 0-3/417888  Last-Modified: Sun, 06 Sep 2026 09:35:19 GMT  mp3-sync=OK
  206  L04 n9  bytes 0-3/434880  Last-Modified: Sun, 06 Sep 2026 09:35:27 GMT  mp3-sync=OK
  206  L05 n6  bytes 0-3/394272  Last-Modified: Sun, 06 Sep 2026 09:35:37 GMT  mp3-sync=OK
  206  L05 n13  bytes 0-3/400608  Last-Modified: Sun, 06 Sep 2026 09:35:44 GMT  mp3-sync=OK
  206  L05 n14  bytes 0-3/256608  Last-Modified: Sun, 06 Sep 2026 09:35:49 GMT  mp3-sync=OK
  206  L05 n18  bytes 0-3/402624  Last-Modified: Sun, 06 Sep 2026 09:35:57 GMT  mp3-sync=OK
  206  L05 n20  bytes 0-3/168480  Last-Modified: Sun, 06 Sep 2026 09:36:00 GMT  mp3-sync=OK
  206  L06 n27  bytes 0-3/241920  Last-Modified: Sun, 06 Sep 2026 09:36:06 GMT  mp3-sync=OK
  206  L06 n34  bytes 0-3/169632  Last-Modified: Sun, 06 Sep 2026 09:36:09 GMT  mp3-sync=OK
  206  L08 n14  bytes 0-3/386208  Last-Modified: Sun, 06 Sep 2026 09:36:17 GMT  mp3-sync=OK

15/15 clips verified HTTP 200/206 with fresh audio.
