=== APPLY EDITS english-literature-aqa/anita-and-me  93 edits  LIVE  2026-09-01T23:28:43.820Z
  ok   #0 L1.content_html [HIGH] F1: AQA 8702/2 mark scheme, Section A Modern texts = 30 marks, AO1=12, AO2=12, AO3=6, + AO4 4. AO2 is assessed
  ok   #1 L1.conclusion_html [HIGH] F1: takeaway omitted AO2, which carries 12 of the 30 marks.
  ok   #3 L1.content_html [HIGH] F2: Powell/Rivers of Blood is never named in the novel (Internet Archive search-inside: "Anita Rutter"+"Enoch"
  ok   #4 L1.conclusion_html [HIGH] F2: the novel does not reference the speech.
  ok   #5 L1.exam_tip_html [HIGH] F2: the model sentence told students to write about a reference that is not in the novel.
  ok   #9 L1.content_html [MED] F3: the novel never names the motorway. Internet Archive search-inside: "Tollington"+"M6" and "Anita Rutter"+"
  ok   #20 L1.knowledge_checks[1].q [HIGH] F2: the speech is context, not a reference in the text; stem corrected so the keyed answer is right.
  ok   #21 L1.knowledge_checks[4].right[1] [MED] F2: in the novel it is Sam's outburst at the fete, not the speech, that exposes hidden racism.
  ok   #22 L1.flashcard_questions[7].q [HIGH] F2: the speech does not feature in the novel.
  ok   #23 L1.practice_questions[2].text [HIGH] F2: the question asked about a reference the novel does not contain.
  ok   #24 L1.practice_questions[2].marks [HIGH] F2: mark scheme rewritten to match the corrected question.
  ok   #25 L1.practice_questions[4].marks [MED] F2: no Powell reaction happens in the novel.
  ok   #32 L1.flashcard_questions[12].q [MED] F3: the motorway is unnamed in the novel.
  ok   #33 L1.flashcard_questions[13].a [MED] F3: the motorway is unnamed in the novel.
  ok   #51 L1.practice_questions[0].type [MED] F8: Anita and Me is a Paper 2 Section A modern prose text, not a Shakespeare play.
  ok   #52 L1.practice_questions[1].type [MED] F8: Anita and Me is a Paper 2 Section A modern prose text, not a Shakespeare play.
  ok   #53 L1.practice_questions[2].type [MED] F8: Anita and Me is a Paper 2 Section A modern prose text, not a Shakespeare play.
  ok   #54 L1.practice_questions[3].type [MED] F8: Anita and Me is a Paper 2 Section A modern prose text, not a Shakespeare play.
  ok   #55 L1.practice_questions[4].type [MED] F8: Anita and Me is a Paper 2 Section A modern prose text, not a Shakespeare play.
  ok   #56 L1.practice_questions[5].type [MED] F8: Anita and Me is a Paper 2 Section A modern prose text, not a Shakespeare play.
  PATCH L1: content_html, conclusion_html, exam_tip_html, knowledge_checks, flashcard_questions, practice_questions
  ok   #11 L2.content_html [HIGH] F4: Papa has an office job (LitCharts: Meena never learns exactly what he does, he 'never talks about his day 
  ok   #37 L2.knowledge_checks[1].q [HIGH] F4: Papa works in an office, not a factory.
  ok   #38 L2.flashcard_questions[3].a [HIGH] F4: Papa works in an office.
  ok   #57 L2.practice_questions[0].type [MED] F8: Anita and Me is a Paper 2 Section A modern prose text, not a Shakespeare play.
  ok   #58 L2.practice_questions[1].type [MED] F8: Anita and Me is a Paper 2 Section A modern prose text, not a Shakespeare play.
  ok   #59 L2.practice_questions[2].type [MED] F8: Anita and Me is a Paper 2 Section A modern prose text, not a Shakespeare play.
  ok   #60 L2.practice_questions[3].type [MED] F8: Anita and Me is a Paper 2 Section A modern prose text, not a Shakespeare play.
  ok   #61 L2.practice_questions[4].type [MED] F8: Anita and Me is a Paper 2 Section A modern prose text, not a Shakespeare play.
  ok   #62 L2.practice_questions[5].type [MED] F8: Anita and Me is a Paper 2 Section A modern prose text, not a Shakespeare play.
  PATCH L2: content_html, knowledge_checks, flashcard_questions, practice_questions
  ok   #13 L3.content_html [HIGH] F5: Roberto Rutter is present throughout (he works at a tyre factory); it is Deirdre who leaves, halfway throu
  ok   #63 L3.practice_questions[0].type [MED] F8: Anita and Me is a Paper 2 Section A modern prose text, not a Shakespeare play.
  ok   #64 L3.practice_questions[1].type [MED] F8: Anita and Me is a Paper 2 Section A modern prose text, not a Shakespeare play.
  ok   #65 L3.practice_questions[2].type [MED] F8: Anita and Me is a Paper 2 Section A modern prose text, not a Shakespeare play.
  ok   #66 L3.practice_questions[3].type [MED] F8: Anita and Me is a Paper 2 Section A modern prose text, not a Shakespeare play.
  ok   #67 L3.practice_questions[4].type [MED] F8: Anita and Me is a Paper 2 Section A modern prose text, not a Shakespeare play.
  ok   #68 L3.practice_questions[5].type [MED] F8: Anita and Me is a Paper 2 Section A modern prose text, not a Shakespeare play.
  PATCH L3: content_html, practice_questions
  ok   #6 L4.content_html [HIGH] F2: the novel has no Powell scene; the fete outburst is the moment village racism surfaces.
  ok   #7 L4.content_html [MED] F2: no Powell scene in the novel.
  ok   #26 L4.flashcard_questions[2].q [HIGH] F2: Powell is context, not an event in the novel.
  ok   #27 L4.flashcard_questions[2].a [HIGH] F2: corrected answer to match the novel.
  ok   #28 L4.practice_questions[0].marks [MED] F2: no Powell reaction in the novel.
  ok   #29 L4.practice_questions[3].marks [MED] F2: no Powell scene in the novel.
  ok   #39 L4.knowledge_checks[4].right[2] [HIGH] F4: Papa works in an office.
  ok   #69 L4.practice_questions[0].type [MED] F8: Anita and Me is a Paper 2 Section A modern prose text, not a Shakespeare play.
  ok   #70 L4.practice_questions[1].type [MED] F8: Anita and Me is a Paper 2 Section A modern prose text, not a Shakespeare play.
  ok   #71 L4.practice_questions[2].type [MED] F8: Anita and Me is a Paper 2 Section A modern prose text, not a Shakespeare play.
  ok   #72 L4.practice_questions[3].type [MED] F8: Anita and Me is a Paper 2 Section A modern prose text, not a Shakespeare play.
  ok   #73 L4.practice_questions[4].type [MED] F8: Anita and Me is a Paper 2 Section A modern prose text, not a Shakespeare play.
  ok   #74 L4.practice_questions[5].type [MED] F8: Anita and Me is a Paper 2 Section A modern prose text, not a Shakespeare play.
  PATCH L4: content_html, flashcard_questions, practice_questions, knowledge_checks
  ok   #14 L5.content_html [HIGH] F6: the discovery causes the accident; it does not follow it. Meena overhears Anita at Sherrie's stable, then 
  ok   #15 L5.content_html [HIGH] F6: the friendship breaks before the accident, and the discovery is what triggers it.
  ok   #16 L5.content_html [MED] F6: Nanima arrives long before the accident and returns to India while Meena is still in hospital.
  ok   #43 L5.flashcard_questions[3].a [MED] F6: names the cause and the correct order.
  ok   #44 L5.flashcard_questions[4].q [HIGH] F6: Nanima arrives after Sunil's birth, well before the accident.
  ok   #45 L5.flashcard_questions[7].q [HIGH] F6: Meena learns of the relationship before the accident, not after.
  ok   #75 L5.practice_questions[0].type [MED] F8: Anita and Me is a Paper 2 Section A modern prose text, not a Shakespeare play.
  ok   #76 L5.practice_questions[1].type [MED] F8: Anita and Me is a Paper 2 Section A modern prose text, not a Shakespeare play.
  ok   #77 L5.practice_questions[2].type [MED] F8: Anita and Me is a Paper 2 Section A modern prose text, not a Shakespeare play.
  ok   #78 L5.practice_questions[3].type [MED] F8: Anita and Me is a Paper 2 Section A modern prose text, not a Shakespeare play.
  ok   #79 L5.practice_questions[4].type [MED] F8: Anita and Me is a Paper 2 Section A modern prose text, not a Shakespeare play.
  ok   #80 L5.practice_questions[5].type [MED] F8: Anita and Me is a Paper 2 Section A modern prose text, not a Shakespeare play.
  PATCH L5: content_html, flashcard_questions, practice_questions
  ok   #12 L6.content_html [HIGH] F4: Papa works in an office.
  ok   #17 L6.content_html [HIGH] F7: the old line is not in the novel (search-inside finds no match). The replacement is verified Syal text.
  ok   #18 L6.content_html [HIGH] F7: the old line is not in the novel. Verified Syal text: ‘...was outside the home, with Anita, my passport to
  ok   #19 L6.content_html [HIGH] F7: the old line is not in the novel; replaced with a plot fact rather than an unverified quotation.
  ok   #40 L6.knowledge_checks[3].q [HIGH] F4: keyed answer changed from factory to office; stem regrammared.
  ok   #41 L6.knowledge_checks[3].options[1] [HIGH] F4: the keyed answer was factually wrong. correct index 1 unchanged.
  ok   #42 L6.flashcard_questions[7].a [HIGH] F4: Papa works in an office.
  ok   #46 L6.flashcard_questions[1].a [HIGH] F7: fabricated quotation replaced with verified Syal text.
  ok   #47 L6.flashcard_questions[5].q [HIGH] F7: fabricated quotation.
  ok   #48 L6.flashcard_questions[5].a [HIGH] F7: verified Syal text.
  ok   #49 L6.flashcard_questions[6].q [HIGH] F7: fabricated quotation.
  ok   #50 L6.flashcard_questions[6].a [HIGH] F7: fabricated quotation replaced with a verified plot fact.
  ok   #81 L6.practice_questions[0].type [MED] F8: Anita and Me is a Paper 2 Section A modern prose text, not a Shakespeare play.
  ok   #82 L6.practice_questions[1].type [MED] F8: Anita and Me is a Paper 2 Section A modern prose text, not a Shakespeare play.
  ok   #83 L6.practice_questions[2].type [MED] F8: Anita and Me is a Paper 2 Section A modern prose text, not a Shakespeare play.
  ok   #84 L6.practice_questions[3].type [MED] F8: Anita and Me is a Paper 2 Section A modern prose text, not a Shakespeare play.
  ok   #85 L6.practice_questions[4].type [MED] F8: Anita and Me is a Paper 2 Section A modern prose text, not a Shakespeare play.
  ok   #86 L6.practice_questions[5].type [MED] F8: Anita and Me is a Paper 2 Section A modern prose text, not a Shakespeare play.
  PATCH L6: content_html, knowledge_checks, flashcard_questions, practice_questions
  ok   #2 L7.content_html [HIGH] F1: soft repeat of the AO2 denial. AO2 is worth 12 marks on this question.
  ok   #8 L7.content_html [MED] F2: Powell is context around the novel, not a level of racism inside it.
  ok   #10 L7.content_html [MED] F3: the motorway is unnamed in the novel.
  ok   #30 L7.flashcard_questions[3].a [MED] F2: Powell is context, not in the text.
  ok   #31 L7.practice_questions[1].marks [MED] F2: no Powell speech scene in the novel.
  ok   #34 L7.knowledge_checks[2].q [MED] F3: the motorway is unnamed in the novel; keyed answer 'motorway' stays correct.
  ok   #35 L7.practice_questions[5].text [MED] F3: the motorway is unnamed in the novel.
  ok   #36 L7.flashcard_questions[6].q [MED] F3: the motorway is unnamed in the novel.
  ok   #87 L7.practice_questions[0].type [MED] F8: Anita and Me is a Paper 2 Section A modern prose text, not a Shakespeare play.
  ok   #88 L7.practice_questions[1].type [MED] F8: Anita and Me is a Paper 2 Section A modern prose text, not a Shakespeare play.
  ok   #89 L7.practice_questions[2].type [MED] F8: Anita and Me is a Paper 2 Section A modern prose text, not a Shakespeare play.
  ok   #90 L7.practice_questions[3].type [MED] F8: Anita and Me is a Paper 2 Section A modern prose text, not a Shakespeare play.
  ok   #91 L7.practice_questions[4].type [MED] F8: Anita and Me is a Paper 2 Section A modern prose text, not a Shakespeare play.
  ok   #92 L7.practice_questions[5].type [MED] F8: Anita and Me is a Paper 2 Section A modern prose text, not a Shakespeare play.
  PATCH L7: content_html, flashcard_questions, practice_questions, knowledge_checks
=== 93 applied, 0 skipped, 7 lessons / 27 fields changed
