
=== RE-NARRATION (changed narrated text only) ===
backup: C:\Users\tshau\Documents\Study Vault\scripts\_retrofc\units\english-literature-aqa__anita-and-me\_backup.json
unit:   english-literature-aqa / anita-and-me
run: 2026-09-01T23:28:47Z  mode: LIVE

7 lessons, 20 clips to regenerate

  L01 (Ollie)  Context: 1960s/70s Britain & Immigration
      n7: In 1968, Conservative politician Enoch Powell delivered his infamous Rivers of Blood speech , warning that con
             -> 430 KB, 36.7s, uploaded
      n8: The fictional village of Tollington is based on Essington in Staffordshire. It is a small, tight-knit, white w
             -> 256 KB, 21.8s, uploaded
      n15: Assessment objectives: AO1 (response to the text: ideas, interpretations, quotations) is worth 12 marks. AO2 (
             -> 392 KB, 33.5s, uploaded
      n16: For context (AO3), do not write a paragraph about 1960s Britain then move on. Instead, embed context into ever
             -> 296 KB, 25.2s, uploaded
      n19: 1960s Britain saw post-war immigration meet rising hostility, culminating in Enoch Powell’s Rivers of Blood sp
             -> 132 KB, 11.3s, uploaded
      n20: The exam is closed book, 30+4 marks: AO1 (ideas) 12, AO2 (language and structure) 12, AO3 (context) 6, plus 4 
             -> 182 KB, 15.5s, uploaded
      manifest updated (20 entries)
  L02 (Ada)  Part 1: Meena's World
      n6: Papa (Shyam Kumar) is an educated, dignified man who works in an office despite being overqualified. He never 
             -> 240 KB, 20.5s, uploaded
      manifest updated (21 entries)
  L03 (Ollie)  Part 2: Anita Rutter
      n3: But Syal reveals Anita’s confident exterior as a survival mechanism. Anita’s home life is chaotic: her mother 
             -> 320 KB, 27.3s, uploaded
      manifest updated (20 entries)
  L04 (Ada)  Part 3: Growing Apart
      n3: As the novel progresses, the racism becomes more explicit. Sam Lowbridge makes openly racist statements. When 
             -> 332 KB, 28.3s, uploaded
      n4: Key Fact . Syal presents racism on a spectrum: from casual microaggressions (intrusive questions, exoticisatio
             -> 245 KB, 20.9s, uploaded
      manifest updated (20 entries)
  L05 (Ollie)  Part 4: The Ending
      n6: Meena’s accident follows straight on from the moment she learns about Anita and Sam. She bolts onto Sherrie’s 
             -> 282 KB, 24.1s, uploaded
      n7: The hospital and recovery period also brings Meena closer to her family and to the Punjabi world Nanima had op
             -> 272 KB, 23.2s, uploaded
      n11: At Sherrie’s stable, Meena overhears Anita boasting that she joined Sam Lowbridge in the racist attack. Sam is
             -> 249 KB, 21.2s, uploaded
      manifest updated (20 entries)
  L06 (Ada)  Character Analysis
      n8: Papa (Shyam) is educated, gentle, and dignified. He works in an office despite being overqualified — a quiet t
             -> 300 KB, 25.6s, uploaded
      n16: Meena on identity: “I knew I was a freak of some kind, too mouthy, clumsy and scabby to be a real Indian girl,
             -> 135 KB, 11.5s, uploaded
      n17: Meena on Anita: Anita is “my passport to acceptance” — friendship as the price of belonging.
             -> 75 KB, 6.4s, uploaded
      n18: Anita’s world: Deirdre runs off with another man and Roberto is barely there — the neglect beneath the freedom
             -> 91 KB, 7.8s, uploaded
      manifest updated (25 entries)
  L07 (Ollie)  Key Themes & Exam Technique
      n6: Racism operates at every level in the novel: casual (microaggressions, exoticisation), institutional (Papa’s u
             -> 256 KB, 21.8s, uploaded
      n11: Tollington is a working-class mining village with a strong sense of community — but that community has limits.
             -> 297 KB, 25.4s, uploaded
      n17: Where to focus your energy: ideas and interpretations matter most, so build a confident argument supported by 
             -> 326 KB, 27.8s, uploaded
      manifest updated (22 entries)

Regenerated 20 clips.

=== VERIFY (ranged GET + freshness) ===
  206  L01 n7  bytes 0-3/440640  Last-Modified: Tue, 01 Sep 2026 23:28:56 GMT  mp3-sync=OK
  206  L01 n8  bytes 0-3/262080  Last-Modified: Tue, 01 Sep 2026 23:29:01 GMT  mp3-sync=OK
  206  L01 n15  bytes 0-3/401472  Last-Modified: Tue, 01 Sep 2026 23:29:06 GMT  mp3-sync=OK
  206  L01 n16  bytes 0-3/302976  Last-Modified: Tue, 01 Sep 2026 23:29:10 GMT  mp3-sync=OK
  206  L01 n19  bytes 0-3/135360  Last-Modified: Tue, 01 Sep 2026 23:29:12 GMT  mp3-sync=OK
  206  L01 n20  bytes 0-3/186336  Last-Modified: Tue, 01 Sep 2026 23:29:15 GMT  mp3-sync=OK
  206  L02 n6  bytes 0-3/245952  Last-Modified: Tue, 01 Sep 2026 23:29:19 GMT  mp3-sync=OK
  206  L03 n3  bytes 0-3/327456  Last-Modified: Tue, 01 Sep 2026 23:29:24 GMT  mp3-sync=OK
  206  L04 n3  bytes 0-3/339840  Last-Modified: Tue, 01 Sep 2026 23:29:29 GMT  mp3-sync=OK
  206  L04 n4  bytes 0-3/250560  Last-Modified: Tue, 01 Sep 2026 23:29:32 GMT  mp3-sync=OK
  206  L05 n6  bytes 0-3/289152  Last-Modified: Tue, 01 Sep 2026 23:29:37 GMT  mp3-sync=OK
  206  L05 n7  bytes 0-3/278496  Last-Modified: Tue, 01 Sep 2026 23:29:41 GMT  mp3-sync=OK
  206  L05 n11  bytes 0-3/254880  Last-Modified: Tue, 01 Sep 2026 23:29:45 GMT  mp3-sync=OK
  206  L06 n8  bytes 0-3/307008  Last-Modified: Tue, 01 Sep 2026 23:29:49 GMT  mp3-sync=OK
  206  L06 n16  bytes 0-3/138528  Last-Modified: Tue, 01 Sep 2026 23:29:51 GMT  mp3-sync=OK
  206  L06 n17  bytes 0-3/77184  Last-Modified: Tue, 01 Sep 2026 23:29:53 GMT  mp3-sync=OK
  206  L06 n18  bytes 0-3/93312  Last-Modified: Tue, 01 Sep 2026 23:29:55 GMT  mp3-sync=OK
  206  L07 n6  bytes 0-3/261792  Last-Modified: Tue, 01 Sep 2026 23:29:58 GMT  mp3-sync=OK
  206  L07 n11  bytes 0-3/304416  Last-Modified: Tue, 01 Sep 2026 23:30:03 GMT  mp3-sync=OK
  206  L07 n17  bytes 0-3/333792  Last-Modified: Tue, 01 Sep 2026 23:30:07 GMT  mp3-sync=OK

20/20 clips verified HTTP 200/206 with fresh audio.
