
=== RE-NARRATION (changed narrated text only) ===
backup: C:\Users\tshau\Documents\Study Vault\scripts\_retrofc\units\drama-aqa__noughts-and-crosses\_backup.json
unit:   drama-aqa / noughts-and-crosses
run: 2026-09-06T00:52:58Z  mode: LIVE

5 lessons, 6 clips to regenerate

  L01 (Ollie)  Plot and Structure: A Dystopian Two-Act Tragedy
      n2: Malorie Blackman's novel Noughts & Crosses (2001) spans years of its protagonists' lives across hundreds of pa
             -> 387 KB, 33.0s, uploaded
      n16: Many students read the Blackman novel alongside — or instead of — Cooke’s stage adaptation. This creates a str
             -> 348 KB, 29.7s, uploaded
      manifest updated (22 entries)
  L02 (Ada)  Characters: Sephy, Callum and Their Families
      n4: Sephy is a Cross teenager — daughter of Kamal Hadley, a senior Cross politician a senior Cross politician (a H
             -> 491 KB, 41.9s, uploaded
      manifest updated (23 entries)
  L03 (Ollie)  Themes: Race, Power, Love Across Lines
      n4: Key Fact . Crosses (Black) rule; noughts (white) are second-class citizens. The play’s invented vocabulary — “
             -> 219 KB, 18.7s, uploaded
      manifest updated (21 entries)
  L04 (Ada)  Context: Blackman, Cooke and the Politics of Adaptation
      n4: Key Fact . Malorie Blackman published the novel in 2001; Dominic Cooke’s RSC stage adaptation premiered in 200
             -> 273 KB, 23.3s, uploaded
      manifest updated (22 entries)
  L07 (Ollie)  Performance Interpretation: Sephy and Callum's First Confrontation
      n18: This is subtext in performance: the gap between what is shown and what is felt. A performer communicates subte
             -> 246 KB, 21.0s, uploaded
      manifest updated (25 entries)

Regenerated 6 clips.

=== VERIFY (ranged GET + freshness) ===
  206  L01 n2  bytes 0-3/396000  Last-Modified: Sun, 06 Sep 2026 00:53:06 GMT  mp3-sync=OK
  206  L01 n16  bytes 0-3/355968  Last-Modified: Sun, 06 Sep 2026 00:53:11 GMT  mp3-sync=OK
  206  L02 n4  bytes 0-3/502848  Last-Modified: Sun, 06 Sep 2026 00:53:18 GMT  mp3-sync=OK
  206  L03 n4  bytes 0-3/224640  Last-Modified: Sun, 06 Sep 2026 00:53:22 GMT  mp3-sync=OK
  206  L04 n4  bytes 0-3/279936  Last-Modified: Sun, 06 Sep 2026 00:53:27 GMT  mp3-sync=OK
  206  L07 n18  bytes 0-3/252288  Last-Modified: Sun, 06 Sep 2026 00:53:30 GMT  mp3-sync=OK

6/6 clips verified HTTP 200/206 with fresh audio.
