=== APPLY EDITS computer-science-edexcel/computers  15 edits  LIVE  2026-09-06T11:01:30.179Z
  ok   #0 L1.content_html [MEDIUM] F1: the buses are not CPU components. Spec 3.1.1 lists them, and the clock, outside the CPU bracket.
  ok   #1 L1.content_html [MEDIUM] F1: same slip in the revision tip; it also asked for 'two types of memory' the lesson never teaches.
  ok   #2 L1.conclusion_html [MEDIUM] F1: keeps the takeaway consistent with the corrected key fact and with spec 3.1.1.
  ok   #3 L1.practice_questions[5].marks [MEDIUM] F2: cache and cores are not in this specification; replaced with on-spec limits (heat, instability, waiting on
  ok   #4 L1.exam_tip_html [MEDIUM] F3: removes an invented examiner claim; the advice stands without it.
  PATCH L1: content_html, conclusion_html, practice_questions, exam_tip_html
  ok   #5 L2.exam_tip_html [MEDIUM] F6: removes an invented examiner claim.
  PATCH L2: exam_tip_html
  ok   #6 L3.content_html [HIGH] F7: the term 'code review' carried the audit-trail definition. Replaced with the lesson's own glossary definit
  ok   #7 L3.practice_questions[0].type [MEDIUM] F8: naming two functions is worth two marks, one each.
  ok   #8 L3.practice_questions[0].marks [MEDIUM] F8: mark scheme now matches the two-mark tariff.
  ok   #9 L3.exam_tip_html [MEDIUM] F9: removes an invented examiner claim.
  PATCH L3: content_html, practice_questions, exam_tip_html
  ok   #10 L4.knowledge_checks[4].q [HIGH] F10: prompt rewritten for the one-to-one match.
  ok   #11 L4.knowledge_checks[4].left [HIGH] F10: three features cannot map one-to-one onto two translator names.
  ok   #12 L4.knowledge_checks[4].right [HIGH] F10: the duplicate 'Compiler' option made the check a coin toss; every option is now distinct.
  ok   #13 L4.knowledge_checks[4].order [HIGH] F10: compiler to option 2, interpreter to option 0, machine code to option 1 - each option used once.
  ok   #14 L4.exam_tip_html [MEDIUM] F11: removes an invented examiner claim.
  PATCH L4: knowledge_checks, exam_tip_html
=== 15 applied, 0 skipped, 4 lessons / 10 fields changed
