
=== RE-NARRATION (changed narrated text only) ===
backup: C:\Users\tshau\Documents\Study Vault\scripts\_retrofc\units\computer-science-edexcel__computers\_backup.json
unit:   computer-science-edexcel / computers
run: 2026-09-06T11:01:37Z  mode: LIVE

4 lessons, 6 clips to regenerate

  L01 (Ollie)  CPU, Main Memory and the Fetch-Decode-Execute Cycle
      n4: Key Fact . The CPU itself has three key components: the control unit , the arithmetic logic unit (ALU) and reg
             -> 283 KB, 24.1s, uploaded
      n27: Your exam will test the three stages of the fetch-decode-execute cycle often, sometimes as a 4-mark ‘Describe’
             -> 408 KB, 34.8s, uploaded
      n30: The CPU contains the control unit (manages the cycle), ALU (performs calculations and comparisons), and regist
             -> 224 KB, 19.1s, uploaded
      manifest updated (31 entries)
  L02 (Ada)  Secondary Storage and Embedded Systems
      n26: Storage questions often ask you to ‘Explain’ which storage type is most suitable for a scenario. Always link y
             -> 368 KB, 31.4s, uploaded
      manifest updated (29 entries)
  L03 (Ollie)  Operating Systems, Utility Software and Robust Software
      n24: When describing OS functions, use precise language — ‘file management’ is not the same as ‘managing the CPU’. 
             -> 409 KB, 34.9s, uploaded
      manifest updated (28 entries)
  L04 (Ada)  Programming Languages: High-level, Low-level, Compilers and Interpreters
      n26: The most common exam question on translators is a ‘Describe’ or ‘Explain’ comparing compiler and interpreter. 
             -> 397 KB, 33.8s, uploaded
      manifest updated (30 entries)

Regenerated 6 clips.

=== VERIFY (ranged GET + freshness) ===
  206  L01 n4  bytes 0-3/289440  Last-Modified: Sun, 06 Sep 2026 11:01:45 GMT  mp3-sync=OK
  206  L01 n27  bytes 0-3/417600  Last-Modified: Sun, 06 Sep 2026 11:01:53 GMT  mp3-sync=OK
  206  L01 n30  bytes 0-3/228960  Last-Modified: Sun, 06 Sep 2026 11:01:58 GMT  mp3-sync=OK
  206  L02 n26  bytes 0-3/376992  Last-Modified: Sun, 06 Sep 2026 11:02:05 GMT  mp3-sync=OK
  206  L03 n24  bytes 0-3/419040  Last-Modified: Sun, 06 Sep 2026 11:02:13 GMT  mp3-sync=OK
  206  L04 n26  bytes 0-3/406080  Last-Modified: Sun, 06 Sep 2026 11:02:20 GMT  mp3-sync=OK

6/6 clips verified HTTP 200/206 with fresh audio.
