
=== RE-NARRATION (changed narrated text only) ===
backup: C:\Users\tshau\Documents\Study Vault\scripts\_retrofc\units\religious-studies-eduqas__buddhism\_backup.json
unit:   religious-studies-eduqas / buddhism
run: 2026-09-06T08:51:49Z  mode: LIVE

3 lessons, 8 clips to regenerate

  L01 (Ollie)  The Buddha and the Four Noble Truths
      n19: 2. Samudaya — the cause of suffering. The cause of dukkha is tanhā (craving or thirst). There are three types:
             -> 395 KB, 33.7s, uploaded
      n29: For questions on this topic, use accurate Pali terminology. Use the Pali register throughout: dukkha , tanhā ,
             -> 450 KB, 38.4s, uploaded
      manifest updated (33 entries)
  L02 (Ada)  Meditation, the Three Marks and the Three Jewels
      n8: Dhammapada 113 is the verse linked to the ever-changing aggregates. It says that one day of life spent seeing 
             -> 201 KB, 17.2s, uploaded
      n12: Each jewel has a distinct role. The Buddha is the example of an enlightened being — he shows that liberation (
             -> 455 KB, 38.9s, uploaded
      n19: In contemporary Britain, Buddhist retreat centres offer residential meditation courses in both samatha and vip
             -> 224 KB, 19.1s, uploaded
      n20: When writing about the Three Marks of Existence, always use the correct Pali terms: anicca, dukkha, anatta. Sa
             -> 443 KB, 37.8s, uploaded
      manifest updated (20 entries)
  L03 (Ollie)  Ethical Behaviour, Festivals and Sangha Practice
      n15: Wesak is the most widely celebrated Buddhist festival, observed at the full moon of May. For Theravāda Buddhis
             -> 261 KB, 22.3s, uploaded
      n20: For ‘Describe’ and ‘Explain’ questions on Buddhist practice, use correct Pali terminology consistently (sīla f
             -> 399 KB, 34.0s, uploaded
      manifest updated (20 entries)

Regenerated 8 clips.

=== VERIFY (ranged GET + freshness) ===
  206  L01 n19  bytes 0-3/404352  Last-Modified: Sun, 06 Sep 2026 08:51:57 GMT  mp3-sync=OK
  206  L01 n29  bytes 0-3/461088  Last-Modified: Sun, 06 Sep 2026 08:52:04 GMT  mp3-sync=OK
  206  L02 n8  bytes 0-3/206208  Last-Modified: Sun, 06 Sep 2026 08:52:07 GMT  mp3-sync=OK
  206  L02 n12  bytes 0-3/466272  Last-Modified: Sun, 06 Sep 2026 08:52:14 GMT  mp3-sync=OK
  206  L02 n19  bytes 0-3/228960  Last-Modified: Sun, 06 Sep 2026 08:52:18 GMT  mp3-sync=OK
  206  L02 n20  bytes 0-3/453888  Last-Modified: Sun, 06 Sep 2026 08:52:25 GMT  mp3-sync=OK
  206  L03 n15  bytes 0-3/267552  Last-Modified: Sun, 06 Sep 2026 08:52:30 GMT  mp3-sync=OK
  206  L03 n20  bytes 0-3/408384  Last-Modified: Sun, 06 Sep 2026 08:52:36 GMT  mp3-sync=OK

8/8 clips verified HTTP 200/206 with fresh audio.
