=== APPLY EDITS business-aqa/marketing  22 edits  LIVE  2026-09-06T09:56:56.104Z
  ok   #0 L1.content_html [HIGH] F1: niche marketing defined as selling variants to several groups; that is differentiated marketing, not niche
  ok   #1 L1.glossary_terms[3].definition [HIGH] F1: same wrong definition in the glossary.
  ok   #2 L1.content_html [MEDIUM] F2: Arcadia entered administration 30 Nov 2020; ASOS bought the Topshop brand Feb 2021.
  ok   #3 L1.flashcard_questions[13].q [MEDIUM] F2: same wrong year on the flashcard.
  ok   #4 L1.flashcard_questions[7].q [LOW] F3: L1 teaches segmentation, not pricing; 'built on penetration pricing' mislabels Aldi's everyday-low-price m
  PATCH L1: content_html, glossary_terms, flashcard_questions
  ok   #5 L3.exam_tip_html [MEDIUM] F5: invented mark-scheme rule; application alone does not reach the top band.
  PATCH L3: exam_tip_html
  ok   #6 L4.content_html [MEDIUM] F6: Wispa was withdrawn in 2003, not the 1990s; the permanent relaunch was Oct 2008 (a five-year gap).
  ok   #7 L4.content_html [MEDIUM] F8: the spec gives no drawing exemption for the product life cycle; it states one only for stock control and b
  ok   #8 L4.content_html [MEDIUM] F8: same unsupported claim for the Boston Matrix.
  ok   #9 L4.content_html [MEDIUM] F7: fabricated claim about what examiners see most often.
  ok   #10 L4.exam_tip_html [MEDIUM] F7: fabricated examiner claim.
  PATCH L4: content_html, exam_tip_html
  ok   #11 L5.content_html [MEDIUM] F9: invented 4-out-of-6 cap presented as a rule.
  ok   #12 L5.content_html [MEDIUM] F9: fabricated examiner claim and invented numerical cap.
  ok   #13 L5.exam_tip_html [MEDIUM] F9: same invented cap.
  ok   #14 L5.practice_questions[4].marks [MEDIUM] F9: invented cap inside the mark scheme.
  ok   #15 L5.content_html [MEDIUM] F10: Aviva's Premiership Rugby title sponsorship ended in 2018; Gallagher has held it since.
  PATCH L5: content_html, exam_tip_html, practice_questions
  ok   #16 L6.content_html [MEDIUM] F11: Primark launched online click-and-collect in November 2022.
  ok   #17 L6.flashcard_questions[9].q [MEDIUM] F11: 'refuses to sell online' is no longer true.
  ok   #18 L6.practice_questions[4].marks [MEDIUM] F11/F13: outdated Primark claim plus the invented 4-out-of-6 cap.
  ok   #19 L6.practice_questions[5].marks [MEDIUM] F11: same outdated claim in the mark scheme.
  ok   #20 L6.exam_tip_html [MEDIUM] F12: balance alone does not reach the top band; a justified conclusion is required.
  ok   #21 L6.content_html [LOW] F14: there are no 200 countries; ASOS reports around 200 markets.
  PATCH L6: content_html, flashcard_questions, practice_questions, exam_tip_html
=== 22 applied, 0 skipped, 5 lessons / 13 fields changed
