
=== RE-NARRATION (changed narrated text only) ===
backup: C:\Users\tshau\Documents\Study Vault\scripts\_retrofc\units\business-aqa__marketing\_backup.json
unit:   business-aqa / marketing
run: 2026-09-06T09:57:00Z  mode: LIVE

5 lessons, 14 clips to regenerate

  L01 (Ollie)  Identifying Customers & Segmentation
      n20: Drawbacks: segmentation can be expensive — the business needs market research to identify segments, and differ
             -> 334 KB, 28.5s, uploaded
      manifest updated (25 entries)
  L03 (Ollie)  Product & Pricing
      n23: Examiners often give you a scenario and ask you to pick the ‘most appropriate’ pricing method. Do not just des
             -> 314 KB, 26.8s, uploaded
      manifest updated (27 entries)
  L04 (Ada)  Product Life Cycle & Boston Matrix
      n9: Key Fact . The five stages of the product life cycle in order are: research & development, introduction, growt
             -> 191 KB, 16.3s, uploaded
      n20: Key Fact . The Boston Matrix axes are market growth rate (vertical) and market share (horizontal). The vertica
             -> 195 KB, 16.6s, uploaded
      n23: Question Marks need a decision: invest heavily to turn them into Stars, or pull the plug. Netflix’s early gami
             -> 337 KB, 28.8s, uploaded
      n24: The Boston Matrix has limits too. It only uses two axes, so it ignores things like profit margin, brand value 
             -> 210 KB, 17.9s, uploaded
      n25: When a question asks you to place a product on the Boston Matrix, always explain both axes: is the market grow
             -> 316 KB, 27.0s, uploaded
      manifest updated (29 entries)
  L05 (Ollie)  Promotion
      n9: Sponsorship is paying to put a brand on a team, event or show. Emirates sponsoring Arsenal’s stadium and Galla
             -> 144 KB, 12.3s, uploaded
      n19: Generic Answers Do Not Reach the Top Band
             -> 37 KB, 3.2s, uploaded
      n20: An answer that just describes ‘TV adverts reach lots of people’, with no business named, shows no application 
             -> 334 KB, 28.5s, uploaded
      n25: For any ‘Analyse’ or ‘Evaluate’ question on promotion, ALWAYS name a real UK business and describe which metho
             -> 275 KB, 23.5s, uploaded
      manifest updated (29 entries)
  L06 (Ada)  Place & E-commerce
      n2: Place is the fourth of the four Ps. It covers every route a product takes from factory to customer — shelves, 
             -> 317 KB, 27.1s, uploaded
      n10: E-commerce is buying and selling through websites. M-commerce is the mobile version — apps on phones. ASOS is 
             -> 312 KB, 26.6s, uploaded
      n23: For 6-mark ‘Analyse’ questions, always link the ‘place’ decision to the target customer — ASOS online for Gen 
             -> 325 KB, 27.8s, uploaded
      manifest updated (27 entries)

Regenerated 14 clips.

=== VERIFY (ranged GET + freshness) ===
  206  L01 n20  bytes 0-3/342432  Last-Modified: Sun, 06 Sep 2026 09:57:10 GMT  mp3-sync=OK
  206  L03 n23  bytes 0-3/321984  Last-Modified: Sun, 06 Sep 2026 09:57:16 GMT  mp3-sync=OK
  206  L04 n9  bytes 0-3/195840  Last-Modified: Sun, 06 Sep 2026 09:57:21 GMT  mp3-sync=OK
  206  L04 n20  bytes 0-3/199584  Last-Modified: Sun, 06 Sep 2026 09:57:25 GMT  mp3-sync=OK
  206  L04 n23  bytes 0-3/345024  Last-Modified: Sun, 06 Sep 2026 09:57:31 GMT  mp3-sync=OK
  206  L04 n24  bytes 0-3/214848  Last-Modified: Sun, 06 Sep 2026 09:57:35 GMT  mp3-sync=OK
  206  L04 n25  bytes 0-3/323712  Last-Modified: Sun, 06 Sep 2026 09:57:43 GMT  mp3-sync=OK
  206  L05 n9  bytes 0-3/147744  Last-Modified: Sun, 06 Sep 2026 09:57:48 GMT  mp3-sync=OK
  206  L05 n19  bytes 0-3/38016  Last-Modified: Sun, 06 Sep 2026 09:57:54 GMT  mp3-sync=OK
  206  L05 n20  bytes 0-3/341568  Last-Modified: Sun, 06 Sep 2026 09:58:01 GMT  mp3-sync=OK
  206  L05 n25  bytes 0-3/281952  Last-Modified: Sun, 06 Sep 2026 09:58:06 GMT  mp3-sync=OK
  206  L06 n2  bytes 0-3/324576  Last-Modified: Sun, 06 Sep 2026 09:58:12 GMT  mp3-sync=OK
  206  L06 n10  bytes 0-3/319392  Last-Modified: Sun, 06 Sep 2026 09:58:19 GMT  mp3-sync=OK
  206  L06 n23  bytes 0-3/333216  Last-Modified: Sun, 06 Sep 2026 09:58:24 GMT  mp3-sync=OK

14/14 clips verified HTTP 200/206 with fresh audio.
