=== APPLY EDITS english-literature-aqa/animal-farm  52 edits  LIVE  2026-09-02T05:09:13.095Z
  ok   #0 L1.exam_tip_html [HIGH] F1: modern texts is the first section of the modern texts and poetry paper, not the second, and no extract is 
  ok   #1 L1.practice_questions[0].type [HIGH] F2: Animal Farm is a modern prose text, not a Shakespeare play.
  ok   #2 L1.practice_questions[4].type [HIGH] F2: Animal Farm is a modern prose text, not a Shakespeare play.
  ok   #3 L1.practice_questions[1].text [HIGH] F3: the modern texts question is a whole-text essay; no extract is printed.
  ok   #4 L1.practice_questions[1].marks [HIGH] F3: mark scheme still referred to an extract that is never printed.
  PATCH L1: exam_tip_html, practice_questions
  ok   #5 L2.content_html [HIGH] F6: Old Major says 'happiness or leisure after he is a year old'; 'or retirement' is invented and it is not a 
  ok   #6 L2.content_html [MEDIUM] F7: the line reads 'Is it not crystal clear, then, comrades'.
  ok   #7 L2.flashcard_questions[3].a [MEDIUM] F7: the line reads 'Is it not crystal clear, then, comrades'.
  ok   #8 L2.practice_questions[2].type [HIGH] F2: Animal Farm is a modern prose text, not a Shakespeare play.
  PATCH L2: content_html, flashcard_questions, practice_questions
  ok   #9 L3.content_html [HIGH] F8: the 'metabolism' line does not exist in the novella. Squealer's real line is quoted instead.
  ok   #10 L3.content_html [MEDIUM] F9: the line reads 'Surely, comrades, you do not want Jones back?'
  ok   #11 L3.flashcard_questions[5].a [MEDIUM] F9: the line reads 'Surely, comrades, you do not want Jones back?'
  ok   #12 L3.practice_questions[2].type [HIGH] F2: Animal Farm is a modern prose text, not a Shakespeare play.
  PATCH L3: content_html, flashcard_questions, practice_questions
  ok   #13 L4.content_html [MEDIUM] F10: the ambush party came out of the cowshed in the men's rear; 'three sides' is invented. The battle is name
  ok   #14 L4.flashcard_questions[6].a [MEDIUM] F10: the ambush came from the cowshed, in the men's rear.
  ok   #15 L4.practice_questions[2].type [HIGH] F2: Animal Farm is a modern prose text, not a Shakespeare play.
  PATCH L4: content_html, flashcard_questions, practice_questions
  ok   #16 L5.content_html [HIGH] F11: Napoleon speaks in public repeatedly after the coup. Orwell says he 'was not seen in public as often as o
  ok   #17 L5.exam_tip_html [HIGH] F4: no extract is printed on this paper, so there is no 'extract from this chapter'.
  ok   #18 L5.flashcard_questions[4].a [HIGH] F11: Napoleon does make public speeches; he is simply seldom seen.
  ok   #19 L5.practice_questions[2].type [HIGH] F2: Animal Farm is a modern prose text, not a Shakespeare play.
  ok   #20 L5.practice_questions[1].text [HIGH] F3: the modern texts question is a whole-text essay; no extract is printed.
  PATCH L5: content_html, exam_tip_html, flashcard_questions, practice_questions
  ok   #21 L6.content_html [LOW] F12: the novella reads 'directed and supervised the others'.
  ok   #22 L6.flashcard_questions[4].a [LOW] F12: the novella reads 'directed and supervised the others'.
  ok   #23 L6.practice_questions[2].type [HIGH] F2: Animal Farm is a modern prose text, not a Shakespeare play.
  PATCH L6: content_html, flashcard_questions, practice_questions
  ok   #24 L7.content_html [HIGH] F13: the phrase 'a scene of tranquillity' is nowhere in the novella. Orwell writes 'It was a clear spring even
  ok   #25 L7.content_html [HIGH] F14: 'would have protested if they could have found the right arguments' describes the other animals in an ear
  ok   #26 L7.content_html [HIGH] F14: the prompt asked for words about protesting that Clover never has.
  ok   #27 L7.content_html [MEDIUM] F15: the replacement song praises the farm. Minimus's poem in praise of Napoleon comes later, in chapter 8.
  ok   #28 L7.exam_tip_html [HIGH] F5: no extract is printed on this paper, so there is no 'extract choice'.
  ok   #29 L7.flashcard_questions[13].q [MEDIUM] F14: keeps the card in step with the corrected quotation.
  ok   #30 L7.flashcard_questions[12].a [MEDIUM] F15: the replacement anthem praises the farm, not Napoleon.
  ok   #31 L7.knowledge_checks[3].q [MEDIUM] F14: Orwell says 'There was no thought of rebellion or disobedience in her mind'; she lacks words, not courage
  ok   #32 L7.practice_questions[2].type [HIGH] F2: Animal Farm is a modern prose text, not a Shakespeare play.
  ok   #33 L7.practice_questions[1].text [HIGH] F3: the modern texts question is a whole-text essay; no extract is printed.
  PATCH L7: content_html, exam_tip_html, flashcard_questions, knowledge_checks, practice_questions
  ok   #34 L8.content_html [HIGH] F16: the poem and portrait go at the opposite end of the barn from the Seven Commandments, which stay up until
  ok   #35 L8.content_html [MEDIUM] F17: no door detail exists. Orwell says Napoleon 'inhabited separate apartments', took his meals alone with tw
  ok   #36 L8.flashcard_questions[3].q [HIGH] F16: the poem does not replace the commandments.
  ok   #37 L8.flashcard_questions[3].a [HIGH] F16: the poem does not replace the commandments.
  ok   #38 L8.flashcard_questions[4].a [MEDIUM] F17: the 'different door' detail is invented.
  ok   #39 L8.practice_questions[2].type [HIGH] F2: Animal Farm is a modern prose text, not a Shakespeare play.
  ok   #40 L8.practice_questions[0].marks [HIGH] F16: the mark scheme repeated the claim that Napoleon's image replaced the commandments.
  PATCH L8: content_html, flashcard_questions, practice_questions
  ok   #41 L9.content_html [HIGH] F18: Orwell says 'Boxer's twelfth birthday was due in the late summer of the following year'. He collapses bef
  ok   #42 L9.content_html [MEDIUM] F19: the home of rest for animals past work was voted at a Sunday Meeting after the Rebellion. Old Major's spe
  ok   #43 L9.content_html [MEDIUM] F20: 'Boxer! Boxer! Boxer!' is a separate earlier cry. The quotation as given is not continuous.
  ok   #44 L9.content_html [MEDIUM] F21: Muriel and the dogs can also read. Orwell says Benjamin 'could read as well as any pig, but never exercis
  ok   #45 L9.flashcard_questions[1].a [MEDIUM] F19: Old Major never promised a retirement pasture.
  ok   #46 L9.flashcard_questions[6].a [MEDIUM] F20: restores the full line.
  ok   #47 L9.knowledge_checks[2].q [MEDIUM] F21: Muriel and the dogs can read too.
  ok   #48 L9.practice_questions[2].type [HIGH] F2: Animal Farm is a modern prose text, not a Shakespeare play.
  ok   #49 L9.practice_questions[1].text [HIGH] F3: the modern texts question is a whole-text essay; no extract is printed.
  PATCH L9: content_html, flashcard_questions, knowledge_checks, practice_questions
  ok   #50 L10.content_html [LOW] F22: the pigs walk upright 'on a pleasant evening when the animals had finished work'.
  ok   #51 L10.practice_questions[2].type [HIGH] F2: Animal Farm is a modern prose text, not a Shakespeare play.
  PATCH L10: content_html, practice_questions
=== 52 applied, 0 skipped, 10 lessons / 32 fields changed
