
=== RE-NARRATION (changed narrated text only) ===
backup: C:\Users\tshau\Documents\Study Vault\scripts\_retrofc\units\english-literature-aqa__animal-farm\_backup.json
unit:   english-literature-aqa / animal-farm
run: 2026-09-02T05:09:18Z  mode: LIVE

10 lessons, 20 clips to regenerate

  L01 (Ollie)  Context, Allegory & Orwell's Purpose
      n23: In the AQA exam you answer one essay question on Animal Farm , chosen from two. You write about the whole nove
             -> 305 KB, 26.1s, uploaded
      manifest updated (27 entries)
  L02 (Ada)  Old Major's Speech & the Rebellion
      n7: Rhetorical questions: “Is it not crystal clear, then, comrades?” — forces the audience to agree without questi
             -> 104 KB, 8.9s, uploaded
      n10: Rule of three: “our lives are miserable, laborious, and short” — three blunt adjectives hammer home the point.
             -> 81 KB, 6.9s, uploaded
      manifest updated (25 entries)
  L03 (Ollie)  The Early Farm & Squealer's Propaganda
      n7: Fear: Squealer repeatedly asks, “Surely, comrades, you do not want Jones back?” This creates a false dilemma —
             -> 158 KB, 13.4s, uploaded
      n8: Pseudo-science: He dresses a claim up as fact with no evidence: “Milk and apples (this has been proved by Scie
             -> 139 KB, 11.9s, uploaded
      manifest updated (25 entries)
  L04 (Ada)  The Battle of the Cowshed & Snowball's Leadership
      n7: Snowball organises a two-phase strategy: a feigned retreat to lure the men into the yard, followed by an ambus
             -> 178 KB, 15.2s, uploaded
      manifest updated (21 entries)
  L05 (Ollie)  Napoleon's Rise to Power
      n11: Key Fact . Orwell shows that Napoleon rarely appears in public after seizing power. Orders and explanations co
             -> 195 KB, 16.6s, uploaded
      n19: Chapter 5 is a rich source of evidence for any question about power. Use it to focus on the structural turning
             -> 251 KB, 21.4s, uploaded
      manifest updated (23 entries)
  L06 (Ada)  The Windmill & Boxer's Exploitation
      n4: Meanwhile, the pigs do no physical labour at all. They “directed and supervised” from a distance. The gap betw
             -> 213 KB, 18.2s, uploaded
      manifest updated (23 entries)
  L07 (Ollie)  The Purges & Terror
      n13: After the executions, the animals gather on the knoll by the half-built windmill. Orwell sets Clover’s grief a
             -> 259 KB, 22.1s, uploaded
      n14: Key Fact . Clover’s scene on the hillside is one of the most poignant in the novella. Orwell deliberately deni
             -> 286 KB, 24.4s, uploaded
      n19: After the purges, Napoleon bans “Beasts of England.” Squealer explains that the song is no longer necessary be
             -> 347 KB, 29.6s, uploaded
      n20: The purge scene is worth memorising in detail. When you use it, focus on the sensory language (smell of blood,
             -> 277 KB, 23.7s, uploaded
      manifest updated (24 entries)
  L08 (Ada)  Napoleon's Cult of Personality
      n6: As Napoleon’s cult grows, so do his privileges. The pigs move into the farmhouse, sleep in beds, eat at the di
             -> 274 KB, 23.4s, uploaded
      n8: Napoleon’s behaviour mirrors this precisely. He lives in comfort while the animals’ rations are repeatedly cut
             -> 213 KB, 18.2s, uploaded
      manifest updated (22 entries)
  L09 (Ollie)  The Death of Boxer & Betrayal
      n2: Boxer has worked himself to exhaustion rebuilding the windmill for the second time. He is almost twelve — just
             -> 279 KB, 23.8s, uploaded
      n3: Boxer is philosophical about his injury. He says he had hoped to see the windmill finished before his retireme
             -> 222 KB, 18.9s, uploaded
      n7: Clover cries out: “Boxer! Get out! Get out quickly! They’re taking you to your death!” Boxer tries to kick his
             -> 185 KB, 15.8s, uploaded
      n12: Benjamin can read as well as any pig, and he is the one animal who has never been fooled by Squealer’s propaga
             -> 176 KB, 15.0s, uploaded
      manifest updated (22 entries)
  L10 (Ada)  The Ending & the Moral
      n2: In the final chapter, the pigs complete their transformation into the very creatures they overthrew. One eveni
             -> 290 KB, 24.7s, uploaded
      manifest updated (24 entries)

Regenerated 20 clips.

=== VERIFY (ranged GET + freshness) ===
  206  L01 n23  bytes 0-3/312768  Last-Modified: Wed, 02 Sep 2026 05:09:23 GMT  mp3-sync=OK
  206  L02 n7  bytes 0-3/106848  Last-Modified: Wed, 02 Sep 2026 05:09:25 GMT  mp3-sync=OK
  206  L02 n10  bytes 0-3/83232  Last-Modified: Wed, 02 Sep 2026 05:09:27 GMT  mp3-sync=OK
  206  L03 n7  bytes 0-3/161280  Last-Modified: Wed, 02 Sep 2026 05:09:29 GMT  mp3-sync=OK
  206  L03 n8  bytes 0-3/142560  Last-Modified: Wed, 02 Sep 2026 05:09:32 GMT  mp3-sync=OK
  206  L04 n7  bytes 0-3/182304  Last-Modified: Wed, 02 Sep 2026 05:09:34 GMT  mp3-sync=OK
  206  L05 n11  bytes 0-3/199584  Last-Modified: Wed, 02 Sep 2026 05:09:38 GMT  mp3-sync=OK
  206  L05 n19  bytes 0-3/257184  Last-Modified: Wed, 02 Sep 2026 05:09:42 GMT  mp3-sync=OK
  206  L06 n4  bytes 0-3/218592  Last-Modified: Wed, 02 Sep 2026 05:09:45 GMT  mp3-sync=OK
  206  L07 n13  bytes 0-3/265248  Last-Modified: Wed, 02 Sep 2026 05:09:49 GMT  mp3-sync=OK
  206  L07 n14  bytes 0-3/292896  Last-Modified: Wed, 02 Sep 2026 05:09:54 GMT  mp3-sync=OK
  206  L07 n19  bytes 0-3/355392  Last-Modified: Wed, 02 Sep 2026 05:10:00 GMT  mp3-sync=OK
  206  L07 n20  bytes 0-3/283968  Last-Modified: Wed, 02 Sep 2026 05:10:04 GMT  mp3-sync=OK
  206  L08 n6  bytes 0-3/280224  Last-Modified: Wed, 02 Sep 2026 05:10:08 GMT  mp3-sync=OK
  206  L08 n8  bytes 0-3/218304  Last-Modified: Wed, 02 Sep 2026 05:10:12 GMT  mp3-sync=OK
  206  L09 n2  bytes 0-3/285408  Last-Modified: Wed, 02 Sep 2026 05:10:17 GMT  mp3-sync=OK
  206  L09 n3  bytes 0-3/227232  Last-Modified: Wed, 02 Sep 2026 05:10:21 GMT  mp3-sync=OK
  206  L09 n7  bytes 0-3/189792  Last-Modified: Wed, 02 Sep 2026 05:10:25 GMT  mp3-sync=OK
  206  L09 n12  bytes 0-3/180288  Last-Modified: Wed, 02 Sep 2026 05:10:28 GMT  mp3-sync=OK
  206  L10 n2  bytes 0-3/296640  Last-Modified: Wed, 02 Sep 2026 05:10:32 GMT  mp3-sync=OK

20/20 clips verified HTTP 200/206 with fresh audio.
