=== APPLY EDITS english-literature-aqa/the-sign-of-four  82 edits  LIVE  2026-09-02T03:43:29.908Z
  ok   #0 L1.content_html [HIGH] F1: there is no opium den in The Sign of Four. Upper Swandam Lane is from a different Holmes story, 'The Man w
  ok   #1 L1.content_html [MEDIUM] F2: the 'dense drizzly fog' passage is Chapter 3, on the cab ride to the Lyceum and Thaddeus Sholto's house. T
  ok   #2 L1.content_html [MEDIUM] F3: the CID was founded in 1878, not in the 1880s. The lesson's own flashcard and Lesson 3 both say 1878.
  ok   #3 L1.content_html [LOW] F4: broken capital letter and stray space.
  ok   #4 L1.content_html [MEDIUM] F5: Small enlisted in the 3rd Buffs, a British regiment sent to India, and lost the leg to a crocodile in the 
  ok   #5 L1.practice_questions[1].text [MEDIUM] F6: the fog and the journey to Thaddeus Sholto's house are Chapter 3.
  ok   #6 L1.practice_questions[3].marks [MEDIUM] F8: question is labelled 30 marks but the mark scheme ran 1-12 and used the label 'Top band' twice.
  ok   #7 L1.practice_questions[4].text [HIGH] F7: Section B carries no SPaG marks and is out of 30, not 34.
  ok   #8 L1.practice_questions[4].marks [HIGH] F7: AQA Paper 1 Section B (19th-century novel) is 30 marks with no SPaG marks; the ladder awarded 4 SPaG marks
  PATCH L1: content_html, practice_questions
  ok   #9 L2.content_html [MEDIUM] F9: Thaddeus Sholto appears in Chapter 4, 'The Story of the Bald-Headed Man'. Chapter 3 is 'In Quest of a Solu
  ok   #10 L2.content_html [MEDIUM] F9: Pondicherry Lodge and Bartholomew's body are Chapter 5, 'The Tragedy of Pondicherry Lodge'.
  ok   #11 L2.content_html [MEDIUM] F9: the material in this lesson runs to Chapter 5.
  ok   #12 L2.content_html [MEDIUM] F9: the chapter numbers were each one too low from Chapter 3 onwards.
  ok   #13 L2.content_html [HIGH] F10: the creosote is not on the rope. A carboy of creosote has cracked on the laboratory floor and Tonga tread
  ok   #14 L2.practice_questions[1].text [MEDIUM] F9: Bartholomew's body is found in Chapter 5.
  ok   #15 L2.practice_questions[2].text [MEDIUM] F9: the chapters covered run to 5.
  ok   #16 L2.practice_questions[3].marks [MEDIUM] F8: question is labelled 30 marks but the mark scheme ran 1-12 and used the label 'Top band' twice.
  ok   #17 L2.practice_questions[4].text [HIGH] F7: Section B carries no SPaG marks and is out of 30, not 34.
  ok   #18 L2.practice_questions[4].marks [HIGH] F7: AQA Paper 1 Section B (19th-century novel) is 30 marks with no SPaG marks; the ladder awarded 4 SPaG marks
  ok   #19 L2.practice_questions[5].text [MEDIUM] F9: Thaddeus Sholto's scene is Chapter 4.
  ok   #20 L2.flashcard_questions[11].a [HIGH] F10: the creosote was spilled on the floor from a cracked carboy, not left on the rope.
  PATCH L2: content_html, practice_questions, flashcard_questions
  ok   #21 L3.content_html [MEDIUM] F14: Holmes's measurements, the creosote and Athelney Jones are all Chapter 6, 'Sherlock Holmes Gives a Demons
  ok   #22 L3.content_html [HIGH] F10 + F15: the creosote is spilled on the floor from a cracked carboy, not on the rope; and an editorial note 
  ok   #23 L3.content_html [MEDIUM] F14: Toby and the barrel are Chapter 7, 'The Episode of the Barrel'.
  ok   #24 L3.content_html [HIGH] F12: this quotation is not in the novel. Neither 'cronies', 'county' nor 'refund' appears in the text.
  ok   #25 L3.content_html [MEDIUM] F14: the investigation chapters are 6 to 8.
  ok   #26 L3.content_html [MEDIUM] F13: 'one of the Indian islands' is not in the novel. Holmes narrows it down from the footprint and the darts,
  ok   #27 L3.content_html [MEDIUM] F14: the Irregulars are Chapter 8, 'The Baker Street Irregulars'.
  ok   #28 L3.content_html [MEDIUM] F14: Jones arrives in Chapter 6 and runs through the rest of the novel, so no single chapter number fits.
  ok   #29 L3.content_html [HIGH] F11: 'It is a capital mistake to theorise...' is from A Study in Scarlet, not The Sign of Four. The replacemen
  ok   #30 L3.practice_questions[1].text [MEDIUM] F14: the barrel scene is Chapter 7.
  ok   #31 L3.practice_questions[2].text [MEDIUM] F14: the Irregulars appear in Chapter 8.
  ok   #32 L3.practice_questions[3].marks [MEDIUM] F8: question is labelled 30 marks but the mark scheme ran 1-12 and used the label 'Top band' twice.
  ok   #33 L3.practice_questions[4].text [HIGH] F7: Section B carries no SPaG marks and is out of 30, not 34.
  ok   #34 L3.practice_questions[4].marks [HIGH] F7: AQA Paper 1 Section B (19th-century novel) is 30 marks with no SPaG marks; the ladder awarded 4 SPaG marks
  ok   #35 L3.practice_questions[5].text [MEDIUM] F14: Toby's journey through south London is Chapter 7.
  ok   #36 L3.glossary_terms[0].definition [HIGH] F10: the creosote was spilled on the floor, not left on the rope.
  ok   #37 L3.flashcard_questions[3].a [HIGH] F10: the creosote was spilled on the floor, not left on the rope.
  ok   #38 L3.flashcard_questions[11].q [HIGH] F11: the old card quoted A Study in Scarlet, not The Sign of Four.
  ok   #39 L3.flashcard_questions[11].a [HIGH] F11: replaced the A Study in Scarlet line with Holmes in Chapter 1 of this novel.
  PATCH L3: content_html, practice_questions, glossary_terms, flashcard_questions
  ok   #40 L4.content_html [MEDIUM] F19: the chase is Chapter 10, 'The End of the Islander'. Chapter 9 is 'A Break in the Chain'.
  ok   #41 L4.content_html [HIGH] F17: the old quotation is not in the novel. Both replacements are verbatim from Chapter 10.
  ok   #42 L4.content_html [LOW] F20: the pistols go off as Tonga raises the blowpipe. The dart 'must have whizzed between us at the instant th
  ok   #43 L4.content_html [LOW] F20: the shots and the dart happen together, not one after the other.
  ok   #44 L4.content_html [MEDIUM] F19: the confession is Chapter 12, 'The Strange Story of Jonathan Small'.
  ok   #45 L4.content_html [MEDIUM] F19: Chapter 11 is Watson taking the empty box to Mary and proposing. Only Chapter 12 is the confession.
  ok   #46 L4.content_html [MEDIUM] F18: Abdullah Khan and Mahomet Singh are Sikh soldiers under Small's command at the gate, not servants; and Sm
  ok   #47 L4.content_html [HIGH] F16: the old quotation is invented. 'Cronies' and 'Doolan' do not appear anywhere in the novel. The replacemen
  ok   #48 L4.content_html [MEDIUM] F19: Watson proposes in Chapter 11; Holmes reaches for the cocaine bottle at the close of Chapter 12.
  ok   #49 L4.practice_questions[0].text [HIGH] F17: the printed extract quoted a line that is not in the novel.
  ok   #50 L4.practice_questions[0].marks [HIGH] F17: the old mark scheme analysed 'fairly flying' and 'racing past us', neither of which Doyle wrote.
  ok   #51 L4.practice_questions[3].marks [MEDIUM] F8: question is labelled 30 marks but the mark scheme ran 1-12 and used the label 'Top band' twice.
  ok   #52 L4.practice_questions[4].text [HIGH] F7: Section B carries no SPaG marks and is out of 30, not 34.
  ok   #53 L4.practice_questions[4].marks [HIGH] F7: AQA Paper 1 Section B (19th-century novel) is 30 marks with no SPaG marks; the ladder awarded 4 SPaG marks
  PATCH L4: content_html, practice_questions
  ok   #54 L5.content_html [MEDIUM] F21: wrong. The Jezail bullet IS named in The Sign of Four, Chapter 1: 'I had a Jezail bullet through it some 
  ok   #55 L5.content_html [HIGH] F22: 'a firm set of her lips' is not in the novel. The replacements are verbatim from Chapters 2 and 3.
  ok   #56 L5.content_html [MEDIUM] F23: the confession is Chapter 12 only.
  ok   #57 L5.practice_questions[1].marks [HIGH] F22: 'firm set of her lips' is not in the novel.
  ok   #58 L5.practice_questions[3].marks [MEDIUM] F8: question is labelled 30 marks but the mark scheme ran 1-12 and used the label 'Top band' twice.
  ok   #59 L5.practice_questions[4].text [HIGH] F7: Section B carries no SPaG marks and is out of 30, not 34.
  ok   #60 L5.practice_questions[4].marks [HIGH] F7: AQA Paper 1 Section B (19th-century novel) is 30 marks with no SPaG marks; the ladder awarded 4 SPaG marks
  ok   #61 L5.flashcard_questions[9].a [HIGH] F22: the old answer quoted 'a firm set of her lips', which Doyle never wrote.
  PATCH L5: content_html, practice_questions, flashcard_questions
  ok   #62 L6.content_html [MEDIUM] F25: 'dense swarm' is not in the novel, and 'the dull blur' describes the Aurora ahead of them, not the docksi
  ok   #63 L6.content_html [MEDIUM] F24 + F23: Watson narrates in the past tense, and the confession is Chapter 12 alone.
  ok   #64 L6.content_html [HIGH] F10: the creosote is spilled on the laboratory floor from a cracked carboy.
  ok   #65 L6.content_html [HIGH] F10: the creosote is on the floor, not the rope.
  ok   #66 L6.practice_questions[0].text [MEDIUM] F26: the fog passage is Chapter 3.
  ok   #67 L6.practice_questions[3].marks [MEDIUM] F8: question is labelled 30 marks but the mark scheme ran 1-12 and used the label 'Top band' twice.
  ok   #68 L6.practice_questions[4].text [HIGH] F7: Section B carries no SPaG marks and is out of 30, not 34.
  ok   #69 L6.practice_questions[4].marks [HIGH] F7: AQA Paper 1 Section B (19th-century novel) is 30 marks with no SPaG marks; the ladder awarded 4 SPaG marks
  ok   #70 L6.practice_questions[5].text [MEDIUM] F23: the embedded confession is Chapter 12.
  ok   #71 L6.knowledge_checks[1].q [MEDIUM] F23: Chapter 11 is Watson's narration of the empty box and the proposal.
  ok   #72 L6.flashcard_questions[6].q [MEDIUM] F23: the confession is one chapter, not two.
  ok   #73 L6.flashcard_questions[6].a [MEDIUM] F23: the confession is Chapter 12 only.
  ok   #74 L6.flashcard_questions[8].a [HIGH] F10: the creosote was spilled on the floor, not left on the rope.
  PATCH L6: content_html, practice_questions, knowledge_checks, flashcard_questions
  ok   #75 L7.content_html [HIGH] F27: a quotation from A Study in Scarlet sat in a 'Key Quotations to Learn' list for this novel. The replaceme
  ok   #76 L7.content_html [MEDIUM] F28: the old quotation is invented. 'The treasure is lost' is Mary Morstan's line; the replacement is Watson's
  ok   #77 L7.practice_questions[3].marks [MEDIUM] F8: question is labelled 30 marks but the mark scheme ran 1-12 and used the label 'Top band' twice.
  ok   #78 L7.practice_questions[4].text [HIGH] F7: Section B carries no SPaG marks and is out of 30, not 34.
  ok   #79 L7.practice_questions[4].marks [HIGH] F7: AQA Paper 1 Section B (19th-century novel) is 30 marks with no SPaG marks; the ladder awarded 4 SPaG marks
  ok   #80 L7.flashcard_questions[10].q [HIGH] F27: the old card quoted A Study in Scarlet.
  ok   #81 L7.flashcard_questions[10].a [HIGH] F27: replaced with a line Doyle wrote in this novel (Chapter 1).
  PATCH L7: content_html, practice_questions, flashcard_questions
=== 82 applied, 0 skipped, 7 lessons / 21 fields changed
=== APPLY EDITS english-literature-aqa/the-sign-of-four  82 edits  LIVE  2026-09-02T03:44:16.479Z
  ok   #0 L1.content_html [HIGH] F1: there is no opium den in The Sign of Four. Upper Swandam Lane is from a different Holmes story, 'The Man w
  ok   #1 L1.content_html [MEDIUM] F2: the 'dense drizzly fog' passage is Chapter 3, on the cab ride to the Lyceum and Thaddeus Sholto's house. T
  ok   #2 L1.content_html [MEDIUM] F3: the CID was founded in 1878, not in the 1880s. The lesson's own flashcard and Lesson 3 both say 1878.
  ok   #3 L1.content_html [LOW] F4: broken capital letter and stray space.
  ok   #4 L1.content_html [MEDIUM] F5: Small enlisted in the 3rd Buffs, a British regiment sent to India, and lost the leg to a crocodile in the 
  ok   #5 L1.practice_questions[1].text [MEDIUM] F6: the fog and the journey to Thaddeus Sholto's house are Chapter 3.
  ok   #6 L1.practice_questions[3].marks [MEDIUM] F8: question is labelled 30 marks but the mark scheme ran 1-12 and used the label 'Top band' twice.
  ok   #7 L1.practice_questions[4].text [HIGH] F7: Section B carries no SPaG marks and is out of 30, not 34.
  ok   #8 L1.practice_questions[4].marks [HIGH] F7: AQA Paper 1 Section B (19th-century novel) is 30 marks with no SPaG marks; the ladder awarded 4 SPaG marks
  PATCH L1: content_html, practice_questions
  ok   #9 L2.content_html [MEDIUM] F9: Thaddeus Sholto appears in Chapter 4, 'The Story of the Bald-Headed Man'. Chapter 3 is 'In Quest of a Solu
  ok   #10 L2.content_html [MEDIUM] F9: Pondicherry Lodge and Bartholomew's body are Chapter 5, 'The Tragedy of Pondicherry Lodge'.
  ok   #11 L2.content_html [MEDIUM] F9: the material in this lesson runs to Chapter 5.
  ok   #12 L2.content_html [MEDIUM] F9: the chapter numbers were each one too low from Chapter 3 onwards.
  ok   #13 L2.content_html [HIGH] F10: the creosote is not on the rope. A carboy of creosote has cracked on the laboratory floor and Tonga tread
  ok   #14 L2.practice_questions[1].text [MEDIUM] F9: Bartholomew's body is found in Chapter 5.
  ok   #15 L2.practice_questions[2].text [MEDIUM] F9: the chapters covered run to 5.
  ok   #16 L2.practice_questions[3].marks [MEDIUM] F8: question is labelled 30 marks but the mark scheme ran 1-12 and used the label 'Top band' twice.
  ok   #17 L2.practice_questions[4].text [HIGH] F7: Section B carries no SPaG marks and is out of 30, not 34.
  ok   #18 L2.practice_questions[4].marks [HIGH] F7: AQA Paper 1 Section B (19th-century novel) is 30 marks with no SPaG marks; the ladder awarded 4 SPaG marks
  ok   #19 L2.practice_questions[5].text [MEDIUM] F9: Thaddeus Sholto's scene is Chapter 4.
  ok   #20 L2.flashcard_questions[11].a [HIGH] F10: the creosote was spilled on the floor from a cracked carboy, not left on the rope.
  PATCH L2: content_html, practice_questions, flashcard_questions
  ok   #21 L3.content_html [MEDIUM] F14: Holmes's measurements, the creosote and Athelney Jones are all Chapter 6, 'Sherlock Holmes Gives a Demons
  ok   #22 L3.content_html [HIGH] F10 + F15: the creosote is spilled on the floor from a cracked carboy, not on the rope; and an editorial note 
  ok   #23 L3.content_html [MEDIUM] F14: Toby and the barrel are Chapter 7, 'The Episode of the Barrel'.
  ok   #24 L3.content_html [HIGH] F12: this quotation is not in the novel. Neither 'cronies', 'county' nor 'refund' appears in the text.
  ok   #25 L3.content_html [MEDIUM] F14: the investigation chapters are 6 to 8.
  ok   #26 L3.content_html [MEDIUM] F13: 'one of the Indian islands' is not in the novel. Holmes narrows it down from the footprint and the darts,
  ok   #27 L3.content_html [MEDIUM] F14: the Irregulars are Chapter 8, 'The Baker Street Irregulars'.
  ok   #28 L3.content_html [MEDIUM] F14: Jones arrives in Chapter 6 and runs through the rest of the novel, so no single chapter number fits.
  ok   #29 L3.content_html [HIGH] F11: 'It is a capital mistake to theorise...' is from A Study in Scarlet, not The Sign of Four. The replacemen
  ok   #30 L3.practice_questions[1].text [MEDIUM] F14: the barrel scene is Chapter 7.
  ok   #31 L3.practice_questions[2].text [MEDIUM] F14: the Irregulars appear in Chapter 8.
  ok   #32 L3.practice_questions[3].marks [MEDIUM] F8: question is labelled 30 marks but the mark scheme ran 1-12 and used the label 'Top band' twice.
  ok   #33 L3.practice_questions[4].text [HIGH] F7: Section B carries no SPaG marks and is out of 30, not 34.
  ok   #34 L3.practice_questions[4].marks [HIGH] F7: AQA Paper 1 Section B (19th-century novel) is 30 marks with no SPaG marks; the ladder awarded 4 SPaG marks
  ok   #35 L3.practice_questions[5].text [MEDIUM] F14: Toby's journey through south London is Chapter 7.
  ok   #36 L3.glossary_terms[0].definition [HIGH] F10: the creosote was spilled on the floor, not left on the rope.
  ok   #37 L3.flashcard_questions[3].a [HIGH] F10: the creosote was spilled on the floor, not left on the rope.
  ok   #38 L3.flashcard_questions[11].q [HIGH] F11: the old card quoted A Study in Scarlet, not The Sign of Four.
  ok   #39 L3.flashcard_questions[11].a [HIGH] F11: replaced the A Study in Scarlet line with Holmes in Chapter 1 of this novel.
  PATCH L3: content_html, practice_questions, glossary_terms, flashcard_questions
  ok   #40 L4.content_html [MEDIUM] F19: the chase is Chapter 10, 'The End of the Islander'. Chapter 9 is 'A Break in the Chain'.
  ok   #41 L4.content_html [HIGH] F17: the old quotation is not in the novel. Both replacements are verbatim from Chapter 10.
  ok   #42 L4.content_html [LOW] F20: the pistols go off as Tonga raises the blowpipe. The dart 'must have whizzed between us at the instant th
  ok   #43 L4.content_html [LOW] F20: the shots and the dart happen together, not one after the other.
  ok   #44 L4.content_html [MEDIUM] F19: the confession is Chapter 12, 'The Strange Story of Jonathan Small'.
  ok   #45 L4.content_html [MEDIUM] F19: Chapter 11 is Watson taking the empty box to Mary and proposing. Only Chapter 12 is the confession.
  ok   #46 L4.content_html [MEDIUM] F18: Abdullah Khan and Mahomet Singh are Sikh soldiers under Small's command at the gate, not servants; and Sm
  ok   #47 L4.content_html [HIGH] F16: the old quotation is invented. 'Cronies' and 'Doolan' do not appear anywhere in the novel. The replacemen
  ok   #48 L4.content_html [MEDIUM] F19: Watson proposes in Chapter 11; Holmes reaches for the cocaine bottle at the close of Chapter 12.
  ok   #49 L4.practice_questions[0].text [HIGH] F17: the printed extract quoted a line that is not in the novel.
  ok   #50 L4.practice_questions[0].marks [HIGH] F17: the old mark scheme analysed 'fairly flying' and 'racing past us', neither of which Doyle wrote.
  ok   #51 L4.practice_questions[3].marks [MEDIUM] F8: question is labelled 30 marks but the mark scheme ran 1-12 and used the label 'Top band' twice.
  ok   #52 L4.practice_questions[4].text [HIGH] F7: Section B carries no SPaG marks and is out of 30, not 34.
  ok   #53 L4.practice_questions[4].marks [HIGH] F7: AQA Paper 1 Section B (19th-century novel) is 30 marks with no SPaG marks; the ladder awarded 4 SPaG marks
  PATCH L4: content_html, practice_questions
  ok   #54 L5.content_html [MEDIUM] F21: wrong. The Jezail bullet IS named in The Sign of Four, Chapter 1: 'I had a Jezail bullet through it some 
  ok   #55 L5.content_html [HIGH] F22: 'a firm set of her lips' is not in the novel. The replacements are verbatim from Chapters 2 and 3.
  ok   #56 L5.content_html [MEDIUM] F23: the confession is Chapter 12 only.
  ok   #57 L5.practice_questions[1].marks [HIGH] F22: 'firm set of her lips' is not in the novel.
  ok   #58 L5.practice_questions[3].marks [MEDIUM] F8: question is labelled 30 marks but the mark scheme ran 1-12 and used the label 'Top band' twice.
  ok   #59 L5.practice_questions[4].text [HIGH] F7: Section B carries no SPaG marks and is out of 30, not 34.
  ok   #60 L5.practice_questions[4].marks [HIGH] F7: AQA Paper 1 Section B (19th-century novel) is 30 marks with no SPaG marks; the ladder awarded 4 SPaG marks
  ok   #61 L5.flashcard_questions[9].a [HIGH] F22: the old answer quoted 'a firm set of her lips', which Doyle never wrote.
  PATCH L5: content_html, practice_questions, flashcard_questions
  ok   #62 L6.content_html [MEDIUM] F25: 'dense swarm' is not in the novel, and 'the dull blur' describes the Aurora ahead of them, not the docksi
  ok   #63 L6.content_html [MEDIUM] F24 + F23: Watson narrates in the past tense, and the confession is Chapter 12 alone.
  ok   #64 L6.content_html [HIGH] F10: the creosote is spilled on the laboratory floor from a cracked carboy.
  ok   #65 L6.content_html [HIGH] F10: the creosote is on the floor, not the rope.
  ok   #66 L6.practice_questions[0].text [MEDIUM] F26: the fog passage is Chapter 3.
  ok   #67 L6.practice_questions[3].marks [MEDIUM] F8: question is labelled 30 marks but the mark scheme ran 1-12 and used the label 'Top band' twice.
  ok   #68 L6.practice_questions[4].text [HIGH] F7: Section B carries no SPaG marks and is out of 30, not 34.
  ok   #69 L6.practice_questions[4].marks [HIGH] F7: AQA Paper 1 Section B (19th-century novel) is 30 marks with no SPaG marks; the ladder awarded 4 SPaG marks
  ok   #70 L6.practice_questions[5].text [MEDIUM] F23: the embedded confession is Chapter 12.
  ok   #71 L6.knowledge_checks[1].q [MEDIUM] F23: Chapter 11 is Watson's narration of the empty box and the proposal.
  ok   #72 L6.flashcard_questions[6].q [MEDIUM] F23: the confession is one chapter, not two.
  ok   #73 L6.flashcard_questions[6].a [MEDIUM] F23: the confession is Chapter 12 only.
  ok   #74 L6.flashcard_questions[8].a [HIGH] F10: the creosote was spilled on the floor, not left on the rope.
  PATCH L6: content_html, practice_questions, knowledge_checks, flashcard_questions
  ok   #75 L7.content_html [HIGH] F27: a quotation from A Study in Scarlet sat in a 'Key Quotations to Learn' list for this novel. The replaceme
  ok   #76 L7.content_html [MEDIUM] F28: the old quotation is invented. 'The treasure is lost' is Mary Morstan's line; the replacement is Watson's
  ok   #77 L7.practice_questions[3].marks [MEDIUM] F8: question is labelled 30 marks but the mark scheme ran 1-12 and used the label 'Top band' twice.
  ok   #78 L7.practice_questions[4].text [HIGH] F7: Section B carries no SPaG marks and is out of 30, not 34.
  ok   #79 L7.practice_questions[4].marks [HIGH] F7: AQA Paper 1 Section B (19th-century novel) is 30 marks with no SPaG marks; the ladder awarded 4 SPaG marks
  ok   #80 L7.flashcard_questions[10].q [HIGH] F27: the old card quoted A Study in Scarlet.
  ok   #81 L7.flashcard_questions[10].a [HIGH] F27: replaced with a line Doyle wrote in this novel (Chapter 1).
  PATCH L7: content_html, practice_questions, flashcard_questions
=== 82 applied, 0 skipped, 7 lessons / 21 fields changed
