
=== RE-NARRATION (changed narrated text only) ===
backup: C:\Users\tshau\Documents\Study Vault\scripts\_retrofc\units\english-literature-aqa__the-sign-of-four\_backup.json
unit:   english-literature-aqa / the-sign-of-four
run: 2026-09-02T03:44:19Z  mode: LIVE

7 lessons, 33 clips to regenerate

  L01 (Ollie)  Context: Victorian Empire & Crime
      n2: Arthur Conan Doyle published The Sign of Four in 1890, during the height of the Victorian era . Britain ruled 
             -> 393 KB, 33.5s, uploaded
      n3: Understanding this context is essential for the exam. The examiners test your ability to connect Doyle’s choic
             -> 196 KB, 16.8s, uploaded
      n6: The London of The Sign of Four is a city of extremes. Doyle moves his characters between wealthy drawing rooms
             -> 355 KB, 30.3s, uploaded
      n7: Doyle uses London’s fog and darkness as more than setting. The fog represents moral confusion and hidden truth
             -> 225 KB, 19.2s, uploaded
      n12: The Metropolitan Police’s Criminal Investigation Department (CID) had been created in 1878. Real detectives we
             -> 267 KB, 22.8s, uploaded
      manifest updated (22 entries)
  L02 (Ada)  Chapters 1-4: The Mystery Begins
      n11: Chapter 5: The Horror at Pondicherry Lodge
             -> 42 KB, 3.6s, uploaded
      n14: Key Fact . At Pondicherry Lodge, Holmes finds three crucial clues: a small footprint (Tonga), the marks of a w
             -> 238 KB, 20.3s, uploaded
      n16: How Doyle Builds Suspense in Chapters 1–5
             -> 42 KB, 3.5s, uploaded
      n17: Doyle structures these opening chapters as a crescendo. Chapter 1 is slow and domestic — two friends in a sitt
             -> 416 KB, 35.5s, uploaded
      manifest updated (22 entries)
  L03 (Ollie)  Chapters 5-8: The Chase
      n1: Chapter 6: Holmes at the Crime Scene
             -> 35 KB, 3.0s, uploaded
      n2: While Athelney Jones of Scotland Yard arrests the wrong man (Thaddeus Sholto), Holmes conducts his own methodi
             -> 397 KB, 33.9s, uploaded
      n5: Chapter 7: Toby the Dog
             -> 31 KB, 2.6s, uploaded
      n7: This false trail is structurally important. Doyle uses it to slow the pace, create a setback, and remind the r
             -> 254 KB, 21.7s, uploaded
      n8: Throughout Chapters 6–8, Doyle showcases Holmes’s method in extraordinary detail. At Pondicherry Lodge, Holmes
             -> 276 KB, 23.5s, uploaded
      n10: Chapter 8: The Baker Street Irregulars
             -> 38 KB, 3.2s, uploaded
      n14: Athelney Jones — The Official Detective
             -> 38 KB, 3.2s, uploaded
      n16: Holmes warns: “I never guess. It is a shocking habit — destructive to the logical faculty.” Jones guesses — he
             -> 393 KB, 33.5s, uploaded
      manifest updated (23 entries)
  L04 (Ada)  Chapters 9-12: The Resolution
      n1: Chapter 10: The Thames Chase
             -> 30 KB, 2.6s, uploaded
      n2: The Thames chase is the novel’s most dramatic set piece. Holmes hires a police launch and, with Watson and Ath
             -> 322 KB, 27.5s, uploaded
      n3: The chase serves multiple purposes. It provides thrilling action after the intellectual puzzle of the earlier 
             -> 348 KB, 29.7s, uploaded
      n4: Key Fact . During the chase, Tonga raises his blowpipe at the police launch. Holmes and Watson fire at that in
             -> 266 KB, 22.7s, uploaded
      n8: Chapter 12 is Jonathan Small’s extended confession, narrated in his own voice. Small was a young British soldi
             -> 405 KB, 34.6s, uploaded
      n11: The Agra treasure is the engine of the entire plot. Every crime in the novel flows from it: the original murde
             -> 319 KB, 27.2s, uploaded
      n14: Chapters 11–12: The Ending — Love and Cocaine
             -> 49 KB, 4.2s, uploaded
      manifest updated (23 entries)
  L05 (Ollie)  Character Analysis
      n6: Watson is far more than Holmes’s sidekick. As the first-person narrator , he controls everything the reader se
             -> 298 KB, 25.4s, uploaded
      n8: Mary Morstan challenges some Victorian gender expectations while conforming to others. She is brave: she comes
             -> 305 KB, 26.0s, uploaded
      n11: Jonathan Small is the novel’s most complex character. He is both the antagonist — responsible for Bartholomew’
             -> 271 KB, 23.1s, uploaded
      manifest updated (23 entries)
  L06 (Ada)  Setting, Structure & Detection
      n6: The Thames is central to the novel’s climax. The river was Victorian London’s commercial artery — carrying tra
             -> 399 KB, 34.1s, uploaded
      n7: The Sign of Four uses a dual narrative structure. For most of the novel, Watson narrates the London events in 
             -> 341 KB, 29.1s, uploaded
      n10: Detective fiction depends on the careful planting of clues and red herrings . Doyle is a master of both. The s
             -> 309 KB, 26.4s, uploaded
      n12: Key Fact . Genuine clues: the spilled creosote, the small footprint, the wooden-leg marks, the “sign of the fo
             -> 261 KB, 22.3s, uploaded
      manifest updated (22 entries)
  L07 (Ollie)  Key Themes & Exam Technique
      n15: The romance between Watson and Mary Morstan runs parallel to the detective plot. Watson is attracted to Mary f
             -> 306 KB, 26.1s, uploaded
      n30: “Detection is, or ought to be, an exact science” — Holmes on his own trade (theme: science and reason).
             -> 84 KB, 7.2s, uploaded
      manifest updated (35 entries)

Regenerated 33 clips.

=== VERIFY (ranged GET + freshness) ===
  206  L01 n2  bytes 0-3/402336  Last-Modified: Wed, 02 Sep 2026 03:44:26 GMT  mp3-sync=OK
  206  L01 n3  bytes 0-3/201024  Last-Modified: Wed, 02 Sep 2026 03:44:30 GMT  mp3-sync=OK
  206  L01 n6  bytes 0-3/363168  Last-Modified: Wed, 02 Sep 2026 03:44:35 GMT  mp3-sync=OK
  206  L01 n7  bytes 0-3/230688  Last-Modified: Wed, 02 Sep 2026 03:44:39 GMT  mp3-sync=OK
  206  L01 n12  bytes 0-3/273312  Last-Modified: Wed, 02 Sep 2026 03:44:43 GMT  mp3-sync=OK
  206  L02 n11  bytes 0-3/43200  Last-Modified: Wed, 02 Sep 2026 03:44:45 GMT  mp3-sync=OK
  206  L02 n14  bytes 0-3/243648  Last-Modified: Wed, 02 Sep 2026 03:44:49 GMT  mp3-sync=OK
  206  L02 n16  bytes 0-3/42624  Last-Modified: Wed, 02 Sep 2026 03:44:50 GMT  mp3-sync=OK
  206  L02 n17  bytes 0-3/426240  Last-Modified: Wed, 02 Sep 2026 03:44:57 GMT  mp3-sync=OK
  206  L03 n1  bytes 0-3/36000  Last-Modified: Wed, 02 Sep 2026 03:44:58 GMT  mp3-sync=OK
  206  L03 n2  bytes 0-3/406656  Last-Modified: Wed, 02 Sep 2026 03:45:04 GMT  mp3-sync=OK
  206  L03 n5  bytes 0-3/31680  Last-Modified: Wed, 02 Sep 2026 03:45:05 GMT  mp3-sync=OK
  206  L03 n7  bytes 0-3/260352  Last-Modified: Wed, 02 Sep 2026 03:45:09 GMT  mp3-sync=OK
  206  L03 n8  bytes 0-3/282528  Last-Modified: Wed, 02 Sep 2026 03:45:14 GMT  mp3-sync=OK
  206  L03 n10  bytes 0-3/38880  Last-Modified: Wed, 02 Sep 2026 03:45:15 GMT  mp3-sync=OK
  206  L03 n14  bytes 0-3/38880  Last-Modified: Wed, 02 Sep 2026 03:45:16 GMT  mp3-sync=OK
  206  L03 n16  bytes 0-3/402336  Last-Modified: Wed, 02 Sep 2026 03:45:22 GMT  mp3-sync=OK
  206  L04 n1  bytes 0-3/30816  Last-Modified: Wed, 02 Sep 2026 03:45:23 GMT  mp3-sync=OK
  206  L04 n2  bytes 0-3/330048  Last-Modified: Wed, 02 Sep 2026 03:45:28 GMT  mp3-sync=OK
  206  L04 n3  bytes 0-3/356832  Last-Modified: Wed, 02 Sep 2026 03:45:33 GMT  mp3-sync=OK
  206  L04 n4  bytes 0-3/272160  Last-Modified: Wed, 02 Sep 2026 03:45:37 GMT  mp3-sync=OK
  206  L04 n8  bytes 0-3/415008  Last-Modified: Wed, 02 Sep 2026 03:45:43 GMT  mp3-sync=OK
  206  L04 n11  bytes 0-3/326304  Last-Modified: Wed, 02 Sep 2026 03:45:48 GMT  mp3-sync=OK
  206  L04 n14  bytes 0-3/50112  Last-Modified: Wed, 02 Sep 2026 03:45:49 GMT  mp3-sync=OK
  206  L05 n6  bytes 0-3/304992  Last-Modified: Wed, 02 Sep 2026 03:45:54 GMT  mp3-sync=OK
  206  L05 n8  bytes 0-3/312192  Last-Modified: Wed, 02 Sep 2026 03:45:58 GMT  mp3-sync=OK
  206  L05 n11  bytes 0-3/277056  Last-Modified: Wed, 02 Sep 2026 03:46:03 GMT  mp3-sync=OK
  206  L06 n6  bytes 0-3/408960  Last-Modified: Wed, 02 Sep 2026 03:46:09 GMT  mp3-sync=OK
  206  L06 n7  bytes 0-3/348768  Last-Modified: Wed, 02 Sep 2026 03:46:14 GMT  mp3-sync=OK
  206  L06 n10  bytes 0-3/316512  Last-Modified: Wed, 02 Sep 2026 03:46:19 GMT  mp3-sync=OK
  206  L06 n12  bytes 0-3/267552  Last-Modified: Wed, 02 Sep 2026 03:46:23 GMT  mp3-sync=OK
  206  L07 n15  bytes 0-3/313344  Last-Modified: Wed, 02 Sep 2026 03:46:28 GMT  mp3-sync=OK
  206  L07 n30  bytes 0-3/86112  Last-Modified: Wed, 02 Sep 2026 03:46:29 GMT  mp3-sync=OK

33/33 clips verified HTTP 200/206 with fresh audio.
