=== APPLY EDITS geography-edexcel-a/paper-1-physical-environment  17 edits  LIVE  2026-09-06T04:19:29.990Z
  ok   #0 L1.knowledge_checks[0].options[3] [HIGH] F1: Hercynian is the older name for the Variscan orogeny, so the question had two correct options. Himalayan i
  PATCH L1: knowledge_checks
  ok   #1 L3.content_html [MEDIUM] F2: the UK's prevailing winds are south-westerly (stated in L2 and L7). Holderness is attacked by north-easter
  ok   #2 L3.practice_questions[4].marks [MEDIUM] F3: mark scheme must match the corrected wave direction in F2.
  ok   #3 L3.exam_tip_html [MEDIUM] F4: £5,000-10,000 per metre is the sea-wall cost band, and the lesson's own content gives a sea wall at about 
  PATCH L3: content_html, practice_questions, exam_tip_html
  ok   #4 L5.content_html [MEDIUM] F5: Storm Arwen was a wind and snow storm, not a flood event.
  ok   #5 L5.content_html [MEDIUM] F6: no Tees flood-storage scheme at Hurworth Burn is documented; the Yarm defences are real and are kept.
  ok   #6 L5.content_html [LOW] F7: the fall at High Force is 21 m.
  PATCH L5: content_html
  ok   #7 L6.content_html [MEDIUM] F8: Helvellyn is a broad ridge with corries and aretes, not a pyramidal peak.
  ok   #8 L6.content_html [MEDIUM] F9: same error as F8, repeated in the Key Fact students revise from.
  ok   #9 L6.content_html [MEDIUM] F10: Llyn Idwal is a corrie lake in a hanging valley; Llyn Ogwen is a ribbon lake in the Nant Ffrancon trough.
  PATCH L6: content_html
  ok   #10 L7.content_html [MEDIUM] F11: Met Office data give 2016-2025 at 1.33°C above 1961-1990, and all ten warmest UK years since 2003.
  PATCH L7: content_html
  ok   #11 L9.content_html [MEDIUM] F12: 3 million were affected; about 400,000 were displaced.
  PATCH L9: content_html
  ok   #12 L10.content_html [HIGH] F14: the comparison was inverted. The Lake District averages 2,000-3,300 mm; East Anglia averages about 600 mm
  PATCH L10: content_html
  ok   #13 L11.content_html [MEDIUM] F15: fossil fuel emissions since 1850 total about 485 gigatonnes of carbon, so 250 Gt is around half.
  ok   #14 L11.flashcard_questions[4].a [MEDIUM] F16: same correction as F15, in the flashcard students memorise.
  PATCH L11: content_html, flashcard_questions
  ok   #15 L12.knowledge_checks[4].right[0] [HIGH] F17: two identical labels made the matching key ambiguous, so a correct pairing could be marked wrong.
  ok   #16 L12.knowledge_checks[4].right[2] [HIGH] F17: second half of the same fix; drip tips now match a distinct label.
  PATCH L12: knowledge_checks
=== 17 applied, 0 skipped, 9 lessons / 12 fields changed
