
=== RE-NARRATION (changed narrated text only) ===
backup: C:\Users\tshau\Documents\Study Vault\scripts\_retrofc\units\geography-edexcel-a__paper-1-physical-environment\_backup.json
unit:   geography-edexcel-a / paper-1-physical-environment
run: 2026-09-06T04:19:35Z  mode: LIVE
  L01: no narrated field changed -> skip
  L12: no narrated field changed -> skip

7 lessons, 12 clips to regenerate

  L03 (Ollie)  Coastal Management & a Distinctive UK Coastline
      n10: Why so fast? Three reasons: the rock is soft and slumps when wet; the long fetch across the North Sea generate
             -> 237 KB, 20.2s, uploaded
      n16: Edexcel rewards balanced answers on coastal management. For 8-mark ‘assess’ questions, give at least one hard 
             -> 303 KB, 25.9s, uploaded
      manifest updated (20 entries)
  L05 (Ollie)  River Management & a Distinctive UK River
      n9: The River Tees flows 137 km from Cross Fell in the North Pennines to the North Sea at Middlesbrough. Its journ
             -> 368 KB, 31.4s, uploaded
      n10: Human activity has reshaped the Tees throughout its course. Cow Green Reservoir (built 1970) regulates flow up
             -> 292 KB, 25.0s, uploaded
      n11: Storm Babet in October 2023 brought heavy rain and flood warnings to towns along the Tees including Yarm and S
             -> 325 KB, 27.7s, uploaded
      manifest updated (18 entries)
  L06 (Ada)  Glaciated Upland Landscapes & Landforms
      n8: When a glacier flowed downhill it widened, deepened and straightened the valley it occupied. River-cut V-shape
             -> 379 KB, 32.3s, uploaded
      n13: The Lake District National Park covers 2,362 km 2 in north-west England. Its slate, granite and volcanic rocks
             -> 546 KB, 46.6s, uploaded
      n15: Key Fact . The Lake District contains arêtes (Striding Edge on Helvellyn), corries with tarns (Red Tarn), glac
             -> 173 KB, 14.8s, uploaded
      manifest updated (20 entries)
  L07 (Ollie)  Global Atmospheric Circulation & UK Climate
      n13: UK climate has shifted noticeably even within human history. The Medieval Warm Period (c.950–1250) was warm en
             -> 484 KB, 41.3s, uploaded
      manifest updated (19 entries)
  L09 (Ollie)  Tropical Cyclones: Hazard, Impact & Response
      n14: Cyclone Idai struck the port city of Beira on 14 March 2019, sweeping across central Mozambique, Malawi and Zi
             -> 570 KB, 48.7s, uploaded
      manifest updated (21 entries)
  L10 (Ada)  Drought: Causes, Impacts & Responses
      n2: A drought is unlike a cyclone or earthquake: there is no single moment of impact. It begins quietly with low r
             -> 480 KB, 40.9s, uploaded
      manifest updated (21 entries)
  L11 (Ollie)  Global & UK Ecosystems
      n8: Plants take CO 2 out of the atmosphere through photosynthesis and release oxygen; they also pump water back in
             -> 405 KB, 34.5s, uploaded
      manifest updated (19 entries)

Regenerated 12 clips.

=== VERIFY (ranged GET + freshness) ===
  206  L03 n10  bytes 0-3/242496  Last-Modified: Sun, 06 Sep 2026 04:19:43 GMT  mp3-sync=OK
  206  L03 n16  bytes 0-3/310752  Last-Modified: Sun, 06 Sep 2026 04:19:49 GMT  mp3-sync=OK
  206  L05 n9  bytes 0-3/376992  Last-Modified: Sun, 06 Sep 2026 04:19:59 GMT  mp3-sync=OK
  206  L05 n10  bytes 0-3/299520  Last-Modified: Sun, 06 Sep 2026 04:20:05 GMT  mp3-sync=OK
  206  L05 n11  bytes 0-3/332928  Last-Modified: Sun, 06 Sep 2026 04:20:11 GMT  mp3-sync=OK
  206  L06 n8  bytes 0-3/387648  Last-Modified: Sun, 06 Sep 2026 04:20:19 GMT  mp3-sync=OK
  206  L06 n13  bytes 0-3/559584  Last-Modified: Sun, 06 Sep 2026 04:20:33 GMT  mp3-sync=OK
  206  L06 n15  bytes 0-3/177408  Last-Modified: Sun, 06 Sep 2026 04:20:39 GMT  mp3-sync=OK
  206  L07 n13  bytes 0-3/495936  Last-Modified: Sun, 06 Sep 2026 04:20:54 GMT  mp3-sync=OK
  206  L09 n14  bytes 0-3/584064  Last-Modified: Sun, 06 Sep 2026 04:21:08 GMT  mp3-sync=OK
  206  L10 n2  bytes 0-3/491040  Last-Modified: Sun, 06 Sep 2026 04:21:21 GMT  mp3-sync=OK
  206  L11 n8  bytes 0-3/414432  Last-Modified: Sun, 06 Sep 2026 04:21:32 GMT  mp3-sync=OK

12/12 clips verified HTTP 200/206 with fresh audio.
