=== APPLY EDITS english-literature-ocr/an-inspector-calls  98 edits  LIVE  2026-09-02T17:48:53.499Z
  ok   #0 L1.content_html [MEDIUM] F1: the line is 'old county family' and Birling says it of Lady Croft
  ok   #1 L1.content_html [MEDIUM] F3: the Moscow premiere was in May 1945; 1 October is the London date
  ok   #2 L1.flashcard_questions[13].a [MEDIUM] F2: 'old county family'
  ok   #3 L1.flashcard_questions[3].a [MEDIUM] F4: Moscow premiere was May 1945
  ok   #4 L1.practice_questions[2].marks [MEDIUM] F5: OCR modern drama questions are worth 20 marks; the label and ladder did not match the board's question
  ok   #5 L1.practice_questions[2].type [MEDIUM] F5: OCR modern drama questions are worth 20 marks; the label and ladder did not match the board's question
  ok   #6 L1.practice_questions[3].marks [MEDIUM] F5: OCR modern drama questions are worth 20 marks; the label and ladder did not match the board's question
  ok   #7 L1.practice_questions[4].marks [MEDIUM] F5: OCR modern drama questions are worth 20 marks; the label and ladder did not match the board's question
  ok   #8 L1.practice_questions[4].type [MEDIUM] F5: OCR modern drama questions are worth 20 marks; the label and ladder did not match the board's question
  PATCH L1: content_html, flashcard_questions, practice_questions
  ok   #9 L2.content_html [MEDIUM] F10: the line answers the Inspector, and Birling does not reply to it
  ok   #10 L2.content_html [HIGH] F7: the line is Sheila's, not the Inspector's
  ok   #11 L2.content_html [MEDIUM] F11: neither quoted phrase is in the play
  ok   #12 L2.flashcard_questions[8].a [LOW] F12: the stage direction uses commas, not dashes
  ok   #13 L2.flashcard_questions[9].q [HIGH] F9: the line is Sheila's, not the Inspector's
  ok   #14 L2.practice_questions[2].marks [MEDIUM] F5: OCR modern drama questions are worth 20 marks; the label and ladder did not match the board's question; al
  ok   #15 L2.practice_questions[2].text [HIGH] F8: quotation or speaker corrected in the question
  ok   #16 L2.practice_questions[2].type [MEDIUM] F5: OCR modern drama questions are worth 20 marks; the label and ladder did not match the board's question
  ok   #17 L2.practice_questions[3].marks [MEDIUM] F5: OCR modern drama questions are worth 20 marks; the label and ladder did not match the board's question
  ok   #18 L2.practice_questions[4].marks [MEDIUM] F5: OCR modern drama questions are worth 20 marks; the label and ladder did not match the board's question
  ok   #19 L2.practice_questions[4].type [MEDIUM] F5: OCR modern drama questions are worth 20 marks; the label and ladder did not match the board's question
  PATCH L2: content_html, flashcard_questions, practice_questions
  ok   #20 L3.content_html [MEDIUM] F20: 'old county family', and Birling says it of Lady Croft
  ok   #21 L3.content_html [MEDIUM] F17: invented line; the real exchange gives 'Why should you?' to Gerald
  ok   #22 L3.content_html [MEDIUM] F18: the two real lines were merged into one invented quotation
  ok   #23 L3.content_html [MEDIUM] F19: second half of the quotation is invented
  ok   #24 L3.content_html [HIGH] F13: the slow-closing door is not in the play; the direction ends 'He meets their inquiring stares'
  ok   #25 L3.exam_tip_html [HIGH] F14: same invented stage direction
  ok   #26 L3.flashcard_questions[13].a [HIGH] F16: the door direction is invented
  ok   #27 L3.flashcard_questions[14].a [MEDIUM] F20: 'old county family'
  ok   #28 L3.practice_questions[2].marks [MEDIUM] F5: OCR modern drama questions are worth 20 marks; the label and ladder did not match the board's question
  ok   #29 L3.practice_questions[2].type [MEDIUM] F5: OCR modern drama questions are worth 20 marks; the label and ladder did not match the board's question
  ok   #30 L3.practice_questions[3].marks [MEDIUM] F5: OCR modern drama questions are worth 20 marks; the label and ladder did not match the board's question
  ok   #31 L3.practice_questions[4].marks [MEDIUM] F5: OCR modern drama questions are worth 20 marks; the label and ladder did not match the board's question
  ok   #32 L3.practice_questions[4].type [MEDIUM] F5: OCR modern drama questions are worth 20 marks; the label and ladder did not match the board's question
  ok   #33 L3.practice_questions[5].marks [HIGH] F15: quotation corrected in the mark scheme
  PATCH L3: content_html, exam_tip_html, flashcard_questions, practice_questions
  ok   #34 L4.content_html [LOW] F26: word order of the real line
  ok   #35 L4.content_html [MEDIUM] F25: invented wording; the real line comes after the Inspector leaves
  ok   #36 L4.content_html [MEDIUM] F24: misquotation of Eric's accusation
  ok   #37 L4.content_html [HIGH] F21: Gerald met a sergeant in the street; the order of the checks was reversed
  ok   #38 L4.content_html [HIGH] F23: invented quotation
  ok   #39 L4.content_html [LOW] F27: the final direction reads 'stare guiltily and dumbfounded'
  ok   #40 L4.flashcard_questions[10].a [HIGH] F22: as above
  ok   #41 L4.flashcard_questions[10].q [HIGH] F22: Gerald makes one call, to the infirmary; the sergeant was met in the street
  ok   #42 L4.flashcard_questions[11].a [HIGH] F23: invented quotation
  ok   #43 L4.flashcard_questions[4].a [MEDIUM] F24: misquotation
  ok   #44 L4.knowledge_checks[3].q [HIGH] F23: invented quotation; answer index unchanged (difference)
  ok   #45 L4.practice_questions[2].marks [MEDIUM] F5: OCR modern drama questions are worth 20 marks; the label and ladder did not match the board's question; al
  ok   #46 L4.practice_questions[2].type [MEDIUM] F5: OCR modern drama questions are worth 20 marks; the label and ladder did not match the board's question
  ok   #47 L4.practice_questions[3].marks [MEDIUM] F5: OCR modern drama questions are worth 20 marks; the label and ladder did not match the board's question; al
  ok   #48 L4.practice_questions[4].marks [MEDIUM] F5: OCR modern drama questions are worth 20 marks; the label and ladder did not match the board's question
  ok   #49 L4.practice_questions[4].type [MEDIUM] F5: OCR modern drama questions are worth 20 marks; the label and ladder did not match the board's question
  PATCH L4: content_html, flashcard_questions, knowledge_checks, practice_questions
  ok   #50 L5.content_html [HIGH] F23: invented quotation
  ok   #51 L5.content_html [MEDIUM] F29: 'old county family', said of Lady Croft
  ok   #52 L5.content_html [MEDIUM] F28: invented quotation
  ok   #53 L5.flashcard_questions[6].a [HIGH] F23: invented quotation
  ok   #54 L5.practice_questions[1].marks [LOW] F26: quotation corrected in the mark scheme
  ok   #55 L5.practice_questions[2].marks [MEDIUM] F5: OCR modern drama questions are worth 20 marks; the label and ladder did not match the board's question
  ok   #56 L5.practice_questions[2].type [MEDIUM] F5: OCR modern drama questions are worth 20 marks; the label and ladder did not match the board's question
  ok   #57 L5.practice_questions[3].marks [MEDIUM] F5: OCR modern drama questions are worth 20 marks; the label and ladder did not match the board's question
  ok   #58 L5.practice_questions[4].marks [MEDIUM] F5: OCR modern drama questions are worth 20 marks; the label and ladder did not match the board's question
  ok   #59 L5.practice_questions[4].type [MEDIUM] F5: OCR modern drama questions are worth 20 marks; the label and ladder did not match the board's question
  PATCH L5: content_html, flashcard_questions, practice_questions
  ok   #60 L6.content_html [LOW] F27: the final direction reads 'stare guiltily and dumbfounded'
  ok   #61 L6.content_html [MEDIUM] F30: invented quotation
  ok   #62 L6.flashcard_questions[14].a [LOW] F27: the final direction reads 'stare guiltily and dumbfounded'
  ok   #63 L6.practice_questions[2].marks [MEDIUM] F5: OCR modern drama questions are worth 20 marks; the label and ladder did not match the board's question
  ok   #64 L6.practice_questions[2].type [MEDIUM] F5: OCR modern drama questions are worth 20 marks; the label and ladder did not match the board's question
  ok   #65 L6.practice_questions[3].marks [MEDIUM] F5: OCR modern drama questions are worth 20 marks; the label and ladder did not match the board's question
  ok   #66 L6.practice_questions[4].marks [MEDIUM] F5: OCR modern drama questions are worth 20 marks; the label and ladder did not match the board's question; al
  ok   #67 L6.practice_questions[4].type [MEDIUM] F5: OCR modern drama questions are worth 20 marks; the label and ladder did not match the board's question
  ok   #68 L6.practice_questions[5].marks [LOW] F27: quotation corrected in the mark scheme
  ok   #69 L6.practice_questions[5].text [HIGH] F27: quotation or speaker corrected in the question
  PATCH L6: content_html, flashcard_questions, practice_questions
  ok   #70 L7.content_html [HIGH] F23: invented quotation
  ok   #71 L7.content_html [MEDIUM] F31: the line answers Birling's 'I'm a public man', not a threat about the chief constable
  ok   #72 L7.flashcard_questions[2].a [HIGH] F23: invented quotation
  ok   #73 L7.practice_questions[2].marks [MEDIUM] F5: OCR modern drama questions are worth 20 marks; the label and ladder did not match the board's question
  ok   #74 L7.practice_questions[2].type [MEDIUM] F5: OCR modern drama questions are worth 20 marks; the label and ladder did not match the board's question
  ok   #75 L7.practice_questions[3].marks [MEDIUM] F5: OCR modern drama questions are worth 20 marks; the label and ladder did not match the board's question; al
  ok   #76 L7.practice_questions[4].marks [MEDIUM] F5: OCR modern drama questions are worth 20 marks; the label and ladder did not match the board's question
  ok   #77 L7.practice_questions[4].type [MEDIUM] F5: OCR modern drama questions are worth 20 marks; the label and ladder did not match the board's question
  PATCH L7: content_html, flashcard_questions, practice_questions
  ok   #78 L8.content_html [MEDIUM] F32: chain of events order - Eric's affair comes before the committee refusal
  ok   #79 L8.content_html [MEDIUM] F35: 'old county family', said of Lady Croft
  ok   #80 L8.content_html [LOW] F26: word order of the real line
  ok   #81 L8.content_html [HIGH] F23: invented quotation
  ok   #82 L8.content_html [HIGH] F23: invented quotation in the memorisation list
  ok   #83 L8.flashcard_questions[10].a [MEDIUM] F35: 'old county family'
  ok   #84 L8.flashcard_questions[11].a [MEDIUM] F34: as above
  ok   #85 L8.flashcard_questions[11].q [MEDIUM] F34: 'cheap labour' is not Birling's phrase and the card asked for a quotation it did not give
  ok   #86 L8.flashcard_questions[6].a [LOW] F26: word order
  ok   #87 L8.flashcard_questions[7].a [HIGH] F23: invented quotation
  ok   #88 L8.knowledge_checks[4].right[2] [HIGH] F23: invented quotation
  ok   #89 L8.practice_questions[0].marks [LOW] F26: quotation corrected in the mark scheme
  ok   #90 L8.practice_questions[0].text [HIGH] F33: quotation or speaker corrected in the question
  ok   #91 L8.practice_questions[2].marks [MEDIUM] F5: OCR modern drama questions are worth 20 marks; the label and ladder did not match the board's question
  ok   #92 L8.practice_questions[2].type [MEDIUM] F5: OCR modern drama questions are worth 20 marks; the label and ladder did not match the board's question
  ok   #93 L8.practice_questions[3].marks [MEDIUM] F5: OCR modern drama questions are worth 20 marks; the label and ladder did not match the board's question; al
  ok   #94 L8.practice_questions[4].marks [MEDIUM] F5: OCR modern drama questions are worth 20 marks; the label and ladder did not match the board's question
  ok   #95 L8.practice_questions[4].type [MEDIUM] F5: OCR modern drama questions are worth 20 marks; the label and ladder did not match the board's question
  ok   #96 L8.practice_questions[5].marks [HIGH] F23: quotation corrected in the mark scheme
  ok   #97 L8.practice_questions[5].text [HIGH] F23: quotation or speaker corrected in the question
  PATCH L8: content_html, flashcard_questions, knowledge_checks, practice_questions
=== 98 applied, 0 skipped, 8 lessons / 27 fields changed
