=== APPLY EDITS drama/blood-brothers  35 edits  LIVE  2026-09-18T20:17:58.794Z
  ok   #0 L2.content_html [HIGH] F1: unverified Edward line removed; the moment is described instead.
  ok   #1 L2.content_html [HIGH] F2: two unverified Edward lines removed; the character points are kept.
  ok   #2 L2.content_html [HIGH] F3: unverified Mrs Johnstone line removed.
  ok   #3 L2.content_html [HIGH] F4: two unverified Mrs Johnstone lines removed; the moments stay.
  ok   #4 L2.content_html [MEDIUM] F5: revision tip no longer points at removed quotes.
  ok   #5 L2.content_html [HIGH] F5: key-fact box rebuilt on moments, not unverified quotes.
  ok   #6 L2.content_html [HIGH] F6: unverified Mrs Lyons line removed; the oath itself stays.
  ok   #7 L2.content_html [HIGH] F7: two unverified Mrs Lyons lines removed; the actions are described.
  ok   #8 L2.content_html [HIGH] F8: unverified Mrs Lyons line removed.
  ok   #9 L2.content_html [HIGH] F9: two unverified Linda lines removed.
  ok   #10 L2.content_html [HIGH] F10: unverified Linda line removed.
  ok   #11 L2.content_html [MEDIUM] F11: revision tip no longer points at removed quotes.
  ok   #12 L2.content_html [HIGH] F11: key-fact box rebuilt on moments, not unverified quotes.
  ok   #13 L2.content_html [HIGH] F12: unverified Sammy line removed.
  ok   #14 L2.content_html [MEDIUM] F13: revision tip no longer points at a removed quote.
  ok   #15 L2.content_html [HIGH] F13: key-fact box rebuilt on action, not an unverified quote.
  ok   #16 L2.practice_questions[1].text [HIGH] F14: question no longer set on an unverified line.
  ok   #17 L2.practice_questions[1].marks [HIGH] F14: mark scheme rewritten for the new question.
  ok   #18 L2.flashcard_questions[1].q [HIGH] F15: card rebuilt on the verified blood-brother line.
  ok   #19 L2.flashcard_questions[1].a [HIGH] F15: card rebuilt on the verified blood-brother line.
  ok   #20 L2.flashcard_questions[2].q [HIGH] F16: card rebuilt on the plot point, not an unverified line.
  ok   #21 L2.flashcard_questions[2].a [HIGH] F16: card rebuilt on the plot point, not an unverified line.
  ok   #22 L2.flashcard_questions[3].q [HIGH] F17: card rebuilt on the plot point, not an unverified line.
  ok   #23 L2.flashcard_questions[3].a [HIGH] F17: card rebuilt on the plot point, not an unverified line.
  ok   #24 L2.flashcard_questions[4].q [HIGH] F18: card rebuilt on her actions, not an unverified line.
  ok   #25 L2.flashcard_questions[4].a [HIGH] F18: card rebuilt on her actions, not an unverified line.
  ok   #26 L2.flashcard_questions[6].q [HIGH] F19: card rebuilt on the plot point, not an unverified line.
  ok   #27 L2.flashcard_questions[6].a [HIGH] F19: card rebuilt on the plot point, not an unverified line.
  ok   #28 L2.flashcard_questions[7].q [HIGH] F20: card rebuilt on the plot point, not an unverified line.
  ok   #29 L2.flashcard_questions[7].a [HIGH] F20: card rebuilt on the plot point, not an unverified line.
  PATCH L2: content_html, practice_questions, flashcard_questions
  ok   #30 L3.content_html [HIGH] F21: unverified Edward line removed from the Money theme.
  ok   #31 L3.practice_questions[1].text [HIGH] F22: question no longer set on an unverified line.
  ok   #32 L3.practice_questions[1].marks [HIGH] F22: mark scheme rewritten for the new question.
  PATCH L3: content_html, practice_questions
  ok   #33 L7.content_html [HIGH] F23: worked example no longer quotes an unverified line; the bullets below still fit.
  PATCH L7: content_html
  ok   #34 L8.content_html [HIGH] F24: unverified line swapped for the verified blood-brother line.
  PATCH L8: content_html
=== 35 applied, 0 skipped, 4 lessons / 7 fields changed
