
=== RE-NARRATION (changed narrated text only) ===
backup: C:\Users\tshau\Documents\Study Vault\scripts\_retrofc\units\drama@unity__blood-brothers-quotes\_backup.json
unit:   drama / blood-brothers
run: 2026-09-18T20:18:01Z  mode: LIVE

4 lessons, 16 clips to regenerate

  L02 (Ada)  Characters
      n8: Edward is Mickey’s twin, raised by the wealthy Lyons family. As a child, he is polite, well-spoken, and lonely
             -> 229 KB, 19.5s, uploaded
      n9: As an adult, Edward goes to university, becomes a city councillor, and enjoys all the advantages his class aff
             -> 287 KB, 24.5s, uploaded
      n12: Mrs Johnstone is the biological mother of the twins. She is warm, loving, and fun, but trapped by poverty. She
             -> 229 KB, 19.5s, uploaded
      n13: Despite her hardship, Mrs Johnstone has a strong sense of fun and optimism. She sings, jokes, and comforts her
             -> 348 KB, 29.7s, uploaded
      n36: Key Fact . Mrs Johnstone’s key moments: agreeing to give one twin away shows her desperation and poverty. Comf
             -> 382 KB, 32.6s, uploaded
      n15: Mrs Lyons is Edward’s adoptive mother and Mrs Johnstone’s employer. She is initially presented as lonely and d
             -> 198 KB, 16.9s, uploaded
      n16: As the play progresses, Mrs Lyons becomes increasingly paranoid, possessive, and unstable. She sacks Mrs Johns
             -> 327 KB, 27.9s, uploaded
      n17: Key Fact . Mrs Lyons treats Edward as her property — her possessiveness spirals into fear and instability. Com
             -> 188 KB, 16.0s, uploaded
      n21: Linda grows up alongside Mickey and Edward. As a child, she is bright, positive, and enthusiastic. She defends
             -> 199 KB, 16.9s, uploaded
      n22: As an adult, Linda watches Mickey deteriorate after prison. Her despair at how little of the old Mickey is lef
             -> 248 KB, 21.2s, uploaded
      n38: Key Fact . Linda’s key moments: standing up for Mickey when other children pick on him (as a child — shows loy
             -> 438 KB, 37.4s, uploaded
      n24: Sammy is Mickey’s older brother and a product of the same deprived environment. He is rebellious from childhoo
             -> 346 KB, 29.6s, uploaded
      n39: Key Fact . Sammy’s key action: he drags Mickey into the robbery that destroys his life. Voice: Aggressive tone
             -> 324 KB, 27.6s, uploaded
      manifest updated (35 entries)
  L03 (Ollie)  Themes & Context
      n24: Money: Money determines everything in Blood Brothers. It determines where you live, how you are treated by the
             -> 187 KB, 16.0s, uploaded
      manifest updated (30 entries)
  L07 (Ollie)  Performance Skills & Semiotics
      n26: Example: Edward asks Mickey to be his friend when the boys first meet.
             -> 53 KB, 4.5s, uploaded
      manifest updated (28 entries)
  L08 (Ada)  Key Scenes & Directing
      n8: The twins meet by chance at age seven and immediately bond. Edward asks Mickey to be his friend, and Mickey of
             -> 152 KB, 13.0s, uploaded
      manifest updated (24 entries)

Regenerated 16 clips.

=== VERIFY (ranged GET + freshness) ===
  206  L02 n8  bytes 0-3/234432  Last-Modified: Fri, 18 Sep 2026 20:18:07 GMT  mp3-sync=OK
  206  L02 n9  bytes 0-3/294048  Last-Modified: Fri, 18 Sep 2026 20:18:12 GMT  mp3-sync=OK
  206  L02 n12  bytes 0-3/234432  Last-Modified: Fri, 18 Sep 2026 20:18:16 GMT  mp3-sync=OK
  206  L02 n13  bytes 0-3/356544  Last-Modified: Fri, 18 Sep 2026 20:18:21 GMT  mp3-sync=OK
  206  L02 n36  bytes 0-3/391104  Last-Modified: Fri, 18 Sep 2026 20:18:28 GMT  mp3-sync=OK
  206  L02 n15  bytes 0-3/202752  Last-Modified: Fri, 18 Sep 2026 20:18:31 GMT  mp3-sync=OK
  206  L02 n16  bytes 0-3/334368  Last-Modified: Fri, 18 Sep 2026 20:18:36 GMT  mp3-sync=OK
  206  L02 n17  bytes 0-3/192384  Last-Modified: Fri, 18 Sep 2026 20:18:40 GMT  mp3-sync=OK
  206  L02 n21  bytes 0-3/203328  Last-Modified: Fri, 18 Sep 2026 20:18:43 GMT  mp3-sync=OK
  206  L02 n22  bytes 0-3/254016  Last-Modified: Fri, 18 Sep 2026 20:18:47 GMT  mp3-sync=OK
  206  L02 n38  bytes 0-3/448992  Last-Modified: Fri, 18 Sep 2026 20:18:54 GMT  mp3-sync=OK
  206  L02 n24  bytes 0-3/354816  Last-Modified: Fri, 18 Sep 2026 20:18:59 GMT  mp3-sync=OK
  206  L02 n39  bytes 0-3/331776  Last-Modified: Fri, 18 Sep 2026 20:19:05 GMT  mp3-sync=OK
  206  L03 n24  bytes 0-3/191808  Last-Modified: Fri, 18 Sep 2026 20:19:09 GMT  mp3-sync=OK
  206  L07 n26  bytes 0-3/54432  Last-Modified: Fri, 18 Sep 2026 20:19:10 GMT  mp3-sync=OK
  206  L08 n8  bytes 0-3/155808  Last-Modified: Fri, 18 Sep 2026 20:19:13 GMT  mp3-sync=OK

16/16 clips verified HTTP 200/206 with fresh audio.
