
=== RE-NARRATION (changed narrated text only) ===
backup: C:\Users\tshau\Documents\Study Vault\scripts\_retrofc\units\computer-science-eduqas__networks-internet-cybersecurity\_backup.json
unit:   computer-science-eduqas / networks-internet-cybersecurity
run: 2026-09-06T10:21:55Z  mode: LIVE
  L05: no narrated field changed -> skip

3 lessons, 3 clips to regenerate

  L03 (Ollie)  The OSI 7-Layer Model and Protocols
      n3: A common weakness is being able to name the OSI layers but not describe what each one does. This lesson focuss
             -> 252 KB, 21.5s, uploaded
      manifest updated (42 entries)
  L04 (Ada)  Packet Switching and Routing
      n40: Routing cost calculation is directly examinable on this course. In the exam, draw out the network, label each 
             -> 382 KB, 32.6s, uploaded
      manifest updated (44 entries)
  L06 (Ada)  Cybersecurity Threats and Defences
      n27: Key Fact . The seven main threats you must know are: malware (malicious software), phishing (deceptive emails 
             -> 298 KB, 25.4s, uploaded
      manifest updated (41 entries)

Regenerated 3 clips.

=== VERIFY (ranged GET + freshness) ===
  206  L03 n3  bytes 0-3/258048  Last-Modified: Sun, 06 Sep 2026 10:22:03 GMT  mp3-sync=OK
  206  L04 n40  bytes 0-3/390816  Last-Modified: Sun, 06 Sep 2026 10:22:11 GMT  mp3-sync=OK
  206  L06 n27  bytes 0-3/305280  Last-Modified: Sun, 06 Sep 2026 10:22:17 GMT  mp3-sync=OK

3/3 clips verified HTTP 200/206 with fresh audio.
