=== APPLY EDITS geography/paper-1  33 edits  LIVE  2026-09-18T20:16:27.687Z
  ok   #13 L1.description [LOW] F5: description was 127 characters, over the 100-character limit
  PATCH L1: description
  ok   #14 L2.description [LOW] F5: description was 131 characters, over the 100-character limit
  PATCH L2: description
  ok   #15 L3.description [LOW] F5: description was 143 characters, over the 100-character limit
  PATCH L3: description
  ok   #16 L4.description [LOW] F5: description was 147 characters, over the 100-character limit
  PATCH L4: description
  ok   #17 L5.description [LOW] F5: description was 154 characters, over the 100-character limit
  PATCH L5: description
  ok   #18 L6.description [LOW] F5: description was 151 characters, over the 100-character limit
  PATCH L6: description
  ok   #0 L7.content_html [HIGH] F1: cost breakdown did not add up (129.2+98.3+34+12.9 = 274.4, not 276.5) and government + insurance exceeded 
  ok   #1 L7.content_html [HIGH] F2: £275m is the total Cumbria damage bill (Cumbria County Council, one year on); insurers paid out £174m acro
  ok   #2 L7.conclusion_html [HIGH] F2: £275m is the total Cumbria damage bill (Cumbria County Council, one year on); insurers paid out £174m acro
  ok   #3 L7.exam_tip_html [HIGH] F2: £275m is the total Cumbria damage bill (Cumbria County Council, one year on); insurers paid out £174m acro
  ok   #4 L7.practice_questions[3].marks [HIGH] F2: £275m is the total Cumbria damage bill (Cumbria County Council, one year on); insurers paid out £174m acro
  ok   #5 L7.practice_questions[5].marks [HIGH] F2: £275m is the total Cumbria damage bill (Cumbria County Council, one year on); insurers paid out £174m acro
  ok   #6 L7.knowledge_checks[3].q [HIGH] F2: £275m is the total Cumbria damage bill (Cumbria County Council, one year on); insurers paid out £174m acro
  ok   #7 L7.knowledge_checks[4].right[1] [HIGH] F2: £275m is the total Cumbria damage bill (Cumbria County Council, one year on); insurers paid out £174m acro
  ok   #8 L7.flashcard_questions[10].q [HIGH] F2: £275m is the total Cumbria damage bill (Cumbria County Council, one year on); insurers paid out £174m acro
  ok   #19 L7.description [LOW] F5: description was 149 characters, over the 100-character limit
  PATCH L7: content_html, conclusion_html, exam_tip_html, practice_questions, knowledge_checks, flashcard_questions, description
  ok   #20 L8.description [LOW] F5: description was 147 characters, over the 100-character limit
  PATCH L8: description
  ok   #21 L9.description [LOW] F5: description was 142 characters, over the 100-character limit
  PATCH L9: description
  ok   #11 L10.practice_questions[5].marks [HIGH] F3: rainforests make about 20% of the oxygen produced by land plants, not 20% of the world's oxygen; the Amazo
  ok   #22 L10.description [LOW] F5: description was 150 characters, over the 100-character limit
  PATCH L10: practice_questions, description
  ok   #9 L11.content_html [HIGH] F3: rainforests make about 20% of the oxygen produced by land plants, not 20% of the world's oxygen; the Amazo
  ok   #10 L11.conclusion_html [HIGH] F3: rainforests make about 20% of the oxygen produced by land plants, not 20% of the world's oxygen; the Amazo
  ok   #23 L11.description [LOW] F5: description was 136 characters, over the 100-character limit
  PATCH L11: content_html, conclusion_html, description
  ok   #24 L12.description [LOW] F5: description was 151 characters, over the 100-character limit
  PATCH L12: description
  ok   #25 L13.description [LOW] F5: description was 144 characters, over the 100-character limit
  PATCH L13: description
  ok   #26 L14.description [LOW] F5: description was 157 characters, over the 100-character limit
  PATCH L14: description
  ok   #27 L15.description [LOW] F5: description was 154 characters, over the 100-character limit
  PATCH L15: description
  ok   #12 L16.content_html [MEDIUM] F4: wrong unit — the lesson's own dune figure is per 100 metres, so per kilometre made nourishment 100x too ch
  ok   #28 L16.description [LOW] F5: description was 140 characters, over the 100-character limit
  PATCH L16: content_html, description
  ok   #29 L17.description [LOW] F5: description was 140 characters, over the 100-character limit
  PATCH L17: description
  ok   #30 L18.description [LOW] F5: description was 139 characters, over the 100-character limit
  PATCH L18: description
  ok   #31 L19.description [LOW] F5: description was 141 characters, over the 100-character limit
  PATCH L19: description
  ok   #32 L20.description [LOW] F5: description was 136 characters, over the 100-character limit
  PATCH L20: description
=== 33 applied, 0 skipped, 20 lessons / 30 fields changed
