=== APPLY EDITS religious-studies/islam-beliefs  32 edits  LIVE  2026-09-18T10:23:39.231Z
  ok   #0 L1.content_html [LOW] F18: mangled sentence left by a board-name strip.
  ok   #1 L1.content_html [MEDIUM] F13: Surah 16:90 quoted as a paraphrase; replaced with a recognised translation.
  ok   #2 L1.content_html [MEDIUM] F11: the Five Pillars are the Sunni framing; Shi'a Islam sets the same duties inside the Ten Obligatory Acts (
  ok   #3 L1.practice_questions[3].marks [MEDIUM] F13: Surah 16:90 quoted as a paraphrase; replaced with a recognised translation.
  ok   #4 L1.practice_questions[4].marks [HIGH] F3: banned band name 'Level 2' in a mark scheme. F11: Shi'a Islam does not use the Five Pillars framing.
  PATCH L1: content_html, practice_questions
  ok   #5 L2.content_html [MEDIUM] F12: Surah 112 was a stitched paraphrase; 'None is born of Him, He is unborn' is in no recognised translation.
  ok   #6 L2.content_html [LOW] F12: keeps one translation of Surah 112 across the lesson.
  ok   #7 L2.content_html [MEDIUM] F10: the spec names four (omnipotence, beneficence, mercy, fairness and justice/Adalat); the list repeats just
  ok   #8 L2.content_html [MEDIUM] F10: count corrected to match the spec.
  ok   #9 L2.content_html [MEDIUM] F10: this is the Shi'a name for the fourth quality, not a fifth quality.
  ok   #10 L2.content_html [MEDIUM] F13: Surah 16:90 quoted as a paraphrase; replaced with a recognised translation.
  ok   #11 L2.practice_questions[4].marks [HIGH] F3: banned band name 'Level 2' in a mark scheme.
  PATCH L2: content_html, practice_questions
  ok   #12 L3.exam_tip_html [HIGH] F4: banned band name 'Level 4'; also drops quoted mark-scheme wording.
  ok   #13 L3.practice_questions[4].marks [HIGH] F3: banned band name 'Level 2' in a mark scheme.
  ok   #14 L3.flashcard_questions[3].a [MEDIUM] F7: mangled entity 'Muhammadrsquos' on the card answer.
  ok   #15 L3.flashcard_questions[4].q [LOW] F8: 'Key Fact' label scraped into the card front.
  PATCH L3: exam_tip_html, practice_questions, flashcard_questions
  ok   #16 L4.content_html [MEDIUM] F14: Surah 23:102-103 was a stitched paraphrase; replaced with Abdel Haleem.
  ok   #17 L4.exam_tip_html [HIGH] F4: banned band name 'Level 4'.
  ok   #18 L4.practice_questions[4].marks [HIGH] F3: banned band name 'Level 2' in a mark scheme.
  ok   #19 L4.flashcard_questions[1].q [LOW] F19: the answer word 'human' appeared in the card's own question.
  PATCH L4: content_html, exam_tip_html, practice_questions, flashcard_questions
  ok   #20 L5.exam_tip_html [HIGH] F1: the source-of-authority question is worth 6 marks (spec: 1, 1, 4, 6 and 12); lessons 1-4 all say 6.
  ok   #21 L5.content_html [MEDIUM] F9: Akhirah begins at death; the lesson itself places Barzakh inside Akhirah.
  ok   #22 L5.content_html [LOW] F15: revision tip pointed at a list of five items that is not in the box.
  ok   #23 L5.content_html [LOW] F15/F16: truncated revision tip and the misspelling 'Qiyyamah'.
  ok   #24 L5.content_html [LOW] F15: truncated revision tip.
  ok   #25 L5.content_html [LOW] F16: standard transliteration is Yawm al-Qiyamah.
  ok   #26 L5.practice_questions[1].text [MEDIUM] F6: question asked for 'one ... beliefs' while the key marked two.
  ok   #27 L5.practice_questions[1].marks [MEDIUM] F6: key said one mark each but the question is worth 1 mark in total.
  ok   #28 L5.practice_questions[3].marks [MEDIUM] F5: the breakdown summed to 5 on a 6-mark question.
  ok   #29 L5.practice_questions[4].marks [LOW] F17: duplicated word in the mark label.
  ok   #30 L5.glossary_terms[0].definition [MEDIUM] F9: Akhirah begins at death, not at the Day of Judgement.
  ok   #31 L5.flashcard_questions[0].q [MEDIUM] F9: Akhirah begins at death, not at the Day of Judgement.
  PATCH L5: exam_tip_html, content_html, practice_questions, glossary_terms, flashcard_questions
=== 32 applied, 0 skipped, 5 lessons / 16 fields changed
=== APPLY EDITS religious-studies/islam-beliefs  32 edits  LIVE  2026-09-18T10:23:46.866Z
  ok   #0 L1.content_html [LOW] F18: mangled sentence left by a board-name strip.
  ok   #1 L1.content_html [MEDIUM] F13: Surah 16:90 quoted as a paraphrase; replaced with a recognised translation.
  ok   #2 L1.content_html [MEDIUM] F11: the Five Pillars are the Sunni framing; Shi'a Islam sets the same duties inside the Ten Obligatory Acts (
  ok   #3 L1.practice_questions[3].marks [MEDIUM] F13: Surah 16:90 quoted as a paraphrase; replaced with a recognised translation.
  ok   #4 L1.practice_questions[4].marks [HIGH] F3: banned band name 'Level 2' in a mark scheme. F11: Shi'a Islam does not use the Five Pillars framing.
  PATCH L1: content_html, practice_questions
  ok   #5 L2.content_html [MEDIUM] F12: Surah 112 was a stitched paraphrase; 'None is born of Him, He is unborn' is in no recognised translation.
  ok   #6 L2.content_html [LOW] F12: keeps one translation of Surah 112 across the lesson.
  ok   #7 L2.content_html [MEDIUM] F10: the spec names four (omnipotence, beneficence, mercy, fairness and justice/Adalat); the list repeats just
  ok   #8 L2.content_html [MEDIUM] F10: count corrected to match the spec.
  ok   #9 L2.content_html [MEDIUM] F10: this is the Shi'a name for the fourth quality, not a fifth quality.
  ok   #10 L2.content_html [MEDIUM] F13: Surah 16:90 quoted as a paraphrase; replaced with a recognised translation.
  ok   #11 L2.practice_questions[4].marks [HIGH] F3: banned band name 'Level 2' in a mark scheme.
  PATCH L2: content_html, practice_questions
  ok   #12 L3.exam_tip_html [HIGH] F4: banned band name 'Level 4'; also drops quoted mark-scheme wording.
  ok   #13 L3.practice_questions[4].marks [HIGH] F3: banned band name 'Level 2' in a mark scheme.
  ok   #14 L3.flashcard_questions[3].a [MEDIUM] F7: mangled entity 'Muhammadrsquos' on the card answer.
  ok   #15 L3.flashcard_questions[4].q [LOW] F8: 'Key Fact' label scraped into the card front.
  PATCH L3: exam_tip_html, practice_questions, flashcard_questions
  ok   #16 L4.content_html [MEDIUM] F14: Surah 23:102-103 was a stitched paraphrase; replaced with Abdel Haleem.
  ok   #17 L4.exam_tip_html [HIGH] F4: banned band name 'Level 4'.
  ok   #18 L4.practice_questions[4].marks [HIGH] F3: banned band name 'Level 2' in a mark scheme.
  ok   #19 L4.flashcard_questions[1].q [LOW] F19: the answer word 'human' appeared in the card's own question.
  PATCH L4: content_html, exam_tip_html, practice_questions, flashcard_questions
  ok   #20 L5.exam_tip_html [HIGH] F1: the source-of-authority question is worth 6 marks (spec: 1, 1, 4, 6 and 12); lessons 1-4 all say 6.
  ok   #21 L5.content_html [MEDIUM] F9: Akhirah begins at death; the lesson itself places Barzakh inside Akhirah.
  ok   #22 L5.content_html [LOW] F15: revision tip pointed at a list of five items that is not in the box.
  ok   #23 L5.content_html [LOW] F15/F16: truncated revision tip and the misspelling 'Qiyyamah'.
  ok   #24 L5.content_html [LOW] F15: truncated revision tip.
  ok   #25 L5.content_html [LOW] F16: standard transliteration is Yawm al-Qiyamah.
  ok   #26 L5.practice_questions[1].text [MEDIUM] F6: question asked for 'one ... beliefs' while the key marked two.
  ok   #27 L5.practice_questions[1].marks [MEDIUM] F6: key said one mark each but the question is worth 1 mark in total.
  ok   #28 L5.practice_questions[3].marks [MEDIUM] F5: the breakdown summed to 5 on a 6-mark question.
  ok   #29 L5.practice_questions[4].marks [LOW] F17: duplicated word in the mark label.
  ok   #30 L5.glossary_terms[0].definition [MEDIUM] F9: Akhirah begins at death, not at the Day of Judgement.
  ok   #31 L5.flashcard_questions[0].q [MEDIUM] F9: Akhirah begins at death, not at the Day of Judgement.
  PATCH L5: exam_tip_html, content_html, practice_questions, glossary_terms, flashcard_questions
=== 32 applied, 0 skipped, 5 lessons / 16 fields changed
=== APPLY EDITS religious-studies/islam-beliefs  34 edits  LIVE  2026-09-18T10:24:18.361Z
  ok   #0 L1.content_html [LOW] F18: mangled sentence left by a board-name strip.
  ok   #1 L1.content_html [MEDIUM] F13: Surah 16:90 quoted as a paraphrase; replaced with a recognised translation.
  ok   #2 L1.content_html [MEDIUM] F11: the Five Pillars are the Sunni framing; Shi'a Islam sets the same duties inside the Ten Obligatory Acts (
  ok   #3 L1.practice_questions[3].marks [MEDIUM] F13: Surah 16:90 quoted as a paraphrase; replaced with a recognised translation.
  ok   #4 L1.practice_questions[4].marks [HIGH] F3: banned band name 'Level 2' in a mark scheme. F11: Shi'a Islam does not use the Five Pillars framing.
  PATCH L1: content_html, practice_questions
  ok   #5 L2.content_html [MEDIUM] F12: Surah 112 was a stitched paraphrase; 'None is born of Him, He is unborn' is in no recognised translation.
  ok   #6 L2.content_html [LOW] F12: keeps one translation of Surah 112 across the lesson.
  ok   #7 L2.content_html [MEDIUM] F10: the spec names four (omnipotence, beneficence, mercy, fairness and justice/Adalat); the list repeats just
  ok   #8 L2.content_html [MEDIUM] F10: count corrected to match the spec.
  ok   #9 L2.content_html [MEDIUM] F10: this is the Shi'a name for the fourth quality, not a fifth quality.
  ok   #10 L2.content_html [MEDIUM] F13: Surah 16:90 quoted as a paraphrase; replaced with a recognised translation.
  ok   #11 L2.practice_questions[4].marks [HIGH] F3: banned band name 'Level 2' in a mark scheme.
  PATCH L2: content_html, practice_questions
  ok   #12 L3.exam_tip_html [HIGH] F4: banned band name 'Level 4'; also drops quoted mark-scheme wording.
  ok   #13 L3.practice_questions[4].marks [HIGH] F3: banned band name 'Level 2' in a mark scheme.
  ok   #30 L3.flashcard_questions[3].q [MEDIUM] Orchestrator: cloze card rewritten as a question
  ok   #31 L3.flashcard_questions[3].a [MEDIUM] Orchestrator: answer aligned to the rewritten question
  ok   #32 L3.flashcard_questions[4].q [MEDIUM] Orchestrator: cloze card rewritten as a question
  ok   #33 L3.flashcard_questions[4].a [MEDIUM] Orchestrator: answer aligned to the rewritten question
  PATCH L3: exam_tip_html, practice_questions, flashcard_questions
  ok   #14 L4.content_html [MEDIUM] F14: Surah 23:102-103 was a stitched paraphrase; replaced with Abdel Haleem.
  ok   #15 L4.exam_tip_html [HIGH] F4: banned band name 'Level 4'.
  ok   #16 L4.practice_questions[4].marks [HIGH] F3: banned band name 'Level 2' in a mark scheme.
  ok   #17 L4.flashcard_questions[1].q [LOW] F19: the answer word 'human' appeared in the card's own question.
  PATCH L4: content_html, exam_tip_html, practice_questions, flashcard_questions
  ok   #18 L5.exam_tip_html [HIGH] F1: the source-of-authority question is worth 6 marks (spec: 1, 1, 4, 6 and 12); lessons 1-4 all say 6.
  ok   #19 L5.content_html [MEDIUM] F9: Akhirah begins at death; the lesson itself places Barzakh inside Akhirah.
  ok   #20 L5.content_html [LOW] F15: revision tip pointed at a list of five items that is not in the box.
  ok   #21 L5.content_html [LOW] F15/F16: truncated revision tip and the misspelling 'Qiyyamah'.
  ok   #22 L5.content_html [LOW] F15: truncated revision tip.
  ok   #23 L5.content_html [LOW] F16: standard transliteration is Yawm al-Qiyamah.
  ok   #24 L5.practice_questions[1].text [MEDIUM] F6: question asked for 'one ... beliefs' while the key marked two.
  ok   #25 L5.practice_questions[1].marks [MEDIUM] F6: key said one mark each but the question is worth 1 mark in total.
  ok   #26 L5.practice_questions[3].marks [MEDIUM] F5: the breakdown summed to 5 on a 6-mark question.
  ok   #27 L5.practice_questions[4].marks [LOW] F17: duplicated word in the mark label.
  ok   #28 L5.glossary_terms[0].definition [MEDIUM] F9: Akhirah begins at death, not at the Day of Judgement.
  ok   #29 L5.flashcard_questions[0].q [MEDIUM] F9: Akhirah begins at death, not at the Day of Judgement.
  PATCH L5: exam_tip_html, content_html, practice_questions, glossary_terms, flashcard_questions
=== 34 applied, 0 skipped, 5 lessons / 16 fields changed
