
=== RE-NARRATION (changed narrated text only) ===
backup: C:\Users\tshau\Documents\Study Vault\scripts\_retrofc\units\religious-studies@unity__islam-beliefs\_backup.json
unit:   religious-studies / islam-beliefs
run: 2026-09-18T10:24:21Z  mode: LIVE

5 lessons, 12 clips to regenerate

  L01 (Ollie)  Key Beliefs: Sunni and Shi'a Islam
      n2: Islam is built on a set of core beliefs that shape every aspect of a Muslim’s life — from daily worship to mor
             -> 264 KB, 22.6s, uploaded
      n16: 2. Adalat — Divine Justice. Allah is perfectly just and never acts unfairly. Surah 16:90 states: “Indeed, Alla
             -> 250 KB, 21.4s, uploaded
      n22: Both traditions share fundamental beliefs: the oneness of Allah (Tawhid), the authority of the Qur’an, the pro
             -> 209 KB, 17.9s, uploaded
      manifest updated (31 entries)
  L02 (Ada)  Tawhid and the Nature of Allah
      n3: Surah 112 (Al-Ikhlas) is the key Qur’anic text on Tawhid. It declares: “He is God the One, God the eternal. He
             -> 260 KB, 22.2s, uploaded
      n7: Muslims believe Allah has many qualities, described throughout the Qur’an. You need to know four key attribute
             -> 88 KB, 7.5s, uploaded
      n12: Adalat — justice in Shi’a Islam: While both Sunni and Shi’a Muslims agree that Allah is just, Shi’a Islam elev
             -> 253 KB, 21.6s, uploaded
      n15: Transcendence means Allah is beyond and above creation. He exists outside of time, space and the physical worl
             -> 241 KB, 20.6s, uploaded
      manifest updated (29 entries)
  L03 (Ollie)  Angels and Predestination
      n26: When answering a 12-mark evaluation question about the importance of prophethood or the Qur’an, remember to co
             -> 232 KB, 19.8s, uploaded
      manifest updated (30 entries)
  L04 (Ada)  Prophethood and the Holy Books
      n15: Surah 23:102–103 describes the scales of judgement: “Those whose good deeds weigh heavy will be successful, bu
             -> 215 KB, 18.4s, uploaded
      n25: The 12-mark evaluation question may present a statement like “Belief in the afterlife is the most important be
             -> 340 KB, 29.0s, uploaded
      manifest updated (29 entries)
  L05 (Ollie)  Akhirah: Life After Death
      n12: Key Fact . The Shi’a believe in Yawm al-Qiyamah (the Day of Judgement) as part of Al-Ma’ad. They teach that ev
             -> 179 KB, 15.3s, uploaded
      n25: When answering questions on Akhirah, always distinguish between the different stages: Barzakh (waiting), the D
             -> 344 KB, 29.4s, uploaded
      manifest updated (29 entries)

Regenerated 12 clips.

=== VERIFY (ranged GET + freshness) ===
  206  L01 n2  bytes 0-3/270720  Last-Modified: Fri, 18 Sep 2026 10:24:24 GMT  mp3-sync=OK
  206  L01 n16  bytes 0-3/256320  Last-Modified: Fri, 18 Sep 2026 10:24:29 GMT  mp3-sync=OK
  206  L01 n22  bytes 0-3/214272  Last-Modified: Fri, 18 Sep 2026 10:24:33 GMT  mp3-sync=OK
  206  L02 n3  bytes 0-3/266112  Last-Modified: Fri, 18 Sep 2026 10:24:38 GMT  mp3-sync=OK
  206  L02 n7  bytes 0-3/89856  Last-Modified: Fri, 18 Sep 2026 10:24:40 GMT  mp3-sync=OK
  206  L02 n12  bytes 0-3/258624  Last-Modified: Fri, 18 Sep 2026 10:24:44 GMT  mp3-sync=OK
  206  L02 n15  bytes 0-3/247104  Last-Modified: Fri, 18 Sep 2026 10:24:48 GMT  mp3-sync=OK
  206  L03 n26  bytes 0-3/237888  Last-Modified: Fri, 18 Sep 2026 10:24:54 GMT  mp3-sync=OK
  206  L04 n15  bytes 0-3/220320  Last-Modified: Fri, 18 Sep 2026 10:24:58 GMT  mp3-sync=OK
  206  L04 n25  bytes 0-3/348192  Last-Modified: Fri, 18 Sep 2026 10:24:59 GMT  mp3-sync=OK
  206  L05 n12  bytes 0-3/183456  Last-Modified: Fri, 18 Sep 2026 10:25:02 GMT  mp3-sync=OK
  206  L05 n25  bytes 0-3/352512  Last-Modified: Fri, 18 Sep 2026 10:25:07 GMT  mp3-sync=OK

12/12 clips verified HTTP 200/206 with fresh audio.
