
=== RE-NARRATION (changed narrated text only) ===
backup: C:\Users\tshau\Documents\Study Vault\scripts\_retrofc\units\cambridge-nationals-enterprise-and-marketing__enterprise-and-marketing-concepts\_backup.json
unit:   cambridge-nationals-enterprise-and-marketing / enterprise-and-marketing-concepts
run: 2026-09-04T11:44:52Z  mode: LIVE
  L06: no narrated field changed -> skip

6 lessons, 9 clips to regenerate

  L01 (Ollie)  Characteristics of Successful Entrepreneurs
      n19: About 8% of UK businesses born in 2022 did not survive their first year. Many fail not because the idea was wr
             -> 440 KB, 37.5s, uploaded
      manifest updated (27 entries)
  L03 (Ollie)  Market Research: Purpose, Methods and Sources
      n18: For any question asking you to “analyse” or “justify” a market research choice, embed the specific details of 
             -> 468 KB, 40.0s, uploaded
      manifest updated (22 entries)
  L07 (Ollie)  The Marketing Mix and the Four Ps
      n3: The four Ps are not independent of each other. They must work together to give a consistent message to the cus
             -> 348 KB, 29.7s, uploaded
      n29: The extended-response question relates to Topic Area 4. When it is about the marketing mix, to reach the top b
             -> 310 KB, 26.4s, uploaded
      n30: The single biggest error on marketing mix questions is treating the four Ps as four separate boxes and writing
             -> 514 KB, 43.9s, uploaded
      manifest updated (34 entries)
  L09 (Ollie)  Selling Channels and the Product Lifecycle
      n31: On a 4-mark Explain question about selling channels, avoid describing just one channel. Explain why a specific
             -> 500 KB, 42.6s, uploaded
      manifest updated (36 entries)
  L10 (Ada)  Pricing a Product
      n20: For a 4-mark Explain or 6-mark Analyse question on pricing, always connect your chosen strategy to the specifi
             -> 508 KB, 43.3s, uploaded
      n24: In exam questions, justify your recommended strategy with reason chains linked to the scenario — do not just d
             -> 197 KB, 16.8s, uploaded
      manifest updated (24 entries)
  L12 (Ada)  Support for an Enterprise
      n15: Key Fact . Eight categories of support for a new enterprise: finance providers , such as banks and business an
             -> 431 KB, 36.8s, uploaded
      manifest updated (26 entries)

Regenerated 9 clips.

=== VERIFY (ranged GET + freshness) ===
  206  L01 n19  bytes 0-3/450144  Last-Modified: Fri, 04 Sep 2026 11:45:01 GMT  mp3-sync=OK
  206  L03 n18  bytes 0-3/479520  Last-Modified: Fri, 04 Sep 2026 11:45:09 GMT  mp3-sync=OK
  206  L07 n3  bytes 0-3/356544  Last-Modified: Fri, 04 Sep 2026 11:45:15 GMT  mp3-sync=OK
  206  L07 n29  bytes 0-3/317376  Last-Modified: Fri, 04 Sep 2026 11:45:20 GMT  mp3-sync=OK
  206  L07 n30  bytes 0-3/526752  Last-Modified: Fri, 04 Sep 2026 11:45:27 GMT  mp3-sync=OK
  206  L09 n31  bytes 0-3/511488  Last-Modified: Fri, 04 Sep 2026 11:45:36 GMT  mp3-sync=OK
  206  L10 n20  bytes 0-3/520128  Last-Modified: Fri, 04 Sep 2026 11:45:42 GMT  mp3-sync=OK
  206  L10 n24  bytes 0-3/201600  Last-Modified: Fri, 04 Sep 2026 11:45:46 GMT  mp3-sync=OK
  206  L12 n15  bytes 0-3/441504  Last-Modified: Fri, 04 Sep 2026 11:45:54 GMT  mp3-sync=OK

9/9 clips verified HTTP 200/206 with fresh audio.
