=== APPLY EDITS english-literature-eduqas/silas-marner  146 edits  LIVE  2026-09-04T03:22:57.681Z
  ok   #0 L1.content_html [HIGH] F4: house rule — Eduqas lessons never name the board in student-facing text.
  ok   #1 L1.content_html [HIGH] F4: board named in student-facing text.
  ok   #2 L1.content_html [HIGH] F4/F5: board name and spec code removed; the spec states no numeric split of the 40 marks between objectives.
  ok   #3 L1.content_html [LOW] F12: Squire Cass has more than two sons; Dunstan is the second son and Godfrey the eldest (ch. 3).
  ok   #4 L1.exam_tip_html [HIGH] F4: board named in student-facing text.
  ok   #5 L1.practice_questions[0].marks [MEDIUM] F2: ladder rescaled to 40 marks and to the five house bands.
  ok   #6 L1.practice_questions[0].type [HIGH] F1: the 19th-century novel question is one source-based question worth 40 marks.
  ok   #7 L1.practice_questions[1].marks [MEDIUM] F2: ladder rescaled to 40 marks and to the five house bands.
  ok   #8 L1.practice_questions[1].type [HIGH] F1: the 19th-century novel question is one source-based question worth 40 marks.
  ok   #9 L1.practice_questions[2].marks [HIGH] F3: AO4 is not assessed on this question; mark scheme rebuilt on the house ladder.
  ok   #10 L1.practice_questions[2].type [MEDIUM] F1: one source-based 40-mark question with a printed extract; label unified.
  ok   #11 L1.practice_questions[3].marks [MEDIUM] F2: ladder rescaled to 40 marks and to the five house bands.
  ok   #12 L1.practice_questions[3].type [HIGH] F1: the 19th-century novel question is one source-based question worth 40 marks.
  ok   #13 L1.practice_questions[4].marks [MEDIUM] F2: ladder rescaled to 40 marks and to the five house bands.
  ok   #14 L1.practice_questions[4].type [HIGH] F1: the 19th-century novel question is one source-based question worth 40 marks.
  ok   #15 L1.practice_questions[5].marks [MEDIUM] F2: ladder rescaled to 40 marks and to the five house bands.
  ok   #16 L1.practice_questions[5].type [HIGH] F1: the 19th-century novel question is one source-based question worth 40 marks.
  PATCH L1: content_html, exam_tip_html, practice_questions
  ok   #17 L2.content_html [HIGH] F6: ‘companions’ is not Eliot’s word for the gold; ch. 2 reads ‘their companionship’, and the only ‘companion’
  ok   #18 L2.exam_tip_html [HIGH] F4: board named in student-facing text.
  ok   #19 L2.flashcard_questions[9].a [HIGH] F6: ‘companions’ is not in the novel; ch. 2 reads ‘their companionship’.
  ok   #20 L2.knowledge_checks[3].options[1] [HIGH] F6: the verbatim word in ch. 2 is ‘familiars’.
  ok   #21 L2.knowledge_checks[3].q [HIGH] F6: the verbatim word in ch. 2 is ‘familiars’.
  ok   #22 L2.practice_questions[0].marks [MEDIUM] F2: ladder rescaled to 40 marks and to the five house bands.
  ok   #23 L2.practice_questions[0].type [HIGH] F1: the 19th-century novel question is one source-based question worth 40 marks.
  ok   #24 L2.practice_questions[1].marks [MEDIUM] F2: ladder rescaled to 40 marks and to the five house bands.
  ok   #25 L2.practice_questions[1].type [HIGH] F1: the 19th-century novel question is one source-based question worth 40 marks.
  ok   #26 L2.practice_questions[2].marks [HIGH] F3: AO4 is not assessed on this question; mark scheme rebuilt on the house ladder.
  ok   #27 L2.practice_questions[2].type [MEDIUM] F1: one source-based 40-mark question with a printed extract; label unified.
  ok   #28 L2.practice_questions[3].marks [MEDIUM] F2: ladder rescaled to 40 marks and to the five house bands.
  ok   #29 L2.practice_questions[3].type [HIGH] F1: the 19th-century novel question is one source-based question worth 40 marks.
  ok   #30 L2.practice_questions[4].marks [MEDIUM] F2: ladder rescaled to 40 marks and to the five house bands.
  ok   #31 L2.practice_questions[4].type [HIGH] F1: the 19th-century novel question is one source-based question worth 40 marks.
  ok   #32 L2.practice_questions[5].marks [MEDIUM] F2: ladder rescaled to 40 marks and to the five house bands.
  ok   #33 L2.practice_questions[5].type [HIGH] F1: the 19th-century novel question is one source-based question worth 40 marks.
  PATCH L2: content_html, exam_tip_html, flashcard_questions, knowledge_checks, practice_questions
  ok   #34 L3.content_html [LOW] F12: ch. 3 names Dunstan ‘the second son’; the Squire has more than two sons.
  ok   #35 L3.exam_tip_html [HIGH] F4: board named in student-facing text.
  ok   #36 L3.flashcard_questions[2].a [HIGH] F7: ch. 4–5 — Silas is out on a twine errand, not in a fit; the lesson’s own content says so.
  ok   #37 L3.flashcard_questions[3].a [HIGH] F7: ch. 5 — Silas has walked to the village for twine.
  ok   #38 L3.flashcard_questions[3].q [HIGH] F7: the card is built on a false premise — Silas is not having a fit during the theft.
  ok   #39 L3.glossary_terms[0].definition [LOW] F12: ch. 3 names Dunstan ‘the second son’.
  ok   #40 L3.practice_questions[0].marks [MEDIUM] F2: ladder rescaled to 40 marks and to the five house bands.
  ok   #41 L3.practice_questions[0].type [HIGH] F1: the 19th-century novel question is one source-based question worth 40 marks.
  ok   #42 L3.practice_questions[1].marks [MEDIUM] F2: ladder rescaled to 40 marks and to the five house bands.
  ok   #43 L3.practice_questions[1].type [HIGH] F1: the 19th-century novel question is one source-based question worth 40 marks.
  ok   #44 L3.practice_questions[2].marks [HIGH] F3: AO4 is not assessed on this question; mark scheme rebuilt on the house ladder.
  ok   #45 L3.practice_questions[2].type [MEDIUM] F1: one source-based 40-mark question with a printed extract; label unified.
  ok   #46 L3.practice_questions[3].marks [MEDIUM] F2: ladder rescaled to 40 marks and to the five house bands.
  ok   #47 L3.practice_questions[3].type [HIGH] F1: the 19th-century novel question is one source-based question worth 40 marks.
  ok   #48 L3.practice_questions[4].marks [MEDIUM] F2: ladder rescaled to 40 marks and to the five house bands.
  ok   #49 L3.practice_questions[4].type [HIGH] F1: the 19th-century novel question is one source-based question worth 40 marks.
  ok   #50 L3.practice_questions[5].marks [MEDIUM] F2: ladder rescaled to 40 marks and to the five house bands.
  ok   #51 L3.practice_questions[5].type [HIGH] F1: the 19th-century novel question is one source-based question worth 40 marks.
  PATCH L3: content_html, exam_tip_html, flashcard_questions, glossary_terms, practice_questions
  ok   #52 L4.exam_tip_html [HIGH] F4: board named in student-facing text.
  ok   #53 L4.practice_questions[0].marks [MEDIUM] F2: ladder rescaled to 40 marks and to the five house bands.
  ok   #54 L4.practice_questions[0].type [HIGH] F1: the 19th-century novel question is one source-based question worth 40 marks.
  ok   #55 L4.practice_questions[1].marks [MEDIUM] F2: ladder rescaled to 40 marks and to the five house bands.
  ok   #56 L4.practice_questions[1].type [HIGH] F1: the 19th-century novel question is one source-based question worth 40 marks.
  ok   #57 L4.practice_questions[2].marks [HIGH] F3: AO4 is not assessed on this question; mark scheme rebuilt on the house ladder.
  ok   #58 L4.practice_questions[2].type [MEDIUM] F1: one source-based 40-mark question with a printed extract; label unified.
  ok   #59 L4.practice_questions[3].marks [MEDIUM] F2: ladder rescaled to 40 marks and to the five house bands.
  ok   #60 L4.practice_questions[3].type [HIGH] F1: the 19th-century novel question is one source-based question worth 40 marks.
  ok   #61 L4.practice_questions[4].marks [MEDIUM] F2: ladder rescaled to 40 marks and to the five house bands.
  ok   #62 L4.practice_questions[4].type [HIGH] F1: the 19th-century novel question is one source-based question worth 40 marks.
  ok   #63 L4.practice_questions[5].marks [MEDIUM] F2: ladder rescaled to 40 marks and to the five house bands.
  ok   #64 L4.practice_questions[5].type [HIGH] F1: the 19th-century novel question is one source-based question worth 40 marks.
  PATCH L4: exam_tip_html, practice_questions
  ok   #65 L5.content_html [HIGH] F8: “a strange joy” is not in the novel — fabricated quotation.
  ok   #66 L5.content_html [HIGH] F9: the debts line is Godfrey’s, ch. 20, not Nancy’s.
  ok   #67 L5.content_html [LOW] F13: the novel calls the home childless; Nancy’s baby died in infancy (ch. 20), so infertility is not stated.
  ok   #68 L5.flashcard_questions[5].a [LOW] F13: their baby died in infancy (ch. 20); infertility is not stated.
  ok   #69 L5.flashcard_questions[8].a [LOW] F13: infertility is not stated in the novel.
  ok   #70 L5.glossary_terms[0].definition [LOW] F13: infertility is not stated in the novel.
  ok   #71 L5.practice_questions[0].marks [MEDIUM] F2: ladder rescaled to 40 marks and to the five house bands.
  ok   #72 L5.practice_questions[0].type [HIGH] F1: the 19th-century novel question is one source-based question worth 40 marks.
  ok   #73 L5.practice_questions[1].marks [MEDIUM] F2: ladder rescaled to 40 marks and to the five house bands.
  ok   #74 L5.practice_questions[1].text [HIGH] F9: the debts line is Godfrey’s, ch. 20.
  ok   #75 L5.practice_questions[1].type [HIGH] F1: the 19th-century novel question is one source-based question worth 40 marks.
  ok   #76 L5.practice_questions[2].marks [HIGH] F3: AO4 is not assessed on this question; mark scheme rebuilt on the house ladder.
  ok   #77 L5.practice_questions[2].type [MEDIUM] F1: one source-based 40-mark question with a printed extract; label unified.
  ok   #78 L5.practice_questions[3].marks [MEDIUM] F2: ladder rescaled to 40 marks and to the five house bands.
  ok   #79 L5.practice_questions[3].type [HIGH] F1: the 19th-century novel question is one source-based question worth 40 marks.
  ok   #80 L5.practice_questions[4].marks [MEDIUM] F2: ladder rescaled to 40 marks and to the five house bands.
  ok   #81 L5.practice_questions[4].type [HIGH] F1: the 19th-century novel question is one source-based question worth 40 marks.
  ok   #82 L5.practice_questions[5].marks [MEDIUM] F2: ladder rescaled to 40 marks and to the five house bands.
  ok   #83 L5.practice_questions[5].type [HIGH] F1: the 19th-century novel question is one source-based question worth 40 marks.
  PATCH L5: content_html, flashcard_questions, glossary_terms, practice_questions
  ok   #84 L6.content_html [HIGH] F4: board named in student-facing text.
  ok   #85 L6.content_html [HIGH] F9: ch. 20 gives this line to Godfrey, not Nancy.
  ok   #86 L6.description [HIGH] F4: board named in student-facing text.
  ok   #87 L6.exam_tip_html [HIGH] F4: board named in student-facing text.
  ok   #88 L6.practice_questions[0].marks [MEDIUM] F2: ladder rescaled to 40 marks and to the five house bands.
  ok   #89 L6.practice_questions[0].type [HIGH] F1: the 19th-century novel question is one source-based question worth 40 marks.
  ok   #90 L6.practice_questions[1].marks [MEDIUM] F2: ladder rescaled to 40 marks and to the five house bands.
  ok   #91 L6.practice_questions[1].type [HIGH] F1: the 19th-century novel question is one source-based question worth 40 marks.
  ok   #92 L6.practice_questions[2].marks [HIGH] F3: AO4 is not assessed on this question; mark scheme rebuilt on the house ladder.
  ok   #93 L6.practice_questions[2].type [MEDIUM] F1: one source-based 40-mark question with a printed extract; label unified.
  ok   #94 L6.practice_questions[3].marks [MEDIUM] F2: ladder rescaled to 40 marks and to the five house bands.
  ok   #95 L6.practice_questions[3].type [HIGH] F1: the 19th-century novel question is one source-based question worth 40 marks.
  ok   #96 L6.practice_questions[4].marks [MEDIUM] F2: ladder rescaled to 40 marks and to the five house bands.
  ok   #97 L6.practice_questions[4].type [HIGH] F1: the 19th-century novel question is one source-based question worth 40 marks.
  ok   #98 L6.practice_questions[5].marks [MEDIUM] F2: ladder rescaled to 40 marks and to the five house bands.
  ok   #99 L6.practice_questions[5].type [HIGH] F1: the 19th-century novel question is one source-based question worth 40 marks.
  PATCH L6: content_html, description, exam_tip_html, practice_questions
  ok   #100 L7.content_html [HIGH] F4: board name and spec code in student-facing text.
  ok   #101 L7.practice_questions[0].marks [HIGH] F3: AO4 is not assessed on this question; mark scheme rebuilt on the house ladder.
  ok   #102 L7.practice_questions[0].type [MEDIUM] F1: one source-based 40-mark question with a printed extract; label unified.
  ok   #103 L7.practice_questions[1].marks [MEDIUM] F2: ladder rescaled to 40 marks and to the five house bands.
  ok   #104 L7.practice_questions[1].type [HIGH] F1: the 19th-century novel question is one source-based question worth 40 marks.
  ok   #105 L7.practice_questions[2].marks [MEDIUM] F2: ladder rescaled to 40 marks and to the five house bands.
  ok   #106 L7.practice_questions[2].type [HIGH] F1: the 19th-century novel question is one source-based question worth 40 marks.
  ok   #107 L7.practice_questions[3].marks [MEDIUM] F2: ladder rescaled to 40 marks and to the five house bands.
  ok   #108 L7.practice_questions[3].type [HIGH] F1: the 19th-century novel question is one source-based question worth 40 marks.
  ok   #109 L7.practice_questions[4].marks [MEDIUM] F2: ladder rescaled to 40 marks and to the five house bands.
  ok   #110 L7.practice_questions[4].type [HIGH] F1: the 19th-century novel question is one source-based question worth 40 marks.
  ok   #111 L7.practice_questions[5].marks [MEDIUM] F2: ladder rescaled to 40 marks and to the five house bands.
  ok   #112 L7.practice_questions[5].type [HIGH] F1: the 19th-century novel question is one source-based question worth 40 marks.
  PATCH L7: content_html, practice_questions
  ok   #113 L8.conclusion_html [HIGH] F10: only three objectives, and the spec states no equal split.
  ok   #114 L8.conclusion_html [HIGH] F10: AO4 is not assessed on this question.
  ok   #115 L8.content_html [HIGH] F10: the 19th-century prose question assesses AO1, AO2 and AO3 only — no AO4.
  ok   #116 L8.content_html [HIGH] F10: three objectives, not four.
  ok   #117 L8.content_html [HIGH] F10: AO4 is not assessed on this question.
  ok   #118 L8.content_html [HIGH] F10: AO4 is not assessed on this question.
  ok   #119 L8.content_html [HIGH] F10: the heading teaches an objective that is not assessed here.
  ok   #120 L8.content_html [HIGH] F10: AO4 is not assessed on the 19th-century novel question.
  ok   #121 L8.content_html [HIGH] F10: AO4 is not assessed on this question.
  ok   #122 L8.content_html [MEDIUM] F10: no marks are available for written accuracy on this question.
  ok   #123 L8.content_html [LOW] F14: ‘stone-pit’ listed twice; the third symbol taught in the unit is the hearth.
  ok   #124 L8.description [HIGH] F4: board and section codes removed; 67 characters.
  ok   #125 L8.exam_tip_html [HIGH] F10: three objectives, not four.
  ok   #126 L8.flashcard_questions[3].a [HIGH] F10: AO4 is not assessed on this question.
  ok   #127 L8.flashcard_questions[3].q [HIGH] F10: AO4 is not assessed on the 19th-century novel question.
  ok   #128 L8.knowledge_checks[0].q [HIGH] F4: board named in a student-facing question.
  ok   #129 L8.knowledge_checks[4].left[1] [HIGH] F10: the match set taught AO4; the assessed set is AO1, AO2 and AO3 (context).
  ok   #130 L8.knowledge_checks[4].left[2] [HIGH] F10: AO4 is not assessed on this question.
  ok   #131 L8.knowledge_checks[4].right[1] [HIGH] F10: re-paired to the corrected left column.
  ok   #132 L8.knowledge_checks[4].right[2] [HIGH] F10: spelling and grammar earn no marks on this question.
  ok   #133 L8.practice_questions[0].marks [HIGH] F3: AO4 is not assessed on this question; mark scheme rebuilt on the house ladder.
  ok   #134 L8.practice_questions[0].text [MEDIUM] F11: Silas counts his gold by night in ch. 2; ch. 5 is his discovery of the theft.
  ok   #135 L8.practice_questions[0].type [MEDIUM] F1: one source-based 40-mark question with a printed extract; label unified.
  ok   #136 L8.practice_questions[1].marks [HIGH] F3: AO4 is not assessed on this question; mark scheme rebuilt on the house ladder.
  ok   #137 L8.practice_questions[1].type [MEDIUM] F1: one source-based 40-mark question with a printed extract; label unified.
  ok   #138 L8.practice_questions[2].marks [MEDIUM] F2: ladder rescaled to 40 marks and to the five house bands.
  ok   #139 L8.practice_questions[2].type [HIGH] F1: the 19th-century novel question is one source-based question worth 40 marks.
  ok   #140 L8.practice_questions[3].marks [MEDIUM] F2: ladder rescaled to 40 marks and to the five house bands.
  ok   #141 L8.practice_questions[3].type [HIGH] F1: the 19th-century novel question is one source-based question worth 40 marks.
  ok   #142 L8.practice_questions[4].marks [HIGH] F3: AO4 is not assessed on this question; mark scheme rebuilt on the house ladder.
  ok   #143 L8.practice_questions[4].type [MEDIUM] F1: one source-based 40-mark question with a printed extract; label unified.
  ok   #144 L8.practice_questions[5].marks [MEDIUM] F2: ladder rescaled to 40 marks and to the five house bands.
  ok   #145 L8.practice_questions[5].type [HIGH] F1: the 19th-century novel question is one source-based question worth 40 marks.
  PATCH L8: conclusion_html, content_html, description, exam_tip_html, flashcard_questions, knowledge_checks, practice_questions
=== 146 applied, 0 skipped, 8 lessons / 32 fields changed
