
=== RE-NARRATION (changed narrated text only) ===
backup: C:\Users\tshau\Documents\Study Vault\scripts\_retrofc\units\english-literature-eduqas__silas-marner\_backup.json
unit:   english-literature-eduqas / silas-marner
run: 2026-09-04T03:23:01Z  mode: LIVE

8 lessons, 23 clips to regenerate

  L01 (Ollie)  Context: Rural England & Community
      n8: Victorian Britain had a rigid class system . In Silas Marner , the Cass family represents the rural gentry — w
             -> 336 KB, 28.7s, uploaded
      n17: Key Fact . Three key contexts for the exam: (1) The Industrial Revolution and the decline of rural communities
             -> 263 KB, 22.4s, uploaded
      n18: In the exam you will receive a printed extract from Silas Marner and must write about both the extract and the
             -> 205 KB, 17.5s, uploaded
      n19: For the exam, remember that context means more than just historical facts. Link context to Eliot’s purpose and
             -> 236 KB, 20.1s, uploaded
      manifest updated (23 entries)
  L02 (Ada)  Part 1: Silas's Exile & the Gold
      n12: Having lost faith in God and humanity, Silas transfers all his emotional energy to his work and, increasingly,
             -> 347 KB, 29.6s, uploaded
      n17: If your extract comes from the early chapters about Lantern Yard or Silas’s isolation, focus on how Eliot esta
             -> 245 KB, 20.9s, uploaded
      manifest updated (21 entries)
  L03 (Ollie)  Part 1: The Theft & Eppie's Arrival
      n18: If your extract covers the theft or its aftermath, focus on Eliot’s use of language to convey Silas’s grief (A
             -> 231 KB, 19.7s, uploaded
      manifest updated (22 entries)
  L04 (Ada)  Part 2: Eppie's Childhood & Godfrey's Secret
      n18: Eppie’s arrival is one of the most commonly examined passages. For the exam, analyse the golden curls symbolis
             -> 203 KB, 17.3s, uploaded
      manifest updated (22 entries)
  L05 (Ollie)  Part 2: The Revelation & Resolution
      n2: The novel jumps forward sixteen years. Eppie is now a young woman of eighteen, and Silas is a beloved member o
             -> 288 KB, 24.6s, uploaded
      manifest updated (21 entries)
  L06 (Ada)  Character Analysis
      n2: Eliot’s characters serve a dual purpose: they are realistic, psychologically complex individuals and they repr
             -> 207 KB, 17.7s, uploaded
      n11: Nancy Lammeter is the novel’s moral compass within the gentry. She is principled, honest, and dutiful. When Go
             -> 383 KB, 32.7s, uploaded
      n19: In the exam, use the phrase “Eliot presents [character] to...” to keep your analysis focused on the writer’s c
             -> 192 KB, 16.4s, uploaded
      manifest updated (23 entries)
  L07 (Ollie)  Structure, Narration & Symbolism
      n2: For the exam, you need to identify and analyse the key themes running through the novel. Themes are the big id
             -> 242 KB, 20.6s, uploaded
      manifest updated (25 entries)
  L08 (Ada)  Key Themes & Exam Technique
      n2: 19th-century novel questions typically give you a printed extract from the text and ask you to write about its
             -> 350 KB, 29.8s, uploaded
      n3: Key Fact . AO1: Critical response with textual references. AO2: Analysis of Eliot’s language, form, and struct
             -> 271 KB, 23.1s, uploaded
      n8: Work out in advance how long you can afford to spend on this question and split it between reading, planning, 
             -> 311 KB, 26.5s, uploaded
      n17: Quality of Written Expression
             -> 28 KB, 2.4s, uploaded
      n18: Spelling and grammar earn no marks on this question, but clear, formal writing still makes your analysis easy 
             -> 334 KB, 28.5s, uploaded
      n23: The most common mistakes: (1) Retelling the story instead of analysing methods. (2) Only discussing the extrac
             -> 371 KB, 31.7s, uploaded
      n24: Key Fact . Three key techniques: (1) Symbolism — the gold/Eppie parallel, the hearth, and the stone-pit (the n
             -> 234 KB, 20.0s, uploaded
      n25: Always write about the extract AND the wider novel. Use the phrase “Eliot uses [method] to [effect], reflectin
             -> 180 KB, 15.4s, uploaded
      n27: The Silas Marner question is worth 40 marks for AO1, AO2 and AO3 (context) — spelling and grammar are not mark
             -> 105 KB, 9.0s, uploaded
      n29: Use literary terminology, integrate context into analysis, and proofread so your points read clearly.
             -> 81 KB, 6.9s, uploaded
      manifest updated (29 entries)

Regenerated 23 clips.

=== VERIFY (ranged GET + freshness) ===
  206  L01 n8  bytes 0-3/344448  Last-Modified: Fri, 04 Sep 2026 03:23:08 GMT  mp3-sync=OK
  206  L01 n17  bytes 0-3/268992  Last-Modified: Fri, 04 Sep 2026 03:23:13 GMT  mp3-sync=OK
  206  L01 n18  bytes 0-3/210240  Last-Modified: Fri, 04 Sep 2026 03:23:16 GMT  mp3-sync=OK
  206  L01 n19  bytes 0-3/241344  Last-Modified: Fri, 04 Sep 2026 03:23:20 GMT  mp3-sync=OK
  206  L02 n12  bytes 0-3/355680  Last-Modified: Fri, 04 Sep 2026 03:23:25 GMT  mp3-sync=OK
  206  L02 n17  bytes 0-3/250848  Last-Modified: Fri, 04 Sep 2026 03:23:29 GMT  mp3-sync=OK
  206  L03 n18  bytes 0-3/236736  Last-Modified: Fri, 04 Sep 2026 03:23:32 GMT  mp3-sync=OK
  206  L04 n18  bytes 0-3/207936  Last-Modified: Fri, 04 Sep 2026 03:23:35 GMT  mp3-sync=OK
  206  L05 n2  bytes 0-3/295200  Last-Modified: Fri, 04 Sep 2026 03:23:40 GMT  mp3-sync=OK
  206  L06 n2  bytes 0-3/212256  Last-Modified: Fri, 04 Sep 2026 03:23:43 GMT  mp3-sync=OK
  206  L06 n11  bytes 0-3/391968  Last-Modified: Fri, 04 Sep 2026 03:23:49 GMT  mp3-sync=OK
  206  L06 n19  bytes 0-3/196992  Last-Modified: Fri, 04 Sep 2026 03:23:52 GMT  mp3-sync=OK
  206  L07 n2  bytes 0-3/247392  Last-Modified: Fri, 04 Sep 2026 03:23:56 GMT  mp3-sync=OK
  206  L08 n2  bytes 0-3/357984  Last-Modified: Fri, 04 Sep 2026 03:23:57 GMT  mp3-sync=OK
  206  L08 n3  bytes 0-3/277344  Last-Modified: Fri, 04 Sep 2026 03:24:02 GMT  mp3-sync=OK
  206  L08 n8  bytes 0-3/318528  Last-Modified: Fri, 04 Sep 2026 03:24:06 GMT  mp3-sync=OK
  206  L08 n17  bytes 0-3/28224  Last-Modified: Fri, 04 Sep 2026 03:24:07 GMT  mp3-sync=OK
  206  L08 n18  bytes 0-3/342144  Last-Modified: Fri, 04 Sep 2026 03:24:12 GMT  mp3-sync=OK
  206  L08 n23  bytes 0-3/379872  Last-Modified: Fri, 04 Sep 2026 03:24:17 GMT  mp3-sync=OK
  206  L08 n24  bytes 0-3/239904  Last-Modified: Fri, 04 Sep 2026 03:24:21 GMT  mp3-sync=OK
  206  L08 n25  bytes 0-3/184608  Last-Modified: Fri, 04 Sep 2026 03:24:24 GMT  mp3-sync=OK
  206  L08 n27  bytes 0-3/108000  Last-Modified: Fri, 04 Sep 2026 03:24:26 GMT  mp3-sync=OK
  206  L08 n29  bytes 0-3/82656  Last-Modified: Fri, 04 Sep 2026 03:24:28 GMT  mp3-sync=OK

23/23 clips verified HTTP 200/206 with fresh audio.
