=== APPLY EDITS english-literature-eduqas/lord-of-the-flies  196 edits  LIVE  2026-09-03T20:51:31.433Z
  ok   #0 L1.exam_tip_html [HIGH] F1: AO4 is accurate written English, not context; the section assesses AO1, AO2 and AO4 with no AO3, and it is
  ok   #1 L1.conclusion_html [HIGH] F2: Golding served in the Royal Navy (Bismarck action, D-Day, Walcheren). He did not witness the camps; he rea
  ok   #2 L1.flashcard_questions[2].a [HIGH] F3: same fabrication as F2 — Golding never witnessed a camp liberation.
  ok   #3 L1.content_html [MED] F4: Ralph says only 'It's like in a book.' The titles (Treasure Island, Swallows and Amazons, Coral Island) ar
  ok   #52 L1.practice_questions[0].text [HIGH] F5/F11/F16/F19/F21/F25/F27/F35: the post-1914 prose section is a single 40-mark source-based question. The 20-
  ok   #53 L1.practice_questions[0].type [HIGH] F5/F11/F16/F19/F21/F25/F27/F35: the post-1914 prose section is a single 40-mark source-based question. The 20-
  ok   #54 L1.practice_questions[0].marks [HIGH] F5/F11/F16/F19/F21/F25/F27/F35: the post-1914 prose section is a single 40-mark source-based question. The 20-
  ok   #55 L1.practice_questions[1].text [HIGH] F5/F11/F16/F19/F21/F25/F27/F35: the post-1914 prose section is a single 40-mark source-based question. The 20-
  ok   #56 L1.practice_questions[1].type [HIGH] F5/F11/F16/F19/F21/F25/F27/F35: the post-1914 prose section is a single 40-mark source-based question. The 20-
  ok   #57 L1.practice_questions[1].marks [HIGH] F5/F11/F16/F19/F21/F25/F27/F35: the post-1914 prose section is a single 40-mark source-based question. The 20-
  ok   #58 L1.practice_questions[2].text [HIGH] F5/F11/F16/F19/F21/F25/F27/F35: the post-1914 prose section is a single 40-mark source-based question. The 20-
  ok   #59 L1.practice_questions[2].type [HIGH] F5/F11/F16/F19/F21/F25/F27/F35: the post-1914 prose section is a single 40-mark source-based question. The 20-
  ok   #60 L1.practice_questions[2].marks [HIGH] F5/F11/F16/F19/F21/F25/F27/F35: the post-1914 prose section is a single 40-mark source-based question. The 20-
  ok   #61 L1.practice_questions[3].text [HIGH] F5/F11/F16/F19/F21/F25/F27/F35: the post-1914 prose section is a single 40-mark source-based question. The 20-
  ok   #62 L1.practice_questions[3].type [HIGH] F5/F11/F16/F19/F21/F25/F27/F35: the post-1914 prose section is a single 40-mark source-based question. The 20-
  ok   #63 L1.practice_questions[3].marks [HIGH] F5/F11/F16/F19/F21/F25/F27/F35: the post-1914 prose section is a single 40-mark source-based question. The 20-
  ok   #64 L1.practice_questions[4].text [HIGH] F5/F11/F16/F19/F21/F25/F27/F35: the post-1914 prose section is a single 40-mark source-based question. The 20-
  ok   #65 L1.practice_questions[4].type [HIGH] F5/F11/F16/F19/F21/F25/F27/F35: the post-1914 prose section is a single 40-mark source-based question. The 20-
  ok   #66 L1.practice_questions[4].marks [HIGH] F5/F11/F16/F19/F21/F25/F27/F35: the post-1914 prose section is a single 40-mark source-based question. The 20-
  ok   #67 L1.practice_questions[5].text [HIGH] F5/F11/F16/F19/F21/F25/F27/F35: the post-1914 prose section is a single 40-mark source-based question. The 20-
  ok   #68 L1.practice_questions[5].type [HIGH] F5/F11/F16/F19/F21/F25/F27/F35: the post-1914 prose section is a single 40-mark source-based question. The 20-
  ok   #69 L1.practice_questions[5].marks [HIGH] F5/F11/F16/F19/F21/F25/F27/F35: the post-1914 prose section is a single 40-mark source-based question. The 20-
  PATCH L1: exam_tip_html, conclusion_html, flashcard_questions, content_html, practice_questions
  ok   #4 L2.content_html [MED] F8: in Chapter 1 Ralph spots the creamy shell in the lagoon; Piggy identifies it as a conch and tells Ralph ho
  ok   #5 L2.content_html [MED] F8: as above — the thematic point survives, the plot fact is corrected.
  ok   #6 L2.content_html [MED] F8: the revision prompt rehearses the wrong plot fact.
  ok   #7 L2.content_html [MED] F8: as above.
  ok   #8 L2.content_html [HIGH] F6: 'ugly without silliness' belongs to Jack's first description in Ch. 1 ('His face was crumpled and freckled
  ok   #9 L2.content_html [LOW] F9: the text reads 'black cloaks which bore a long silver cross on the left breast' — singular, not 'silver cr
  ok   #10 L2.exam_tip_html [HIGH] F10: there is no part (a); the prose section is a single 40-mark source-based question. Board name removed.
  ok   #11 L2.knowledge_checks[0].q [HIGH] F8: the key marked 'Piggy' correct, but Ralph spots the shell. Reworded so the key is true.
  ok   #12 L2.flashcard_questions[2].q [HIGH] F7: 'ugly without silliness' describes Jack, not Ralph.
  ok   #13 L2.flashcard_questions[4].q [MED] F8: Ralph spots it; Piggy names it.
  ok   #14 L2.flashcard_questions[4].a [MED] F8: as above.
  ok   #70 L2.practice_questions[0].text [HIGH] F5/F11/F16/F19/F21/F25/F27/F35: the post-1914 prose section is a single 40-mark source-based question. The 20-
  ok   #71 L2.practice_questions[0].type [HIGH] F5/F11/F16/F19/F21/F25/F27/F35: the post-1914 prose section is a single 40-mark source-based question. The 20-
  ok   #72 L2.practice_questions[0].marks [HIGH] F5/F11/F16/F19/F21/F25/F27/F35: the post-1914 prose section is a single 40-mark source-based question. The 20-
  ok   #73 L2.practice_questions[1].text [HIGH] F5/F11/F16/F19/F21/F25/F27/F35: the post-1914 prose section is a single 40-mark source-based question. The 20-
  ok   #74 L2.practice_questions[1].type [HIGH] F5/F11/F16/F19/F21/F25/F27/F35: the post-1914 prose section is a single 40-mark source-based question. The 20-
  ok   #75 L2.practice_questions[1].marks [HIGH] F5/F11/F16/F19/F21/F25/F27/F35: the post-1914 prose section is a single 40-mark source-based question. The 20-
  ok   #76 L2.practice_questions[2].text [HIGH] F5/F11/F16/F19/F21/F25/F27/F35: the post-1914 prose section is a single 40-mark source-based question. The 20-
  ok   #77 L2.practice_questions[2].type [HIGH] F5/F11/F16/F19/F21/F25/F27/F35: the post-1914 prose section is a single 40-mark source-based question. The 20-
  ok   #78 L2.practice_questions[2].marks [HIGH] F5/F11/F16/F19/F21/F25/F27/F35: the post-1914 prose section is a single 40-mark source-based question. The 20-
  ok   #79 L2.practice_questions[3].text [HIGH] F5/F11/F16/F19/F21/F25/F27/F35: the post-1914 prose section is a single 40-mark source-based question. The 20-
  ok   #80 L2.practice_questions[3].type [HIGH] F5/F11/F16/F19/F21/F25/F27/F35: the post-1914 prose section is a single 40-mark source-based question. The 20-
  ok   #81 L2.practice_questions[3].marks [HIGH] F5/F11/F16/F19/F21/F25/F27/F35: the post-1914 prose section is a single 40-mark source-based question. The 20-
  ok   #82 L2.practice_questions[4].text [HIGH] F5/F11/F16/F19/F21/F25/F27/F35: the post-1914 prose section is a single 40-mark source-based question. The 20-
  ok   #83 L2.practice_questions[4].type [HIGH] F5/F11/F16/F19/F21/F25/F27/F35: the post-1914 prose section is a single 40-mark source-based question. The 20-
  ok   #84 L2.practice_questions[4].marks [HIGH] F5/F11/F16/F19/F21/F25/F27/F35: the post-1914 prose section is a single 40-mark source-based question. The 20-
  ok   #85 L2.practice_questions[5].text [HIGH] F5/F11/F16/F19/F21/F25/F27/F35: the post-1914 prose section is a single 40-mark source-based question. The 20-
  ok   #86 L2.practice_questions[5].type [HIGH] F5/F11/F16/F19/F21/F25/F27/F35: the post-1914 prose section is a single 40-mark source-based question. The 20-
  ok   #87 L2.practice_questions[5].marks [HIGH] F5/F11/F16/F19/F21/F25/F27/F35: the post-1914 prose section is a single 40-mark source-based question. The 20-
  PATCH L2: content_html, exam_tip_html, knowledge_checks, flashcard_questions, practice_questions
  ok   #15 L3.content_html [MED] F13: 'unformulated' does not occur in the novel and no source carries this wording. The invented quotation is 
  ok   #16 L3.content_html [HIGH] F14: Piggy speaks this line in the Chapter 5 assembly, not Ralph.
  ok   #17 L3.content_html [HIGH] F12: Jack says 'What a place for a fort!' in Chapter 6, not Ralph. The lesson's own flashcard already credits 
  ok   #18 L3.exam_tip_html [HIGH] F15: no (a)/(b) responses exist; one 40-mark source-based question. Board name removed.
  ok   #88 L3.practice_questions[0].text [HIGH] F5/F11/F16/F19/F21/F25/F27/F35: the post-1914 prose section is a single 40-mark source-based question. The 20-
  ok   #89 L3.practice_questions[0].type [HIGH] F5/F11/F16/F19/F21/F25/F27/F35: the post-1914 prose section is a single 40-mark source-based question. The 20-
  ok   #90 L3.practice_questions[0].marks [HIGH] F5/F11/F16/F19/F21/F25/F27/F35: the post-1914 prose section is a single 40-mark source-based question. The 20-
  ok   #91 L3.practice_questions[1].text [HIGH] F5/F11/F16/F19/F21/F25/F27/F35: the post-1914 prose section is a single 40-mark source-based question. The 20-
  ok   #92 L3.practice_questions[1].type [HIGH] F5/F11/F16/F19/F21/F25/F27/F35: the post-1914 prose section is a single 40-mark source-based question. The 20-
  ok   #93 L3.practice_questions[1].marks [HIGH] F5/F11/F16/F19/F21/F25/F27/F35: the post-1914 prose section is a single 40-mark source-based question. The 20-
  ok   #94 L3.practice_questions[2].text [HIGH] F5/F11/F16/F19/F21/F25/F27/F35: the post-1914 prose section is a single 40-mark source-based question. The 20-
  ok   #95 L3.practice_questions[2].type [HIGH] F5/F11/F16/F19/F21/F25/F27/F35: the post-1914 prose section is a single 40-mark source-based question. The 20-
  ok   #96 L3.practice_questions[2].marks [HIGH] F5/F11/F16/F19/F21/F25/F27/F35: the post-1914 prose section is a single 40-mark source-based question. The 20-
  ok   #97 L3.practice_questions[3].text [HIGH] F5/F11/F16/F19/F21/F25/F27/F35: the post-1914 prose section is a single 40-mark source-based question. The 20-
  ok   #98 L3.practice_questions[3].type [HIGH] F5/F11/F16/F19/F21/F25/F27/F35: the post-1914 prose section is a single 40-mark source-based question. The 20-
  ok   #99 L3.practice_questions[3].marks [HIGH] F5/F11/F16/F19/F21/F25/F27/F35: the post-1914 prose section is a single 40-mark source-based question. The 20-
  ok   #100 L3.practice_questions[4].text [HIGH] F5/F11/F16/F19/F21/F25/F27/F35: the post-1914 prose section is a single 40-mark source-based question. The 20-
  ok   #101 L3.practice_questions[4].type [HIGH] F5/F11/F16/F19/F21/F25/F27/F35: the post-1914 prose section is a single 40-mark source-based question. The 20-
  ok   #102 L3.practice_questions[4].marks [HIGH] F5/F11/F16/F19/F21/F25/F27/F35: the post-1914 prose section is a single 40-mark source-based question. The 20-
  ok   #103 L3.practice_questions[5].text [HIGH] F5/F11/F16/F19/F21/F25/F27/F35: the post-1914 prose section is a single 40-mark source-based question. The 20-
  ok   #104 L3.practice_questions[5].type [HIGH] F5/F11/F16/F19/F21/F25/F27/F35: the post-1914 prose section is a single 40-mark source-based question. The 20-
  ok   #105 L3.practice_questions[5].marks [HIGH] F5/F11/F16/F19/F21/F25/F27/F35: the post-1914 prose section is a single 40-mark source-based question. The 20-
  PATCH L3: content_html, exam_tip_html, practice_questions
  ok   #19 L4.content_html [HIGH] F17: the Chapter 7 text reads 'This was the divider, the barrier.' The word 'prison' does not occur in the nov
  ok   #20 L4.exam_tip_html [HIGH] F18: no part (a); one 40-mark source-based question. Board name removed.
  ok   #106 L4.practice_questions[0].text [HIGH] F5/F11/F16/F19/F21/F25/F27/F35: the post-1914 prose section is a single 40-mark source-based question. The 20-
  ok   #107 L4.practice_questions[0].type [HIGH] F5/F11/F16/F19/F21/F25/F27/F35: the post-1914 prose section is a single 40-mark source-based question. The 20-
  ok   #108 L4.practice_questions[0].marks [HIGH] F5/F11/F16/F19/F21/F25/F27/F35: the post-1914 prose section is a single 40-mark source-based question. The 20-
  ok   #109 L4.practice_questions[1].text [HIGH] F5/F11/F16/F19/F21/F25/F27/F35: the post-1914 prose section is a single 40-mark source-based question. The 20-
  ok   #110 L4.practice_questions[1].type [HIGH] F5/F11/F16/F19/F21/F25/F27/F35: the post-1914 prose section is a single 40-mark source-based question. The 20-
  ok   #111 L4.practice_questions[1].marks [HIGH] F5/F11/F16/F19/F21/F25/F27/F35: the post-1914 prose section is a single 40-mark source-based question. The 20-
  ok   #112 L4.practice_questions[2].text [HIGH] F5/F11/F16/F19/F21/F25/F27/F35: the post-1914 prose section is a single 40-mark source-based question. The 20-
  ok   #113 L4.practice_questions[2].type [HIGH] F5/F11/F16/F19/F21/F25/F27/F35: the post-1914 prose section is a single 40-mark source-based question. The 20-
  ok   #114 L4.practice_questions[2].marks [HIGH] F5/F11/F16/F19/F21/F25/F27/F35: the post-1914 prose section is a single 40-mark source-based question. The 20-
  ok   #115 L4.practice_questions[3].text [HIGH] F5/F11/F16/F19/F21/F25/F27/F35: the post-1914 prose section is a single 40-mark source-based question. The 20-
  ok   #116 L4.practice_questions[3].type [HIGH] F5/F11/F16/F19/F21/F25/F27/F35: the post-1914 prose section is a single 40-mark source-based question. The 20-
  ok   #117 L4.practice_questions[3].marks [HIGH] F5/F11/F16/F19/F21/F25/F27/F35: the post-1914 prose section is a single 40-mark source-based question. The 20-
  ok   #118 L4.practice_questions[4].text [HIGH] F5/F11/F16/F19/F21/F25/F27/F35: the post-1914 prose section is a single 40-mark source-based question. The 20-
  ok   #119 L4.practice_questions[4].type [HIGH] F5/F11/F16/F19/F21/F25/F27/F35: the post-1914 prose section is a single 40-mark source-based question. The 20-
  ok   #120 L4.practice_questions[4].marks [HIGH] F5/F11/F16/F19/F21/F25/F27/F35: the post-1914 prose section is a single 40-mark source-based question. The 20-
  ok   #121 L4.practice_questions[5].text [HIGH] F5/F11/F16/F19/F21/F25/F27/F35: the post-1914 prose section is a single 40-mark source-based question. The 20-
  ok   #122 L4.practice_questions[5].type [HIGH] F5/F11/F16/F19/F21/F25/F27/F35: the post-1914 prose section is a single 40-mark source-based question. The 20-
  ok   #123 L4.practice_questions[5].marks [HIGH] F5/F11/F16/F19/F21/F25/F27/F35: the post-1914 prose section is a single 40-mark source-based question. The 20-
  PATCH L4: content_html, exam_tip_html, practice_questions
  ok   #21 L5.exam_tip_html [HIGH] F20: no part (b); one 40-mark source-based question. Board name removed.
  ok   #124 L5.practice_questions[0].text [HIGH] F5/F11/F16/F19/F21/F25/F27/F35: the post-1914 prose section is a single 40-mark source-based question. The 20-
  ok   #125 L5.practice_questions[0].type [HIGH] F5/F11/F16/F19/F21/F25/F27/F35: the post-1914 prose section is a single 40-mark source-based question. The 20-
  ok   #126 L5.practice_questions[0].marks [HIGH] F5/F11/F16/F19/F21/F25/F27/F35: the post-1914 prose section is a single 40-mark source-based question. The 20-
  ok   #127 L5.practice_questions[1].text [HIGH] F5/F11/F16/F19/F21/F25/F27/F35: the post-1914 prose section is a single 40-mark source-based question. The 20-
  ok   #128 L5.practice_questions[1].type [HIGH] F5/F11/F16/F19/F21/F25/F27/F35: the post-1914 prose section is a single 40-mark source-based question. The 20-
  ok   #129 L5.practice_questions[1].marks [HIGH] F5/F11/F16/F19/F21/F25/F27/F35: the post-1914 prose section is a single 40-mark source-based question. The 20-
  ok   #130 L5.practice_questions[2].text [HIGH] F5/F11/F16/F19/F21/F25/F27/F35: the post-1914 prose section is a single 40-mark source-based question. The 20-
  ok   #131 L5.practice_questions[2].type [HIGH] F5/F11/F16/F19/F21/F25/F27/F35: the post-1914 prose section is a single 40-mark source-based question. The 20-
  ok   #132 L5.practice_questions[2].marks [HIGH] F5/F11/F16/F19/F21/F25/F27/F35: the post-1914 prose section is a single 40-mark source-based question. The 20-
  ok   #133 L5.practice_questions[3].text [HIGH] F5/F11/F16/F19/F21/F25/F27/F35: the post-1914 prose section is a single 40-mark source-based question. The 20-
  ok   #134 L5.practice_questions[3].type [HIGH] F5/F11/F16/F19/F21/F25/F27/F35: the post-1914 prose section is a single 40-mark source-based question. The 20-
  ok   #135 L5.practice_questions[3].marks [HIGH] F5/F11/F16/F19/F21/F25/F27/F35: the post-1914 prose section is a single 40-mark source-based question. The 20-
  ok   #136 L5.practice_questions[4].text [HIGH] F5/F11/F16/F19/F21/F25/F27/F35: the post-1914 prose section is a single 40-mark source-based question. The 20-
  ok   #137 L5.practice_questions[4].type [HIGH] F5/F11/F16/F19/F21/F25/F27/F35: the post-1914 prose section is a single 40-mark source-based question. The 20-
  ok   #138 L5.practice_questions[4].marks [HIGH] F5/F11/F16/F19/F21/F25/F27/F35: the post-1914 prose section is a single 40-mark source-based question. The 20-
  ok   #139 L5.practice_questions[5].text [HIGH] F5/F11/F16/F19/F21/F25/F27/F35: the post-1914 prose section is a single 40-mark source-based question. The 20-
  ok   #140 L5.practice_questions[5].type [HIGH] F5/F11/F16/F19/F21/F25/F27/F35: the post-1914 prose section is a single 40-mark source-based question. The 20-
  ok   #141 L5.practice_questions[5].marks [HIGH] F5/F11/F16/F19/F21/F25/F27/F35: the post-1914 prose section is a single 40-mark source-based question. The 20-
  PATCH L5: exam_tip_html, practice_questions
  ok   #22 L6.content_html [MED] F23: the quoted line says the opposite of the claim — in Chapter 5 it follows Ralph recognising that Piggy has
  ok   #23 L6.content_html [MED] F8: Ralph spots the shell in the lagoon; Piggy identifies it as a conch.
  ok   #24 L6.exam_tip_html [MED] F24: house rule — the board is never named in student-facing text.
  ok   #25 L6.flashcard_questions[0].q [HIGH] F22: 'Which is better — to have rules and agree, or to hunt and kill?' is Piggy's final speech at Castle Rock.
  ok   #142 L6.practice_questions[0].text [HIGH] F5/F11/F16/F19/F21/F25/F27/F35: the post-1914 prose section is a single 40-mark source-based question. The 20-
  ok   #143 L6.practice_questions[0].type [HIGH] F5/F11/F16/F19/F21/F25/F27/F35: the post-1914 prose section is a single 40-mark source-based question. The 20-
  ok   #144 L6.practice_questions[0].marks [HIGH] F5/F11/F16/F19/F21/F25/F27/F35: the post-1914 prose section is a single 40-mark source-based question. The 20-
  ok   #145 L6.practice_questions[1].text [HIGH] F5/F11/F16/F19/F21/F25/F27/F35: the post-1914 prose section is a single 40-mark source-based question. The 20-
  ok   #146 L6.practice_questions[1].type [HIGH] F5/F11/F16/F19/F21/F25/F27/F35: the post-1914 prose section is a single 40-mark source-based question. The 20-
  ok   #147 L6.practice_questions[1].marks [HIGH] F5/F11/F16/F19/F21/F25/F27/F35: the post-1914 prose section is a single 40-mark source-based question. The 20-
  ok   #148 L6.practice_questions[2].text [HIGH] F5/F11/F16/F19/F21/F25/F27/F35: the post-1914 prose section is a single 40-mark source-based question. The 20-
  ok   #149 L6.practice_questions[2].type [HIGH] F5/F11/F16/F19/F21/F25/F27/F35: the post-1914 prose section is a single 40-mark source-based question. The 20-
  ok   #150 L6.practice_questions[2].marks [HIGH] F5/F11/F16/F19/F21/F25/F27/F35: the post-1914 prose section is a single 40-mark source-based question. The 20-
  ok   #151 L6.practice_questions[3].text [HIGH] F5/F11/F16/F19/F21/F25/F27/F35: the post-1914 prose section is a single 40-mark source-based question. The 20-
  ok   #152 L6.practice_questions[3].type [HIGH] F5/F11/F16/F19/F21/F25/F27/F35: the post-1914 prose section is a single 40-mark source-based question. The 20-
  ok   #153 L6.practice_questions[3].marks [HIGH] F5/F11/F16/F19/F21/F25/F27/F35: the post-1914 prose section is a single 40-mark source-based question. The 20-
  ok   #154 L6.practice_questions[4].text [HIGH] F5/F11/F16/F19/F21/F25/F27/F35: the post-1914 prose section is a single 40-mark source-based question. The 20-
  ok   #155 L6.practice_questions[4].type [HIGH] F5/F11/F16/F19/F21/F25/F27/F35: the post-1914 prose section is a single 40-mark source-based question. The 20-
  ok   #156 L6.practice_questions[4].marks [HIGH] F5/F11/F16/F19/F21/F25/F27/F35: the post-1914 prose section is a single 40-mark source-based question. The 20-
  ok   #157 L6.practice_questions[5].text [HIGH] F5/F11/F16/F19/F21/F25/F27/F35: the post-1914 prose section is a single 40-mark source-based question. The 20-
  ok   #158 L6.practice_questions[5].type [HIGH] F5/F11/F16/F19/F21/F25/F27/F35: the post-1914 prose section is a single 40-mark source-based question. The 20-
  ok   #159 L6.practice_questions[5].marks [HIGH] F5/F11/F16/F19/F21/F25/F27/F35: the post-1914 prose section is a single 40-mark source-based question. The 20-
  PATCH L6: content_html, exam_tip_html, flashcard_questions, practice_questions
  ok   #26 L7.content_html [MED] F8: Ralph spots the shell in the lagoon; Piggy identifies it.
  ok   #27 L7.exam_tip_html [HIGH] F26: no part (b). Board name removed.
  ok   #28 L7.exam_tip_html [HIGH] F26: context is not an assessment objective on the post-1914 prose question, so telling students to embed it f
  ok   #29 L7.flashcard_questions[1].a [MED] F8: Ralph, not Piggy, spots the shell.
  ok   #160 L7.practice_questions[0].text [HIGH] F5/F11/F16/F19/F21/F25/F27/F35: the post-1914 prose section is a single 40-mark source-based question. The 20-
  ok   #161 L7.practice_questions[0].type [HIGH] F5/F11/F16/F19/F21/F25/F27/F35: the post-1914 prose section is a single 40-mark source-based question. The 20-
  ok   #162 L7.practice_questions[0].marks [HIGH] F5/F11/F16/F19/F21/F25/F27/F35: the post-1914 prose section is a single 40-mark source-based question. The 20-
  ok   #163 L7.practice_questions[1].text [HIGH] F5/F11/F16/F19/F21/F25/F27/F35: the post-1914 prose section is a single 40-mark source-based question. The 20-
  ok   #164 L7.practice_questions[1].type [HIGH] F5/F11/F16/F19/F21/F25/F27/F35: the post-1914 prose section is a single 40-mark source-based question. The 20-
  ok   #165 L7.practice_questions[1].marks [HIGH] F5/F11/F16/F19/F21/F25/F27/F35: the post-1914 prose section is a single 40-mark source-based question. The 20-
  ok   #166 L7.practice_questions[2].text [HIGH] F5/F11/F16/F19/F21/F25/F27/F35: the post-1914 prose section is a single 40-mark source-based question. The 20-
  ok   #167 L7.practice_questions[2].type [HIGH] F5/F11/F16/F19/F21/F25/F27/F35: the post-1914 prose section is a single 40-mark source-based question. The 20-
  ok   #168 L7.practice_questions[2].marks [HIGH] F5/F11/F16/F19/F21/F25/F27/F35: the post-1914 prose section is a single 40-mark source-based question. The 20-
  ok   #169 L7.practice_questions[3].text [HIGH] F5/F11/F16/F19/F21/F25/F27/F35: the post-1914 prose section is a single 40-mark source-based question. The 20-
  ok   #170 L7.practice_questions[3].type [HIGH] F5/F11/F16/F19/F21/F25/F27/F35: the post-1914 prose section is a single 40-mark source-based question. The 20-
  ok   #171 L7.practice_questions[3].marks [HIGH] F5/F11/F16/F19/F21/F25/F27/F35: the post-1914 prose section is a single 40-mark source-based question. The 20-
  ok   #172 L7.practice_questions[4].text [HIGH] F5/F11/F16/F19/F21/F25/F27/F35: the post-1914 prose section is a single 40-mark source-based question. The 20-
  ok   #173 L7.practice_questions[4].type [HIGH] F5/F11/F16/F19/F21/F25/F27/F35: the post-1914 prose section is a single 40-mark source-based question. The 20-
  ok   #174 L7.practice_questions[4].marks [HIGH] F5/F11/F16/F19/F21/F25/F27/F35: the post-1914 prose section is a single 40-mark source-based question. The 20-
  ok   #175 L7.practice_questions[5].text [HIGH] F5/F11/F16/F19/F21/F25/F27/F35: the post-1914 prose section is a single 40-mark source-based question. The 20-
  ok   #176 L7.practice_questions[5].type [HIGH] F5/F11/F16/F19/F21/F25/F27/F35: the post-1914 prose section is a single 40-mark source-based question. The 20-
  ok   #177 L7.practice_questions[5].marks [HIGH] F5/F11/F16/F19/F21/F25/F27/F35: the post-1914 prose section is a single 40-mark source-based question. The 20-
  PATCH L7: content_html, exam_tip_html, flashcard_questions, practice_questions
  ok   #30 L8.description [MED] F35: house rule — the board is never named in student-facing text.
  ok   #31 L8.content_html [HIGH] F28: the spec sets one source-based question worth 40 marks in a 2 hour 30 minute paper of three 40-mark secti
  ok   #32 L8.content_html [HIGH] F29: AO4 is accurate written English, not context. The section assesses AO1, AO2 and AO4 only — there is no AO
  ok   #33 L8.content_html [MED] F29: the revision prompt rehearses the invented two-task format.
  ok   #34 L8.content_html [MED] F28: no separate wider-text task.
  ok   #35 L8.content_html [MED] F28: no separate wider-text task.
  ok   #36 L8.content_html [MED] F29: a context step earns no marks on this question.
  ok   #37 L8.content_html [MED] F29: as above.
  ok   #38 L8.conclusion_html [HIGH] F30: invented (a)/(b) split plus the false claim that AO4 is context.
  ok   #39 L8.exam_tip_html [HIGH] F31: the whole tip teaches an (a)/(b) format that does not exist on this paper.
  ok   #40 L8.knowledge_checks[1].q [HIGH] F32: the item tests an invented two-part format and a false definition of AO4.
  ok   #41 L8.knowledge_checks[1].options [HIGH] F32: correct index 1 stays correct — the section assesses AO1, AO2 and AO4.
  ok   #42 L8.knowledge_checks[2].q [HIGH] F32: as above; correct index 1 ('extract') stays correct.
  ok   #43 L8.knowledge_checks[2].options [HIGH] F32: distractors rewritten to fit the corrected stem.
  ok   #44 L8.flashcard_questions[0].q [HIGH] F33: 'Which is better — to have rules and agree, or to hunt and kill?' is Piggy's.
  ok   #45 L8.flashcard_questions[7].q [HIGH] F33: no part (b); AO4 is not context.
  ok   #46 L8.flashcard_questions[7].a [HIGH] F33: as above.
  ok   #47 L8.flashcard_questions[8].q [HIGH] F33: no part (a).
  ok   #48 L8.flashcard_questions[8].a [HIGH] F33: as above.
  ok   #49 L8.flashcard_questions[10].q [HIGH] F33: board name removed.
  ok   #50 L8.flashcard_questions[10].a [HIGH] F33: the advice describes a format that does not exist.
  ok   #51 L8.glossary_terms[4].definition [HIGH] F34: AO4 is accurate written English, not context.
  ok   #178 L8.practice_questions[0].text [HIGH] F5/F11/F16/F19/F21/F25/F27/F35: the post-1914 prose section is a single 40-mark source-based question. The 20-
  ok   #179 L8.practice_questions[0].type [HIGH] F5/F11/F16/F19/F21/F25/F27/F35: the post-1914 prose section is a single 40-mark source-based question. The 20-
  ok   #180 L8.practice_questions[0].marks [HIGH] F5/F11/F16/F19/F21/F25/F27/F35: the post-1914 prose section is a single 40-mark source-based question. The 20-
  ok   #181 L8.practice_questions[1].text [HIGH] F5/F11/F16/F19/F21/F25/F27/F35: the post-1914 prose section is a single 40-mark source-based question. The 20-
  ok   #182 L8.practice_questions[1].type [HIGH] F5/F11/F16/F19/F21/F25/F27/F35: the post-1914 prose section is a single 40-mark source-based question. The 20-
  ok   #183 L8.practice_questions[1].marks [HIGH] F5/F11/F16/F19/F21/F25/F27/F35: the post-1914 prose section is a single 40-mark source-based question. The 20-
  ok   #184 L8.practice_questions[2].text [HIGH] F5/F11/F16/F19/F21/F25/F27/F35: the post-1914 prose section is a single 40-mark source-based question. The 20-
  ok   #185 L8.practice_questions[2].type [HIGH] F5/F11/F16/F19/F21/F25/F27/F35: the post-1914 prose section is a single 40-mark source-based question. The 20-
  ok   #186 L8.practice_questions[2].marks [HIGH] F5/F11/F16/F19/F21/F25/F27/F35: the post-1914 prose section is a single 40-mark source-based question. The 20-
  ok   #187 L8.practice_questions[3].text [HIGH] F5/F11/F16/F19/F21/F25/F27/F35: the post-1914 prose section is a single 40-mark source-based question. The 20-
  ok   #188 L8.practice_questions[3].type [HIGH] F5/F11/F16/F19/F21/F25/F27/F35: the post-1914 prose section is a single 40-mark source-based question. The 20-
  ok   #189 L8.practice_questions[3].marks [HIGH] F5/F11/F16/F19/F21/F25/F27/F35: the post-1914 prose section is a single 40-mark source-based question. The 20-
  ok   #190 L8.practice_questions[4].text [HIGH] F5/F11/F16/F19/F21/F25/F27/F35: the post-1914 prose section is a single 40-mark source-based question. The 20-
  ok   #191 L8.practice_questions[4].type [HIGH] F5/F11/F16/F19/F21/F25/F27/F35: the post-1914 prose section is a single 40-mark source-based question. The 20-
  ok   #192 L8.practice_questions[4].marks [HIGH] F5/F11/F16/F19/F21/F25/F27/F35: the post-1914 prose section is a single 40-mark source-based question. The 20-
  ok   #193 L8.practice_questions[5].text [HIGH] F5/F11/F16/F19/F21/F25/F27/F35: the post-1914 prose section is a single 40-mark source-based question. The 20-
  ok   #194 L8.practice_questions[5].type [HIGH] F5/F11/F16/F19/F21/F25/F27/F35: the post-1914 prose section is a single 40-mark source-based question. The 20-
  ok   #195 L8.practice_questions[5].marks [HIGH] F5/F11/F16/F19/F21/F25/F27/F35: the post-1914 prose section is a single 40-mark source-based question. The 20-
  PATCH L8: description, content_html, conclusion_html, exam_tip_html, knowledge_checks, flashcard_questions, glossary_terms, practice_questions
=== 196 applied, 0 skipped, 8 lessons / 34 fields changed
