=== APPLY EDITS design-technology-eduqas/materials-and-properties  20 edits  LIVE  2026-09-06T09:10:01.490Z
  ok   #0 L1.content_html [MEDIUM] F1: gsm measures weight only; thickness is measured in microns.
  ok   #1 L1.glossary_terms[1].definition [MEDIUM] F2: same definition error in the glossary.
  ok   #2 L1.exam_tip_html [MEDIUM] F3: fabricated examiner claim.
  ok   #3 L1.exam_tip_html [MEDIUM] F4: invented question code and invented marking rule; the spec gives no question numbering.
  ok   #4 L1.content_html [MEDIUM] F5: board question code not supported by the spec.
  ok   #5 L1.content_html [MEDIUM] F5: mark total for that question is not stated in the spec.
  ok   #6 L1.content_html [MEDIUM] F5: board question code.
  PATCH L1: content_html, glossary_terms, exam_tip_html
  ok   #7 L2.content_html [MEDIUM] F7: unverifiable popularity claim stated as fact.
  ok   #8 L2.exam_tip_html [MEDIUM] F8: invented question number and invented mark-scheme claim.
  PATCH L2: content_html, exam_tip_html
  ok   #9 L3.exam_tip_html [MEDIUM] F9: mark totals not supported by the spec.
  ok   #10 L3.exam_tip_html [MEDIUM] F9: board question code.
  PATCH L3: exam_tip_html
  ok   #11 L4.content_html [MEDIUM] F11: board question code.
  ok   #12 L4.content_html [MEDIUM] F10: fabricated examiner data.
  ok   #13 L4.exam_tip_html [MEDIUM] F12: mark total and question code not supported by the spec.
  ok   #14 L4.exam_tip_html [MEDIUM] F12: fabricated examiner claim about candidate choices.
  PATCH L4: content_html, exam_tip_html
  ok   #15 L5.content_html [MEDIUM] F13: cotton gains strength when wet; viscose is the fibre that loses strength when wet.
  ok   #16 L5.exam_tip_html [MEDIUM] F14: mark total and question code not supported by the spec.
  PATCH L5: content_html, exam_tip_html
  ok   #17 L6.exam_tip_html [MEDIUM] F19: fabricated examiner claim plus an unsupported mark total and question code.
  ok   #18 L6.flashcard_questions[11].a [MEDIUM] F17: denim is warp-faced — the weft passes under the warp floats, not over them.
  ok   #19 L6.content_html [LOW] F18: parachute canopies are ripstop plain weave, not satin.
  PATCH L6: exam_tip_html, flashcard_questions, content_html
=== 20 applied, 0 skipped, 6 lessons / 13 fields changed
