
=== RE-NARRATION (changed narrated text only) ===
backup: C:\Users\tshau\Documents\Study Vault\scripts\_retrofc\units\design-technology-eduqas__materials-and-properties\_backup.json
unit:   design-technology-eduqas / materials-and-properties
run: 2026-09-06T09:10:05Z  mode: LIVE

6 lessons, 11 clips to regenerate

  L01 (Ollie)  Papers and Boards
      n21: The extended writing question asks you to demonstrate depth in ONE chosen material area. For papers and boards
             -> 404 KB, 34.5s, uploaded
      n22: A strong in-depth paragraph on papers and boards might read: “Folding boxboard is used for cereal packaging be
             -> 344 KB, 29.3s, uploaded
      n23: In questions about papers and boards, always name the specific paper or board type rather than writing “paper”
             -> 440 KB, 37.6s, uploaded
      manifest updated (27 entries)
  L02 (Ada)  Natural and Manufactured Timbers
      n2: Timber is one of the most versatile structural materials available to designers, and a common choice for the i
             -> 349 KB, 29.8s, uploaded
      n34: Timbers and boards is a common choice for the in-depth material area, and depth of detail earns more than a lo
             -> 555 KB, 47.4s, uploaded
      manifest updated (38 entries)
  L03 (Ollie)  Ferrous and Non-Ferrous Metals
      n29: When answering questions on metals, always use the precise property name (tensile strength, ductility, malleab
             -> 550 KB, 46.9s, uploaded
      manifest updated (33 entries)
  L04 (Ada)  Thermoforming and Thermosetting Polymers
      n18: Weak answers on polymers often rely on generic statements like “plastics are lightweight and cheap.” Stronger 
             -> 135 KB, 11.5s, uploaded
      n23: The most common error in polymer questions is confusing “thermoforming” and “thermosetting”—remember: thermofo
             -> 399 KB, 34.0s, uploaded
      manifest updated (27 entries)
  L05 (Ollie)  Natural and Synthetic Textiles
      n34: Questions on fibres often ask you to justify a material choice for a specific product. Always link the propert
             -> 535 KB, 45.6s, uploaded
      manifest updated (38 entries)
  L06 (Ada)  Woven, Non-Woven and Knitted Textile Construction
      n20: Examples: silk satin, polyester satin, sateen (using cotton). Used in eveningwear, linings, bedding and decora
             -> 125 KB, 10.7s, uploaded
      n32: For questions on fabric construction, always state the structural reason behind the property—don’t just say “p
             -> 552 KB, 47.1s, uploaded
      manifest updated (36 entries)

Regenerated 11 clips.

=== VERIFY (ranged GET + freshness) ===
  206  L01 n21  bytes 0-3/413568  Last-Modified: Sun, 06 Sep 2026 09:10:14 GMT  mp3-sync=OK
  206  L01 n22  bytes 0-3/351936  Last-Modified: Sun, 06 Sep 2026 09:10:19 GMT  mp3-sync=OK
  206  L01 n23  bytes 0-3/451008  Last-Modified: Sun, 06 Sep 2026 09:10:26 GMT  mp3-sync=OK
  206  L02 n2  bytes 0-3/357408  Last-Modified: Sun, 06 Sep 2026 09:10:32 GMT  mp3-sync=OK
  206  L02 n34  bytes 0-3/568224  Last-Modified: Sun, 06 Sep 2026 09:10:40 GMT  mp3-sync=OK
  206  L03 n29  bytes 0-3/562752  Last-Modified: Sun, 06 Sep 2026 09:10:49 GMT  mp3-sync=OK
  206  L04 n18  bytes 0-3/137952  Last-Modified: Sun, 06 Sep 2026 09:10:53 GMT  mp3-sync=OK
  206  L04 n23  bytes 0-3/408384  Last-Modified: Sun, 06 Sep 2026 09:10:59 GMT  mp3-sync=OK
  206  L05 n34  bytes 0-3/547776  Last-Modified: Sun, 06 Sep 2026 09:11:07 GMT  mp3-sync=OK
  206  L06 n20  bytes 0-3/128448  Last-Modified: Sun, 06 Sep 2026 09:11:11 GMT  mp3-sync=OK
  206  L06 n32  bytes 0-3/565632  Last-Modified: Sun, 06 Sep 2026 09:11:18 GMT  mp3-sync=OK

11/11 clips verified HTTP 200/206 with fresh audio.
