=== APPLY EDITS drama-aqa/theatre-roles-stagecraft  13 edits  LIVE  2026-09-06T06:23:33.371Z
  ok   #0 L1.exam_tip_html [HIGH] F1: corrects the written-paper format and removes unsupported role-question mark allocations.
  PATCH L1: exam_tip_html
  ok   #1 L2.content_html [MEDIUM] F2: the specification gives these as examples and does not call the list exhaustive.
  ok   #2 L2.content_html [MEDIUM] F2: removes the unsupported claim that the specification gives an exhaustive set of four.
  ok   #3 L2.conclusion_html [MEDIUM] F2: identifies the named examples without calling them an exhaustive set.
  ok   #4 L2.knowledge_checks[1].q [MEDIUM] F2: the specification names examples rather than an exhaustive four-item list.
  ok   #5 L2.flashcard_questions[1].q [MEDIUM] F2: the specification does not rank scale above the other named design fundamentals.
  ok   #6 L2.flashcard_questions[1].a [MEDIUM] F2: replaces the unsupported single 'most fundamental' answer with the named examples.
  ok   #7 L2.exam_tip_html [MEDIUM] F3: adds puppets, which the specification includes among the designer choices.
  PATCH L2: content_html, conclusion_html, knowledge_checks, flashcard_questions, exam_tip_html
  ok   #8 L4.content_html [HIGH] F4: the specification gives nine vocal examples, not seven key elements.
  ok   #9 L4.content_html [HIGH] F4: restores the specification's complete vocal list.
  ok   #10 L4.content_html [HIGH] F4: restores the specification's physical examples.
  ok   #11 L4.conclusion_html [HIGH] F4: corrects both specification lists and removes the unsupported requirement to use both categories.
  ok   #12 L4.exam_tip_html [HIGH] F5: removes unsupported response rules and reflects the performer-or-designer choice in the specification.
  PATCH L4: content_html, conclusion_html, exam_tip_html
=== 13 applied, 0 skipped, 3 lessons / 9 fields changed

NEW VALIDATOR VIOLATIONS after edits: {
 "2": [
  "- FC[1] answer has enumeration pattern: 'Scale, shape, colour and texture....'. Split into separate cards."
 ]
}
restored L 1 ['exam_tip_html']
restored L 2 ['content_html', 'conclusion_html', 'knowledge_checks', 'flashcard_questions', 'exam_tip_html']
restored L 4 ['content_html', 'conclusion_html', 'exam_tip_html']
edits rolled back - fix _edits.json and re-run finish
