
=== RE-NARRATION (changed narrated text only) ===
backup: C:\Users\tshau\Documents\Study Vault\scripts\_retrofc\units\drama-aqa__theatre-roles-stagecraft\_backup.json
unit:   drama-aqa / theatre-roles-stagecraft
run: 2026-09-06T08:42:14Z  mode: LIVE

3 lessons, 9 clips to regenerate

  L01 (Ollie)  Who Makes a Play: Roles in Professional Theatre
      n19: Section A has four 1-mark multiple-choice questions on professional theatre maker roles and/or terminology. Se
             -> 218 KB, 18.6s, uploaded
      manifest updated (23 entries)
  L02 (Ada)  The Designers' Toolkit: Set, Lighting, Sound, Costume
      n3: Key Fact . The specification names these design fundamentals: scale (the size of elements relative to the perf
             -> 363 KB, 31.0s, uploaded
      n20: For designer interpretation questions (8 marks), you must choose a specific design discipline — lighting, soun
             -> 649 KB, 55.3s, uploaded
      n22: The design fundamentals named in the specification — scale, shape, colour and texture — underpin every design 
             -> 156 KB, 13.3s, uploaded
      manifest updated (24 entries)
  L04 (Ada)  Performer Skills: Voice and Body
      n3: Vocal Skills: Terms Named in the Specification
             -> 47 KB, 4.0s, uploaded
      n4: The specification gives nine examples of performers’ vocal interpretation of character: accent , volume , pitc
             -> 200 KB, 17.1s, uploaded
      n8: The specification gives examples of performers’ physical interpretation of character: build , age , height , f
             -> 391 KB, 33.3s, uploaded
      n18: When a question asks you to write as a performer, make specific vocal or physical choices and anchor them to t
             -> 469 KB, 40.0s, uploaded
      n20: The specification gives examples of vocal interpretation (accent, volume, pitch, timing, pace, intonation, phr
             -> 274 KB, 23.4s, uploaded
      manifest updated (22 entries)

Regenerated 9 clips.

=== VERIFY (ranged GET + freshness) ===
  206  L01 n19  bytes 0-3/222912  Last-Modified: Sun, 06 Sep 2026 08:42:20 GMT  mp3-sync=OK
  206  L02 n3  bytes 0-3/372096  Last-Modified: Sun, 06 Sep 2026 08:42:26 GMT  mp3-sync=OK
  206  L02 n20  bytes 0-3/664128  Last-Modified: Sun, 06 Sep 2026 08:42:35 GMT  mp3-sync=OK
  206  L02 n22  bytes 0-3/159552  Last-Modified: Sun, 06 Sep 2026 08:42:38 GMT  mp3-sync=OK
  206  L04 n3  bytes 0-3/48096  Last-Modified: Sun, 06 Sep 2026 08:42:40 GMT  mp3-sync=OK
  206  L04 n4  bytes 0-3/204768  Last-Modified: Sun, 06 Sep 2026 08:42:43 GMT  mp3-sync=OK
  206  L04 n8  bytes 0-3/400032  Last-Modified: Sun, 06 Sep 2026 08:42:49 GMT  mp3-sync=OK
  206  L04 n18  bytes 0-3/479808  Last-Modified: Sun, 06 Sep 2026 08:42:56 GMT  mp3-sync=OK
  206  L04 n20  bytes 0-3/280800  Last-Modified: Sun, 06 Sep 2026 08:43:01 GMT  mp3-sync=OK

9/9 clips verified HTTP 200/206 with fresh audio.
