
=== RE-NARRATION (changed narrated text only) ===
backup: C:\Users\tshau\Documents\Study Vault\scripts\_retrofc\units\religious-studies-eduqas__catholic-applied-sin-and-forgiveness\_backup.json
unit:   religious-studies-eduqas / catholic-applied-sin-and-forgiveness
run: 2026-09-06T08:47:28Z  mode: LIVE

3 lessons, 6 clips to regenerate

  L01 (Ollie)  Crime, Punishment and Capital Punishment
      n6: The Catholic Church teaches that punishment of criminals can serve several legitimate purposes. The Catechism 
             -> 334 KB, 28.5s, uploaded
      n13: In earlier centuries, many Catholic thinkers accepted the death penalty as a legitimate tool of the state. Aug
             -> 371 KB, 31.7s, uploaded
      manifest updated (25 entries)
  L02 (Ada)  Redemption, the Church and the Mystery of Salvation
      n7: The compatibility of hell and a God of unconditional love is a classic theological challenge. The Catholic res
             -> 452 KB, 38.5s, uploaded
      n8: The Catholic tradition maintains that God genuinely wills the salvation of all people (1 Timothy 2:4). Pope Fr
             -> 569 KB, 48.5s, uploaded
      n24: The Church is described as one, holy, catholic and apostolic, and as both the Body of Christ (1 Corinthians 12
             -> 285 KB, 24.3s, uploaded
      manifest updated (25 entries)
  L03 (Ollie)  Sacraments, Mission and Evangelisation in Britain
      n2: Catholics believe that the physical world can carry the presence of God’s grace. A sacrament is a physical sig
             -> 360 KB, 30.7s, uploaded
      manifest updated (26 entries)

Regenerated 6 clips.

=== VERIFY (ranged GET + freshness) ===
  206  L01 n6  bytes 0-3/341856  Last-Modified: Sun, 06 Sep 2026 08:47:36 GMT  mp3-sync=OK
  206  L01 n13  bytes 0-3/380160  Last-Modified: Sun, 06 Sep 2026 08:47:42 GMT  mp3-sync=OK
  206  L02 n7  bytes 0-3/462528  Last-Modified: Sun, 06 Sep 2026 08:47:49 GMT  mp3-sync=OK
  206  L02 n8  bytes 0-3/582336  Last-Modified: Sun, 06 Sep 2026 08:47:58 GMT  mp3-sync=OK
  206  L02 n24  bytes 0-3/291456  Last-Modified: Sun, 06 Sep 2026 08:48:02 GMT  mp3-sync=OK
  206  L03 n2  bytes 0-3/368928  Last-Modified: Sun, 06 Sep 2026 08:48:09 GMT  mp3-sync=OK

6/6 clips verified HTTP 200/206 with fresh audio.
