
=== RE-NARRATION (changed narrated text only) ===
backup: C:\Users\tshau\Documents\Study Vault\scripts\_retrofc\units\statistics-aqa__interpreting-results-sec\_backup.json
unit:   statistics-aqa / interpreting-results-sec
run: 2026-09-03T21:17:11Z  mode: LIVE

3 lessons, 9 clips to regenerate

  L01 (Ollie)  Correlation, Causation and the Vocabulary of Association
      n24: Interpreting Correlation Coefficients
             -> 37 KB, 3.1s, uploaded
      n25: At Foundation and Higher tier, you need to interpret a given Spearman's rank correlation coefficient . It meas
             -> 203 KB, 17.3s, uploaded
      n26: Pearson's PMCC (Higher): Pearson's product moment correlation coefficient (PMCC) measures the strength and dir
             -> 318 KB, 27.1s, uploaded
      n27: For questions that use Spearman's rank formula, it will be given. You do not need to memorise it. Interpret th
             -> 253 KB, 21.6s, uploaded
      manifest updated (36 entries)
  L02 (Ada)  Reading Skew, Outliers and Distributions
      n14: When commenting on outliers in exam questions, you should: (1) identify the outlier by referring to its approx
             -> 264 KB, 22.5s, uploaded
      n39: Outliers stand far apart from the main cluster, may be genuine extreme values or data errors, and can pull the
             -> 126 KB, 10.7s, uploaded
      manifest updated (41 entries)
  L03 (Ollie)  Time Series, Trends and Rates of Change
      n19: RPI (Retail Price Index): Measures changes in the average price of a basket of goods and services purchased by
             -> 179 KB, 15.3s, uploaded
      n23: Calculating Rates of Change
             -> 28 KB, 2.4s, uploaded
      n24: At Foundation and Higher tier, you may be asked to calculate rates of change from tables using a formula that 
             -> 200 KB, 17.1s, uploaded
      manifest updated (38 entries)

Regenerated 9 clips.

=== VERIFY (ranged GET + freshness) ===
  206  L01 n24  bytes 0-3/37728  Last-Modified: Thu, 03 Sep 2026 21:17:14 GMT  mp3-sync=OK
  206  L01 n25  bytes 0-3/207648  Last-Modified: Thu, 03 Sep 2026 21:17:17 GMT  mp3-sync=OK
  206  L01 n26  bytes 0-3/325440  Last-Modified: Thu, 03 Sep 2026 21:17:22 GMT  mp3-sync=OK
  206  L01 n27  bytes 0-3/258912  Last-Modified: Thu, 03 Sep 2026 21:17:26 GMT  mp3-sync=OK
  206  L02 n14  bytes 0-3/270144  Last-Modified: Thu, 03 Sep 2026 21:17:30 GMT  mp3-sync=OK
  206  L02 n39  bytes 0-3/128736  Last-Modified: Thu, 03 Sep 2026 21:17:33 GMT  mp3-sync=OK
  206  L03 n19  bytes 0-3/183744  Last-Modified: Thu, 03 Sep 2026 21:17:36 GMT  mp3-sync=OK
  206  L03 n23  bytes 0-3/28800  Last-Modified: Thu, 03 Sep 2026 21:17:37 GMT  mp3-sync=OK
  206  L03 n24  bytes 0-3/204768  Last-Modified: Thu, 03 Sep 2026 21:17:40 GMT  mp3-sync=OK

9/9 clips verified HTTP 200/206 with fresh audio.
