=== APPLY EDITS classical-civilisation-ocr/greek-and-roman-religion  24 edits  LIVE  2026-09-05T18:47:41.145Z
  ok   #0 L1.content_html [MEDIUM] F1: Greek temple entrances were usually, not invariably, east-facing.
  ok   #1 L1.content_html [MEDIUM] F2: altar orientation was not universally eastward.
  ok   #2 L1.practice_questions[3].marks [MEDIUM] F3: eastward altar orientation was not universal.
  ok   #3 L1.flashcard_questions[1].a [MEDIUM] F4: eastward altar orientation was not universal.
  PATCH L1: content_html, practice_questions, flashcard_questions
  ok   #4 L2.content_html [MEDIUM] F5: votum is the Latin term.
  ok   #5 L2.content_html [MEDIUM] F6: piaculum is an expiatory sacrifice; a full restart was not the universal consequence.
  ok   #6 L2.conclusion_html [MEDIUM] F7: an error could require expiation, not invariably full repetition.
  ok   #7 L2.practice_questions[5].marks [MEDIUM] F8: removes the inaccurate universal-repetition contrast.
  ok   #8 L2.flashcard_questions[10].q [MEDIUM] F9: repetition from the beginning was not universal.
  ok   #9 L2.flashcard_questions[10].a [MEDIUM] F10: gives the verified consequence of a ritual error.
  PATCH L2: content_html, conclusion_html, practice_questions, flashcard_questions
  ok   #10 L3.content_html [MEDIUM] F11: hiereus is male; hiereia is the female term.
  ok   #11 L3.glossary_terms[0].definition [MEDIUM] F12: hiereus is male; hiereia is the female term.
  ok   #12 L3.content_html [MEDIUM] F13: Roman augury did not use those fixed rules.
  ok   #15 L3.content_html [MEDIUM] F16 ruling: framed as one ancient tradition.
  PATCH L3: content_html, glossary_terms
  ok   #16 L4.content_html [MEDIUM] F17 ruling: conventional identification labelled as an interpretation.
  PATCH L4: content_html
  ok   #13 L5.content_html [MEDIUM] F14: corrects the chronology and removes an unsupported causal claim.
  ok   #14 L5.practice_questions[4].marks [MEDIUM] F15: corrects the cremation chronology in the answer guidance.
  ok   #17 L5.content_html [MEDIUM] F18 ruling: coin in the mouth; the eyes variant is not classical.
  ok   #18 L5.content_html [MEDIUM] F18 ruling: tooltip aligned.
  ok   #19 L5.content_html [MEDIUM] F18 ruling: not universal.
  ok   #20 L5.conclusion_html [MEDIUM] F18 ruling: takeaway aligned.
  ok   #21 L5.flashcard_questions[4].q [MEDIUM] F18 ruling: flashcard aligned.
  ok   #22 L5.glossary_terms[3].definition [MEDIUM] F18 ruling: glossary aligned.
  ok   #23 L5.practice_questions[5].marks [MEDIUM] F19 ruling: public festival observed by families; mark scheme aligned with the prose.
  PATCH L5: content_html, practice_questions, conclusion_html, flashcard_questions, glossary_terms
=== 24 applied, 0 skipped, 5 lessons / 15 fields changed
