=== APPLY EDITS history-aqa/conflict-tension-gulf-afghanistan  221 edits  LIVE  2026-09-05T23:17:07.682Z
  ok   #0 L1.exam_tip_html [MEDIUM] F1: invented examiner claim removed
  ok   #1 L1.exam_tip_html [MEDIUM] F1: the 8-mark question carries no SPaG marks
  ok   #53 L1.practice_questions[0].text [MEDIUM] F3: stem rewritten in this paper's wording
  ok   #54 L1.practice_questions[1].text [HIGH] F2: form not set on this paper; converted to one of the four questions this section asks
  ok   #55 L1.practice_questions[1].type [HIGH] F2: form not set on this paper; converted to one of the four questions this section asks
  ok   #56 L1.practice_questions[1].marks [HIGH] F2: form not set on this paper; converted to one of the four questions this section asks
  ok   #57 L1.practice_questions[2].text [HIGH] F2: form not set on this paper; converted to one of the four questions this section asks
  ok   #58 L1.practice_questions[2].type [HIGH] F2: form not set on this paper; converted to one of the four questions this section asks
  ok   #59 L1.practice_questions[2].marks [HIGH] F2: form not set on this paper; converted to one of the four questions this section asks
  ok   #60 L1.practice_questions[3].text [HIGH] F2: form not set on this paper; converted to one of the four questions this section asks
  ok   #61 L1.practice_questions[3].type [HIGH] F2: form not set on this paper; converted to one of the four questions this section asks
  ok   #62 L1.practice_questions[3].marks [HIGH] F2: form not set on this paper; converted to one of the four questions this section asks
  ok   #63 L1.practice_questions[4].text [HIGH] F2: form not set on this paper; converted to one of the four questions this section asks
  ok   #64 L1.practice_questions[4].type [HIGH] F2: form not set on this paper; converted to one of the four questions this section asks
  ok   #65 L1.practice_questions[4].marks [HIGH] F2: form not set on this paper; converted to one of the four questions this section asks
  ok   #66 L1.practice_questions[5].text [HIGH] F2: form not set on this paper; converted to one of the four questions this section asks
  ok   #67 L1.practice_questions[5].type [HIGH] F2: form not set on this paper; converted to one of the four questions this section asks
  ok   #68 L1.practice_questions[5].marks [HIGH] F2: form not set on this paper; converted to one of the four questions this section asks
  PATCH L1: exam_tip_html, practice_questions
  ok   #2 L2.content_html [MEDIUM] F5: the strait is 21 nautical miles / 39 km wide at its narrowest
  ok   #3 L2.exam_tip_html [MEDIUM] F6: invented examiner claim removed; the question supplies two sources
  ok   #4 L2.exam_tip_html [MEDIUM] F6: the 12-mark question carries no SPaG marks
  ok   #39 L2.flashcard_questions[4].a [LOW] F46: single-name answer expanded
  ok   #40 L2.flashcard_questions[5].a [LOW] F46: single-name answer expanded
  ok   #69 L2.practice_questions[0].text [MEDIUM] F7: stem rewritten in this paper's wording
  ok   #70 L2.practice_questions[1].text [HIGH] F7: form not set on this paper; converted to one of the four questions this section asks
  ok   #71 L2.practice_questions[1].type [HIGH] F7: form not set on this paper; converted to one of the four questions this section asks
  ok   #72 L2.practice_questions[1].marks [HIGH] F7: form not set on this paper; converted to one of the four questions this section asks
  ok   #73 L2.practice_questions[2].text [HIGH] F7: form not set on this paper; converted to one of the four questions this section asks
  ok   #74 L2.practice_questions[2].type [HIGH] F7: form not set on this paper; converted to one of the four questions this section asks
  ok   #75 L2.practice_questions[2].marks [HIGH] F7: form not set on this paper; converted to one of the four questions this section asks
  ok   #76 L2.practice_questions[3].text [HIGH] F7: form not set on this paper; converted to one of the four questions this section asks
  ok   #77 L2.practice_questions[3].type [HIGH] F7: form not set on this paper; converted to one of the four questions this section asks
  ok   #78 L2.practice_questions[3].marks [HIGH] F7: form not set on this paper; converted to one of the four questions this section asks
  ok   #79 L2.practice_questions[4].text [MEDIUM] F7: stem rewritten in this paper's wording
  ok   #80 L2.practice_questions[5].text [HIGH] F7: form not set on this paper; converted to one of the four questions this section asks
  ok   #81 L2.practice_questions[5].type [HIGH] F7: form not set on this paper; converted to one of the four questions this section asks
  ok   #82 L2.practice_questions[5].marks [HIGH] F7: form not set on this paper; converted to one of the four questions this section asks
  PATCH L2: content_html, exam_tip_html, flashcard_questions, practice_questions
  ok   #5 L3.content_html [HIGH] F8: Iraq announced a merger on 8 August; the '19th province' declaration came on 28 August 1990
  ok   #6 L3.content_html [MEDIUM] F8: formal annexation as a province was completed on 28 August
  ok   #7 L3.content_html [HIGH] F8: date of the '19th province' declaration corrected
  ok   #8 L3.exam_tip_html [MEDIUM] F9: invented examiner claim removed; the question also requires contextual knowledge
  ok   #41 L3.knowledge_checks[3].q [HIGH] F8: the '19th province' declaration came on 28 August, not 8 August
  ok   #42 L3.flashcard_questions[1].a [HIGH] F8: date of the '19th province' declaration corrected
  ok   #83 L3.practice_questions[0].text [MEDIUM] F10: stem rewritten in this paper's wording
  ok   #84 L3.practice_questions[0].marks [MEDIUM] F10: stem rewritten in this paper's wording
  ok   #85 L3.practice_questions[1].text [HIGH] F10: form not set on this paper; converted to one of the four questions this section asks
  ok   #86 L3.practice_questions[1].type [HIGH] F10: form not set on this paper; converted to one of the four questions this section asks
  ok   #87 L3.practice_questions[1].marks [HIGH] F10: form not set on this paper; converted to one of the four questions this section asks
  ok   #88 L3.practice_questions[2].text [MEDIUM] F10: stem rewritten in this paper's wording
  ok   #89 L3.practice_questions[2].marks [HIGH] F8: '19th province' date corrected inside the mark scheme
  ok   #90 L3.practice_questions[3].text [HIGH] F10: form not set on this paper; converted to one of the four questions this section asks
  ok   #91 L3.practice_questions[3].type [HIGH] F10: form not set on this paper; converted to one of the four questions this section asks
  ok   #92 L3.practice_questions[3].marks [HIGH] F10: form not set on this paper; converted to one of the four questions this section asks
  ok   #93 L3.practice_questions[4].text [HIGH] F10: form not set on this paper; converted to one of the four questions this section asks
  ok   #94 L3.practice_questions[4].type [HIGH] F10: form not set on this paper; converted to one of the four questions this section asks
  ok   #95 L3.practice_questions[4].marks [HIGH] F10: form not set on this paper; converted to one of the four questions this section asks
  ok   #96 L3.practice_questions[5].text [HIGH] F10: form not set on this paper; converted to one of the four questions this section asks
  ok   #97 L3.practice_questions[5].type [HIGH] F10: form not set on this paper; converted to one of the four questions this section asks
  ok   #98 L3.practice_questions[5].marks [HIGH] F10: form not set on this paper; converted to one of the four questions this section asks
  PATCH L3: content_html, exam_tip_html, knowledge_checks, flashcard_questions, practice_questions
  ok   #9 L4.content_html [MEDIUM] F11: Germany contributed about $6 billion, not $10 billion (Wikipedia, 'Coalition of the Gulf War')
  ok   #10 L4.exam_tip_html [MEDIUM] F14: invented examiner claim removed
  ok   #11 L4.exam_tip_html [MEDIUM] F14: invented banding rule removed; no-fly zones are not part of this question
  ok   #99 L4.practice_questions[0].text [MEDIUM] F15: stem rewritten in this paper's wording
  ok   #100 L4.practice_questions[1].text [HIGH] F15: form not set on this paper; converted to one of the four questions this section asks
  ok   #101 L4.practice_questions[1].type [HIGH] F15: form not set on this paper; converted to one of the four questions this section asks
  ok   #102 L4.practice_questions[1].marks [HIGH] F15: form not set on this paper; converted to one of the four questions this section asks
  ok   #103 L4.practice_questions[2].text [HIGH] F15: form not set on this paper; converted to one of the four questions this section asks
  ok   #104 L4.practice_questions[2].type [HIGH] F15: form not set on this paper; converted to one of the four questions this section asks
  ok   #105 L4.practice_questions[2].marks [HIGH] F15: form not set on this paper; converted to one of the four questions this section asks
  ok   #106 L4.practice_questions[3].text [HIGH] F15: single invented source replaced by two real documents and the stem rewritten
  ok   #107 L4.practice_questions[3].marks [HIGH] F15: mark scheme rebuilt for two real sources
  ok   #108 L4.practice_questions[4].text [HIGH] F15: form not set on this paper; converted to one of the four questions this section asks
  ok   #109 L4.practice_questions[4].type [HIGH] F15: form not set on this paper; converted to one of the four questions this section asks
  ok   #110 L4.practice_questions[4].marks [HIGH] F15: form not set on this paper; converted to one of the four questions this section asks
  ok   #111 L4.practice_questions[5].text [HIGH] F15: form not set on this paper; converted to one of the four questions this section asks
  ok   #112 L4.practice_questions[5].type [HIGH] F15: form not set on this paper; converted to one of the four questions this section asks
  ok   #113 L4.practice_questions[5].marks [HIGH] F15: form not set on this paper; converted to one of the four questions this section asks
  ok   #218 L4.content_html [MEDIUM] ruling: Kennebunkport clause dropped (most accounts place Bush in Washington).
  ok   #219 L4.content_html [MEDIUM] ruling: the remark belongs to a later phone call, not Aspen.
  ok   #220 L4.flashcard_questions[1].q [MEDIUM] ruling: Aspen attribution dropped.
  PATCH L4: content_html, exam_tip_html, practice_questions, flashcard_questions
  ok   #12 L5.content_html [MEDIUM] F17: 392 is the total coalition death toll from all causes; deaths by enemy action were far fewer
  ok   #13 L5.content_html [LOW] F20: the term is a place; the definition described an agreement
  ok   #14 L5.conclusion_html [MEDIUM] F17: total deaths, not combat deaths
  ok   #15 L5.exam_tip_html [HIGH] F18: the 16-mark question on this paper is not source-based
  ok   #16 L5.exam_tip_html [HIGH] F18: students were told to invent source provenance
  ok   #43 L5.flashcard_questions[8].q [MEDIUM] F17: 392 is the total, not the combat toll
  ok   #44 L5.flashcard_questions[8].a [MEDIUM] F17: 392 is the total, not the combat toll
  ok   #45 L5.glossary_terms[3].definition [LOW] F20: the term is a place; the definition described an agreement
  ok   #114 L5.practice_questions[0].text [HIGH] F19: form not set on this paper; converted to one of the four questions this section asks
  ok   #115 L5.practice_questions[0].type [HIGH] F19: form not set on this paper; converted to one of the four questions this section asks
  ok   #116 L5.practice_questions[0].marks [HIGH] F19: form not set on this paper; converted to one of the four questions this section asks
  ok   #117 L5.practice_questions[1].text [HIGH] F19: form not set on this paper; converted to one of the four questions this section asks
  ok   #118 L5.practice_questions[1].type [HIGH] F19: form not set on this paper; converted to one of the four questions this section asks
  ok   #119 L5.practice_questions[1].marks [HIGH] F19: form not set on this paper; converted to one of the four questions this section asks
  ok   #120 L5.practice_questions[2].text [HIGH] F19: form not set on this paper; converted to one of the four questions this section asks
  ok   #121 L5.practice_questions[2].type [HIGH] F19: form not set on this paper; converted to one of the four questions this section asks
  ok   #122 L5.practice_questions[2].marks [HIGH] F19: form not set on this paper; converted to one of the four questions this section asks
  ok   #123 L5.practice_questions[3].text [HIGH] F19: form not set on this paper; converted to one of the four questions this section asks
  ok   #124 L5.practice_questions[3].type [HIGH] F19: form not set on this paper; converted to one of the four questions this section asks
  ok   #125 L5.practice_questions[3].marks [HIGH] F19: form not set on this paper; converted to one of the four questions this section asks
  ok   #126 L5.practice_questions[4].text [HIGH] F19: form not set on this paper; converted to one of the four questions this section asks
  ok   #127 L5.practice_questions[4].type [HIGH] F19: form not set on this paper; converted to one of the four questions this section asks
  ok   #128 L5.practice_questions[4].marks [HIGH] F19: form not set on this paper; converted to one of the four questions this section asks
  ok   #129 L5.practice_questions[5].text [HIGH] F19: form not set on this paper; converted to one of the four questions this section asks
  ok   #130 L5.practice_questions[5].type [HIGH] F19: form not set on this paper; converted to one of the four questions this section asks
  ok   #131 L5.practice_questions[5].marks [HIGH] F19: form not set on this paper; converted to one of the four questions this section asks
  PATCH L5: content_html, conclusion_html, exam_tip_html, flashcard_questions, glossary_terms, practice_questions
  ok   #17 L6.content_html [LOW] F21: all four aircraft were hijacked and crashed within the Eastern time zone
  ok   #18 L6.exam_tip_html [MEDIUM] F22: invented capping rule removed
  ok   #132 L6.practice_questions[0].text [MEDIUM] F23: stem rewritten in this paper's wording
  ok   #133 L6.practice_questions[1].text [MEDIUM] F23: stem rewritten in this paper's wording
  ok   #134 L6.practice_questions[2].text [HIGH] F23: form not set on this paper; converted to one of the four questions this section asks
  ok   #135 L6.practice_questions[2].type [HIGH] F23: form not set on this paper; converted to one of the four questions this section asks
  ok   #136 L6.practice_questions[2].marks [HIGH] F23: form not set on this paper; converted to one of the four questions this section asks
  ok   #137 L6.practice_questions[3].text [HIGH] F23: form not set on this paper; converted to one of the four questions this section asks
  ok   #138 L6.practice_questions[3].type [HIGH] F23: form not set on this paper; converted to one of the four questions this section asks
  ok   #139 L6.practice_questions[3].marks [HIGH] F23: form not set on this paper; converted to one of the four questions this section asks
  ok   #140 L6.practice_questions[4].text [HIGH] F23: fabricated CIA memo replaced by two real documents and the stem rewritten
  ok   #141 L6.practice_questions[4].marks [HIGH] F23: mark scheme rebuilt for two real sources
  ok   #142 L6.practice_questions[5].text [HIGH] F23: form not set on this paper; converted to one of the four questions this section asks
  ok   #143 L6.practice_questions[5].type [HIGH] F23: form not set on this paper; converted to one of the four questions this section asks
  ok   #144 L6.practice_questions[5].marks [HIGH] F23: form not set on this paper; converted to one of the four questions this section asks
  PATCH L6: content_html, exam_tip_html, practice_questions
  ok   #19 L7.content_html [HIGH] F24: Hani Hanjour was not a member of the Hamburg cell (Wikipedia, 'Hamburg cell')
  ok   #20 L7.content_html [LOW] F25: the second impact was 17 minutes after the first, as stated earlier in the lesson
  ok   #21 L7.exam_tip_html [MEDIUM] F26: invented examiner claim removed; the question supplies two sources
  ok   #46 L7.flashcard_questions[2].a [LOW] F45: comma-list answer replaced with one idea
  ok   #145 L7.practice_questions[0].text [HIGH] F27: single-source 12-marker rebuilt with two sources and this paper's stem
  ok   #146 L7.practice_questions[0].marks [HIGH] F27: mark scheme rebuilt for two sources
  ok   #147 L7.practice_questions[1].text [MEDIUM] F27: stem rewritten in this paper's wording
  ok   #148 L7.practice_questions[2].text [MEDIUM] F27: stem rewritten in this paper's wording and the invented photographer credit removed
  ok   #149 L7.practice_questions[3].text [HIGH] F27: form not set on this paper; converted to one of the four questions this section asks
  ok   #150 L7.practice_questions[3].type [HIGH] F27: form not set on this paper; converted to one of the four questions this section asks
  ok   #151 L7.practice_questions[3].marks [HIGH] F27: form not set on this paper; converted to one of the four questions this section asks
  ok   #152 L7.practice_questions[4].text [HIGH] F27: form not set on this paper; converted to one of the four questions this section asks
  ok   #153 L7.practice_questions[4].type [HIGH] F27: form not set on this paper; converted to one of the four questions this section asks
  ok   #154 L7.practice_questions[4].marks [HIGH] F27: form not set on this paper; converted to one of the four questions this section asks
  ok   #155 L7.practice_questions[5].text [HIGH] F27: form not set on this paper; converted to one of the four questions this section asks
  ok   #156 L7.practice_questions[5].type [HIGH] F27: form not set on this paper; converted to one of the four questions this section asks
  ok   #157 L7.practice_questions[5].marks [HIGH] F27: form not set on this paper; converted to one of the four questions this section asks
  PATCH L7: content_html, exam_tip_html, flashcard_questions, practice_questions
  ok   #22 L8.content_html [MEDIUM] F28: Mavis Leno is an activist and philanthropist, not an actress (Wikipedia, 'Mavis Leno')
  ok   #23 L8.conclusion_html [MEDIUM] F29: 'rogue state' is a political label, not a category in international law
  ok   #24 L8.exam_tip_html [MEDIUM] F30: stem described in the wrong board's wording
  ok   #25 L8.exam_tip_html [HIGH] F30: the advice was the opposite of what this question requires
  ok   #47 L8.flashcard_questions[4].a [LOW] F45: four-item comma list replaced with one idea
  ok   #48 L8.flashcard_questions[9].q [LOW] F45: list answer reshaped into a single-fact question
  ok   #49 L8.flashcard_questions[9].a [LOW] F45: list answer reshaped into a single-fact answer
  ok   #158 L8.practice_questions[0].text [MEDIUM] F31: stem rewritten in this paper's wording
  ok   #159 L8.practice_questions[1].text [MEDIUM] F31: stem rewritten in this paper's wording
  ok   #160 L8.practice_questions[2].text [MEDIUM] F31: stem rewritten in this paper's wording
  ok   #161 L8.practice_questions[3].text [MEDIUM] F31: stem rewritten in this paper's wording
  ok   #162 L8.practice_questions[4].text [HIGH] F31: form not set on this paper; converted to one of the four questions this section asks
  ok   #163 L8.practice_questions[4].type [HIGH] F31: form not set on this paper; converted to one of the four questions this section asks
  ok   #164 L8.practice_questions[4].marks [HIGH] F31: form not set on this paper; converted to one of the four questions this section asks
  ok   #165 L8.practice_questions[5].text [HIGH] F31: form not set on this paper; converted to one of the four questions this section asks
  ok   #166 L8.practice_questions[5].type [HIGH] F31: form not set on this paper; converted to one of the four questions this section asks
  ok   #167 L8.practice_questions[5].marks [HIGH] F31: form not set on this paper; converted to one of the four questions this section asks
  PATCH L8: content_html, conclusion_html, exam_tip_html, flashcard_questions, practice_questions
  ok   #26 L9.content_html [LOW] F33: Bush set out five demands on 20 September 2001, not three
  ok   #27 L9.content_html [MEDIUM] F32: 7 October to 7 December 2001 is 61 days
  ok   #28 L9.conclusion_html [MEDIUM] F32: arithmetic corrected
  ok   #50 L9.flashcard_questions[1].a [LOW] F45: three-item comma list replaced with one idea
  ok   #51 L9.flashcard_questions[8].a [MEDIUM] F32: 7 October to 7 December 2001 is 61 days
  ok   #168 L9.practice_questions[0].text [MEDIUM] F34: stem rewritten in this paper's wording
  ok   #169 L9.practice_questions[1].text [MEDIUM] F34: stem rewritten in this paper's wording and the invented Bagram location removed
  ok   #170 L9.practice_questions[2].text [MEDIUM] F34: stem rewritten in this paper's wording
  ok   #171 L9.practice_questions[2].marks [MEDIUM] F32: 61 days, not 63; stem also rewritten
  ok   #172 L9.practice_questions[3].text [MEDIUM] F34: stem rewritten in this paper's wording
  ok   #173 L9.practice_questions[4].text [HIGH] F34: form not set on this paper; converted to one of the four questions this section asks
  ok   #174 L9.practice_questions[4].type [HIGH] F34: form not set on this paper; converted to one of the four questions this section asks
  ok   #175 L9.practice_questions[4].marks [HIGH] F34: form not set on this paper; converted to one of the four questions this section asks
  ok   #176 L9.practice_questions[5].text [HIGH] F34: form not set on this paper; converted to one of the four questions this section asks
  ok   #177 L9.practice_questions[5].type [HIGH] F34: form not set on this paper; converted to one of the four questions this section asks
  ok   #178 L9.practice_questions[5].marks [HIGH] F34: form not set on this paper; converted to one of the four questions this section asks
  PATCH L9: content_html, conclusion_html, flashcard_questions, practice_questions
  ok   #29 L10.content_html [HIGH] F35: Brahimi is Algerian; the lesson's own flashcard already says so
  ok   #30 L10.exam_tip_html [MEDIUM] F36: the source-utility question on this paper is always worth 12 marks
  ok   #31 L10.exam_tip_html [MEDIUM] F36: invented banding rule removed
  ok   #179 L10.practice_questions[0].text [MEDIUM] F37: stem rewritten in this paper's wording
  ok   #180 L10.practice_questions[1].text [MEDIUM] F37: stem rewritten in this paper's wording
  ok   #181 L10.practice_questions[2].text [MEDIUM] F37: stem rewritten in this paper's wording
  ok   #182 L10.practice_questions[3].text [MEDIUM] F37: stem rewritten in this paper's wording
  ok   #183 L10.practice_questions[4].text [HIGH] F37: form not set on this paper; the fabricated Brahimi memoir quotation is removed with the source block
  ok   #184 L10.practice_questions[4].type [HIGH] F37: form not set on this paper; converted to one of the four questions this section asks
  ok   #185 L10.practice_questions[4].marks [HIGH] F37: form not set on this paper; converted to one of the four questions this section asks
  ok   #186 L10.practice_questions[5].text [HIGH] F37: form not set on this paper; converted to one of the four questions this section asks
  ok   #187 L10.practice_questions[5].type [HIGH] F37: form not set on this paper; converted to one of the four questions this section asks
  ok   #188 L10.practice_questions[5].marks [HIGH] F37: form not set on this paper; converted to one of the four questions this section asks
  PATCH L10: content_html, exam_tip_html, practice_questions
  ok   #32 L11.content_html [MEDIUM] F38: second quotation could not be traced to the Chilcot Report; the 'certainty' judgement is Chilcot's, not H
  ok   #33 L11.content_html [MEDIUM] F39: Powell's 5 February presentation did not use the Niger documents (Wikipedia, 'Yellowcake forgery')
  ok   #34 L11.exam_tip_html [HIGH] F40: the 16-mark question on this paper is not source-based
  ok   #35 L11.exam_tip_html [MEDIUM] F40: the 16-mark essay uses own knowledge, not source content
  ok   #189 L11.practice_questions[0].text [HIGH] F41: 16-mark source-based essay is not set on this paper; recast as the 12-mark source question using the same
  ok   #190 L11.practice_questions[0].type [HIGH] F41: form not set on this paper; converted to one of the four questions this section asks
  ok   #191 L11.practice_questions[0].marks [HIGH] F41: mark scheme rebuilt for the 12-mark form
  ok   #192 L11.practice_questions[1].text [MEDIUM] F41: stem rewritten in this paper's wording
  ok   #193 L11.practice_questions[2].text [MEDIUM] F41: stem rewritten in this paper's wording
  ok   #194 L11.practice_questions[2].marks [MEDIUM] F39: the Niger forgeries were not part of Powell's 5 February presentation
  ok   #195 L11.practice_questions[3].text [HIGH] F41: form not set on this paper; converted to one of the four questions this section asks
  ok   #196 L11.practice_questions[3].type [HIGH] F41: form not set on this paper; converted to one of the four questions this section asks
  ok   #197 L11.practice_questions[3].marks [HIGH] F41: form not set on this paper; converted to one of the four questions this section asks
  ok   #198 L11.practice_questions[4].text [HIGH] F41: form not set on this paper; converted to one of the four questions this section asks
  ok   #199 L11.practice_questions[4].type [HIGH] F41: form not set on this paper; converted to one of the four questions this section asks
  ok   #200 L11.practice_questions[4].marks [HIGH] F41: form not set on this paper; converted to one of the four questions this section asks
  ok   #201 L11.practice_questions[5].text [HIGH] F41: form not set on this paper; converted to one of the four questions this section asks
  ok   #202 L11.practice_questions[5].type [HIGH] F41: form not set on this paper; converted to one of the four questions this section asks
  ok   #203 L11.practice_questions[5].marks [HIGH] F41: form not set on this paper; converted to one of the four questions this section asks
  PATCH L11: content_html, exam_tip_html, practice_questions
  ok   #36 L12.content_html [LOW] F44: the definition repeated the term instead of defining it
  ok   #37 L12.exam_tip_html [HIGH] F42: the 16-mark question on this paper is not source-based
  ok   #38 L12.exam_tip_html [HIGH] F42: students were told to invent source provenance
  ok   #52 L12.glossary_terms[3].definition [LOW] F44: the definition repeated the term
  ok   #204 L12.practice_questions[0].text [HIGH] F43: 16-mark source-based essay is not set on this paper; the two invented think-tank sources are removed with
  ok   #205 L12.practice_questions[0].type [HIGH] F43: form not set on this paper; converted to one of the four questions this section asks
  ok   #206 L12.practice_questions[0].marks [HIGH] F43: form not set on this paper; converted to one of the four questions this section asks
  ok   #207 L12.practice_questions[1].text [MEDIUM] F43: stem rewritten in this paper's wording
  ok   #208 L12.practice_questions[2].text [MEDIUM] F43: stem rewritten in this paper's wording
  ok   #209 L12.practice_questions[3].text [HIGH] F43: form not set on this paper; converted to one of the four questions this section asks
  ok   #210 L12.practice_questions[3].type [HIGH] F43: form not set on this paper; converted to one of the four questions this section asks
  ok   #211 L12.practice_questions[3].marks [HIGH] F43: form not set on this paper; converted to one of the four questions this section asks
  ok   #212 L12.practice_questions[4].text [HIGH] F43: form not set on this paper; converted to one of the four questions this section asks
  ok   #213 L12.practice_questions[4].type [HIGH] F43: form not set on this paper; converted to one of the four questions this section asks
  ok   #214 L12.practice_questions[4].marks [HIGH] F43: form not set on this paper; converted to one of the four questions this section asks
  ok   #215 L12.practice_questions[5].text [HIGH] F43: form not set on this paper; converted to one of the four questions this section asks
  ok   #216 L12.practice_questions[5].type [HIGH] F43: form not set on this paper; converted to one of the four questions this section asks
  ok   #217 L12.practice_questions[5].marks [HIGH] F43: form not set on this paper; converted to one of the four questions this section asks
  PATCH L12: content_html, exam_tip_html, glossary_terms, practice_questions
=== 221 applied, 0 skipped, 12 lessons / 47 fields changed
