
=== RE-NARRATION (changed narrated text only) ===
backup: C:\Users\tshau\Documents\Study Vault\scripts\_retrofc\units\history-aqa__conflict-tension-gulf-afghanistan\_backup.json
unit:   history-aqa / conflict-tension-gulf-afghanistan
run: 2026-09-05T23:17:13Z  mode: LIVE

12 lessons, 30 clips to regenerate

  L01 (Ollie)  Regional Instability After the Iran-Iraq War
      n16: The 8-mark question on this paper asks you to write an account. It rewards a chain of cause and consequence, n
             -> 436 KB, 37.2s, uploaded
      manifest updated (20 entries)
  L02 (Ada)  Western, Russian and Regional Interests in the Gulf
      n2: In 1990 the Persian Gulf produced roughly a quarter of the world’s oil and held around two-thirds of its prove
             -> 394 KB, 33.6s, uploaded
      n17: The 12-mark question gives you two sources and asks how useful they are. Work all three of content (what each 
             -> 494 KB, 42.1s, uploaded
      manifest updated (21 entries)
  L03 (Ollie)  The Invasion of Kuwait, August 1990
      n8: Internal Iraqi planning had originally focused on a limited operation: seize Bubiyan and Warbah, occupy the Ru
             -> 462 KB, 39.4s, uploaded
      n11: The al-Sabah dynasty — Emir Jaber al-Ahmad al-Sabah and his family — fled to Saudi Arabia in the early hours, 
             -> 354 KB, 30.2s, uploaded
      n16: Key Fact . The invasion of Kuwait was launched at 2am on 2 August 1990 and Kuwait City fell within hours. On 8
             -> 282 KB, 24.1s, uploaded
      n17: The 4-mark source question states what a source suggests and asks how you know. Read the source carefully (wha
             -> 393 KB, 33.5s, uploaded
      manifest updated (21 entries)
  L04 (Ada)  Bush, Thatcher and Building the Coalition
      n2: When Iraqi tanks rolled into Kuwait City in the early hours of 2 August 1990, Margaret Thatcher was in Aspen, 
             -> 316 KB, 26.9s, uploaded
      n3: Thatcher’s later line to Bush, “remember George, this is no time to go wobbly”, captured Britain’s position. T
             -> 368 KB, 31.4s, uploaded
      n13: Wars are expensive. The 1990–91 deployment cost roughly $61 billion in 1991 dollars, and the United States ins
             -> 401 KB, 34.2s, uploaded
      n17: The 8-mark account question on the international response rewards causation, not bare chronology. Trace at lea
             -> 348 KB, 29.7s, uploaded
      manifest updated (21 entries)
  L05 (Ollie)  Operation Desert Storm and the End of the 1991 War
      n4: Key Fact . Operation Desert Storm ran from 17 January to 28 February 1991. The air phase lasted 38 days and ro
             -> 333 KB, 28.4s, uploaded
      n19: The 16-mark essay on this paper gives you a statement to judge, not sources. It needs a substantiated overall 
             -> 406 KB, 34.7s, uploaded
      n21: Operation Desert Storm (17 January – 28 February 1991) combined a 38-day air campaign with a 100-hour ground w
             -> 164 KB, 14.0s, uploaded
      manifest updated (23 entries)
  L06 (Ada)  Al-Qaeda: Aims, Beliefs and Bin Laden
      n13: By 2001 al-Qaeda was unlike any earlier terrorist organisation. It was small at the centre — perhaps a few hun
             -> 585 KB, 49.9s, uploaded
      n15: An 8-mark Narrative Account question on al-Qaeda’s development between 1988 and 2001 needs a chain of cause an
             -> 376 KB, 32.1s, uploaded
      manifest updated (19 entries)
  L07 (Ollie)  11 September 2001: The Attacks That Changed the World
      n5: The Planes Operation, as al-Qaeda called it, had been approved by Osama bin Laden in late 1999. The operationa
             -> 695 KB, 59.3s, uploaded
      n7: Unlike any earlier attack, 9/11 was broadcast live. A television crew filming firefighters in lower Manhattan 
             -> 478 KB, 40.8s, uploaded
      n15: The 12-mark question gives you two sources and needs three things from each: content, provenance and your cont
             -> 317 KB, 27.0s, uploaded
      manifest updated (19 entries)
  L08 (Ada)  The Taliban and Afghanistan as a Rogue State
      n13: Only three states ever recognised the Taliban as the legitimate government of Afghanistan: Pakistan, Saudi Ara
             -> 648 KB, 55.3s, uploaded
      n15: The 4-mark source question gives you a single source — a photograph from Kabul, a passage from a Western journ
             -> 311 KB, 26.5s, uploaded
      n19: Most of the Muslim world joined most of the West in condemning the regime; only Pakistan, Saudi Arabia and the
             -> 155 KB, 13.2s, uploaded
      manifest updated (19 entries)
  L09 (Ollie)  Bush's War on Terror and Operation Enduring Freedom
      n16: Key Fact . The Taliban regime fell in just 61 days from the opening air strikes on 7 October 2001 to the fall 
             -> 233 KB, 19.9s, uploaded
      n21: The Taliban regime fell in 61 days, but bin Laden escaped at Tora Bora — a missed opportunity that shaped the 
             -> 97 KB, 8.3s, uploaded
      manifest updated (21 entries)
  L10 (Ada)  Karzai, Bonn and the Long Resurgence of the Taliban
      n2: By the time Kandahar fell on 7 December 2001, foreign diplomats and Afghan factions were already gathered in a
             -> 442 KB, 37.7s, uploaded
      n15: The 12-mark source question on the problems faced by Karzai’s government will give you two sources of differen
             -> 332 KB, 28.3s, uploaded
      manifest updated (19 entries)
  L11 (Ollie)  Saddam, WMD and the Road to the 2003 Invasion
      n8: In September 2002 Tony Blair’s government published ‘Iraq’s Weapons of Mass Destruction: The Assessment of the
             -> 472 KB, 40.3s, uploaded
      n10: UN Resolution 1441, passed unanimously by the Security Council on 8 November 2002, ordered Iraq to readmit wea
             -> 818 KB, 69.8s, uploaded
      n15: The 16-mark essay on whether the 2003 invasion was justified gives you a statement to judge, not sources. Date
             -> 417 KB, 35.6s, uploaded
      manifest updated (19 entries)
  L12 (Ada)  Invasion, Insurgency and Iraq by 2009
      n17: The 16-mark essay on whether Iraq was stable by the end of Bush’s presidency gives you a statement, not source
             -> 449 KB, 38.3s, uploaded
      manifest updated (21 entries)

Regenerated 30 clips.

=== VERIFY (ranged GET + freshness) ===
  206  L01 n16  bytes 0-3/446400  Last-Modified: Sat, 05 Sep 2026 23:17:23 GMT  mp3-sync=OK
  206  L02 n2  bytes 0-3/403488  Last-Modified: Sat, 05 Sep 2026 23:17:30 GMT  mp3-sync=OK
  206  L02 n17  bytes 0-3/505728  Last-Modified: Sat, 05 Sep 2026 23:17:38 GMT  mp3-sync=OK
  206  L03 n8  bytes 0-3/472896  Last-Modified: Sat, 05 Sep 2026 23:17:45 GMT  mp3-sync=OK
  206  L03 n11  bytes 0-3/362880  Last-Modified: Sat, 05 Sep 2026 23:17:51 GMT  mp3-sync=OK
  206  L03 n16  bytes 0-3/289152  Last-Modified: Sat, 05 Sep 2026 23:17:55 GMT  mp3-sync=OK
  206  L03 n17  bytes 0-3/402048  Last-Modified: Sat, 05 Sep 2026 23:18:01 GMT  mp3-sync=OK
  206  L04 n2  bytes 0-3/323424  Last-Modified: Sat, 05 Sep 2026 23:18:06 GMT  mp3-sync=OK
  206  L04 n3  bytes 0-3/377280  Last-Modified: Sat, 05 Sep 2026 23:18:12 GMT  mp3-sync=OK
  206  L04 n13  bytes 0-3/410688  Last-Modified: Sat, 05 Sep 2026 23:18:19 GMT  mp3-sync=OK
  206  L04 n17  bytes 0-3/356256  Last-Modified: Sat, 05 Sep 2026 23:18:25 GMT  mp3-sync=OK
  206  L05 n4  bytes 0-3/341280  Last-Modified: Sat, 05 Sep 2026 23:18:30 GMT  mp3-sync=OK
  206  L05 n19  bytes 0-3/415872  Last-Modified: Sat, 05 Sep 2026 23:18:37 GMT  mp3-sync=OK
  206  L05 n21  bytes 0-3/168192  Last-Modified: Sat, 05 Sep 2026 23:18:41 GMT  mp3-sync=OK
  206  L06 n13  bytes 0-3/599328  Last-Modified: Sat, 05 Sep 2026 23:18:50 GMT  mp3-sync=OK
  206  L06 n15  bytes 0-3/385344  Last-Modified: Sat, 05 Sep 2026 23:18:55 GMT  mp3-sync=OK
  206  L07 n5  bytes 0-3/711648  Last-Modified: Sat, 05 Sep 2026 23:19:05 GMT  mp3-sync=OK
  206  L07 n7  bytes 0-3/489888  Last-Modified: Sat, 05 Sep 2026 23:19:13 GMT  mp3-sync=OK
  206  L07 n15  bytes 0-3/324288  Last-Modified: Sat, 05 Sep 2026 23:19:18 GMT  mp3-sync=OK
  206  L08 n13  bytes 0-3/663840  Last-Modified: Sat, 05 Sep 2026 23:19:29 GMT  mp3-sync=OK
  206  L08 n15  bytes 0-3/318240  Last-Modified: Sat, 05 Sep 2026 23:19:34 GMT  mp3-sync=OK
  206  L08 n19  bytes 0-3/158688  Last-Modified: Sat, 05 Sep 2026 23:19:38 GMT  mp3-sync=OK
  206  L09 n16  bytes 0-3/239040  Last-Modified: Sat, 05 Sep 2026 23:19:42 GMT  mp3-sync=OK
  206  L09 n21  bytes 0-3/99072  Last-Modified: Sat, 05 Sep 2026 23:19:44 GMT  mp3-sync=OK
  206  L10 n2  bytes 0-3/452160  Last-Modified: Sat, 05 Sep 2026 23:19:52 GMT  mp3-sync=OK
  206  L10 n15  bytes 0-3/339840  Last-Modified: Sat, 05 Sep 2026 23:19:58 GMT  mp3-sync=OK
  206  L11 n8  bytes 0-3/483552  Last-Modified: Sat, 05 Sep 2026 23:20:06 GMT  mp3-sync=OK
  206  L11 n10  bytes 0-3/838080  Last-Modified: Sat, 05 Sep 2026 23:20:18 GMT  mp3-sync=OK
  206  L11 n15  bytes 0-3/426816  Last-Modified: Sat, 05 Sep 2026 23:20:24 GMT  mp3-sync=OK
  206  L12 n17  bytes 0-3/459648  Last-Modified: Sat, 05 Sep 2026 23:20:31 GMT  mp3-sync=OK

30/30 clips verified HTTP 200/206 with fresh audio.
