
=== RE-NARRATION (changed narrated text only) ===
backup: C:\Users\tshau\Documents\Study Vault\scripts\_retrofc\units\design-technology-eduqas__polymers-in-depth\_backup.json
unit:   design-technology-eduqas / polymers-in-depth
run: 2026-09-06T09:12:04Z  mode: LIVE

3 lessons, 5 clips to regenerate

  L03 (Ollie)  Shaping & Forming Polymers
      n13: Extrusion continuously forces softened thermoforming polymer through a shaped die to produce lengths of consta
             -> 470 KB, 40.1s, uploaded
      manifest updated (25 entries)
  L04 (Ada)  Joining & Finishing Polymers
      n9: Plastic welding uses localised heat to melt the surfaces of two thermoforming polymer components; the molten s
             -> 681 KB, 58.1s, uploaded
      manifest updated (26 entries)
  L05 (Ollie)  Commercial Production, Sustainability & Applications
      n5: Mass production — continuous high-volume manufacture of identical parts. Processes: injection moulding (comple
             -> 256 KB, 21.9s, uploaded
      n32: Two emerging technologies are positioned as potential long-term solutions to polymer sustainability. Biopolyme
             -> 863 KB, 73.6s, uploaded
      n33: On an 8-mark sustainability question, do not simply list the 6 Rs — apply each one to a specific polymer mater
             -> 340 KB, 29.0s, uploaded
      manifest updated (37 entries)

Regenerated 5 clips.

=== VERIFY (ranged GET + freshness) ===
  206  L03 n13  bytes 0-3/481536  Last-Modified: Sun, 06 Sep 2026 09:12:14 GMT  mp3-sync=OK
  206  L04 n9  bytes 0-3/697248  Last-Modified: Sun, 06 Sep 2026 09:12:24 GMT  mp3-sync=OK
  206  L05 n5  bytes 0-3/262656  Last-Modified: Sun, 06 Sep 2026 09:12:29 GMT  mp3-sync=OK
  206  L05 n32  bytes 0-3/883296  Last-Modified: Sun, 06 Sep 2026 09:12:42 GMT  mp3-sync=OK
  206  L05 n33  bytes 0-3/348192  Last-Modified: Sun, 06 Sep 2026 09:12:48 GMT  mp3-sync=OK

5/5 clips verified HTTP 200/206 with fresh audio.
