=== APPLY EDITS geology-eduqas/earth-climate-and-solar-system  16 edits  LIVE  2026-09-06T09:00:39.171Z
  ok   #0 L1.content_html [HIGH] F1: Lower Palaeozoic ends with the Silurian, not the Devonian; Britain was not tropical throughout it.
  ok   #1 L1.practice_questions[4].text [HIGH] F2: there is no Carboniferous tillite in Wales; Britain was equatorial then. Moved the scenario to Gondwana, w
  ok   #2 L1.practice_questions[4].marks [HIGH] F2: a limestone-tillite sequence is dated by superposition, not cross-cutting relationships; Gondwana sat over
  PATCH L1: content_html, practice_questions
  ok   #3 L2.content_html [HIGH] F3: Britain was cut off around 6500 BCE, which is about 8,500 years ago, not 6,500.
  ok   #4 L2.flashcard_questions[5].a [HIGH] F3: same BC-to-BP slip as the content.
  ok   #5 L2.content_html [MEDIUM] F4: the Thames line is the Anglian limit of about 450,000 years ago, not the last glacial maximum.
  ok   #6 L2.content_html [MEDIUM] F5: removes an invented claim about examiner behaviour.
  PATCH L2: content_html, flashcard_questions
  ok   #7 L3.content_html [MEDIUM] F6: stomatal density is how many stomata form, not how many are open.
  PATCH L3: content_html
  ok   #8 L4.content_html [MEDIUM] F7: most mare basalts erupted 3.5-3.0 Ga; the 3-1 Ga range omits the main phase and contradicts lesson 5.
  ok   #9 L4.flashcard_questions[4].a [MEDIUM] F7: same wrong age range as the content.
  ok   #10 L4.content_html [MEDIUM] F8: Mauna Kea is about 10.2 km from its base, so 22 km is 2.2 times, not nearly three times.
  ok   #11 L4.content_html [MEDIUM] F9: removes an invented claim about examiner behaviour.
  ok   #12 L4.exam_tip_html [MEDIUM] F9: removes an invented claim about how answers are marked.
  PATCH L4: content_html, flashcard_questions, exam_tip_html
  ok   #13 L5.content_html [HIGH] F10: radiocarbon cannot date lunar basalts; the lunar chronology rests on Ar-Ar, Rb-Sr and U-Pb ages.
  ok   #14 L5.exam_tip_html [MEDIUM] F11: removes an invented appeal to examiner priorities.
  ok   #15 L5.practice_questions[4].text [MEDIUM] F12 ruling: stem now gives superposition something to apply to.
  PATCH L5: content_html, exam_tip_html, practice_questions
=== 16 applied, 0 skipped, 5 lessons / 11 fields changed
