
=== RE-NARRATION (changed narrated text only) ===
backup: C:\Users\tshau\Documents\Study Vault\scripts\_retrofc\units\geology-eduqas__earth-climate-and-solar-system\_backup.json
unit:   geology-eduqas / earth-climate-and-solar-system
run: 2026-09-06T09:00:43Z  mode: LIVE

5 lessons, 11 clips to regenerate

  L01 (Ollie)  Icehouse and Greenhouse Earth
      n14: One of the most important insights from comparing icehouse and greenhouse rocks in Britain is that the rock ty
             -> 367 KB, 31.3s, uploaded
      manifest updated (23 entries)
  L02 (Ada)  Sea Level Change and Drowned Forests
      n3: Understanding the link between ice and sea level is central to this unit. It connects the icehouse and greenho
             -> 256 KB, 21.9s, uploaded
      n8: During the peak of the last glaciation, sea levels were roughly 120 metres lower than today and a large area o
             -> 482 KB, 41.1s, uploaded
      n10: The size of an ice sheet determines how much sea level falls when it forms. The larger the ice extent, the mor
             -> 426 KB, 36.3s, uploaded
      manifest updated (22 entries)
  L03 (Ollie)  Atmospheric Carbon Dioxide and Climate Feedbacks
      n10: For periods beyond 800,000 years, geologists cannot use ice cores (no ice survives from before the Quaternary 
             -> 415 KB, 35.4s, uploaded
      manifest updated (25 entries)
  L04 (Ada)  Planetary Geology: Earth and Its Neighbours
      n10: Mars also preserves the largest volcano in the Solar System: Olympus Mons, standing about 22 km above the surr
             -> 513 KB, 43.8s, uploaded
      n11: Key Fact . Olympus Mons on Mars is about 22 km tall — more than twice the height of Mauna Kea from its ocean b
             -> 272 KB, 23.2s, uploaded
      n13: Remote sensing and rover data confirm that Mars’s surface is dominated by basalt — the same rock type that for
             -> 408 KB, 34.8s, uploaded
      n20: Questions on planetary geology often ask you to “compare” two bodies — remember that a comparison must address
             -> 522 KB, 44.5s, uploaded
      manifest updated (24 entries)
  L05 (Ollie)  Impacts, Craters and Planetary History
      n10: Crater counting applies the principle of superposition at a planetary scale. If a small crater sits on top of 
             -> 394 KB, 33.6s, uploaded
      n21: When answering sequence questions about impact craters, work from oldest to youngest using superposition (feat
             -> 473 KB, 40.4s, uploaded
      manifest updated (25 entries)

Regenerated 11 clips.

=== VERIFY (ranged GET + freshness) ===
  206  L01 n14  bytes 0-3/376128  Last-Modified: Sun, 06 Sep 2026 09:00:52 GMT  mp3-sync=OK
  206  L02 n3  bytes 0-3/262656  Last-Modified: Sun, 06 Sep 2026 09:00:57 GMT  mp3-sync=OK
  206  L02 n8  bytes 0-3/493632  Last-Modified: Sun, 06 Sep 2026 09:01:05 GMT  mp3-sync=OK
  206  L02 n10  bytes 0-3/436032  Last-Modified: Sun, 06 Sep 2026 09:01:11 GMT  mp3-sync=OK
  206  L03 n10  bytes 0-3/424512  Last-Modified: Sun, 06 Sep 2026 09:01:18 GMT  mp3-sync=OK
  206  L04 n10  bytes 0-3/525600  Last-Modified: Sun, 06 Sep 2026 09:01:25 GMT  mp3-sync=OK
  206  L04 n11  bytes 0-3/278496  Last-Modified: Sun, 06 Sep 2026 09:01:30 GMT  mp3-sync=OK
  206  L04 n13  bytes 0-3/417888  Last-Modified: Sun, 06 Sep 2026 09:01:36 GMT  mp3-sync=OK
  206  L04 n20  bytes 0-3/534240  Last-Modified: Sun, 06 Sep 2026 09:01:43 GMT  mp3-sync=OK
  206  L05 n10  bytes 0-3/403200  Last-Modified: Sun, 06 Sep 2026 09:01:50 GMT  mp3-sync=OK
  206  L05 n21  bytes 0-3/484704  Last-Modified: Sun, 06 Sep 2026 09:01:57 GMT  mp3-sync=OK

11/11 clips verified HTTP 200/206 with fresh audio.
