=== APPLY EDITS history/health-people  85 edits  LIVE  2026-09-18T10:46:38.732Z
  ok   #0 L1.content_html [LOW] F26: 410 was the sack of Rome; the Western Empire is conventionally dated to 476.
  ok   #74 L1.flashcard_questions[0].q [LOW] F19: the card gave its own answer away; reshaped as a 'Which term means ...?' question.
  PATCH L1: content_html, flashcard_questions
  ok   #1 L2.content_html [MEDIUM] F9: Ibn al-Nafis described pulmonary circulation only, as the lesson's own timeline says.
  ok   #2 L2.practice_questions[1].marks [LOW] F26: same correction in the model answer.
  ok   #3 L2.flashcard_questions[2].q [LOW] F19: the answer appeared word for word inside its own question.
  ok   #4 L2.flashcard_questions[3].q [MEDIUM] F18: auto-generated cloze card; reshaped as a When question.
  ok   #5 L2.flashcard_questions[4].q [MEDIUM] F18: auto-generated cloze card; reshaped as a When question.
  PATCH L2: content_html, practice_questions, flashcard_questions
  ok   #75 L3.flashcard_questions[1].q [LOW] F19: the card gave its own answer away; reshaped as a 'Which term means ...?' question.
  ok   #76 L3.flashcard_questions[2].q [LOW] F19: the card gave its own answer away; reshaped as a 'Which term means ...?' question.
  PATCH L3: flashcard_questions
  ok   #6 L4.flashcard_questions[3].q [MEDIUM] F18: card asked for half a name ('Black') from a broken sentence.
  ok   #7 L4.flashcard_questions[3].a [MEDIUM] F18: card asked for half a name ('Black') from a broken sentence.
  ok   #8 L4.flashcard_questions[4].q [MEDIUM] F18: answer was the mangled possessive 'Londons'.
  ok   #9 L4.flashcard_questions[4].a [MEDIUM] F18: answer was the mangled possessive 'Londons'.
  ok   #77 L4.flashcard_questions[0].q [LOW] F19: the card gave its own answer away; reshaped as a 'Which term means ...?' question.
  PATCH L4: flashcard_questions
  ok   #10 L5.content_html [MEDIUM] F8: Belgium did not exist until 1830; Vesalius was born in Brussels in the Habsburg Netherlands.
  ok   #11 L5.flashcard_questions[3].q [MEDIUM] F18: card was a broken heading fragment with the answer 'Vesaliuss'.
  ok   #12 L5.flashcard_questions[3].a [MEDIUM] F18: card was a broken heading fragment with the answer 'Vesaliuss'.
  ok   #13 L5.flashcard_questions[4].q [MEDIUM] F18: auto-generated cloze card reshaped as a When question.
  PATCH L5: content_html, flashcard_questions
  ok   #14 L6.content_html [MEDIUM] F17: the split happened in 1745, when Hunter was 17; he campaigned for status, not for the separation.
  ok   #15 L6.practice_questions[3].marks [HIGH] F1: the Vaccination Act that made vaccination compulsory was 1853.
  ok   #16 L6.practice_questions[5].marks [HIGH] F1: the Vaccination Act that made vaccination compulsory was 1853.
  ok   #17 L6.flashcard_questions[3].q [MEDIUM] F18: answer was the mangled possessive 'Kings'.
  ok   #18 L6.flashcard_questions[3].a [MEDIUM] F18: answer was the mangled possessive 'Kings'.
  ok   #19 L6.flashcard_questions[4].a [LOW] F30: answer was 32 words, over the 30-word flashcard limit.
  PATCH L6: content_html, practice_questions, flashcard_questions
  ok   #20 L7.content_html [HIGH] F1: compulsory vaccination came with the Vaccination Act 1853.
  ok   #21 L7.content_html [HIGH] F1: same date correction in the revision prompt.
  ok   #22 L7.content_html [HIGH] F1: compulsory vaccination came with the Vaccination Act 1853.
  ok   #23 L7.content_html [HIGH] F1: compulsory vaccination came with the Vaccination Act 1853.
  ok   #24 L7.conclusion_html [HIGH] F1: compulsory vaccination came with the Vaccination Act 1853.
  ok   #25 L7.knowledge_checks[2].options[2] [HIGH] F1: the key marked 1852 correct; no option gave the true year, 1853.
  ok   #26 L7.practice_questions[0].marks [HIGH] F1: same date correction in the answer key.
  ok   #27 L7.practice_questions[2].marks [HIGH] F1: same date correction in the answer key (3 places).
  ok   #28 L7.practice_questions[5].marks [HIGH] F1: same date correction in the answer key (3 places).
  ok   #29 L7.flashcard_questions[3].q [HIGH] F2: two cards in this deck shared the answer '1796'; both were broken timeline fragments.
  ok   #30 L7.flashcard_questions[3].a [HIGH] F2: two cards in this deck shared the answer '1796'; both were broken timeline fragments.
  ok   #31 L7.flashcard_questions[4].q [HIGH] F2: duplicate answer resolved; cloze reshaped as a When question.
  PATCH L7: content_html, conclusion_html, knowledge_checks, practice_questions, flashcard_questions
  ok   #32 L8.flashcard_questions[3].q [MEDIUM] F18: auto-generated cloze card reshaped as a When question.
  ok   #33 L8.flashcard_questions[3].a [MEDIUM] F18: auto-generated cloze card reshaped as a When question.
  ok   #34 L8.flashcard_questions[4].q [MEDIUM] F18: the answer 'Louis' sat inside its own question in a broken heading fragment.
  ok   #35 L8.flashcard_questions[4].a [MEDIUM] F18: the answer 'Louis' sat inside its own question in a broken heading fragment.
  ok   #78 L8.flashcard_questions[1].q [LOW] F19: the card gave its own answer away; reshaped as a 'Which term means ...?' question.
  PATCH L8: flashcard_questions
  ok   #36 L9.content_html [MEDIUM] F4: Wells used nitrous oxide on himself in December 1844; the failed public demonstration was January 1845.
  ok   #37 L9.content_html [MEDIUM] F11: 1864-66 is the period before antiseptics; the first antiseptic operation was August 1865.
  ok   #38 L9.practice_questions[4].marks [MEDIUM] F5: Pare's improvised salve dates to the Piedmont campaign of 1537, as lessons 11 and 14 say.
  ok   #39 L9.practice_questions[5].marks [MEDIUM] F5: Pare's improvised salve dates to 1537, as lessons 11 and 14 say.
  ok   #40 L9.flashcard_questions[3].q [MEDIUM] F18: auto-generated cloze card reshaped as a When question.
  ok   #41 L9.flashcard_questions[4].q [MEDIUM] F4/F18: carried the wrong year 1844 and was a broken cloze.
  ok   #42 L9.flashcard_questions[4].a [MEDIUM] F4/F18: carried the wrong year 1844 and was a broken cloze.
  PATCH L9: content_html, practice_questions, flashcard_questions
  ok   #43 L10.content_html [MEDIUM] F6: the 1831-32 epidemic killed about 32,000 in Britain; the 52,000 death toll belongs to 1848-49.
  ok   #44 L10.content_html [MEDIUM] F7: the Koch entry was dated 1884 and sat between 1861 and 1867; removed here and re-placed in order.
  ok   #45 L10.content_html [MEDIUM] F7: Koch's cholera bacterium re-dated 1883 and moved after 1875 so the timeline runs in order.
  ok   #46 L10.flashcard_questions[1].q [LOW] F19: the answer appeared word for word inside its own question.
  ok   #47 L10.flashcard_questions[3].q [MEDIUM] F18: the card's sentence was cut off mid-figure ('to over 5').
  ok   #48 L10.flashcard_questions[4].q [MEDIUM] F6/F18: broken cloze that also carried the wrong death toll.
  PATCH L10: content_html, flashcard_questions
  ok   #49 L11.content_html [LOW] F29: Fleming discovered penicillin in 1928 and published in 1929.
  ok   #50 L11.flashcard_questions[3].q [MEDIUM] F18: the answer 'Paul' sat inside its own question in a broken heading fragment.
  ok   #51 L11.flashcard_questions[3].a [MEDIUM] F18: the answer 'Paul' sat inside its own question in a broken heading fragment.
  ok   #52 L11.flashcard_questions[4].q [MEDIUM] F18: 'Key Fact' had leaked into the front of the card.
  PATCH L11: content_html, flashcard_questions
  ok   #53 L12.content_html [HIGH] F3: the 1911 Act paid 10s for the first 13 weeks and 5s for the next 13.
  ok   #54 L12.content_html [LOW] F12: 20 shillings made a pound, so 21 shillings is 1.05 pounds.
  ok   #55 L12.flashcard_questions[3].q [MEDIUM] F18: heading fragment whose answer 'Healthcare' sat inside its own question.
  ok   #56 L12.flashcard_questions[3].a [MEDIUM] F18: heading fragment whose answer 'Healthcare' sat inside its own question.
  ok   #57 L12.flashcard_questions[4].q [MEDIUM] F18: the card asked students to supply the word 'Instead'.
  ok   #58 L12.flashcard_questions[4].a [MEDIUM] F18: the card asked students to supply the word 'Instead'.
  ok   #79 L12.flashcard_questions[2].q [LOW] F19: the card gave its own answer away; reshaped as a 'Which term means ...?' question.
  PATCH L12: content_html, flashcard_questions
  ok   #59 L13.content_html [HIGH] F21: no source found for this quotation; replaced with the documented fact of Conservative opposition.
  ok   #60 L13.practice_questions[0].marks [MEDIUM] F16: the 1951 budget charged for dentures and spectacles; the prescription charge came in 1952.
  ok   #61 L13.flashcard_questions[3].q [MEDIUM] F18: auto-generated cloze card reshaped as a Who question.
  ok   #62 L13.flashcard_questions[4].q [MEDIUM] F18: heading and body text had run together in the card.
  ok   #63 L13.flashcard_questions[4].a [MEDIUM] F18: heading and body text had run together in the card.
  ok   #80 L13.flashcard_questions[1].q [LOW] F19: the card gave its own answer away; reshaped as a 'Which term means ...?' question.
  ok   #81 L13.flashcard_questions[2].q [LOW] F19: the card gave its own answer away; reshaped as a 'Which term means ...?' question.
  PATCH L13: content_html, practice_questions, flashcard_questions
  ok   #64 L14.content_html [MEDIUM] F13: stray backslashes showed on screen in the revision prompt.
  ok   #65 L14.content_html [MEDIUM] F13: stray backslashes showed on screen in the revision prompt.
  ok   #66 L14.content_html [MEDIUM] F10: lesson 9 dates the first blood bank to 1917 at Cambrai; this said blood banks began in WWII.
  ok   #67 L14.flashcard_questions[3].q [MEDIUM] F18: the card asked students to supply the word 'Factor' from a run-together heading.
  ok   #68 L14.flashcard_questions[3].a [MEDIUM] F18: the card asked students to supply the word 'Factor' from a run-together heading.
  ok   #69 L14.flashcard_questions[4].q [MEDIUM] F18: cloze reshaped as a Which question with a named subject.
  ok   #82 L14.flashcard_questions[2].q [LOW] F19: the card gave its own answer away; reshaped as a 'Which term means ...?' question.
  PATCH L14: content_html, flashcard_questions
  ok   #70 L15.exam_tip_html [MEDIUM] F14: states what a board's examiners reward; no published source says this.
  ok   #71 L15.content_html [MEDIUM] F15: unsupported claim about what is examined; genetics is not named in the specified content.
  ok   #72 L15.flashcard_questions[3].q [MEDIUM] F18: 'Key Fact' had leaked into the front of the card.
  ok   #73 L15.flashcard_questions[4].q [MEDIUM] F18: auto-generated cloze card reshaped as a When question.
  ok   #83 L15.flashcard_questions[0].q [LOW] F19: the card gave its own answer away; reshaped as a 'Which term means ...?' question.
  ok   #84 L15.flashcard_questions[2].q [LOW] F19: the card gave its own answer away; reshaped as a 'Which term means ...?' question.
  PATCH L15: exam_tip_html, content_html, flashcard_questions
=== 85 applied, 0 skipped, 15 lessons / 35 fields changed
