
=== RE-NARRATION (changed narrated text only) ===
backup: C:\Users\tshau\Documents\Study Vault\scripts\_retrofc\units\history@unity__health-people\_backup.json
unit:   history / health-people
run: 2026-09-18T10:46:43Z  mode: LIVE
  L02: fields edited but no narrated text changed -> skip
  L03: no narrated field changed -> skip
  L04: no narrated field changed -> skip
  L06: fields edited but no narrated text changed -> skip
  L08: no narrated field changed -> skip
  L11: fields edited but no narrated text changed -> skip
  L13: fields edited but no narrated text changed -> skip
  L15: fields edited but no narrated text changed -> skip

7 lessons, 13 clips to regenerate

  L01 (Ollie)  The Four Humours & Supernatural
      n19: Collapse of the Roman Empire: After Rome was sacked in 410 AD and the Western Empire collapsed, much knowledge
             -> 189 KB, 16.1s, uploaded
      manifest updated (37 entries)
  L05 (Ollie)  Vesalius, Paré & Harvey
      n5: Andreas Vesalius was a Flemish anatomist who transformed our understanding of the human body. He believed succ
             -> 231 KB, 19.7s, uploaded
      manifest updated (27 entries)
  L07 (Ollie)  Jenner & the Smallpox Vaccine
      n9: 1796 . Jenner tests his theory Jenner took pus from a cowpox sore on a milkmaid named Sarah Nelmes and inserte
             -> 813 KB, 69.4s, uploaded
      n16: Key Fact — Why Vaccination Succeeded . Despite opposition, the evidence was overwhelming: vaccination worked .
             -> 374 KB, 31.9s, uploaded
      n23: The individual: Jenner’s careful observation of milkmaids and his willingness to test his theory through exper
             -> 441 KB, 37.7s, uploaded
      n24: From inoculation to vaccination: Inoculation was risky and expensive. Jenner’s vaccination used harmless cowpo
             -> 405 KB, 34.6s, uploaded
      manifest updated (24 entries)
  L09 (Ollie)  Anaesthetics & Antiseptics
      n6: For centuries, surgeons tried to reduce pain with alcohol, opium, or even knocking patients out with a blow to
             -> 316 KB, 26.9s, uploaded
      n18: Key Fact . Lister reduced the death rate from gangrene in his male surgical ward from 46% to 15% in the years 
             -> 170 KB, 14.5s, uploaded
      manifest updated (35 entries)
  L10 (Ada)  Public Health: Industrial Britain
      n4: Disease thrived in these conditions. Cholera arrived in Britain in 1831 . Further epidemics struck in 1848, 18
             -> 291 KB, 24.8s, uploaded
      n23: 1842 . Chadwick’s Report Edwin Chadwick publishes “The Sanitary Conditions of the Labouring Population,” using
             -> 1091 KB, 93.1s, uploaded
      manifest updated (28 entries)
  L12 (Ada)  The Road to the NHS
      n9: Seebohm Rowntree conducted a similar study in York in 1901 , testing whether Booth’s London findings applied t
             -> 390 KB, 33.2s, uploaded
      n16: 1906 . School Meals Act Local councils were allowed (and from 1914, required) to provide free school meals for
             -> 1482 KB, 126.5s, uploaded
      manifest updated (34 entries)
  L14 (Ada)  War, Technology & Modern Surgery
      n17: Before WWI, blood transfusions were unreliable and dangerous. Karl Landsteiner had identified blood groups (A,
             -> 360 KB, 30.7s, uploaded
      manifest updated (43 entries)

Regenerated 13 clips.

=== VERIFY (ranged GET + freshness) ===
  206  L01 n19  bytes 0-3/193824  Last-Modified: Fri, 18 Sep 2026 10:46:49 GMT  mp3-sync=OK
  206  L05 n5  bytes 0-3/236448  Last-Modified: Fri, 18 Sep 2026 10:46:54 GMT  mp3-sync=OK
  206  L07 n9  bytes 0-3/832896  Last-Modified: Fri, 18 Sep 2026 10:47:06 GMT  mp3-sync=OK
  206  L07 n16  bytes 0-3/383328  Last-Modified: Fri, 18 Sep 2026 10:47:12 GMT  mp3-sync=OK
  206  L07 n23  bytes 0-3/451872  Last-Modified: Fri, 18 Sep 2026 10:47:19 GMT  mp3-sync=OK
  206  L07 n24  bytes 0-3/415008  Last-Modified: Fri, 18 Sep 2026 10:47:25 GMT  mp3-sync=OK
  206  L09 n6  bytes 0-3/323424  Last-Modified: Fri, 18 Sep 2026 10:47:30 GMT  mp3-sync=OK
  206  L09 n18  bytes 0-3/173664  Last-Modified: Fri, 18 Sep 2026 10:47:33 GMT  mp3-sync=OK
  206  L10 n4  bytes 0-3/297792  Last-Modified: Fri, 18 Sep 2026 10:47:38 GMT  mp3-sync=OK
  206  L10 n23  bytes 0-3/1117440  Last-Modified: Fri, 18 Sep 2026 10:47:56 GMT  mp3-sync=OK
  206  L12 n9  bytes 0-3/398880  Last-Modified: Fri, 18 Sep 2026 10:48:03 GMT  mp3-sync=OK
  206  L12 n16  bytes 0-3/1517472  Last-Modified: Fri, 18 Sep 2026 10:48:27 GMT  mp3-sync=OK
  206  L14 n17  bytes 0-3/368352  Last-Modified: Fri, 18 Sep 2026 10:48:32 GMT  mp3-sync=OK

13/13 clips verified HTTP 200/206 with fresh audio.
