=== APPLY EDITS creative-imedia/distribution-and-media  29 edits  LIVE  2026-09-18T09:49:11.963Z
  ok   #0 L1.description [MEDIUM] F1: 'broadcast' is not one of the three categories in the spec and is not taught in the lesson
  ok   #1 L1.content_html [MEDIUM] F2: names the exam board in student-facing text (vocational house rule)
  ok   #2 L1.content_html [MEDIUM] F3: unsupported statistic; Statcounter (Aug 2026) puts mobile at 49.36% of global page views
  ok   #3 L1.content_html [MEDIUM] F4: screen resolution is PPI; lesson 2 teaches DPI = print, PPI = screen
  ok   #4 L1.exam_tip_html [MEDIUM] F5: names the unit code in student-facing text
  ok   #5 L1.knowledge_checks[3].q [MEDIUM] F4: screen resolution is PPI (answer 72 unchanged)
  ok   #6 L1.practice_questions[3].text [MEDIUM] F6: mark scheme awards 2 marks per advantage, so one advantage cannot reach 4 marks
  ok   #7 L1.practice_questions[3].marks [MEDIUM] F6: scheme header matched to the 4-mark label
  ok   #8 L1.practice_questions[5].marks [LOW] F7: this exam carries no quality-of-written-communication marks in the spec
  ok   #9 L1.flashcard_questions[3].q [MEDIUM] F8: was a single-word cloze whose answer duplicated card 1
  ok   #10 L1.flashcard_questions[3].a [MEDIUM] F8: new answer, unique in the deck and taught in the lesson
  PATCH L1: description, content_html, exam_tip_html, knowledge_checks, practice_questions, flashcard_questions
  ok   #11 L2.description [MEDIUM] F9: colour depth is R094 content and is never explained in this lesson
  ok   #12 L2.content_html [MEDIUM] F10: 96 PPI is not a property of PNG and contradicts the lesson's own 72 PPI rule
  ok   #13 L2.exam_tip_html [MEDIUM] F11: quoted exam question removed (copyright distancing); fact unchanged
  ok   #14 L2.practice_questions[3].text [MEDIUM] F11: same quoted exam question reworded in house vocabulary
  ok   #15 L2.practice_questions[5].marks [LOW] F7: no quality-of-written-communication marks in this exam
  ok   #16 L2.flashcard_questions[3].q [MEDIUM] F12: was a mangled cloze ('PPI _____ Per Inch)') whose answer duplicated card 1
  ok   #17 L2.flashcard_questions[3].a [MEDIUM] F12: new answer, unique in the deck
  ok   #18 L2.flashcard_questions[4].q [MEDIUM] F12: was a mangled cloze ('DPI _____ Per Inch)') whose answer appeared in its own question
  ok   #19 L2.flashcard_questions[4].a [MEDIUM] F12: new answer, unique in the deck
  PATCH L2: description, content_html, exam_tip_html, practice_questions, flashcard_questions
  ok   #20 L3.content_html [LOW] F13: MP3 patents expired (EU by 2012, US 16 April 2017), so MP3 carries no licence fee either
  ok   #21 L3.practice_questions[5].marks [LOW] F7: no quality-of-written-communication marks in this exam
  ok   #22 L3.flashcard_questions[3].q [MEDIUM] F14: single-word answer needed a question that asks for the name
  PATCH L3: content_html, practice_questions, flashcard_questions
  ok   #23 L4.content_html [MEDIUM] F15: AVI is a container that can carry almost any compression scheme
  ok   #24 L4.content_html [LOW] F16: 'five standards' was followed by four headings
  ok   #25 L4.practice_questions[5].marks [LOW] F7: no quality-of-written-communication marks in this exam
  ok   #26 L4.flashcard_questions[3].q [MEDIUM] F17: was a mangled cloze ('HD (High _____ ') with a meaningless one-word answer
  ok   #27 L4.flashcard_questions[3].a [MEDIUM] F17: new answer, unique in the deck
  ok   #28 L4.flashcard_questions[4].q [LOW] F18: single-word cloze reworded as a question
  PATCH L4: content_html, practice_questions, flashcard_questions
=== 29 applied, 0 skipped, 4 lessons / 17 fields changed
