=== APPLY EDITS english-literature-edexcel/macbeth  69 edits  LIVE  2026-09-02T12:08:48.332Z
  ok   #0 L1.content_html [MEDIUM] F4: banned spec code — the house rule forbids component/section codes in lesson text
  ok   #1 L1.content_html [LOW] F5: an AO code immediately before a full stop is rejected by the validator
  ok   #5 L1.practice_questions[1].type [HIGH] F1: Edexcel Shakespeare is 20 + 20, not the 15 + 25 split of another board
  ok   #6 L1.practice_questions[1].marks [HIGH] F1: band ladder rebuilt for a 20-mark question (17-20 / 13-16 / 9-12 / 5-8 / 1-4)
  ok   #7 L1.practice_questions[2].type [HIGH] F1: Edexcel Shakespeare is 20 + 20, not the 15 + 25 split of another board
  ok   #8 L1.practice_questions[2].marks [HIGH] F1: band ladder rebuilt for a 20-mark question (17-20 / 13-16 / 9-12 / 5-8 / 1-4)
  ok   #9 L1.practice_questions[2].text [MEDIUM] F2: the stem copies another board's “extract and the play as a whole” formula; Edexcel part (b) asks about the
  ok   #10 L1.practice_questions[4].type [HIGH] F1: Edexcel Shakespeare is 20 + 20, not the 15 + 25 split of another board
  ok   #11 L1.practice_questions[4].marks [HIGH] F1: band ladder rebuilt for a 20-mark question (17-20 / 13-16 / 9-12 / 5-8 / 1-4)
  ok   #12 L1.practice_questions[4].text [LOW] F3: labelled an extract question but named no extract
  ok   #13 L1.practice_questions[5].type [HIGH] F1: Edexcel Shakespeare is 20 + 20, not the 15 + 25 split of another board
  ok   #14 L1.practice_questions[5].marks [HIGH] F1: band ladder rebuilt for a 20-mark question (17-20 / 13-16 / 9-12 / 5-8 / 1-4)
  ok   #15 L1.practice_questions[5].text [MEDIUM] F2: the stem copies another board's “extract and the play as a whole” formula; Edexcel part (b) asks about the
  PATCH L1: content_html, practice_questions
  ok   #16 L2.practice_questions[1].type [HIGH] F1: Edexcel Shakespeare is 20 + 20, not the 15 + 25 split of another board
  ok   #17 L2.practice_questions[1].marks [HIGH] F1: band ladder rebuilt for a 20-mark question (17-20 / 13-16 / 9-12 / 5-8 / 1-4)
  ok   #18 L2.practice_questions[2].type [HIGH] F1: Edexcel Shakespeare is 20 + 20, not the 15 + 25 split of another board
  ok   #19 L2.practice_questions[2].marks [HIGH] F1: band ladder rebuilt for a 20-mark question (17-20 / 13-16 / 9-12 / 5-8 / 1-4)
  ok   #20 L2.practice_questions[2].text [MEDIUM] F2: the stem copies another board's “extract and the play as a whole” formula; Edexcel part (b) asks about the
  ok   #21 L2.practice_questions[4].type [HIGH] F1: Edexcel Shakespeare is 20 + 20, not the 15 + 25 split of another board
  ok   #22 L2.practice_questions[4].marks [HIGH] F1: band ladder rebuilt for a 20-mark question (17-20 / 13-16 / 9-12 / 5-8 / 1-4)
  ok   #23 L2.practice_questions[5].type [HIGH] F1: Edexcel Shakespeare is 20 + 20, not the 15 + 25 split of another board
  ok   #24 L2.practice_questions[5].marks [HIGH] F1: band ladder rebuilt for a 20-mark question (17-20 / 13-16 / 9-12 / 5-8 / 1-4)
  PATCH L2: practice_questions
  ok   #25 L3.practice_questions[1].type [HIGH] F1: Edexcel Shakespeare is 20 + 20, not the 15 + 25 split of another board
  ok   #26 L3.practice_questions[1].marks [HIGH] F1: band ladder rebuilt for a 20-mark question (17-20 / 13-16 / 9-12 / 5-8 / 1-4)
  ok   #27 L3.practice_questions[2].type [HIGH] F1: Edexcel Shakespeare is 20 + 20, not the 15 + 25 split of another board
  ok   #28 L3.practice_questions[2].marks [HIGH] F1: band ladder rebuilt for a 20-mark question (17-20 / 13-16 / 9-12 / 5-8 / 1-4)
  ok   #29 L3.practice_questions[2].text [MEDIUM] F2: the stem copies another board's “extract and the play as a whole” formula; Edexcel part (b) asks about the
  ok   #30 L3.practice_questions[4].type [HIGH] F1: Edexcel Shakespeare is 20 + 20, not the 15 + 25 split of another board
  ok   #31 L3.practice_questions[4].marks [HIGH] F1: band ladder rebuilt for a 20-mark question (17-20 / 13-16 / 9-12 / 5-8 / 1-4)
  ok   #32 L3.practice_questions[5].type [HIGH] F1: Edexcel Shakespeare is 20 + 20, not the 15 + 25 split of another board
  ok   #33 L3.practice_questions[5].marks [HIGH] F1: band ladder rebuilt for a 20-mark question (17-20 / 13-16 / 9-12 / 5-8 / 1-4)
  PATCH L3: practice_questions
  ok   #34 L4.practice_questions[1].type [HIGH] F1: Edexcel Shakespeare is 20 + 20, not the 15 + 25 split of another board
  ok   #35 L4.practice_questions[1].marks [HIGH] F1: band ladder rebuilt for a 20-mark question (17-20 / 13-16 / 9-12 / 5-8 / 1-4)
  ok   #36 L4.practice_questions[2].type [HIGH] F1: Edexcel Shakespeare is 20 + 20, not the 15 + 25 split of another board
  ok   #37 L4.practice_questions[2].marks [HIGH] F1: band ladder rebuilt for a 20-mark question (17-20 / 13-16 / 9-12 / 5-8 / 1-4)
  ok   #38 L4.practice_questions[2].text [MEDIUM] F2: the stem copies another board's “extract and the play as a whole” formula; Edexcel part (b) asks about the
  ok   #39 L4.practice_questions[4].type [HIGH] F1: Edexcel Shakespeare is 20 + 20, not the 15 + 25 split of another board
  ok   #40 L4.practice_questions[4].marks [HIGH] F1: band ladder rebuilt for a 20-mark question (17-20 / 13-16 / 9-12 / 5-8 / 1-4)
  ok   #41 L4.practice_questions[5].type [HIGH] F1: Edexcel Shakespeare is 20 + 20, not the 15 + 25 split of another board
  ok   #42 L4.practice_questions[5].marks [HIGH] F1: band ladder rebuilt for a 20-mark question (17-20 / 13-16 / 9-12 / 5-8 / 1-4)
  PATCH L4: practice_questions
  ok   #4 L5.exam_tip_html [LOW] F7: the line is “Signifying nothing” (5.5)
  ok   #43 L5.practice_questions[1].type [HIGH] F1: Edexcel Shakespeare is 20 + 20, not the 15 + 25 split of another board
  ok   #44 L5.practice_questions[1].marks [HIGH] F1: band ladder rebuilt for a 20-mark question (17-20 / 13-16 / 9-12 / 5-8 / 1-4)
  ok   #45 L5.practice_questions[2].type [HIGH] F1: Edexcel Shakespeare is 20 + 20, not the 15 + 25 split of another board
  ok   #46 L5.practice_questions[2].marks [HIGH] F1: band ladder rebuilt for a 20-mark question (17-20 / 13-16 / 9-12 / 5-8 / 1-4)
  ok   #47 L5.practice_questions[2].text [MEDIUM] F2: the stem copies another board's “extract and the play as a whole” formula; Edexcel part (b) asks about the
  ok   #48 L5.practice_questions[4].type [HIGH] F1: Edexcel Shakespeare is 20 + 20, not the 15 + 25 split of another board
  ok   #49 L5.practice_questions[4].marks [HIGH] F1: band ladder rebuilt for a 20-mark question (17-20 / 13-16 / 9-12 / 5-8 / 1-4)
  ok   #50 L5.practice_questions[5].type [HIGH] F1: Edexcel Shakespeare is 20 + 20, not the 15 + 25 split of another board
  ok   #51 L5.practice_questions[5].marks [HIGH] F1: band ladder rebuilt for a 20-mark question (17-20 / 13-16 / 9-12 / 5-8 / 1-4)
  PATCH L5: exam_tip_html, practice_questions
  ok   #2 L6.content_html [LOW] F5: an AO code immediately before a full stop is rejected by the validator
  ok   #3 L6.content_html [LOW] F6: the line is “Will plead like angels” (1.7), not “pleading”
  ok   #52 L6.practice_questions[1].type [HIGH] F1: Edexcel Shakespeare is 20 + 20, not the 15 + 25 split of another board
  ok   #53 L6.practice_questions[1].marks [HIGH] F1: band ladder rebuilt for a 20-mark question (17-20 / 13-16 / 9-12 / 5-8 / 1-4)
  ok   #54 L6.practice_questions[2].type [HIGH] F1: Edexcel Shakespeare is 20 + 20, not the 15 + 25 split of another board
  ok   #55 L6.practice_questions[2].marks [HIGH] F1: band ladder rebuilt for a 20-mark question (17-20 / 13-16 / 9-12 / 5-8 / 1-4)
  ok   #56 L6.practice_questions[4].type [HIGH] F1: Edexcel Shakespeare is 20 + 20, not the 15 + 25 split of another board
  ok   #57 L6.practice_questions[4].marks [HIGH] F1: band ladder rebuilt for a 20-mark question (17-20 / 13-16 / 9-12 / 5-8 / 1-4)
  ok   #58 L6.practice_questions[5].type [HIGH] F1: Edexcel Shakespeare is 20 + 20, not the 15 + 25 split of another board
  ok   #59 L6.practice_questions[5].marks [HIGH] F1: band ladder rebuilt for a 20-mark question (17-20 / 13-16 / 9-12 / 5-8 / 1-4)
  PATCH L6: content_html, practice_questions
  ok   #60 L7.practice_questions[1].type [HIGH] F1: Edexcel Shakespeare is 20 + 20, not the 15 + 25 split of another board
  ok   #61 L7.practice_questions[1].marks [HIGH] F1: band ladder rebuilt for a 20-mark question (17-20 / 13-16 / 9-12 / 5-8 / 1-4)
  ok   #62 L7.practice_questions[2].type [HIGH] F1: Edexcel Shakespeare is 20 + 20, not the 15 + 25 split of another board
  ok   #63 L7.practice_questions[2].marks [HIGH] F1: band ladder rebuilt for a 20-mark question (17-20 / 13-16 / 9-12 / 5-8 / 1-4)
  ok   #64 L7.practice_questions[2].text [MEDIUM] F2: the stem copies another board's “extract and the play as a whole” formula; Edexcel part (b) asks about the
  ok   #65 L7.practice_questions[4].type [HIGH] F1: Edexcel Shakespeare is 20 + 20, not the 15 + 25 split of another board
  ok   #66 L7.practice_questions[4].marks [HIGH] F1: band ladder rebuilt for a 20-mark question (17-20 / 13-16 / 9-12 / 5-8 / 1-4)
  ok   #67 L7.practice_questions[5].type [HIGH] F1: Edexcel Shakespeare is 20 + 20, not the 15 + 25 split of another board
  ok   #68 L7.practice_questions[5].marks [HIGH] F1: band ladder rebuilt for a 20-mark question (17-20 / 13-16 / 9-12 / 5-8 / 1-4)
  PATCH L7: practice_questions
=== 69 applied, 0 skipped, 7 lessons / 10 fields changed
