
=== RE-NARRATION (changed narrated text only) ===
backup: C:\Users\tshau\Documents\Study Vault\scripts\_retrofc\units\english-literature-edexcel__macbeth\_backup.json
unit:   english-literature-edexcel / macbeth
run: 2026-09-02T12:08:51Z  mode: LIVE
  L02: no narrated field changed -> skip
  L03: no narrated field changed -> skip
  L04: no narrated field changed -> skip
  L07: no narrated field changed -> skip

3 lessons, 5 clips to regenerate

  L01 (Ollie)  Context & the Jacobean World
      n3: Understanding this context is essential for the Edexcel exam. The Shakespeare question requires you to show un
             -> 217 KB, 18.5s, uploaded
      n16: A modern audience reads Macbeth differently from Shakespeare’s original viewers. We might see the witches as p
             -> 407 KB, 34.7s, uploaded
      manifest updated (24 entries)
  L05 (Ollie)  Madness, Revenge & Downfall
      n19: The ‘tomorrow’ soliloquy and Lady Macbeth’s sleepwalking are frequently set as Part (a) extracts. For the soli
             -> 297 KB, 25.3s, uploaded
      manifest updated (23 entries)
  L06 (Ada)  Character Analysis
      n3: What makes Macbeth compelling is his moral awareness. He is not a simple villain — he knows what he is doing i
             -> 293 KB, 25.0s, uploaded
      n9: A Jacobean audience would have seen Lady Macbeth as a warning about women who exceed their ‘natural’ role. A m
             -> 195 KB, 16.6s, uploaded
      manifest updated (26 entries)

Regenerated 5 clips.

=== VERIFY (ranged GET + freshness) ===
  206  L01 n3  bytes 0-3/221760  Last-Modified: Wed, 02 Sep 2026 12:08:56 GMT  mp3-sync=OK
  206  L01 n16  bytes 0-3/416448  Last-Modified: Wed, 02 Sep 2026 12:09:02 GMT  mp3-sync=OK
  206  L05 n19  bytes 0-3/303840  Last-Modified: Wed, 02 Sep 2026 12:09:08 GMT  mp3-sync=OK
  206  L06 n3  bytes 0-3/299808  Last-Modified: Wed, 02 Sep 2026 12:09:13 GMT  mp3-sync=OK
  206  L06 n9  bytes 0-3/199296  Last-Modified: Wed, 02 Sep 2026 12:09:16 GMT  mp3-sync=OK

5/5 clips verified HTTP 200/206 with fresh audio.
