=== APPLY EDITS history-edexcel/migrants-in-britain  362 edits  LIVE  2026-09-06T01:09:34.614Z
  ok   #0 L1.content_html [MEDIUM] F3: align with the published figure and with lesson 5
  ok   #1 L1.content_html [MEDIUM] F4: invented examiner claim
  ok   #2 L1.content_html [MEDIUM] F4: invented examiner claim
  ok   #3 L1.content_html [HIGH] F1: the utility question uses two sources; invented examiner claim removed
  ok   #4 L1.content_html [HIGH] F1: real Paper 1 question forms and marks
  ok   #5 L1.exam_tip_html [HIGH] F1: Explain why is 12 marks; SPaG sits only on the 16-mark question
  ok   #6 L1.knowledge_checks[3].q [MEDIUM] F4: invented examiner claim inside a knowledge check
  ok   #7 L1.flashcard_questions[0].q [MEDIUM] F5: list answer replaced
  ok   #8 L1.flashcard_questions[0].a [MEDIUM] F5: list answer replaced
  ok   #9 L1.flashcard_questions[5].q [MEDIUM] F3: corrected figure
  ok   #10 L1.flashcard_questions[5].a [MEDIUM] F3: corrected figure
  ok   #11 L1.flashcard_questions[6].a [MEDIUM] F5: bare date
  ok   #12 L1.flashcard_questions[7].a [MEDIUM] F5: bare date
  ok   #13 L1.flashcard_questions[8].a [MEDIUM] F5: bare date
  ok   #14 L1.flashcard_questions[10].a [MEDIUM] F5: list answer
  ok   #15 L1.flashcard_questions[12].a [MEDIUM] F5: list answer
  ok   #16 L1.flashcard_questions[13].q [MEDIUM] F4: invented examiner claim
  ok   #17 L1.practice_questions[0].text [HIGH] F2: converted to the 4-mark thematic form
  ok   #18 L1.practice_questions[0].type [HIGH] F2
  ok   #19 L1.practice_questions[0].marks [HIGH] F2: mark scheme rebuilt for the 4-mark form
  ok   #20 L1.practice_questions[1].text [HIGH] F2: 12-mark form needs two prompts and own information
  ok   #21 L1.practice_questions[1].type [HIGH] F2
  ok   #22 L1.practice_questions[1].marks [HIGH] F2: mark scheme rebuilt for 12 marks; invented examiner claim removed
  ok   #23 L1.practice_questions[2].text [HIGH] F2: converted to the 4-mark thematic form
  ok   #24 L1.practice_questions[2].type [HIGH] F2
  ok   #25 L1.practice_questions[2].marks [HIGH] F2: mark scheme rebuilt for the 4-mark form
  ok   #26 L1.practice_questions[3].type [HIGH] F2: house label matched to the real 'How far do you agree' form
  ok   #27 L1.practice_questions[3].marks [HIGH] F2: mark scheme rebuilt; SPaG note kept because this question carries the 4 extra marks
  ok   #28 L1.practice_questions[4].text [HIGH] F2: converted from an off-form 'Describe two features' to the 12-mark form
  ok   #29 L1.practice_questions[4].type [HIGH] F2
  ok   #30 L1.practice_questions[4].marks [HIGH] F2: mark scheme rebuilt for 12 marks
  ok   #31 L1.practice_questions[5].text [HIGH] F2: 12-mark form needs two prompts and own information
  ok   #32 L1.practice_questions[5].type [HIGH] F2
  ok   #33 L1.practice_questions[5].marks [HIGH] F2: mark scheme rebuilt for 12 marks; invented examiner claim removed
  PATCH L1: content_html, exam_tip_html, knowledge_checks, flashcard_questions, practice_questions
  ok   #34 L2.content_html [HIGH] F6/F7: Watling Street's real route, and the treaty that names it as the boundary
  ok   #35 L2.exam_tip_html [HIGH] F8: real Paper 1 question forms and marks
  ok   #36 L2.flashcard_questions[0].a [MEDIUM] F10: bare date
  ok   #37 L2.flashcard_questions[1].a [MEDIUM] F10: bare date
  ok   #38 L2.flashcard_questions[5].a [HIGH] F6: Watling Street did not run to Chester
  ok   #39 L2.flashcard_questions[6].q [MEDIUM] F10: list answer
  ok   #40 L2.flashcard_questions[6].a [MEDIUM] F10: list answer
  ok   #41 L2.flashcard_questions[7].a [MEDIUM] F10: bare figure
  ok   #42 L2.flashcard_questions[10].q [MEDIUM] F10: list answer
  ok   #43 L2.flashcard_questions[10].a [MEDIUM] F10: list answer
  ok   #44 L2.practice_questions[0].text [HIGH] F8: converted to the 4-mark thematic form
  ok   #45 L2.practice_questions[0].type [HIGH] F8
  ok   #46 L2.practice_questions[0].marks [HIGH] F8: mark scheme rebuilt for the 4-mark form
  ok   #47 L2.practice_questions[1].text [HIGH] F8: 12-mark form needs two prompts and own information
  ok   #48 L2.practice_questions[1].type [HIGH] F8
  ok   #49 L2.practice_questions[1].marks [HIGH] F8: mark scheme rebuilt for 12 marks
  ok   #50 L2.practice_questions[2].text [HIGH] F8: converted to the 4-mark thematic form
  ok   #51 L2.practice_questions[2].type [HIGH] F8
  ok   #52 L2.practice_questions[2].marks [HIGH] F8: mark scheme rebuilt for the 4-mark form
  ok   #53 L2.practice_questions[3].type [HIGH] F8: house label matched to the real 'How far do you agree' form
  ok   #54 L2.practice_questions[3].marks [HIGH] F8: mark scheme rebuilt; removes the 8-mark framing
  ok   #55 L2.practice_questions[4].text [HIGH] F8: converted from an off-form 'Describe two features'
  ok   #56 L2.practice_questions[4].type [HIGH] F8
  ok   #57 L2.practice_questions[4].marks [HIGH] F8: mark scheme rebuilt for 12 marks
  ok   #58 L2.practice_questions[5].text [HIGH] F8: 12-mark form needs two prompts and own information
  ok   #59 L2.practice_questions[5].type [HIGH] F8
  ok   #60 L2.practice_questions[5].marks [HIGH] F8: mark scheme rebuilt for 12 marks
  PATCH L2: content_html, exam_tip_html, flashcard_questions, practice_questions
  ok   #61 L3.content_html [MEDIUM] F11: removes an unverifiable moneyer and a Cnut who is not the Cnut of 1016
  ok   #62 L3.exam_tip_html [HIGH] F12: 'Explain the importance' is not set on this paper; Explain why is 12 marks
  ok   #63 L3.flashcard_questions[0].a [MEDIUM] F13: bare answer
  ok   #64 L3.flashcard_questions[2].a [MEDIUM] F13: bare answer
  ok   #65 L3.flashcard_questions[3].a [MEDIUM] F13: bare date
  ok   #66 L3.flashcard_questions[9].q [MEDIUM] F13: list answer
  ok   #67 L3.flashcard_questions[9].a [MEDIUM] F13: list answer
  ok   #68 L3.flashcard_questions[10].q [MEDIUM] F13: list answer
  ok   #69 L3.flashcard_questions[10].a [MEDIUM] F13: list answer
  ok   #70 L3.practice_questions[0].text [HIGH] F12: converted to the 4-mark thematic form
  ok   #71 L3.practice_questions[0].type [HIGH] F12
  ok   #72 L3.practice_questions[0].marks [HIGH] F12: mark scheme rebuilt for the 4-mark form
  ok   #73 L3.practice_questions[1].text [HIGH] F12: 'Explain the importance' is not a form set on this paper
  ok   #74 L3.practice_questions[1].type [HIGH] F12
  ok   #75 L3.practice_questions[1].marks [HIGH] F12: mark scheme rebuilt for 12 marks
  ok   #76 L3.practice_questions[2].text [HIGH] F12: converted to the 4-mark thematic form
  ok   #77 L3.practice_questions[2].type [HIGH] F12
  ok   #78 L3.practice_questions[2].marks [HIGH] F12: mark scheme rebuilt for the 4-mark form
  ok   #79 L3.practice_questions[3].type [HIGH] F12
  ok   #80 L3.practice_questions[3].marks [HIGH] F12: mark scheme rebuilt; removes the false claim that the kingdom depended on the 878 agreement
  ok   #81 L3.practice_questions[4].text [HIGH] F12: converted from an off-form 'Describe two features'
  ok   #82 L3.practice_questions[4].type [HIGH] F12
  ok   #83 L3.practice_questions[4].marks [HIGH] F12: mark scheme rebuilt for 12 marks
  ok   #84 L3.practice_questions[5].text [HIGH] F12: 12-mark form needs two prompts and own information
  ok   #85 L3.practice_questions[5].type [HIGH] F12
  ok   #86 L3.practice_questions[5].marks [HIGH] F12: mark scheme rebuilt for 12 marks
  PATCH L3: content_html, exam_tip_html, flashcard_questions, practice_questions
  ok   #87 L4.content_html [HIGH] F14: Henry III died in 1272
  ok   #88 L4.content_html [HIGH] F14: glossary definition must match the corrected fact
  ok   #89 L4.content_html [MEDIUM] F15: about 150 died, not hundreds
  ok   #90 L4.exam_tip_html [HIGH] F16: Explain why is 12 marks; the 16-mark stem is 'How far do you agree'
  ok   #91 L4.glossary_terms[6].definition [HIGH] F14: must match the corrected data-def in the content
  ok   #92 L4.flashcard_questions[6].a [MEDIUM] F15: about 150 died
  ok   #93 L4.flashcard_questions[9].q [HIGH] F14: Henry III was dead by 1281
  ok   #94 L4.flashcard_questions[9].a [HIGH] F14
  ok   #95 L4.flashcard_questions[12].a [MEDIUM] F18: bare date
  ok   #96 L4.practice_questions[0].text [HIGH] F16: converted to the 4-mark thematic form
  ok   #97 L4.practice_questions[0].type [HIGH] F16
  ok   #98 L4.practice_questions[0].marks [HIGH] F16: mark scheme rebuilt for the 4-mark form
  ok   #99 L4.practice_questions[1].text [HIGH] F16: 12-mark form needs two prompts and own information
  ok   #100 L4.practice_questions[1].type [HIGH] F16
  ok   #101 L4.practice_questions[1].marks [HIGH] F16: mark scheme rebuilt for 12 marks
  ok   #102 L4.practice_questions[2].text [HIGH] F16: converted to the 4-mark thematic form
  ok   #103 L4.practice_questions[2].type [HIGH] F16
  ok   #104 L4.practice_questions[2].marks [HIGH] F16: mark scheme rebuilt for the 4-mark form
  ok   #105 L4.practice_questions[3].type [HIGH] F16
  ok   #106 L4.practice_questions[3].marks [HIGH] F16: mark scheme rebuilt; 1190 death toll corrected
  ok   #107 L4.practice_questions[4].text [HIGH] F16: converted from an off-form 'Describe two features'
  ok   #108 L4.practice_questions[4].type [HIGH] F16
  ok   #109 L4.practice_questions[4].marks [HIGH] F16: mark scheme rebuilt for 12 marks
  ok   #110 L4.practice_questions[5].text [HIGH] F16: 12-mark form needs two prompts and own information
  ok   #111 L4.practice_questions[5].type [HIGH] F16
  ok   #112 L4.practice_questions[5].marks [HIGH] F16: mark scheme rebuilt for 12 marks
  PATCH L4: content_html, exam_tip_html, glossary_terms, flashcard_questions, practice_questions
  ok   #113 L5.content_html [HIGH] F19: Charles II was dead by October 1685
  ok   #114 L5.content_html [LOW] F20: Almondsbury is in Gloucestershire
  ok   #115 L5.exam_tip_html [HIGH] F21: Explain why is 12 marks; the 16-mark stem is 'How far do you agree'
  ok   #116 L5.flashcard_questions[4].a [MEDIUM] F21: bare date
  ok   #117 L5.flashcard_questions[11].a [LOW] F20: Almondsbury is outside Bristol
  ok   #118 L5.practice_questions[0].text [HIGH] F21: converted to the 4-mark thematic form
  ok   #119 L5.practice_questions[0].type [HIGH] F21
  ok   #120 L5.practice_questions[0].marks [HIGH] F21: mark scheme rebuilt for the 4-mark form
  ok   #121 L5.practice_questions[1].text [HIGH] F21: 12-mark form needs two prompts and own information
  ok   #122 L5.practice_questions[1].type [HIGH] F21
  ok   #123 L5.practice_questions[1].marks [HIGH] F21: mark scheme rebuilt for 12 marks; Charles II error removed
  ok   #124 L5.practice_questions[2].text [HIGH] F21: converted to the 4-mark thematic form
  ok   #125 L5.practice_questions[2].type [HIGH] F21
  ok   #126 L5.practice_questions[2].marks [HIGH] F21: mark scheme rebuilt for the 4-mark form
  ok   #127 L5.practice_questions[3].type [HIGH] F21
  ok   #128 L5.practice_questions[3].marks [HIGH] F21: mark scheme rebuilt; Charles II error removed
  ok   #129 L5.practice_questions[4].text [HIGH] F21: converted from an off-form 'Describe two features'
  ok   #130 L5.practice_questions[4].type [HIGH] F21
  ok   #131 L5.practice_questions[4].marks [HIGH] F21: mark scheme rebuilt for 12 marks
  ok   #132 L5.practice_questions[5].text [HIGH] F21: 12-mark form needs two prompts and own information
  ok   #133 L5.practice_questions[5].type [HIGH] F21
  ok   #134 L5.practice_questions[5].marks [HIGH] F21: mark scheme rebuilt for 12 marks
  PATCH L5: content_html, exam_tip_html, flashcard_questions, practice_questions
  ok   #135 L6.content_html [HIGH] F22: two untraceable events removed
  ok   #136 L6.content_html [LOW] F23: the Hackney home dates from 1900
  ok   #137 L6.exam_tip_html [HIGH] F25: Explain why is 12 marks; the 16-mark stem is 'How far do you agree'
  ok   #138 L6.flashcard_questions[0].a [MEDIUM] F25: bare date
  ok   #139 L6.flashcard_questions[6].a [MEDIUM] F25: bare figure
  ok   #140 L6.practice_questions[0].text [HIGH] F25: converted to the 4-mark thematic form
  ok   #141 L6.practice_questions[0].type [HIGH] F25
  ok   #142 L6.practice_questions[0].marks [HIGH] F25: mark scheme rebuilt for the 4-mark form
  ok   #143 L6.practice_questions[1].text [HIGH] F25: 12-mark form needs two prompts and own information
  ok   #144 L6.practice_questions[1].type [HIGH] F25
  ok   #145 L6.practice_questions[1].marks [HIGH] F25: mark scheme rebuilt; untraceable 1894 riot removed
  ok   #146 L6.practice_questions[2].text [HIGH] F25: converted to the 4-mark thematic form
  ok   #147 L6.practice_questions[2].type [HIGH] F25
  ok   #148 L6.practice_questions[2].marks [HIGH] F25: mark scheme rebuilt for the 4-mark form
  ok   #149 L6.practice_questions[3].type [HIGH] F25
  ok   #150 L6.practice_questions[3].marks [HIGH] F25: mark scheme rebuilt; untraceable 1894 riot removed
  ok   #151 L6.practice_questions[4].text [HIGH] F25: converted from an off-form 'Describe two features'
  ok   #152 L6.practice_questions[4].type [HIGH] F25
  ok   #153 L6.practice_questions[4].marks [HIGH] F25: mark scheme rebuilt for 12 marks
  ok   #154 L6.practice_questions[5].text [HIGH] F25: 12-mark form needs two prompts and own information
  ok   #155 L6.practice_questions[5].type [HIGH] F25
  ok   #156 L6.practice_questions[5].marks [HIGH] F25: mark scheme rebuilt; untraceable events removed
  PATCH L6: content_html, exam_tip_html, flashcard_questions, practice_questions
  ok   #157 L7.content_html [MEDIUM] F26: the peak year was 1847
  ok   #158 L7.content_html [MEDIUM] F26: the relief figure repeated the arrival figure and was dated a year early
  ok   #159 L7.content_html [MEDIUM] F27: one seat, one member
  ok   #160 L7.content_html [MEDIUM] F26: avoids repeating the arrival figure as a settled population
  ok   #161 L7.exam_tip_html [HIGH] F28: Explain why is 12 marks
  ok   #162 L7.flashcard_questions[0].q [MEDIUM] F26: the peak year was 1847
  ok   #163 L7.flashcard_questions[0].a [MEDIUM] F26
  ok   #164 L7.flashcard_questions[4].a [MEDIUM] F28: bare figure
  ok   #165 L7.flashcard_questions[5].a [MEDIUM] F28: bare figure
  ok   #166 L7.flashcard_questions[7].a [MEDIUM] F28: bare figure
  ok   #167 L7.flashcard_questions[10].a [MEDIUM] F28: bare figure
  ok   #168 L7.flashcard_questions[11].q [MEDIUM] F27: one seat, one member
  ok   #169 L7.flashcard_questions[11].a [MEDIUM] F27
  ok   #170 L7.practice_questions[0].text [HIGH] F28: converted to the 4-mark thematic form
  ok   #171 L7.practice_questions[0].type [HIGH] F28
  ok   #172 L7.practice_questions[0].marks [HIGH] F28: mark scheme rebuilt; figures corrected
  ok   #173 L7.practice_questions[1].text [HIGH] F28: 12-mark form needs two prompts and own information
  ok   #174 L7.practice_questions[1].type [HIGH] F28
  ok   #175 L7.practice_questions[1].marks [HIGH] F28: mark scheme rebuilt for 12 marks
  ok   #176 L7.practice_questions[2].text [HIGH] F28: converted to the 4-mark thematic form
  ok   #177 L7.practice_questions[2].type [HIGH] F28
  ok   #178 L7.practice_questions[2].marks [HIGH] F28: mark scheme rebuilt for the 4-mark form
  ok   #179 L7.practice_questions[3].type [HIGH] F28
  ok   #180 L7.practice_questions[3].marks [HIGH] F28: mark scheme rebuilt; arrival figure corrected to 1847
  ok   #181 L7.practice_questions[4].text [HIGH] F28: converted from an off-form 'Describe two features'
  ok   #182 L7.practice_questions[4].type [HIGH] F28
  ok   #183 L7.practice_questions[4].marks [HIGH] F28: mark scheme rebuilt; one seat, one member
  ok   #184 L7.practice_questions[5].text [HIGH] F28: 12-mark form needs two prompts and own information
  ok   #185 L7.practice_questions[5].type [HIGH] F28
  ok   #186 L7.practice_questions[5].marks [HIGH] F28: mark scheme rebuilt; one seat, one member
  PATCH L7: content_html, exam_tip_html, flashcard_questions, practice_questions
  ok   #187 L8.content_html [HIGH] F29: founded 1901 by William Stanley Shaw
  ok   #188 L8.content_html [LOW] F30: the term names a press, not one paper
  ok   #189 L8.conclusion_html [HIGH] F29: founder corrected
  ok   #190 L8.exam_tip_html [HIGH] F31: Explain why is 12 marks; the 16-mark stem is 'How far do you agree'
  ok   #191 L8.glossary_terms[2].definition [LOW] F30: must match the corrected data-def in the content
  ok   #192 L8.glossary_terms[3].definition [HIGH] F29: must match the corrected data-def in the content
  ok   #193 L8.glossary_terms[4].definition [HIGH] F29: must match the corrected data-def in the content
  ok   #194 L8.knowledge_checks[1].q [HIGH] F29: the old question asked who founded the League, for which Evans-Gordon is the wrong answer
  ok   #195 L8.flashcard_questions[8].q [HIGH] F29
  ok   #196 L8.flashcard_questions[8].a [HIGH] F29
  ok   #197 L8.flashcard_questions[0].a [MEDIUM] F31: bare figure
  ok   #198 L8.flashcard_questions[5].a [MEDIUM] F31: bare figure
  ok   #199 L8.practice_questions[0].text [HIGH] F31: converted to the 4-mark thematic form
  ok   #200 L8.practice_questions[0].type [HIGH] F31
  ok   #201 L8.practice_questions[0].marks [HIGH] F31: mark scheme rebuilt for the 4-mark form
  ok   #202 L8.practice_questions[1].text [HIGH] F31: 12-mark form needs two prompts and own information
  ok   #203 L8.practice_questions[1].type [HIGH] F31
  ok   #204 L8.practice_questions[1].marks [HIGH] F31: mark scheme rebuilt for 12 marks
  ok   #205 L8.practice_questions[2].text [HIGH] F31: converted to the 4-mark thematic form
  ok   #206 L8.practice_questions[2].type [HIGH] F31
  ok   #207 L8.practice_questions[2].marks [HIGH] F31: mark scheme rebuilt for the 4-mark form
  ok   #208 L8.practice_questions[3].type [HIGH] F31
  ok   #209 L8.practice_questions[3].marks [HIGH] F31: mark scheme rebuilt; founder corrected
  ok   #210 L8.practice_questions[4].text [HIGH] F31: converted from an off-form 'Describe two features'
  ok   #211 L8.practice_questions[4].type [HIGH] F31
  ok   #212 L8.practice_questions[4].marks [HIGH] F31: mark scheme rebuilt; founder corrected
  ok   #213 L8.practice_questions[5].text [HIGH] F31: 12-mark form needs two prompts and own information
  ok   #214 L8.practice_questions[5].type [HIGH] F31
  ok   #215 L8.practice_questions[5].marks [HIGH] F31: mark scheme rebuilt for 12 marks
  PATCH L8: content_html, conclusion_html, exam_tip_html, glossary_terms, knowledge_checks, flashcard_questions, practice_questions
  ok   #216 L9.content_html [HIGH] F32: the manifest figure, not the press figure
  ok   #217 L9.content_html [LOW] F33: free movement ended in December 2020
  ok   #218 L9.exam_tip_html [HIGH] F34: Explain why is 12 marks
  ok   #219 L9.exam_tip_html [HIGH] F34: the 16-mark stem is 'How far do you agree'
  ok   #220 L9.knowledge_checks[2].q [HIGH] F32: the 492 figure comes from press reports, not the manifest
  ok   #221 L9.flashcard_questions[0].a [MEDIUM] F34: bare date
  ok   #222 L9.flashcard_questions[2].a [MEDIUM] F34: readability
  ok   #223 L9.practice_questions[0].text [HIGH] F34: converted to the 4-mark thematic form
  ok   #224 L9.practice_questions[0].type [HIGH] F34
  ok   #225 L9.practice_questions[0].marks [HIGH] F34: mark scheme rebuilt for the 4-mark form
  ok   #226 L9.practice_questions[1].text [HIGH] F34: 12-mark form needs two prompts and own information
  ok   #227 L9.practice_questions[1].type [HIGH] F34
  ok   #228 L9.practice_questions[1].marks [HIGH] F34: mark scheme rebuilt; 492 figure removed
  ok   #229 L9.practice_questions[2].text [HIGH] F34: converted to the 4-mark thematic form
  ok   #230 L9.practice_questions[2].type [HIGH] F34
  ok   #231 L9.practice_questions[2].marks [HIGH] F34: mark scheme rebuilt for the 4-mark form
  ok   #232 L9.practice_questions[3].type [HIGH] F34
  ok   #233 L9.practice_questions[3].marks [HIGH] F34: mark scheme rebuilt; EU Settlement Scheme claim corrected
  ok   #234 L9.practice_questions[4].text [HIGH] F34: converted from an off-form 'Describe two features'
  ok   #235 L9.practice_questions[4].type [HIGH] F34
  ok   #236 L9.practice_questions[4].marks [HIGH] F34: mark scheme rebuilt for 12 marks
  ok   #237 L9.practice_questions[5].text [HIGH] F34: 12-mark form needs two prompts and own information
  ok   #238 L9.practice_questions[5].type [HIGH] F34
  ok   #239 L9.practice_questions[5].marks [HIGH] F34: mark scheme rebuilt for 12 marks
  PATCH L9: content_html, exam_tip_html, knowledge_checks, flashcard_questions, practice_questions
  ok   #240 L10.content_html [HIGH] F35: the 'first Black recipient' claim is unsupported
  ok   #241 L10.content_html [MEDIUM] F36: 30 April is the day the boycott began, not the day of the interview
  ok   #242 L10.content_html [MEDIUM] F36: restores the real sequence
  ok   #243 L10.content_html [LOW] F37: title of the paper
  ok   #244 L10.conclusion_html [LOW] F37: title of the paper
  ok   #245 L10.exam_tip_html [HIGH] F38: 'Explain the importance' is not set on this paper
  ok   #246 L10.exam_tip_html [HIGH] F38: the 16-mark stem is 'How far do you agree'
  ok   #247 L10.glossary_terms[2].definition [HIGH] F35: must match the corrected data-def in the content
  ok   #248 L10.glossary_terms[3].definition [MEDIUM] F36: must match the corrected data-def in the content
  ok   #249 L10.flashcard_questions[1].a [MEDIUM] F36: the interview was not on 30 April
  ok   #250 L10.flashcard_questions[2].a [HIGH] F35: the 'first Black recipient' claim is unsupported
  ok   #251 L10.flashcard_questions[9].a [LOW] F37: title of the paper
  ok   #252 L10.practice_questions[0].text [HIGH] F38: converted to the 4-mark thematic form
  ok   #253 L10.practice_questions[0].type [HIGH] F38
  ok   #254 L10.practice_questions[0].marks [HIGH] F38: mark scheme rebuilt for the 4-mark form
  ok   #255 L10.practice_questions[1].text [HIGH] F38: 'Explain the importance' is not a form set on this paper
  ok   #256 L10.practice_questions[1].type [HIGH] F38
  ok   #257 L10.practice_questions[1].marks [HIGH] F38: mark scheme rebuilt; OBE claim corrected
  ok   #258 L10.practice_questions[2].text [HIGH] F38: converted to the 4-mark thematic form
  ok   #259 L10.practice_questions[2].type [HIGH] F38
  ok   #260 L10.practice_questions[2].marks [HIGH] F38: mark scheme rebuilt for the 4-mark form
  ok   #261 L10.practice_questions[3].type [HIGH] F38
  ok   #262 L10.practice_questions[3].marks [HIGH] F38: mark scheme rebuilt
  ok   #263 L10.practice_questions[4].text [HIGH] F38: converted from an off-form 'Describe two features'
  ok   #264 L10.practice_questions[4].type [HIGH] F38
  ok   #265 L10.practice_questions[4].marks [HIGH] F38: mark scheme rebuilt for 12 marks
  ok   #266 L10.practice_questions[5].text [HIGH] F38: 12-mark form needs two prompts and own information
  ok   #267 L10.practice_questions[5].type [HIGH] F38
  ok   #268 L10.practice_questions[5].marks [HIGH] F38: mark scheme rebuilt for 12 marks
  PATCH L10: content_html, conclusion_html, exam_tip_html, glossary_terms, flashcard_questions, practice_questions
  ok   #269 L11.content_html [LOW] F42: these streets are mainly 1860s
  ok   #270 L11.content_html [LOW] F42: avoids repeating the 1850s dating
  ok   #271 L11.exam_tip_html [HIGH] F40/F41: two sources; unverified archive reference removed
  ok   #272 L11.exam_tip_html [HIGH] F39: no inference question is set on this paper
  ok   #273 L11.practice_questions[0].marks [MEDIUM] F40: mark scheme rebuilt in house wording
  ok   #274 L11.practice_questions[1].text [HIGH] F40: the 8-mark question always gives two sources; both labelled as composed
  ok   #275 L11.practice_questions[1].type [HIGH] F40
  ok   #276 L11.practice_questions[1].marks [HIGH] F40: mark scheme rebuilt for the two-source form
  ok   #277 L11.practice_questions[2].text [HIGH] F40: aligned to the real follow-up wording, and tied to Source B of the pair
  ok   #278 L11.practice_questions[2].type [HIGH] F40
  ok   #279 L11.practice_questions[2].marks [HIGH] F40: mark scheme rebuilt for the follow-up form
  ok   #280 L11.practice_questions[3].text [HIGH] F40: converted from a single-source utility question to the real follow-up form
  ok   #281 L11.practice_questions[3].type [HIGH] F40
  ok   #282 L11.practice_questions[3].marks [HIGH] F40: mark scheme rebuilt for the follow-up form
  ok   #283 L11.practice_questions[4].marks [MEDIUM] F40: mark scheme rebuilt in house wording
  ok   #284 L11.practice_questions[5].text [HIGH] F40: converted from a 12-mark essay, a form this section never sets
  ok   #285 L11.practice_questions[5].type [HIGH] F40
  ok   #286 L11.practice_questions[5].marks [HIGH] F40: mark scheme rebuilt in house wording
  PATCH L11: content_html, exam_tip_html, practice_questions
  ok   #287 L12.content_html [MEDIUM] F44: untraceable quotation turned into a paraphrase
  ok   #288 L12.content_html [MEDIUM] F43: one cafe, not two
  ok   #289 L12.content_html [LOW] F45: £24 was nothing like the price of a car
  ok   #290 L12.exam_tip_html [HIGH] F46: there is no 12-mark essay on this paper
  ok   #291 L12.flashcard_questions[10].q [MEDIUM] F44: untraceable quotation removed
  ok   #292 L12.practice_questions[0].marks [MEDIUM] F46: mark scheme rebuilt; the duplicated Rio cafe removed
  ok   #293 L12.practice_questions[1].marks [MEDIUM] F46: mark scheme rebuilt in house wording
  ok   #294 L12.practice_questions[2].text [HIGH] F46: the 8-mark question always gives two sources; both labelled as composed
  ok   #295 L12.practice_questions[2].type [HIGH] F46
  ok   #296 L12.practice_questions[2].marks [HIGH] F46: mark scheme rebuilt for the two-source form
  ok   #297 L12.practice_questions[3].text [HIGH] F46: aligned to the real follow-up wording and tied to Source B
  ok   #298 L12.practice_questions[3].type [HIGH] F46
  ok   #299 L12.practice_questions[3].marks [HIGH] F46: mark scheme rebuilt for the follow-up form
  ok   #300 L12.practice_questions[4].text [HIGH] F46: converted from an 8-mark 'Explain why', a form this section never sets
  ok   #301 L12.practice_questions[4].type [HIGH] F46
  ok   #302 L12.practice_questions[4].marks [HIGH] F46: mark scheme rebuilt in house wording
  ok   #303 L12.practice_questions[5].text [HIGH] F46: converted from a 12-mark essay, a form this section never sets
  ok   #304 L12.practice_questions[5].type [HIGH] F46
  ok   #305 L12.practice_questions[5].marks [HIGH] F46: mark scheme rebuilt for the follow-up form
  PATCH L12: content_html, exam_tip_html, flashcard_questions, practice_questions
  ok   #306 L13.content_html [MEDIUM] F50: the arithmetic did not work
  ok   #307 L13.content_html [HIGH] F47: five years and a £500 order
  ok   #308 L13.content_html [HIGH] F48: the released files show the opposite of what the lesson claimed
  ok   #309 L13.content_html [HIGH] F48: unverified reference removed and the finding stated correctly
  ok   #310 L13.content_html [HIGH] F49: Mosley came fourth of four and lost his deposit
  ok   #311 L13.content_html [HIGH] F49: placing corrected; the 877 majority makes the point the lesson wanted
  ok   #312 L13.content_html [MEDIUM] F51: 'institutional racism' is a term from 1999, not 1971
  ok   #313 L13.conclusion_html [MEDIUM] F50: the arithmetic did not work
  ok   #314 L13.exam_tip_html [HIGH] F52: the 16-mark stem is 'How far do you agree'
  ok   #315 L13.exam_tip_html [HIGH] F52: Explain why is 12 marks
  ok   #316 L13.exam_tip_html [HIGH] F52: there is no 12-mark essay on this paper
  ok   #317 L13.knowledge_checks[1].options[1] [HIGH] F49: Mosley came fourth
  ok   #318 L13.flashcard_questions[0].a [MEDIUM] F50
  ok   #319 L13.flashcard_questions[3].a [HIGH] F47: five years
  ok   #320 L13.flashcard_questions[4].q [HIGH] F48: unverified file reference
  ok   #321 L13.flashcard_questions[4].a [HIGH] F48
  ok   #322 L13.flashcard_questions[9].a [HIGH] F49: Mosley came fourth
  ok   #323 L13.flashcard_questions[13].a [MEDIUM] F50
  ok   #324 L13.practice_questions[0].marks [HIGH] F47/F48/F50: mark scheme rebuilt with the corrected sentence, dates and files
  ok   #325 L13.practice_questions[1].text [HIGH] F52: converted from an off-form 8-mark 'Explain why' to the real source question
  ok   #326 L13.practice_questions[1].type [HIGH] F52
  ok   #327 L13.practice_questions[1].marks [HIGH] F52: mark scheme rebuilt for the two-source form
  ok   #328 L13.practice_questions[2].marks [HIGH] F49: mark scheme rebuilt; Mosley came fourth
  ok   #329 L13.practice_questions[3].text [HIGH] F52: converted from a 12-mark essay, a form this section never sets
  ok   #330 L13.practice_questions[3].type [HIGH] F52
  ok   #331 L13.practice_questions[3].marks [HIGH] F52: mark scheme rebuilt for the follow-up form
  ok   #332 L13.practice_questions[4].text [HIGH] F52: converted from an off-form 8-mark 'Explain why'
  ok   #333 L13.practice_questions[4].type [HIGH] F52
  ok   #334 L13.practice_questions[4].marks [HIGH] F52: mark scheme rebuilt in house wording
  ok   #335 L13.practice_questions[5].text [HIGH] F52: converted from a 16-mark thematic question, a form this section never sets
  ok   #336 L13.practice_questions[5].type [HIGH] F52
  ok   #337 L13.practice_questions[5].marks [HIGH] F52: mark scheme rebuilt; removes the anachronistic British Brothers' League reference
  PATCH L13: content_html, conclusion_html, exam_tip_html, knowledge_checks, flashcard_questions, practice_questions
  ok   #338 L14.content_html [MEDIUM] F56: Diana Ross is a singer
  ok   #339 L14.content_html [MEDIUM] F55: the demand was refused; the jury challenges are the real story
  ok   #340 L14.content_html [HIGH] F53: five, not two
  ok   #341 L14.content_html [HIGH] F54: there was no apology
  ok   #342 L14.content_html [HIGH] F54: there was no apology
  ok   #343 L14.exam_tip_html [HIGH] F58: the 16-mark stem is 'How far do you agree'
  ok   #344 L14.exam_tip_html [HIGH] F58: there is no 12-mark essay on this paper
  ok   #345 L14.knowledge_checks[3].q [MEDIUM] F57: the trial opened in October and the verdict came in December
  ok   #346 L14.flashcard_questions[8].a [MEDIUM] F58: bare date
  ok   #347 L14.flashcard_questions[12].a [HIGH] F53: five were acquitted on all counts
  ok   #348 L14.practice_questions[0].marks [MEDIUM] F58: mark scheme rebuilt in house wording
  ok   #349 L14.practice_questions[1].marks [MEDIUM] F58: mark scheme rebuilt in house wording
  ok   #350 L14.practice_questions[2].text [HIGH] F58: converted from an off-form 8-mark 'Explain why'
  ok   #351 L14.practice_questions[2].type [HIGH] F58
  ok   #352 L14.practice_questions[2].marks [HIGH] F58: mark scheme rebuilt; Diana Ross correctly described
  ok   #353 L14.practice_questions[3].text [HIGH] F58: the 8-mark question always gives two sources; both labelled as composed
  ok   #354 L14.practice_questions[3].type [HIGH] F58
  ok   #355 L14.practice_questions[3].marks [HIGH] F58: mark scheme rebuilt for the two-source form; verdict dated to December
  ok   #356 L14.practice_questions[4].text [HIGH] F58: converted from a 12-mark essay, a form this section never sets
  ok   #357 L14.practice_questions[4].type [HIGH] F58
  ok   #358 L14.practice_questions[4].marks [HIGH] F58: mark scheme rebuilt for the follow-up form
  ok   #359 L14.practice_questions[5].text [HIGH] F58: converted from a 16-mark thematic question, a form this section never sets
  ok   #360 L14.practice_questions[5].type [HIGH] F58
  ok   #361 L14.practice_questions[5].marks [HIGH] F53/F54/F55: mark scheme rebuilt with the corrected verdict, jury and Met response
  PATCH L14: content_html, exam_tip_html, knowledge_checks, flashcard_questions, practice_questions
=== 362 applied, 0 skipped, 14 lessons / 66 fields changed
