=== APPLY EDITS classical-civilisation-ocr/women-of-legend-and-the-home  37 edits  LIVE  2026-09-05T14:58:21.690Z
  ok   #0 L1.content_html [HIGH] F1: The prescribed Iliad passage ends at line 180.
  ok   #1 L1.conclusion_html [HIGH] F1: The prescribed Iliad passage ends at line 180.
  ok   #2 L1.flashcard_questions[6].a [MEDIUM] F2: The answer must address both parts of the question.
  PATCH L1: content_html, conclusion_html, flashcard_questions
  ok   #3 L2.content_html [MEDIUM] F3: The kalyptra was worn in the unveiling ritual, not listed as an offering to Artemis.
  ok   #4 L2.flashcard_questions[3].a [MEDIUM] F3: The fetched wedding source supports toys and a hair offering, not dedication of the veil.
  ok   #5 L2.glossary_terms[2].definition [MEDIUM] F3: Remove the unsupported claim that the bridal veil was dedicated to Artemis.
  ok   #6 L2.glossary_terms[3].definition [MEDIUM] F3: The veil was used in the unveiling ritual, not evidenced as an offering.
  ok   #7 L2.content_html [HIGH] F4: Athenian women could hold and inherit property, although their control was restricted.
  ok   #8 L2.flashcard_questions[10].a [HIGH] F4: Avoid the false implication that Athenian women could not hold property.
  ok   #9 L2.content_html [MEDIUM] F5: Syssitia were communal meals or dining groups, not barracks.
  ok   #10 L2.flashcard_questions[9].q [MEDIUM] F5: Syssitia did not designate sleeping quarters.
  ok   #11 L2.flashcard_questions[9].a [MEDIUM] F5: Correct the sleeping arrangement without calling syssitia barracks.
  ok   #12 L2.glossary_terms[5].definition [MEDIUM] F5: Syssitia were dining groups, not sleeping barracks.
  PATCH L2: content_html, flashcard_questions, glossary_terms
  ok   #13 L3.content_html [HIGH] F6: The specification attributes the Hegeso Stele to Callimachus.
  ok   #14 L3.practice_questions[1].marks [HIGH] F6: Correct the prescribed source’s attribution.
  ok   #15 L3.flashcard_questions[0].a [HIGH] F6: Correct the prescribed source’s attribution.
  ok   #16 L3.glossary_terms[3].definition [HIGH] F6: Correct the prescribed source’s attribution.
  ok   #35 L3.content_html [MEDIUM] F7 ruling: gynaikon kept as the literary ideal, one sentence flags the archaeological debate.
  PATCH L3: content_html, practice_questions, flashcard_questions, glossary_terms
  ok   #17 L4.content_html [HIGH] F9: Athenian women could hold and inherit property, though their control was restricted.
  ok   #18 L4.conclusion_html [HIGH] F9: Athenian women did have restricted property rights.
  ok   #19 L4.practice_questions[3].marks [HIGH] F9: Correct the false claim that Athenian women could not own property.
  ok   #20 L4.flashcard_questions[7].a [HIGH] F9: Athenian women could hold and inherit property under restrictions.
  ok   #21 L4.content_html [MEDIUM] F10: Syssitia were communal meals or dining groups, not sleeping barracks.
  ok   #22 L4.content_html [MEDIUM] F10: Do not call the syssitia sleeping barracks.
  ok   #23 L4.conclusion_html [MEDIUM] F10: Syssitia were communal meals, not barracks.
  ok   #24 L4.practice_questions[0].text [MEDIUM] F10: Correct the definition of syssitia.
  ok   #25 L4.practice_questions[0].marks [MEDIUM] F10: Syssitia were dining groups, not barracks.
  ok   #26 L4.knowledge_checks[2].q [MEDIUM] F10: The syssitia were meals, so the question must not call them sleeping quarters.
  ok   #27 L4.flashcard_questions[2].a [MEDIUM] F10: Correct the definition of syssitia.
  ok   #28 L4.flashcard_questions[3].a [MEDIUM] F10: Do not equate syssitia with barracks.
  ok   #29 L4.flashcard_questions[9].q [MEDIUM] F10: Remove the false identification of syssitia as barracks.
  ok   #30 L4.glossary_terms[1].definition [MEDIUM] F10: Syssitia were dining groups, not sleeping barracks.
  PATCH L4: content_html, conclusion_html, practice_questions, flashcard_questions, knowledge_checks, glossary_terms
  ok   #31 L5.content_html [HIGH] F12: Patria potestas did not itself extend to a wife or describe ownership of slaves.
  ok   #32 L5.content_html [HIGH] F12: Distinguish patria potestas from manus.
  ok   #33 L5.flashcard_questions[7].a [HIGH] F12: Patria potestas did not itself give authority over every family member.
  ok   #34 L5.glossary_terms[1].definition [HIGH] F12: Patria potestas must be distinguished from manus and slave ownership.
  ok   #36 L5.content_html [MEDIUM] F13 ruling: education presented as one interpretation; subject's identity unknown.
  PATCH L5: content_html, flashcard_questions, glossary_terms
=== 37 applied, 0 skipped, 5 lessons / 19 fields changed
