
=== RE-NARRATION (changed narrated text only) ===
backup: C:\Users\tshau\Documents\Study Vault\scripts\_retrofc\units\classical-civilisation-ocr__women-of-legend-and-the-home\_backup.json
unit:   classical-civilisation-ocr / women-of-legend-and-the-home
run: 2026-09-05T14:58:25Z  mode: LIVE

5 lessons, 12 clips to regenerate

  L01 (Ollie)  Women of Legend
      n8: Helen was said to be the most beautiful woman in the world, the daughter of Zeus and Leda. Her abduction — or 
             -> 559 KB, 47.7s, uploaded
      n24: Prescribed literary sources — Hesiod’s Works and Days (lines 53–105 for Pandora), Euripides’ Helen and Medea ,
             -> 223 KB, 19.1s, uploaded
      manifest updated (25 entries)
  L02 (Ada)  Marriage & Coming of Age
      n8: An Athenian wedding was a structured ritual spread over several days. Before the ceremony, the bride dedicated
             -> 565 KB, 48.2s, uploaded
      n14: Key Fact . Spartan girls received public physical training — running, wrestling, athletics — to produce health
             -> 245 KB, 20.9s, uploaded
      n16: The Spartan wedding ceremony was itself unusual. Ancient sources describe a ritual in which the bride’s hair w
             -> 486 KB, 41.5s, uploaded
      manifest updated (22 entries)
  L03 (Ollie)  The Athenian Woman & the Home
      n7: The physical layout of the Athenian house reinforced this separation. The gynaikon — the women’s section — was
             -> 473 KB, 40.4s, uploaded
      manifest updated (22 entries)
  L04 (Ada)  The Spartan Woman
      n8: Spartan women had wider property rights than Athenian women. They could own, inherit and manage property in th
             -> 386 KB, 32.9s, uploaded
      n12: The primary role of a Spartan woman was to produce healthy male citizens. Spartan marriage was structured to m
             -> 385 KB, 32.9s, uploaded
      n14: Key Fact . Spartan husbands continued to return to communal quarters until around age thirty, even after marri
             -> 210 KB, 17.9s, uploaded
      n22: Spartan women could own and inherit property, move freely in public and managed households alone while younger
             -> 145 KB, 12.4s, uploaded
      manifest updated (23 entries)
  L05 (Ollie)  Roman Women & the Home
      n4: The Roman family was organised around the paterfamilias — the male head of household. In Roman law, the paterf
             -> 383 KB, 32.7s, uploaded
      n18: Both the Roman matrona and the Athenian kyria were defined by chastity, domesticity and devotion to family. Bu
             -> 594 KB, 50.7s, uploaded
      manifest updated (23 entries)

Regenerated 12 clips.

=== VERIFY (ranged GET + freshness) ===
  206  L01 n8  bytes 0-3/572256  Last-Modified: Sat, 05 Sep 2026 14:58:38 GMT  mp3-sync=OK
  206  L01 n24  bytes 0-3/228672  Last-Modified: Sat, 05 Sep 2026 14:58:43 GMT  mp3-sync=OK
  206  L02 n8  bytes 0-3/578304  Last-Modified: Sat, 05 Sep 2026 14:58:53 GMT  mp3-sync=OK
  206  L02 n14  bytes 0-3/250848  Last-Modified: Sat, 05 Sep 2026 14:58:57 GMT  mp3-sync=OK
  206  L02 n16  bytes 0-3/497952  Last-Modified: Sat, 05 Sep 2026 14:59:07 GMT  mp3-sync=OK
  206  L03 n7  bytes 0-3/484704  Last-Modified: Sat, 05 Sep 2026 14:59:16 GMT  mp3-sync=OK
  206  L04 n8  bytes 0-3/394848  Last-Modified: Sat, 05 Sep 2026 14:59:23 GMT  mp3-sync=OK
  206  L04 n12  bytes 0-3/394272  Last-Modified: Sat, 05 Sep 2026 14:59:31 GMT  mp3-sync=OK
  206  L04 n14  bytes 0-3/215424  Last-Modified: Sat, 05 Sep 2026 14:59:35 GMT  mp3-sync=OK
  206  L04 n22  bytes 0-3/148608  Last-Modified: Sat, 05 Sep 2026 14:59:39 GMT  mp3-sync=OK
  206  L05 n4  bytes 0-3/392544  Last-Modified: Sat, 05 Sep 2026 14:59:46 GMT  mp3-sync=OK
  206  L05 n18  bytes 0-3/607968  Last-Modified: Sat, 05 Sep 2026 14:59:57 GMT  mp3-sync=OK

12/12 clips verified HTTP 200/206 with fresh audio.
