
=== RE-NARRATION (changed narrated text only) ===
backup: C:\Users\tshau\Documents\Study Vault\scripts\_retrofc\units\engineering-eduqas__engineering-processes-and-safe-working\_backup.json
unit:   engineering-eduqas / engineering-processes-and-safe-working
run: 2026-09-04T13:02:43Z  mode: LIVE

3 lessons, 5 clips to regenerate

  L01 (Ollie)  Engineering Processes — Marking, Cutting, Shaping & Drilling
      n3: The specification identifies material removal, shaping and manipulation, joining and assembly, and heat and ch
             -> 231 KB, 19.7s, uploaded
      manifest updated (36 entries)
  L02 (Ada)  Joining & Finishing — Permanent and Temporary Fixings
      n18: Heat treatment changes the properties of a metal by carefully controlling heating and cooling. Three common he
             -> 98 KB, 8.4s, uploaded
      n22: Finishing processes protect the surface of a material or improve its appearance. Examples include painting, pl
             -> 105 KB, 8.9s, uploaded
      manifest updated (32 entries)
  L03 (Ollie)  Safe Working in the Workshop
      n3: The legal framework for workplace health and safety in Great Britain begins with the Health and Safety at Work
             -> 413 KB, 35.3s, uploaded
      n11: Step 3 — Control measures: • Clamp the workpiece in a machine vice secured to the drill table — reduces the ri
             -> 373 KB, 31.8s, uploaded
      manifest updated (30 entries)

Regenerated 5 clips.

=== VERIFY (ranged GET + freshness) ===
  206  L01 n3  bytes 0-3/236448  Last-Modified: Fri, 04 Sep 2026 13:02:49 GMT  mp3-sync=OK
  206  L02 n18  bytes 0-3/100800  Last-Modified: Fri, 04 Sep 2026 13:02:51 GMT  mp3-sync=OK
  206  L02 n22  bytes 0-3/107424  Last-Modified: Fri, 04 Sep 2026 13:02:53 GMT  mp3-sync=OK
  206  L03 n3  bytes 0-3/423072  Last-Modified: Fri, 04 Sep 2026 13:02:59 GMT  mp3-sync=OK
  206  L03 n11  bytes 0-3/381888  Last-Modified: Fri, 04 Sep 2026 13:03:05 GMT  mp3-sync=OK

5/5 clips verified HTTP 200/206 with fresh audio.
