=== APPLY EDITS english-literature-eduqas/much-ado-about-nothing  45 edits  LIVE  2026-09-03T19:08:30.553Z
  ok   #0 L1.content_html [HIGH] F1: AO4 is written accuracy, not context, and context is not assessed in this section; board named in student-
  ok   #1 L1.exam_tip_html [HIGH] F2: AO4 mislabelled as context; board named; the 20 + 20 split is not stated in the spec, so the numbers go an
  ok   #2 L1.content_html [MEDIUM] F3: the 42-line figure is wrong; Hero speaks about twice that in Acts 1-3, and most of it is in Act 3.
  PATCH L1: content_html, exam_tip_html
  ok   #3 L2.content_html [MEDIUM] F5: Leonato says 'skirmish of wit between them' (Act 1, Scene 1); 'betwixt' belongs to the earlier clause.
  ok   #4 L2.practice_questions[4].marks [HIGH] F6: AO4 is written accuracy; context is not a credited objective on this question.
  PATCH L2: content_html, practice_questions
  ok   #5 L3.content_html [MEDIUM] F8: the window deception is planned in Act 2, Scene 2 and happens off-stage on the night before the wedding; A
  ok   #6 L3.content_html [MEDIUM] F8: same scene error; by Act 3, Scene 3 the trick is already done.
  ok   #7 L3.content_html [HIGH] F7: neither quoted phrase is in Act 2, Scene 3. 'Possessed with a fury' is Benedick about Beatrice in Act 1, S
  ok   #8 L3.content_html [MEDIUM] F9: 'write me down an ass' is not a malapropism; Dogberry uses the word correctly.
  PATCH L3: content_html
  ok   #9 L4.exam_tip_html [HIGH] F10: AO4 is written accuracy, not context; board named in student-facing text.
  ok   #10 L4.practice_questions[2].marks [HIGH] F11: AO4 is written accuracy; context is not credited on this question.
  PATCH L4: exam_tip_html, practice_questions
  ok   #11 L5.content_html [HIGH] F12: 'I do love nothing in the world so well as you' is Act 4, Scene 1, not the wedding scene; presenting it a
  ok   #12 L5.content_html [MEDIUM] F13: it is not his final line; Benedick speaks again after it and the play ends on 'Strike up, pipers!'
  ok   #13 L5.content_html [MEDIUM] F14: house rule - never name the board in student-facing text.
  PATCH L5: content_html
  ok   #14 L6.content_html [HIGH] F15: fabricated quotation. No such line exists, and the hint comes from Beatrice in Act 2, Scene 1, not from L
  ok   #15 L6.content_html [MEDIUM] F13: Benedick's final line is 'Strike up, pipers!'
  ok   #16 L6.content_html [MEDIUM] F3: the 42-line figure is wrong.
  ok   #17 L6.content_html [MEDIUM] F9: 'write me down an ass' is not a malapropism.
  ok   #18 L6.exam_tip_html [HIGH] F17: AO4 is written accuracy; context is not assessed on the Shakespeare question.
  ok   #19 L6.practice_questions[0].marks [HIGH] F18: AO4 is written accuracy, not context.
  ok   #20 L6.practice_questions[0].text [MEDIUM] F19: the extract range runs backwards - 'O that I were a man for his sake' comes after 'eat his heart in the m
  ok   #21 L6.flashcard_questions[8].q [MEDIUM] F3: drills a wrong figure.
  ok   #22 L6.flashcard_questions[8].a [MEDIUM] F3: drills a wrong figure.
  PATCH L6: content_html, exam_tip_html, practice_questions, flashcard_questions
  ok   #23 L7.content_html [HIGH] F20: the line is Benedick's, about Beatrice (Act 2, Scene 1); the lesson gives it to Beatrice.
  ok   #24 L7.content_html [MEDIUM] F21: house rule - never name the board in student-facing text.
  ok   #25 L7.content_html [MEDIUM] F21: house rule - never name the board in student-facing text.
  ok   #26 L7.content_html [MEDIUM] F9: Dogberry means exactly what he says; the line is not a misused word.
  ok   #27 L7.knowledge_checks[3].q [MEDIUM] F9: the line is not a malapropism.
  PATCH L7: content_html, knowledge_checks
  ok   #28 L8.description [MEDIUM] F27: house rule - never name the board in student-facing text.
  ok   #29 L8.content_html [HIGH] F24: the Shakespeare section assesses AO1, AO2 and AO4 only. AO3 is not assessed and AO4 is written accuracy, 
  ok   #30 L8.content_html [HIGH] F25: the model paragraph labels context as AO4.
  ok   #31 L8.content_html [HIGH] F25: only two objectives are shown, and context is not an objective here.
  ok   #32 L8.content_html [HIGH] F25: context is not AO4 and earns no marks of its own on this question.
  ok   #33 L8.exam_tip_html [HIGH] F26: AO4 is written accuracy, not context.
  ok   #34 L8.knowledge_checks[1].q [MEDIUM] F28: house rule - never name the board. The keyed answer AO1, AO2 and AO4 is correct.
  ok   #35 L8.knowledge_checks[3].q [HIGH] F29: the spec gives no per-question split, so the 20 + 20 answer is unverifiable; re-pointed at the 40-mark se
  ok   #36 L8.knowledge_checks[3].options[0] [HIGH] F29: options re-pointed at the 40-mark section total; the keyed index 2 stays correct.
  ok   #37 L8.knowledge_checks[3].options[1] [HIGH] F29: options re-pointed at the 40-mark section total; the keyed index 2 stays correct.
  ok   #38 L8.knowledge_checks[3].options[2] [HIGH] F29: options re-pointed at the 40-mark section total; the keyed index 2 stays correct.
  ok   #39 L8.knowledge_checks[3].options[3] [HIGH] F29: options re-pointed at the 40-mark section total; the keyed index 2 stays correct.
  ok   #40 L8.flashcard_questions[8].q [MEDIUM] F30: house rule - never name the board.
  ok   #41 L8.flashcard_questions[9].q [MEDIUM] F30: house rule - never name the board.
  ok   #42 L8.flashcard_questions[9].a [HIGH] F30: the 20 + 20 split is not in the spec; the 40-mark total is.
  ok   #43 L8.flashcard_questions[10].q [HIGH] F30: AO4 is written accuracy, not context.
  ok   #44 L8.glossary_terms[4].definition [MEDIUM] F31: house rule - never name the board or the spec code.
  PATCH L8: description, content_html, exam_tip_html, knowledge_checks, flashcard_questions, glossary_terms
=== 45 applied, 0 skipped, 8 lessons / 20 fields changed
