
=== RE-NARRATION (changed narrated text only) ===
backup: C:\Users\tshau\Documents\Study Vault\scripts\_retrofc\units\english-literature-eduqas__much-ado-about-nothing\_backup.json
unit:   english-literature-eduqas / much-ado-about-nothing
run: 2026-09-03T19:08:35Z  mode: LIVE

8 lessons, 21 clips to regenerate

  L01 (Ollie)  Context: Elizabethan Honour & Gender
      n2: Shakespeare sets Much Ado About Nothing in Messina, Sicily — a warm, leisured Italian city far removed from th
             -> 370 KB, 31.6s, uploaded
      n6: Messina operates as a patriarchy . Leonato, as governor of Messina and Hero’s father, controls her fate entire
             -> 328 KB, 28.0s, uploaded
      n16: Your Shakespeare question comes in two parts: one on a printed extract and one on the play as a whole, 40 mark
             -> 369 KB, 31.5s, uploaded
      manifest updated (20 entries)
  L02 (Ada)  Act 1: The Merry War & Deceptions
      n7: Leonato describes their relationship as a “merry war” and says “they never meet but there’s a skirmish of wit 
             -> 327 KB, 27.9s, uploaded
      manifest updated (19 entries)
  L03 (Ollie)  Acts 2-3: Gulling & Don John's Plot
      n2: Acts 2 and 3 are built around two parallel acts of eavesdropping that produce opposite results. In the gulling
             -> 484 KB, 41.3s, uploaded
      n6: Don Pedro, Claudio and Leonato then loudly discuss how Beatrice loves Benedick with an “enraged affection,” kn
             -> 436 KB, 37.2s, uploaded
      n9: While the gulling scenes create love through deception, Don John uses the same technique — staging a scene to 
             -> 466 KB, 39.8s, uploaded
      manifest updated (17 entries)
  L04 (Ada)  Act 4: Hero's Shaming
      n14: Act 4, Scene 1 is one of the most likely extracts. If you get Claudio’s “rotten orange” speech, analyse the me
             -> 326 KB, 27.8s, uploaded
      manifest updated (18 entries)
  L05 (Ollie)  Act 5: Truth & Resolution
      n9: Beatrice and Benedick also marry, but characteristically refuse to be sentimental about it. Beatrice claims sh
             -> 440 KB, 37.5s, uploaded
      n13: Benedick’s closing reflection — “man is a giddy thing, and this is my conclusion” — is the play’s most self-aw
             -> 368 KB, 31.4s, uploaded
      manifest updated (18 entries)
  L06 (Ada)  Character Analysis
      n2: Beatrice is Shakespeare’s most verbally powerful female character. Her repartee dominates every scene she ente
             -> 350 KB, 29.8s, uploaded
      n7: Benedick’s journey is the play’s most complete character arc. He moves from shallow cynicism through comic sel
             -> 302 KB, 25.8s, uploaded
      n8: Hero says very little in Acts 1–3 and is defined almost entirely by what others say about her. Her silence ref
             -> 259 KB, 22.1s, uploaded
      n15: Character questions are common in Part (ii). Structure your answer around a clear argument — e.g. “Shakespeare
             -> 320 KB, 27.3s, uploaded
      manifest updated (19 entries)
  L07 (Ollie)  Language & Stagecraft
      n4: Key Fact . Beatrice and Benedick speak in prose (informality, equality, wit). Hero and Claudio speak in verse 
             -> 259 KB, 22.1s, uploaded
      n9: Wit in the play serves multiple functions. For Beatrice and Benedick, it is a form of flyting — competitive ve
             -> 356 KB, 30.4s, uploaded
      n10: Shakespeare also uses Dogberry’s mangled language to explore the gap between intention and expression. Dogberr
             -> 362 KB, 30.9s, uploaded
      n12: The play is saturated with performance. The masked ball (Act 2, Scene 1) literalises the theme of hidden ident
             -> 504 KB, 43.0s, uploaded
      manifest updated (17 entries)
  L08 (Ada)  Key Themes & Exam Technique
      n12: Your Shakespeare paper will typically give you a printed extract and ask two linked tasks: one focused closely
             -> 523 KB, 44.6s, uploaded
      n13: Here is how to weave analysis and context into a single paragraph: “Shakespeare presents Claudio’s love as dan
             -> 460 KB, 39.2s, uploaded
      n14: For Much Ado, the five most likely extract focuses are: the opening wit-combat (Act 1, Scene 1), Benedick’s gu
             -> 367 KB, 31.3s, uploaded
      manifest updated (18 entries)

Regenerated 21 clips.

=== VERIFY (ranged GET + freshness) ===
  206  L01 n2  bytes 0-3/379296  Last-Modified: Thu, 03 Sep 2026 19:08:43 GMT  mp3-sync=OK
  206  L01 n6  bytes 0-3/336384  Last-Modified: Thu, 03 Sep 2026 19:08:49 GMT  mp3-sync=OK
  206  L01 n16  bytes 0-3/377856  Last-Modified: Thu, 03 Sep 2026 19:08:55 GMT  mp3-sync=OK
  206  L02 n7  bytes 0-3/334656  Last-Modified: Thu, 03 Sep 2026 19:09:00 GMT  mp3-sync=OK
  206  L03 n2  bytes 0-3/495648  Last-Modified: Thu, 03 Sep 2026 19:09:08 GMT  mp3-sync=OK
  206  L03 n6  bytes 0-3/446976  Last-Modified: Thu, 03 Sep 2026 19:09:14 GMT  mp3-sync=OK
  206  L03 n9  bytes 0-3/477504  Last-Modified: Thu, 03 Sep 2026 19:09:21 GMT  mp3-sync=OK
  206  L04 n14  bytes 0-3/334080  Last-Modified: Thu, 03 Sep 2026 19:09:27 GMT  mp3-sync=OK
  206  L05 n9  bytes 0-3/450144  Last-Modified: Thu, 03 Sep 2026 19:09:33 GMT  mp3-sync=OK
  206  L05 n13  bytes 0-3/377280  Last-Modified: Thu, 03 Sep 2026 19:09:39 GMT  mp3-sync=OK
  206  L06 n2  bytes 0-3/357984  Last-Modified: Thu, 03 Sep 2026 19:09:45 GMT  mp3-sync=OK
  206  L06 n7  bytes 0-3/309024  Last-Modified: Thu, 03 Sep 2026 19:09:50 GMT  mp3-sync=OK
  206  L06 n8  bytes 0-3/265536  Last-Modified: Thu, 03 Sep 2026 19:09:54 GMT  mp3-sync=OK
  206  L06 n15  bytes 0-3/328032  Last-Modified: Thu, 03 Sep 2026 19:09:59 GMT  mp3-sync=OK
  206  L07 n4  bytes 0-3/265536  Last-Modified: Thu, 03 Sep 2026 19:10:04 GMT  mp3-sync=OK
  206  L07 n9  bytes 0-3/364608  Last-Modified: Thu, 03 Sep 2026 19:10:10 GMT  mp3-sync=OK
  206  L07 n10  bytes 0-3/370368  Last-Modified: Thu, 03 Sep 2026 19:10:15 GMT  mp3-sync=OK
  206  L07 n12  bytes 0-3/515808  Last-Modified: Thu, 03 Sep 2026 19:10:23 GMT  mp3-sync=OK
  206  L08 n12  bytes 0-3/535104  Last-Modified: Thu, 03 Sep 2026 19:10:32 GMT  mp3-sync=OK
  206  L08 n13  bytes 0-3/470880  Last-Modified: Thu, 03 Sep 2026 19:10:38 GMT  mp3-sync=OK
  206  L08 n14  bytes 0-3/375552  Last-Modified: Thu, 03 Sep 2026 19:10:44 GMT  mp3-sync=OK

21/21 clips verified HTTP 200/206 with fresh audio.
