=== APPLY EDITS english-literature-eduqas/a-taste-of-honey  219 edits  LIVE  2026-09-03T20:26:21.072Z
  ok   #0 L1.description [MEDIUM] F5: unit contradicted itself on Delaney’s age; standardised on 19
  ok   #1 L1.content_html [MEDIUM] F4: house rule - never name the board in student-facing text
  ok   #2 L1.content_html [MEDIUM] F6: riots were Aug-Sep 1958; the play opened 27 May 1958 and reached the West End in Feb 1959
  ok   #3 L1.content_html [MEDIUM] F4: board named in a student-facing heading
  ok   #4 L1.content_html [HIGH] F2: AO4 is written accuracy, not context; context (AO3) is not assessed on this section at all
  ok   #5 L1.conclusion_html [MEDIUM] F5: matched to the corrected age
  ok   #6 L1.exam_tip_html [HIGH] F1+F2: no part (a)/(b) split on this paper, and context is not credited
  ok   #7 L1.knowledge_checks[0].options[1] [MEDIUM] F5: Delaney was 19 when she wrote the play
  ok   #8 L1.flashcard_questions[1].a [MEDIUM] F5: matched to the corrected age
  ok   #9 L1.flashcard_questions[11].a [MEDIUM] F6: corrected the date relationship
  ok   #10 L1.glossary_terms[5].definition [HIGH] F2: that was the definition of AO3; AO4 is written accuracy
  ok   #74 L1.practice_questions[0].text [HIGH] F1: the set-text drama question is worth 40 marks, not 20
  ok   #75 L1.practice_questions[0].type [HIGH] F1: mark total corrected to 40
  ok   #76 L1.practice_questions[0].marks [HIGH] F1: band ladder rescaled to the 40-mark question
  ok   #77 L1.practice_questions[1].text [HIGH] F1: the set-text drama question is worth 40 marks, not 20
  ok   #78 L1.practice_questions[1].type [HIGH] F1: mark total corrected to 40
  ok   #79 L1.practice_questions[1].marks [HIGH] F1: band ladder rescaled to the 40-mark question
  ok   #80 L1.practice_questions[2].text [HIGH] F1: the set-text drama question is worth 40 marks, not 20
  ok   #81 L1.practice_questions[2].type [HIGH] F1: mark total corrected to 40
  ok   #82 L1.practice_questions[2].marks [HIGH] F1: band ladder rescaled to the 40-mark question
  ok   #83 L1.practice_questions[3].text [HIGH] F1: the set-text drama question is worth 40 marks, not 20
  ok   #84 L1.practice_questions[3].type [HIGH] F1: mark total corrected to 40
  ok   #85 L1.practice_questions[3].marks [HIGH] F1: band ladder rescaled to the 40-mark question
  ok   #86 L1.practice_questions[4].text [HIGH] F1: the set-text drama question is worth 40 marks, not 20
  ok   #87 L1.practice_questions[4].type [HIGH] F1: mark total corrected to 40
  ok   #88 L1.practice_questions[4].marks [HIGH] F1: band ladder rescaled to the 40-mark question
  ok   #89 L1.practice_questions[5].text [HIGH] F1: the set-text drama question is worth 40 marks, not 20
  ok   #90 L1.practice_questions[5].type [HIGH] F1: mark total corrected to 40
  ok   #91 L1.practice_questions[5].marks [HIGH] F1: band ladder rescaled to the 40-mark question
  PATCH L1: description, content_html, conclusion_html, exam_tip_html, knowledge_checks, flashcard_questions, glossary_terms, practice_questions
  ok   #11 L2.content_html [HIGH] F9: the play's opening exchange is Helen 'Well! This is the place' / Jo 'And I don't like it'
  ok   #12 L2.content_html [HIGH] F9: corrected the opening line
  ok   #13 L2.content_html [LOW] F9: revision prompt matched to the corrected line
  ok   #14 L2.content_html [HIGH] F10: Peter's stage description is the black eye patch; the 'loud check suit' is not in the play
  ok   #15 L2.content_html [MEDIUM] F4: board named in student-facing text
  ok   #16 L2.content_html [HIGH] F1+F4: there is no part (b); one 40-mark question. Board also named
  ok   #17 L2.exam_tip_html [HIGH] F1+F4: invented part (a); board named
  ok   #18 L2.knowledge_checks[0].options[1] [HIGH] F9: answer key gave a line that is not Jo's first line
  ok   #19 L2.flashcard_questions[0].a [HIGH] F9: corrected the opening line
  ok   #20 L2.flashcard_questions[0].q [HIGH] F9: card now asks for the real opening line
  ok   #92 L2.practice_questions[0].text [HIGH] F1: the set-text drama question is worth 40 marks, not 20
  ok   #93 L2.practice_questions[0].type [HIGH] F1: mark total corrected to 40
  ok   #94 L2.practice_questions[0].marks [HIGH] F1: band ladder rescaled to the 40-mark question
  ok   #95 L2.practice_questions[1].text [HIGH] F1: the set-text drama question is worth 40 marks, not 20
  ok   #96 L2.practice_questions[1].type [HIGH] F1: mark total corrected to 40
  ok   #97 L2.practice_questions[1].marks [HIGH] F1: band ladder rescaled to the 40-mark question
  ok   #98 L2.practice_questions[2].text [HIGH] F1: the set-text drama question is worth 40 marks, not 20
  ok   #99 L2.practice_questions[2].type [HIGH] F1: mark total corrected to 40
  ok   #100 L2.practice_questions[2].marks [HIGH] F1: band ladder rescaled to the 40-mark question
  ok   #101 L2.practice_questions[3].text [HIGH] F1: the set-text drama question is worth 40 marks, not 20
  ok   #102 L2.practice_questions[3].type [HIGH] F1: mark total corrected to 40
  ok   #103 L2.practice_questions[3].marks [HIGH] F1: band ladder rescaled to the 40-mark question
  ok   #104 L2.practice_questions[4].text [HIGH] F1: the set-text drama question is worth 40 marks, not 20
  ok   #105 L2.practice_questions[4].type [HIGH] F1: mark total corrected to 40
  ok   #106 L2.practice_questions[4].marks [HIGH] F1: band ladder rescaled to the 40-mark question
  ok   #107 L2.practice_questions[5].text [HIGH] F1: the set-text drama question is worth 40 marks, not 20
  ok   #108 L2.practice_questions[5].type [HIGH] F1: mark total corrected to 40
  ok   #109 L2.practice_questions[5].marks [HIGH] F1: band ladder rescaled to the 40-mark question
  PATCH L2: content_html, exam_tip_html, knowledge_checks, flashcard_questions, practice_questions
  ok   #21 L3.content_html [HIGH] F3: the Boy is named Jimmie in the play; only the cast list withholds the name
  ok   #22 L3.content_html [MEDIUM] F3: revision prompt matched to the corrected fact
  ok   #23 L3.content_html [HIGH] F3: corrected the key fact
  ok   #24 L3.content_html [HIGH] F11: 'How can you marry me? You're only a sailor' is not in the play; the ring goes on string because it is to
  ok   #25 L3.content_html [HIGH] F11: replaced an unverifiable quotation with a line that is attested in the play
  ok   #26 L3.content_html [HIGH] F2: AO4 is not context, and context is not credited on this question
  ok   #27 L3.content_html [MEDIUM] F12: Helen does suggest Jo as bridesmaid; Jo refuses. 'Not invited' reverses the agency
  ok   #28 L3.conclusion_html [HIGH] F3: corrected the takeaway
  ok   #29 L3.conclusion_html [MEDIUM] F13: the line is Jo's comeback about the flat being 'contemporary', not part of the scene with the Boy
  ok   #30 L3.exam_tip_html [HIGH] F1+F2: invented part (a)/(b) split and credited context
  ok   #31 L3.knowledge_checks[1].options[1] [MEDIUM] F14: the Boy is a serving sailor on leave, not someone who joins up
  ok   #32 L3.knowledge_checks[3].q [HIGH] F3: the old stem stated a falsehood
  ok   #33 L3.flashcard_questions[0].q [MEDIUM] F13: the line does not belong to the scene with the Boy
  ok   #34 L3.flashcard_questions[1].q [HIGH] F3
  ok   #35 L3.flashcard_questions[1].a [HIGH] F3
  ok   #36 L3.flashcard_questions[2].a [HIGH] F3
  ok   #37 L3.flashcard_questions[4].q [MEDIUM] F11: it is a piece of string, and the reason is textual
  ok   #38 L3.flashcard_questions[4].a [MEDIUM] F11: the play gives the reason explicitly
  ok   #39 L3.flashcard_questions[5].q [HIGH] F15: the Boy says his family come from Cardiff, so he is not of the Windrush generation
  ok   #40 L3.glossary_terms[0].definition [HIGH] F3
  ok   #110 L3.practice_questions[0].text [HIGH] F1: the set-text drama question is worth 40 marks, not 20
  ok   #111 L3.practice_questions[0].type [HIGH] F1: mark total corrected to 40
  ok   #112 L3.practice_questions[0].marks [HIGH] F1: band ladder rescaled to the 40-mark question
  ok   #113 L3.practice_questions[1].text [HIGH] F1: the set-text drama question is worth 40 marks, not 20
  ok   #114 L3.practice_questions[1].type [HIGH] F1: mark total corrected to 40
  ok   #115 L3.practice_questions[1].marks [HIGH] F1: band ladder rescaled to the 40-mark question
  ok   #116 L3.practice_questions[2].text [HIGH] F1: the set-text drama question is worth 40 marks, not 20
  ok   #117 L3.practice_questions[2].type [HIGH] F1: mark total corrected to 40
  ok   #118 L3.practice_questions[2].marks [HIGH] F1: band ladder rescaled to the 40-mark question
  ok   #119 L3.practice_questions[3].text [HIGH] F1: the set-text drama question is worth 40 marks, not 20
  ok   #120 L3.practice_questions[3].type [HIGH] F1: mark total corrected to 40
  ok   #121 L3.practice_questions[3].marks [HIGH] F1: band ladder rescaled to the 40-mark question
  ok   #122 L3.practice_questions[4].text [HIGH] F1: the set-text drama question is worth 40 marks, not 20
  ok   #123 L3.practice_questions[4].type [HIGH] F1: mark total corrected to 40
  ok   #124 L3.practice_questions[4].marks [HIGH] F1: band ladder rescaled to the 40-mark question
  ok   #125 L3.practice_questions[5].text [HIGH] F1: the set-text drama question is worth 40 marks, not 20
  ok   #126 L3.practice_questions[5].type [HIGH] F1: mark total corrected to 40
  ok   #127 L3.practice_questions[5].marks [HIGH] F1: band ladder rescaled to the 40-mark question
  PATCH L3: content_html, conclusion_html, exam_tip_html, knowledge_checks, flashcard_questions, glossary_terms, practice_questions
  ok   #41 L4.content_html [MEDIUM] F16: 'pansified little freak' is Helen's phrase, not Peter's
  ok   #42 L4.exam_tip_html [HIGH] F1+F2: invented part (b); AO4 is not context
  ok   #43 L4.flashcard_questions[0].q [HIGH] F17: 'The dream has gone but the baby is real' is Geof's line to Jo, not Jo's
  ok   #128 L4.practice_questions[0].text [HIGH] F1: the set-text drama question is worth 40 marks, not 20
  ok   #129 L4.practice_questions[0].type [HIGH] F1: mark total corrected to 40
  ok   #130 L4.practice_questions[0].marks [HIGH] F1: band ladder rescaled to the 40-mark question
  ok   #131 L4.practice_questions[1].text [HIGH] F1: the set-text drama question is worth 40 marks, not 20
  ok   #132 L4.practice_questions[1].type [HIGH] F1: mark total corrected to 40
  ok   #133 L4.practice_questions[1].marks [HIGH] F1: band ladder rescaled to the 40-mark question
  ok   #134 L4.practice_questions[2].text [HIGH] F1: the set-text drama question is worth 40 marks, not 20
  ok   #135 L4.practice_questions[2].type [HIGH] F1: mark total corrected to 40
  ok   #136 L4.practice_questions[2].marks [HIGH] F1: band ladder rescaled to the 40-mark question
  ok   #137 L4.practice_questions[3].text [HIGH] F1: the set-text drama question is worth 40 marks, not 20
  ok   #138 L4.practice_questions[3].type [HIGH] F1: mark total corrected to 40
  ok   #139 L4.practice_questions[3].marks [HIGH] F1: band ladder rescaled to the 40-mark question
  ok   #140 L4.practice_questions[4].text [HIGH] F1: the set-text drama question is worth 40 marks, not 20
  ok   #141 L4.practice_questions[4].type [HIGH] F1: mark total corrected to 40
  ok   #142 L4.practice_questions[4].marks [HIGH] F1: band ladder rescaled to the 40-mark question
  ok   #143 L4.practice_questions[5].text [HIGH] F1: the set-text drama question is worth 40 marks, not 20
  ok   #144 L4.practice_questions[5].type [HIGH] F1: mark total corrected to 40
  ok   #145 L4.practice_questions[5].marks [HIGH] F1: band ladder rescaled to the 40-mark question
  PATCH L4: content_html, exam_tip_html, flashcard_questions, practice_questions
  ok   #44 L5.content_html [HIGH] F10: the 'loud check suit' is not in the play; the eye patch is his defining stage detail
  ok   #45 L5.content_html [MEDIUM] F4: board named in student-facing text
  ok   #46 L5.content_html [HIGH] F1: there is no part (b)
  ok   #47 L5.exam_tip_html [HIGH] F2: AO4 is written accuracy, and context is not credited here
  ok   #48 L5.knowledge_checks[4].right[1] [HIGH] F3: the Boy is named Jimmie in the play
  ok   #49 L5.flashcard_questions[3].q [HIGH] F17: the line is Geof's, and it is not a quotation of the Boy
  ok   #146 L5.practice_questions[0].text [HIGH] F1: the set-text drama question is worth 40 marks, not 20
  ok   #147 L5.practice_questions[0].type [HIGH] F1: mark total corrected to 40
  ok   #148 L5.practice_questions[0].marks [HIGH] F1: band ladder rescaled to the 40-mark question
  ok   #149 L5.practice_questions[1].text [HIGH] F1: the set-text drama question is worth 40 marks, not 20
  ok   #150 L5.practice_questions[1].type [HIGH] F1: mark total corrected to 40
  ok   #151 L5.practice_questions[1].marks [HIGH] F1: band ladder rescaled to the 40-mark question
  ok   #152 L5.practice_questions[2].text [HIGH] F1: the set-text drama question is worth 40 marks, not 20
  ok   #153 L5.practice_questions[2].type [HIGH] F1: mark total corrected to 40
  ok   #154 L5.practice_questions[2].marks [HIGH] F1: band ladder rescaled to the 40-mark question
  ok   #155 L5.practice_questions[3].text [HIGH] F1: the set-text drama question is worth 40 marks, not 20
  ok   #156 L5.practice_questions[3].type [HIGH] F1: mark total corrected to 40
  ok   #157 L5.practice_questions[3].marks [HIGH] F1: band ladder rescaled to the 40-mark question
  ok   #158 L5.practice_questions[4].text [HIGH] F1: the set-text drama question is worth 40 marks, not 20
  ok   #159 L5.practice_questions[4].type [HIGH] F1: mark total corrected to 40
  ok   #160 L5.practice_questions[4].marks [HIGH] F1: band ladder rescaled to the 40-mark question
  ok   #161 L5.practice_questions[5].text [HIGH] F1: the set-text drama question is worth 40 marks, not 20
  ok   #162 L5.practice_questions[5].type [HIGH] F1: mark total corrected to 40
  ok   #163 L5.practice_questions[5].marks [HIGH] F1: band ladder rescaled to the 40-mark question
  ok   #218 L5.practice_questions[0].text [HIGH] F19: Jo says this to Helen in Act 1 Scene 1, not to Geof
  PATCH L5: content_html, exam_tip_html, knowledge_checks, flashcard_questions, practice_questions
  ok   #50 L6.content_html [MEDIUM] F18: Delaney's opening stage direction sets a comfortless flat AND the street outside
  ok   #51 L6.content_html [MEDIUM] F4: board named in student-facing text
  ok   #52 L6.content_html [HIGH] F2+F4: AO4 is not context, and the board is named
  ok   #53 L6.knowledge_checks[2].q [MEDIUM] F18: the set includes the street
  ok   #54 L6.flashcard_questions[0].a [MEDIUM] F18
  ok   #55 L6.flashcard_questions[11].a [MEDIUM] F5: matched to the corrected age
  ok   #164 L6.practice_questions[0].text [HIGH] F1: the set-text drama question is worth 40 marks, not 20
  ok   #165 L6.practice_questions[0].type [HIGH] F1: mark total corrected to 40
  ok   #166 L6.practice_questions[0].marks [HIGH] F1: band ladder rescaled to the 40-mark question
  ok   #167 L6.practice_questions[1].text [HIGH] F1: the set-text drama question is worth 40 marks, not 20
  ok   #168 L6.practice_questions[1].type [HIGH] F1: mark total corrected to 40
  ok   #169 L6.practice_questions[1].marks [HIGH] F1: band ladder rescaled to the 40-mark question
  ok   #170 L6.practice_questions[2].text [HIGH] F1: the set-text drama question is worth 40 marks, not 20
  ok   #171 L6.practice_questions[2].type [HIGH] F1: mark total corrected to 40
  ok   #172 L6.practice_questions[2].marks [HIGH] F1: band ladder rescaled to the 40-mark question
  ok   #173 L6.practice_questions[3].text [HIGH] F1: the set-text drama question is worth 40 marks, not 20
  ok   #174 L6.practice_questions[3].type [HIGH] F1: mark total corrected to 40
  ok   #175 L6.practice_questions[3].marks [HIGH] F1: band ladder rescaled to the 40-mark question
  ok   #176 L6.practice_questions[4].text [HIGH] F1: the set-text drama question is worth 40 marks, not 20
  ok   #177 L6.practice_questions[4].type [HIGH] F1: mark total corrected to 40
  ok   #178 L6.practice_questions[4].marks [HIGH] F1: band ladder rescaled to the 40-mark question
  ok   #179 L6.practice_questions[5].text [HIGH] F1: the set-text drama question is worth 40 marks, not 20
  ok   #180 L6.practice_questions[5].type [HIGH] F1: mark total corrected to 40
  ok   #181 L6.practice_questions[5].marks [HIGH] F1: band ladder rescaled to the 40-mark question
  PATCH L6: content_html, knowledge_checks, flashcard_questions, practice_questions
  ok   #56 L7.content_html [MEDIUM] F4: board named in student-facing text
  ok   #57 L7.content_html [MEDIUM] F4: board named in student-facing text
  ok   #182 L7.practice_questions[0].text [HIGH] F1: the set-text drama question is worth 40 marks, not 20
  ok   #183 L7.practice_questions[0].type [HIGH] F1: mark total corrected to 40
  ok   #184 L7.practice_questions[0].marks [HIGH] F1: band ladder rescaled to the 40-mark question
  ok   #185 L7.practice_questions[1].text [HIGH] F1: the set-text drama question is worth 40 marks, not 20
  ok   #186 L7.practice_questions[1].type [HIGH] F1: mark total corrected to 40
  ok   #187 L7.practice_questions[1].marks [HIGH] F1: band ladder rescaled to the 40-mark question
  ok   #188 L7.practice_questions[2].text [HIGH] F1: the set-text drama question is worth 40 marks, not 20
  ok   #189 L7.practice_questions[2].type [HIGH] F1: mark total corrected to 40
  ok   #190 L7.practice_questions[2].marks [HIGH] F1: band ladder rescaled to the 40-mark question
  ok   #191 L7.practice_questions[3].text [HIGH] F1: the set-text drama question is worth 40 marks, not 20
  ok   #192 L7.practice_questions[3].type [HIGH] F1: mark total corrected to 40
  ok   #193 L7.practice_questions[3].marks [HIGH] F1: band ladder rescaled to the 40-mark question
  ok   #194 L7.practice_questions[4].text [HIGH] F1: the set-text drama question is worth 40 marks, not 20
  ok   #195 L7.practice_questions[4].type [HIGH] F1: mark total corrected to 40
  ok   #196 L7.practice_questions[4].marks [HIGH] F1: band ladder rescaled to the 40-mark question
  ok   #197 L7.practice_questions[5].text [HIGH] F1: the set-text drama question is worth 40 marks, not 20
  ok   #198 L7.practice_questions[5].type [HIGH] F1: mark total corrected to 40
  ok   #199 L7.practice_questions[5].marks [HIGH] F1: band ladder rescaled to the 40-mark question
  PATCH L7: content_html, practice_questions
  ok   #58 L8.description [MEDIUM] F4: board named in student-facing text
  ok   #59 L8.content_html [HIGH] F2: AO4 is written accuracy, not context
  ok   #60 L8.content_html [MEDIUM] F16: the phrase is Helen's
  ok   #61 L8.content_html [HIGH] F1: the paper sets one source-based question, not two tasks
  ok   #62 L8.content_html [MEDIUM] F1: reframed as one answer, not a separate task
  ok   #63 L8.content_html [HIGH] F1+F2: no separate wider-text task; AO4 is written accuracy, not context
  ok   #64 L8.content_html [HIGH] F2: context is not credited; written accuracy is
  ok   #65 L8.conclusion_html [HIGH] F1+F2+F4: invented two-part format, wrong AO, board named
  ok   #66 L8.exam_tip_html [MEDIUM] F4: board named in student-facing text
  ok   #67 L8.knowledge_checks[1].q [HIGH] F1: there are no parts; one question worth 40 marks
  ok   #68 L8.knowledge_checks[1].options [HIGH] F1: options rebuilt around the real 40-mark total
  ok   #69 L8.knowledge_checks[2].q [HIGH] F1+F4: no part (a); board named
  ok   #70 L8.knowledge_checks[3].q [HIGH] F1: no part (b)
  ok   #71 L8.flashcard_questions[10].q [HIGH] F1+F4
  ok   #72 L8.flashcard_questions[10].a [HIGH] F1+F2: the format and the credited objectives were both wrong
  ok   #73 L8.glossary_terms[7].definition [HIGH] F2: that was the definition of AO3
  ok   #200 L8.practice_questions[0].text [HIGH] F1: the set-text drama question is worth 40 marks, not 20
  ok   #201 L8.practice_questions[0].type [HIGH] F1: mark total corrected to 40
  ok   #202 L8.practice_questions[0].marks [HIGH] F1: band ladder rescaled to the 40-mark question
  ok   #203 L8.practice_questions[1].text [HIGH] F1: the set-text drama question is worth 40 marks, not 20
  ok   #204 L8.practice_questions[1].type [HIGH] F1: mark total corrected to 40
  ok   #205 L8.practice_questions[1].marks [HIGH] F1: band ladder rescaled to the 40-mark question
  ok   #206 L8.practice_questions[2].text [HIGH] F1: the set-text drama question is worth 40 marks, not 20
  ok   #207 L8.practice_questions[2].type [HIGH] F1: mark total corrected to 40
  ok   #208 L8.practice_questions[2].marks [HIGH] F1: band ladder rescaled to the 40-mark question
  ok   #209 L8.practice_questions[3].text [HIGH] F1: the set-text drama question is worth 40 marks, not 20
  ok   #210 L8.practice_questions[3].type [HIGH] F1: mark total corrected to 40
  ok   #211 L8.practice_questions[3].marks [HIGH] F1: band ladder rescaled to the 40-mark question
  ok   #212 L8.practice_questions[4].text [HIGH] F1: the set-text drama question is worth 40 marks, not 20
  ok   #213 L8.practice_questions[4].type [HIGH] F1: mark total corrected to 40
  ok   #214 L8.practice_questions[4].marks [HIGH] F1: band ladder rescaled to the 40-mark question
  ok   #215 L8.practice_questions[5].text [HIGH] F1: the set-text drama question is worth 40 marks, not 20
  ok   #216 L8.practice_questions[5].type [HIGH] F1: mark total corrected to 40
  ok   #217 L8.practice_questions[5].marks [HIGH] F1: band ladder rescaled to the 40-mark question
  PATCH L8: description, content_html, conclusion_html, exam_tip_html, knowledge_checks, flashcard_questions, glossary_terms, practice_questions
=== 219 applied, 0 skipped, 8 lessons / 43 fields changed
