
=== RE-NARRATION (changed narrated text only) ===
backup: C:\Users\tshau\Documents\Study Vault\scripts\_retrofc\units\english-literature-eduqas__a-taste-of-honey\_backup.json
unit:   english-literature-eduqas / a-taste-of-honey
run: 2026-09-03T20:26:25Z  mode: LIVE

8 lessons, 39 clips to regenerate

  L01 (Ollie)  Context: 1950s Salford & Kitchen Sink Drama
      n3: Understanding this setting is essential for the exam. The play does not present poverty as a background detail
             -> 220 KB, 18.7s, uploaded
      n7: At the same time, immigration from the Caribbean and other Commonwealth countries was increasing, provoking wi
             -> 260 KB, 22.1s, uploaded
      n14: The drama question gives no marks for context. It assesses AO1 (understanding and personal response), AO2 (lan
             -> 272 KB, 23.2s, uploaded
      n18: The drama question is one task worth 40 marks, with an extract printed on the paper. There is no separate cont
             -> 313 KB, 26.7s, uploaded
      n20: Delaney wrote the play aged 19 in 1950s Salford, drawing directly on her working-class experience to challenge
             -> 102 KB, 8.7s, uploaded
      manifest updated (22 entries)
  L02 (Ada)  Act 1 Scene 1: Jo, Helen & Peter
      n2: The play opens with Helen and Jo moving into yet another rented flat in Salford. The stage directions describe
             -> 375 KB, 32.0s, uploaded
      n4: Key Fact . Jo’s opening line “And I don’t like it” refuses Helen’s forced cheerfulness and sets the play’s uns
             -> 181 KB, 15.4s, uploaded
      n11: Peter enters the play as Helen’s latest boyfriend — a brash, loud, hard-drinking car salesman who is significa
             -> 348 KB, 29.7s, uploaded
      n12: Peter is overtly hostile towards Jo. He ignores her, insults her appearance, and makes it clear that she is an
             -> 336 KB, 28.7s, uploaded
      n15: Delaney uses Jo’s isolation to set up the next scene. Alone and emotionally neglected, Jo is vulnerable to the
             -> 306 KB, 26.1s, uploaded
      n19: The drama question is worth 40 marks and prints an extract on the paper. Focus on how Delaney uses language an
             -> 308 KB, 26.3s, uploaded
      manifest updated (23 entries)
  L03 (Ollie)  Act 1 Scene 2: Jo & the Boy
      n2: With Helen increasingly absent — spending time with Peter and drinking — Jo is left alone in the flat. It is i
             -> 373 KB, 31.9s, uploaded
      n4: Key Fact . The Boy is named Jimmie in the dialogue, but Delaney’s cast list and speech headings call him only 
             -> 278 KB, 23.7s, uploaded
      n6: The Boy gives Jo a ring and proposes marriage. Jo’s reaction is characteristically unsentimental: she teases h
             -> 266 KB, 22.7s, uploaded
      n7: The proposal scene is one of the most tender in the play, yet Delaney undercuts it with dramatic irony: the au
             -> 273 KB, 23.3s, uploaded
      n9: Jo herself is notably unconcerned about race. When Helen later expresses horror at the idea of a mixed-race gr
             -> 302 KB, 25.8s, uploaded
      n15: Simultaneously, Helen marries Peter. The wedding happens offstage. Helen raises the idea of Jo being a bridesm
             -> 346 KB, 29.6s, uploaded
      n18: You get one 40-mark question with an extract printed on the paper. When you write about Jo and the Boy, focus 
             -> 305 KB, 26.1s, uploaded
      n20: The Boy is named Jimmie only in passing, while Delaney’s cast list keeps him as “the Boy” — a distance that re
             -> 115 KB, 9.8s, uploaded
      n21: “I really do live at the same time as myself, don’t I?” captures Jo’s self-awareness and the bittersweet innoc
             -> 100 KB, 8.5s, uploaded
      manifest updated (22 entries)
  L04 (Ada)  Act 2: Geof, Helen's Return & the Ending
      n7: Delaney treats Geof’s sexuality with remarkable matter-of-factness. Jo does not judge him; she accepts him as 
             -> 424 KB, 36.2s, uploaded
      n20: The open ending is excellent material for the 40-mark question. Discuss how Delaney structures the ending to r
             -> 311 KB, 26.5s, uploaded
      manifest updated (24 entries)
  L05 (Ollie)  Character Analysis
      n9: Helen’s humour is excellent material for AO2 analysis in the exam. Analyse how Delaney uses comic dialogue to 
             -> 194 KB, 16.6s, uploaded
      n11: Peter is the play’s least sympathetic character. He is brash, aggressive, and openly hostile to Jo. His black 
             -> 286 KB, 24.4s, uploaded
      n21: In the exam, using character comparisons is an effective strategy. When asked about Jo, compare her with Helen
             -> 202 KB, 17.3s, uploaded
      n22: For character questions, always link personality traits to specific quotations from the play. Do not simply de
             -> 279 KB, 23.8s, uploaded
      manifest updated (26 entries)
  L06 (Ada)  Staging, Structure & Social Realism
      n2: The play uses one unchanging set: a rented flat in Salford and the street outside it. This single set is a del
             -> 327 KB, 27.9s, uploaded
      n4: Key Fact . The single set works on two levels: as kitchen sink realism (an accurate depiction of working-class
             -> 230 KB, 19.6s, uploaded
      n15: Understanding Littlewood’s contribution helps you write about the play’s style. When you discuss that style, a
             -> 284 KB, 24.2s, uploaded
      manifest updated (23 entries)
  L07 (Ollie)  Language & Dialogue
      n15: Key Fact . Helen and Jo represent two opposing uses of language: Helen uses humour to evade truth; Jo uses blu
             -> 184 KB, 15.7s, uploaded
      n18: The gap between what characters say and what they mean is where the play’s emotional power lives. Delaney trus
             -> 281 KB, 23.9s, uploaded
      manifest updated (27 entries)
  L08 (Ada)  Key Themes & Exam Technique
      n7: Helen’s reaction to learning the baby’s father is Black is one of the play’s most revealing moments. Her horro
             -> 347 KB, 29.6s, uploaded
      n12: Helen and Peter’s homophobic attacks on Geof represent the mainstream 1950s view. Helen calls him a “pansified
             -> 332 KB, 28.3s, uploaded
      n17: Your drama question is a single task worth 40 marks. An extract is printed on the paper, and you write one ans
             -> 154 KB, 13.1s, uploaded
      n18: Start with the extract: Analyse how Delaney uses language and dramatic techniques in the printed passage. Let 
             -> 247 KB, 21.1s, uploaded
      n19: Then widen out: Write about the same theme or character elsewhere in the play, outside the given extract. Choo
             -> 276 KB, 23.6s, uploaded
      n23: For the wider text: Choose your moments carefully — they should clearly connect to the question’s focus. Quote
             -> 264 KB, 22.5s, uploaded
      n25: For the exam, memorise 10–12 key quotations that cover the major themes and characters. Each quotation should 
             -> 294 KB, 25.1s, uploaded
      n29: The exam sets one 40-mark question with an extract printed on the paper: analyse that extract closely and show
             -> 166 KB, 14.1s, uploaded
      manifest updated (29 entries)

Regenerated 39 clips.

=== VERIFY (ranged GET + freshness) ===
  206  L01 n3  bytes 0-3/224928  Last-Modified: Thu, 03 Sep 2026 20:26:30 GMT  mp3-sync=OK
  206  L01 n7  bytes 0-3/265824  Last-Modified: Thu, 03 Sep 2026 20:26:34 GMT  mp3-sync=OK
  206  L01 n14  bytes 0-3/278784  Last-Modified: Thu, 03 Sep 2026 20:26:39 GMT  mp3-sync=OK
  206  L01 n18  bytes 0-3/320256  Last-Modified: Thu, 03 Sep 2026 20:26:43 GMT  mp3-sync=OK
  206  L01 n20  bytes 0-3/104832  Last-Modified: Thu, 03 Sep 2026 20:26:44 GMT  mp3-sync=OK
  206  L02 n2  bytes 0-3/384192  Last-Modified: Thu, 03 Sep 2026 20:26:50 GMT  mp3-sync=OK
  206  L02 n4  bytes 0-3/185184  Last-Modified: Thu, 03 Sep 2026 20:26:53 GMT  mp3-sync=OK
  206  L02 n11  bytes 0-3/355968  Last-Modified: Thu, 03 Sep 2026 20:26:59 GMT  mp3-sync=OK
  206  L02 n12  bytes 0-3/344448  Last-Modified: Thu, 03 Sep 2026 20:27:04 GMT  mp3-sync=OK
  206  L02 n15  bytes 0-3/313056  Last-Modified: Thu, 03 Sep 2026 20:27:09 GMT  mp3-sync=OK
  206  L02 n19  bytes 0-3/315648  Last-Modified: Thu, 03 Sep 2026 20:27:14 GMT  mp3-sync=OK
  206  L03 n2  bytes 0-3/382176  Last-Modified: Thu, 03 Sep 2026 20:27:19 GMT  mp3-sync=OK
  206  L03 n4  bytes 0-3/284256  Last-Modified: Thu, 03 Sep 2026 20:27:24 GMT  mp3-sync=OK
  206  L03 n6  bytes 0-3/272736  Last-Modified: Thu, 03 Sep 2026 20:27:28 GMT  mp3-sync=OK
  206  L03 n7  bytes 0-3/279936  Last-Modified: Thu, 03 Sep 2026 20:27:32 GMT  mp3-sync=OK
  206  L03 n9  bytes 0-3/309600  Last-Modified: Thu, 03 Sep 2026 20:27:37 GMT  mp3-sync=OK
  206  L03 n15  bytes 0-3/354816  Last-Modified: Thu, 03 Sep 2026 20:27:42 GMT  mp3-sync=OK
  206  L03 n18  bytes 0-3/312768  Last-Modified: Thu, 03 Sep 2026 20:27:47 GMT  mp3-sync=OK
  206  L03 n20  bytes 0-3/117504  Last-Modified: Thu, 03 Sep 2026 20:27:49 GMT  mp3-sync=OK
  206  L03 n21  bytes 0-3/102240  Last-Modified: Thu, 03 Sep 2026 20:27:50 GMT  mp3-sync=OK
  206  L04 n7  bytes 0-3/434016  Last-Modified: Thu, 03 Sep 2026 20:27:56 GMT  mp3-sync=OK
  206  L04 n20  bytes 0-3/318240  Last-Modified: Thu, 03 Sep 2026 20:28:01 GMT  mp3-sync=OK
  206  L05 n9  bytes 0-3/198720  Last-Modified: Thu, 03 Sep 2026 20:28:04 GMT  mp3-sync=OK
  206  L05 n11  bytes 0-3/292608  Last-Modified: Thu, 03 Sep 2026 20:28:09 GMT  mp3-sync=OK
  206  L05 n21  bytes 0-3/207072  Last-Modified: Thu, 03 Sep 2026 20:28:12 GMT  mp3-sync=OK
  206  L05 n22  bytes 0-3/285408  Last-Modified: Thu, 03 Sep 2026 20:28:17 GMT  mp3-sync=OK
  206  L06 n2  bytes 0-3/334656  Last-Modified: Thu, 03 Sep 2026 20:28:22 GMT  mp3-sync=OK
  206  L06 n4  bytes 0-3/235008  Last-Modified: Thu, 03 Sep 2026 20:28:25 GMT  mp3-sync=OK
  206  L06 n15  bytes 0-3/290880  Last-Modified: Thu, 03 Sep 2026 20:28:30 GMT  mp3-sync=OK
  206  L07 n15  bytes 0-3/188640  Last-Modified: Thu, 03 Sep 2026 20:28:33 GMT  mp3-sync=OK
  206  L07 n18  bytes 0-3/287424  Last-Modified: Thu, 03 Sep 2026 20:28:37 GMT  mp3-sync=OK
  206  L08 n7  bytes 0-3/355104  Last-Modified: Thu, 03 Sep 2026 20:28:42 GMT  mp3-sync=OK
  206  L08 n12  bytes 0-3/340128  Last-Modified: Thu, 03 Sep 2026 20:28:47 GMT  mp3-sync=OK
  206  L08 n17  bytes 0-3/157248  Last-Modified: Thu, 03 Sep 2026 20:28:50 GMT  mp3-sync=OK
  206  L08 n18  bytes 0-3/252576  Last-Modified: Thu, 03 Sep 2026 20:28:54 GMT  mp3-sync=OK
  206  L08 n19  bytes 0-3/283104  Last-Modified: Thu, 03 Sep 2026 20:28:58 GMT  mp3-sync=OK
  206  L08 n23  bytes 0-3/269856  Last-Modified: Thu, 03 Sep 2026 20:29:02 GMT  mp3-sync=OK
  206  L08 n25  bytes 0-3/301248  Last-Modified: Thu, 03 Sep 2026 20:29:06 GMT  mp3-sync=OK
  206  L08 n29  bytes 0-3/169632  Last-Modified: Thu, 03 Sep 2026 20:29:09 GMT  mp3-sync=OK

39/39 clips verified HTTP 200/206 with fresh audio.
