=== APPLY EDITS english-literature-aqa/power-and-conflict  30 edits  LIVE  2026-09-18T20:44:08.819Z
  ok   #0 L1.practice_questions[4].type [MEDIUM] J1: no extract of the text is printed in this exam, so the task is quotation analysis
  ok   #20 L1.exam_tip_html [MEDIUM] J2: says up front that the real question is one 30-mark comparison; kept inside the same narration block
  PATCH L1: practice_questions, exam_tip_html
  ok   #1 L2.practice_questions[3].type [MEDIUM] J1: no extract of the text is printed in this exam, so the task is quotation analysis
  ok   #21 L2.exam_tip_html [MEDIUM] J2: says up front that the real question is one 30-mark comparison; kept inside the same narration block
  PATCH L2: practice_questions, exam_tip_html
  ok   #2 L3.practice_questions[4].type [MEDIUM] J1: no extract of the text is printed in this exam, so the task is quotation analysis
  ok   #3 L3.practice_questions[5].type [MEDIUM] J1: no extract of the text is printed in this exam, so the task is quotation analysis
  ok   #22 L3.exam_tip_html [MEDIUM] J2: says up front that the real question is one 30-mark comparison; kept inside the same narration block
  PATCH L3: practice_questions, exam_tip_html
  ok   #4 L4.practice_questions[4].type [MEDIUM] J1: no extract of the text is printed in this exam, so the task is quotation analysis
  ok   #23 L4.exam_tip_html [MEDIUM] J2: says up front that the real question is one 30-mark comparison; kept inside the same narration block
  PATCH L4: practice_questions, exam_tip_html
  ok   #5 L5.practice_questions[4].type [MEDIUM] J1: no extract of the text is printed in this exam, so the task is quotation analysis
  ok   #6 L5.practice_questions[5].type [MEDIUM] J1: no extract of the text is printed in this exam, so the task is quotation analysis
  ok   #24 L5.exam_tip_html [MEDIUM] J2: says up front that the real question is one 30-mark comparison; kept inside the same narration block
  PATCH L5: practice_questions, exam_tip_html
  ok   #7 L6.practice_questions[4].type [MEDIUM] J1: no extract of the text is printed in this exam, so the task is quotation analysis
  ok   #25 L6.exam_tip_html [MEDIUM] J2: says up front that the real question is one 30-mark comparison; kept inside the same narration block
  PATCH L6: practice_questions, exam_tip_html
  ok   #8 L7.practice_questions[4].type [MEDIUM] J1: no extract of the text is printed in this exam, so the task is quotation analysis
  ok   #26 L7.exam_tip_html [MEDIUM] J2: says up front that the real question is one 30-mark comparison; kept inside the same narration block
  PATCH L7: practice_questions, exam_tip_html
  ok   #9 L8.practice_questions[4].type [MEDIUM] J1: no extract of the text is printed in this exam, so the task is quotation analysis
  ok   #10 L8.practice_questions[5].type [MEDIUM] J1: no extract of the text is printed in this exam, so the task is quotation analysis
  ok   #27 L8.exam_tip_html [MEDIUM] J2: says up front that the real question is one 30-mark comparison; kept inside the same narration block
  PATCH L8: practice_questions, exam_tip_html
  ok   #11 L9.practice_questions[4].type [MEDIUM] J1: no extract of the text is printed in this exam, so the task is quotation analysis
  ok   #12 L9.practice_questions[5].type [MEDIUM] J1: no extract of the text is printed in this exam, so the task is quotation analysis
  ok   #13 L9.practice_questions[5].text [MEDIUM] J1: stem works without a printed extract
  ok   #15 L9.content_html [MEDIUM] J3 house rule: the board is never named in lesson prose
  ok   #16 L9.flashcard_questions[0].q [MEDIUM] J3 house rule: the board is never named
  ok   #17 L9.flashcard_questions[1].q [MEDIUM] J3 house rule: the board is never named
  ok   #28 L9.exam_tip_html [MEDIUM] J2: says up front that the real question is one 30-mark comparison; kept inside the same narration block
  PATCH L9: practice_questions, content_html, flashcard_questions, exam_tip_html
  ok   #14 L10.practice_questions[5].type [MEDIUM] J1: no extract of the text is printed in this exam, so the task is quotation analysis
  ok   #18 L10.glossary_terms[0].definition [MEDIUM] J3 house rule: no board name and no paper/section code
  ok   #19 L10.practice_questions[4].marks [MEDIUM] J3 house rule: band names never use Level N
  ok   #29 L10.exam_tip_html [MEDIUM] J2: says up front that the real question is one 30-mark comparison; kept inside the same narration block
  PATCH L10: practice_questions, glossary_terms, exam_tip_html
=== 30 applied, 0 skipped, 10 lessons / 23 fields changed
