
=== RE-NARRATION (changed narrated text only) ===
backup: C:\Users\tshau\Documents\Study Vault\scripts\_retrofc\units\english-literature-aqa__power-and-conflict-labels\_backup.json
unit:   english-literature-aqa / power-and-conflict
run: 2026-09-18T20:44:11Z  mode: LIVE

10 lessons, 11 clips to regenerate

  L01 (Ollie)  Ozymandias — Power & Its Decay
      n21: In the exam this cluster is one question worth 30 marks: one poem is printed for you, and you compare it with 
             -> 428 KB, 36.5s, uploaded
      manifest updated (25 entries)
  L02 (Ada)  London & Checking Out Me History
      n22: In the exam this cluster is one question worth 30 marks: one poem is printed for you, and you compare it with 
             -> 429 KB, 36.6s, uploaded
      manifest updated (26 entries)
  L03 (Ollie)  The Charge of the Light Brigade & Bayonet Charge
      n21: In the exam this cluster is one question worth 30 marks: one poem is printed for you, and you compare it with 
             -> 453 KB, 38.7s, uploaded
      manifest updated (25 entries)
  L04 (Ada)  My Last Duchess — Power & Control
      n18: In the exam this cluster is one question worth 30 marks: one poem is printed for you, and you compare it with 
             -> 448 KB, 38.2s, uploaded
      manifest updated (22 entries)
  L05 (Ollie)  Exposure & Storm on the Island
      n20: In the exam this cluster is one question worth 30 marks: one poem is printed for you, and you compare it with 
             -> 436 KB, 37.2s, uploaded
      manifest updated (24 entries)
  L06 (Ada)  Remains & War Photographer
      n21: In the exam this cluster is one question worth 30 marks: one poem is printed for you, and you compare it with 
             -> 465 KB, 39.7s, uploaded
      manifest updated (25 entries)
  L07 (Ollie)  Kamikaze & The Emigrée
      n21: In the exam this cluster is one question worth 30 marks: one poem is printed for you, and you compare it with 
             -> 459 KB, 39.2s, uploaded
      manifest updated (25 entries)
  L08 (Ada)  Tissue & Poppies
      n20: In the exam this cluster is one question worth 30 marks: one poem is printed for you, and you compare it with 
             -> 513 KB, 43.8s, uploaded
      manifest updated (24 entries)
  L09 (Ollie)  The Prelude — Power of Nature
      n2: William Wordsworth wrote The Prelude between 1798 and 1850. It is a vast autobiographical poem about the growt
             -> 286 KB, 24.4s, uploaded
      n18: In the exam this cluster is one question worth 30 marks: one poem is printed for you, and you compare it with 
             -> 445 KB, 37.9s, uploaded
      manifest updated (22 entries)
  L10 (Ada)  Comparing Poems & Exam Skills
      n25: In the exam this cluster is one question worth 30 marks: one poem is printed for you, and you compare it with 
             -> 540 KB, 46.1s, uploaded
      manifest updated (29 entries)

Regenerated 11 clips.

=== VERIFY (ranged GET + freshness) ===
  206  L01 n21  bytes 0-3/438336  Last-Modified: Fri, 18 Sep 2026 20:44:21 GMT  mp3-sync=OK
  206  L02 n22  bytes 0-3/439488  Last-Modified: Fri, 18 Sep 2026 20:44:27 GMT  mp3-sync=OK
  206  L03 n21  bytes 0-3/463968  Last-Modified: Fri, 18 Sep 2026 20:44:34 GMT  mp3-sync=OK
  206  L04 n18  bytes 0-3/458784  Last-Modified: Fri, 18 Sep 2026 20:44:41 GMT  mp3-sync=OK
  206  L05 n20  bytes 0-3/446400  Last-Modified: Fri, 18 Sep 2026 20:44:47 GMT  mp3-sync=OK
  206  L06 n21  bytes 0-3/476640  Last-Modified: Fri, 18 Sep 2026 20:44:54 GMT  mp3-sync=OK
  206  L07 n21  bytes 0-3/470016  Last-Modified: Fri, 18 Sep 2026 20:45:01 GMT  mp3-sync=OK
  206  L08 n20  bytes 0-3/525024  Last-Modified: Fri, 18 Sep 2026 20:45:09 GMT  mp3-sync=OK
  206  L09 n2  bytes 0-3/293184  Last-Modified: Fri, 18 Sep 2026 20:45:13 GMT  mp3-sync=OK
  206  L09 n18  bytes 0-3/455328  Last-Modified: Fri, 18 Sep 2026 20:45:20 GMT  mp3-sync=OK
  206  L10 n25  bytes 0-3/553248  Last-Modified: Fri, 18 Sep 2026 20:45:28 GMT  mp3-sync=OK

11/11 clips verified HTTP 200/206 with fresh audio.
