=== APPLY EDITS religious-studies-edexcel/paper-4-marks-gospel  41 edits  LIVE  2026-09-06T05:59:42.828Z
  ok   #0 L1.exam_tip_html [MEDIUM] F1: the command word on the 12-mark question is Evaluate, not Discuss
  ok   #1 L1.practice_questions[1].text [MEDIUM] F2: no 3-mark Describe question exists on this paper; recast as Outline three
  ok   #2 L1.practice_questions[1].type [MEDIUM] F2: question form corrected to the 3-mark Outline three
  ok   #3 L1.practice_questions[4].text [MEDIUM] F3: the 12-mark command word is Evaluate
  ok   #4 L1.practice_questions[4].type [MEDIUM] F3: the 12-mark command word is Evaluate
  PATCH L1: exam_tip_html, practice_questions
  ok   #5 L2.exam_tip_html [MEDIUM] F5: invented mark-award rule; the spec requires the source to support the explanation
  ok   #6 L2.exam_tip_html [MEDIUM] F4: the command word is Evaluate
  ok   #7 L2.practice_questions[1].text [MEDIUM] F6: no 3-mark Describe question on this paper
  ok   #8 L2.practice_questions[1].type [MEDIUM] F6: question form corrected to the 3-mark Outline three
  ok   #9 L2.practice_questions[4].text [MEDIUM] F7: the 12-mark command word is Evaluate
  ok   #10 L2.practice_questions[4].type [MEDIUM] F7: the 12-mark command word is Evaluate
  PATCH L2: exam_tip_html, practice_questions
  ok   #11 L3.exam_tip_html [MEDIUM] F8: fabricated examiner claim
  ok   #12 L3.practice_questions[1].text [MEDIUM] F9: no 3-mark Describe question on this paper
  ok   #13 L3.practice_questions[1].type [MEDIUM] F9: question form corrected to the 3-mark Outline three
  ok   #14 L3.practice_questions[4].text [MEDIUM] F10: the 12-mark command word is Evaluate
  ok   #15 L3.practice_questions[4].type [MEDIUM] F10: the 12-mark command word is Evaluate
  ok   #16 L3.practice_questions[5].marks [LOW] F12: British spelling
  ok   #17 L3.flashcard_questions[8].a [MEDIUM] F11: invented rule telling students not to write 'Elijah'
  PATCH L3: exam_tip_html, practice_questions, flashcard_questions
  ok   #18 L4.content_html [HIGH] F13: the High Priest is a person, not the council
  ok   #19 L4.content_html [MEDIUM] F14: Mark 15:39 places the centurion's words after the death
  ok   #20 L4.content_html [MEDIUM] F15: not all denominations celebrate the Eucharist
  ok   #21 L4.exam_tip_html [MEDIUM] F16: the command word is Evaluate
  ok   #22 L4.practice_questions[1].text [MEDIUM] F17: no 3-mark Describe question on this paper
  ok   #23 L4.practice_questions[1].type [MEDIUM] F17: question form corrected to the 3-mark Outline three
  ok   #24 L4.practice_questions[5].text [MEDIUM] F17: no 3-mark Describe question on this paper
  ok   #25 L4.practice_questions[5].type [MEDIUM] F17: question form corrected to the 3-mark Outline three
  ok   #26 L4.practice_questions[4].text [MEDIUM] F18: the 12-mark command word is Evaluate
  ok   #27 L4.practice_questions[4].type [MEDIUM] F18: the 12-mark command word is Evaluate
  ok   #28 L4.practice_questions[2].marks [MEDIUM] F14: the centurion speaks after Jesus has died
  ok   #29 L4.glossary_terms[2].definition [HIGH] F13: the entry defined the council, not the person
  ok   #30 L4.glossary_terms[5].definition [LOW] F19: the definition repeated the word it was defining
  PATCH L4: content_html, exam_tip_html, practice_questions, glossary_terms
  ok   #31 L5.content_html [MEDIUM] F20: the camp is Flossenburg; the knowledge check in the same lesson spells it correctly
  ok   #32 L5.content_html [HIGH] F21: the argument about who is greatest is Mark 9:33-37; Mark 10:41 is the ten's anger at James and John
  ok   #33 L5.content_html [MEDIUM] F22: Mark 14:4 says 'some of those present'; naming the disciples is Matthew's version
  ok   #34 L5.content_html [MEDIUM] F22: Mark 14:4 does not name the disciples
  ok   #35 L5.content_html [LOW] F26: 'a allegory' grammar slip
  ok   #36 L5.exam_tip_html [MEDIUM] F23: the command word is Evaluate
  ok   #37 L5.practice_questions[1].text [MEDIUM] F24: no 3-mark Describe question on this paper
  ok   #38 L5.practice_questions[1].type [MEDIUM] F24: question form corrected to the 3-mark Outline three
  ok   #39 L5.practice_questions[4].text [MEDIUM] F25: the 12-mark command word is Evaluate
  ok   #40 L5.practice_questions[4].type [MEDIUM] F25: the 12-mark command word is Evaluate
  PATCH L5: content_html, exam_tip_html, practice_questions
=== 41 applied, 0 skipped, 5 lessons / 14 fields changed
