
=== RE-NARRATION (changed narrated text only) ===
backup: C:\Users\tshau\Documents\Study Vault\scripts\_retrofc\units\religious-studies-edexcel__paper-4-marks-gospel\_backup.json
unit:   religious-studies-edexcel / paper-4-marks-gospel
run: 2026-09-06T05:59:46Z  mode: LIVE

5 lessons, 11 clips to regenerate

  L01 (Ollie)  Jesus as Messiah, Son of Man and the Baptism
      n20: For “Explain two…” questions, make sure each explanation is developed — don’t just name the title or passage. 
             -> 504 KB, 43.0s, uploaded
      manifest updated (24 entries)
  L02 (Ada)  Miracles of Jesus in Mark
      n23: For “Outline three” questions on miracles, give three genuinely separate points — don’t describe the same mira
             -> 587 KB, 50.1s, uploaded
      manifest updated (27 entries)
  L03 (Ollie)  Peter's Confession, the Transfiguration and Conflicts of Jesus
      n21: For questions on Peter’s confession, always include what Jesus said next — the passion prediction and the rebu
             -> 543 KB, 46.3s, uploaded
      manifest updated (25 entries)
  L04 (Ada)  The Last Days of Jesus and the Passion
      n3: This is the institution of what Christians call the Eucharist . The language of “covenant” and blood echoes Ex
             -> 339 KB, 28.9s, uploaded
      n17: Jesus utters a loud cry and breathes his last. At that moment, the curtain of the Temple is “torn in two from 
             -> 380 KB, 32.4s, uploaded
      n24: This lesson covers the highest-density section of Mark — many passages and multiple events. For “Outline three
             -> 641 KB, 54.7s, uploaded
      manifest updated (30 entries)
  L05 (Ollie)  Discipleship: The Call, the Cost and Living It Today
      n8: The Parable of the Tenants (Mark 12:1–12) is an allegory about Israel’s history of rejecting God’s messengers.
             -> 345 KB, 29.4s, uploaded
      n16: In Mark 10:41–45, the other ten disciples are angry because James and John have asked to sit at Jesus’s right 
             -> 362 KB, 30.9s, uploaded
      n19: In Mark 14:3–9, an unnamed woman breaks an alabaster jar of expensive perfume and pours it over Jesus’s head. 
             -> 327 KB, 27.9s, uploaded
      n22: Dietrich Bonhoeffer (1906–1945) was a German Lutheran pastor and theologian. His book The Cost of Discipleship
             -> 466 KB, 39.7s, uploaded
      n28: This is a heavy lesson — eight spec bullets. For “Outline three” questions, pick the three most specific and d
             -> 592 KB, 50.5s, uploaded
      manifest updated (32 entries)

Regenerated 11 clips.

=== VERIFY (ranged GET + freshness) ===
  206  L01 n20  bytes 0-3/515808  Last-Modified: Sun, 06 Sep 2026 06:00:14 GMT  mp3-sync=OK
  206  L02 n23  bytes 0-3/600768  Last-Modified: Sun, 06 Sep 2026 06:00:25 GMT  mp3-sync=OK
  206  L03 n21  bytes 0-3/555840  Last-Modified: Sun, 06 Sep 2026 06:00:38 GMT  mp3-sync=OK
  206  L04 n3  bytes 0-3/347328  Last-Modified: Sun, 06 Sep 2026 06:00:47 GMT  mp3-sync=OK
  206  L04 n17  bytes 0-3/388800  Last-Modified: Sun, 06 Sep 2026 06:00:54 GMT  mp3-sync=OK
  206  L04 n24  bytes 0-3/656352  Last-Modified: Sun, 06 Sep 2026 06:01:08 GMT  mp3-sync=OK
  206  L05 n8  bytes 0-3/352800  Last-Modified: Sun, 06 Sep 2026 06:01:19 GMT  mp3-sync=OK
  206  L05 n16  bytes 0-3/370656  Last-Modified: Sun, 06 Sep 2026 06:01:28 GMT  mp3-sync=OK
  206  L05 n19  bytes 0-3/334368  Last-Modified: Sun, 06 Sep 2026 06:01:35 GMT  mp3-sync=OK
  206  L05 n22  bytes 0-3/476928  Last-Modified: Sun, 06 Sep 2026 06:01:46 GMT  mp3-sync=OK
  206  L05 n28  bytes 0-3/606528  Last-Modified: Sun, 06 Sep 2026 06:02:13 GMT  mp3-sync=OK

11/11 clips verified HTTP 200/206 with fresh audio.
