
=== RE-NARRATION (changed narrated text only) ===
backup: C:\Users\tshau\Documents\Study Vault\scripts\_retrofc\units\sociology-eduqas__education\_backup.json
unit:   sociology-eduqas / education
run: 2026-09-06T09:38:33Z  mode: LIVE

4 lessons, 5 clips to regenerate

  L01 (Ollie)  Sociological Theories of the Role of Education
      n19: On a 12-mark Evaluate question about the role of education, the most common error is to describe only the func
             -> 440 KB, 37.5s, uploaded
      manifest updated (24 entries)
  L02 (Ada)  Processes Inside Schools
      n9: Hargreaves’s findings connect to Howard Becker’s broader interactionist work on labelling. Becker ( Outsiders 
             -> 513 KB, 43.8s, uploaded
      n14: Questions on the hidden curriculum are often answered poorly. The most common error is describing what schools
             -> 300 KB, 25.6s, uploaded
      manifest updated (19 entries)
  L03 (Ollie)  Patterns of Educational Achievement
      n13: Overall attainment at GCSE has risen since the introduction of the exam in 1988. However, the gaps between gro
             -> 497 KB, 42.4s, uploaded
      manifest updated (20 entries)
  L06 (Ada)  Researching Education
      n8: Unstructured interviews — open-ended conversations guided by broad topics rather than fixed questions — are pa
             -> 320 KB, 27.3s, uploaded
      manifest updated (23 entries)

Regenerated 5 clips.

=== VERIFY (ranged GET + freshness) ===
  206  L01 n19  bytes 0-3/450432  Last-Modified: Sun, 06 Sep 2026 09:38:44 GMT  mp3-sync=OK
  206  L02 n9  bytes 0-3/525600  Last-Modified: Sun, 06 Sep 2026 09:38:53 GMT  mp3-sync=OK
  206  L02 n14  bytes 0-3/307584  Last-Modified: Sun, 06 Sep 2026 09:38:58 GMT  mp3-sync=OK
  206  L03 n13  bytes 0-3/508608  Last-Modified: Sun, 06 Sep 2026 09:39:06 GMT  mp3-sync=OK
  206  L06 n8  bytes 0-3/327168  Last-Modified: Sun, 06 Sep 2026 09:39:13 GMT  mp3-sync=OK

5/5 clips verified HTTP 200/206 with fresh audio.
