=== APPLY EDITS english-literature-eduqas/jane-eyre  137 edits  LIVE  2026-09-02T23:22:52.223Z
  ok   #0 L1.exam_tip_html [MEDIUM] F26: invented band numbering; use the house ladder.
  ok   #1 L1.flashcard_questions[10].a [HIGH] F12: fabricated quotation; Helen's last words in ch.9 are 'Good-night, Jane.'
  ok   #2 L1.flashcard_questions[7].q [LOW] F27: the author is Charlotte Brontë.
  ok   #3 L1.flashcard_questions[8].q [LOW] F27: the author is Charlotte Brontë.
  ok   #4 L1.practice_questions[0].marks [MEDIUM] F2: ladder rescaled to 40 marks and to the five house bands.
  ok   #5 L1.practice_questions[0].type [HIGH] F1: the 19th-century novel question is worth 40 marks, not 20.
  ok   #6 L1.practice_questions[1].marks [MEDIUM] F2: ladder rescaled to 40 marks and to the five house bands.
  ok   #7 L1.practice_questions[1].type [HIGH] F1: the 19th-century novel question is worth 40 marks, not 20.
  ok   #8 L1.practice_questions[2].marks [MEDIUM] F2: ladder rescaled to 40 marks and to the five house bands.
  ok   #9 L1.practice_questions[2].type [HIGH] F1: the 19th-century novel question is worth 40 marks, not 20.
  ok   #10 L1.practice_questions[3].marks [MEDIUM] F2: ladder rescaled to 40 marks and to the five house bands.
  ok   #11 L1.practice_questions[3].type [HIGH] F1: the 19th-century novel question is worth 40 marks, not 20.
  ok   #12 L1.practice_questions[4].marks [MEDIUM] F2: ladder rescaled to 40 marks and to the five house bands.
  ok   #13 L1.practice_questions[4].type [HIGH] F1: the 19th-century novel question is worth 40 marks, not 20.
  ok   #14 L1.practice_questions[5].marks [MEDIUM] F2: ladder rescaled to 40 marks and to the five house bands.
  ok   #15 L1.practice_questions[5].type [HIGH] F1: the 19th-century novel question is worth 40 marks, not 20.
  PATCH L1: exam_tip_html, flashcard_questions, practice_questions
  ok   #16 L2.content_html [HIGH] F10: fabricated quotation. Ch.9 reads 'You will come to the same region of happiness: be received by the same 
  ok   #17 L2.flashcard_questions[11].q [LOW] F27: the author is Charlotte Brontë.
  ok   #18 L2.flashcard_questions[3].a [HIGH] F11: fabricated quotation; ch.9 wording restored.
  ok   #19 L2.flashcard_questions[9].q [LOW] F27: the author is Charlotte Brontë.
  ok   #20 L2.practice_questions[0].marks [MEDIUM] F2: ladder rescaled to 40 marks and to the five house bands.
  ok   #21 L2.practice_questions[0].type [HIGH] F1: the 19th-century novel question is worth 40 marks, not 20.
  ok   #22 L2.practice_questions[1].marks [MEDIUM] F2: ladder rescaled to 40 marks and to the five house bands.
  ok   #23 L2.practice_questions[1].type [HIGH] F1: the 19th-century novel question is worth 40 marks, not 20.
  ok   #24 L2.practice_questions[2].marks [MEDIUM] F2: ladder rescaled to 40 marks and to the five house bands.
  ok   #25 L2.practice_questions[2].type [HIGH] F1: the 19th-century novel question is worth 40 marks, not 20.
  ok   #26 L2.practice_questions[3].marks [MEDIUM] F2: ladder rescaled to 40 marks and to the five house bands.
  ok   #27 L2.practice_questions[3].type [HIGH] F1: the 19th-century novel question is worth 40 marks, not 20.
  ok   #28 L2.practice_questions[4].marks [MEDIUM] F2: ladder rescaled to 40 marks and to the five house bands.
  ok   #29 L2.practice_questions[4].type [HIGH] F1: the 19th-century novel question is worth 40 marks, not 20.
  ok   #30 L2.practice_questions[5].marks [MEDIUM] F2: ladder rescaled to 40 marks and to the five house bands.
  ok   #31 L2.practice_questions[5].type [HIGH] F1: the 19th-century novel question is worth 40 marks, not 20.
  PATCH L2: content_html, flashcard_questions, practice_questions
  ok   #32 L3.content_html [MEDIUM] F15: ch.11 reads 'It was a curious laugh; distinct, formal, mirthless.'
  ok   #33 L3.content_html [MEDIUM] F14: Bertha's room is on the third storey, off the corridor Jane paces, not below it.
  ok   #34 L3.content_html [MEDIUM] F14: same floor, not below.
  ok   #35 L3.content_html [HIGH] F13: 'the liveliness of your mind' is Darcy in Pride and Prejudice; the phrase does not occur in Jane Eyre.
  ok   #36 L3.flashcard_questions[10].a [MEDIUM] F14: Bertha is on the third storey, not below it.
  ok   #37 L3.flashcard_questions[11].a [HIGH] F13: replaced with a verified Rochester line from ch.23.
  ok   #38 L3.flashcard_questions[11].q [HIGH] F13: the old card quoted Pride and Prejudice.
  ok   #39 L3.flashcard_questions[3].a [MEDIUM] F15: ch.11 wording.
  ok   #40 L3.flashcard_questions[6].q [LOW] F16: the novel has no acts.
  ok   #41 L3.practice_questions[0].marks [MEDIUM] F2: ladder rescaled to 40 marks and to the five house bands. F14: Bertha is on the same floor, not below.
  ok   #42 L3.practice_questions[0].type [HIGH] F1: the 19th-century novel question is worth 40 marks, not 20.
  ok   #43 L3.practice_questions[1].marks [MEDIUM] F2: ladder rescaled to 40 marks and to the five house bands.
  ok   #44 L3.practice_questions[1].type [HIGH] F1: the 19th-century novel question is worth 40 marks, not 20.
  ok   #45 L3.practice_questions[2].marks [MEDIUM] F2: ladder rescaled to 40 marks and to the five house bands.
  ok   #46 L3.practice_questions[2].type [HIGH] F1: the 19th-century novel question is worth 40 marks, not 20.
  ok   #47 L3.practice_questions[3].marks [MEDIUM] F2: ladder rescaled to 40 marks and to the five house bands.
  ok   #48 L3.practice_questions[3].type [HIGH] F1: the 19th-century novel question is worth 40 marks, not 20.
  ok   #49 L3.practice_questions[4].marks [MEDIUM] F2: ladder rescaled to 40 marks and to the five house bands.
  ok   #50 L3.practice_questions[4].type [HIGH] F1: the 19th-century novel question is worth 40 marks, not 20.
  ok   #51 L3.practice_questions[5].marks [MEDIUM] F2: ladder rescaled to 40 marks and to the five house bands. F14: Bertha is on the same floor, not below.
  ok   #52 L3.practice_questions[5].type [HIGH] F1: the 19th-century novel question is worth 40 marks, not 20.
  PATCH L3: content_html, flashcard_questions, practice_questions
  ok   #53 L4.content_html [MEDIUM] F25: in ch.27 that line is Feeling; conscience and reason 'turned traitors' against Jane.
  ok   #54 L4.practice_questions[0].marks [MEDIUM] F2: ladder rescaled to 40 marks and to the five house bands.
  ok   #55 L4.practice_questions[0].type [HIGH] F1: the 19th-century novel question is worth 40 marks, not 20.
  ok   #56 L4.practice_questions[1].marks [MEDIUM] F2: ladder rescaled to 40 marks and to the five house bands.
  ok   #57 L4.practice_questions[1].type [HIGH] F1: the 19th-century novel question is worth 40 marks, not 20.
  ok   #58 L4.practice_questions[2].marks [MEDIUM] F2: ladder rescaled to 40 marks and to the five house bands.
  ok   #59 L4.practice_questions[2].type [HIGH] F1: the 19th-century novel question is worth 40 marks, not 20.
  ok   #60 L4.practice_questions[3].marks [MEDIUM] F2: ladder rescaled to 40 marks and to the five house bands.
  ok   #61 L4.practice_questions[3].type [HIGH] F1: the 19th-century novel question is worth 40 marks, not 20.
  ok   #62 L4.practice_questions[4].marks [MEDIUM] F2: ladder rescaled to 40 marks and to the five house bands.
  ok   #63 L4.practice_questions[4].type [HIGH] F1: the 19th-century novel question is worth 40 marks, not 20.
  ok   #64 L4.practice_questions[5].marks [MEDIUM] F2: ladder rescaled to 40 marks and to the five house bands.
  ok   #65 L4.practice_questions[5].type [HIGH] F1: the 19th-century novel question is worth 40 marks, not 20.
  PATCH L4: content_html, practice_questions
  ok   #66 L5.content_html [MEDIUM] F17: ch.33 - one nephew and three nieces, five thousand each. Jane is one of the four.
  ok   #67 L5.content_html [MEDIUM] F17: there are three Rivers cousins; Jane keeps a quarter.
  ok   #68 L5.content_html [MEDIUM] F19: ch.34 reads 'I fell under a freezing spell'; 'gathered under a spell' is not in the text.
  ok   #69 L5.content_html [MEDIUM] F20: the novel ends with St John alive but near death; the text reads 'he anticipated his sure reward, his inc
  ok   #70 L5.flashcard_questions[1].q [MEDIUM] F18: 'Jane! Jane! Jane!' is Rochester's cry, not a line of Jane's.
  ok   #71 L5.flashcard_questions[4].a [MEDIUM] F17: Jane is one of the four takers.
  ok   #72 L5.flashcard_questions[8].q [LOW] F27: the author is Charlotte Brontë.
  ok   #73 L5.knowledge_checks[2].q [LOW] F21: this is Jane's private reflection in ch.34, not speech to St John.
  ok   #74 L5.practice_questions[0].marks [MEDIUM] F2: ladder rescaled to 40 marks and to the five house bands.
  ok   #75 L5.practice_questions[0].type [HIGH] F1: the 19th-century novel question is worth 40 marks, not 20.
  ok   #76 L5.practice_questions[1].marks [MEDIUM] F2: ladder rescaled to 40 marks and to the five house bands.
  ok   #77 L5.practice_questions[1].type [HIGH] F1: the 19th-century novel question is worth 40 marks, not 20.
  ok   #78 L5.practice_questions[2].marks [MEDIUM] F2: ladder rescaled to 40 marks and to the five house bands.
  ok   #79 L5.practice_questions[2].type [HIGH] F1: the 19th-century novel question is worth 40 marks, not 20.
  ok   #80 L5.practice_questions[3].marks [MEDIUM] F2: ladder rescaled to 40 marks and to the five house bands.
  ok   #81 L5.practice_questions[3].type [HIGH] F1: the 19th-century novel question is worth 40 marks, not 20.
  ok   #82 L5.practice_questions[4].marks [MEDIUM] F2: ladder rescaled to 40 marks and to the five house bands.
  ok   #83 L5.practice_questions[4].type [HIGH] F1: the 19th-century novel question is worth 40 marks, not 20.
  ok   #84 L5.practice_questions[5].marks [MEDIUM] F2: ladder rescaled to 40 marks and to the five house bands.
  ok   #85 L5.practice_questions[5].type [HIGH] F1: the 19th-century novel question is worth 40 marks, not 20.
  PATCH L5: content_html, flashcard_questions, knowledge_checks, practice_questions
  ok   #86 L6.content_html [LOW] F29: ch.36 - Bertha died from the fall after jumping from the roof, as the same paragraph says.
  ok   #87 L6.content_html [HIGH] F22: fabricated quotation. Ch.38 reads 'his hope will be sure, his faith steadfast' and 'Amen; even so come, L
  ok   #88 L6.flashcard_questions[5].a [MEDIUM] F24: the inheritance comes in ch.33, before the return, and is not caused by the fire.
  ok   #89 L6.practice_questions[0].marks [MEDIUM] F2: ladder rescaled to 40 marks and to the five house bands.
  ok   #90 L6.practice_questions[0].type [HIGH] F1: the 19th-century novel question is worth 40 marks, not 20.
  ok   #91 L6.practice_questions[1].marks [MEDIUM] F2: ladder rescaled to 40 marks and to the five house bands.
  ok   #92 L6.practice_questions[1].type [HIGH] F1: the 19th-century novel question is worth 40 marks, not 20.
  ok   #93 L6.practice_questions[2].marks [MEDIUM] F2: ladder rescaled to 40 marks and to the five house bands.
  ok   #94 L6.practice_questions[2].type [HIGH] F1: the 19th-century novel question is worth 40 marks, not 20.
  ok   #95 L6.practice_questions[3].marks [MEDIUM] F2: ladder rescaled to 40 marks and to the five house bands. F23: 'Jane Rhys' corrected to 'Jean Rhys'.
  ok   #96 L6.practice_questions[3].type [HIGH] F1: the 19th-century novel question is worth 40 marks, not 20.
  ok   #97 L6.practice_questions[4].marks [MEDIUM] F2: ladder rescaled to 40 marks and to the five house bands.
  ok   #98 L6.practice_questions[4].type [HIGH] F1: the 19th-century novel question is worth 40 marks, not 20.
  ok   #99 L6.practice_questions[5].marks [MEDIUM] F2: ladder rescaled to 40 marks and to the five house bands.
  ok   #100 L6.practice_questions[5].type [HIGH] F1: the 19th-century novel question is worth 40 marks, not 20.
  PATCH L6: content_html, flashcard_questions, practice_questions
  ok   #101 L7.flashcard_questions[7].q [LOW] F27: the author is Charlotte Brontë.
  ok   #102 L7.practice_questions[0].marks [MEDIUM] F2: ladder rescaled to 40 marks and to the five house bands.
  ok   #103 L7.practice_questions[0].type [HIGH] F1: the 19th-century novel question is worth 40 marks, not 20.
  ok   #104 L7.practice_questions[1].marks [MEDIUM] F2: ladder rescaled to 40 marks and to the five house bands.
  ok   #105 L7.practice_questions[1].type [HIGH] F1: the 19th-century novel question is worth 40 marks, not 20.
  ok   #106 L7.practice_questions[2].marks [MEDIUM] F2: ladder rescaled to 40 marks and to the five house bands.
  ok   #107 L7.practice_questions[2].type [HIGH] F1: the 19th-century novel question is worth 40 marks, not 20.
  ok   #108 L7.practice_questions[3].marks [MEDIUM] F2: ladder rescaled to 40 marks and to the five house bands.
  ok   #109 L7.practice_questions[3].type [HIGH] F1: the 19th-century novel question is worth 40 marks, not 20.
  ok   #110 L7.practice_questions[4].marks [MEDIUM] F2: ladder rescaled to 40 marks and to the five house bands.
  ok   #111 L7.practice_questions[4].type [HIGH] F1: the 19th-century novel question is worth 40 marks, not 20.
  ok   #112 L7.practice_questions[5].marks [MEDIUM] F2: ladder rescaled to 40 marks and to the five house bands.
  ok   #113 L7.practice_questions[5].type [HIGH] F1: the 19th-century novel question is worth 40 marks, not 20.
  PATCH L7: flashcard_questions, practice_questions
  ok   #114 L8.conclusion_html [HIGH] F4: AO4 is not assessed here, and the board must not be named.
  ok   #115 L8.content_html [HIGH] F5: the 19th-century prose section assesses AO1, AO2 and AO3 only; AO4 is not assessed there.
  ok   #116 L8.content_html [MEDIUM] F9: empty quotation in a memorisation list. Ch.37: 'I thank my Maker, that, in the midst of judgment, he has r
  ok   #117 L8.content_html [HIGH] F6: AO4 is not assessed on this question.
  ok   #118 L8.description [HIGH] F3: names the board (house rule) and uses banned component/section codes.
  ok   #119 L8.exam_tip_html [HIGH] F8: the section is 40 marks and one third of a 2 hour 30 minute paper, so about 50 minutes.
  ok   #120 L8.flashcard_questions[5].q [LOW] F27: the author is Charlotte Brontë.
  ok   #121 L8.flashcard_questions[6].q [LOW] F27: the author is Charlotte Brontë.
  ok   #122 L8.flashcard_questions[7].q [LOW] F27: the author is Charlotte Brontë.
  ok   #123 L8.knowledge_checks[1].correct [HIGH] F7: the question assesses three objectives (AO1, AO2, AO3), not four.
  ok   #124 L8.knowledge_checks[1].q [HIGH] F7: the board must not be named.
  ok   #125 L8.practice_questions[0].marks [MEDIUM] F2: ladder rescaled to 40 marks and to the five house bands.
  ok   #126 L8.practice_questions[0].type [HIGH] F1: the 19th-century novel question is worth 40 marks, not 20.
  ok   #127 L8.practice_questions[1].marks [MEDIUM] F2: ladder rescaled to 40 marks and to the five house bands.
  ok   #128 L8.practice_questions[1].type [HIGH] F1: the 19th-century novel question is worth 40 marks, not 20.
  ok   #129 L8.practice_questions[2].marks [MEDIUM] F2: ladder rescaled to 40 marks and to the five house bands.
  ok   #130 L8.practice_questions[2].type [HIGH] F1: the 19th-century novel question is worth 40 marks, not 20.
  ok   #131 L8.practice_questions[3].marks [MEDIUM] F2: ladder rescaled to 40 marks and to the five house bands.
  ok   #132 L8.practice_questions[3].type [HIGH] F1: the 19th-century novel question is worth 40 marks, not 20.
  ok   #133 L8.practice_questions[4].marks [MEDIUM] F2: ladder rescaled to 40 marks and to the five house bands.
  ok   #134 L8.practice_questions[4].type [HIGH] F1: the 19th-century novel question is worth 40 marks, not 20.
  ok   #135 L8.practice_questions[5].marks [MEDIUM] F2: ladder rescaled to 40 marks and to the five house bands.
  ok   #136 L8.practice_questions[5].type [HIGH] F1: the 19th-century novel question is worth 40 marks, not 20.
  PATCH L8: conclusion_html, content_html, description, exam_tip_html, flashcard_questions, knowledge_checks, practice_questions
=== 137 applied, 0 skipped, 8 lessons / 27 fields changed
