
=== RE-NARRATION (changed narrated text only) ===
backup: C:\Users\tshau\Documents\Study Vault\scripts\_retrofc\units\english-literature-eduqas__jane-eyre\_backup.json
unit:   english-literature-eduqas / jane-eyre
run: 2026-09-02T23:22:55Z  mode: LIVE
  L07: no narrated field changed -> skip

7 lessons, 18 clips to regenerate

  L01 (Ollie)  Context: Victorian Women & the Gothic
      n14: When discussing Gothic elements for AO2, always connect them to character or theme. Do not simply list “Gothic
             -> 305 KB, 26.0s, uploaded
      manifest updated (18 entries)
  L02 (Ada)  Gateshead & Lowood
      n12: Helen Burns represents a philosophy that Jane admires but cannot fully adopt. Helen’s faith teaches her to end
             -> 315 KB, 26.9s, uploaded
      manifest updated (19 entries)
  L03 (Ollie)  Thornfield & Rochester
      n2: Jane arrives at Thornfield Hall as a governess to Adèle Varens, Rochester’s young ward. The house itself is a 
             -> 398 KB, 34.0s, uploaded
      n3: For Jane, Thornfield represents both freedom and confinement. She has escaped Lowood’s institutional cruelty, 
             -> 373 KB, 31.8s, uploaded
      n4: Key Fact . Jane’s rooftop declaration — “Women feel just as men feel; they need exercise for their faculties, 
             -> 292 KB, 24.9s, uploaded
      n13: Key Fact . Rochester’s relationship with Jane is built on genuine intellectual respect — he values her mind an
             -> 288 KB, 24.6s, uploaded
      manifest updated (18 entries)
  L04 (Ada)  The Proposal & the Secret
      n10: Jane’s decision to leave Rochester in Chapter 27 is the novel’s moral climax. She is torn between passion (Fee
             -> 406 KB, 34.7s, uploaded
      manifest updated (18 entries)
  L05 (Ollie)  Moor House & St John Rivers
      n3: Jane takes a position as a village schoolteacher, a role that gives her financial independence and social purp
             -> 470 KB, 40.1s, uploaded
      n4: Key Fact . Jane inherits £20,000 and shares it four ways with her three Rivers cousins, so each receives £5,00
             -> 271 KB, 23.1s, uploaded
      n8: Jane almost yields. St John’s will is powerful, and his religious conviction gives his arguments moral authori
             -> 356 KB, 30.4s, uploaded
      n12: St John’s final portrayal is complex. Brontë gives him the novel’s last lines: he is dying in India, and Jane 
             -> 291 KB, 24.9s, uploaded
      manifest updated (18 entries)
  L06 (Ada)  The Reunion & Resolution
      n2: Jane returns to Thornfield to find it a “blackened ruin.” Bertha Mason set fire to the house and died that nig
             -> 356 KB, 30.4s, uploaded
      n12: The final paragraph shifts to St John, dying as a missionary in India: “his hope will be sure, his faith stead
             -> 285 KB, 24.3s, uploaded
      manifest updated (18 entries)
  L08 (Ada)  Key Themes & Exam Technique
      n11: Most 19th-century prose questions give you a printed extract and ask you to write about the extract and the wi
             -> 649 KB, 55.4s, uploaded
      n12: Quotation bank for Jane Eyre: “Unjust! — unjust!” (defiance), “I am no bird” (freedom), “Women feel just as me
             -> 281 KB, 24.0s, uploaded
      n13: Key Fact . GCSE English Literature uses four assessment objectives: AO1 (response with quotations), AO2 (langu
             -> 343 KB, 29.2s, uploaded
      n16: Use the PEEA structure for each paragraph: Point (state your argument), Evidence (quotation), Explanation (ana
             -> 276 KB, 23.6s, uploaded
      n20: For the 40-mark 19th-century novel question, embed AO1, AO2 and AO3 (context) in every paragraph, start with c
             -> 147 KB, 12.6s, uploaded
      manifest updated (20 entries)

Regenerated 18 clips.

=== VERIFY (ranged GET + freshness) ===
  206  L01 n14  bytes 0-3/312480  Last-Modified: Wed, 02 Sep 2026 23:23:04 GMT  mp3-sync=OK
  206  L02 n12  bytes 0-3/322848  Last-Modified: Wed, 02 Sep 2026 23:23:09 GMT  mp3-sync=OK
  206  L03 n2  bytes 0-3/407808  Last-Modified: Wed, 02 Sep 2026 23:23:15 GMT  mp3-sync=OK
  206  L03 n3  bytes 0-3/381600  Last-Modified: Wed, 02 Sep 2026 23:23:20 GMT  mp3-sync=OK
  206  L03 n4  bytes 0-3/298656  Last-Modified: Wed, 02 Sep 2026 23:23:25 GMT  mp3-sync=OK
  206  L03 n13  bytes 0-3/294624  Last-Modified: Wed, 02 Sep 2026 23:23:29 GMT  mp3-sync=OK
  206  L04 n10  bytes 0-3/416160  Last-Modified: Wed, 02 Sep 2026 23:23:36 GMT  mp3-sync=OK
  206  L05 n3  bytes 0-3/481536  Last-Modified: Wed, 02 Sep 2026 23:23:43 GMT  mp3-sync=OK
  206  L05 n4  bytes 0-3/277056  Last-Modified: Wed, 02 Sep 2026 23:23:48 GMT  mp3-sync=OK
  206  L05 n8  bytes 0-3/364896  Last-Modified: Wed, 02 Sep 2026 23:23:53 GMT  mp3-sync=OK
  206  L05 n12  bytes 0-3/298368  Last-Modified: Wed, 02 Sep 2026 23:23:58 GMT  mp3-sync=OK
  206  L06 n2  bytes 0-3/364608  Last-Modified: Wed, 02 Sep 2026 23:24:04 GMT  mp3-sync=OK
  206  L06 n12  bytes 0-3/291456  Last-Modified: Wed, 02 Sep 2026 23:24:08 GMT  mp3-sync=OK
  206  L08 n11  bytes 0-3/664704  Last-Modified: Wed, 02 Sep 2026 23:24:18 GMT  mp3-sync=OK
  206  L08 n12  bytes 0-3/287712  Last-Modified: Wed, 02 Sep 2026 23:24:22 GMT  mp3-sync=OK
  206  L08 n13  bytes 0-3/350784  Last-Modified: Wed, 02 Sep 2026 23:24:28 GMT  mp3-sync=OK
  206  L08 n16  bytes 0-3/282816  Last-Modified: Wed, 02 Sep 2026 23:24:32 GMT  mp3-sync=OK
  206  L08 n20  bytes 0-3/150912  Last-Modified: Wed, 02 Sep 2026 23:24:34 GMT  mp3-sync=OK

18/18 clips verified HTTP 200/206 with fresh audio.
