==============================================================================
Re-narration run 2026-08-30T01:23:30.852196+00:00  dry_run=True

── boys-dont-cry L2  [4aeca805-a1ef-4d1f-993e-efd8ee8d2804]  L2  voice=Ada  14/28 clips
       n4  [text            ]   15 chars  'Melanie Arrives'
       n5  [text            ]  356 chars  "At the door is Melanie, known as Mel — Dante's ex-girlfriend, with whom "
       n6  [text            ]  306 chars  'Melanie tells Dante that Emma is his daughter. The timeline adds up: the'
       n7  [text            ]  281 chars  'Key Fact . Emma arrives in a pushchair and is approximately ten months o'
       n9  [text            ]  343 chars  'Melanie does not announce that she is leaving for good. Her method of ab'
      n10  [text            ]  370 chars  'There is no dramatic confrontation at the door, no tearful goodbye, no c'
      n11  [text            ]  499 chars  'Had Melanie been honest about not wanting to return, Dante could have ch'
      n13  [text            ]  398 chars  "Dante's initial reaction is shock . He does not immediately bond with Em"
      n14  [text            ]  459 chars  'His father, Tyler — a widower who raised Dante and Adam alone after losi'
      n17  [text            ]  390 chars  'Dante had planned to study journalism at university. This ambition is no'
      n19  [text            ]  472 chars  "Critics have noted that Dante's career aspiration is meaningful within t"
      n21  [text            ]  416 chars  'Lesson 2 is also the right moment to consolidate understanding of Blackm'
      n23  [text            ]  423 chars  'For Edexcel, practise linking plot details to themes. When writing about'
      n26  [text            ]  184 chars  "Emma arrives in a pushchair at approximately ten months old; Melanie's a"

── boys-dont-cry L4  [6a571627-5f2e-482f-a8bf-a6b9f1eabcbc]  L4  voice=Ada  11/26 clips
       n2  [text            ]  444 chars  'Once Melanie has gone and the reality of the situation becomes clear, Da'
       n3  [text            ]  501 chars  "Blackman presents the early stages of Dante's fatherhood without romanti"
       n4  [text            ]  259 chars  'Key Fact . Emma is approximately ten months old. She arrived in a pushch'
       n7  [text            ]  403 chars  'Blackman takes care to show that Dante does not make this sacrifice quic'
       n9  [text            ]  494 chars  "Part of what makes the novel's resolution satisfying is that Dante's sac"
      n12  [text            ]  512 chars  "When Emma arrives, Tyler's response is instructive. He does not condemn "
      n16  [text            ]  458 chars  "Dante's journey into fatherhood is partly a journey into the emotional l"
      n19  [text            ]  303 chars  "Over the course of the novel, Dante's relationship with Emma changes. Th"
      n20  [text            ]  403 chars  "Emma is not an obstacle in Dante's story. She is not something he merely"
      n21  [text            ]  416 chars  'When writing about the theme of fatherhood, make sure you demonstrate aw'
      n23  [text            ]  152 chars  "Dante's sacrifice is specific: he gives up a planned journalism degree t"

── boys-dont-cry L5  [5e1f7a3d-faf5-456c-b400-275a930bc87e]  L5  voice=Ollie  1/32 clips
      n24  [text            ]  359 chars  "The novel's resolution refuses simple happiness. Adam recovers — physica"

── boys-dont-cry L6  [c81cefe5-ecc1-4cc0-a8c6-1e30dbb7aee5]  L6  voice=Ada  7/34 clips
       n5  [text            ]  218 chars  'Key Fact . Dante plans to study journalism. He loses this plan when Emma'
      n14  [text            ]  330 chars  "Tyler's response to the two crises — Emma's arrival and the attack on Ad"
      n26  [text            ]    7 chars  'Melanie'
      n27  [text            ]  533 chars  "Melanie, known as Mel, is Dante's ex-girlfriend and Emma's mother. She a"
      n28  [collision-repair]  386 chars  'In your exam response, always move from identifying a technique to expla'
      n34  [renumbered      ]  480 chars  'Character analysis questions in Edexcel often ask about a single charact'
      n30  [text            ]  176 chars  'Dante: aspired to study journalism; loses his university plans to care f'

── boys-dont-cry L7  [ba212d9d-8577-4458-93c5-5815ae1d61c4]  L7  voice=Ollie  6/36 clips
       n6  [text            ]  300 chars  'Dante begins the novel in the grip of this script and ends by breaking i'
      n15  [text            ]  292 chars  'Fatherhood is presented as a choice — not a biological given. Tyler chos'
      n16  [text            ]  501 chars  'Blackman challenges the assumption that fatherhood is a secondary or opt'
      n17  [text            ]  294 chars  'Melanie is used as a structural counterpoint. Her choice to leave — comm'
      n20  [text            ]  287 chars  'The Bridgeman family is a family shaped by loss — the death of a mother,'
      n29  [text            ]  449 chars  'Examiners are alert to basic factual errors. Key facts to have correct: '

── english-literature-eduqas/the-curious-incident L8  [a99b8f7e-a44a-4a17-a6e2-b9da16bb5336]  L8  voice=Ada  11/40 clips
      n15  [text            ]  677 chars  'Context is AO3 in the assessment objectives. Note that Component 2 Secti'
      n27  [text            ]  527 chars  "A strong response will: attribute craft choices to 'Stephens' not 'Haddo"
      n28  [text            ]  617 chars  'When you draw on context, focus on the play , not just the novel. Useful'
      n29  [text            ]  373 chars  "Example context sentence: 'Adapting Haddon's 2003 novel for the National"
      n33  [collision-repair]  282 chars  'Effective drama analysis requires attention to stagecraft — considering '
      n34  [collision-repair]  288 chars  'Effective drama analysis requires attention to dramatic tension — consid'
      n35  [collision-repair]  277 chars  'Effective drama analysis requires attention to motif — considering not j'
      n38  [text            ]  627 chars  "In the Eduqas exam, always write 'Stephens presents' not 'Haddon present"
      n39  [renumbered      ]   13 chars  'Key Takeaways'
      n40  [renumbered      ]  207 chars  "The central irony of the truth/deception theme: Ed's protective lies are"
      n37  [text            ]  153 chars  'Context must reference the play: 2012 National Theatre premiere, Mariann'

── english-literature-ocr/a-christmas-carol L7  [250fe131-287a-4fbc-9668-cbc3015d72b0]  L7  voice=Ollie  1/25 clips
      n18  [text            ]  502 chars  'OCR examiners repeatedly comment that the strongest candidates embed sho'

TOTAL: 51 clips, 18412 chars, est $0.295
  boys-dont-cry L2: 14 clips re-narrated, 0 verified HTTP 200
  boys-dont-cry L4: 11 clips re-narrated, 0 verified HTTP 200
  boys-dont-cry L5: 1 clips re-narrated, 0 verified HTTP 200
  boys-dont-cry L6: 7 clips re-narrated, 0 verified HTTP 200
  boys-dont-cry L7: 6 clips re-narrated, 0 verified HTTP 200
  english-literature-eduqas/the-curious-incident L8: 11 clips re-narrated, 0 verified HTTP 200
  english-literature-ocr/a-christmas-carol L7: 1 clips re-narrated, 0 verified HTTP 200
[DRY RUN] no audio generated, no writes.
==============================================================================
Re-narration run 2026-08-30T01:23:52.064598+00:00  dry_run=False

── boys-dont-cry L2  [4aeca805-a1ef-4d1f-993e-efd8ee8d2804]  L2  voice=Ada  14/28 clips
       n4  [text            ]   15 chars  'Melanie Arrives'
       n5  [text            ]  356 chars  "At the door is Melanie, known as Mel — Dante's ex-girlfriend, with whom "
       n6  [text            ]  306 chars  'Melanie tells Dante that Emma is his daughter. The timeline adds up: the'
       n7  [text            ]  281 chars  'Key Fact . Emma arrives in a pushchair and is approximately ten months o'
       n9  [text            ]  343 chars  'Melanie does not announce that she is leaving for good. Her method of ab'
      n10  [text            ]  370 chars  'There is no dramatic confrontation at the door, no tearful goodbye, no c'
      n11  [text            ]  499 chars  'Had Melanie been honest about not wanting to return, Dante could have ch'
      n13  [text            ]  398 chars  "Dante's initial reaction is shock . He does not immediately bond with Em"
      n14  [text            ]  459 chars  'His father, Tyler — a widower who raised Dante and Adam alone after losi'
      n17  [text            ]  390 chars  'Dante had planned to study journalism at university. This ambition is no'
      n19  [text            ]  472 chars  "Critics have noted that Dante's career aspiration is meaningful within t"
      n21  [text            ]  416 chars  'Lesson 2 is also the right moment to consolidate understanding of Blackm'
      n23  [text            ]  423 chars  'For Edexcel, practise linking plot details to themes. When writing about'
      n26  [text            ]  184 chars  "Emma arrives in a pushchair at approximately ten months old; Melanie's a"
       n4  uploaded  17KB -> 20KB  0.8s  english-literature-edexcel/boys-dont-cry/narration_lesson-02_n4.mp3
       n5  uploaded  270KB -> 278KB  8.8s  english-literature-edexcel/boys-dont-cry/narration_lesson-02_n5.mp3
       n6  uploaded  214KB -> 219KB  43.1s  english-literature-edexcel/boys-dont-cry/narration_lesson-02_n6.mp3
       n7  uploaded  204KB -> 204KB  14.7s  english-literature-edexcel/boys-dont-cry/narration_lesson-02_n7.mp3
       n9  uploaded  248KB -> 251KB  10.6s  english-literature-edexcel/boys-dont-cry/narration_lesson-02_n9.mp3
      n10  uploaded  273KB -> 277KB  7.0s  english-literature-edexcel/boys-dont-cry/narration_lesson-02_n10.mp3
      n11  uploaded  357KB -> 360KB  18.2s  english-literature-edexcel/boys-dont-cry/narration_lesson-02_n11.mp3
      n13  uploaded  293KB -> 293KB  7.4s  english-literature-edexcel/boys-dont-cry/narration_lesson-02_n13.mp3
      n14  uploaded  339KB -> 340KB  85.6s  english-literature-edexcel/boys-dont-cry/narration_lesson-02_n14.mp3
      n17  uploaded  296KB -> 296KB  29.9s  english-literature-edexcel/boys-dont-cry/narration_lesson-02_n17.mp3
      n19  uploaded  335KB -> 334KB  14.1s  english-literature-edexcel/boys-dont-cry/narration_lesson-02_n19.mp3
      n21  uploaded  315KB -> 315KB  80.0s  english-literature-edexcel/boys-dont-cry/narration_lesson-02_n21.mp3
      n23  uploaded  301KB -> 302KB  7.7s  english-literature-edexcel/boys-dont-cry/narration_lesson-02_n23.mp3
      n26  uploaded  122KB -> 125KB  4.5s  english-literature-edexcel/boys-dont-cry/narration_lesson-02_n26.mp3
    manifest updated: 28 entries
    verify    n4 OK 200  r2=21312B live=21312B  size-changed
    verify    n5 OK 200  r2=285120B live=285120B  size-changed
    verify    n6 OK 200  r2=224640B live=224640B  size-changed
    verify    n7 OK 200  r2=209664B live=209664B  size-unchanged
    verify    n9 OK 200  r2=257184B live=257184B  size-changed
    verify   n10 OK 200  r2=283680B live=283680B  size-changed
    verify   n11 OK 200  r2=368640B live=368640B  size-changed
    verify   n13 OK 200  r2=300672B live=300672B  size-changed
    verify   n14 OK 200  r2=348192B live=348192B  size-changed
    verify   n17 OK 200  r2=303264B live=303264B  size-changed
    verify   n19 OK 200  r2=342432B live=342432B  size-changed
    verify   n21 OK 200  r2=323424B live=323424B  size-changed
    verify   n23 OK 200  r2=309888B live=309888B  size-changed
    verify   n26 OK 200  r2=128160B live=128160B  size-changed

── boys-dont-cry L4  [6a571627-5f2e-482f-a8bf-a6b9f1eabcbc]  L4  voice=Ada  11/26 clips
       n2  [text            ]  444 chars  'Once Melanie has gone and the reality of the situation becomes clear, Da'
       n3  [text            ]  501 chars  "Blackman presents the early stages of Dante's fatherhood without romanti"
       n4  [text            ]  259 chars  'Key Fact . Emma is approximately ten months old. She arrived in a pushch'
       n7  [text            ]  403 chars  'Blackman takes care to show that Dante does not make this sacrifice quic'
       n9  [text            ]  494 chars  "Part of what makes the novel's resolution satisfying is that Dante's sac"
      n12  [text            ]  512 chars  "When Emma arrives, Tyler's response is instructive. He does not condemn "
      n16  [text            ]  458 chars  "Dante's journey into fatherhood is partly a journey into the emotional l"
      n19  [text            ]  303 chars  "Over the course of the novel, Dante's relationship with Emma changes. Th"
      n20  [text            ]  403 chars  "Emma is not an obstacle in Dante's story. She is not something he merely"
      n21  [text            ]  416 chars  'When writing about the theme of fatherhood, make sure you demonstrate aw'
      n23  [text            ]  152 chars  "Dante's sacrifice is specific: he gives up a planned journalism degree t"
       n2  uploaded  323KB -> 325KB  10.3s  english-literature-edexcel/boys-dont-cry/narration_lesson-04_n2.mp3
       n3  uploaded  353KB -> 353KB  89.8s  english-literature-edexcel/boys-dont-cry/narration_lesson-04_n3.mp3
       n4  uploaded  200KB -> 202KB  14.5s  english-literature-edexcel/boys-dont-cry/narration_lesson-04_n4.mp3
       n7  uploaded  300KB -> 300KB  10.9s  english-literature-edexcel/boys-dont-cry/narration_lesson-04_n7.mp3
       n9  uploaded  333KB -> 334KB  24.2s  english-literature-edexcel/boys-dont-cry/narration_lesson-04_n9.mp3
      n12  uploaded  390KB -> 391KB  33.2s  english-literature-edexcel/boys-dont-cry/narration_lesson-04_n12.mp3
      n16  uploaded  335KB -> 336KB  10.6s  english-literature-edexcel/boys-dont-cry/narration_lesson-04_n16.mp3
      n19  uploaded  235KB -> 235KB  8.5s  english-literature-edexcel/boys-dont-cry/narration_lesson-04_n19.mp3
      n20  uploaded  279KB -> 280KB  7.1s  english-literature-edexcel/boys-dont-cry/narration_lesson-04_n20.mp3
      n21  uploaded  302KB -> 304KB  25.8s  english-literature-edexcel/boys-dont-cry/narration_lesson-04_n21.mp3
      n23  uploaded  105KB -> 106KB  8.8s  english-literature-edexcel/boys-dont-cry/narration_lesson-04_n23.mp3
    manifest updated: 26 entries
    verify    n2 OK 200  r2=333504B live=333504B  size-changed
    verify    n3 OK 200  r2=362016B live=362016B  size-unchanged
    verify    n4 OK 200  r2=207072B live=207072B  size-changed
    verify    n7 OK 200  r2=308160B live=308160B  size-changed
    verify    n9 OK 200  r2=342144B live=342144B  size-changed
    verify   n12 OK 200  r2=400896B live=400896B  size-changed
    verify   n16 OK 200  r2=344448B live=344448B  size-changed
    verify   n19 OK 200  r2=240768B live=240768B  size-changed
    verify   n20 OK 200  r2=286848B live=286848B  size-changed
    verify   n21 OK 200  r2=311616B live=311616B  size-changed
    verify   n23 OK 200  r2=108576B live=108576B  size-changed

── boys-dont-cry L5  [5e1f7a3d-faf5-456c-b400-275a930bc87e]  L5  voice=Ollie  1/32 clips
      n24  [text            ]  359 chars  "The novel's resolution refuses simple happiness. Adam recovers — physica"
      n24  uploaded  299KB -> 299KB  12.7s  english-literature-edexcel/boys-dont-cry/narration_lesson-05_n24.mp3
    manifest updated: 32 entries
    verify   n24 OK 200  r2=307008B live=307008B  size-unchanged

── boys-dont-cry L6  [c81cefe5-ecc1-4cc0-a8c6-1e30dbb7aee5]  L6  voice=Ada  7/34 clips
       n5  [text            ]  218 chars  'Key Fact . Dante plans to study journalism. He loses this plan when Emma'
      n14  [text            ]  330 chars  "Tyler's response to the two crises — Emma's arrival and the attack on Ad"
      n26  [text            ]    7 chars  'Melanie'
      n27  [text            ]  533 chars  "Melanie, known as Mel, is Dante's ex-girlfriend and Emma's mother. She a"
      n28  [collision-repair]  386 chars  'In your exam response, always move from identifying a technique to expla'
      n34  [renumbered      ]  480 chars  'Character analysis questions in Edexcel often ask about a single charact'
      n30  [text            ]  176 chars  'Dante: aspired to study journalism; loses his university plans to care f'
       n5  uploaded  164KB -> 166KB  11.9s  english-literature-edexcel/boys-dont-cry/narration_lesson-06_n5.mp3
      n14  uploaded  266KB -> 265KB  33.7s  english-literature-edexcel/boys-dont-cry/narration_lesson-06_n14.mp3
      n26  uploaded  16KB -> 20KB  0.6s  english-literature-edexcel/boys-dont-cry/narration_lesson-06_n26.mp3
      n27  uploaded  383KB -> 402KB  40.8s  english-literature-edexcel/boys-dont-cry/narration_lesson-06_n27.mp3
      n28  uploaded  357KB -> 280KB  47.3s  english-literature-edexcel/boys-dont-cry/narration_lesson-06_n28.mp3
      n34  uploaded  0KB -> 357KB  22.7s  english-literature-edexcel/boys-dont-cry/narration_lesson-06_n34.mp3
      n30  uploaded  134KB -> 135KB  13.6s  english-literature-edexcel/boys-dont-cry/narration_lesson-06_n30.mp3
    manifest updated: 34 entries
    verify    n5 OK 200  r2=170496B live=170496B  size-changed
    verify   n14 OK 200  r2=271872B live=271872B  size-changed
    verify   n26 OK 200  r2=21312B live=21312B  size-changed
    verify   n27 OK 200  r2=411840B live=411840B  size-changed
    verify   n28 OK 200  r2=287136B live=287136B  size-changed
    verify   n34 OK 200  r2=366048B live=366048B  size-changed
    verify   n30 OK 200  r2=138528B live=138528B  size-changed

── boys-dont-cry L7  [ba212d9d-8577-4458-93c5-5815ae1d61c4]  L7  voice=Ollie  6/36 clips
       n6  [text            ]  300 chars  'Dante begins the novel in the grip of this script and ends by breaking i'
      n15  [text            ]  292 chars  'Fatherhood is presented as a choice — not a biological given. Tyler chos'
      n16  [text            ]  501 chars  'Blackman challenges the assumption that fatherhood is a secondary or opt'
      n17  [text            ]  294 chars  'Melanie is used as a structural counterpoint. Her choice to leave — comm'
      n20  [text            ]  287 chars  'The Bridgeman family is a family shaped by loss — the death of a mother,'
      n29  [text            ]  449 chars  'Examiners are alert to basic factual errors. Key facts to have correct: '
       n6  uploaded  205KB -> 205KB  5.2s  english-literature-edexcel/boys-dont-cry/narration_lesson-07_n6.mp3
      n15  uploaded  225KB -> 226KB  38.4s  english-literature-edexcel/boys-dont-cry/narration_lesson-07_n15.mp3
      n16  uploaded  351KB -> 351KB  12.8s  english-literature-edexcel/boys-dont-cry/narration_lesson-07_n16.mp3
      n17  uploaded  217KB -> 217KB  6.9s  english-literature-edexcel/boys-dont-cry/narration_lesson-07_n17.mp3
      n20  uploaded  204KB -> 205KB  17.3s  english-literature-edexcel/boys-dont-cry/narration_lesson-07_n20.mp3
      n29  uploaded  323KB -> 322KB  41.0s  english-literature-edexcel/boys-dont-cry/narration_lesson-07_n29.mp3
    manifest updated: 36 entries
    verify    n6 OK 200  r2=210240B live=210240B  size-changed
    verify   n15 OK 200  r2=232416B live=232416B  size-changed
    verify   n16 OK 200  r2=360288B live=360288B  size-changed
    verify   n17 OK 200  r2=222624B live=222624B  size-changed
    verify   n20 OK 200  r2=210528B live=210528B  size-changed
    verify   n29 OK 200  r2=330336B live=330336B  size-changed

── english-literature-eduqas/the-curious-incident L8  [a99b8f7e-a44a-4a17-a6e2-b9da16bb5336]  L8  voice=Ada  11/40 clips
      n15  [text            ]  677 chars  'Context is AO3 in the assessment objectives. Note that Component 2 Secti'
      n27  [text            ]  527 chars  "A strong response will: attribute craft choices to 'Stephens' not 'Haddo"
      n28  [text            ]  617 chars  'When you draw on context, focus on the play , not just the novel. Useful'
      n29  [text            ]  373 chars  "Example context sentence: 'Adapting Haddon's 2003 novel for the National"
      n33  [collision-repair]  282 chars  'Effective drama analysis requires attention to stagecraft — considering '
      n34  [collision-repair]  288 chars  'Effective drama analysis requires attention to dramatic tension — consid'
      n35  [collision-repair]  277 chars  'Effective drama analysis requires attention to motif — considering not j'
      n38  [text            ]  627 chars  "In the Eduqas exam, always write 'Stephens presents' not 'Haddon present"
      n39  [renumbered      ]   13 chars  'Key Takeaways'
      n40  [renumbered      ]  207 chars  "The central irony of the truth/deception theme: Ed's protective lies are"
      n37  [text            ]  153 chars  'Context must reference the play: 2012 National Theatre premiere, Mariann'
      n15  uploaded  348KB -> 524KB  33.4s  english-literature-eduqas/the-curious-incident/narration_lesson-08_n15.mp3
      n27  uploaded  252KB -> 385KB  12.3s  english-literature-eduqas/the-curious-incident/narration_lesson-08_n27.mp3
      n28  uploaded  492KB -> 461KB  11.7s  english-literature-eduqas/the-curious-incident/narration_lesson-08_n28.mp3
      n29  uploaded  260KB -> 259KB  6.6s  english-literature-eduqas/the-curious-incident/narration_lesson-08_n29.mp3
      n33  uploaded  408KB -> 196KB  19.9s  english-literature-eduqas/the-curious-incident/narration_lesson-08_n33.mp3
      n34  uploaded  18KB -> 199KB  39.5s  english-literature-eduqas/the-curious-incident/narration_lesson-08_n34.mp3
      n35  uploaded  135KB -> 193KB  8.1s  english-literature-eduqas/the-curious-incident/narration_lesson-08_n35.mp3
      n38  uploaded  0KB -> 504KB  64.3s  english-literature-eduqas/the-curious-incident/narration_lesson-08_n38.mp3
      n39  uploaded  0KB -> 18KB  0.5s  english-literature-eduqas/the-curious-incident/narration_lesson-08_n39.mp3
      n40  uploaded  0KB -> 135KB  13.8s  english-literature-eduqas/the-curious-incident/narration_lesson-08_n40.mp3
      n37  uploaded  135KB -> 128KB  6.5s  english-literature-eduqas/the-curious-incident/narration_lesson-08_n37.mp3
    manifest updated: 40 entries
    verify   n15 OK 200  r2=537408B live=537408B  size-changed
    verify   n27 OK 200  r2=394848B live=394848B  size-changed
    verify   n28 OK 200  r2=472320B live=472320B  size-changed
    verify   n29 OK 200  r2=265248B live=265248B  size-changed
    verify   n33 OK 200  r2=201312B live=201312B  size-changed
    verify   n34 OK 200  r2=203904B live=203904B  size-changed
    verify   n35 OK 200  r2=198432B live=198432B  size-changed
    verify   n38 OK 200  r2=516384B live=516384B  size-changed
    verify   n39 OK 200  r2=19296B live=19296B  size-changed
    verify   n40 OK 200  r2=138816B live=138816B  size-changed
    verify   n37 OK 200  r2=131904B live=131904B  size-changed

── english-literature-ocr/a-christmas-carol L7  [250fe131-287a-4fbc-9668-cbc3015d72b0]  L7  voice=Ollie  1/25 clips
      n18  [text            ]  502 chars  'OCR examiners repeatedly comment that the strongest candidates embed sho'
      n18  uploaded  342KB -> 343KB  21.6s  english-literature-ocr/a-christmas-carol/narration_lesson-07_n18.mp3
    manifest updated: 25 entries
    verify   n18 OK 200  r2=351360B live=351360B  size-changed

TOTAL: 51 clips, 18412 chars, est $0.295
  boys-dont-cry L2: 14 clips re-narrated, 14 verified HTTP 200
  boys-dont-cry L4: 11 clips re-narrated, 11 verified HTTP 200
  boys-dont-cry L5: 1 clips re-narrated, 1 verified HTTP 200
  boys-dont-cry L6: 7 clips re-narrated, 7 verified HTTP 200
  boys-dont-cry L7: 6 clips re-narrated, 6 verified HTTP 200
  english-literature-eduqas/the-curious-incident L8: 11 clips re-narrated, 11 verified HTTP 200
  english-literature-ocr/a-christmas-carol L7: 1 clips re-narrated, 1 verified HTTP 200
