=== APPLY EDITS religious-studies-eduqas/catholic-foundational-good-and-evil  15 edits  LIVE  2026-09-06T11:22:21.091Z
  ok   #0 L1.content_html [MEDIUM] F1: Salvifici Doloris 13 says the answer to the 'why' of suffering is found in the revelation of divine love. 
  ok   #1 L1.flashcard_questions[9].a [MEDIUM] F1: flashcard restated to match what Salvifici Doloris 13 actually teaches.
  ok   #2 L1.knowledge_checks[3].correct [HIGH] F2: the lesson says a world without free choice 'would not be a world of love, because love requires free choi
  ok   #3 L1.description [LOW] F3: description was 101 characters, over the 100-character limit.
  ok   #4 L1.practice_questions[4].text [MEDIUM] F4: the instruction line copied another board's question rubric. Reworded to the house wording already used in
  PATCH L1: content_html, flashcard_questions, knowledge_checks, description, practice_questions
  ok   #5 L2.content_html [HIGH] F5: the Nicene Creed does not contain the phrase 'fully God and fully human'. That formula comes from the Coun
  ok   #6 L2.content_html [MEDIUM] F6: the paragraph says Catholics recite this Creed at Mass. The Mass text since 2011 reads 'consubstantial wit
  ok   #7 L2.content_html [MEDIUM] F7: the quotation mixed two translations and matched none. Replaced with the RSV Catholic Edition wording of P
  ok   #8 L2.flashcard_questions[0].a [MEDIUM] F6: Creed wording aligned with the current Mass text.
  ok   #9 L2.practice_questions[0].marks [MEDIUM] F6: acceptable answers aligned with the current Mass text of the Creed.
  ok   #10 L2.practice_questions[4].marks [MEDIUM] F6: Creed wording aligned with the current Mass text.
  ok   #11 L2.practice_questions[4].text [MEDIUM] F4: instruction line reworded to the house wording used in lesson 3.
  PATCH L2: content_html, flashcard_questions, practice_questions
  ok   #12 L3.content_html [MEDIUM] F8: the Bishops' Conference of England and Wales does not organise a national Lourdes pilgrimage. Dioceses and
  ok   #13 L3.content_html [LOW] F9: 'mediates on' is a word error for 'meditates on'. Reworded so the sentence reads correctly.
  ok   #14 L3.description [LOW] F10: description was 105 characters, over the 100-character limit, and 'Pieta' lacked its accent.
  PATCH L3: content_html, description
=== 15 applied, 0 skipped, 3 lessons / 10 fields changed
