
=== RE-NARRATION (changed narrated text only) ===
backup: C:\Users\tshau\Documents\Study Vault\scripts\_retrofc\units\religious-studies-eduqas__catholic-foundational-good-and-evil\_backup.json
unit:   religious-studies-eduqas / catholic-foundational-good-and-evil
run: 2026-09-06T11:22:24Z  mode: LIVE

3 lessons, 6 clips to regenerate

  L01 (Ollie)  The Origin of Evil and the Problem of Suffering
      n17: Pope John Paul II’s apostolic letter Salvifici Doloris (“On the Christian Meaning of Human Suffering”, 1984) a
             -> 514 KB, 43.8s, uploaded
      manifest updated (23 entries)
  L02 (Ada)  The Trinity, the Incarnation and Jesus as Moral Authority
      n3: The Nicene Creed is the formal statement of Trinitarian belief, formulated at the Council of Nicaea (325) and 
             -> 352 KB, 30.0s, uploaded
      n11: The Incarnation is the doctrine that the second person of the Trinity — the divine Word — became human. John 1
             -> 341 KB, 29.1s, uploaded
      n13: Key Fact . The kenosis hymn in Philippians 2:5–11 teaches that Christ, though equal with God, “did not count e
             -> 294 KB, 25.1s, uploaded
      manifest updated (23 entries)
  L03 (Ollie)  Sculpture, Statuary and Popular Catholic Devotion
      n6: For Catholics, the Pietà carries profound theological meaning. It makes visible the central mystery of the fai
             -> 392 KB, 33.4s, uploaded
      n11: For Catholics, Lourdes represents a meeting-point between the physical and the spiritual. Pilgrims bathe in or
             -> 389 KB, 33.2s, uploaded
      manifest updated (26 entries)

Regenerated 6 clips.

=== VERIFY (ranged GET + freshness) ===
  206  L01 n17  bytes 0-3/525888  Last-Modified: Sun, 06 Sep 2026 11:22:36 GMT  mp3-sync=OK
  206  L02 n3  bytes 0-3/360288  Last-Modified: Sun, 06 Sep 2026 11:22:42 GMT  mp3-sync=OK
  206  L02 n11  bytes 0-3/349632  Last-Modified: Sun, 06 Sep 2026 11:22:48 GMT  mp3-sync=OK
  206  L02 n13  bytes 0-3/300672  Last-Modified: Sun, 06 Sep 2026 11:22:58 GMT  mp3-sync=OK
  206  L03 n6  bytes 0-3/401184  Last-Modified: Sun, 06 Sep 2026 11:23:04 GMT  mp3-sync=OK
  206  L03 n11  bytes 0-3/398592  Last-Modified: Sun, 06 Sep 2026 11:23:11 GMT  mp3-sync=OK

6/6 clips verified HTTP 200/206 with fresh audio.
