
=== RE-NARRATION (changed narrated text only) ===
backup: C:\Users\tshau\Documents\Study Vault\scripts\_retrofc\units\english-literature-edexcel__the-merchant-of-venice\_backup.json
unit:   english-literature-edexcel / the-merchant-of-venice
run: 2026-09-02T10:14:24Z  mode: LIVE
  L01: no narrated field changed -> skip

6 lessons, 18 clips to regenerate

  L02 (Ada)  The Bond & the Bargain
      n11: Shylock presents this bond as a “merry sport” — a joke between friends. But the audience knows better. Shakesp
             -> 462 KB, 39.4s, uploaded
      n12: Key Fact . The pound-of-flesh bond transforms a financial transaction into a matter of life and death. Shylock
             -> 173 KB, 14.8s, uploaded
      n15: Shakespeare complicates the audience’s response by showing Shylock’s reasoning. Before proposing the bond, Shy
             -> 457 KB, 39.0s, uploaded
      n20: For the part (a) extract question (20 marks, AO2), focus entirely on language and structure. Pick three or fou
             -> 368 KB, 31.4s, uploaded
      n25: Shylock’s “merry sport” creates dramatic irony, and Antonio’s casual acceptance reveals either arrogance or in
             -> 100 KB, 8.5s, uploaded
      manifest updated (25 entries)
  L03 (Ollie)  Shylock: Villain or Victim?
      n10: Shylock’s suffering is compounded by the betrayal of his own daughter. Jessica elopes with Lorenzo, a Christia
             -> 470 KB, 40.1s, uploaded
      n12: Key Fact . Jessica trades away the turquoise ring Leah gave Shylock before they married. This detail humanises
             -> 203 KB, 17.3s, uploaded
      n19: In your exam response, avoid stating that Shylock “is” a villain or “is” a victim. Instead, argue that Shakesp
             -> 225 KB, 19.2s, uploaded
      n20: The Edexcel mark scheme rewards “perceptive” responses in the top band. For Shylock, this means avoiding a one
             -> 321 KB, 27.4s, uploaded
      manifest updated (25 entries)
  L04 (Ada)  The Casket Test & Portia
      n17: When writing about the casket test for part (a), focus on the inscriptions as language analysis (AO2). Each in
             -> 327 KB, 27.9s, uploaded
      manifest updated (22 entries)
  L05 (Ollie)  The Trial Scene
      n2: The trial scene is the dramatic heart of The Merchant of Venice . Antonio’s ships have been lost, the bond has
             -> 437 KB, 37.3s, uploaded
      n15: Antonio frames the forced conversion as mercy: he is saving Shylock’s soul. The Duke agrees that this is lenie
             -> 399 KB, 34.0s, uploaded
      n19: The trial scene is the most commonly examined passage. For part (a), you are likely to be given an extract fro
             -> 355 KB, 30.3s, uploaded
      manifest updated (24 entries)
  L06 (Ada)  Character Analysis
      n12: Jessica occupies a morally ambiguous position. She is ashamed of her father (“ashamed to be my father’s child”
             -> 534 KB, 45.6s, uploaded
      manifest updated (24 entries)
  L07 (Ollie)  Key Themes & Exam Technique
      n8: Money saturates every relationship in the play. Bassanio’s courtship of Portia is motivated partly by her weal
             -> 564 KB, 48.1s, uploaded
      n11: The casket test is the play’s most explicit statement of this theme: “All that glisters is not gold”. But appe
             -> 525 KB, 44.8s, uploaded
      n20: For the closed-book exam, memorise 10–12 short quotations that cover all major characters and themes. Each quo
             -> 334 KB, 28.5s, uploaded
      n24: Appearance vs reality connects the casket test, Portia’s disguise, Shylock’s “merry sport,” and the play’s gen
             -> 118 KB, 10.1s, uploaded
      manifest updated (26 entries)

Regenerated 18 clips.

=== VERIFY (ranged GET + freshness) ===
  206  L02 n11  bytes 0-3/472896  Last-Modified: Wed, 02 Sep 2026 10:14:31 GMT  mp3-sync=OK
  206  L02 n12  bytes 0-3/177408  Last-Modified: Wed, 02 Sep 2026 10:14:35 GMT  mp3-sync=OK
  206  L02 n15  bytes 0-3/468000  Last-Modified: Wed, 02 Sep 2026 10:14:41 GMT  mp3-sync=OK
  206  L02 n20  bytes 0-3/376416  Last-Modified: Wed, 02 Sep 2026 10:14:46 GMT  mp3-sync=OK
  206  L02 n25  bytes 0-3/102240  Last-Modified: Wed, 02 Sep 2026 10:14:48 GMT  mp3-sync=OK
  206  L03 n10  bytes 0-3/481248  Last-Modified: Wed, 02 Sep 2026 10:14:56 GMT  mp3-sync=OK
  206  L03 n12  bytes 0-3/207648  Last-Modified: Wed, 02 Sep 2026 10:15:00 GMT  mp3-sync=OK
  206  L03 n19  bytes 0-3/230112  Last-Modified: Wed, 02 Sep 2026 10:15:03 GMT  mp3-sync=OK
  206  L03 n20  bytes 0-3/328896  Last-Modified: Wed, 02 Sep 2026 10:15:09 GMT  mp3-sync=OK
  206  L04 n17  bytes 0-3/334944  Last-Modified: Wed, 02 Sep 2026 10:15:14 GMT  mp3-sync=OK
  206  L05 n2  bytes 0-3/447840  Last-Modified: Wed, 02 Sep 2026 10:15:20 GMT  mp3-sync=OK
  206  L05 n15  bytes 0-3/408384  Last-Modified: Wed, 02 Sep 2026 10:15:26 GMT  mp3-sync=OK
  206  L05 n19  bytes 0-3/363744  Last-Modified: Wed, 02 Sep 2026 10:15:31 GMT  mp3-sync=OK
  206  L06 n12  bytes 0-3/546912  Last-Modified: Wed, 02 Sep 2026 10:15:40 GMT  mp3-sync=OK
  206  L07 n8  bytes 0-3/577440  Last-Modified: Wed, 02 Sep 2026 10:15:49 GMT  mp3-sync=OK
  206  L07 n11  bytes 0-3/537984  Last-Modified: Wed, 02 Sep 2026 10:15:57 GMT  mp3-sync=OK
  206  L07 n20  bytes 0-3/341568  Last-Modified: Wed, 02 Sep 2026 10:16:02 GMT  mp3-sync=OK
  206  L07 n24  bytes 0-3/120672  Last-Modified: Wed, 02 Sep 2026 10:16:04 GMT  mp3-sync=OK

18/18 clips verified HTTP 200/206 with fresh audio.
