=== APPLY EDITS history-aqa/britain-power-people  199 edits  LIVE  2026-09-05T23:38:16.049Z
  ok   #5 L1.content_html [HIGH] F2: Paper 2 Section A sets a source-utility question, not an 'explain a development' question, and the compari
  ok   #6 L1.content_html [HIGH] F2: question types corrected to the four the paper actually sets
  ok   #7 L1.content_html [HIGH] F2: 'explain a development' is not set on this paper; the third question is the two-ways comparison
  ok   #8 L1.content_html [HIGH] F2: the comparison question is worth 8 marks
  ok   #9 L1.content_html [MEDIUM] F3: invented examiner-report claim
  ok   #10 L1.content_html [MEDIUM] F3: invented mark-scheme claim
  ok   #11 L1.conclusion_html [HIGH] F2: corrected question types and tariffs
  ok   #12 L1.exam_tip_html [HIGH] F2: comparison question is 8 marks; invented mark cap removed
  ok   #66 L1.flashcard_questions[3].q [HIGH] F2: question types corrected; list answer replaced
  ok   #67 L1.flashcard_questions[3].a [HIGH] F2: question types corrected; list answer replaced
  ok   #68 L1.flashcard_questions[10].q [LOW] F27: list answer fails the flashcard validator
  ok   #69 L1.flashcard_questions[10].a [LOW] F27: list answer fails the flashcard validator
  ok   #85 L1.practice_questions[0].type [HIGH] F2: Paper 2 Section A sets this comparison at 8 marks, not 4
  ok   #86 L1.practice_questions[0].marks [HIGH] F2: Paper 2 Section A sets this comparison at 8 marks, not 4
  ok   #87 L1.practice_questions[4].type [HIGH] F2: Paper 2 Section A sets this comparison at 8 marks, not 4; F3: invented examiner claim removed
  ok   #88 L1.practice_questions[4].marks [HIGH] F2: Paper 2 Section A sets this comparison at 8 marks, not 4; F3: invented examiner claim removed
  ok   #135 L1.practice_questions[1].marks [MEDIUM] F3: invented examiner-report claims
  ok   #136 L1.practice_questions[3].marks [MEDIUM] F3: invented examiner-report claim
  ok   #137 L1.practice_questions[5].marks [MEDIUM] F3: invented examiner-report claims
  ok   #147 L1.practice_questions[2].text [HIGH] F2: Paper 2 Section A does not set an 'explain a development' question; recast as one of the four forms the pa
  ok   #148 L1.practice_questions[2].type [HIGH] F2: Paper 2 Section A does not set an 'explain a development' question; recast as one of the four forms the pa
  ok   #149 L1.practice_questions[2].marks [HIGH] F2: Paper 2 Section A does not set an 'explain a development' question; recast as one of the four forms the pa
  ok   #196 L1.knowledge_checks[3].q [MEDIUM] F34: stated as a board rule; it is teaching advice
  PATCH L1: content_html, conclusion_html, exam_tip_html, flashcard_questions, practice_questions, knowledge_checks
  ok   #0 L2.description [MEDIUM] F1: description truncated mid-sentence
  ok   #13 L2.content_html [MEDIUM] F4: the interdict on England ran March 1208 to July 1214
  ok   #14 L2.content_html [MEDIUM] F3: invented examiner-report claim
  ok   #15 L2.content_html [MEDIUM] F5: in the 1297 statute the due process clause is numbered 29, and only three clauses survive
  ok   #16 L2.knowledge_checks[4].left[0] [MEDIUM] F4: interdict ran to 1214
  ok   #17 L2.flashcard_questions[10].a [MEDIUM] F5: clause renumbered 29 in 1297
  ok   #89 L2.practice_questions[2].type [HIGH] F2: Paper 2 Section A sets this comparison at 8 marks, not 4
  ok   #90 L2.practice_questions[2].marks [HIGH] F2: Paper 2 Section A sets this comparison at 8 marks, not 4
  ok   #91 L2.practice_questions[4].type [HIGH] F2: Paper 2 Section A sets this comparison at 8 marks, not 4
  ok   #92 L2.practice_questions[4].marks [HIGH] F2: Paper 2 Section A sets this comparison at 8 marks, not 4
  ok   #138 L2.practice_questions[0].marks [MEDIUM] F30: Magna Carta influenced the US Constitution but is not cited in it
  ok   #139 L2.practice_questions[5].marks [MEDIUM] F5: clause renumbered 29 in 1297, and it is not the only surviving medieval statute
  ok   #150 L2.practice_questions[1].text [HIGH] F2: Paper 2 Section A does not set an 'explain a development' question; recast as one of the four forms the pa
  ok   #151 L2.practice_questions[1].type [HIGH] F2: Paper 2 Section A does not set an 'explain a development' question; recast as one of the four forms the pa
  ok   #152 L2.practice_questions[1].marks [HIGH] F2: Paper 2 Section A does not set an 'explain a development' question; recast as one of the four forms the pa
  PATCH L2: description, content_html, knowledge_checks, flashcard_questions, practice_questions
  ok   #1 L3.description [MEDIUM] F1: description truncated mid-sentence
  ok   #18 L3.exam_tip_html [HIGH] F2: this paper sets no 'development' question; recast as the significance question it will actually meet
  ok   #93 L3.practice_questions[2].type [HIGH] F2: Paper 2 Section A sets this comparison at 8 marks, not 4
  ok   #94 L3.practice_questions[2].marks [HIGH] F2: Paper 2 Section A sets this comparison at 8 marks, not 4
  ok   #95 L3.practice_questions[4].type [HIGH] F2: Paper 2 Section A sets this comparison at 8 marks, not 4
  ok   #96 L3.practice_questions[4].marks [HIGH] F2: Paper 2 Section A sets this comparison at 8 marks, not 4
  ok   #153 L3.practice_questions[1].text [HIGH] F2: Paper 2 Section A does not set an 'explain a development' question; recast as one of the four forms the pa
  ok   #154 L3.practice_questions[1].type [HIGH] F2: Paper 2 Section A does not set an 'explain a development' question; recast as one of the four forms the pa
  ok   #155 L3.practice_questions[1].marks [HIGH] F2: Paper 2 Section A does not set an 'explain a development' question; recast as one of the four forms the pa
  PATCH L3: description, exam_tip_html, practice_questions
  ok   #2 L4.description [MEDIUM] F1: description truncated mid-sentence
  ok   #19 L4.content_html [HIGH] F6: the Tower was stormed on 14 June, not 13 June
  ok   #20 L4.content_html [HIGH] F6: the Tower storming and the beheadings happened on 14 June while Richard II was at Mile End
  ok   #21 L4.content_html [MEDIUM] F7: the death toll of the reprisals is put at about 1,500, not 150
  ok   #22 L4.content_html [MEDIUM] F8: the Pilgrimage of Grace was 1536; the broken pardon and executions followed in 1537
  ok   #97 L4.practice_questions[2].type [HIGH] F2: Paper 2 Section A sets this comparison at 8 marks, not 4
  ok   #98 L4.practice_questions[2].marks [HIGH] F2: Paper 2 Section A sets this comparison at 8 marks, not 4
  ok   #99 L4.practice_questions[4].type [HIGH] F2: Paper 2 Section A sets this comparison at 8 marks, not 4
  ok   #100 L4.practice_questions[4].marks [HIGH] F2: Paper 2 Section A sets this comparison at 8 marks, not 4
  ok   #156 L4.practice_questions[1].text [HIGH] F2: Paper 2 Section A does not set an 'explain a development' question; recast as one of the four forms the pa
  ok   #157 L4.practice_questions[1].type [HIGH] F2: Paper 2 Section A does not set an 'explain a development' question; recast as one of the four forms the pa
  ok   #158 L4.practice_questions[1].marks [HIGH] F2: Paper 2 Section A does not set an 'explain a development' question; recast as one of the four forms the pa
  ok   #198 L4.flashcard_questions[12].a [LOW] F27: list answer fails the flashcard validator
  PATCH L4: description, content_html, practice_questions, flashcard_questions
  ok   #23 L5.content_html [MEDIUM] F9: the Prayer Book Rebellion of 1549 was in Devon and Cornwall, not the north
  ok   #24 L5.content_html [MEDIUM] F3: invented claim about what the board wants
  ok   #25 L5.exam_tip_html [HIGH] F2: the comparison question is worth 8 marks; invented examiner claim removed
  ok   #101 L5.practice_questions[0].type [HIGH] F2: Paper 2 Section A sets this comparison at 8 marks, not 4
  ok   #102 L5.practice_questions[0].marks [HIGH] F2: Paper 2 Section A sets this comparison at 8 marks, not 4
  ok   #103 L5.practice_questions[5].type [HIGH] F2: Paper 2 Section A sets this comparison at 8 marks, not 4; F7: 1381 reprisal figure corrected
  ok   #104 L5.practice_questions[5].marks [HIGH] F2: Paper 2 Section A sets this comparison at 8 marks, not 4; F7: 1381 reprisal figure corrected
  ok   #159 L5.practice_questions[2].text [HIGH] F2: Paper 2 Section A does not set an 'explain a development' question; recast as one of the four forms the pa
  ok   #160 L5.practice_questions[2].type [HIGH] F2: Paper 2 Section A does not set an 'explain a development' question; recast as one of the four forms the pa
  ok   #161 L5.practice_questions[2].marks [HIGH] F2: Paper 2 Section A does not set an 'explain a development' question; recast as one of the four forms the pa
  PATCH L5: content_html, exam_tip_html, practice_questions
  ok   #26 L6.content_html [HIGH] F10: the Putney Debates text (the Clarke Papers) was rediscovered in 1890, so 1830s-40s Chartists could not ha
  ok   #27 L6.content_html [HIGH] F10: same anachronism
  ok   #28 L6.exam_tip_html [MEDIUM] F3: invented examiner claim
  ok   #70 L6.flashcard_questions[6].q [LOW] F27: list answer fails the flashcard validator
  ok   #71 L6.flashcard_questions[6].a [LOW] F27: list answer fails the flashcard validator
  ok   #105 L6.practice_questions[2].type [HIGH] F2: Paper 2 Section A sets this comparison at 8 marks, not 4
  ok   #106 L6.practice_questions[2].marks [HIGH] F2: Paper 2 Section A sets this comparison at 8 marks, not 4
  ok   #107 L6.practice_questions[5].type [HIGH] F2: Paper 2 Section A sets this comparison at 8 marks, not 4
  ok   #108 L6.practice_questions[5].marks [HIGH] F2: Paper 2 Section A sets this comparison at 8 marks, not 4
  ok   #140 L6.practice_questions[0].marks [HIGH] F10: the Putney Debates record was rediscovered in 1890
  ok   #162 L6.practice_questions[1].text [HIGH] F2: Paper 2 Section A does not set an 'explain a development' question; recast as one of the four forms the pa
  ok   #163 L6.practice_questions[1].type [HIGH] F2: Paper 2 Section A does not set an 'explain a development' question; recast as one of the four forms the pa
  ok   #164 L6.practice_questions[1].marks [HIGH] F2: Paper 2 Section A does not set an 'explain a development' question; recast as one of the four forms the pa
  PATCH L6: content_html, exam_tip_html, flashcard_questions, practice_questions
  ok   #29 L7.content_html [HIGH] F11: Britain had about 8 million people in 1775; the thirteen colonies about 2.4 million
  ok   #30 L7.exam_tip_html [HIGH] F2: this paper sets no 'development' question
  ok   #109 L7.practice_questions[2].type [HIGH] F2: Paper 2 Section A sets this comparison at 8 marks, not 4; F29: George III was a Hanoverian, not a Stuart
  ok   #110 L7.practice_questions[2].marks [HIGH] F2: Paper 2 Section A sets this comparison at 8 marks, not 4; F29: George III was a Hanoverian, not a Stuart
  ok   #111 L7.practice_questions[5].type [HIGH] F2: Paper 2 Section A sets this comparison at 8 marks, not 4
  ok   #112 L7.practice_questions[5].marks [HIGH] F2: Paper 2 Section A sets this comparison at 8 marks, not 4
  ok   #141 L7.practice_questions[4].marks [MEDIUM] F31: the Charter's six points came from British radical tradition, not American wording
  ok   #165 L7.practice_questions[0].text [HIGH] F2: Paper 2 Section A does not set an 'explain a development' question; recast as one of the four forms the pa
  ok   #166 L7.practice_questions[0].type [HIGH] F2: Paper 2 Section A does not set an 'explain a development' question; recast as one of the four forms the pa
  ok   #167 L7.practice_questions[0].marks [HIGH] F2: Paper 2 Section A does not set an 'explain a development' question; recast as one of the four forms the pa
  PATCH L7: content_html, exam_tip_html, practice_questions
  ok   #3 L8.description [MEDIUM] F1: description truncated mid-sentence
  ok   #31 L8.content_html [HIGH] F12: John Frost led the march; he was not the prisoner it set out to free
  ok   #32 L8.content_html [MEDIUM] F13: the list gave only three of the five points; 1858 is in the lesson title but appeared nowhere in the less
  ok   #80 L8.flashcard_questions[4].a [LOW] F28: single-word flashcard answer
  ok   #81 L8.flashcard_questions[7].a [LOW] F28: single-word flashcard answer
  ok   #113 L8.practice_questions[2].type [HIGH] F2: Paper 2 Section A sets this comparison at 8 marks, not 4
  ok   #114 L8.practice_questions[2].marks [HIGH] F2: Paper 2 Section A sets this comparison at 8 marks, not 4
  ok   #168 L8.practice_questions[1].text [HIGH] F2: Paper 2 Section A does not set an 'explain a development' question; recast as one of the four forms the pa
  ok   #169 L8.practice_questions[1].type [HIGH] F2: Paper 2 Section A does not set an 'explain a development' question; recast as one of the four forms the pa
  ok   #170 L8.practice_questions[1].marks [HIGH] F2: Paper 2 Section A does not set an 'explain a development' question; recast as one of the four forms the pa
  ok   #171 L8.practice_questions[5].text [HIGH] F2: Paper 2 Section A does not set an 'explain a development' question; recast as one of the four forms the pa
  ok   #172 L8.practice_questions[5].type [HIGH] F2: Paper 2 Section A does not set an 'explain a development' question; recast as one of the four forms the pa
  ok   #173 L8.practice_questions[5].marks [HIGH] F2: Paper 2 Section A does not set an 'explain a development' question; recast as one of the four forms the pa
  PATCH L8: description, content_html, flashcard_questions, practice_questions
  ok   #33 L9.content_html [MEDIUM] F14: female anti-slavery societies date from the 1820s, three decades after the 1791 boycott
  ok   #34 L9.content_html [MEDIUM] F3: invented mark claim
  ok   #35 L9.content_html [MEDIUM] F15: Peel's June 1846 resignation speech credited Cobden by name
  ok   #36 L9.content_html [HIGH] F2: the comparison question is worth 8 marks
  ok   #37 L9.exam_tip_html [HIGH] F2: tariff corrected
  ok   #82 L9.flashcard_questions[0].a [LOW] F28: single-word flashcard answer
  ok   #115 L9.practice_questions[0].type [HIGH] F2: Paper 2 Section A sets this comparison at 8 marks, not 4
  ok   #116 L9.practice_questions[0].marks [HIGH] F2: Paper 2 Section A sets this comparison at 8 marks, not 4
  ok   #117 L9.practice_questions[5].type [HIGH] F2: Paper 2 Section A sets this comparison at 8 marks, not 4
  ok   #118 L9.practice_questions[5].marks [HIGH] F2: Paper 2 Section A sets this comparison at 8 marks, not 4
  ok   #174 L9.practice_questions[2].text [HIGH] F2: Paper 2 Section A does not set an 'explain a development' question; recast as one of the four forms the pa
  ok   #175 L9.practice_questions[2].type [HIGH] F2: Paper 2 Section A does not set an 'explain a development' question; recast as one of the four forms the pa
  ok   #176 L9.practice_questions[2].marks [HIGH] F2: Paper 2 Section A does not set an 'explain a development' question; recast as one of the four forms the pa
  PATCH L9: content_html, exam_tip_html, flashcard_questions, practice_questions
  ok   #4 L10.description [MEDIUM] F1: description truncated mid-sentence
  ok   #38 L10.content_html [MEDIUM] F16: the walkout began in early July 1888; Besant's article in The Link was 23 June
  ok   #39 L10.content_html [MEDIUM] F16: terms were agreed on 16 July, roughly two weeks after the walkout
  ok   #40 L10.exam_tip_html [HIGH] F2: this paper sets no 'development' question
  ok   #83 L10.flashcard_questions[1].a [LOW] F28: single-word flashcard answer
  ok   #119 L10.practice_questions[2].type [HIGH] F2: Paper 2 Section A sets this comparison at 8 marks, not 4
  ok   #120 L10.practice_questions[2].marks [HIGH] F2: Paper 2 Section A sets this comparison at 8 marks, not 4
  ok   #177 L10.practice_questions[0].text [HIGH] F2: Paper 2 Section A does not set an 'explain a development' question; recast as one of the four forms the pa
  ok   #178 L10.practice_questions[0].type [HIGH] F2: Paper 2 Section A does not set an 'explain a development' question; recast as one of the four forms the pa
  ok   #179 L10.practice_questions[0].marks [HIGH] F2: Paper 2 Section A does not set an 'explain a development' question; recast as one of the four forms the pa
  ok   #180 L10.practice_questions[5].text [HIGH] F2: Paper 2 Section A does not set an 'explain a development' question; recast as one of the four forms the pa
  ok   #181 L10.practice_questions[5].type [HIGH] F2: Paper 2 Section A does not set an 'explain a development' question; recast as one of the four forms the pa
  ok   #182 L10.practice_questions[5].marks [HIGH] F2: Paper 2 Section A does not set an 'explain a development' question; recast as one of the four forms the pa
  PATCH L10: description, content_html, exam_tip_html, flashcard_questions, practice_questions
  ok   #41 L11.content_html [MEDIUM] F17: the electorate rose from about 7.7 million to 21.4 million, an increase of under three times
  ok   #42 L11.content_html [MEDIUM] F17: 'quadrupled' overstates the increase
  ok   #43 L11.content_html [MEDIUM] F17: 'quadrupled' overstates the increase
  ok   #44 L11.content_html [MEDIUM] F18: 263 women MPs were elected in 2024, about 41 per cent; 34 per cent was the 2019 figure
  ok   #45 L11.content_html [MEDIUM] F19: Votes for Women was founded and edited by the Pethick-Lawrences; Christabel Pankhurst edited The Suffrage
  ok   #46 L11.glossary_terms[3].definition [MEDIUM] F17: 'quadrupled' overstates the increase
  ok   #72 L11.flashcard_questions[2].q [LOW] F27: list answer fails the flashcard validator
  ok   #73 L11.flashcard_questions[2].a [LOW] F27: list answer fails the flashcard validator
  ok   #74 L11.flashcard_questions[5].q [LOW] F27: list answer fails the flashcard validator
  ok   #75 L11.flashcard_questions[5].a [LOW] F27: list answer fails the flashcard validator
  ok   #121 L11.practice_questions[1].type [HIGH] F2: Paper 2 Section A sets this comparison at 8 marks, not 4
  ok   #122 L11.practice_questions[1].marks [HIGH] F2: Paper 2 Section A sets this comparison at 8 marks, not 4
  ok   #123 L11.practice_questions[5].type [HIGH] F2: Paper 2 Section A sets this comparison at 8 marks, not 4
  ok   #124 L11.practice_questions[5].marks [HIGH] F2: Paper 2 Section A sets this comparison at 8 marks, not 4
  ok   #183 L11.practice_questions[3].text [HIGH] F2: Paper 2 Section A does not set an 'explain a development' question; recast as one of the four forms the pa
  ok   #184 L11.practice_questions[3].type [HIGH] F2: Paper 2 Section A does not set an 'explain a development' question; recast as one of the four forms the pa
  ok   #185 L11.practice_questions[3].marks [HIGH] F2: Paper 2 Section A does not set an 'explain a development' question; recast as one of the four forms the pa
  PATCH L11: content_html, glossary_terms, flashcard_questions, practice_questions
  ok   #47 L12.content_html [MEDIUM] F20: the 1982 Act made closed shops conditional on ballots; the closed shop was not abolished until the 1988 a
  ok   #48 L12.content_html [MEDIUM] F20: closed shop restricted in 1982, abolished later
  ok   #49 L12.conclusion_html [MEDIUM] F20: closed shop restricted in 1982, abolished later
  ok   #50 L12.flashcard_questions[11].a [MEDIUM] F20: closed shop restricted in 1982, abolished later
  ok   #125 L12.practice_questions[2].type [HIGH] F2: Paper 2 Section A sets this comparison at 8 marks, not 4
  ok   #126 L12.practice_questions[2].marks [HIGH] F2: Paper 2 Section A sets this comparison at 8 marks, not 4
  ok   #127 L12.practice_questions[5].type [HIGH] F2: Paper 2 Section A sets this comparison at 8 marks, not 4
  ok   #128 L12.practice_questions[5].marks [HIGH] F2: Paper 2 Section A sets this comparison at 8 marks, not 4
  ok   #186 L12.practice_questions[1].text [HIGH] F2: Paper 2 Section A does not set an 'explain a development' question; recast as one of the four forms the pa
  ok   #187 L12.practice_questions[1].type [HIGH] F2: Paper 2 Section A does not set an 'explain a development' question; recast as one of the four forms the pa
  ok   #188 L12.practice_questions[1].marks [HIGH] F2: Paper 2 Section A does not set an 'explain a development' question; recast as one of the four forms the pa
  PATCH L12: content_html, conclusion_html, flashcard_questions, practice_questions
  ok   #51 L13.content_html [MEDIUM] F21: the British Nationality Act received Royal Assent on 30 July 1948, after the Windrush docked in June
  ok   #52 L13.content_html [MEDIUM] F22: Scarman recorded 279 police and 45 members of the public injured
  ok   #53 L13.content_html [MEDIUM] F22: casualty figures corrected
  ok   #54 L13.content_html [MEDIUM] F23: Stephen Lawrence was born 13 September 1974 and was 18 when he was murdered
  ok   #55 L13.exam_tip_html [MEDIUM] F22: casualty figures corrected
  ok   #56 L13.glossary_terms[2].definition [MEDIUM] F22: casualty figures corrected
  ok   #57 L13.flashcard_questions[8].a [MEDIUM] F22: casualty figures corrected
  ok   #129 L13.practice_questions[2].type [HIGH] F2: Paper 2 Section A sets this comparison at 8 marks, not 4
  ok   #130 L13.practice_questions[2].marks [HIGH] F2: Paper 2 Section A sets this comparison at 8 marks, not 4
  ok   #131 L13.practice_questions[5].type [HIGH] F2: Paper 2 Section A sets this comparison at 8 marks, not 4
  ok   #132 L13.practice_questions[5].marks [HIGH] F2: Paper 2 Section A sets this comparison at 8 marks, not 4
  ok   #142 L13.practice_questions[3].marks [MEDIUM] F32: the Sex Discrimination Act was 1975; F33: the inquiry came four years after the murder
  ok   #189 L13.practice_questions[1].text [HIGH] F2: Paper 2 Section A does not set an 'explain a development' question; recast as one of the four forms the pa
  ok   #190 L13.practice_questions[1].type [HIGH] F2: Paper 2 Section A does not set an 'explain a development' question; recast as one of the four forms the pa
  ok   #191 L13.practice_questions[1].marks [HIGH] F2: Paper 2 Section A does not set an 'explain a development' question; recast as one of the four forms the pa
  PATCH L13: content_html, exam_tip_html, glossary_terms, flashcard_questions, practice_questions
  ok   #58 L14.content_html [MEDIUM] F24: Bouvines was fought in July 1214
  ok   #59 L14.content_html [MEDIUM] F25: Section A question 4 tests AO1 and AO2 only, plus SPaG
  ok   #60 L14.content_html [MEDIUM] F26: Paper 2 allows 2 hours for 84 marks, so the 16-mark essay is worth about 25 minutes, not 50
  ok   #61 L14.content_html [MEDIUM] F3: invented examiner-report claim
  ok   #62 L14.content_html [MEDIUM] F3: invented mark claim
  ok   #63 L14.content_html [MEDIUM] F3: invented examiner claim
  ok   #64 L14.flashcard_questions[8].a [MEDIUM] F3: invented examiner-report claim
  ok   #65 L14.flashcard_questions[9].a [MEDIUM] F3: invented mark-scheme descriptor
  ok   #76 L14.flashcard_questions[0].q [LOW] F27: list answer fails the flashcard validator
  ok   #77 L14.flashcard_questions[0].a [LOW] F27: list answer fails the flashcard validator
  ok   #78 L14.flashcard_questions[12].q [LOW] F27: list answer fails the flashcard validator
  ok   #79 L14.flashcard_questions[12].a [LOW] F27: list answer fails the flashcard validator
  ok   #84 L14.flashcard_questions[2].a [LOW] F28: single-word flashcard answer
  ok   #133 L14.practice_questions[4].type [HIGH] F2: Paper 2 Section A sets this comparison at 8 marks, not 4
  ok   #134 L14.practice_questions[4].marks [HIGH] F2: Paper 2 Section A sets this comparison at 8 marks, not 4
  ok   #143 L14.practice_questions[0].marks [MEDIUM] F33: the inquiry came four years after the murder
  ok   #144 L14.practice_questions[1].marks [MEDIUM] F19: Votes for Women was the Pethick-Lawrences' paper
  ok   #145 L14.practice_questions[2].marks [MEDIUM] F17: 'quadrupled' overstates the increase
  ok   #146 L14.practice_questions[5].marks [MEDIUM] F3: invented examiner claim
  ok   #192 L14.practice_questions[3].text [HIGH] F2: Paper 2 Section A does not set an 'explain a development' question; recast as one of the four forms the pa
  ok   #193 L14.practice_questions[3].type [HIGH] F2: Paper 2 Section A does not set an 'explain a development' question; recast as one of the four forms the pa
  ok   #194 L14.practice_questions[3].marks [HIGH] F2: Paper 2 Section A does not set an 'explain a development' question; recast as one of the four forms the pa
  ok   #195 L14.content_html [MEDIUM] F34: the specification says question 4 targets all four parts of the content; 'at least two parts' is teaching
  ok   #197 L14.knowledge_checks[0].q [MEDIUM] F34: stated as a board rule; it is teaching advice
  PATCH L14: content_html, flashcard_questions, practice_questions, knowledge_checks
=== 199 applied, 0 skipped, 14 lessons / 58 fields changed
