
=== RE-NARRATION (changed narrated text only) ===
backup: C:\Users\tshau\Documents\Study Vault\scripts\_retrofc\units\history-aqa__britain-power-people\_backup.json
unit:   history-aqa / britain-power-people
run: 2026-09-05T23:38:20Z  mode: LIVE

14 lessons, 46 clips to regenerate

  L01 (Ollie)  The Citizen and the State: A Thematic Toolkit, c1170-Present
      n14: Do not present individuals like Wilberforce, Pankhurst or Cromwell as sole causes of change. Wilberforce was t
             -> 224 KB, 19.1s, uploaded
      n17: Key Fact . The four question types: 8-mark ‘how useful is the source’, 8-mark ‘explain the significance’, 8-ma
             -> 217 KB, 18.5s, uploaded
      n18: The 8-mark source question asks how useful one source is for studying a topic: weigh its content, its provenan
             -> 392 KB, 33.5s, uploaded
      n21: The single most common mistake on this paper is listing factors without weighing them. A student who writes “t
             -> 303 KB, 25.8s, uploaded
      n22: For the 8-mark comparison question, give two clearly different points with specific named examples — vague com
             -> 365 KB, 31.1s, uploaded
      n26: Four question types are tested in Paper 2 Section A: 8-mark source utility, 8-mark significance, 8-mark two-wa
             -> 155 KB, 13.2s, uploaded
      manifest updated (26 entries)
  L02 (Ada)  Magna Carta and the Limits of Kingship, 1215
      n3: Religion made things worse. John quarrelled with Pope Innocent III over the appointment of Stephen Langton as 
             -> 295 KB, 25.1s, uploaded
      n14: A common mistake is to claim Magna Carta ‘started democracy’. It did not. It was a peace treaty between the ki
             -> 365 KB, 31.1s, uploaded
      n18: Magna Carta survived because Henry III’s regents reissued it in 1216 and 1217 to win loyal support, and Henry 
             -> 353 KB, 30.1s, uploaded
      manifest updated (25 entries)
  L03 (Ollie)  Simon de Montfort and the Birth of Parliament, 1258-1265
      n19: For an 8-mark significance question on the 1265 Parliament, show importance at the time and over time. At the 
             -> 294 KB, 25.1s, uploaded
      manifest updated (23 entries)
  L04 (Ada)  The Peasants' Revolt, 1381
      n13: On 13 June, Tyler’s men crossed London Bridge into the city. They burned the Savoy Palace, John of Gaunt’s opu
             -> 192 KB, 16.3s, uploaded
      n14: On 14 June, the fourteen-year-old Richard II rode out to meet the rebels at Mile End. He listened to their gri
             -> 391 KB, 33.4s, uploaded
      n17: Within weeks Richard had revoked the charters. “Villeins ye are still, and villeins ye shall remain,” he repor
             -> 414 KB, 35.4s, uploaded
      manifest updated (25 entries)
  L05 (Ollie)  The Pilgrimage of Grace, 1536
      n15: In the short term the rising failed: Aske and the leaders were dead, the dissolution accelerated through the l
             -> 446 KB, 38.0s, uploaded
      n16: The shape of the Pilgrimage echoes the Peasants' Revolt 155 years earlier. Both were touched off by a specific
             -> 431 KB, 36.8s, uploaded
      n19: For the 8-mark ‘two ways the Pilgrimage of Grace was similar to the Peasants' Revolt’ question, pick the compa
             -> 307 KB, 26.2s, uploaded
      manifest updated (23 entries)
  L06 (Ada)  The English Revolution: Civil War, Regicide and Republic, 1642-1660
      n9: In October 1647 senior officers and Leveller agitators met in St Mary's Church, Putney, to debate the future c
             -> 527 KB, 45.0s, uploaded
      n16: The misconception trap is to call the Civil War a ‘fight for democracy’. Most parliamentarians wanted a consti
             -> 442 KB, 37.7s, uploaded
      n19: For an 8-mark ‘explain the significance of the trial and execution of Charles I’ question, you must address im
             -> 353 KB, 30.1s, uploaded
      manifest updated (23 entries)
  L07 (Ollie)  The American Revolution and 'No Taxation Without Representation', 1763-1783
      n11: Britain had roughly three times the population of the colonies, but an over-stretched navy and supply lines 3,
             -> 418 KB, 35.6s, uploaded
      n20: For an 8-mark significance question on the American Revolution, show importance at the time and over time. At 
             -> 285 KB, 24.3s, uploaded
      manifest updated (24 entries)
  L08 (Ada)  Peterloo, the Great Reform Act and Chartism, 1819-1858
      n12: After Parliament rejected the first petition in 1839, a section of the movement turned to ‘physical force’. In
             -> 488 KB, 41.6s, uploaded
      n14: In its own moment, Chartism lost. Not one of the six points was conceded in the 1840s, leaders were jailed or 
             -> 654 KB, 55.8s, uploaded
      manifest updated (22 entries)
  L09 (Ollie)  Anti-Slavery, Anti-Corn Law, and Reform Campaigners, c1780-1846
      n7: Wilberforce was the parliamentary face of a much larger movement. The Quaker network had organised the cause f
             -> 448 KB, 38.2s, uploaded
      n10: League pamphlets travelled by the new penny post (introduced 1840) and the expanding railway network. Cobden a
             -> 438 KB, 37.3s, uploaded
      n14: Both movements organised outside Parliament, both used mass petitioning, both relied on lecturers and pamphlet
             -> 459 KB, 39.2s, uploaded
      n18: For the 8-mark ‘explain two ways’ question on the Anti-Slavery and Anti-Corn Law campaigns, do not just give t
             -> 348 KB, 29.7s, uploaded
      manifest updated (22 entries)
  L10 (Ada)  The Rise of Trade Unions: Tolpuddle to New Unionism, 1834-1889
      n13: In July 1888 around 1,400 women and girls walked out of the Bryant & May factory in Bow, east London. Conditio
             -> 389 KB, 33.2s, uploaded
      n19: For an 8-mark significance question on trade unionism between 1834 and 1889, do not write a list of unions and
             -> 339 KB, 28.9s, uploaded
      manifest updated (23 entries)
  L11 (Ollie)  Votes for Women: Suffragists, Suffragettes, and 1918
      n14: In February 1918 Parliament passed the Representation of the People Act . All men over 21 could now vote; wome
             -> 466 KB, 39.7s, uploaded
      n17: The vote was a beginning, not an end. The Sex Disqualification (Removal) Act 1919 opened the legal and account
             -> 423 KB, 36.1s, uploaded
      n18: Key Fact . The 1918 Representation of the People Act gave the vote to all men over 21 and women over 30 with a
             -> 248 KB, 21.2s, uploaded
      n20: Votes for women is the AQA classic 16-mark question and the cleanest test of weighing factors. Role of the ind
             -> 467 KB, 39.8s, uploaded
      manifest updated (25 entries)
  L12 (Ada)  Workers' Rights: General Strike to Thatcher, 1926-1990
      n14: In the winter of 1978-79 a wave of public-sector strikes — refuse collectors, gravediggers, hospital workers —
             -> 429 KB, 36.6s, uploaded
      n16: Key Fact . Three key Thatcher reforms reshaped trade unions: the 1980 Employment Act narrowed picketing, the 1
             -> 315 KB, 26.9s, uploaded
      n26: Thatcher's 1980, 1982 and 1984 reforms restricted picketing, curbed the closed shop and required strike ballot
             -> 182 KB, 15.5s, uploaded
      manifest updated (26 entries)
  L13 (Ollie)  Minority Rights: Windrush, Brixton and Beyond, 1948-Present
      n2: In June 1948 the troopship Empire Windrush docked at Tilbury carrying 492 Caribbean passengers, most of them J
             -> 460 KB, 39.2s, uploaded
      n9: In April 1981 the Metropolitan Police launched Operation Swamp 81 in Brixton. Plain-clothes officers stopped a
             -> 455 KB, 38.9s, uploaded
      n12: On 22 April 1993 an 18-year-old Black sixth-former, Stephen Lawrence, was murdered in an unprovoked racist att
             -> 354 KB, 30.2s, uploaded
      n20: For an 8-mark ‘explain the significance of the Brixton Riots’ question, address importance both at the time AN
             -> 374 KB, 31.9s, uploaded
      manifest updated (24 entries)
  L14 (Ada)  Synthesis: Factors Across 850 Years — Cracking the 16-Mark Essay
      n4: No factor matters equally across all 850 years. Religion is loudest from 1381 (Ball's preaching) to 1689 (Glor
             -> 708 KB, 60.4s, uploaded
      n7: The 16-mark factors essay is marked against two Assessment Objectives, with 4 further marks for spelling, punc
             -> 381 KB, 32.5s, uploaded
      n8: In the exam, before you start writing, spend five minutes building a plan. Step 1: name the factor (the questi
             -> 546 KB, 46.6s, uploaded
      n14: Key Fact . For the top band on a 16-mark factors essay you need a sustained argument addressing the named fact
             -> 261 KB, 22.3s, uploaded
      n16: Four problems recur in weak answers. The first is single-period coverage — answers that focus only on, say, th
             -> 403 KB, 34.4s, uploaded
      n19: The strongest essays end with a clear judgement that does not pretend to a false certainty. Try this structure
             -> 329 KB, 28.1s, uploaded
      manifest updated (26 entries)

Regenerated 46 clips.

=== VERIFY (ranged GET + freshness) ===
  206  L01 n14  bytes 0-3/229248  Last-Modified: Sat, 05 Sep 2026 23:38:27 GMT  mp3-sync=OK
  206  L01 n17  bytes 0-3/221760  Last-Modified: Sat, 05 Sep 2026 23:38:30 GMT  mp3-sync=OK
  206  L01 n18  bytes 0-3/401760  Last-Modified: Sat, 05 Sep 2026 23:38:36 GMT  mp3-sync=OK
  206  L01 n21  bytes 0-3/309888  Last-Modified: Sat, 05 Sep 2026 23:38:40 GMT  mp3-sync=OK
  206  L01 n22  bytes 0-3/373536  Last-Modified: Sat, 05 Sep 2026 23:38:45 GMT  mp3-sync=OK
  206  L01 n26  bytes 0-3/158688  Last-Modified: Sat, 05 Sep 2026 23:38:48 GMT  mp3-sync=OK
  206  L02 n3  bytes 0-3/301824  Last-Modified: Sat, 05 Sep 2026 23:38:52 GMT  mp3-sync=OK
  206  L02 n14  bytes 0-3/373536  Last-Modified: Sat, 05 Sep 2026 23:38:57 GMT  mp3-sync=OK
  206  L02 n18  bytes 0-3/361152  Last-Modified: Sat, 05 Sep 2026 23:39:02 GMT  mp3-sync=OK
  206  L03 n19  bytes 0-3/301536  Last-Modified: Sat, 05 Sep 2026 23:39:07 GMT  mp3-sync=OK
  206  L04 n13  bytes 0-3/196128  Last-Modified: Sat, 05 Sep 2026 23:39:10 GMT  mp3-sync=OK
  206  L04 n14  bytes 0-3/400608  Last-Modified: Sat, 05 Sep 2026 23:39:16 GMT  mp3-sync=OK
  206  L04 n17  bytes 0-3/424224  Last-Modified: Sat, 05 Sep 2026 23:39:22 GMT  mp3-sync=OK
  206  L05 n15  bytes 0-3/456480  Last-Modified: Sat, 05 Sep 2026 23:39:28 GMT  mp3-sync=OK
  206  L05 n16  bytes 0-3/441792  Last-Modified: Sat, 05 Sep 2026 23:39:34 GMT  mp3-sync=OK
  206  L05 n19  bytes 0-3/313920  Last-Modified: Sat, 05 Sep 2026 23:39:38 GMT  mp3-sync=OK
  206  L06 n9  bytes 0-3/539712  Last-Modified: Sat, 05 Sep 2026 23:39:46 GMT  mp3-sync=OK
  206  L06 n16  bytes 0-3/452448  Last-Modified: Sat, 05 Sep 2026 23:39:52 GMT  mp3-sync=OK
  206  L06 n19  bytes 0-3/361152  Last-Modified: Sat, 05 Sep 2026 23:39:57 GMT  mp3-sync=OK
  206  L07 n11  bytes 0-3/427680  Last-Modified: Sat, 05 Sep 2026 23:40:03 GMT  mp3-sync=OK
  206  L07 n20  bytes 0-3/291456  Last-Modified: Sat, 05 Sep 2026 23:40:07 GMT  mp3-sync=OK
  206  L08 n12  bytes 0-3/499680  Last-Modified: Sat, 05 Sep 2026 23:40:14 GMT  mp3-sync=OK
  206  L08 n14  bytes 0-3/669888  Last-Modified: Sat, 05 Sep 2026 23:40:23 GMT  mp3-sync=OK
  206  L09 n7  bytes 0-3/458784  Last-Modified: Sat, 05 Sep 2026 23:40:29 GMT  mp3-sync=OK
  206  L09 n10  bytes 0-3/448128  Last-Modified: Sat, 05 Sep 2026 23:40:58 GMT  mp3-sync=OK
  206  L09 n14  bytes 0-3/470016  Last-Modified: Sat, 05 Sep 2026 23:41:05 GMT  mp3-sync=OK
  206  L09 n18  bytes 0-3/356832  Last-Modified: Sat, 05 Sep 2026 23:41:09 GMT  mp3-sync=OK
  206  L10 n13  bytes 0-3/398592  Last-Modified: Sat, 05 Sep 2026 23:41:15 GMT  mp3-sync=OK
  206  L10 n19  bytes 0-3/347328  Last-Modified: Sat, 05 Sep 2026 23:41:20 GMT  mp3-sync=OK
  206  L11 n14  bytes 0-3/476928  Last-Modified: Sat, 05 Sep 2026 23:41:27 GMT  mp3-sync=OK
  206  L11 n17  bytes 0-3/432864  Last-Modified: Sat, 05 Sep 2026 23:41:33 GMT  mp3-sync=OK
  206  L11 n18  bytes 0-3/254304  Last-Modified: Sat, 05 Sep 2026 23:41:37 GMT  mp3-sync=OK
  206  L11 n20  bytes 0-3/478080  Last-Modified: Sat, 05 Sep 2026 23:41:44 GMT  mp3-sync=OK
  206  L12 n14  bytes 0-3/439776  Last-Modified: Sat, 05 Sep 2026 23:41:50 GMT  mp3-sync=OK
  206  L12 n16  bytes 0-3/322560  Last-Modified: Sat, 05 Sep 2026 23:41:55 GMT  mp3-sync=OK
  206  L12 n26  bytes 0-3/186336  Last-Modified: Sat, 05 Sep 2026 23:41:58 GMT  mp3-sync=OK
  206  L13 n2  bytes 0-3/470592  Last-Modified: Sat, 05 Sep 2026 23:42:04 GMT  mp3-sync=OK
  206  L13 n9  bytes 0-3/466272  Last-Modified: Sat, 05 Sep 2026 23:42:11 GMT  mp3-sync=OK
  206  L13 n12  bytes 0-3/362880  Last-Modified: Sat, 05 Sep 2026 23:42:16 GMT  mp3-sync=OK
  206  L13 n20  bytes 0-3/382752  Last-Modified: Sat, 05 Sep 2026 23:42:21 GMT  mp3-sync=OK
  206  L14 n4  bytes 0-3/724608  Last-Modified: Sat, 05 Sep 2026 23:42:30 GMT  mp3-sync=OK
  206  L14 n7  bytes 0-3/390528  Last-Modified: Sat, 05 Sep 2026 23:42:35 GMT  mp3-sync=OK
  206  L14 n8  bytes 0-3/559584  Last-Modified: Sat, 05 Sep 2026 23:42:43 GMT  mp3-sync=OK
  206  L14 n14  bytes 0-3/267552  Last-Modified: Sat, 05 Sep 2026 23:42:47 GMT  mp3-sync=OK
  206  L14 n16  bytes 0-3/412704  Last-Modified: Sat, 05 Sep 2026 23:42:52 GMT  mp3-sync=OK
  206  L14 n19  bytes 0-3/336672  Last-Modified: Sat, 05 Sep 2026 23:42:57 GMT  mp3-sync=OK

46/46 clips verified HTTP 200/206 with fresh audio.
