=== APPLY EDITS separate-sciences-ocr-b/chemistry-atoms-patterns-bonding  34 edits  LIVE  2026-09-05T14:11:09.378Z
  ok   #0 L1.practice_questions[5].type [MEDIUM] F2: C2.1 contains no bold content statements, so nothing in this lesson is Higher only. The (HT) flag wrongly 
  ok   #1 L1.exam_tip_html [MEDIUM] F3: no C2.1 outcome asks for dates. Outcome 1 asks how and why the model changed, so 'dates are commonly teste
  ok   #2 L1.content_html [LOW] F4: Rutherford's words are inside quotation marks but paraphrased. Corrected to the recorded wording.
  PATCH L1: practice_questions, exam_tip_html, content_html
  ok   #3 L2.practice_questions[2].type [MEDIUM] F5: Group 1 trends sit in C2.2 outcome 5 and C2.3 outcome 2, neither of which is bold. Both tiers are examined
  ok   #4 L2.content_html [MEDIUM] F6: catalytic converters use platinum, palladium and rhodium. Nickel is the standard GCSE example of a hydroge
  ok   #5 L2.content_html [LOW] F7: the stroke attribute swallowed stroke-width, so the Group 0 chevron never draws. Every other toggle in the
  PATCH L2: practice_questions, content_html
  ok   #6 L3.flashcard_questions[6].q [MEDIUM] F8: the question text is a generation artefact and is not readable. Rewritten to match the existing answer.
  ok   #7 L3.knowledge_checks[3].q [MEDIUM] F9: two blank markers and a stray full stop were left in the stem.
  ok   #8 L3.knowledge_checks[4].left[0] [MEDIUM] F10: the match prompts were truncated copies of the earlier questions, cut mid-word. Rewritten as clean prompt
  ok   #9 L3.knowledge_checks[4].left[1] [MEDIUM] F10: the match prompts were truncated copies of the earlier questions, cut mid-word. Rewritten as clean prompt
  ok   #10 L3.knowledge_checks[4].left[2] [MEDIUM] F10: the match prompts were truncated copies of the earlier questions, cut mid-word. Rewritten as clean prompt
  ok   #11 L3.knowledge_checks[4].left[3] [MEDIUM] F10: the match prompts were truncated copies of the earlier questions, cut mid-word. Rewritten as clean prompt
  ok   #12 L3.practice_questions[4].marks [LOW] F11: the band ladder reads 'StudyVault Mastering' - a stray token in the mark scheme.
  ok   #13 L3.practice_questions[5].marks [LOW] F11: the band ladder reads 'StudyVault Mastering' - a stray token in the mark scheme.
  ok   #14 L3.exam_tip_html [MEDIUM] F12: an invented citation to examiner reports. The point is kept; the unverifiable source is dropped.
  PATCH L3: flashcard_questions, knowledge_checks, practice_questions, exam_tip_html
  ok   #15 L4.content_html [MEDIUM] F13: the mole and the Avogadro constant are bold in C5.3 (narrative plus outcome 4), so they are Higher only. 
  ok   #16 L4.content_html [MEDIUM] F13: old wrapper opening removed here, so the div open and close counts for the field are unchanged.
  ok   #17 L4.content_html [MEDIUM] F14: using molar ratios to calculate reacting masses is C5.3 outcome 7, which is bold and therefore Higher onl
  ok   #18 L4.content_html [MEDIUM] F14: old wrapper opening removed here, so the div open and close counts for the field are unchanged.
  ok   #19 L4.conclusion_html [MEDIUM] F15: the Avogadro half of the takeaway is Higher only too (C5.3 outcome 4, bold). Takeaways take a prefix, so 
  ok   #20 L4.practice_questions[3].type [MEDIUM] F16: a reacting-mass calculation from a balanced equation is C5.3 outcome 7, bold, Higher only.
  ok   #21 L4.practice_questions[5].type [MEDIUM] F16: the zinc oxide question is also a reacting-mass calculation, so it is Higher only.
  ok   #22 L4.practice_questions[4].marks [LOW] F11: the band ladder reads 'StudyVault Mastering' - a stray token in the mark scheme.
  ok   #23 L4.practice_questions[5].marks [LOW] F11: the band ladder reads 'StudyVault Mastering' - a stray token in the mark scheme.
  ok   #24 L4.knowledge_checks[2].q [MEDIUM] F17: a stray question mark sat in the middle of the stem.
  ok   #25 L4.knowledge_checks[3].q [MEDIUM] F17: two blank markers and a stray full stop in the stem.
  ok   #26 L4.knowledge_checks[4].left[0] [MEDIUM] F18: the match prompts were truncated copies of the earlier questions. Rewritten as clean prompts; the order a
  ok   #27 L4.knowledge_checks[4].left[1] [MEDIUM] F18: the match prompts were truncated copies of the earlier questions. Rewritten as clean prompts; the order a
  ok   #28 L4.knowledge_checks[4].left[2] [MEDIUM] F18: the match prompts were truncated copies of the earlier questions. Rewritten as clean prompts; the order a
  ok   #29 L4.knowledge_checks[4].left[3] [MEDIUM] F18: the match prompts were truncated copies of the earlier questions. Rewritten as clean prompts; the order a
  ok   #30 L4.flashcard_questions[2].q [MEDIUM] F19: C5.3 outcomes 4 and 5 are bold, so the mole, the Avogadro constant and moles = mass / Mr are Higher only.
  ok   #31 L4.flashcard_questions[3].q [MEDIUM] F19: C5.3 outcomes 4 and 5 are bold, so the mole, the Avogadro constant and moles = mass / Mr are Higher only.
  ok   #32 L4.flashcard_questions[4].q [MEDIUM] F19: C5.3 outcomes 4 and 5 are bold, so the mole, the Avogadro constant and moles = mass / Mr are Higher only.
  ok   #33 L4.content_html [MEDIUM] F20: GCSE marking awards marks, it does not deduct them. 'Examiners deduct marks' is an invented rule and it w
  PATCH L4: content_html, conclusion_html, practice_questions, knowledge_checks, flashcard_questions
=== 34 applied, 0 skipped, 4 lessons / 14 fields changed
