
=== RE-NARRATION (changed narrated text only) ===
backup: C:\Users\tshau\Documents\Study Vault\scripts\_retrofc\units\separate-sciences-ocr-b__chemistry-atoms-patterns-bonding\_backup.json
unit:   separate-sciences-ocr-b / chemistry-atoms-patterns-bonding
run: 2026-09-05T14:11:13Z  mode: LIVE

4 lessons, 6 clips to regenerate

  L01 (Ollie)  Atomic Models — Dalton to Bohr
      n11: Most alpha particles did pass straight through the gold foil — suggesting that most of the atom is empty space
             -> 244 KB, 20.9s, uploaded
      n19: Questions on the history of atomic models almost always ask you to explain the change — not just name the new 
             -> 437 KB, 37.3s, uploaded
      manifest updated (23 entries)
  L02 (Ada)  The Periodic Table and Its Patterns
      n18: Familiar examples: iron (Fe) as a catalyst in the Haber process for ammonia; copper (Cu) as an electrical cond
             -> 293 KB, 25.0s, uploaded
      manifest updated (23 entries)
  L03 (Ollie)  Ionic, Covalent and Metallic Bonding
      n29: For 4-mark compare-or-contrast questions on bonding, always give a named example for each bond type and link t
             -> 318 KB, 27.1s, uploaded
      manifest updated (33 entries)
  L04 (Ada)  Equations and Calculations
      n24: Always show your working in full and include units at every step — a final answer with no unit usually loses a
             -> 86 KB, 7.4s, uploaded
      n37: Higher Tier: Avogadro's constant (≈ 6.02 × 10²³) is the number of particles in one mole. Moles = mass ÷ molar 
             -> 198 KB, 16.9s, uploaded
      manifest updated (37 entries)

Regenerated 6 clips.

=== VERIFY (ranged GET + freshness) ===
  206  L01 n11  bytes 0-3/250272  Last-Modified: Sat, 05 Sep 2026 14:11:21 GMT  mp3-sync=OK
  206  L01 n19  bytes 0-3/447840  Last-Modified: Sat, 05 Sep 2026 14:11:29 GMT  mp3-sync=OK
  206  L02 n18  bytes 0-3/300384  Last-Modified: Sat, 05 Sep 2026 14:11:35 GMT  mp3-sync=OK
  206  L03 n29  bytes 0-3/325728  Last-Modified: Sat, 05 Sep 2026 14:11:42 GMT  mp3-sync=OK
  206  L04 n24  bytes 0-3/88416  Last-Modified: Sat, 05 Sep 2026 14:11:45 GMT  mp3-sync=OK
  206  L04 n37  bytes 0-3/203040  Last-Modified: Sat, 05 Sep 2026 14:11:50 GMT  mp3-sync=OK

6/6 clips verified HTTP 200/206 with fresh audio.
