=== APPLY EDITS geography-eduqas/fieldwork-enquiry  20 edits  LIVE  2026-09-06T04:08:05.914Z
  ok   #0 L1.content_html [MEDIUM] F1: house rule - lesson prose must not name the exam board; also an invented examiner claim
  ok   #1 L1.content_html [MEDIUM] F1: house rule - lesson prose must not name the exam board
  ok   #2 L1.content_html [MEDIUM] F1: house rule - lesson prose must not name the exam board
  ok   #3 L1.exam_tip_html [MEDIUM] F2: invented examiner claim - no published source says examiners reward this word
  ok   #16 L1.flashcard_questions[1].q [MEDIUM] F1: house rule - board named in a student-facing flashcard
  ok   #19 L1.exam_tip_html [LOW] F14 ruling: component requirement stated in the L1 tip.
  PATCH L1: content_html, exam_tip_html, flashcard_questions
  ok   #4 L2.content_html [MEDIUM] F1/F2: board named in prose plus an invented examiner claim
  ok   #5 L2.content_html [MEDIUM] F1: house rule - lesson prose must not name the exam board
  ok   #6 L2.content_html [MEDIUM] F1: house rule - lesson prose must not name the exam board
  ok   #7 L2.content_html [MEDIUM] F3: a steeper line does not mean a stronger relationship; strength is shown by scatter about the line
  ok   #8 L2.content_html [LOW] F4: 'A anomaly' - wrong article before a vowel
  ok   #18 L2.practice_questions[5].marks [MEDIUM] F2: invented examiner claim inside the mark scheme
  PATCH L2: content_html, practice_questions
  ok   #9 L3.content_html [MEDIUM] F1/F5: board named in prose, plus an unsupported claim about which questions carry the highest marks
  ok   #10 L3.content_html [MEDIUM] F1: house rule - lesson prose must not name the exam board
  ok   #11 L3.content_html [MEDIUM] F1: house rule - lesson prose must not name the exam board
  ok   #12 L3.content_html [MEDIUM] F1: board named in prose; 'every' also overstates
  ok   #13 L3.content_html [MEDIUM] F6: tape error comes from tension and sag, not from heat
  ok   #14 L3.content_html [MEDIUM] F6: a metre rule is worse than a tape over long distances; the real fix is to keep the tape taut
  ok   #15 L3.exam_tip_html [MEDIUM] F2: invented examiner claim
  ok   #17 L3.flashcard_questions[11].q [MEDIUM] F1: house rule - board named in a student-facing flashcard
  PATCH L3: content_html, exam_tip_html, flashcard_questions
=== 20 applied, 0 skipped, 3 lessons / 8 fields changed
