=== APPLY EDITS religious-studies-aqa/buddhism-beliefs  32 edits  LIVE  2026-09-06T05:00:20.202Z
  ok   #0 L1.content_html [MEDIUM] F10: fabricated mark-scheme claim removed.
  ok   #1 L1.exam_tip_html [MEDIUM] F12: a missing source costs the source mark, not the whole top band.
  ok   #2 L1.exam_tip_html [MEDIUM] F11: fabricated examiner claim removed.
  ok   #3 L1.practice_questions[2].text [MEDIUM] F7: this board sets 1, 1, 4, 6 and 12 mark questions; there is no 2-mark question.
  ok   #4 L1.practice_questions[2].type [MEDIUM] F7: re-labelled to a mark form this board actually sets.
  ok   #5 L1.practice_questions[2].marks [MEDIUM] F7: key matched to the 1-mark form.
  ok   #6 L1.practice_questions[3].text [MEDIUM] F9: 'contrasting beliefs' is the thematic-paper stem, not the study-of-religions stem.
  PATCH L1: content_html, exam_tip_html, practice_questions
  ok   #7 L2.exam_tip_html [MEDIUM] F13: fabricated examiner claim removed.
  ok   #8 L2.practice_questions[1].text [MEDIUM] F8: a 1-mark question takes one point, not five.
  ok   #9 L2.practice_questions[1].marks [MEDIUM] F8: key matched to the 1-mark form.
  ok   #10 L2.practice_questions[2].text [MEDIUM] F7: no 2-mark question exists on this paper.
  ok   #11 L2.practice_questions[2].type [MEDIUM] F7: re-labelled to a valid mark form.
  ok   #12 L2.practice_questions[2].marks [MEDIUM] F7: key matched to the 1-mark form.
  ok   #13 L2.practice_questions[3].text [MEDIUM] F9: thematic-paper stem replaced.
  PATCH L2: exam_tip_html, practice_questions
  ok   #14 L3.practice_questions[1].text [MEDIUM] F8: a 1-mark question takes one point, not three.
  ok   #15 L3.practice_questions[1].marks [MEDIUM] F8: key matched to the 1-mark form.
  ok   #16 L3.practice_questions[2].text [MEDIUM] F7: no 2-mark question exists on this paper.
  ok   #17 L3.practice_questions[2].type [MEDIUM] F7: re-labelled to a valid mark form.
  ok   #18 L3.practice_questions[2].marks [MEDIUM] F7: key matched to the 1-mark form.
  ok   #19 L3.practice_questions[3].text [MEDIUM] F9: thematic-paper stem replaced.
  PATCH L3: practice_questions
  ok   #20 L4.conclusion_html [HIGH] F1: Dhammapada 190-191 is about the refuges and the Four Noble Truths; it does not name sila, samadhi and pann
  ok   #21 L4.exam_tip_html [HIGH] F2: misattribution plus an invented quotation of the verse.
  ok   #22 L4.practice_questions[1].text [HIGH] F5: the old key gave Dhammapada 190-191 as the source of the Threefold Way; it is not.
  ok   #23 L4.practice_questions[1].marks [HIGH] F5: key now matches a verse that does say this.
  ok   #24 L4.practice_questions[2].text [MEDIUM] F7: no 2-mark question exists on this paper.
  ok   #25 L4.practice_questions[2].type [MEDIUM] F7: re-labelled to a valid mark form.
  ok   #26 L4.practice_questions[2].marks [MEDIUM] F7: key matched to the 1-mark form.
  ok   #27 L4.practice_questions[3].text [MEDIUM] F9: thematic-paper stem replaced.
  ok   #28 L4.practice_questions[5].marks [HIGH] F6: same misattribution inside the 12-mark model answer.
  ok   #29 L4.flashcard_questions[0].a [HIGH] F3: removed the false Dhammapada 190-191 attribution.
  ok   #30 L4.flashcard_questions[9].q [HIGH] F4: the old question assumed these verses describe the Threefold Way.
  ok   #31 L4.flashcard_questions[9].a [HIGH] F4: answer now matches what the verses say.
  PATCH L4: conclusion_html, exam_tip_html, practice_questions, flashcard_questions
=== 32 applied, 0 skipped, 4 lessons / 10 fields changed
