
=== RE-NARRATION (changed narrated text only) ===
backup: C:\Users\tshau\Documents\Study Vault\scripts\_retrofc\units\religious-studies-aqa__buddhism-beliefs\_backup.json
unit:   religious-studies-aqa / buddhism-beliefs
run: 2026-09-06T05:00:24Z  mode: LIVE
  L03: no narrated field changed -> skip

3 lessons, 5 clips to regenerate

  L01 (Ollie)  The Dhamma and the Three Marks of Existence
      n13: A common error is to translate anatta as “there is no soul” and stop there. The Buddhist teaching is more prec
             -> 490 KB, 41.8s, uploaded
      n19: On 6-mark Explain questions about Buddhism, you must refer to a sacred writing or another source of religious 
             -> 712 KB, 60.7s, uploaded
      manifest updated (19 entries)
  L02 (Ada)  The Human Personality and Human Destiny
      n15: This lesson is rich in sub-tradition contrast, which is exactly what top-band answers need. When explaining th
             -> 599 KB, 51.1s, uploaded
      manifest updated (15 entries)
  L04 (Ada)  The Eightfold Path and Buddhist Ethics
      n17: On questions about Buddhist ethics, sub-tradition contrast wins marks. When writing about the Five Precepts an
             -> 737 KB, 62.9s, uploaded
      n19: The Eightfold Path (magga) is the Fourth Noble Truth in practice, structured as the Threefold Way: sila (ethic
             -> 284 KB, 24.2s, uploaded
      manifest updated (21 entries)

Regenerated 5 clips.

=== VERIFY (ranged GET + freshness) ===
  206  L01 n13  bytes 0-3/501408  Last-Modified: Sun, 06 Sep 2026 05:00:38 GMT  mp3-sync=OK
  206  L01 n19  bytes 0-3/728928  Last-Modified: Sun, 06 Sep 2026 05:00:52 GMT  mp3-sync=OK
  206  L02 n15  bytes 0-3/613440  Last-Modified: Sun, 06 Sep 2026 05:01:04 GMT  mp3-sync=OK
  206  L04 n17  bytes 0-3/755136  Last-Modified: Sun, 06 Sep 2026 05:01:18 GMT  mp3-sync=OK
  206  L04 n19  bytes 0-3/290592  Last-Modified: Sun, 06 Sep 2026 05:01:25 GMT  mp3-sync=OK

5/5 clips verified HTTP 200/206 with fresh audio.
