
=== RE-NARRATION (changed narrated text only) ===
backup: C:\Users\tshau\Documents\Study Vault\scripts\_retrofc\units\business-ocr__operations-finance-influences\_backup.json
unit:   business-ocr / operations-finance-influences
run: 2026-09-06T10:22:54Z  mode: LIVE
  L08: fields edited but no narrated text changed -> skip
  L09: no narrated field changed -> skip

12 lessons, 23 clips to regenerate

  L01 (Ollie)  Production Processes & Technology
      n11: Flow production is continuous. Products move along an assembly line, and each station adds one small component
             -> 438 KB, 37.3s, uploaded
      manifest updated (27 entries)
  L02 (Ada)  Quality of Goods & Services
      n20: Returns cost money directly: the refund, the handling cost, the damaged item that cannot be resold. Product re
             -> 332 KB, 28.3s, uploaded
      n21: The financial hit of a quality failure is rarely just the refund. Tesco’s 2013 horsemeat crisis — beef burgers
             -> 377 KB, 32.2s, uploaded
      n24: On 3-mark Explain questions about quality control or assurance, always add a ‘because’ clause that links the m
             -> 415 KB, 35.4s, uploaded
      manifest updated (28 entries)
  L03 (Ollie)  The Sales Process & Customer Service
      n9: E-commerce has reshaped how almost every UK business sells. Retailers that adapted quickly — ASOS, Next, JD Sp
             -> 334 KB, 28.5s, uploaded
      n27: For 3-mark Explain questions on customer service, link the method to the business outcome — ‘strong product kn
             -> 350 KB, 29.9s, uploaded
      manifest updated (31 entries)
  L04 (Ada)  Consumer Law
      n12: In 2013 Tesco was exposed for selling beef products that contained horse DNA — clearly not ‘as described’. The
             -> 452 KB, 38.6s, uploaded
      manifest updated (29 entries)
  L05 (Ollie)  Business Location
      n21: Students lose marks by listing all four factors at a surface level. Pick the two that matter most for the name
             -> 321 KB, 27.4s, uploaded
      manifest updated (25 entries)
  L06 (Ada)  Working with Suppliers & Procurement
      n10: Key Fact . The four steps of procurement are: identify what to buy, choose a supplier, place the order, and re
             -> 154 KB, 13.1s, uploaded
      n23: Length of supply chain — short chains (a local miller delivering to a local bakery) are easier to manage and m
             -> 290 KB, 24.7s, uploaded
      manifest updated (34 entries)
  L07 (Ollie)  The Role of the Finance Function
      n21: The finance team is asked to run the numbers. Campaign A brings in £120,000 more sales than it costs, for £80,
             -> 429 KB, 36.6s, uploaded
      manifest updated (32 entries)
  L10 (Ada)  Profit Margins & Average Rate of Return
      n7: A supermarket has a low gross profit margin — only a few pence of every pound is left after paying for the sto
             -> 212 KB, 18.1s, uploaded
      manifest updated (43 entries)
  L11 (Ollie)  Break-even
      n18: Key Fact . Break-even (units) = Fixed costs ÷ Contribution per unit. Contribution = Selling price − Variable c
             -> 181 KB, 15.5s, uploaded
      n34: Break-even = Fixed costs ÷ Contribution per unit. Every unit above the point adds its contribution to profit; 
             -> 131 KB, 11.2s, uploaded
      manifest updated (36 entries)
  L12 (Ada)  Cash & Cash Flow
      n24: A forecast is a planning tool. It anticipates periods of cash shortage before they hit, so the owner has time 
             -> 399 KB, 34.1s, uploaded
      manifest updated (36 entries)
  L13 (Ollie)  Ethical & Environmental Considerations
      n2: When Primark found in 2013 that a factory in Bangladesh it bought clothes from had collapsed, killing more tha
             -> 316 KB, 26.9s, uploaded
      n5: Ethical treatment of workers covers pay, safety, hours, and dignity at work. Paying above the legal minimum wa
             -> 359 KB, 30.6s, uploaded
      n11: Ethical sourcing means choosing raw materials from suppliers who meet ethical and environmental standards — Fa
             -> 272 KB, 23.2s, uploaded
      n12: Ethical marketing means not targeting vulnerable groups (gambling adverts around children’s TV), not exaggerat
             -> 201 KB, 17.1s, uploaded
      n20: Waste disposal: recycling is now a standard cost. Costa Coffee runs cup-recycling schemes; Tesco takes back so
             -> 373 KB, 31.9s, uploaded
      n25: Ethics questions almost always reward a balanced answer — do not just write ‘being ethical is good’. For ‘Anal
             -> 383 KB, 32.7s, uploaded
      manifest updated (29 entries)
  L15 (Ollie)  The Interdependent Nature of Business
      n6: In January 2019 the UK bakery chain Greggs launched a vegan sausage roll nationwide. It became the fastest-sel
             -> 260 KB, 22.2s, uploaded
      n24: the synoptic section of the final paper includes synoptic questions. These are usually extended-response Discu
             -> 335 KB, 28.6s, uploaded
      manifest updated (33 entries)

Regenerated 23 clips.

=== VERIFY (ranged GET + freshness) ===
  206  L01 n11  bytes 0-3/448128  Last-Modified: Sun, 06 Sep 2026 10:23:09 GMT  mp3-sync=OK
  206  L02 n20  bytes 0-3/340128  Last-Modified: Sun, 06 Sep 2026 10:23:18 GMT  mp3-sync=OK
  206  L02 n21  bytes 0-3/386496  Last-Modified: Sun, 06 Sep 2026 10:23:26 GMT  mp3-sync=OK
  206  L02 n24  bytes 0-3/424512  Last-Modified: Sun, 06 Sep 2026 10:23:34 GMT  mp3-sync=OK
  206  L03 n9  bytes 0-3/341568  Last-Modified: Sun, 06 Sep 2026 10:23:42 GMT  mp3-sync=OK
  206  L03 n27  bytes 0-3/358560  Last-Modified: Sun, 06 Sep 2026 10:23:50 GMT  mp3-sync=OK
  206  L04 n12  bytes 0-3/462816  Last-Modified: Sun, 06 Sep 2026 10:24:00 GMT  mp3-sync=OK
  206  L05 n21  bytes 0-3/329184  Last-Modified: Sun, 06 Sep 2026 10:24:08 GMT  mp3-sync=OK
  206  L06 n10  bytes 0-3/157248  Last-Modified: Sun, 06 Sep 2026 10:24:12 GMT  mp3-sync=OK
  206  L06 n23  bytes 0-3/296928  Last-Modified: Sun, 06 Sep 2026 10:24:18 GMT  mp3-sync=OK
  206  L07 n21  bytes 0-3/439776  Last-Modified: Sun, 06 Sep 2026 10:24:28 GMT  mp3-sync=OK
  206  L10 n7  bytes 0-3/216576  Last-Modified: Sun, 06 Sep 2026 10:24:32 GMT  mp3-sync=OK
  206  L11 n18  bytes 0-3/185760  Last-Modified: Sun, 06 Sep 2026 10:24:37 GMT  mp3-sync=OK
  206  L11 n34  bytes 0-3/134208  Last-Modified: Sun, 06 Sep 2026 10:24:41 GMT  mp3-sync=OK
  206  L12 n24  bytes 0-3/408672  Last-Modified: Sun, 06 Sep 2026 10:24:49 GMT  mp3-sync=OK
  206  L13 n2  bytes 0-3/323424  Last-Modified: Sun, 06 Sep 2026 10:24:59 GMT  mp3-sync=OK
  206  L13 n5  bytes 0-3/367488  Last-Modified: Sun, 06 Sep 2026 10:25:06 GMT  mp3-sync=OK
  206  L13 n11  bytes 0-3/278784  Last-Modified: Sun, 06 Sep 2026 10:25:11 GMT  mp3-sync=OK
  206  L13 n12  bytes 0-3/205632  Last-Modified: Sun, 06 Sep 2026 10:25:16 GMT  mp3-sync=OK
  206  L13 n20  bytes 0-3/382176  Last-Modified: Sun, 06 Sep 2026 10:25:23 GMT  mp3-sync=OK
  206  L13 n25  bytes 0-3/392544  Last-Modified: Sun, 06 Sep 2026 10:25:30 GMT  mp3-sync=OK
  206  L15 n6  bytes 0-3/266688  Last-Modified: Sun, 06 Sep 2026 10:25:46 GMT  mp3-sync=OK
  206  L15 n24  bytes 0-3/343296  Last-Modified: Sun, 06 Sep 2026 10:25:57 GMT  mp3-sync=OK

23/23 clips verified HTTP 200/206 with fresh audio.
