
=== RE-NARRATION (changed narrated text only) ===
backup: C:\Users\tshau\Documents\Study Vault\scripts\_retrofc\units\english-literature-eduqas__war-of-the-worlds\_backup.json
unit:   english-literature-eduqas / war-of-the-worlds
run: 2026-09-04T01:45:11Z  mode: LIVE

8 lessons, 37 clips to regenerate

  L01 (Ollie)  Context: Victorian Science & Empire
      n9: Wells makes the colonial parallel explicit in the novel’s opening chapter, referencing the destruction of the 
             -> 385 KB, 32.8s, uploaded
      n14: In the exam you will receive a printed extract from The War of the Worlds and write about both the extract and
             -> 286 KB, 24.4s, uploaded
      manifest updated (18 entries)
  L02 (Ada)  Book 1 Opening: The Arrival
      n7: The crowd that gathers around the cylinder on Horsell Common behaves as if watching a spectacle. People arrive
             -> 334 KB, 28.5s, uploaded
      n12: The narrator’s psychological realism is one of Wells’s most powerful techniques. He admits that his mind kept 
             -> 362 KB, 30.9s, uploaded
      n16: The narrator himself struggles to comprehend what is happening. He admits that his mind kept returning to norm
             -> 307 KB, 26.2s, uploaded
      n17: Wells devotes significant attention to crowd behaviour during the evacuation. People trample one another, stea
             -> 304 KB, 26.0s, uploaded
      n18: If your extract comes from the early invasion scenes, analyse how Wells uses the contrast between normality an
             -> 224 KB, 19.1s, uploaded
      manifest updated (22 entries)
  L03 (Ollie)  Book 1 Continued: The Fall of Civilisation
      n2: As the invasion escalates, the Martians construct towering tripods — colossal three-legged war machines about 
             -> 356 KB, 30.4s, uploaded
      n8: The destruction of HMS Thunder Child is the most dramatic military engagement in the novel. An ironclad warshi
             -> 357 KB, 30.5s, uploaded
      n9: Wells devotes particular attention to the sounds of the invasion. The fighting machines howl “Aloo! Aloo!” to 
             -> 424 KB, 36.2s, uploaded
      n16: The destruction of HMS Thunder Child is particularly resonant. The warship represents the absolute pinnacle of
             -> 397 KB, 33.9s, uploaded
      manifest updated (21 entries)
  L04 (Ada)  Book 2: Survival & Resolution
      n3: The curate’s collapse is morally complex. He is not a villain but a man whose entire worldview — his faith tha
             -> 467 KB, 39.9s, uploaded
      n7: The artilleryman’s vision has a darker edge. He talks about forming a band of “able-bodied, clean-minded men”,
             -> 400 KB, 34.2s, uploaded
      n10: The novel’s resolution is one of the most famous in literature. The Martians are not defeated by human weapons
             -> 313 KB, 26.7s, uploaded
      n14: The novel ends with the narrator reflecting on the invasion’s legacy. He suggests that the experience has perm
             -> 285 KB, 24.3s, uploaded
      manifest updated (19 entries)
  L05 (Ollie)  Character & Narration
      n4: The unnamed narrator is a middle-class “professed and recognised writer on philosophical themes” living in Wok
             -> 309 KB, 26.4s, uploaded
      n9: The artilleryman appears twice: first as a shell-shocked survivor, then as a self-appointed visionary. His sec
             -> 350 KB, 29.9s, uploaded
      n17: In traditional Victorian novels, characters are developed through dialogue, backstory, and psychological insig
             -> 467 KB, 39.9s, uploaded
      n18: For the exam, analyse how Wells uses characters as types (Everyman, rhetoric, religion) rather than individual
             -> 191 KB, 16.3s, uploaded
      manifest updated (22 entries)
  L06 (Ada)  Science Fiction Genre & Structure
      n11: The narrator writes his account after the invasion has ended. This retrospective framing creates a dual perspe
             -> 410 KB, 35.0s, uploaded
      n13: Wells uses several distinctive techniques: (1) journalistic register — the narrator writes as if documenting e
             -> 301 KB, 25.7s, uploaded
      n17: The War of the Worlds established many of the conventions that science fiction still uses today: the alien inv
             -> 536 KB, 45.7s, uploaded
      n18: For the exam, analyse Wells’s structural choices (two-book division, pacing shifts) and narrative techniques (
             -> 228 KB, 19.4s, uploaded
      manifest updated (22 entries)
  L07 (Ollie)  Symbolism & Setting
      n2: The five most important themes in The War of the Worlds for the exam are: imperialism and colonisation, evolut
             -> 157 KB, 13.4s, uploaded
      n9: The Darwinian framework is consistent throughout the novel. The Martians are described in purely biological te
             -> 473 KB, 40.4s, uploaded
      n16: The novel ends with the narrator reflecting that we cannot regard this planet as “fenced in and a secure abidi
             -> 273 KB, 23.3s, uploaded
      n18: In the exam, the strongest responses will connect themes rather than treating them in isolation. For example, 
             -> 404 KB, 34.5s, uploaded
      manifest updated (23 entries)
  L08 (Ada)  Key Themes & Exam Technique
      n2: 19th-century novel questions typically give you a printed extract from the text and ask you to write about its
             -> 350 KB, 29.8s, uploaded
      n3: Key Fact . AO1: Critical response with textual references. AO2: Analysis of language, form, structure. AO3: Co
             -> 233 KB, 19.9s, uploaded
      n4: Context is assessed on this question, so your understanding of Victorian imperialism, Darwinism, class, and sc
             -> 367 KB, 31.3s, uploaded
      n8: Use: “Wells uses [technique] to present [idea], reflecting [context]. The effect on the reader is [impact]. Th
             -> 259 KB, 22.1s, uploaded
      n13: The strongest paragraphs integrate several AOs naturally. Begin with a clear analytical point about the extrac
             -> 458 KB, 39.0s, uploaded
      n15: Avoid: (1) Retelling the plot instead of analysing Wells’s methods. (2) Only discussing the extract without co
             -> 320 KB, 27.3s, uploaded
      n19: Quality of Expression
             -> 22 KB, 1.9s, uploaded
      n20: Written accuracy earns no marks on this question, but clear writing still helps you score. Write in formal aca
             -> 444 KB, 37.9s, uploaded
      n23: 40 marks for AO1, AO2 and AO3 (context) — spelling and grammar are not marked. Always write about extract AND 
             -> 122 KB, 10.4s, uploaded
      n25: Avoid retelling, context-listing, and vague expression. Use literary terminology and proofread.
             -> 87 KB, 7.4s, uploaded
      manifest updated (25 entries)

Regenerated 37 clips.

=== VERIFY (ranged GET + freshness) ===
  206  L01 n9  bytes 0-3/393984  Last-Modified: Fri, 04 Sep 2026 01:45:18 GMT  mp3-sync=OK
  206  L01 n14  bytes 0-3/292608  Last-Modified: Fri, 04 Sep 2026 01:45:23 GMT  mp3-sync=OK
  206  L02 n7  bytes 0-3/341568  Last-Modified: Fri, 04 Sep 2026 01:45:28 GMT  mp3-sync=OK
  206  L02 n12  bytes 0-3/370944  Last-Modified: Fri, 04 Sep 2026 01:45:33 GMT  mp3-sync=OK
  206  L02 n16  bytes 0-3/313920  Last-Modified: Fri, 04 Sep 2026 01:45:38 GMT  mp3-sync=OK
  206  L02 n17  bytes 0-3/311616  Last-Modified: Fri, 04 Sep 2026 01:45:43 GMT  mp3-sync=OK
  206  L02 n18  bytes 0-3/229248  Last-Modified: Fri, 04 Sep 2026 01:45:47 GMT  mp3-sync=OK
  206  L03 n2  bytes 0-3/364320  Last-Modified: Fri, 04 Sep 2026 01:45:52 GMT  mp3-sync=OK
  206  L03 n8  bytes 0-3/366048  Last-Modified: Fri, 04 Sep 2026 01:45:57 GMT  mp3-sync=OK
  206  L03 n9  bytes 0-3/434592  Last-Modified: Fri, 04 Sep 2026 01:46:04 GMT  mp3-sync=OK
  206  L03 n16  bytes 0-3/406656  Last-Modified: Fri, 04 Sep 2026 01:46:10 GMT  mp3-sync=OK
  206  L04 n3  bytes 0-3/478368  Last-Modified: Fri, 04 Sep 2026 01:46:17 GMT  mp3-sync=OK
  206  L04 n7  bytes 0-3/410112  Last-Modified: Fri, 04 Sep 2026 01:46:23 GMT  mp3-sync=OK
  206  L04 n10  bytes 0-3/320832  Last-Modified: Fri, 04 Sep 2026 01:46:27 GMT  mp3-sync=OK
  206  L04 n14  bytes 0-3/291744  Last-Modified: Fri, 04 Sep 2026 01:46:32 GMT  mp3-sync=OK
  206  L05 n4  bytes 0-3/316800  Last-Modified: Fri, 04 Sep 2026 01:46:37 GMT  mp3-sync=OK
  206  L05 n9  bytes 0-3/358560  Last-Modified: Fri, 04 Sep 2026 01:46:42 GMT  mp3-sync=OK
  206  L05 n17  bytes 0-3/478368  Last-Modified: Fri, 04 Sep 2026 01:46:49 GMT  mp3-sync=OK
  206  L05 n18  bytes 0-3/195264  Last-Modified: Fri, 04 Sep 2026 01:46:51 GMT  mp3-sync=OK
  206  L06 n11  bytes 0-3/419616  Last-Modified: Fri, 04 Sep 2026 01:46:57 GMT  mp3-sync=OK
  206  L06 n13  bytes 0-3/307872  Last-Modified: Fri, 04 Sep 2026 01:47:02 GMT  mp3-sync=OK
  206  L06 n17  bytes 0-3/548928  Last-Modified: Fri, 04 Sep 2026 01:47:09 GMT  mp3-sync=OK
  206  L06 n18  bytes 0-3/233280  Last-Modified: Fri, 04 Sep 2026 01:47:12 GMT  mp3-sync=OK
  206  L07 n2  bytes 0-3/160416  Last-Modified: Fri, 04 Sep 2026 01:47:15 GMT  mp3-sync=OK
  206  L07 n9  bytes 0-3/484704  Last-Modified: Fri, 04 Sep 2026 01:47:22 GMT  mp3-sync=OK
  206  L07 n16  bytes 0-3/279072  Last-Modified: Fri, 04 Sep 2026 01:47:26 GMT  mp3-sync=OK
  206  L07 n18  bytes 0-3/413856  Last-Modified: Fri, 04 Sep 2026 01:47:32 GMT  mp3-sync=OK
  206  L08 n2  bytes 0-3/357984  Last-Modified: Fri, 04 Sep 2026 01:47:37 GMT  mp3-sync=OK
  206  L08 n3  bytes 0-3/239040  Last-Modified: Fri, 04 Sep 2026 01:47:41 GMT  mp3-sync=OK
  206  L08 n4  bytes 0-3/375840  Last-Modified: Fri, 04 Sep 2026 01:47:46 GMT  mp3-sync=OK
  206  L08 n8  bytes 0-3/264960  Last-Modified: Fri, 04 Sep 2026 01:47:50 GMT  mp3-sync=OK
  206  L08 n13  bytes 0-3/468576  Last-Modified: Fri, 04 Sep 2026 01:47:57 GMT  mp3-sync=OK
  206  L08 n15  bytes 0-3/327168  Last-Modified: Fri, 04 Sep 2026 01:48:02 GMT  mp3-sync=OK
  206  L08 n19  bytes 0-3/22176  Last-Modified: Fri, 04 Sep 2026 01:48:03 GMT  mp3-sync=OK
  206  L08 n20  bytes 0-3/455040  Last-Modified: Fri, 04 Sep 2026 01:48:10 GMT  mp3-sync=OK
  206  L08 n23  bytes 0-3/124704  Last-Modified: Fri, 04 Sep 2026 01:48:12 GMT  mp3-sync=OK
  206  L08 n25  bytes 0-3/88704  Last-Modified: Fri, 04 Sep 2026 01:48:14 GMT  mp3-sync=OK

37/37 clips verified HTTP 200/206 with fresh audio.
