=== APPLY EDITS drama/blood-brothers  22 edits  LIVE  2026-09-18T07:38:05.226Z
  ok   #0 L1.content_html [MEDIUM] F5: the Narrator's opening line is 'So did y'hear the story of the Johnstone twins?'
  ok   #1 L1.practice_questions[1].text [MEDIUM] F5: same misquote in the question students answer; the mark scheme's pause after 'story' still applies
  ok   #2 L1.content_html [MEDIUM] F7: the spec sets no such rule; Section A is short-answer performance and design questions
  PATCH L1: content_html, practice_questions
  ok   #3 L2.content_html [MEDIUM] F6: the verified climax line; the old wording is not in the text
  PATCH L2: content_html
  ok   #4 L3.content_html [MEDIUM] F2: the play has no Beatles reference; Marilyn Monroe is the recurring cultural motif
  ok   #5 L3.content_html [MEDIUM] F3: Heseltine was sent as Minister for Merseyside and set up the Merseyside Task Force
  ok   #6 L3.knowledge_checks[4].right[1] [MEDIUM] F3: the answer key repeated the wrong claim; the replacement is still the historical-context item
  ok   #7 L3.content_html [MEDIUM] F4: the adult scenes belong to the early-1980s recession the lesson itself teaches
  ok   #8 L3.flashcard_questions[4].q [MEDIUM] F4: flashcard repeats the sentence
  ok   #9 L3.content_html [MEDIUM] F6: verified wording
  ok   #10 L3.content_html [LOW] F12: Jobseeker's Allowance has largely been replaced by Universal Credit
  ok   #11 L3.glossary_terms[4].definition [LOW] F12: same definition in the glossary
  PATCH L3: content_html, knowledge_checks, flashcard_questions, glossary_terms
  ok   #12 L5.content_html [LOW] F9: never name the board in student-facing text
  ok   #13 L5.content_html [MEDIUM] F8: the apron extends in front of the proscenium arch, not the wings
  PATCH L5: content_html
  ok   #14 L6.content_html [LOW] F9: never name the board in student-facing text
  PATCH L6: content_html
  ok   #15 L7.content_html [LOW] F9: never name the board in student-facing text
  ok   #16 L7.content_html [MEDIUM] F6: verified wording
  ok   #17 L7.content_html [MEDIUM] F10: 'increased proximity' means closer, the opposite of the point
  PATCH L7: content_html
  ok   #18 L8.content_html [LOW] F9: never name the board in student-facing text
  ok   #19 L8.content_html [HIGH] F1: Mickey does not know they are twins until Mrs Johnstone tells him during the confrontation; he goes to the
  ok   #20 L8.content_html [MEDIUM] F11: the locket holds a picture of Mrs Johnstone and Mickey
  ok   #21 L8.practice_questions[1].text [MEDIUM] F6: students were asked to perform a line that is not in the text; the mark scheme's emphasis on 'him' still a
  PATCH L8: content_html, practice_questions
=== 22 applied, 0 skipped, 7 lessons / 12 fields changed
