=== APPLY EDITS cambridge-nationals-engineering-design/principles-of-engineering-design  89 edits  LIVE  2026-09-04T07:00:38.872Z
  ok   #0 L1.flashcard_questions[2].a [MEDIUM] F1: complete the truncated answer with the verified point.
  ok   #1 L1.flashcard_questions[4].a [MEDIUM] F1: complete the truncated answer with the verified point.
  ok   #2 L1.flashcard_questions[7].a [MEDIUM] F1: complete the truncated answer with the verified point.
  ok   #3 L1.flashcard_questions[9].a [MEDIUM] F1: complete the truncated answer with the verified point.
  ok   #4 L1.flashcard_questions[11].a [MEDIUM] F1: complete the truncated answer with the verified point.
  ok   #79 L1.description [MEDIUM] F20: meet the 100-character description limit.
  PATCH L1: flashcard_questions, description
  ok   #5 L2.flashcard_questions[1].a [MEDIUM] F2: complete the truncated answer with the verified point.
  ok   #6 L2.flashcard_questions[7].a [MEDIUM] F2: complete the truncated answer with the verified point.
  ok   #7 L2.flashcard_questions[9].a [MEDIUM] F2: complete the truncated answer with the verified point.
  ok   #8 L2.flashcard_questions[10].a [MEDIUM] F2: complete the truncated answer with the verified point.
  ok   #80 L2.description [MEDIUM] F20: meet the 100-character description limit.
  PATCH L2: flashcard_questions, description
  ok   #9 L3.flashcard_questions[2].a [MEDIUM] F3: complete the truncated answer with the verified point.
  ok   #10 L3.flashcard_questions[5].a [MEDIUM] F3: complete the truncated answer with the verified point.
  ok   #11 L3.flashcard_questions[6].a [MEDIUM] F3: complete the truncated answer with the verified point.
  ok   #12 L3.flashcard_questions[7].a [MEDIUM] F3: complete the truncated answer with the verified point.
  ok   #13 L3.flashcard_questions[8].a [MEDIUM] F3: complete the truncated answer with the verified point.
  ok   #14 L3.flashcard_questions[9].a [MEDIUM] F3: complete the truncated answer with the verified point.
  ok   #15 L3.flashcard_questions[10].a [MEDIUM] F3: complete the truncated answer with the verified point.
  ok   #16 L3.flashcard_questions[11].a [MEDIUM] F3: complete the truncated answer with the verified point.
  ok   #81 L3.description [MEDIUM] F20: meet the 100-character description limit.
  PATCH L3: flashcard_questions, description
  ok   #17 L4.flashcard_questions[1].a [MEDIUM] F4: complete the truncated answer with the verified point.
  ok   #18 L4.flashcard_questions[2].a [MEDIUM] F4: complete the truncated answer with the verified point.
  ok   #19 L4.flashcard_questions[3].a [MEDIUM] F4: complete the truncated answer with the verified point.
  ok   #20 L4.flashcard_questions[4].a [MEDIUM] F4: complete the truncated answer with the verified point.
  ok   #21 L4.flashcard_questions[5].a [MEDIUM] F4: complete the truncated answer with the verified point.
  ok   #22 L4.flashcard_questions[6].a [MEDIUM] F4: complete the truncated answer with the verified point.
  ok   #23 L4.flashcard_questions[7].a [MEDIUM] F4: complete the truncated answer with the verified point.
  ok   #24 L4.flashcard_questions[8].a [MEDIUM] F4: complete the truncated answer with the verified point.
  ok   #25 L4.flashcard_questions[9].a [MEDIUM] F4: complete the truncated answer with the verified point.
  ok   #26 L4.flashcard_questions[10].a [MEDIUM] F4: complete the truncated answer with the verified point.
  ok   #27 L4.flashcard_questions[11].a [MEDIUM] F4: complete the truncated answer with the verified point.
  ok   #82 L4.description [MEDIUM] F20: meet the 100-character description limit.
  PATCH L4: flashcard_questions, description
  ok   #28 L5.content_html [HIGH] F5: standards are usually voluntary, not universal legal requirements.
  ok   #29 L5.content_html [HIGH] F5: UKCA does not universally replace CE marking.
  ok   #30 L5.content_html [HIGH] F5: correct the scope of marking, standards and conformity assessment.
  ok   #31 L5.conclusion_html [HIGH] F5: prevent the conclusion from treating BS and UKCA as universal legal requirements.
  ok   #32 L5.practice_questions[3].marks [HIGH] F5: align the house explanation with current Great Britain conformity guidance.
  ok   #33 L5.knowledge_checks[1].q [HIGH] F5: CE marking remains recognised for many Great Britain product categories.
  ok   #34 L5.knowledge_checks[1].options [HIGH] F5: retain one unambiguously correct option after correcting the question.
  ok   #35 L5.practice_questions[4].marks [MEDIUM] F6: remove the unsupported universal claim about repair law and power drills.
  ok   #36 L5.flashcard_questions[0].a [MEDIUM] F7: complete the truncated answer with the verified point.
  ok   #37 L5.flashcard_questions[2].a [MEDIUM] F7: complete the truncated answer with the verified point.
  ok   #38 L5.flashcard_questions[3].a [MEDIUM] F7: complete the truncated answer with the verified point.
  ok   #39 L5.flashcard_questions[4].a [MEDIUM] F7: complete the truncated answer with the verified point.
  ok   #40 L5.flashcard_questions[5].a [MEDIUM] F7: complete the truncated answer with the verified point.
  ok   #41 L5.flashcard_questions[7].a [MEDIUM] F7: complete the truncated answer with the verified point.
  ok   #42 L5.flashcard_questions[8].a [MEDIUM] F7: complete the truncated answer with the verified point.
  ok   #83 L5.description [MEDIUM] F20: meet the 100-character description limit.
  PATCH L5: content_html, conclusion_html, practice_questions, knowledge_checks, flashcard_questions, description
  ok   #43 L6.content_html [MEDIUM] F8: do not misclassify orthographic drawing as a 3D pictorial drawing.
  ok   #84 L6.description [MEDIUM] F20: meet the 100-character description limit.
  PATCH L6: content_html, description
  ok   #44 L7.content_html [MEDIUM] F9: keep the claim within the R038 teaching requirement.
  ok   #45 L7.content_html [MEDIUM] F9: correct the stated third-angle view arrangement.
  ok   #46 L7.content_html [MEDIUM] F9: ⌀ is a diameter symbol, not the Greek letter phi.
  ok   #47 L7.knowledge_checks[3].q [MEDIUM] F9: remove the incorrect name for the diameter symbol.
  ok   #85 L7.description [MEDIUM] F20: meet the 100-character description limit.
  PATCH L7: content_html, knowledge_checks, description
  ok   #48 L8.content_html [MEDIUM] F10: CAD does not automatically apply design tolerances.
  ok   #49 L8.content_html [MEDIUM] F10: CAD does not universally enforce correct drawing conventions.
  ok   #50 L8.content_html [MEDIUM] F10: distinguish CNC CAM from 3D-print slicing.
  ok   #51 L8.content_html [MEDIUM] F10: do not present STL as the required direct CAD-to-CAM route.
  ok   #52 L8.content_html [MEDIUM] F10: distinguish 3D-print preparation from CAM.
  ok   #53 L8.knowledge_checks[1].q [MEDIUM] F10: STL is a common 3D-printing format, not the universal CAM format.
  ok   #54 L8.practice_questions[3].marks [MEDIUM] F10: correct the CAD/CAM and dimensional-accuracy claims in the house answer.
  ok   #55 L8.flashcard_questions[4].a [MEDIUM] F10: distinguish CNC CAM from 3D-print slicing.
  ok   #56 L8.flashcard_questions[5].a [MEDIUM] F10: avoid treating STL as the universal CAM format.
  ok   #57 L8.flashcard_questions[6].a [MEDIUM] F11: complete the truncated answer with the verified point.
  ok   #58 L8.flashcard_questions[7].a [MEDIUM] F11: complete the truncated answer with the verified point.
  ok   #59 L8.flashcard_questions[10].a [MEDIUM] F11: complete the truncated answer with the verified point.
  ok   #86 L8.description [MEDIUM] F20: meet the 100-character description limit.
  PATCH L8: content_html, knowledge_checks, practice_questions, flashcard_questions, description
  ok   #60 L9.content_html [MEDIUM] F12: weighted scores do not make the underlying judgements objective.
  ok   #61 L9.content_html [MEDIUM] F12: scoring and weighting remain judgements.
  ok   #62 L9.content_html [MEDIUM] F12: a matrix cannot guarantee removal of bias.
  ok   #63 L9.content_html [MEDIUM] F12: remove the unsupported claim of objectivity.
  ok   #64 L9.conclusion_html [MEDIUM] F12: retain the limitation that subjective scores and weightings matter.
  ok   #65 L9.practice_questions[2].marks [MEDIUM] F12: correct the house answer’s claim of objectivity.
  ok   #66 L9.flashcard_questions[4].a [MEDIUM] F12: do not claim that a matrix removes personal bias.
  ok   #67 L9.flashcard_questions[2].a [MEDIUM] F13: complete the truncated answer with the verified point.
  ok   #68 L9.flashcard_questions[6].a [MEDIUM] F13: complete the truncated answer with the verified point.
  ok   #69 L9.flashcard_questions[9].a [MEDIUM] F13: complete the truncated answer with the verified point.
  ok   #70 L9.flashcard_questions[11].a [MEDIUM] F13: complete the truncated answer with the verified point.
  ok   #87 L9.description [MEDIUM] F20: meet the 100-character description limit.
  PATCH L9: content_html, conclusion_html, practice_questions, flashcard_questions, description
  ok   #71 L10.content_html [MEDIUM] F14: a card model can test simple functional features.
  ok   #72 L10.content_html [MEDIUM] F14: 3D-print accuracy is process- and setting-dependent.
  ok   #73 L10.flashcard_questions[4].a [MEDIUM] F15: complete the truncated answer with the verified point.
  ok   #74 L10.flashcard_questions[7].a [MEDIUM] F15: complete the truncated answer with the verified point.
  ok   #75 L10.flashcard_questions[8].a [MEDIUM] F15: complete the truncated answer with the verified point.
  ok   #76 L10.flashcard_questions[9].a [MEDIUM] F15: complete the truncated answer with the verified point.
  ok   #77 L10.flashcard_questions[10].a [MEDIUM] F15: complete the truncated answer with the verified point.
  ok   #78 L10.flashcard_questions[11].a [MEDIUM] F15: complete the truncated answer with the verified point.
  ok   #88 L10.description [MEDIUM] F20: meet the 100-character description limit.
  PATCH L10: content_html, flashcard_questions, description
=== 89 applied, 0 skipped, 10 lessons / 32 fields changed
=== APPLY EDITS cambridge-nationals-engineering-design/principles-of-engineering-design  89 edits  LIVE  2026-09-04T07:00:54.415Z
  ok   #0 L1.flashcard_questions[2].a [MEDIUM] F1: complete the truncated answer with the verified point.
  ok   #1 L1.flashcard_questions[4].a [MEDIUM] F1: complete the truncated answer with the verified point.
  ok   #2 L1.flashcard_questions[7].a [MEDIUM] F1: complete the truncated answer with the verified point.
  ok   #3 L1.flashcard_questions[9].a [MEDIUM] F1: complete the truncated answer with the verified point.
  ok   #4 L1.flashcard_questions[11].a [MEDIUM] F1: complete the truncated answer with the verified point.
  ok   #79 L1.description [MEDIUM] F20: meet the 100-character description limit.
  PATCH L1: flashcard_questions, description
  ok   #5 L2.flashcard_questions[1].a [MEDIUM] F2: complete the truncated answer with the verified point.
  ok   #6 L2.flashcard_questions[7].a [MEDIUM] F2: complete the truncated answer with the verified point.
  ok   #7 L2.flashcard_questions[9].a [MEDIUM] F2: complete the truncated answer with the verified point.
  ok   #8 L2.flashcard_questions[10].a [MEDIUM] F2: complete the truncated answer with the verified point.
  ok   #80 L2.description [MEDIUM] F20: meet the 100-character description limit.
  PATCH L2: flashcard_questions, description
  ok   #9 L3.flashcard_questions[2].a [MEDIUM] F3: complete the truncated answer with the verified point.
  ok   #10 L3.flashcard_questions[5].a [MEDIUM] F3: complete the truncated answer with the verified point.
  ok   #11 L3.flashcard_questions[6].a [MEDIUM] F3: complete the truncated answer with the verified point.
  ok   #12 L3.flashcard_questions[7].a [MEDIUM] F3: complete the truncated answer with the verified point.
  ok   #13 L3.flashcard_questions[8].a [MEDIUM] F3: complete the truncated answer with the verified point.
  ok   #14 L3.flashcard_questions[9].a [MEDIUM] F3: complete the truncated answer with the verified point.
  ok   #15 L3.flashcard_questions[10].a [MEDIUM] F3: complete the truncated answer with the verified point.
  ok   #16 L3.flashcard_questions[11].a [MEDIUM] F3: complete the truncated answer with the verified point.
  ok   #81 L3.description [MEDIUM] F20: meet the 100-character description limit.
  PATCH L3: flashcard_questions, description
  ok   #17 L4.flashcard_questions[1].a [MEDIUM] F4: complete the truncated answer with the verified point.
  ok   #18 L4.flashcard_questions[2].a [MEDIUM] F4: complete the truncated answer with the verified point.
  ok   #19 L4.flashcard_questions[3].a [MEDIUM] F4: complete the truncated answer with the verified point.
  ok   #20 L4.flashcard_questions[4].a [MEDIUM] F4: complete the truncated answer with the verified point.
  ok   #21 L4.flashcard_questions[5].a [MEDIUM] F4: complete the truncated answer with the verified point.
  ok   #22 L4.flashcard_questions[6].a [MEDIUM] F4: complete the truncated answer with the verified point.
  ok   #23 L4.flashcard_questions[7].a [MEDIUM] F4: complete the truncated answer with the verified point.
  ok   #24 L4.flashcard_questions[8].a [MEDIUM] F4: complete the truncated answer with the verified point.
  ok   #25 L4.flashcard_questions[9].a [MEDIUM] F4: complete the truncated answer with the verified point.
  ok   #26 L4.flashcard_questions[10].a [MEDIUM] F4: complete the truncated answer with the verified point.
  ok   #27 L4.flashcard_questions[11].a [MEDIUM] F4: complete the truncated answer with the verified point.
  ok   #82 L4.description [MEDIUM] F20: meet the 100-character description limit.
  PATCH L4: flashcard_questions, description
  ok   #28 L5.content_html [HIGH] F5: standards are usually voluntary, not universal legal requirements.
  ok   #29 L5.content_html [HIGH] F5: UKCA does not universally replace CE marking.
  ok   #30 L5.content_html [HIGH] F5: correct the scope of marking, standards and conformity assessment.
  ok   #31 L5.conclusion_html [HIGH] F5: prevent the conclusion from treating BS and UKCA as universal legal requirements.
  ok   #32 L5.practice_questions[3].marks [HIGH] F5: align the house explanation with current Great Britain conformity guidance.
  ok   #33 L5.knowledge_checks[1].q [HIGH] F5: CE marking remains recognised for many Great Britain product categories.
  ok   #34 L5.knowledge_checks[1].options [HIGH] F5: retain one unambiguously correct option after correcting the question.
  ok   #35 L5.practice_questions[4].marks [MEDIUM] F6: remove the unsupported universal claim about repair law and power drills.
  ok   #36 L5.flashcard_questions[0].a [MEDIUM] F7: complete the truncated answer with the verified point.
  ok   #37 L5.flashcard_questions[2].a [MEDIUM] F7: complete the truncated answer with the verified point.
  ok   #38 L5.flashcard_questions[3].a [MEDIUM] F7: complete the truncated answer with the verified point.
  ok   #39 L5.flashcard_questions[4].a [MEDIUM] F7: complete the truncated answer with the verified point.
  ok   #40 L5.flashcard_questions[5].a [MEDIUM] F7: complete the truncated answer with the verified point.
  ok   #41 L5.flashcard_questions[7].a [MEDIUM] F7: complete the truncated answer with the verified point.
  ok   #42 L5.flashcard_questions[8].a [MEDIUM] F7: complete the truncated answer with the verified point.
  ok   #83 L5.description [MEDIUM] F20: meet the 100-character description limit.
  PATCH L5: content_html, conclusion_html, practice_questions, knowledge_checks, flashcard_questions, description
  ok   #43 L6.content_html [MEDIUM] F8: do not misclassify orthographic drawing as a 3D pictorial drawing.
  ok   #84 L6.description [MEDIUM] F20: meet the 100-character description limit.
  PATCH L6: content_html, description
  ok   #44 L7.content_html [MEDIUM] F9: keep the claim within the R038 teaching requirement.
  ok   #45 L7.content_html [MEDIUM] F9: correct the stated third-angle view arrangement.
  ok   #46 L7.content_html [MEDIUM] F9: ⌀ is a diameter symbol, not the Greek letter phi.
  ok   #47 L7.knowledge_checks[3].q [MEDIUM] F9: remove the incorrect name for the diameter symbol.
  ok   #85 L7.description [MEDIUM] F20: meet the 100-character description limit.
  PATCH L7: content_html, knowledge_checks, description
  ok   #48 L8.content_html [MEDIUM] F10: CAD does not automatically apply design tolerances.
  ok   #49 L8.content_html [MEDIUM] F10: CAD does not universally enforce correct drawing conventions.
  ok   #50 L8.content_html [MEDIUM] F10: distinguish CNC CAM from 3D-print slicing.
  ok   #51 L8.content_html [MEDIUM] F10: do not present STL as the required direct CAD-to-CAM route.
  ok   #52 L8.content_html [MEDIUM] F10: distinguish 3D-print preparation from CAM.
  ok   #53 L8.knowledge_checks[1].q [MEDIUM] F10: STL is a common 3D-printing format, not the universal CAM format.
  ok   #54 L8.practice_questions[3].marks [MEDIUM] F10: correct the CAD/CAM and dimensional-accuracy claims in the house answer.
  ok   #55 L8.flashcard_questions[4].a [MEDIUM] F10: distinguish CNC CAM from 3D-print slicing.
  ok   #56 L8.flashcard_questions[5].a [MEDIUM] F10: avoid treating STL as the universal CAM format.
  ok   #57 L8.flashcard_questions[6].a [MEDIUM] F11: complete the truncated answer with the verified point.
  ok   #58 L8.flashcard_questions[7].a [MEDIUM] F11: complete the truncated answer with the verified point.
  ok   #59 L8.flashcard_questions[10].a [MEDIUM] F11: complete the truncated answer with the verified point.
  ok   #86 L8.description [MEDIUM] F20: meet the 100-character description limit.
  PATCH L8: content_html, knowledge_checks, practice_questions, flashcard_questions, description
  ok   #60 L9.content_html [MEDIUM] F12: weighted scores do not make the underlying judgements objective.
  ok   #61 L9.content_html [MEDIUM] F12: scoring and weighting remain judgements.
  ok   #62 L9.content_html [MEDIUM] F12: a matrix cannot guarantee removal of bias.
  ok   #63 L9.content_html [MEDIUM] F12: remove the unsupported claim of objectivity.
  ok   #64 L9.conclusion_html [MEDIUM] F12: retain the limitation that subjective scores and weightings matter.
  ok   #65 L9.practice_questions[2].marks [MEDIUM] F12: correct the house answer’s claim of objectivity.
  ok   #66 L9.flashcard_questions[4].a [MEDIUM] F12: do not claim that a matrix removes personal bias.
  ok   #67 L9.flashcard_questions[2].a [MEDIUM] F13: complete the truncated answer with the verified point.
  ok   #68 L9.flashcard_questions[6].a [MEDIUM] F13: complete the truncated answer with the verified point.
  ok   #69 L9.flashcard_questions[9].a [MEDIUM] F13: complete the truncated answer with the verified point.
  ok   #70 L9.flashcard_questions[11].a [MEDIUM] F13: complete the truncated answer with the verified point.
  ok   #87 L9.description [MEDIUM] F20: meet the 100-character description limit.
  PATCH L9: content_html, conclusion_html, practice_questions, flashcard_questions, description
  ok   #71 L10.content_html [MEDIUM] F14: a card model can test simple functional features.
  ok   #72 L10.content_html [MEDIUM] F14: 3D-print accuracy is process- and setting-dependent.
  ok   #73 L10.flashcard_questions[4].a [MEDIUM] F15: complete the truncated answer with the verified point.
  ok   #74 L10.flashcard_questions[7].a [MEDIUM] F15: complete the truncated answer with the verified point.
  ok   #75 L10.flashcard_questions[8].a [MEDIUM] F15: complete the truncated answer with the verified point.
  ok   #76 L10.flashcard_questions[9].a [MEDIUM] F15: complete the truncated answer with the verified point.
  ok   #77 L10.flashcard_questions[10].a [MEDIUM] F15: complete the truncated answer with the verified point.
  ok   #78 L10.flashcard_questions[11].a [MEDIUM] F15: complete the truncated answer with the verified point.
  ok   #88 L10.description [MEDIUM] F20: meet the 100-character description limit.
  PATCH L10: content_html, flashcard_questions, description
=== 89 applied, 0 skipped, 10 lessons / 32 fields changed
=== APPLY EDITS cambridge-nationals-engineering-design/principles-of-engineering-design  89 edits  LIVE  2026-09-04T07:01:14.628Z
  ok   #0 L1.flashcard_questions[2].a [MEDIUM] F1: complete the truncated answer with the verified point.
  ok   #1 L1.flashcard_questions[4].a [MEDIUM] F1: complete the truncated answer with the verified point.
  ok   #2 L1.flashcard_questions[7].a [MEDIUM] F1: complete the truncated answer with the verified point.
  ok   #3 L1.flashcard_questions[9].a [MEDIUM] F1: complete the truncated answer with the verified point.
  ok   #4 L1.flashcard_questions[11].a [MEDIUM] F1: complete the truncated answer with the verified point.
  ok   #79 L1.description [MEDIUM] F20: meet the 100-character description limit.
  PATCH L1: flashcard_questions, description
  ok   #5 L2.flashcard_questions[1].a [MEDIUM] F2: complete the truncated answer with the verified point.
  ok   #6 L2.flashcard_questions[7].a [MEDIUM] F2: complete the truncated answer with the verified point.
  ok   #7 L2.flashcard_questions[9].a [MEDIUM] F2: complete the truncated answer with the verified point.
  ok   #8 L2.flashcard_questions[10].a [MEDIUM] F2: complete the truncated answer with the verified point.
  ok   #80 L2.description [MEDIUM] F20: meet the 100-character description limit.
  PATCH L2: flashcard_questions, description
  ok   #9 L3.flashcard_questions[2].a [MEDIUM] F3: complete the truncated answer with the verified point.
  ok   #10 L3.flashcard_questions[5].a [MEDIUM] F3: complete the truncated answer with the verified point.
  ok   #11 L3.flashcard_questions[6].a [MEDIUM] F3: complete the truncated answer with the verified point.
  ok   #12 L3.flashcard_questions[7].a [MEDIUM] F3: complete the truncated answer with the verified point.
  ok   #13 L3.flashcard_questions[8].a [MEDIUM] F3: complete the truncated answer with the verified point.
  ok   #14 L3.flashcard_questions[9].a [MEDIUM] F3: complete the truncated answer with the verified point.
  ok   #15 L3.flashcard_questions[10].a [MEDIUM] F3: complete the truncated answer with the verified point.
  ok   #16 L3.flashcard_questions[11].a [MEDIUM] F3: complete the truncated answer with the verified point.
  ok   #81 L3.description [MEDIUM] F20: meet the 100-character description limit.
  PATCH L3: flashcard_questions, description
  ok   #17 L4.flashcard_questions[1].a [MEDIUM] F4: complete the truncated answer with the verified point.
  ok   #18 L4.flashcard_questions[2].a [MEDIUM] F4: complete the truncated answer with the verified point.
  ok   #19 L4.flashcard_questions[3].a [MEDIUM] F4: complete the truncated answer with the verified point.
  ok   #20 L4.flashcard_questions[4].a [MEDIUM] F4: complete the truncated answer with the verified point.
  ok   #21 L4.flashcard_questions[5].a [MEDIUM] F4: complete the truncated answer with the verified point.
  ok   #22 L4.flashcard_questions[6].a [MEDIUM] F4: complete the truncated answer with the verified point.
  ok   #23 L4.flashcard_questions[7].a [MEDIUM] F4: complete the truncated answer with the verified point.
  ok   #24 L4.flashcard_questions[8].a [MEDIUM] F4: complete the truncated answer with the verified point.
  ok   #25 L4.flashcard_questions[9].a [MEDIUM] F4: complete the truncated answer with the verified point.
  ok   #26 L4.flashcard_questions[10].a [MEDIUM] F4: complete the truncated answer with the verified point.
  ok   #27 L4.flashcard_questions[11].a [MEDIUM] F4: complete the truncated answer with the verified point.
  ok   #82 L4.description [MEDIUM] F20: meet the 100-character description limit.
  PATCH L4: flashcard_questions, description
  ok   #28 L5.content_html [HIGH] F5: standards are usually voluntary, not universal legal requirements.
  ok   #29 L5.content_html [HIGH] F5: UKCA does not universally replace CE marking.
  ok   #30 L5.content_html [HIGH] F5: correct the scope of marking, standards and conformity assessment.
  ok   #31 L5.conclusion_html [HIGH] F5: prevent the conclusion from treating BS and UKCA as universal legal requirements.
  ok   #32 L5.practice_questions[3].marks [HIGH] F5: align the house explanation with current Great Britain conformity guidance.
  ok   #33 L5.knowledge_checks[1].q [HIGH] F5: CE marking remains recognised for many Great Britain product categories.
  ok   #34 L5.knowledge_checks[1].options [HIGH] F5: retain one unambiguously correct option after correcting the question.
  ok   #35 L5.practice_questions[4].marks [MEDIUM] F6: remove the unsupported universal claim about repair law and power drills.
  ok   #36 L5.flashcard_questions[0].a [MEDIUM] F7: complete the truncated answer with the verified point.
  ok   #37 L5.flashcard_questions[2].a [MEDIUM] F7: complete the truncated answer with the verified point.
  ok   #38 L5.flashcard_questions[3].a [MEDIUM] F7: complete the truncated answer with the verified point.
  ok   #39 L5.flashcard_questions[4].a [MEDIUM] F7: complete the truncated answer with the verified point.
  ok   #40 L5.flashcard_questions[5].a [MEDIUM] F7: complete the truncated answer with the verified point.
  ok   #41 L5.flashcard_questions[7].a [MEDIUM] F7: complete the truncated answer with the verified point.
  ok   #42 L5.flashcard_questions[8].a [MEDIUM] F7: complete the truncated answer with the verified point.
  ok   #83 L5.description [MEDIUM] F20: meet the 100-character description limit.
  PATCH L5: content_html, conclusion_html, practice_questions, knowledge_checks, flashcard_questions, description
  ok   #43 L6.content_html [MEDIUM] F8: do not misclassify orthographic drawing as a 3D pictorial drawing.
  ok   #84 L6.description [MEDIUM] F20: meet the 100-character description limit.
  PATCH L6: content_html, description
  ok   #44 L7.content_html [MEDIUM] F9: keep the claim within the R038 teaching requirement.
  ok   #45 L7.content_html [MEDIUM] F9: correct the stated third-angle view arrangement.
  ok   #46 L7.content_html [MEDIUM] F9: ⌀ is a diameter symbol, not the Greek letter phi.
  ok   #47 L7.knowledge_checks[3].q [MEDIUM] F9: remove the incorrect name for the diameter symbol.
  ok   #85 L7.description [MEDIUM] F20: meet the 100-character description limit.
  PATCH L7: content_html, knowledge_checks, description
  ok   #48 L8.content_html [MEDIUM] F10: CAD does not automatically apply design tolerances.
  ok   #49 L8.content_html [MEDIUM] F10: CAD does not universally enforce correct drawing conventions.
  ok   #50 L8.content_html [MEDIUM] F10: distinguish CNC CAM from 3D-print slicing.
  ok   #51 L8.content_html [MEDIUM] F10: do not present STL as the required direct CAD-to-CAM route.
  ok   #52 L8.content_html [MEDIUM] F10: distinguish 3D-print preparation from CAM.
  ok   #53 L8.knowledge_checks[1].q [MEDIUM] F10: STL is a common 3D-printing format, not the universal CAM format.
  ok   #54 L8.practice_questions[3].marks [MEDIUM] F10: correct the CAD/CAM and dimensional-accuracy claims in the house answer.
  ok   #55 L8.flashcard_questions[4].a [MEDIUM] F10: distinguish CNC CAM from 3D-print slicing.
  ok   #56 L8.flashcard_questions[5].a [MEDIUM] F10: avoid treating STL as the universal CAM format.
  ok   #57 L8.flashcard_questions[6].a [MEDIUM] F11: complete the truncated answer with the verified point.
  ok   #58 L8.flashcard_questions[7].a [MEDIUM] F11: complete the truncated answer with the verified point.
  ok   #59 L8.flashcard_questions[10].a [MEDIUM] F11: complete the truncated answer with the verified point.
  ok   #86 L8.description [MEDIUM] F20: meet the 100-character description limit.
  PATCH L8: content_html, knowledge_checks, practice_questions, flashcard_questions, description
  ok   #60 L9.content_html [MEDIUM] F12: weighted scores do not make the underlying judgements objective.
  ok   #61 L9.content_html [MEDIUM] F12: scoring and weighting remain judgements.
  ok   #62 L9.content_html [MEDIUM] F12: a matrix cannot guarantee removal of bias.
  ok   #63 L9.content_html [MEDIUM] F12: remove the unsupported claim of objectivity.
  ok   #64 L9.conclusion_html [MEDIUM] F12: retain the limitation that subjective scores and weightings matter.
  ok   #65 L9.practice_questions[2].marks [MEDIUM] F12: correct the house answer’s claim of objectivity.
  ok   #66 L9.flashcard_questions[4].a [MEDIUM] F12: do not claim that a matrix removes personal bias.
  ok   #67 L9.flashcard_questions[2].a [MEDIUM] F13: complete the truncated answer with the verified point.
  ok   #68 L9.flashcard_questions[6].a [MEDIUM] F13: complete the truncated answer with the verified point.
  ok   #69 L9.flashcard_questions[9].a [MEDIUM] F13: complete the truncated answer with the verified point.
  ok   #70 L9.flashcard_questions[11].a [MEDIUM] F13: complete the truncated answer with the verified point.
  ok   #87 L9.description [MEDIUM] F20: meet the 100-character description limit.
  PATCH L9: content_html, conclusion_html, practice_questions, flashcard_questions, description
  ok   #71 L10.content_html [MEDIUM] F14: a card model can test simple functional features.
  ok   #72 L10.content_html [MEDIUM] F14: 3D-print accuracy is process- and setting-dependent.
  ok   #73 L10.flashcard_questions[4].a [MEDIUM] F15: complete the truncated answer with the verified point.
  ok   #74 L10.flashcard_questions[7].a [MEDIUM] F15: complete the truncated answer with the verified point.
  ok   #75 L10.flashcard_questions[8].a [MEDIUM] F15: complete the truncated answer with the verified point.
  ok   #76 L10.flashcard_questions[9].a [MEDIUM] F15: complete the truncated answer with the verified point.
  ok   #77 L10.flashcard_questions[10].a [MEDIUM] F15: complete the truncated answer with the verified point.
  ok   #78 L10.flashcard_questions[11].a [MEDIUM] F15: complete the truncated answer with the verified point.
  ok   #88 L10.description [MEDIUM] F20: meet the 100-character description limit.
  PATCH L10: content_html, flashcard_questions, description
=== 89 applied, 0 skipped, 10 lessons / 32 fields changed
