
=== RE-NARRATION (changed narrated text only) ===
backup: C:\Users\tshau\Documents\Study Vault\scripts\_retrofc\units\cambridge-nationals-engineering-design__principles-of-engineering-design\_backup.json
unit:   cambridge-nationals-engineering-design / principles-of-engineering-design
run: 2026-09-04T07:01:17Z  mode: LIVE
  L01: no narrated field changed -> skip
  L02: no narrated field changed -> skip
  L03: no narrated field changed -> skip
  L04: no narrated field changed -> skip
  L06: fields edited but no narrated text changed -> skip

5 lessons, 12 clips to regenerate

  L05 (Ollie)  Factors Influencing Design (2): Standards, Sustainability and Market Forces
      n8: Engineering products must meet recognised quality and safety standards that specify how a product should be de
             -> 382 KB, 32.6s, uploaded
      n9: After Brexit, the UK introduced the UKCA mark (United Kingdom Conformity Assessed) as the UK equivalent of the
             -> 375 KB, 32.0s, uploaded
      n24: Designers must identify the relevant product regulations and conformity requirements. British Standards can he
             -> 169 KB, 14.4s, uploaded
      manifest updated (25 entries)
  L07 (Ollie)  Working Drawings & Conventions
      n4: This course uses third-angle orthographic projection . The object is imagined placed inside a transparent glas
             -> 464 KB, 39.6s, uploaded
      n9: Dimensions are added using dimension lines, projection lines and leader lines, all drawn as thin continuous li
             -> 686 KB, 58.5s, uploaded
      manifest updated (21 entries)
  L08 (Ada)  CAD & Communicating Designs Digitally
      n4: CAD offers several significant advantages compared to manual drawing techniques. CAD allows dimensions to be e
             -> 593 KB, 50.6s, uploaded
      n13: One of the most important advantages of 3D CAD is its direct link to manufacture. A 3D CAD model can be sent t
             -> 464 KB, 39.6s, uploaded
      manifest updated (19 entries)
  L09 (Ollie)  Evaluating Design Ideas
      n9: A ranking matrix (also called a decision matrix or weighted matrix) provides a more systematic method of compa
             -> 476 KB, 40.6s, uploaded
      n14: Each evaluation method has strengths and limitations. Production of models is hands-on and reveals real-world 
             -> 538 KB, 45.9s, uploaded
      n18: Ranking matrices can reduce personal bias by applying criteria consistently, but the quality of the evaluation
             -> 112 KB, 9.5s, uploaded
      manifest updated (19 entries)
  L10 (Ada)  Modelling Methods & Evaluating a Design Outcome
      n7: Card modelling involves cutting, folding and gluing sheets of card (or foam board) to produce a quick, low-cos
             -> 647 KB, 55.2s, uploaded
      n11: 3D printing (additive manufacture) builds a physical object layer by layer from a 3D CAD file (typically STL f
             -> 816 KB, 69.6s, uploaded
      manifest updated (22 entries)

Regenerated 12 clips.

=== VERIFY (ranged GET + freshness) ===
  206  L05 n8  bytes 0-3/391392  Last-Modified: Fri, 04 Sep 2026 07:01:24 GMT  mp3-sync=OK
  206  L05 n9  bytes 0-3/384192  Last-Modified: Fri, 04 Sep 2026 07:01:30 GMT  mp3-sync=OK
  206  L05 n24  bytes 0-3/172800  Last-Modified: Fri, 04 Sep 2026 07:01:33 GMT  mp3-sync=OK
  206  L07 n4  bytes 0-3/474912  Last-Modified: Fri, 04 Sep 2026 07:01:40 GMT  mp3-sync=OK
  206  L07 n9  bytes 0-3/702144  Last-Modified: Fri, 04 Sep 2026 07:01:50 GMT  mp3-sync=OK
  206  L08 n4  bytes 0-3/606816  Last-Modified: Fri, 04 Sep 2026 07:02:00 GMT  mp3-sync=OK
  206  L08 n13  bytes 0-3/474912  Last-Modified: Fri, 04 Sep 2026 07:02:07 GMT  mp3-sync=OK
  206  L09 n9  bytes 0-3/487008  Last-Modified: Fri, 04 Sep 2026 07:02:14 GMT  mp3-sync=OK
  206  L09 n14  bytes 0-3/550656  Last-Modified: Fri, 04 Sep 2026 07:02:21 GMT  mp3-sync=OK
  206  L09 n18  bytes 0-3/114336  Last-Modified: Fri, 04 Sep 2026 07:02:24 GMT  mp3-sync=OK
  206  L10 n7  bytes 0-3/662688  Last-Modified: Fri, 04 Sep 2026 07:02:33 GMT  mp3-sync=OK
  206  L10 n11  bytes 0-3/835488  Last-Modified: Fri, 04 Sep 2026 07:02:45 GMT  mp3-sync=OK

12/12 clips verified HTTP 200/206 with fresh audio.
