=== APPLY EDITS film-studies-eduqas/us-independent  17 edits  LIVE  2026-09-04T23:53:03.822Z
  ok   #0 L1.exam_tip_html [HIGH] F1: Section C awards 5 AO1 marks and 10 AO2 marks.
  ok   #1 L1.content_html [MEDIUM] F2: The short premiered at Sundance in 2013; the feature premiered there in 2014.
  ok   #2 L1.flashcard_questions[11].q [MEDIUM] F2: Corrects the short film’s year without changing the recall task.
  PATCH L1: exam_tip_html, content_html, flashcard_questions
  ok   #3 L2.content_html [MEDIUM] F3: The opening-titles song is by Barry Louis Polisar, not Kimya Dawson.
  ok   #4 L2.practice_questions[2].marks [MEDIUM] F3: Corrects the factual answer point while preserving the house 5-mark allocation.
  ok   #5 L2.exam_tip_html [MEDIUM] F4: Fox Searchlight distributed Juno; it was produced by Mandate Pictures and Mr. Mudd.
  ok   #6 L2.exam_tip_html [HIGH] F5: The examination response is 15 marks; the lesson’s 25-mark prompt is house practice.
  PATCH L2: content_html, practice_questions, exam_tip_html
  ok   #7 L3.exam_tip_html [HIGH] F6: The examination response is 15 marks; the lesson’s 25-mark prompt is house practice.
  PATCH L3: exam_tip_html
  ok   #8 L4.content_html [MEDIUM] F7: A24 is independent, not a specialty division of a major studio.
  ok   #9 L4.content_html [MEDIUM] F8: Separates the three-act structure from Todorov’s equilibrium model.
  ok   #10 L4.glossary_terms[3].definition [MEDIUM] F8: Keeps the glossary consistent with the corrected definition.
  PATCH L4: content_html, glossary_terms
  ok   #11 L6.content_html [HIGH] F9: The specification requires prior study of three set source types rather than describing a fresh source sup
  ok   #12 L6.content_html [HIGH] F9: The specification says the source list is valid for at least three years, not exactly three.
  ok   #13 L6.exam_tip_html [HIGH] F10: Removes an unsupported examination mark claim; Section C is a 15-mark response.
  PATCH L6: content_html, exam_tip_html
  ok   #14 L7.content_html [MEDIUM] F11: The film was nominated for Outstanding Motion Picture; Stenberg won Outstanding Actress.
  ok   #15 L7.content_html [MEDIUM] F11: Attributes the award accurately.
  ok   #16 L7.content_html [MEDIUM] F12: Corrects the film’s studio-division production and distribution route.
  PATCH L7: content_html
=== 17 applied, 0 skipped, 6 lessons / 12 fields changed
