
=== RE-NARRATION (changed narrated text only) ===
backup: C:\Users\tshau\Documents\Study Vault\scripts\_retrofc\units\film-studies-eduqas__us-independent\_backup.json
unit:   film-studies-eduqas / us-independent
run: 2026-09-04T23:53:07Z  mode: LIVE

6 lessons, 11 clips to regenerate

  L01 (Ollie)  What Is American Independent Cinema?
      n18: For genuinely low-budget independent productions, the festival circuit remains the primary route to distributi
             -> 379 KB, 32.4s, uploaded
      n19: The extended-writing question on the US independent film rewards AO2 (analysis) more heavily than AO1 (knowled
             -> 683 KB, 58.3s, uploaded
      manifest updated (23 entries)
  L02 (Ada)  Juno: Tonal Comedy and the Indie Voice
      n9: Crucially, Barry Louis Polisar’s ‘All I Want Is You’ begins over this sequence as non-diegetic music: the gent
             -> 400 KB, 34.1s, uploaded
      n16: For the extended-writing question on the US independent film, the most consistent high-mark error is using AO1
             -> 733 KB, 62.6s, uploaded
      manifest updated (20 entries)
  L03 (Ollie)  Whiplash: Cutting, Sound and Pursuit of Greatness
      n18: For the extended-writing question on Whiplash , the most common high-mark error is retelling the story of Andr
             -> 717 KB, 61.2s, uploaded
      manifest updated (22 entries)
  L04 (Ada)  Lady Bird: Coming-of-Age and Greta Gerwig's Direction
      n2: Lady Bird (2017) is the solo directorial debut of Greta Gerwig, made for approximately $10 million and distrib
             -> 516 KB, 44.0s, uploaded
      manifest updated (24 entries)
  L06 (Ada)  Specialist Writing on Film: Reviews, Theory, Cinematography
      n2: The extended-writing question on the US independent film draws on three set sources: one on US independent fil
             -> 397 KB, 33.9s, uploaded
      n22: For the extended-writing question that involves a source, the most common error is summarising what the critic
             -> 721 KB, 61.5s, uploaded
      manifest updated (26 entries)
  L07 (Ollie)  The Hate U Give: Issue-Led Indie
      n2: The Hate U Give (2018) is directed by George Tillman Jr. and adapted from Angie Thomas’s bestselling 2017 YA n
             -> 572 KB, 48.8s, uploaded
      n4: Key Fact . The Hate U Give (2018): director George Tillman Jr., adapted from Angie Thomas’s novel, cinematogra
             -> 352 KB, 30.0s, uploaded
      n13: Students sometimes question why The Hate U Give is studied as an issue-led indie when it was distributed by 20
             -> 599 KB, 51.1s, uploaded
      manifest updated (26 entries)

Regenerated 11 clips.

=== VERIFY (ranged GET + freshness) ===
  206  L01 n18  bytes 0-3/388512  Last-Modified: Fri, 04 Sep 2026 23:53:15 GMT  mp3-sync=OK
  206  L01 n19  bytes 0-3/699840  Last-Modified: Fri, 04 Sep 2026 23:53:24 GMT  mp3-sync=OK
  206  L02 n9  bytes 0-3/409824  Last-Modified: Fri, 04 Sep 2026 23:53:29 GMT  mp3-sync=OK
  206  L02 n16  bytes 0-3/750816  Last-Modified: Fri, 04 Sep 2026 23:53:39 GMT  mp3-sync=OK
  206  L03 n18  bytes 0-3/734400  Last-Modified: Fri, 04 Sep 2026 23:53:49 GMT  mp3-sync=OK
  206  L04 n2  bytes 0-3/527904  Last-Modified: Fri, 04 Sep 2026 23:53:56 GMT  mp3-sync=OK
  206  L06 n2  bytes 0-3/406944  Last-Modified: Fri, 04 Sep 2026 23:54:01 GMT  mp3-sync=OK
  206  L06 n22  bytes 0-3/738432  Last-Modified: Fri, 04 Sep 2026 23:54:11 GMT  mp3-sync=OK
  206  L07 n2  bytes 0-3/585792  Last-Modified: Fri, 04 Sep 2026 23:54:19 GMT  mp3-sync=OK
  206  L07 n4  bytes 0-3/360288  Last-Modified: Fri, 04 Sep 2026 23:54:24 GMT  mp3-sync=OK
  206  L07 n13  bytes 0-3/613728  Last-Modified: Fri, 04 Sep 2026 23:54:32 GMT  mp3-sync=OK

11/11 clips verified HTTP 200/206 with fresh audio.
