
=== RE-NARRATION (changed narrated text only) ===
backup: C:\Users\tshau\Documents\Study Vault\scripts\_retrofc\units\computer-science__computational-thinking\_backup.json
unit:   computer-science / computational-thinking
run: 2026-09-06T11:08:40Z  mode: LIVE
  L01: no narrated field changed -> skip
  L02: no narrated field changed -> skip
  L03: fields edited but no narrated text changed -> skip

2 lessons, 2 clips to regenerate

  L07 (Ollie)  Advanced Programming Techniques
      n26: Watch the command word carefully. “State” or “identify” wants a quick fact, such as naming the keyword that en
             -> 301 KB, 25.7s, uploaded
      manifest updated (26 entries)
  L09 (Ollie)  Testing & Debugging
      n29: Questions on this topic love the word ‘identify’ or ‘give’ — if you are given a scenario with a valid range, b
             -> 346 KB, 29.5s, uploaded
      manifest updated (29 entries)

Regenerated 2 clips.

=== VERIFY (ranged GET + freshness) ===
  206  L07 n26  bytes 0-3/307872  Last-Modified: Sun, 06 Sep 2026 11:08:49 GMT  mp3-sync=OK
  206  L09 n29  bytes 0-3/353952  Last-Modified: Sun, 06 Sep 2026 11:08:56 GMT  mp3-sync=OK

2/2 clips verified HTTP 200/206 with fresh audio.
