=== APPLY EDITS english-literature-aqa/a-christmas-carol  24 edits  LIVE  2026-09-01T22:55:04.386Z
  ok   #0 L1.content_html [MEDIUM] F1: Malthus died in 1834, three years before Victoria came to the throne.
  ok   #1 L1.glossary_terms[3].definition [MEDIUM] F1: same correction in the glossary.
  ok   #2 L1.flashcard_questions[7].a [MEDIUM] F1: same correction on the flashcard.
  PATCH L1: content_html, glossary_terms, flashcard_questions
  ok   #3 L2.content_html [MEDIUM] F2: Stave 1 reads "Darkness is cheap".
  ok   #4 L2.practice_questions[5].text [MEDIUM] F2: same correction in the question stem.
  ok   #5 L2.knowledge_checks[4].left[1] [MEDIUM] F2: same correction in the matching item.
  ok   #6 L2.flashcard_questions[13].a [MEDIUM] F2: same correction on the flashcard.
  PATCH L2: content_html, practice_questions, knowledge_checks, flashcard_questions
  ok   #8 L3.content_html [HIGH] F3: the quoted line is from the Belle scene and describes greed setting in, not joy returning.
  ok   #9 L3.content_html [HIGH] F4: the tip asked the student to recall a cause of death the novella never gives.
  ok   #10 L3.flashcard_questions[5].q [HIGH] F4: the old question presumed a fact Dickens never states.
  ok   #11 L3.flashcard_questions[5].a [HIGH] F4: death in childbirth comes from film versions, not the text.
  ok   #12 L3.practice_questions[4].type [MEDIUM] F5: unseen poetry is Paper 2 Section C; this is the Paper 1 novel.
  PATCH L3: content_html, flashcard_questions, practice_questions
  ok   #7 L4.content_html [MEDIUM] F2: same correction where Lesson 4 recalls the Stave 1 line.
  PATCH L4: content_html
  ok   #13 L5.content_html [HIGH] F6: the line is Mrs Cratchit's memory of before the death; Dickens's grief signal is that Bob now walks slower
  ok   #14 L5.flashcard_questions[8].q [HIGH] F6: there is no walk home from the grave in the text.
  ok   #15 L5.flashcard_questions[8].a [HIGH] F6: the quotation belongs to Mrs Cratchit and to the time before Tim died.
  PATCH L5: content_html, flashcard_questions
  ok   #19 L6.content_html [LOW] F9: the bedpost, the bed, the room and the Time.
  ok   #20 L6.practice_questions[2].text [LOW] F10: the mark scheme rewards Dickens's emphasis on NOT, so the extract must carry it.
  PATCH L6: content_html, practice_questions
  ok   #16 L7.content_html [HIGH] F7: the old quotation is not in the novella; this one is Fred's real closing line in Stave 1.
  PATCH L7: content_html
  ok   #17 L8.content_html [HIGH] F8: Dickens writes "as merry as a schoolboy" and "as giddy as a drunken man".
  ok   #18 L8.flashcard_questions[4].a [HIGH] F8: same correction on the flashcard.
  ok   #21 L8.practice_questions[5].text [MEDIUM] F11: no extract is printed with this question.
  ok   #22 L8.content_html [LOW] F12: the printed subtitle is "In Prose. Being a Ghost Story of Christmas".
  ok   #23 L8.flashcard_questions[1].a [LOW] F12: same correction on the flashcard.
  PATCH L8: content_html, flashcard_questions, practice_questions
=== 24 applied, 0 skipped, 8 lessons / 19 fields changed
=== APPLY EDITS english-literature-aqa/a-christmas-carol  24 edits  LIVE  2026-09-01T22:56:15.797Z
  ok   #0 L1.content_html [MEDIUM] F1: Malthus died in 1834, three years before Victoria came to the throne.
  ok   #1 L1.glossary_terms[3].definition [MEDIUM] F1: same correction in the glossary.
  ok   #2 L1.flashcard_questions[7].a [MEDIUM] F1: same correction on the flashcard.
  PATCH L1: content_html, glossary_terms, flashcard_questions
  ok   #3 L2.content_html [MEDIUM] F2: Stave 1 reads "Darkness is cheap".
  ok   #4 L2.practice_questions[5].text [MEDIUM] F2: same correction in the question stem.
  ok   #5 L2.knowledge_checks[4].left[1] [MEDIUM] F2: same correction in the matching item.
  ok   #6 L2.flashcard_questions[13].a [MEDIUM] F2: same correction on the flashcard.
  PATCH L2: content_html, practice_questions, knowledge_checks, flashcard_questions
  ok   #8 L3.content_html [HIGH] F3: the quoted line is from the Belle scene and describes greed setting in, not joy returning.
  ok   #9 L3.content_html [HIGH] F4: the tip asked the student to recall a cause of death the novella never gives.
  ok   #10 L3.flashcard_questions[5].q [HIGH] F4: the old question presumed a fact Dickens never states.
  ok   #11 L3.flashcard_questions[5].a [HIGH] F4: death in childbirth comes from film versions, not the text.
  ok   #12 L3.practice_questions[4].type [MEDIUM] F5: unseen poetry is Paper 2 Section C; this is the Paper 1 novel.
  PATCH L3: content_html, flashcard_questions, practice_questions
  ok   #7 L4.content_html [MEDIUM] F2: same correction where Lesson 4 recalls the Stave 1 line.
  PATCH L4: content_html
  ok   #13 L5.content_html [HIGH] F6: the line is Mrs Cratchit's memory of before the death; Dickens's grief signal is that Bob now walks slower
  ok   #14 L5.flashcard_questions[8].q [HIGH] F6: there is no walk home from the grave in the text.
  ok   #15 L5.flashcard_questions[8].a [HIGH] F6: the quotation belongs to Mrs Cratchit and to the time before Tim died.
  PATCH L5: content_html, flashcard_questions
  ok   #19 L6.content_html [LOW] F9: the bedpost, the bed, the room and the Time.
  ok   #20 L6.practice_questions[2].text [LOW] F10: the mark scheme rewards Dickens's emphasis on NOT, so the extract must carry it.
  PATCH L6: content_html, practice_questions
  ok   #16 L7.content_html [HIGH] F7: the old quotation is not in the novella; this one is Fred's real closing line in Stave 1.
  PATCH L7: content_html
  ok   #17 L8.content_html [HIGH] F8: Dickens writes "as merry as a schoolboy" and "as giddy as a drunken man".
  ok   #18 L8.flashcard_questions[4].a [HIGH] F8: same correction on the flashcard.
  ok   #21 L8.practice_questions[5].text [MEDIUM] F11: no extract is printed with this question.
  ok   #22 L8.content_html [LOW] F12: the printed subtitle is "In Prose. Being a Ghost Story of Christmas".
  ok   #23 L8.flashcard_questions[1].a [LOW] F12: same correction on the flashcard.
  PATCH L8: content_html, flashcard_questions, practice_questions
=== 24 applied, 0 skipped, 8 lessons / 19 fields changed
=== APPLY EDITS english-literature-aqa/a-christmas-carol  24 edits  LIVE  2026-09-01T22:57:04.242Z
  ok   #0 L1.content_html [MEDIUM] F1: Malthus died in 1834, three years before Victoria came to the throne.
  ok   #1 L1.glossary_terms[3].definition [MEDIUM] F1: same correction in the glossary.
  ok   #2 L1.flashcard_questions[7].a [MEDIUM] F1: same correction on the flashcard.
  PATCH L1: content_html, glossary_terms, flashcard_questions
  ok   #3 L2.content_html [MEDIUM] F2: Stave 1 reads "Darkness is cheap".
  ok   #4 L2.practice_questions[5].text [MEDIUM] F2: same correction in the question stem.
  ok   #5 L2.knowledge_checks[4].left[1] [MEDIUM] F2: same correction in the matching item.
  ok   #6 L2.flashcard_questions[13].a [MEDIUM] F2: same correction on the flashcard.
  PATCH L2: content_html, practice_questions, knowledge_checks, flashcard_questions
  ok   #8 L3.content_html [HIGH] F3: the quoted line is from the Belle scene and describes greed setting in, not joy returning.
  ok   #9 L3.content_html [HIGH] F4: the tip asked the student to recall a cause of death the novella never gives.
  ok   #10 L3.flashcard_questions[5].q [HIGH] F4: the old question presumed a fact Dickens never states.
  ok   #11 L3.flashcard_questions[5].a [HIGH] F4: death in childbirth comes from film versions, not the text.
  ok   #12 L3.practice_questions[4].type [MEDIUM] F5: unseen poetry is Paper 2 Section C; this is the Paper 1 novel.
  PATCH L3: content_html, flashcard_questions, practice_questions
  ok   #7 L4.content_html [MEDIUM] F2: same correction where Lesson 4 recalls the Stave 1 line.
  PATCH L4: content_html
  ok   #13 L5.content_html [HIGH] F6: the line is Mrs Cratchit's memory of before the death; Dickens's grief signal is that Bob now walks slower
  ok   #14 L5.flashcard_questions[8].q [HIGH] F6: there is no walk home from the grave in the text.
  ok   #15 L5.flashcard_questions[8].a [HIGH] F6: the quotation belongs to Mrs Cratchit and to the time before Tim died.
  PATCH L5: content_html, flashcard_questions
  ok   #19 L6.content_html [LOW] F9: the bedpost, the bed, the room and the Time.
  ok   #20 L6.practice_questions[2].text [LOW] F10: the mark scheme rewards Dickens's emphasis on NOT, so the extract must carry it.
  PATCH L6: content_html, practice_questions
  ok   #16 L7.content_html [HIGH] F7: the old quotation is not in the novella; this one is Fred's real closing line in Stave 1.
  PATCH L7: content_html
  ok   #17 L8.content_html [HIGH] F8: Dickens writes "as merry as a schoolboy" and "as giddy as a drunken man".
  ok   #18 L8.flashcard_questions[4].a [HIGH] F8: same correction on the flashcard.
  ok   #21 L8.practice_questions[5].text [MEDIUM] F11: no extract is printed with this question.
  ok   #22 L8.content_html [LOW] F12: the printed subtitle is "In Prose. Being a Ghost Story of Christmas".
  ok   #23 L8.flashcard_questions[1].a [LOW] F12: same correction on the flashcard.
  PATCH L8: content_html, flashcard_questions, practice_questions
=== 24 applied, 0 skipped, 8 lessons / 19 fields changed
