
=== RE-NARRATION (changed narrated text only) ===
backup: C:\Users\tshau\Documents\Study Vault\scripts\_retrofc\units\english-literature-aqa__a-christmas-carol\_backup.json
unit:   english-literature-aqa / a-christmas-carol
run: 2026-09-01T22:57:07Z  mode: LIVE
  L01: fields edited but no narrated text changed -> skip

7 lessons, 8 clips to regenerate

  L02 (Ada)  Stave 1: Scrooge's Isolation
      n11: The setting of Stave 1 is dark, foggy, and bitterly cold. Dickens writes: “Darkness is cheap, and Scrooge like
             -> 256 KB, 21.8s, uploaded
      manifest updated (24 entries)
  L03 (Ollie)  Stave 2: Memory & Regret
      n13: The scene with Fan shows Scrooge’s capacity for joy and love. When she arrives, the lonely boy is suddenly ful
             -> 202 KB, 17.2s, uploaded
      manifest updated (29 entries)
  L04 (Ada)  Stave 3: Poverty & Generosity
      n6: Dickens continues the light versus darkness motif that runs through the novella. In Stave 1, “Darkness is chea
             -> 426 KB, 36.4s, uploaded
      manifest updated (23 entries)
  L05 (Ollie)  Stave 4: Fear & Mortality
      n11: In contrast to the cold indifference surrounding Scrooge’s death, Dickens presents the death of Tiny Tim with 
             -> 348 KB, 29.7s, uploaded
      manifest updated (26 entries)
  L06 (Ada)  Stave 5: Transformation & Redemption
      n2: Stave 5 opens with one of the most joyful moments in English literature. Scrooge wakes up and the bedpost is h
             -> 325 KB, 27.7s, uploaded
      manifest updated (27 entries)
  L07 (Ollie)  Characters & Relationships
      n11: Fred is Scrooge’s nephew, the son of his beloved sister Fan. He represents the true spirit of Christmas: warmt
             -> 285 KB, 24.3s, uploaded
      manifest updated (28 entries)
  L08 (Ada)  Themes & Dickens' Message
      n3: Key Fact . Dickens gave the novella the subtitle 'Being a Ghost Story of Christmas' but its real purpose was s
             -> 120 KB, 10.2s, uploaded
      n6: Scrooge's redemption follows a clear pattern. Initially, he is described as 'hard and sharp as flint' and care
             -> 246 KB, 21.0s, uploaded
      manifest updated (24 entries)

Regenerated 8 clips.

=== VERIFY (ranged GET + freshness) ===
  206  L02 n11  bytes 0-3/261792  Last-Modified: Tue, 01 Sep 2026 22:57:14 GMT  mp3-sync=OK
  206  L03 n13  bytes 0-3/206784  Last-Modified: Tue, 01 Sep 2026 22:57:18 GMT  mp3-sync=OK
  206  L04 n6  bytes 0-3/436320  Last-Modified: Tue, 01 Sep 2026 22:57:24 GMT  mp3-sync=OK
  206  L05 n11  bytes 0-3/356544  Last-Modified: Tue, 01 Sep 2026 22:57:29 GMT  mp3-sync=OK
  206  L06 n2  bytes 0-3/332640  Last-Modified: Tue, 01 Sep 2026 22:57:34 GMT  mp3-sync=OK
  206  L07 n11  bytes 0-3/292032  Last-Modified: Tue, 01 Sep 2026 22:57:39 GMT  mp3-sync=OK
  206  L08 n3  bytes 0-3/122688  Last-Modified: Tue, 01 Sep 2026 22:57:41 GMT  mp3-sync=OK
  206  L08 n6  bytes 0-3/252000  Last-Modified: Tue, 01 Sep 2026 22:57:45 GMT  mp3-sync=OK

8/8 clips verified HTTP 200/206 with fresh audio.
