2026-09-02T19:41:18 L1 content_html: removed leaked fact-check instruction(s) (D&T L1 MDF leak, D&T L1 blockboard leak) and applied the intended wording; re-narrated.
=== APPLY EDITS design-technology-eduqas/timber-in-depth  16 edits  LIVE  2026-09-06T09:18:59.933Z
  ok   #0 L1.content_html [HIGH] F1: leaked fact-check instruction left in the student text (and in the n20 narration).
  PATCH L1: content_html
  ok   #1 L2.content_html [MEDIUM] F2: house rule - the board is never named in student-facing prose.
  ok   #2 L2.content_html [HIGH] F3: lamination is not cross-grain; alternating grain at 90 degrees is plywood.
  ok   #3 L2.content_html [HIGH] F3: same error repeated in the defects panel.
  ok   #4 L2.content_html [MEDIUM] F4: MDF is far less stiff than solid timber along the grain (MOE about 3 GPa vs about 10 GPa).
  ok   #5 L2.content_html [MEDIUM] F5: it is the dead (loose) knot that falls out, not the hard (live) knot.
  PATCH L2: content_html
  ok   #6 L4.content_html [HIGH] F6: leaked fact-check instruction inside the knock-down fittings definition.
  ok   #7 L4.glossary_terms[2].definition [HIGH] F6: same leaked instruction in the glossary entry.
  ok   #8 L4.content_html [HIGH] F7: the list under this heading contains box joints, so the heading was wrong.
  ok   #9 L4.content_html [HIGH] F7: butt and housing were taught as frame joints; the spec classes them as box/carcass.
  ok   #10 L4.content_html [HIGH] F7: keeps the two sections consistent after the classification fix.
  ok   #11 L4.content_html [LOW] F8: the spec calls this joint a comb joint, so the student must recognise that name.
  ok   #12 L4.content_html [LOW] F9: the oval shank reduces splitting, not the head.
  PATCH L4: content_html, glossary_terms
  ok   #13 L5.content_html [MEDIUM] F10: &sub; is the subset symbol; the text rendered as garbage.
  ok   #14 L5.content_html [MEDIUM] F10: second broken entity in the same panel.
  ok   #15 L5.content_html [MEDIUM] F11: invented claim about how answers are marked.
  PATCH L5: content_html
=== 16 applied, 0 skipped, 4 lessons / 5 fields changed
