
=== RE-NARRATION (changed narrated text only) ===
backup: C:\Users\tshau\Documents\Study Vault\scripts\_retrofc\units\computer-science-eduqas__logic-data-os\_backup.json
unit:   computer-science-eduqas / logic-data-os
run: 2026-09-06T10:29:30Z  mode: LIVE

3 lessons, 11 clips to regenerate

  L01 (Ollie)  Logical Operators and Truth Tables
      n20: Notice the extra intermediate column. In the exam, when a question includes a combined circuit, fill in every 
             -> 134 KB, 11.4s, uploaded
      n22: A second mistake is filling in only the output column for combined-gate questions. Intermediate columns are pa
             -> 199 KB, 17.0s, uploaded
      n25: The course names four logical operators: AND, OR, NOT and XOR. Two further gates build on them and are worth k
             -> 319 KB, 27.2s, uploaded
      n28: A truth table question can carry more than one mark, so complete every column and not just the last one. Alway
             -> 408 KB, 34.8s, uploaded
      n31: For combined-gate truth tables, add an intermediate column for each gate stage and fill every cell.
             -> 72 KB, 6.1s, uploaded
      manifest updated (32 entries)
  L02 (Ada)  Boolean Algebra and Simplification
      n31: In a “simplify a Boolean expression” question, write the law name beside every step. Boolean simplification is
             -> 365 KB, 31.1s, uploaded
      manifest updated (35 entries)
  L04 (Ada)  Operating Systems and Utility Software
      n12: The OS controls how RAM is allocated between running programs. When more programs are open than RAM can hold, 
             -> 354 KB, 30.2s, uploaded
      n14: Key Fact . Paging divides RAM into fixed-size pages. Inactive pages are written to a reserved area of the back
             -> 234 KB, 19.9s, uploaded
      n29: Partition editor, disk formatter and disk checker: a partition editor divides a physical storage device into s
             -> 320 KB, 27.3s, uploaded
      n36: In “describe” questions about the OS, name the specific function and explain what it does — “the OS manages me
             -> 471 KB, 40.2s, uploaded
      n40: Utility software maintains the system: key examples include anti-virus, backup, disk defragmenter, disk compre
             -> 242 KB, 20.7s, uploaded
      manifest updated (40 entries)

Regenerated 11 clips.

=== VERIFY (ranged GET + freshness) ===
  206  L01 n20  bytes 0-3/137376  Last-Modified: Sun, 06 Sep 2026 10:30:46 GMT  mp3-sync=OK
  206  L01 n22  bytes 0-3/203616  Last-Modified: Sun, 06 Sep 2026 10:30:51 GMT  mp3-sync=OK
  206  L01 n25  bytes 0-3/326880  Last-Modified: Sun, 06 Sep 2026 10:30:58 GMT  mp3-sync=OK
  206  L01 n28  bytes 0-3/417600  Last-Modified: Sun, 06 Sep 2026 10:31:07 GMT  mp3-sync=OK
  206  L01 n31  bytes 0-3/73728  Last-Modified: Sun, 06 Sep 2026 10:31:10 GMT  mp3-sync=OK
  206  L02 n31  bytes 0-3/373824  Last-Modified: Sun, 06 Sep 2026 10:31:19 GMT  mp3-sync=OK
  206  L04 n12  bytes 0-3/362304  Last-Modified: Sun, 06 Sep 2026 10:31:28 GMT  mp3-sync=OK
  206  L04 n14  bytes 0-3/239328  Last-Modified: Sun, 06 Sep 2026 10:31:33 GMT  mp3-sync=OK
  206  L04 n29  bytes 0-3/327168  Last-Modified: Sun, 06 Sep 2026 10:31:39 GMT  mp3-sync=OK
  206  L04 n36  bytes 0-3/482400  Last-Modified: Sun, 06 Sep 2026 10:31:49 GMT  mp3-sync=OK
  206  L04 n40  bytes 0-3/248256  Last-Modified: Sun, 06 Sep 2026 10:31:53 GMT  mp3-sync=OK

11/11 clips verified HTTP 200/206 with fresh audio.
