=== APPLY EDITS english-literature-ocr/jane-eyre  289 edits  LIVE  2026-09-02T21:15:16.177Z
  ok   #0 L1.content_html [MEDIUM] F4: ch. 33 — 'Were we not four? Twenty thousand pounds shared equally would be five thousand each.' Jane keeps
  ok   #42 L1.practice_questions[0].type [HIGH] F1: Jane Eyre is the 19th-century prose text on the modern and literary heritage paper; Shakespeare sits in th
  ok   #43 L1.practice_questions[1].type [HIGH] F1: Jane Eyre is the 19th-century prose text on the modern and literary heritage paper; Shakespeare sits in th
  ok   #44 L1.practice_questions[2].type [HIGH] F1: Jane Eyre is the 19th-century prose text on the modern and literary heritage paper; Shakespeare sits in th
  ok   #45 L1.practice_questions[3].type [HIGH] F1: Jane Eyre is the 19th-century prose text on the modern and literary heritage paper; Shakespeare sits in th
  ok   #46 L1.practice_questions[4].type [HIGH] F1: Jane Eyre is the 19th-century prose text on the modern and literary heritage paper; Shakespeare sits in th
  ok   #47 L1.practice_questions[5].type [HIGH] F1: Jane Eyre is the 19th-century prose text on the modern and literary heritage paper; Shakespeare sits in th
  ok   #90 L1.practice_questions[0].marks [MEDIUM] F2: the old ladder used non-house band names and did not scale to the real 40-mark total; rescaled to five equ
  ok   #91 L1.practice_questions[1].marks [MEDIUM] F2: the old ladder used non-house band names and did not scale to the real 40-mark total; rescaled to five equ
  ok   #92 L1.practice_questions[2].marks [MEDIUM] F2: the old ladder used non-house band names and did not scale to the real 40-mark total; rescaled to five equ
  ok   #93 L1.practice_questions[3].marks [MEDIUM] F2: the old ladder used non-house band names and did not scale to the real 40-mark total; rescaled to five equ
  ok   #94 L1.practice_questions[4].marks [MEDIUM] F2: the old ladder used non-house band names and did not scale to the real 40-mark total; rescaled to five equ
  ok   #95 L1.practice_questions[5].marks [MEDIUM] F2: the old ladder used non-house band names and did not scale to the real 40-mark total; rescaled to five equ
  PATCH L1: content_html, practice_questions
  ok   #1 L2.content_html [HIGH] F5: fabricated quotation. Ch. 2 says the opposite — her 'habitual mood of humiliation... fell damp on the embe
  ok   #2 L2.content_html [HIGH] F6: fabricated quotation. Ch. 7: 'you may indeed feed their vile bodies, but you little think how you starve t
  ok   #3 L2.content_html [LOW] F7: ch. 7 — the elder lady, Mrs Brocklehurst, 'wore a false front of French curls'.
  ok   #4 L2.content_html [MEDIUM] F8: neither 'benumbing' nor 'infractions of the rules' is in the novel. Ch. 7 gives the two-mile walk to Brock
  ok   #5 L2.content_html [HIGH] F9: fabricated quotation. Helen's real line is ch. 6; 'but reading the New Testament' is not in the text.
  ok   #6 L2.content_html [HIGH] F10: ch. 9 — 'I am going to God' is said during the night; Helen's last words are 'Good-night, Jane.'
  ok   #7 L2.content_html [MEDIUM] F11: ch. 10 — 'I remained an inmate of its walls... for eight years: six as pupil, and two as teacher.'
  ok   #8 L2.flashcard_questions[8].a [LOW] F7: ch. 7 — Mrs Brocklehurst 'wore a false front of French curls'.
  ok   #9 L2.flashcard_questions[10].a [HIGH] F9: fabricated quotation replaced with Helen's real ch. 6 line.
  ok   #10 L2.flashcard_questions[11].q [HIGH] F30: typhus sweeps the school but Helen dies of consumption — ch. 9: 'her complaint was consumption, not typhu
  ok   #11 L2.flashcard_questions[11].a [HIGH] F30: the card taught that typhus killed Helen; the lesson body says consumption.
  ok   #12 L2.flashcard_questions[12].a [HIGH] F10: ch. 9 — 'I am going to God' comes earlier in the conversation; her final words are 'Good-night, Jane.'
  ok   #13 L2.knowledge_checks[3].q [HIGH] F10: 'I am going to God' is not Helen's last line; 'Good-night, Jane' is.
  ok   #48 L2.practice_questions[0].type [HIGH] F1: Jane Eyre is the 19th-century prose text on the modern and literary heritage paper; Shakespeare sits in th
  ok   #49 L2.practice_questions[1].type [HIGH] F1: Jane Eyre is the 19th-century prose text on the modern and literary heritage paper; Shakespeare sits in th
  ok   #50 L2.practice_questions[2].type [HIGH] F1: Jane Eyre is the 19th-century prose text on the modern and literary heritage paper; Shakespeare sits in th
  ok   #51 L2.practice_questions[3].type [HIGH] F1: Jane Eyre is the 19th-century prose text on the modern and literary heritage paper; Shakespeare sits in th
  ok   #52 L2.practice_questions[4].type [HIGH] F1: Jane Eyre is the 19th-century prose text on the modern and literary heritage paper; Shakespeare sits in th
  ok   #53 L2.practice_questions[5].type [HIGH] F1: Jane Eyre is the 19th-century prose text on the modern and literary heritage paper; Shakespeare sits in th
  ok   #96 L2.practice_questions[0].marks [MEDIUM] F2: the old ladder used non-house band names and did not scale to the real 40-mark total; rescaled to five equ
  ok   #97 L2.practice_questions[1].marks [MEDIUM] F2: the old ladder used non-house band names and did not scale to the real 40-mark total; rescaled to five equ
  ok   #98 L2.practice_questions[2].marks [MEDIUM] F2: the old ladder used non-house band names and did not scale to the real 40-mark total; rescaled to five equ
  ok   #99 L2.practice_questions[3].marks [MEDIUM] F2: the old ladder used non-house band names and did not scale to the real 40-mark total; rescaled to five equ
  ok   #100 L2.practice_questions[4].marks [MEDIUM] F2: the old ladder used non-house band names and did not scale to the real 40-mark total; rescaled to five equ
  ok   #101 L2.practice_questions[5].marks [MEDIUM] F2: the old ladder used non-house band names and did not scale to the real 40-mark total; rescaled to five equ
  ok   #138 L2.practice_questions[0].text [MEDIUM] F3: the author's name is misspelt Brönte for Brontë throughout lessons 2-8 (211 occurrences).
  ok   #139 L2.practice_questions[1].text [MEDIUM] F3: the author's name is misspelt Brönte for Brontë throughout lessons 2-8 (211 occurrences).
  ok   #140 L2.practice_questions[2].text [MEDIUM] F3: the author's name is misspelt Brönte for Brontë throughout lessons 2-8 (211 occurrences).
  ok   #141 L2.practice_questions[3].text [MEDIUM] F3: the author's name is misspelt Brönte for Brontë throughout lessons 2-8 (211 occurrences).
  ok   #142 L2.practice_questions[3].marks [MEDIUM] F3: the author's name is misspelt Brönte for Brontë throughout lessons 2-8 (211 occurrences).
  ok   #143 L2.practice_questions[4].text [MEDIUM] F3: the author's name is misspelt Brönte for Brontë throughout lessons 2-8 (211 occurrences).
  ok   #144 L2.practice_questions[4].marks [MEDIUM] F3: the author's name is misspelt Brönte for Brontë throughout lessons 2-8 (211 occurrences).
  ok   #145 L2.practice_questions[5].text [MEDIUM] F3: the author's name is misspelt Brönte for Brontë throughout lessons 2-8 (211 occurrences).
  ok   #185 L2.content_html [MEDIUM] F3: the author's name is misspelt Brönte for Brontë throughout lessons 2-8 (211 occurrences).
  ok   #186 L2.content_html [MEDIUM] F3: the author's name is misspelt Brönte for Brontë throughout lessons 2-8 (211 occurrences).
  ok   #187 L2.content_html [MEDIUM] F3: the author's name is misspelt Brönte for Brontë throughout lessons 2-8 (211 occurrences).
  ok   #188 L2.content_html [MEDIUM] F3: the author's name is misspelt Brönte for Brontë throughout lessons 2-8 (211 occurrences).
  ok   #189 L2.content_html [MEDIUM] F3: the author's name is misspelt Brönte for Brontë throughout lessons 2-8 (211 occurrences).
  ok   #190 L2.content_html [MEDIUM] F3: the author's name is misspelt Brönte for Brontë throughout lessons 2-8 (211 occurrences).
  ok   #191 L2.content_html [MEDIUM] F3: the author's name is misspelt Brönte for Brontë throughout lessons 2-8 (211 occurrences).
  ok   #192 L2.content_html [MEDIUM] F3: the author's name is misspelt Brönte for Brontë throughout lessons 2-8 (211 occurrences).
  ok   #193 L2.content_html [MEDIUM] F3: the author's name is misspelt Brönte for Brontë throughout lessons 2-8 (211 occurrences).
  ok   #194 L2.exam_tip_html [MEDIUM] F3: the author's name is misspelt Brönte for Brontë throughout lessons 2-8 (211 occurrences).
  ok   #195 L2.conclusion_html [MEDIUM] F3: the author's name is misspelt Brönte for Brontë throughout lessons 2-8 (211 occurrences).
  PATCH L2: content_html, flashcard_questions, knowledge_checks, practice_questions, exam_tip_html, conclusion_html
  ok   #14 L3.content_html [MEDIUM] F12: plot order. In ch. 23 the 'no bird' speech comes before the proposal and ends 'which I now exert to leave
  ok   #15 L3.content_html [MEDIUM] F13: ch. 15 and ch. 36 are the two occasions; there is no third fire.
  ok   #16 L3.content_html [MEDIUM] F14: ch. 14 — Rochester bases the claim on being 'old enough to be your father' and better travelled; Jane ans
  ok   #17 L3.content_html [MEDIUM] F15: ch. 23 — 'I feigned courtship of Miss Ingram, because I wished to render you as madly in love with me as 
  ok   #18 L3.content_html [MEDIUM] F16: the refusal is ch. 27, the first chapter of Volume III.
  ok   #19 L3.flashcard_questions[10].a [MEDIUM] F15: Rochester's own stated reason, ch. 23.
  ok   #54 L3.practice_questions[0].type [HIGH] F1: Jane Eyre is the 19th-century prose text on the modern and literary heritage paper; Shakespeare sits in th
  ok   #55 L3.practice_questions[1].type [HIGH] F1: Jane Eyre is the 19th-century prose text on the modern and literary heritage paper; Shakespeare sits in th
  ok   #56 L3.practice_questions[2].type [HIGH] F1: Jane Eyre is the 19th-century prose text on the modern and literary heritage paper; Shakespeare sits in th
  ok   #57 L3.practice_questions[3].type [HIGH] F1: Jane Eyre is the 19th-century prose text on the modern and literary heritage paper; Shakespeare sits in th
  ok   #58 L3.practice_questions[4].type [HIGH] F1: Jane Eyre is the 19th-century prose text on the modern and literary heritage paper; Shakespeare sits in th
  ok   #59 L3.practice_questions[5].type [HIGH] F1: Jane Eyre is the 19th-century prose text on the modern and literary heritage paper; Shakespeare sits in th
  ok   #102 L3.practice_questions[0].marks [MEDIUM] F2: the old ladder used non-house band names and did not scale to the real 40-mark total; rescaled to five equ
  ok   #103 L3.practice_questions[1].marks [MEDIUM] F2: the old ladder used non-house band names and did not scale to the real 40-mark total; rescaled to five equ
  ok   #104 L3.practice_questions[2].marks [MEDIUM] F2: the old ladder used non-house band names and did not scale to the real 40-mark total; rescaled to five equ
  ok   #105 L3.practice_questions[3].marks [MEDIUM] F2: the old ladder used non-house band names and did not scale to the real 40-mark total; rescaled to five equ
  ok   #106 L3.practice_questions[4].marks [MEDIUM] F2: the old ladder used non-house band names and did not scale to the real 40-mark total; rescaled to five equ
  ok   #107 L3.practice_questions[5].marks [MEDIUM] F2: the old ladder used non-house band names and did not scale to the real 40-mark total; rescaled to five equ
  ok   #146 L3.practice_questions[0].text [MEDIUM] F3: the author's name is misspelt Brönte for Brontë throughout lessons 2-8 (211 occurrences).
  ok   #147 L3.practice_questions[1].text [MEDIUM] F3: the author's name is misspelt Brönte for Brontë throughout lessons 2-8 (211 occurrences).
  ok   #148 L3.practice_questions[2].text [MEDIUM] F3: the author's name is misspelt Brönte for Brontë throughout lessons 2-8 (211 occurrences).
  ok   #149 L3.practice_questions[2].marks [MEDIUM] F3: the author's name is misspelt Brönte for Brontë throughout lessons 2-8 (211 occurrences).
  ok   #150 L3.practice_questions[3].text [MEDIUM] F3: the author's name is misspelt Brönte for Brontë throughout lessons 2-8 (211 occurrences).
  ok   #151 L3.practice_questions[4].text [MEDIUM] F3: the author's name is misspelt Brönte for Brontë throughout lessons 2-8 (211 occurrences).
  ok   #152 L3.practice_questions[5].text [MEDIUM] F3: the author's name is misspelt Brönte for Brontë throughout lessons 2-8 (211 occurrences).
  ok   #196 L3.content_html [MEDIUM] F3: the author's name is misspelt Brönte for Brontë throughout lessons 2-8 (211 occurrences).
  ok   #197 L3.content_html [MEDIUM] F3: the author's name is misspelt Brönte for Brontë throughout lessons 2-8 (211 occurrences).
  ok   #198 L3.content_html [MEDIUM] F3: the author's name is misspelt Brönte for Brontë throughout lessons 2-8 (211 occurrences).
  ok   #199 L3.content_html [MEDIUM] F3: the author's name is misspelt Brönte for Brontë throughout lessons 2-8 (211 occurrences).
  ok   #200 L3.content_html [MEDIUM] F3: the author's name is misspelt Brönte for Brontë throughout lessons 2-8 (211 occurrences).
  ok   #201 L3.content_html [MEDIUM] F3: the author's name is misspelt Brönte for Brontë throughout lessons 2-8 (211 occurrences).
  ok   #202 L3.content_html [MEDIUM] F3: the author's name is misspelt Brönte for Brontë throughout lessons 2-8 (211 occurrences).
  ok   #203 L3.content_html [MEDIUM] F3: the author's name is misspelt Brönte for Brontë throughout lessons 2-8 (211 occurrences).
  ok   #204 L3.exam_tip_html [MEDIUM] F3: the author's name is misspelt Brönte for Brontë throughout lessons 2-8 (211 occurrences).
  ok   #205 L3.exam_tip_html [MEDIUM] F3: the author's name is misspelt Brönte for Brontë throughout lessons 2-8 (211 occurrences).
  ok   #206 L3.conclusion_html [MEDIUM] F3: the author's name is misspelt Brönte for Brontë throughout lessons 2-8 (211 occurrences).
  PATCH L3: content_html, flashcard_questions, practice_questions, exam_tip_html, conclusion_html
  ok   #20 L4.content_html [HIGH] F17: fabricated quotation; the real ch. 26 detail is the mirror image of a stranger and 'the plain square of b
  ok   #21 L4.content_html [MEDIUM] F18: fabricated quotation; ch. 26 gives 'I was hurried along by a stride I could hardly follow', and he does p
  ok   #22 L4.content_html [HIGH] F19: fabricated quotation. 'Reader, it was irksome' is nowhere in the novel; the ch. 27 address is 'Reader, I 
  ok   #23 L4.flashcard_questions[4].q [LOW] F20: 'Bigamy is an ugly word' is five words.
  ok   #36 L4.practice_questions[2].text [MEDIUM] F28: 'Laws and principles are not for the times when there is no temptation' is ch. 27, the first chapter of V
  ok   #37 L4.practice_questions[5].text [MEDIUM] F28: 'I care for myself' is ch. 27, the first chapter of Volume III.
  ok   #60 L4.practice_questions[0].type [HIGH] F1: Jane Eyre is the 19th-century prose text on the modern and literary heritage paper; Shakespeare sits in th
  ok   #61 L4.practice_questions[1].type [HIGH] F1: Jane Eyre is the 19th-century prose text on the modern and literary heritage paper; Shakespeare sits in th
  ok   #62 L4.practice_questions[2].type [HIGH] F1: Jane Eyre is the 19th-century prose text on the modern and literary heritage paper; Shakespeare sits in th
  ok   #63 L4.practice_questions[3].type [HIGH] F1: Jane Eyre is the 19th-century prose text on the modern and literary heritage paper; Shakespeare sits in th
  ok   #64 L4.practice_questions[4].type [HIGH] F1: Jane Eyre is the 19th-century prose text on the modern and literary heritage paper; Shakespeare sits in th
  ok   #65 L4.practice_questions[5].type [HIGH] F1: Jane Eyre is the 19th-century prose text on the modern and literary heritage paper; Shakespeare sits in th
  ok   #108 L4.practice_questions[0].marks [MEDIUM] F2: the old ladder used non-house band names and did not scale to the real 40-mark total; rescaled to five equ
  ok   #109 L4.practice_questions[1].marks [MEDIUM] F2: the old ladder used non-house band names and did not scale to the real 40-mark total; rescaled to five equ
  ok   #110 L4.practice_questions[2].marks [MEDIUM] F2: the old ladder used non-house band names and did not scale to the real 40-mark total; rescaled to five equ
  ok   #111 L4.practice_questions[3].marks [MEDIUM] F2: the old ladder used non-house band names and did not scale to the real 40-mark total; rescaled to five equ
  ok   #112 L4.practice_questions[4].marks [MEDIUM] F2: the old ladder used non-house band names and did not scale to the real 40-mark total; rescaled to five equ
  ok   #113 L4.practice_questions[5].marks [MEDIUM] F2: the old ladder used non-house band names and did not scale to the real 40-mark total; rescaled to five equ
  ok   #153 L4.practice_questions[0].text [MEDIUM] F3: the author's name is misspelt Brönte for Brontë throughout lessons 2-8 (211 occurrences).
  ok   #154 L4.practice_questions[1].text [MEDIUM] F3: the author's name is misspelt Brönte for Brontë throughout lessons 2-8 (211 occurrences).
  ok   #155 L4.practice_questions[2].text [MEDIUM] F3: the author's name is misspelt Brönte for Brontë throughout lessons 2-8 (211 occurrences).
  ok   #156 L4.practice_questions[3].text [MEDIUM] F3: the author's name is misspelt Brönte for Brontë throughout lessons 2-8 (211 occurrences).
  ok   #157 L4.practice_questions[4].text [MEDIUM] F3: the author's name is misspelt Brönte for Brontë throughout lessons 2-8 (211 occurrences).
  ok   #158 L4.practice_questions[5].text [MEDIUM] F3: the author's name is misspelt Brönte for Brontë throughout lessons 2-8 (211 occurrences).
  ok   #207 L4.content_html [MEDIUM] F3: the author's name is misspelt Brönte for Brontë throughout lessons 2-8 (211 occurrences).
  ok   #208 L4.content_html [MEDIUM] F3: the author's name is misspelt Brönte for Brontë throughout lessons 2-8 (211 occurrences).
  ok   #209 L4.content_html [MEDIUM] F3: the author's name is misspelt Brönte for Brontë throughout lessons 2-8 (211 occurrences).
  ok   #210 L4.content_html [MEDIUM] F3: the author's name is misspelt Brönte for Brontë throughout lessons 2-8 (211 occurrences).
  ok   #211 L4.content_html [MEDIUM] F3: the author's name is misspelt Brönte for Brontë throughout lessons 2-8 (211 occurrences).
  ok   #212 L4.content_html [MEDIUM] F3: the author's name is misspelt Brönte for Brontë throughout lessons 2-8 (211 occurrences).
  ok   #213 L4.content_html [MEDIUM] F3: the author's name is misspelt Brönte for Brontë throughout lessons 2-8 (211 occurrences).
  ok   #214 L4.content_html [MEDIUM] F3: the author's name is misspelt Brönte for Brontë throughout lessons 2-8 (211 occurrences).
  ok   #215 L4.content_html [MEDIUM] F3: the author's name is misspelt Brönte for Brontë throughout lessons 2-8 (211 occurrences).
  ok   #216 L4.content_html [MEDIUM] F3: the author's name is misspelt Brönte for Brontë throughout lessons 2-8 (211 occurrences).
  ok   #217 L4.content_html [MEDIUM] F3: the author's name is misspelt Brönte for Brontë throughout lessons 2-8 (211 occurrences).
  ok   #218 L4.exam_tip_html [MEDIUM] F3: the author's name is misspelt Brönte for Brontë throughout lessons 2-8 (211 occurrences).
  ok   #219 L4.conclusion_html [MEDIUM] F3: the author's name is misspelt Brönte for Brontë throughout lessons 2-8 (211 occurrences).
  ok   #220 L4.conclusion_html [MEDIUM] F3: the author's name is misspelt Brönte for Brontë throughout lessons 2-8 (211 occurrences).
  PATCH L4: content_html, flashcard_questions, practice_questions, exam_tip_html, conclusion_html
  ok   #24 L5.content_html [LOW] F21: ch. 29 reads 'slenderly made'.
  ok   #25 L5.content_html [HIGH] F22: fabricated quotation. Ch. 30 describes 'a strange bitterness; an absence of consolatory gentleness; stern
  ok   #26 L5.flashcard_questions[2].q [MEDIUM] F23: 'a cold cumbrous column' is a metaphor, as lesson 7 correctly says.
  ok   #40 L5.practice_questions[5].text [HIGH] F29: fabricated extract ('Diana and Mary, to whom I dilated on my hopes and feelings, warmly caressed me...') 
  ok   #66 L5.practice_questions[0].type [HIGH] F1: Jane Eyre is the 19th-century prose text on the modern and literary heritage paper; Shakespeare sits in th
  ok   #67 L5.practice_questions[1].type [HIGH] F1: Jane Eyre is the 19th-century prose text on the modern and literary heritage paper; Shakespeare sits in th
  ok   #68 L5.practice_questions[2].type [HIGH] F1: Jane Eyre is the 19th-century prose text on the modern and literary heritage paper; Shakespeare sits in th
  ok   #69 L5.practice_questions[3].type [HIGH] F1: Jane Eyre is the 19th-century prose text on the modern and literary heritage paper; Shakespeare sits in th
  ok   #70 L5.practice_questions[4].type [HIGH] F1: Jane Eyre is the 19th-century prose text on the modern and literary heritage paper; Shakespeare sits in th
  ok   #71 L5.practice_questions[5].type [HIGH] F1: Jane Eyre is the 19th-century prose text on the modern and literary heritage paper; Shakespeare sits in th
  ok   #114 L5.practice_questions[0].marks [MEDIUM] F2: the old ladder used non-house band names and did not scale to the real 40-mark total; rescaled to five equ
  ok   #115 L5.practice_questions[1].marks [MEDIUM] F2: the old ladder used non-house band names and did not scale to the real 40-mark total; rescaled to five equ
  ok   #116 L5.practice_questions[2].marks [MEDIUM] F2: the old ladder used non-house band names and did not scale to the real 40-mark total; rescaled to five equ
  ok   #117 L5.practice_questions[3].marks [MEDIUM] F2: the old ladder used non-house band names and did not scale to the real 40-mark total; rescaled to five equ
  ok   #118 L5.practice_questions[4].marks [MEDIUM] F2: the old ladder used non-house band names and did not scale to the real 40-mark total; rescaled to five equ
  ok   #119 L5.practice_questions[5].marks [MEDIUM] F2: the old ladder used non-house band names and did not scale to the real 40-mark total; rescaled to five equ
  ok   #159 L5.practice_questions[0].text [MEDIUM] F3: the author's name is misspelt Brönte for Brontë throughout lessons 2-8 (211 occurrences).
  ok   #160 L5.practice_questions[1].text [MEDIUM] F3: the author's name is misspelt Brönte for Brontë throughout lessons 2-8 (211 occurrences).
  ok   #161 L5.practice_questions[2].text [MEDIUM] F3: the author's name is misspelt Brönte for Brontë throughout lessons 2-8 (211 occurrences).
  ok   #162 L5.practice_questions[3].text [MEDIUM] F3: the author's name is misspelt Brönte for Brontë throughout lessons 2-8 (211 occurrences).
  ok   #163 L5.practice_questions[4].text [MEDIUM] F3: the author's name is misspelt Brönte for Brontë throughout lessons 2-8 (211 occurrences).
  ok   #164 L5.knowledge_checks[4].q [MEDIUM] F3: the author's name is misspelt Brönte for Brontë throughout lessons 2-8 (211 occurrences).
  ok   #221 L5.content_html [MEDIUM] F3: the author's name is misspelt Brönte for Brontë throughout lessons 2-8 (211 occurrences).
  ok   #222 L5.content_html [MEDIUM] F3: the author's name is misspelt Brönte for Brontë throughout lessons 2-8 (211 occurrences).
  ok   #223 L5.content_html [MEDIUM] F3: the author's name is misspelt Brönte for Brontë throughout lessons 2-8 (211 occurrences).
  ok   #224 L5.content_html [MEDIUM] F3: the author's name is misspelt Brönte for Brontë throughout lessons 2-8 (211 occurrences).
  ok   #225 L5.content_html [MEDIUM] F3: the author's name is misspelt Brönte for Brontë throughout lessons 2-8 (211 occurrences).
  ok   #226 L5.content_html [MEDIUM] F3: the author's name is misspelt Brönte for Brontë throughout lessons 2-8 (211 occurrences).
  ok   #227 L5.content_html [MEDIUM] F3: the author's name is misspelt Brönte for Brontë throughout lessons 2-8 (211 occurrences).
  ok   #228 L5.content_html [MEDIUM] F3: the author's name is misspelt Brönte for Brontë throughout lessons 2-8 (211 occurrences).
  ok   #229 L5.content_html [MEDIUM] F3: the author's name is misspelt Brönte for Brontë throughout lessons 2-8 (211 occurrences).
  ok   #230 L5.content_html [MEDIUM] F3: the author's name is misspelt Brönte for Brontë throughout lessons 2-8 (211 occurrences).
  ok   #231 L5.content_html [MEDIUM] F3: the author's name is misspelt Brönte for Brontë throughout lessons 2-8 (211 occurrences).
  ok   #232 L5.content_html [MEDIUM] F3: the author's name is misspelt Brönte for Brontë throughout lessons 2-8 (211 occurrences).
  ok   #233 L5.content_html [MEDIUM] F3: the author's name is misspelt Brönte for Brontë throughout lessons 2-8 (211 occurrences).
  ok   #234 L5.content_html [MEDIUM] F3: the author's name is misspelt Brönte for Brontë throughout lessons 2-8 (211 occurrences).
  ok   #235 L5.content_html [MEDIUM] F3: the author's name is misspelt Brönte for Brontë throughout lessons 2-8 (211 occurrences).
  ok   #236 L5.exam_tip_html [MEDIUM] F3: the author's name is misspelt Brönte for Brontë throughout lessons 2-8 (211 occurrences).
  ok   #237 L5.conclusion_html [MEDIUM] F3: the author's name is misspelt Brönte for Brontë throughout lessons 2-8 (211 occurrences).
  PATCH L5: content_html, flashcard_questions, practice_questions, knowledge_checks, exam_tip_html, conclusion_html
  ok   #27 L6.content_html [HIGH] F24: fabricated quotation, repeated in five places across lessons 6 and 7. The real ch. 37 line is given inste
  ok   #28 L6.flashcard_questions[5].a [HIGH] F24: fabricated quotation replaced with the real ch. 37 line.
  ok   #41 L6.practice_questions[2].text [HIGH] F24: fabricated Rochester quotation replaced with the real ch. 37 line.
  ok   #72 L6.practice_questions[0].type [HIGH] F1: Jane Eyre is the 19th-century prose text on the modern and literary heritage paper; Shakespeare sits in th
  ok   #73 L6.practice_questions[1].type [HIGH] F1: Jane Eyre is the 19th-century prose text on the modern and literary heritage paper; Shakespeare sits in th
  ok   #74 L6.practice_questions[2].type [HIGH] F1: Jane Eyre is the 19th-century prose text on the modern and literary heritage paper; Shakespeare sits in th
  ok   #75 L6.practice_questions[3].type [HIGH] F1: Jane Eyre is the 19th-century prose text on the modern and literary heritage paper; Shakespeare sits in th
  ok   #76 L6.practice_questions[4].type [HIGH] F1: Jane Eyre is the 19th-century prose text on the modern and literary heritage paper; Shakespeare sits in th
  ok   #77 L6.practice_questions[5].type [HIGH] F1: Jane Eyre is the 19th-century prose text on the modern and literary heritage paper; Shakespeare sits in th
  ok   #120 L6.practice_questions[0].marks [MEDIUM] F2: the old ladder used non-house band names and did not scale to the real 40-mark total; rescaled to five equ
  ok   #121 L6.practice_questions[1].marks [MEDIUM] F2: the old ladder used non-house band names and did not scale to the real 40-mark total; rescaled to five equ
  ok   #122 L6.practice_questions[2].marks [MEDIUM] F2: the old ladder used non-house band names and did not scale to the real 40-mark total; rescaled to five equ
  ok   #123 L6.practice_questions[3].marks [MEDIUM] F2: the old ladder used non-house band names and did not scale to the real 40-mark total; rescaled to five equ
  ok   #124 L6.practice_questions[4].marks [MEDIUM] F2: the old ladder used non-house band names and did not scale to the real 40-mark total; rescaled to five equ
  ok   #125 L6.practice_questions[5].marks [MEDIUM] F2: the old ladder used non-house band names and did not scale to the real 40-mark total; rescaled to five equ
  ok   #165 L6.practice_questions[0].text [MEDIUM] F3: the author's name is misspelt Brönte for Brontë throughout lessons 2-8 (211 occurrences).
  ok   #166 L6.practice_questions[1].text [MEDIUM] F3: the author's name is misspelt Brönte for Brontë throughout lessons 2-8 (211 occurrences).
  ok   #167 L6.practice_questions[3].text [MEDIUM] F3: the author's name is misspelt Brönte for Brontë throughout lessons 2-8 (211 occurrences).
  ok   #168 L6.practice_questions[3].marks [MEDIUM] F3: the author's name is misspelt Brönte for Brontë throughout lessons 2-8 (211 occurrences).
  ok   #169 L6.practice_questions[4].text [MEDIUM] F3: the author's name is misspelt Brönte for Brontë throughout lessons 2-8 (211 occurrences).
  ok   #170 L6.practice_questions[5].text [MEDIUM] F3: the author's name is misspelt Brönte for Brontë throughout lessons 2-8 (211 occurrences).
  ok   #238 L6.content_html [MEDIUM] F3: the author's name is misspelt Brönte for Brontë throughout lessons 2-8 (211 occurrences).
  ok   #239 L6.content_html [MEDIUM] F3: the author's name is misspelt Brönte for Brontë throughout lessons 2-8 (211 occurrences).
  ok   #240 L6.content_html [MEDIUM] F3: the author's name is misspelt Brönte for Brontë throughout lessons 2-8 (211 occurrences).
  ok   #241 L6.content_html [MEDIUM] F3: the author's name is misspelt Brönte for Brontë throughout lessons 2-8 (211 occurrences).
  ok   #242 L6.content_html [MEDIUM] F3: the author's name is misspelt Brönte for Brontë throughout lessons 2-8 (211 occurrences).
  ok   #243 L6.content_html [MEDIUM] F3: the author's name is misspelt Brönte for Brontë throughout lessons 2-8 (211 occurrences).
  ok   #244 L6.content_html [MEDIUM] F3: the author's name is misspelt Brönte for Brontë throughout lessons 2-8 (211 occurrences).
  ok   #245 L6.content_html [MEDIUM] F3: the author's name is misspelt Brönte for Brontë throughout lessons 2-8 (211 occurrences).
  ok   #246 L6.content_html [MEDIUM] F3: the author's name is misspelt Brönte for Brontë throughout lessons 2-8 (211 occurrences).
  ok   #247 L6.content_html [MEDIUM] F3: the author's name is misspelt Brönte for Brontë throughout lessons 2-8 (211 occurrences).
  ok   #248 L6.content_html [MEDIUM] F3: the author's name is misspelt Brönte for Brontë throughout lessons 2-8 (211 occurrences).
  ok   #249 L6.content_html [MEDIUM] F3: the author's name is misspelt Brönte for Brontë throughout lessons 2-8 (211 occurrences).
  ok   #250 L6.content_html [MEDIUM] F3: the author's name is misspelt Brönte for Brontë throughout lessons 2-8 (211 occurrences).
  ok   #251 L6.content_html [MEDIUM] F3: the author's name is misspelt Brönte for Brontë throughout lessons 2-8 (211 occurrences).
  ok   #252 L6.exam_tip_html [MEDIUM] F3: the author's name is misspelt Brönte for Brontë throughout lessons 2-8 (211 occurrences).
  ok   #253 L6.exam_tip_html [MEDIUM] F3: the author's name is misspelt Brönte for Brontë throughout lessons 2-8 (211 occurrences).
  ok   #254 L6.conclusion_html [MEDIUM] F3: the author's name is misspelt Brönte for Brontë throughout lessons 2-8 (211 occurrences).
  PATCH L6: content_html, flashcard_questions, practice_questions, exam_tip_html, conclusion_html
  ok   #29 L7.content_html [MEDIUM] F25: 'I care for myself' is ch. 27, spoken at Thornfield while refusing Rochester. The Moor House refusal line
  ok   #30 L7.content_html [HIGH] F24: fabricated quotation removed from the Rochester quotation bank.
  ok   #31 L7.content_html [HIGH] F24: fabricated quotation removed from the memorisation bank.
  ok   #32 L7.flashcard_questions[3].a [MEDIUM] F25: 'I care for myself' belongs to Thornfield, not Moor House.
  ok   #33 L7.flashcard_questions[10].q [LOW] F26: Jean Rhys is a novelist; the lesson's critic is Spivak.
  ok   #38 L7.practice_questions[0].text [MEDIUM] F28: the 'poor, obscure, plain, and little' speech is ch. 23, in Volume II.
  ok   #78 L7.practice_questions[0].type [HIGH] F1: Jane Eyre is the 19th-century prose text on the modern and literary heritage paper; Shakespeare sits in th
  ok   #79 L7.practice_questions[1].type [HIGH] F1: Jane Eyre is the 19th-century prose text on the modern and literary heritage paper; Shakespeare sits in th
  ok   #80 L7.practice_questions[2].type [HIGH] F1: Jane Eyre is the 19th-century prose text on the modern and literary heritage paper; Shakespeare sits in th
  ok   #81 L7.practice_questions[3].type [HIGH] F1: Jane Eyre is the 19th-century prose text on the modern and literary heritage paper; Shakespeare sits in th
  ok   #82 L7.practice_questions[4].type [HIGH] F1: Jane Eyre is the 19th-century prose text on the modern and literary heritage paper; Shakespeare sits in th
  ok   #83 L7.practice_questions[5].type [HIGH] F1: Jane Eyre is the 19th-century prose text on the modern and literary heritage paper; Shakespeare sits in th
  ok   #126 L7.practice_questions[0].marks [MEDIUM] F2: the old ladder used non-house band names and did not scale to the real 40-mark total; rescaled to five equ
  ok   #127 L7.practice_questions[1].marks [MEDIUM] F2: the old ladder used non-house band names and did not scale to the real 40-mark total; rescaled to five equ
  ok   #128 L7.practice_questions[2].marks [MEDIUM] F2: the old ladder used non-house band names and did not scale to the real 40-mark total; rescaled to five equ
  ok   #129 L7.practice_questions[3].marks [MEDIUM] F2: the old ladder used non-house band names and did not scale to the real 40-mark total; rescaled to five equ
  ok   #130 L7.practice_questions[4].marks [MEDIUM] F2: the old ladder used non-house band names and did not scale to the real 40-mark total; rescaled to five equ
  ok   #131 L7.practice_questions[5].marks [MEDIUM] F2: the old ladder used non-house band names and did not scale to the real 40-mark total; rescaled to five equ
  ok   #171 L7.practice_questions[0].text [MEDIUM] F3: the author's name is misspelt Brönte for Brontë throughout lessons 2-8 (211 occurrences).
  ok   #172 L7.practice_questions[1].text [MEDIUM] F3: the author's name is misspelt Brönte for Brontë throughout lessons 2-8 (211 occurrences).
  ok   #173 L7.practice_questions[2].text [MEDIUM] F3: the author's name is misspelt Brönte for Brontë throughout lessons 2-8 (211 occurrences).
  ok   #174 L7.practice_questions[3].text [MEDIUM] F3: the author's name is misspelt Brönte for Brontë throughout lessons 2-8 (211 occurrences).
  ok   #175 L7.practice_questions[4].text [MEDIUM] F3: the author's name is misspelt Brönte for Brontë throughout lessons 2-8 (211 occurrences).
  ok   #176 L7.practice_questions[5].text [MEDIUM] F3: the author's name is misspelt Brönte for Brontë throughout lessons 2-8 (211 occurrences).
  ok   #177 L7.knowledge_checks[3].q [MEDIUM] F3: the author's name is misspelt Brönte for Brontë throughout lessons 2-8 (211 occurrences).
  ok   #255 L7.content_html [MEDIUM] F3: the author's name is misspelt Brönte for Brontë throughout lessons 2-8 (211 occurrences).
  ok   #256 L7.content_html [MEDIUM] F3: the author's name is misspelt Brönte for Brontë throughout lessons 2-8 (211 occurrences).
  ok   #257 L7.content_html [MEDIUM] F3: the author's name is misspelt Brönte for Brontë throughout lessons 2-8 (211 occurrences).
  ok   #258 L7.content_html [MEDIUM] F3: the author's name is misspelt Brönte for Brontë throughout lessons 2-8 (211 occurrences).
  ok   #259 L7.content_html [MEDIUM] F3: the author's name is misspelt Brönte for Brontë throughout lessons 2-8 (211 occurrences).
  ok   #260 L7.content_html [MEDIUM] F3: the author's name is misspelt Brönte for Brontë throughout lessons 2-8 (211 occurrences).
  ok   #261 L7.content_html [MEDIUM] F3: the author's name is misspelt Brönte for Brontë throughout lessons 2-8 (211 occurrences).
  ok   #262 L7.content_html [MEDIUM] F3: the author's name is misspelt Brönte for Brontë throughout lessons 2-8 (211 occurrences).
  ok   #263 L7.content_html [MEDIUM] F3: the author's name is misspelt Brönte for Brontë throughout lessons 2-8 (211 occurrences).
  ok   #264 L7.content_html [MEDIUM] F3: the author's name is misspelt Brönte for Brontë throughout lessons 2-8 (211 occurrences).
  ok   #265 L7.content_html [MEDIUM] F3: the author's name is misspelt Brönte for Brontë throughout lessons 2-8 (211 occurrences).
  ok   #266 L7.content_html [MEDIUM] F3: the author's name is misspelt Brönte for Brontë throughout lessons 2-8 (211 occurrences).
  ok   #267 L7.content_html [MEDIUM] F3: the author's name is misspelt Brönte for Brontë throughout lessons 2-8 (211 occurrences).
  ok   #268 L7.content_html [MEDIUM] F3: the author's name is misspelt Brönte for Brontë throughout lessons 2-8 (211 occurrences).
  ok   #269 L7.exam_tip_html [MEDIUM] F3: the author's name is misspelt Brönte for Brontë throughout lessons 2-8 (211 occurrences).
  ok   #270 L7.exam_tip_html [MEDIUM] F3: the author's name is misspelt Brönte for Brontë throughout lessons 2-8 (211 occurrences).
  ok   #271 L7.conclusion_html [MEDIUM] F3: the author's name is misspelt Brönte for Brontë throughout lessons 2-8 (211 occurrences).
  ok   #272 L7.conclusion_html [MEDIUM] F3: the author's name is misspelt Brönte for Brontë throughout lessons 2-8 (211 occurrences).
  PATCH L7: content_html, flashcard_questions, practice_questions, knowledge_checks, exam_tip_html, conclusion_html
  ok   #34 L8.content_html [MEDIUM] F25: 'I care for myself' is Jane refusing Rochester in ch. 27; the St John refusal line is ch. 34.
  ok   #35 L8.content_html [MEDIUM] F27: the spec sets one extended response 'from a choice of two: an extract-based question, making links to the
  ok   #39 L8.practice_questions[0].text [MEDIUM] F28: the 'poor, obscure, plain, and little' speech is ch. 23, in Volume II.
  ok   #84 L8.practice_questions[0].type [HIGH] F1: Jane Eyre is the 19th-century prose text on the modern and literary heritage paper; Shakespeare sits in th
  ok   #85 L8.practice_questions[1].type [HIGH] F1: Jane Eyre is the 19th-century prose text on the modern and literary heritage paper; Shakespeare sits in th
  ok   #86 L8.practice_questions[2].type [HIGH] F1: Jane Eyre is the 19th-century prose text on the modern and literary heritage paper; Shakespeare sits in th
  ok   #87 L8.practice_questions[3].type [HIGH] F1: Jane Eyre is the 19th-century prose text on the modern and literary heritage paper; Shakespeare sits in th
  ok   #88 L8.practice_questions[4].type [HIGH] F1: Jane Eyre is the 19th-century prose text on the modern and literary heritage paper; Shakespeare sits in th
  ok   #89 L8.practice_questions[5].type [HIGH] F1: Jane Eyre is the 19th-century prose text on the modern and literary heritage paper; Shakespeare sits in th
  ok   #132 L8.practice_questions[0].marks [MEDIUM] F2: the old ladder used non-house band names and did not scale to the real 40-mark total; rescaled to five equ
  ok   #133 L8.practice_questions[1].marks [MEDIUM] F2: the old ladder used non-house band names and did not scale to the real 40-mark total; rescaled to five equ
  ok   #134 L8.practice_questions[2].marks [MEDIUM] F2: the old ladder used non-house band names and did not scale to the real 40-mark total; rescaled to five equ
  ok   #135 L8.practice_questions[3].marks [MEDIUM] F2: the old ladder used non-house band names and did not scale to the real 40-mark total; rescaled to five equ
  ok   #136 L8.practice_questions[4].marks [MEDIUM] F2: the old ladder used non-house band names and did not scale to the real 40-mark total; rescaled to five equ
  ok   #137 L8.practice_questions[5].marks [MEDIUM] F2: the old ladder used non-house band names and did not scale to the real 40-mark total; rescaled to five equ
  ok   #178 L8.practice_questions[0].text [MEDIUM] F3: the author's name is misspelt Brönte for Brontë throughout lessons 2-8 (211 occurrences).
  ok   #179 L8.practice_questions[1].text [MEDIUM] F3: the author's name is misspelt Brönte for Brontë throughout lessons 2-8 (211 occurrences).
  ok   #180 L8.practice_questions[2].text [MEDIUM] F3: the author's name is misspelt Brönte for Brontë throughout lessons 2-8 (211 occurrences).
  ok   #181 L8.practice_questions[3].text [MEDIUM] F3: the author's name is misspelt Brönte for Brontë throughout lessons 2-8 (211 occurrences).
  ok   #182 L8.practice_questions[4].text [MEDIUM] F3: the author's name is misspelt Brönte for Brontë throughout lessons 2-8 (211 occurrences).
  ok   #183 L8.practice_questions[5].text [MEDIUM] F3: the author's name is misspelt Brönte for Brontë throughout lessons 2-8 (211 occurrences).
  ok   #184 L8.knowledge_checks[2].q [MEDIUM] F3: the author's name is misspelt Brönte for Brontë throughout lessons 2-8 (211 occurrences).
  ok   #273 L8.content_html [MEDIUM] F3: the author's name is misspelt Brönte for Brontë throughout lessons 2-8 (211 occurrences).
  ok   #274 L8.content_html [MEDIUM] F3: the author's name is misspelt Brönte for Brontë throughout lessons 2-8 (211 occurrences).
  ok   #275 L8.content_html [MEDIUM] F3: the author's name is misspelt Brönte for Brontë throughout lessons 2-8 (211 occurrences).
  ok   #276 L8.content_html [MEDIUM] F3: the author's name is misspelt Brönte for Brontë throughout lessons 2-8 (211 occurrences).
  ok   #277 L8.content_html [MEDIUM] F3: the author's name is misspelt Brönte for Brontë throughout lessons 2-8 (211 occurrences).
  ok   #278 L8.content_html [MEDIUM] F3: the author's name is misspelt Brönte for Brontë throughout lessons 2-8 (211 occurrences).
  ok   #279 L8.content_html [MEDIUM] F3: the author's name is misspelt Brönte for Brontë throughout lessons 2-8 (211 occurrences).
  ok   #280 L8.content_html [MEDIUM] F3: the author's name is misspelt Brönte for Brontë throughout lessons 2-8 (211 occurrences).
  ok   #281 L8.content_html [MEDIUM] F3: the author's name is misspelt Brönte for Brontë throughout lessons 2-8 (211 occurrences).
  ok   #282 L8.content_html [MEDIUM] F3: the author's name is misspelt Brönte for Brontë throughout lessons 2-8 (211 occurrences).
  ok   #283 L8.content_html [MEDIUM] F3: the author's name is misspelt Brönte for Brontë throughout lessons 2-8 (211 occurrences).
  ok   #284 L8.content_html [MEDIUM] F3: the author's name is misspelt Brönte for Brontë throughout lessons 2-8 (211 occurrences).
  ok   #285 L8.content_html [MEDIUM] F3: the author's name is misspelt Brönte for Brontë throughout lessons 2-8 (211 occurrences).
  ok   #286 L8.exam_tip_html [MEDIUM] F3: the author's name is misspelt Brönte for Brontë throughout lessons 2-8 (211 occurrences).
  ok   #287 L8.exam_tip_html [MEDIUM] F3: the author's name is misspelt Brönte for Brontë throughout lessons 2-8 (211 occurrences).
  ok   #288 L8.conclusion_html [MEDIUM] F3: the author's name is misspelt Brönte for Brontë throughout lessons 2-8 (211 occurrences).
  PATCH L8: content_html, practice_questions, knowledge_checks, exam_tip_html, conclusion_html
=== 289 applied, 0 skipped, 8 lessons / 40 fields changed
