=== APPLY EDITS separate-sciences-ocr-b/biology-human-body  45 edits  LIVE  2026-09-05T13:44:08.186Z
  ok   #0 L1.content_html [MEDIUM] F1: 'Both types occur in the absence of sufficient oxygen' reads as if aerobic respiration also happens withou
  ok   #1 L1.practice_questions[4].type [MEDIUM] F2: mitochondria and respiration is B4.1.3, not bold, so both tiers; the (HT) flag is wrong.
  ok   #2 L1.practice_questions[3].type [LOW] F3: the question asks for an explanation; there is no calculation.
  PATCH L1: content_html, practice_questions
  ok   #3 L2.content_html [HIGH] F4: DNA is copied in interphase, not mitosis (B4.3.1a). The lesson's own next paragraph says interphase.
  ok   #4 L2.content_html [MEDIUM] F5: auxin, phototropism and gravitropism are B4.4.1a, not bold, so both tiers. Wrapper opening removed here.
  ok   #5 L2.content_html [MEDIUM] F5: wrapper narrowed onto the commercial-use box, which is B4.4.2/B4.4.3 (bold, Higher only).
  ok   #6 L2.content_html [MEDIUM] F6: using plant hormones to control growth is B4.4.3 (bold); inline tag inside a both-tier paragraph.
  ok   #7 L2.conclusion_html [MEDIUM] F7: B4.4.1a is not bold, so the Higher flag is wrong.
  ok   #8 L2.exam_tip_html [MEDIUM] F7: B4.4.1a is not bold, so the Higher flag is wrong.
  ok   #9 L2.practice_questions[2].text [MEDIUM] F7: B4.4.1a is not bold; both tiers.
  ok   #10 L2.practice_questions[4].text [MEDIUM] F7: B4.4.1a is not bold; both tiers.
  ok   #11 L2.practice_questions[4].type [MEDIUM] F7: B4.4.1a is not bold; both tiers.
  ok   #12 L2.flashcard_questions[6].q [MEDIUM] F7: B4.4.1a is not bold; both tiers.
  ok   #13 L2.flashcard_questions[7].q [MEDIUM] F7: B4.4.1a is not bold; both tiers.
  ok   #14 L2.flashcard_questions[8].q [MEDIUM] F7: B4.4.1a is not bold; both tiers.
  PATCH L2: content_html, conclusion_html, exam_tip_html, practice_questions, flashcard_questions
  ok   #15 L3.practice_questions[2].type [HIGH] F8: 'Required practical' is other-board wording (OCR uses PAGs), and the question is not a practical method.
  ok   #16 L3.practice_questions[4].type [MEDIUM] F9: B5.1.2 is not bold; both tiers.
  ok   #17 L3.exam_tip_html [MEDIUM] F10: active transport moves substances against the gradient; the gradient itself is not reversed.
  ok   #43 L3.description [MEDIUM] F27: the description is exactly 100 characters, at the validator limit, and the second sentence is build boile
  PATCH L3: practice_questions, exam_tip_html, description
  ok   #18 L4.content_html [MEDIUM] F11: B5.2.4 names the cerebral cortex (intelligence, memory, language and consciousness).
  ok   #19 L4.content_html [MEDIUM] F11: B5.2.4 names the brain stem (regulation of heart and breathing rate).
  ok   #20 L4.glossary_terms[7].term [MEDIUM] F11: glossary follows the spec term used in the article.
  ok   #21 L4.glossary_terms[7].definition [MEDIUM] F11: matches B5.2.4 wording in substance.
  ok   #22 L4.glossary_terms[9].term [MEDIUM] F11: glossary follows the spec term used in the article.
  ok   #23 L4.glossary_terms[9].definition [MEDIUM] F11: matches B5.2.4 wording in substance.
  ok   #24 L4.content_html [MEDIUM] F12: plain MRI shows structure; the spec names fMRI for mapping activity (B5.2.5 narrative).
  ok   #25 L4.practice_questions[4].type [MEDIUM] F13: B5.2.2 is not bold; both tiers.
  ok   #26 L4.practice_questions[4].marks [MEDIUM] F14: nodes of Ranvier and saltatory conduction are beyond J257; the spec asks only that the sheath increases t
  ok   #27 L4.practice_questions[3].type [LOW] F15: the question asks for an explanation, not a comparison.
  ok   #28 L4.practice_questions[5].marks [MEDIUM] F16: a conditioned reflex is a learned response, not an overridden one. B5.2 narrative describes the brain mod
  ok   #29 L4.exam_tip_html [LOW] F17: four stages are then listed.
  ok   #44 L4.description [LOW] F27: removes the same build boilerplate sentence.
  PATCH L4: content_html, glossary_terms, practice_questions, exam_tip_html, description
  ok   #30 L5.content_html [MEDIUM] F18: the skin's role in temperature control (sweating, blood flow) is B5.4.2a, not bold, so both tiers. Wrappe
  ok   #31 L5.content_html [MEDIUM] F18: wrapper narrowed onto the negative-feedback paragraph, which is B5.4.3 (bold, Higher only).
  ok   #32 L5.conclusion_html [MEDIUM] F19: the four-hormone interaction is B5.5.2 (bold, Higher only); the article wraps it but the takeaway did not
  ok   #33 L5.practice_questions[3].text [MEDIUM] F19: B5.5.2 is bold, Higher only.
  ok   #34 L5.practice_questions[3].type [LOW] F20: the question asks for an explanation, not a comparison.
  ok   #35 L5.knowledge_checks[3].q [MEDIUM] F19: 'LH causes the follicle to release the egg' is in the bold B5.5 narrative; B5.5.2 is Higher only.
  ok   #36 L5.flashcard_questions[5].q [MEDIUM] F19: B5.5.2 is bold, Higher only. Tag at the end, matching the other cards in this lesson.
  ok   #37 L5.flashcard_questions[6].q [MEDIUM] F19: B5.5.2 is bold, Higher only.
  ok   #38 L5.flashcard_questions[7].q [MEDIUM] F19: B5.5.2 is bold, Higher only.
  ok   #39 L5.practice_questions[2].text [LOW] F21: correct flag, moved to the house prefix form so the lesson is consistent.
  ok   #40 L5.knowledge_checks[2].q [LOW] F21: correct flag, moved to the house prefix form.
  ok   #41 L5.knowledge_checks[4].q [MEDIUM] F22: the stem says blood glucose but one of the three hormones is ADH, which controls water balance.
  ok   #42 L5.knowledge_checks[4].left[2] [MEDIUM] F22: the effect of ADH on the kidney tubules is B5.4.6 (bold, Higher only); the sibling entry already carries 
  PATCH L5: content_html, conclusion_html, practice_questions, knowledge_checks, flashcard_questions
=== 45 applied, 0 skipped, 5 lessons / 20 fields changed
