
=== RE-NARRATION (changed narrated text only) ===
backup: C:\Users\tshau\Documents\Study Vault\scripts\_retrofc\units\separate-sciences-ocr-b__biology-human-body\_backup.json
unit:   separate-sciences-ocr-b / biology-human-body
run: 2026-09-05T13:44:11Z  mode: LIVE

5 lessons, 11 clips to regenerate

  L01 (Ollie)  Cellular Respiration and Cell Structures
      n17: Key Fact . Aerobic respiration produces a much larger ATP yield than anaerobic respiration because glucose is 
             -> 269 KB, 22.9s, uploaded
      manifest updated (36 entries)
  L02 (Ada)  Growth, Stem Cells and Plant Hormones
      n2: Multicellular organisms grow by increasing their number of cells through cell division and by increasing cell 
             -> 386 KB, 32.9s, uploaded
      n14d: This is why gardeners can take cuttings from plants and grow new, genetically identical plants from them. A cu
             -> 310 KB, 26.4s, uploaded
      n20: On ‘Evaluate’ questions about stem cell therapy, remember to address both the risks and the benefits, and to a
             -> 309 KB, 26.4s, uploaded
      n24: Auxin is a plant hormone that controls cell elongation. Uneven distribution of auxin causes phototropism and g
             -> 145 KB, 12.4s, uploaded
      manifest updated (27 entries)
  L03 (Ollie)  Transport in the Body
      n31: When explaining diffusion or osmosis in a biological context, always name the direction of movement relative t
             -> 356 KB, 30.4s, uploaded
      manifest updated (41 entries)
  L04 (Ada)  Nervous System and Reflexes
      n29: The brain is the master coordination centre of the nervous system. It is made up of billions of interconnected
             -> 422 KB, 36.0s, uploaded
      n30: Understanding the brain remains one of the biggest challenges in science. Techniques such as functional MRI (f
             -> 478 KB, 40.8s, uploaded
      n31: For reflex arc questions, examiners want the components in the correct order — write the full sequence: recept
             -> 413 KB, 35.2s, uploaded
      manifest updated (35 entries)
  L05 (Ollie)  Hormones, Homeostasis and Reproduction
      n25: As well as blood glucose and water balance, the body must maintain a core temperature of around 37°C — the opt
             -> 213 KB, 18.2s, uploaded
      n37: (Higher tier) The menstrual cycle is controlled by FSH (matures egg, stimulates oestrogen), oestrogen (thicken
             -> 252 KB, 21.5s, uploaded
      manifest updated (37 entries)

Regenerated 11 clips.

=== VERIFY (ranged GET + freshness) ===
  206  L01 n17  bytes 0-3/275328  Last-Modified: Sat, 05 Sep 2026 13:44:17 GMT  mp3-sync=OK
  206  L02 n2  bytes 0-3/394848  Last-Modified: Sat, 05 Sep 2026 13:44:24 GMT  mp3-sync=OK
  206  L02 n14d  bytes 0-3/317088  Last-Modified: Sat, 05 Sep 2026 13:44:28 GMT  mp3-sync=OK
  206  L02 n20  bytes 0-3/316224  Last-Modified: Sat, 05 Sep 2026 13:44:34 GMT  mp3-sync=OK
  206  L02 n24  bytes 0-3/148896  Last-Modified: Sat, 05 Sep 2026 13:44:37 GMT  mp3-sync=OK
  206  L03 n31  bytes 0-3/364608  Last-Modified: Sat, 05 Sep 2026 13:44:42 GMT  mp3-sync=OK
  206  L04 n29  bytes 0-3/431712  Last-Modified: Sat, 05 Sep 2026 13:44:49 GMT  mp3-sync=OK
  206  L04 n30  bytes 0-3/489024  Last-Modified: Sat, 05 Sep 2026 13:44:57 GMT  mp3-sync=OK
  206  L04 n31  bytes 0-3/422496  Last-Modified: Sat, 05 Sep 2026 13:45:03 GMT  mp3-sync=OK
  206  L05 n25  bytes 0-3/218592  Last-Modified: Sat, 05 Sep 2026 13:45:06 GMT  mp3-sync=OK
  206  L05 n37  bytes 0-3/258336  Last-Modified: Sat, 05 Sep 2026 13:45:10 GMT  mp3-sync=OK

11/11 clips verified HTTP 200/206 with fresh audio.
