=== APPLY EDITS design-technology-eduqas/papers-and-boards-in-depth  17 edits  LIVE  2026-09-06T09:16:23.359Z
  ok   #0 L1.content_html [HIGH] F1: tear resistance direction reversed; paper tears most easily along the grain, so resistance is highest acro
  ok   #1 L1.content_html [HIGH] F2: contradicted the Key Fact and the knowledge-check answer key, which both say paper is stiffer along the gr
  ok   #2 L1.content_html [MEDIUM] F3: cartridge paper is normally taught as 120-150 gsm; 90 gsm is layout/copier territory.
  ok   #3 L1.practice_questions[3].marks [MEDIUM] F4: mark scheme repeated the reversed grain-stiffness claim from F2.
  ok   #4 L1.content_html [MEDIUM] F5: the 1:1 rule contradicted the lesson's own figures (280-350 gsm board quoted as 400-500 microns, i.e. abou
  ok   #5 L1.content_html [LOW] F6: the duplex bullet repeated the same sentence twice.
  PATCH L1: content_html, practice_questions
  ok   #6 L2.content_html [HIGH] F7: house rule - the exam board must never be named in student-facing prose.
  ok   #7 L2.content_html [MEDIUM] F8: a bonded laminate is not stiffer than a solid sheet of the same total thickness; the real gain comes from 
  ok   #8 L2.flashcard_questions[4].a [MEDIUM] F8: flashcard repeated the same wrong comparison.
  ok   #9 L2.content_html [MEDIUM] F9: cartridge is a drawing paper, not a book or letterhead stock, and 80 gsm is well below its normal 120-150 
  ok   #10 L2.flashcard_questions[7].q [MEDIUM] F10: the spec lists imposition under pre-press operations, not finishing.
  PATCH L2: content_html, flashcard_questions
  ok   #11 L3.knowledge_checks[2].options[3] [MEDIUM] F11: 'liner' is the correct trade term for label backing paper, so the key marked a right answer wrong.
  PATCH L3: knowledge_checks
  ok   #12 L4.content_html [MEDIUM] F12: newspapers and their supplements are printed by web offset or gravure, not flexography.
  PATCH L4: content_html
  ok   #13 L5.content_html [MEDIUM] F13: buried landfill waste has little oxygen, so paper does not break down in months there.
  ok   #14 L5.flashcard_questions[4].a [MEDIUM] F13: flashcard repeated the landfill claim.
  ok   #15 L5.practice_questions[5].marks [MEDIUM] F13: mark scheme repeated the landfill claim.
  ok   #16 L5.content_html [MEDIUM] F14: no source for an industry-wide 'all plastic packaging by the end of the decade' pledge; softened to what 
  PATCH L5: content_html, flashcard_questions, practice_questions
=== 17 applied, 0 skipped, 5 lessons / 9 fields changed
