=== APPLY EDITS geography-ocr/living-in-the-uk-today  87 edits  LIVE  2026-09-06T05:03:08.390Z
  ok   #0 L1.content_html [HIGH] F1: the Pennines have no granite at the surface; they are Carboniferous limestone overlain by Millstone Grit.
  ok   #1 L1.exam_tip_html [HIGH] F2: this paper has no 12-mark questions; the top tariff is 8 marks.
  ok   #2 L1.practice_questions[5].type [HIGH] F2: this paper has no 12-mark questions; the top tariff is 8 marks.
  ok   #3 L1.practice_questions[5].marks [HIGH] F2: this paper has no 12-mark questions; the top tariff is 8 marks.
  PATCH L1: content_html, exam_tip_html, practice_questions
  ok   #4 L2.content_html [MEDIUM] F3: the gorge below High Force is about 700 m long, not several kilometres, and the falls sit upstream of Midd
  ok   #5 L2.practice_questions[2].marks [MEDIUM] F3: retreat is about 700 m, the length of the gorge below the falls.
  ok   #6 L2.exam_tip_html [HIGH] F4/F4b: no 12-mark questions on this paper; High Force drops 21 m; synoptic assessment sits in the skills pape
  ok   #7 L2.practice_questions[5].type [HIGH] F4: this paper has no 12-mark questions.
  ok   #8 L2.practice_questions[5].marks [HIGH] F4: this paper has no 12-mark questions.
  PATCH L2: content_html, practice_questions, exam_tip_html
  ok   #9 L3.content_html [HIGH] F5: the Old Man of Hoy is a red sandstone stack on a basalt plinth, not a basalt stack.
  ok   #10 L3.exam_tip_html [HIGH] F6: this paper has no 12-mark questions.
  ok   #11 L3.exam_tip_html [MEDIUM] F6b: invented mark-scheme claim; describe what earns credit without quoting a board mark scheme.
  ok   #12 L3.practice_questions[5].type [HIGH] F6: this paper has no 12-mark questions.
  ok   #13 L3.practice_questions[5].marks [HIGH] F6: this paper has no 12-mark questions.
  PATCH L3: content_html, exam_tip_html, practice_questions
  ok   #14 L4.content_html [MEDIUM] F7: the Commonwealth has had 56 members since Togo and Gabon joined in 2022.
  ok   #15 L4.knowledge_checks[2].options[1] [MEDIUM] F7: the Commonwealth has 56 members.
  ok   #16 L4.content_html [MEDIUM] F8: Heathrow is not the European airport with the most destinations; Frankfurt and Paris serve more.
  ok   #17 L4.flashcard_questions[11].a [MEDIUM] F8: Heathrow does not serve the most destinations in Europe.
  ok   #18 L4.content_html [MEDIUM] F9: £100bn+ is the creative industries' contribution to the UK economy, not the value of cultural exports (abo
  ok   #19 L4.content_html [HIGH] F10: 685,000 was the first provisional estimate; ONS now puts the record at 944,000 in the year to March 2023.
  ok   #20 L4.practice_questions[2].marks [HIGH] F10/F7: revised ONS net migration record; Commonwealth has 56 members.
  ok   #21 L4.flashcard_questions[6].q [HIGH] F10: the record is 944,000 in the year to March 2023.
  ok   #22 L4.flashcard_questions[6].a [HIGH] F10: revised ONS estimate.
  ok   #23 L4.exam_tip_html [HIGH] F11: this paper has no 12-mark questions.
  ok   #24 L4.practice_questions[5].type [HIGH] F11: this paper has no 12-mark questions.
  ok   #25 L4.practice_questions[5].marks [HIGH] F11: this paper has no 12-mark questions.
  PATCH L4: content_html, knowledge_checks, flashcard_questions, practice_questions, exam_tip_html
  ok   #26 L5.content_html [MEDIUM] F12: the three figures overstate the real gaps (life expectancy about three years, pay about a fifth, and univ
  ok   #27 L5.content_html [MEDIUM] F13: UK coal mining employed 247,000 in 1976 and about 360 in 2022; 100,000 in 1980 is far too low.
  ok   #28 L5.flashcard_questions[5].q [MEDIUM] F13: the sourced figure is 247,000 in 1976.
  ok   #29 L5.flashcard_questions[5].a [MEDIUM] F13: 247,000 in 1976.
  ok   #30 L5.practice_questions[3].marks [MEDIUM] F13: corrected coal employment figure.
  ok   #31 L5.content_html [MEDIUM] F14: the northern phases of HS2 were cancelled in October 2023, so they cannot be cited as current policy.
  ok   #32 L5.exam_tip_html [HIGH] F15: this paper has no 12-mark questions.
  ok   #33 L5.practice_questions[5].type [HIGH] F15: this paper has no 12-mark questions.
  ok   #34 L5.practice_questions[5].marks [HIGH] F15: this paper has no 12-mark questions.
  PATCH L5: content_html, flashcard_questions, practice_questions, exam_tip_html
  ok   #35 L6.content_html [MEDIUM] F16: the ONS mid-2024 estimate is 69.3 million; 67.6 million is the mid-2022 figure.
  ok   #36 L6.flashcard_questions[0].a [MEDIUM] F16: ONS mid-2024 estimate.
  ok   #37 L6.content_html [HIGH] F17: ONS now puts the record at 944,000 in the year to March 2023; 685,000 was a first provisional estimate.
  ok   #38 L6.content_html [HIGH] F17: revised ONS record figure.
  ok   #39 L6.flashcard_questions[4].q [HIGH] F17: revised ONS record figure.
  ok   #40 L6.flashcard_questions[4].a [HIGH] F17: revised ONS record figure.
  ok   #41 L6.practice_questions[4].marks [HIGH] F17: revised ONS record figure.
  ok   #42 L6.exam_tip_html [HIGH] F18: this paper has no 12-mark questions.
  ok   #43 L6.exam_tip_html [MEDIUM] F6b: invented examiner claim.
  ok   #44 L6.practice_questions[5].type [HIGH] F18: this paper has no 12-mark questions.
  ok   #45 L6.practice_questions[5].marks [HIGH] F18/F17: tariff and revised ONS record figure.
  PATCH L6: content_html, flashcard_questions, practice_questions, exam_tip_html
  ok   #46 L7.content_html [HIGH] F19: the Greater Manchester Clean Air Zone was never introduced; it was paused in 2022 and remains under revie
  ok   #47 L7.content_html [HIGH] F19: no Clean Air Zone operates in Greater Manchester.
  ok   #48 L7.conclusion_html [HIGH] F19/F20: no Clean Air Zone operates, and the renewable electricity target is not a Manchester target.
  ok   #49 L7.knowledge_checks[4].left[2] [HIGH] F19: no Clean Air Zone operates in Greater Manchester.
  ok   #50 L7.content_html [HIGH] F20: Manchester has no 60% renewable electricity target; its published target is a Tyndall Centre carbon budge
  ok   #51 L7.content_html [HIGH] F20: invented Manchester target.
  ok   #52 L7.flashcard_questions[9].q [HIGH] F20: invented target replaced.
  ok   #53 L7.flashcard_questions[9].a [HIGH] F20: Manchester Climate Change Framework target.
  ok   #54 L7.practice_questions[4].marks [HIGH] F19/F20: no Clean Air Zone operates; the 60% target is invented.
  ok   #55 L7.exam_tip_html [HIGH] F21: this paper has no 12-mark questions.
  ok   #56 L7.practice_questions[5].type [HIGH] F21: this paper has no 12-mark questions.
  ok   #57 L7.practice_questions[5].marks [HIGH] F21: this paper has no 12-mark questions.
  PATCH L7: content_html, conclusion_html, knowledge_checks, flashcard_questions, practice_questions, exam_tip_html
  ok   #58 L8.content_html [MEDIUM] F22: about 46,300 properties lost power and three deaths were attributed to Storm Desmond.
  ok   #59 L8.practice_questions[3].marks [MEDIUM] F22: corrected Storm Desmond figures.
  ok   #60 L8.exam_tip_html [HIGH] F23: this paper has no 12-mark questions.
  ok   #61 L8.exam_tip_html [MEDIUM] F6b: invented mark-scheme claim.
  ok   #62 L8.practice_questions[5].type [HIGH] F23: this paper has no 12-mark questions.
  ok   #63 L8.practice_questions[5].marks [HIGH] F23: this paper has no 12-mark questions.
  PATCH L8: content_html, practice_questions, exam_tip_html
  ok   #64 L9.content_html [MEDIUM] F24: Hornsea 2 overtook Hornsea 1 as the world's largest offshore wind farm in August 2022.
  ok   #65 L9.content_html [MEDIUM] F25: Kielder supplies the North East via the Tyne, Wear and Tees; it does not supply the East Midlands.
  ok   #66 L9.content_html [MEDIUM] F25: Kielder does not supply the East Midlands.
  ok   #67 L9.content_html [LOW] F26: the Thirlmere aqueduct opened in 1894 but Haweswater dates from the 1930s-50s, and the distance is over 1
  ok   #68 L9.flashcard_questions[7].q [LOW] F26: Haweswater is 20th century.
  ok   #69 L9.practice_questions[4].marks [LOW] F27: the transfer runs about 30 km, not 100 km.
  ok   #70 L9.content_html [LOW] F28: the ONS mid-2024 UK estimate is 69.3 million.
  ok   #71 L9.exam_tip_html [HIGH] F29: this paper has no 12-mark questions.
  ok   #72 L9.practice_questions[5].type [HIGH] F29: this paper has no 12-mark questions.
  ok   #73 L9.practice_questions[5].marks [HIGH] F29: this paper has no 12-mark questions.
  PATCH L9: content_html, flashcard_questions, practice_questions, exam_tip_html
  ok   #74 L10.content_html [MEDIUM] F30: the UK phase-out date for new pure petrol and diesel cars is 2030, not 2035.
  ok   #75 L10.flashcard_questions[9].a [MEDIUM] F30: the phase-out year is 2030.
  ok   #76 L10.flashcard_questions[9].q [MEDIUM] F30: the phase-out year is 2030.
  ok   #77 L10.content_html [MEDIUM] F31: the 2024 mix was renewables 45% (biomass included in that total), gas 26.8%, nuclear 11.8%, net imports 1
  ok   #78 L10.conclusion_html [MEDIUM] F31: corrected 2024 generation shares.
  ok   #79 L10.content_html [MEDIUM] F31: nuclear was 11.8% of generation in 2024.
  ok   #80 L10.knowledge_checks[3].options[2] [MEDIUM] F31: renewables were about 45% of 2024 generation.
  ok   #81 L10.content_html [MEDIUM] F32: Manchester has no 60% renewable electricity target.
  ok   #82 L10.flashcard_questions[10].q [LOW] F33: Hornsea 2 was the world's largest when it opened.
  ok   #83 L10.exam_tip_html [HIGH] F34: this paper has no 12-mark questions.
  ok   #84 L10.practice_questions[5].type [HIGH] F34: this paper has no 12-mark questions.
  ok   #85 L10.practice_questions[5].marks [HIGH] F34/F31: tariff plus corrected 2024 generation shares.
  ok   #86 L10.practice_questions[4].marks [MEDIUM] F30: the phase-out year is 2030.
  PATCH L10: content_html, flashcard_questions, conclusion_html, knowledge_checks, exam_tip_html, practice_questions
=== 87 applied, 0 skipped, 10 lessons / 41 fields changed
