
=== RE-NARRATION (changed narrated text only) ===
backup: C:\Users\tshau\Documents\Study Vault\scripts\_retrofc\units\geography-ocr__living-in-the-uk-today\_backup.json
unit:   geography-ocr / living-in-the-uk-today
run: 2026-09-06T05:03:15Z  mode: LIVE

10 lessons, 36 clips to regenerate

  L01 (Ollie)  UK Landscapes & Geomorphic Processes
      n3: Upland areas are usually built from harder, more resistant rocks such as granite, slate and limestone. They ha
             -> 575 KB, 49.1s, uploaded
      n22: For 6-mark ‘describe and explain’ questions, structure your answer around process chains: name the process, de
             -> 324 KB, 27.7s, uploaded
      manifest updated (27 entries)
  L02 (Ada)  River Landscapes & Case Study
      n9: Hydraulic action and abrasion in the plunge pool slowly carve out the softer rock under the lip of a waterfall
             -> 249 KB, 21.3s, uploaded
      n18: For 6-mark questions on river landforms, use the language of process: erosion, transport, deposition, and a sp
             -> 330 KB, 28.2s, uploaded
      manifest updated (22 entries)
  L03 (Ollie)  Coastal Landscapes & Case Study
      n7: On a single headland, waves attack lines of weakness. Hydraulic action enlarges a fault into a cave ; the cave
             -> 264 KB, 22.5s, uploaded
      n18: For 6-mark coastal landform questions, name the process, the rock type and a UK example. For 8-mark evaluation
             -> 281 KB, 24.0s, uploaded
      manifest updated (22 entries)
  L04 (Ada)  The UK in the Wider World
      n8: Trade is only one of the UK's global links. The UK is a member of the United Nations, NATO, the G7, G20 and th
             -> 408 KB, 34.8s, uploaded
      n9: Migration flows show the UK's openness. In the 21st century, the UK has received people from across the EU (Po
             -> 374 KB, 31.9s, uploaded
      n10: London handles around 40% of global foreign exchange trading and is home to more than 250 foreign banks. It is
             -> 293 KB, 25.0s, uploaded
      n13: Cultural industries (music, film, sport, fashion) add more than £100 billion a year to the UK economy and rein
             -> 298 KB, 25.4s, uploaded
      n18: Be specific in 6-mark answers about UK trade. Examiners reward named partners (USA, Germany, Netherlands), nam
             -> 370 KB, 31.6s, uploaded
      manifest updated (22 entries)
  L05 (Ollie)  UK Diversity, Inequality & Development
      n2: The UK is one of the world's wealthiest countries but it is also one of the most regionally unequal. A child b
             -> 227 KB, 19.3s, uploaded
      n14: The North East was once dominated by coal mining, shipbuilding on the Tyne and Wear, and chemical industries o
             -> 456 KB, 38.9s, uploaded
      n17: Reversing decades of investment patterns is slow. Skilled workers cluster where jobs already are; companies cl
             -> 291 KB, 24.8s, uploaded
      n21: For 4-mark and 6-mark questions on UK inequality, give specific evidence: name a region (North East, London), 
             -> 254 KB, 21.7s, uploaded
      manifest updated (25 entries)
  L06 (Ada)  UK Population & Migration
      n2: The UK's population stood at around 69.3 million in mid-2024 and continues to grow, although more slowly than 
             -> 271 KB, 23.1s, uploaded
      n14: Net migration to the UK reached a record 944,000 in the year to March 2023. The drivers and origins have chang
             -> 462 KB, 39.5s, uploaded
      n18: Key Fact . Net migration to the UK peaked at a record 944,000 in the year to March 2023. Major flows include E
             -> 280 KB, 23.9s, uploaded
      n21: For 4-mark questions on ageing or migration, give specific evidence: percentages, costs, named visa schemes. F
             -> 291 KB, 24.8s, uploaded
      manifest updated (25 entries)
  L07 (Ollie)  UK Cities & Urban Trends
      n13b: Examiners reward specific figures. For Manchester, learn five: city-centre population growth from 1,000 to ove
             -> 316 KB, 27.0s, uploaded
      n17: Challenges remain. Housing affordability is a major issue: average rents in central Manchester rose by over 30
             -> 527 KB, 45.0s, uploaded
      n18: Key Fact . Manchester's city-centre population grew from around 1,000 in the 1990s to over 60,000 today, drive
             -> 221 KB, 18.9s, uploaded
      n21: For 6-mark questions on urban trends, use the language of cause and consequence: name a trend, name a driver (
             -> 343 KB, 29.3s, uploaded
      n25: Sustainable urban growth requires balancing housing affordability, transport, waste and air quality — addresse
             -> 138 KB, 11.7s, uploaded
      manifest updated (26 entries)
  L08 (Ada)  UK Weather, Climate & Flood Hazards
      n11: Effects on people: 5,200 homes were flooded; 46,000 properties lost power; three people died. Schools, busines
             -> 455 KB, 38.8s, uploaded
      n17: For 4-mark questions, use specific data: rainfall in millimetres, temperatures, named towns, dates. For 8-mark
             -> 295 KB, 25.2s, uploaded
      manifest updated (21 entries)
  L09 (Ollie)  Humans Modifying UK Ecosystems
      n10: Wind farm location is governed by physical geography (consistent strong wind, shallow seabed for offshore, upl
             -> 368 KB, 31.4s, uploaded
      n12: Reservoirs capture and store water from upland catchments. Kielder Water in Northumberland (the UK's largest r
             -> 352 KB, 30.1s, uploaded
      n14: Every modification trades short-term supply (food, energy, water) for long-term ecosystem health. The UK's cha
             -> 289 KB, 24.7s, uploaded
      n15: Key Fact . Wind generates around 30% of UK electricity; fracking was paused after Preston New Road earthquakes
             -> 206 KB, 17.5s, uploaded
      n18: For 6-mark questions on UK environmental modification, name a UK example (Whitelee, Kielder, Preston New Road)
             -> 301 KB, 25.7s, uploaded
      manifest updated (22 entries)
  L10 (Ada)  UK Energy: Sources, Security & Future
      n7: Key Fact . UK electricity in 2024 came from renewables (~45% including biomass), gas (~27%), nuclear (~12%) an
             -> 288 KB, 24.6s, uploaded
      n9: Natural gas remains the UK's most flexible electricity source, supplying around 30% of generation and most dom
             -> 513 KB, 43.8s, uploaded
      n13: Local strategies matter too. Manchester aims to halve the city's carbon emissions on a science-based carbon bu
             -> 217 KB, 18.5s, uploaded
      n18: For 6-mark UK energy questions, name your sources (gas, wind, nuclear) and give the rough percentage of UK ele
             -> 367 KB, 31.3s, uploaded
      n20: UK electricity is now around 45% renewable, 27% gas and 12% nuclear, with coal effectively at zero following R
             -> 140 KB, 11.9s, uploaded
      manifest updated (22 entries)

Regenerated 36 clips.

=== VERIFY (ranged GET + freshness) ===
  206  L01 n3  bytes 0-3/588672  Last-Modified: Sun, 06 Sep 2026 05:03:37 GMT  mp3-sync=OK
  206  L01 n22  bytes 0-3/332064  Last-Modified: Sun, 06 Sep 2026 05:03:42 GMT  mp3-sync=OK
  206  L02 n9  bytes 0-3/255168  Last-Modified: Sun, 06 Sep 2026 05:03:49 GMT  mp3-sync=OK
  206  L02 n18  bytes 0-3/338400  Last-Modified: Sun, 06 Sep 2026 05:03:56 GMT  mp3-sync=OK
  206  L03 n7  bytes 0-3/270144  Last-Modified: Sun, 06 Sep 2026 05:04:02 GMT  mp3-sync=OK
  206  L03 n18  bytes 0-3/288000  Last-Modified: Sun, 06 Sep 2026 05:04:09 GMT  mp3-sync=OK
  206  L04 n8  bytes 0-3/417312  Last-Modified: Sun, 06 Sep 2026 05:04:17 GMT  mp3-sync=OK
  206  L04 n9  bytes 0-3/383040  Last-Modified: Sun, 06 Sep 2026 05:04:35 GMT  mp3-sync=OK
  206  L04 n10  bytes 0-3/300096  Last-Modified: Sun, 06 Sep 2026 05:04:41 GMT  mp3-sync=OK
  206  L04 n13  bytes 0-3/305280  Last-Modified: Sun, 06 Sep 2026 05:04:47 GMT  mp3-sync=OK
  206  L04 n18  bytes 0-3/379296  Last-Modified: Sun, 06 Sep 2026 05:04:55 GMT  mp3-sync=OK
  206  L05 n2  bytes 0-3/232128  Last-Modified: Sun, 06 Sep 2026 05:05:01 GMT  mp3-sync=OK
  206  L05 n14  bytes 0-3/466848  Last-Modified: Sun, 06 Sep 2026 05:05:12 GMT  mp3-sync=OK
  206  L05 n17  bytes 0-3/297504  Last-Modified: Sun, 06 Sep 2026 05:05:18 GMT  mp3-sync=OK
  206  L05 n21  bytes 0-3/260352  Last-Modified: Sun, 06 Sep 2026 05:05:24 GMT  mp3-sync=OK
  206  L06 n2  bytes 0-3/277344  Last-Modified: Sun, 06 Sep 2026 05:05:31 GMT  mp3-sync=OK
  206  L06 n14  bytes 0-3/473472  Last-Modified: Sun, 06 Sep 2026 05:05:42 GMT  mp3-sync=OK
  206  L06 n18  bytes 0-3/286272  Last-Modified: Sun, 06 Sep 2026 05:05:50 GMT  mp3-sync=OK
  206  L06 n21  bytes 0-3/297504  Last-Modified: Sun, 06 Sep 2026 05:05:56 GMT  mp3-sync=OK
  206  L07 n13b  bytes 0-3/324000  Last-Modified: Sun, 06 Sep 2026 05:06:05 GMT  mp3-sync=OK
  206  L07 n17  bytes 0-3/539712  Last-Modified: Sun, 06 Sep 2026 05:06:16 GMT  mp3-sync=OK
  206  L07 n18  bytes 0-3/226656  Last-Modified: Sun, 06 Sep 2026 05:06:22 GMT  mp3-sync=OK
  206  L07 n21  bytes 0-3/351648  Last-Modified: Sun, 06 Sep 2026 05:06:28 GMT  mp3-sync=OK
  206  L07 n25  bytes 0-3/140832  Last-Modified: Sun, 06 Sep 2026 05:06:32 GMT  mp3-sync=OK
  206  L08 n11  bytes 0-3/465984  Last-Modified: Sun, 06 Sep 2026 05:06:44 GMT  mp3-sync=OK
  206  L08 n17  bytes 0-3/302112  Last-Modified: Sun, 06 Sep 2026 05:06:52 GMT  mp3-sync=OK
  206  L09 n10  bytes 0-3/376704  Last-Modified: Sun, 06 Sep 2026 05:07:02 GMT  mp3-sync=OK
  206  L09 n12  bytes 0-3/360864  Last-Modified: Sun, 06 Sep 2026 05:07:10 GMT  mp3-sync=OK
  206  L09 n14  bytes 0-3/296352  Last-Modified: Sun, 06 Sep 2026 05:07:19 GMT  mp3-sync=OK
  206  L09 n15  bytes 0-3/210528  Last-Modified: Sun, 06 Sep 2026 05:07:26 GMT  mp3-sync=OK
  206  L09 n18  bytes 0-3/308160  Last-Modified: Sun, 06 Sep 2026 05:07:35 GMT  mp3-sync=OK
  206  L10 n7  bytes 0-3/295200  Last-Modified: Sun, 06 Sep 2026 05:07:45 GMT  mp3-sync=OK
  206  L10 n9  bytes 0-3/525312  Last-Modified: Sun, 06 Sep 2026 05:07:57 GMT  mp3-sync=OK
  206  L10 n13  bytes 0-3/221760  Last-Modified: Sun, 06 Sep 2026 05:08:05 GMT  mp3-sync=OK
  206  L10 n18  bytes 0-3/375840  Last-Modified: Sun, 06 Sep 2026 05:08:11 GMT  mp3-sync=OK
  206  L10 n20  bytes 0-3/142848  Last-Modified: Sun, 06 Sep 2026 05:08:15 GMT  mp3-sync=OK

36/36 clips verified HTTP 200/206 with fresh audio.
