=== APPLY EDITS english-literature-ocr/leave-taking  90 edits  LIVE  2026-09-02T14:59:27.005Z
  ok   #0 L1.content_html [HIGH] F1/F6: Leave Taking is set only for the modern prose or drama section, and no source dates the play to 1984
  ok   #1 L1.content_html [MEDIUM] F6: the play is set in the 1980s
  ok   #2 L1.content_html [MEDIUM] F6
  ok   #3 L1.content_html [MEDIUM] F6: no source records an Easter Monday stage direction
  ok   #4 L1.content_html [HIGH] F4: Scene 5 is at Mai's bedsit, where Del is living
  ok   #39 L1.knowledge_checks[0].q [HIGH] F6: the year key was wrong; repointed to the first performance
  ok   #40 L1.knowledge_checks[0].correct [HIGH] F6: 1987 is the first-performance year
  ok   #41 L1.knowledge_checks[4].right[0] [HIGH] F4
  ok   #42 L1.knowledge_checks[4].right[1] [HIGH] F4
  ok   #43 L1.flashcard_questions[2].q [MEDIUM] F6
  ok   #44 L1.flashcard_questions[2].a [MEDIUM] F6
  PATCH L1: content_html, knowledge_checks, flashcard_questions
  ok   #5 L2.content_html [MEDIUM] F5: Enid's stated concern in Scene 1 is Del, not a letter about her mother's illness; no source records Easter
  ok   #6 L2.content_html [MEDIUM] F5: Del is Enid's first concern, not a secondary one
  ok   #7 L2.content_html [HIGH] F9: the death of Enid's mother is reported by telephone in Scene 3, not by letter
  ok   #8 L2.content_html [MEDIUM] F13: friends and family in Jamaica use the nickname (Scene 3)
  ok   #9 L2.content_html [MEDIUM] F11: Brod visits his wife and children in Jamaica
  ok   #45 L2.flashcard_questions[7].q [MEDIUM] F5: Easter Monday is unverified
  ok   #46 L2.flashcard_questions[7].a [MEDIUM] F5
  ok   #47 L2.flashcard_questions[8].a [MEDIUM] F5
  ok   #48 L2.flashcard_questions[9].q [MEDIUM] F5: there is no letter about the mother's illness
  ok   #49 L2.flashcard_questions[9].a [MEDIUM] F5
  ok   #50 L2.flashcard_questions[13].q [MEDIUM] F13
  ok   #51 L2.practice_questions[3].marks [MEDIUM] F5: there is no letter about the mother's illness
  ok   #85 L2.content_html [MEDIUM] F17: job title unverified
  ok   #86 L2.flashcard_questions[0].a [MEDIUM] F17: job title unverified
  PATCH L2: content_html, flashcard_questions, practice_questions
  ok   #10 L3.content_html [MEDIUM] F8: Del is already in the early stages of pregnancy when the play opens
  ok   #11 L3.content_html [MEDIUM] F8
  ok   #12 L3.content_html [MEDIUM] F4: Scene 5 is at Mai's bedsit, and the exam is English Literature
  ok   #13 L3.content_html [MEDIUM] F12: the real wording of the unit's most quotable line
  ok   #14 L3.content_html [HIGH] F7: there is no palm reading and no long-journey prediction in Scene 6, and Mai does not die
  ok   #52 L3.practice_questions[4].marks [MEDIUM] F11
  ok   #53 L3.flashcard_questions[6].a [LOW] F4
  ok   #54 L3.flashcard_questions[14].q [HIGH] F7
  ok   #55 L3.flashcard_questions[14].a [HIGH] F7
  ok   #88 L3.content_html [MEDIUM] F18: neutral wording
  PATCH L3: content_html, practice_questions, flashcard_questions
  ok   #15 L4.description [MEDIUM] F10: Mai neither dies nor departs
  ok   #16 L4.content_html [MEDIUM] F14: Scene 8 has only Del, Mai and Enid on stage
  ok   #17 L4.content_html [MEDIUM] F10
  ok   #18 L4.content_html [MEDIUM] F10: Mai does not die
  ok   #19 L4.content_html [MEDIUM] F10
  ok   #56 L4.flashcard_questions[3].q [MEDIUM] F10
  ok   #57 L4.flashcard_questions[4].q [MEDIUM] F10
  ok   #58 L4.flashcard_questions[6].a [MEDIUM] F10
  PATCH L4: description, content_html, flashcard_questions
  ok   #20 L5.content_html [MEDIUM] F15: 1959 is the year Pinnock's own mother migrated, not the character's arrival
  ok   #21 L5.content_html [HIGH] F3: Enid speaks Jamaican patois throughout the play
  ok   #22 L5.content_html [MEDIUM] F13
  ok   #23 L5.content_html [MEDIUM] F12
  ok   #24 L5.content_html [MEDIUM] F10
  ok   #25 L5.content_html [MEDIUM] F11
  ok   #59 L5.flashcard_questions[0].q [MEDIUM] F15
  ok   #60 L5.flashcard_questions[0].a [MEDIUM] F15
  ok   #61 L5.flashcard_questions[7].a [MEDIUM] F12
  ok   #62 L5.flashcard_questions[9].a [MEDIUM] F10
  ok   #87 L5.content_html [MEDIUM] F18: lessons disagree on who ended the marriage; neutral wording
  ok   #89 L5.flashcard_questions[3].q [MEDIUM] F18: neutral wording
  PATCH L5: content_html, flashcard_questions
  ok   #26 L6.content_html [HIGH] F4
  ok   #27 L6.content_html [HIGH] F4
  ok   #28 L6.content_html [HIGH] F4
  ok   #63 L6.knowledge_checks[1].options[2] [HIGH] F4
  ok   #64 L6.flashcard_questions[2].a [HIGH] F4
  ok   #65 L6.flashcard_questions[3].a [HIGH] F4
  ok   #66 L6.flashcard_questions[4].a [HIGH] F4
  PATCH L6: content_html, knowledge_checks, flashcard_questions
  ok   #29 L7.content_html [HIGH] F3: Enid speaks Jamaican patois throughout; she does not speak standard English with occasional slippage
  ok   #30 L7.content_html [HIGH] F3
  ok   #31 L7.content_html [HIGH] F3
  ok   #32 L7.content_html [HIGH] F3
  ok   #33 L7.content_html [HIGH] F3
  ok   #34 L7.content_html [HIGH] F3
  ok   #35 L7.content_html [HIGH] F3
  ok   #67 L7.knowledge_checks[0].q [HIGH] F3
  ok   #68 L7.knowledge_checks[0].options[1] [HIGH] F3
  ok   #69 L7.knowledge_checks[4].right[0] [HIGH] F3
  ok   #70 L7.flashcard_questions[0].q [HIGH] F3
  ok   #71 L7.flashcard_questions[0].a [HIGH] F3
  ok   #72 L7.flashcard_questions[1].q [HIGH] F3
  ok   #73 L7.flashcard_questions[1].a [HIGH] F3
  ok   #74 L7.flashcard_questions[2].q [HIGH] F3
  ok   #75 L7.flashcard_questions[2].a [HIGH] F3
  ok   #76 L7.flashcard_questions[9].a [HIGH] F3
  ok   #77 L7.flashcard_questions[10].q [HIGH] F3
  ok   #78 L7.flashcard_questions[10].a [HIGH] F3
  ok   #79 L7.flashcard_questions[11].a [HIGH] F3
  ok   #80 L7.flashcard_questions[12].q [HIGH] F3
  ok   #81 L7.flashcard_questions[12].a [HIGH] F3
  ok   #82 L7.glossary_terms[1].definition [HIGH] F3
  ok   #83 L7.practice_questions[0].marks [HIGH] F3: the mark scheme rewarded the false claim that Enid speaks standard English
  ok   #84 L7.practice_questions[3].marks [HIGH] F3
  PATCH L7: content_html, knowledge_checks, flashcard_questions, glossary_terms, practice_questions
  ok   #36 L8.content_html [HIGH] F1/F2: Leave Taking sits only in the modern prose or drama section, and the question is one compulsory two-par
  ok   #37 L8.content_html [MEDIUM] F2: part (a) compares the printed extract with an unseen modern extract
  ok   #38 L8.content_html [MEDIUM] F6
  PATCH L8: content_html
=== 90 applied, 0 skipped, 8 lessons / 23 fields changed

2026-09-02T16:03:14 FOLLOW-UP F17: L5 content_html 'hospital cleaner' sentence patched directly (dash variant missed by the edit); re-narrated via _renarrate_from_backup
