
=== RE-NARRATION (changed narrated text only) ===
backup: C:\Users\tshau\Documents\Study Vault\scripts\_retrofc\units\english-literature-ocr__leave-taking\_backup.json
unit:   english-literature-ocr / leave-taking
run: 2026-09-02T14:59:30Z  mode: LIVE

8 lessons, 34 clips to regenerate

  L01 (Ollie)  Context: Caribbean Immigration & British Identity
      n2: Leave Taking (1987) by Winsome Pinnock is a play about a Caribbean-British family navigating questions of iden
             -> 345 KB, 29.5s, uploaded
      n5: After World War II, Britain actively recruited workers from the Caribbean. The British Nationality Act 1948 ga
             -> 366 KB, 31.2s, uploaded
      n8: Leave Taking is set in 1980s London and is structured as eight scenes — not two formal acts. The play has two 
             -> 406 KB, 34.6s, uploaded
      n9: Key Fact . Scene 1 takes place at Mai's Deptford bedsit. Enid brings both daughters there for a reading. Del s
             -> 277 KB, 23.7s, uploaded
      manifest updated (15 entries)
  L02 (Ada)  Scenes 1–3: Enid, Viv & the Obeah Woman
      n2: The play's opening scenes introduce Enid Matthews, a Jamaican-born mother who has built a life in London throu
             -> 432 KB, 36.9s, uploaded
      n6: Scene 1 takes place at Mai's Deptford bedsit. Enid brings both daughters to Mai for a reading. Her main worry 
             -> 411 KB, 35.1s, uploaded
      n9: Brod (Broderick) is Enid's long-standing friend, a fellow Windrush-generation Jamaican who is present througho
             -> 394 KB, 33.6s, uploaded
      n11: The emotional turning point of the play's first half comes in Scene 3, when Enid learns that her mother has di
             -> 435 KB, 37.1s, uploaded
      manifest updated (15 entries)
  L03 (Ollie)  Scenes 4–7: Generational Conflict
      n3: Key Fact . Del's pregnancy belongs to Del , the elder daughter (18) — not to Viv. Enid already suspects the pr
             -> 274 KB, 23.4s, uploaded
      n6: Del is already pregnant when the play opens — Enid suspects it in Scene 1 — and by this section it is out in t
             -> 339 KB, 28.9s, uploaded
      n8: Viv's crisis is very different from Del's — it takes place in her head and in the exam hall rather than in the
             -> 363 KB, 31.0s, uploaded
      n9: Key Fact . Viv's rebellion is intellectual and cultural, not romantic or physical. After walking out of the ex
             -> 319 KB, 27.2s, uploaded
      n11: Scene 7, set at Mai's bedsit, contains one of the play's most important revelations. Brod — Enid's Windrush-ge
             -> 374 KB, 31.9s, uploaded
      n13: By Scene 6, Enid herself comes to Mai's bedsit — searching for Del, but also, Pinnock suggests, beginning to s
             -> 376 KB, 32.1s, uploaded
      manifest updated (16 entries)
  L04 (Ada)  Resolution & the Ending
      n2: Leave Taking's final scene takes place at Mai's Deptford bedsit — the same space in which the play opened. The
             -> 420 KB, 35.8s, uploaded
      n6: The play's most powerful moment comes when Del reads Enid's palm . This is the play's emotional climax and its
             -> 348 KB, 29.7s, uploaded
      n8: Pinnock places two candles on stage in Scene 8. A half-burnt white candle sits near Mai — her role coming to a
             -> 345 KB, 29.4s, uploaded
      manifest updated (16 entries)
  L05 (Ollie)  Character Analysis
      n2: Enid is the play's central character — the person whose choices, fears and history drive the action. She is a 
             -> 371 KB, 31.6s, uploaded
      n3: Enid's backstory is gradually revealed across the play. Her marriage ended after her husband subjected her to 
             -> 429 KB, 36.6s, uploaded
      n8: Viv is the younger daughter, aged 17. She appears to be Enid's success story: educated, articulate, preparing 
             -> 467 KB, 39.8s, uploaded
      n11: Mai is an Obeah woman who lives in a Deptford bedsit. She is physically declining throughout the play — a dizz
             -> 439 KB, 37.4s, uploaded
      n12: Brod is Enid's childhood friend from Jamaica, a fellow Windrush immigrant. He appears on stage in Scenes 2, 3 
             -> 314 KB, 26.8s, uploaded
      manifest updated (18 entries)
  L06 (Ada)  Structure & Stagecraft
      n3: The pacing across the eight scenes is deliberate: Scenes 1–4 are slower, domestic, built around everyday tensi
             -> 301 KB, 25.7s, uploaded
      n6: Leave Taking has two distinct physical settings. Enid's North London living room appears in Scenes 2–4: the do
             -> 406 KB, 34.6s, uploaded
      manifest updated (18 entries)
  L07 (Ollie)  Language, Dialect & Identity
      n3: Key Fact . Enid speaks Jamaican patois all through the play, even while she preaches assimilation to her daugh
             -> 267 KB, 22.8s, uploaded
      n5: Code-switching is central to the play's linguistic texture. Enid and Mai both speak Jamaican patois, and Mai's
             -> 352 KB, 30.0s, uploaded
      n6: Pinnock's use of code-switching serves multiple functions. It is characterisation : each character's speech pa
             -> 288 KB, 24.6s, uploaded
      n8: Standard English in the play represents the dominant culture . Enid pushes it on her daughters so that they wi
             -> 205 KB, 17.5s, uploaded
      n10: The generational voice in Leave Taking is a key structural element. Enid's language is Jamaican throughout, ev
             -> 256 KB, 21.8s, uploaded
      n11: This progression — from Jamaican patois (Enid) to fully English (Viv) to Del, drawn back towards Jamaican spee
             -> 253 KB, 21.6s, uploaded
      n12: Key Fact . Language in Leave Taking is never neutral. Every word choice is a statement about identity. When En
             -> 287 KB, 24.5s, uploaded
      manifest updated (18 entries)
  L08 (Ada)  Key Themes & Exam Technique
      n11: For OCR, Leave Taking is your modern prose or drama set text. The exam is closed text, so you cannot take the 
             -> 561 KB, 47.9s, uploaded
      n13: Extract comparison strategy: Work through both extracts methodically — identify Pinnock's key language choices
             -> 241 KB, 20.6s, uploaded
      n14: Whole-play strategy: Range across all eight scenes. Remember Leave Taking is a play : analyse dramatic techniq
             -> 303 KB, 25.9s, uploaded
      manifest updated (17 entries)

Regenerated 34 clips.

=== VERIFY (ranged GET + freshness) ===
  206  L01 n2  bytes 0-3/353664  Last-Modified: Wed, 02 Sep 2026 14:59:37 GMT  mp3-sync=OK
  206  L01 n5  bytes 0-3/374688  Last-Modified: Wed, 02 Sep 2026 14:59:43 GMT  mp3-sync=OK
  206  L01 n8  bytes 0-3/415296  Last-Modified: Wed, 02 Sep 2026 14:59:48 GMT  mp3-sync=OK
  206  L01 n9  bytes 0-3/283968  Last-Modified: Wed, 02 Sep 2026 14:59:54 GMT  mp3-sync=OK
  206  L02 n2  bytes 0-3/442368  Last-Modified: Wed, 02 Sep 2026 15:00:01 GMT  mp3-sync=OK
  206  L02 n6  bytes 0-3/420768  Last-Modified: Wed, 02 Sep 2026 15:00:02 GMT  mp3-sync=OK
  206  L02 n9  bytes 0-3/403776  Last-Modified: Wed, 02 Sep 2026 15:00:02 GMT  mp3-sync=OK
  206  L02 n11  bytes 0-3/444960  Last-Modified: Wed, 02 Sep 2026 15:00:09 GMT  mp3-sync=OK
  206  L03 n3  bytes 0-3/280224  Last-Modified: Wed, 02 Sep 2026 15:00:11 GMT  mp3-sync=OK
  206  L03 n6  bytes 0-3/347040  Last-Modified: Wed, 02 Sep 2026 15:00:17 GMT  mp3-sync=OK
  206  L03 n8  bytes 0-3/371520  Last-Modified: Wed, 02 Sep 2026 15:00:23 GMT  mp3-sync=OK
  206  L03 n9  bytes 0-3/326304  Last-Modified: Wed, 02 Sep 2026 15:00:24 GMT  mp3-sync=OK
  206  L03 n11  bytes 0-3/382752  Last-Modified: Wed, 02 Sep 2026 15:00:31 GMT  mp3-sync=OK
  206  L03 n13  bytes 0-3/384768  Last-Modified: Wed, 02 Sep 2026 15:00:37 GMT  mp3-sync=OK
  206  L04 n2  bytes 0-3/429984  Last-Modified: Wed, 02 Sep 2026 15:00:43 GMT  mp3-sync=OK
  206  L04 n6  bytes 0-3/355968  Last-Modified: Wed, 02 Sep 2026 15:00:49 GMT  mp3-sync=OK
  206  L04 n8  bytes 0-3/353376  Last-Modified: Wed, 02 Sep 2026 15:00:55 GMT  mp3-sync=OK
  206  L05 n2  bytes 0-3/379584  Last-Modified: Wed, 02 Sep 2026 15:01:02 GMT  mp3-sync=OK
  206  L05 n3  bytes 0-3/439488  Last-Modified: Wed, 02 Sep 2026 15:01:09 GMT  mp3-sync=OK
  206  L05 n8  bytes 0-3/478080  Last-Modified: Wed, 02 Sep 2026 15:01:17 GMT  mp3-sync=OK
  206  L05 n11  bytes 0-3/449280  Last-Modified: Wed, 02 Sep 2026 15:01:18 GMT  mp3-sync=OK
  206  L05 n12  bytes 0-3/321696  Last-Modified: Wed, 02 Sep 2026 15:01:23 GMT  mp3-sync=OK
  206  L06 n3  bytes 0-3/307872  Last-Modified: Wed, 02 Sep 2026 15:01:28 GMT  mp3-sync=OK
  206  L06 n6  bytes 0-3/415296  Last-Modified: Wed, 02 Sep 2026 15:01:29 GMT  mp3-sync=OK
  206  L07 n3  bytes 0-3/273600  Last-Modified: Wed, 02 Sep 2026 15:01:34 GMT  mp3-sync=OK
  206  L07 n5  bytes 0-3/360000  Last-Modified: Wed, 02 Sep 2026 15:01:40 GMT  mp3-sync=OK
  206  L07 n6  bytes 0-3/294912  Last-Modified: Wed, 02 Sep 2026 15:01:45 GMT  mp3-sync=OK
  206  L07 n8  bytes 0-3/209664  Last-Modified: Wed, 02 Sep 2026 15:01:49 GMT  mp3-sync=OK
  206  L07 n10  bytes 0-3/261792  Last-Modified: Wed, 02 Sep 2026 15:01:53 GMT  mp3-sync=OK
  206  L07 n11  bytes 0-3/259200  Last-Modified: Wed, 02 Sep 2026 15:01:55 GMT  mp3-sync=OK
  206  L07 n12  bytes 0-3/294048  Last-Modified: Wed, 02 Sep 2026 15:01:56 GMT  mp3-sync=OK
  206  L08 n11  bytes 0-3/574848  Last-Modified: Wed, 02 Sep 2026 15:02:05 GMT  mp3-sync=OK
  206  L08 n13  bytes 0-3/246816  Last-Modified: Wed, 02 Sep 2026 15:02:10 GMT  mp3-sync=OK
  206  L08 n14  bytes 0-3/310464  Last-Modified: Wed, 02 Sep 2026 15:02:14 GMT  mp3-sync=OK

34/34 clips verified HTTP 200/206 with fresh audio.

=== RE-NARRATION (changed narrated text only) ===
backup: C:\Users\tshau\Documents\Study Vault\scripts\_retrofc\units\english-literature-ocr__leave-taking\_backup.json
unit:   english-literature-ocr / leave-taking
run: 2026-09-02T15:03:16Z  mode: LIVE

8 lessons, 34 clips to regenerate

  L01 (Ollie)  Context: Caribbean Immigration & British Identity
      n2: Leave Taking (1987) by Winsome Pinnock is a play about a Caribbean-British family navigating questions of iden
             -> 345 KB, 29.5s, uploaded
      n5: After World War II, Britain actively recruited workers from the Caribbean. The British Nationality Act 1948 ga
             -> 366 KB, 31.2s, uploaded
      n8: Leave Taking is set in 1980s London and is structured as eight scenes — not two formal acts. The play has two 
             -> 406 KB, 34.6s, uploaded
      n9: Key Fact . Scene 1 takes place at Mai's Deptford bedsit. Enid brings both daughters there for a reading. Del s
             -> 277 KB, 23.7s, uploaded
      manifest updated (15 entries)
  L02 (Ada)  Scenes 1–3: Enid, Viv & the Obeah Woman
      n2: The play's opening scenes introduce Enid Matthews, a Jamaican-born mother who has built a life in London throu
             -> 432 KB, 36.9s, uploaded
      n6: Scene 1 takes place at Mai's Deptford bedsit. Enid brings both daughters to Mai for a reading. Her main worry 
             -> 411 KB, 35.1s, uploaded
      n9: Brod (Broderick) is Enid's long-standing friend, a fellow Windrush-generation Jamaican who is present througho
             -> 394 KB, 33.6s, uploaded
      n11: The emotional turning point of the play's first half comes in Scene 3, when Enid learns that her mother has di
             -> 435 KB, 37.1s, uploaded
      manifest updated (15 entries)
  L03 (Ollie)  Scenes 4–7: Generational Conflict
      n3: Key Fact . Del's pregnancy belongs to Del , the elder daughter (18) — not to Viv. Enid already suspects the pr
             -> 274 KB, 23.4s, uploaded
      n6: Del is already pregnant when the play opens — Enid suspects it in Scene 1 — and by this section it is out in t
             -> 339 KB, 28.9s, uploaded
      n8: Viv's crisis is very different from Del's — it takes place in her head and in the exam hall rather than in the
             -> 363 KB, 31.0s, uploaded
      n9: Key Fact . Viv's rebellion is intellectual and cultural, not romantic or physical. After walking out of the ex
             -> 319 KB, 27.2s, uploaded
      n11: Scene 7, set at Mai's bedsit, contains one of the play's most important revelations. Brod — Enid's Windrush-ge
             -> 374 KB, 31.9s, uploaded
      n13: By Scene 6, Enid herself comes to Mai's bedsit — searching for Del, but also, Pinnock suggests, beginning to s
             -> 376 KB, 32.1s, uploaded
      manifest updated (16 entries)
  L04 (Ada)  Resolution & the Ending
      n2: Leave Taking's final scene takes place at Mai's Deptford bedsit — the same space in which the play opened. The
             -> 420 KB, 35.8s, uploaded
      n6: The play's most powerful moment comes when Del reads Enid's palm . This is the play's emotional climax and its
             -> 348 KB, 29.7s, uploaded
      n8: Pinnock places two candles on stage in Scene 8. A half-burnt white candle sits near Mai — her role coming to a
             -> 345 KB, 29.4s, uploaded
      manifest updated (16 entries)
  L05 (Ollie)  Character Analysis
      n2: Enid is the play's central character — the person whose choices, fears and history drive the action. She is a 
             -> 360 KB, 30.7s, uploaded
      n3: Enid's backstory is gradually revealed across the play. Her marriage ended after her husband subjected her to 
             -> 429 KB, 36.6s, uploaded
      n8: Viv is the younger daughter, aged 17. She appears to be Enid's success story: educated, articulate, preparing 
             -> 467 KB, 39.8s, uploaded
      n11: Mai is an Obeah woman who lives in a Deptford bedsit. She is physically declining throughout the play — a dizz
             -> 439 KB, 37.4s, uploaded
      n12: Brod is Enid's childhood friend from Jamaica, a fellow Windrush immigrant. He appears on stage in Scenes 2, 3 
             -> 314 KB, 26.8s, uploaded
      manifest updated (18 entries)
  L06 (Ada)  Structure & Stagecraft
      n3: The pacing across the eight scenes is deliberate: Scenes 1–4 are slower, domestic, built around everyday tensi
             -> 301 KB, 25.7s, uploaded
      n6: Leave Taking has two distinct physical settings. Enid's North London living room appears in Scenes 2–4: the do
             -> 406 KB, 34.6s, uploaded
      manifest updated (18 entries)
  L07 (Ollie)  Language, Dialect & Identity
      n3: Key Fact . Enid speaks Jamaican patois all through the play, even while she preaches assimilation to her daugh
             -> 267 KB, 22.8s, uploaded
      n5: Code-switching is central to the play's linguistic texture. Enid and Mai both speak Jamaican patois, and Mai's
             -> 352 KB, 30.0s, uploaded
      n6: Pinnock's use of code-switching serves multiple functions. It is characterisation : each character's speech pa
             -> 288 KB, 24.6s, uploaded
      n8: Standard English in the play represents the dominant culture . Enid pushes it on her daughters so that they wi
             -> 205 KB, 17.5s, uploaded
      n10: The generational voice in Leave Taking is a key structural element. Enid's language is Jamaican throughout, ev
             -> 256 KB, 21.8s, uploaded
      n11: This progression — from Jamaican patois (Enid) to fully English (Viv) to Del, drawn back towards Jamaican spee
             -> 253 KB, 21.6s, uploaded
      n12: Key Fact . Language in Leave Taking is never neutral. Every word choice is a statement about identity. When En
             -> 287 KB, 24.5s, uploaded
      manifest updated (18 entries)
  L08 (Ada)  Key Themes & Exam Technique
      n11: For OCR, Leave Taking is your modern prose or drama set text. The exam is closed text, so you cannot take the 
             -> 561 KB, 47.9s, uploaded
      n13: Extract comparison strategy: Work through both extracts methodically — identify Pinnock's key language choices
             -> 241 KB, 20.6s, uploaded
      n14: Whole-play strategy: Range across all eight scenes. Remember Leave Taking is a play : analyse dramatic techniq
             -> 303 KB, 25.9s, uploaded
      manifest updated (17 entries)

Regenerated 34 clips.

=== VERIFY (ranged GET + freshness) ===
  206  L01 n2  bytes 0-3/353664  Last-Modified: Wed, 02 Sep 2026 15:03:19 GMT  mp3-sync=OK
  206  L01 n5  bytes 0-3/374688  Last-Modified: Wed, 02 Sep 2026 15:03:20 GMT  mp3-sync=OK
  206  L01 n8  bytes 0-3/415296  Last-Modified: Wed, 02 Sep 2026 15:03:21 GMT  mp3-sync=OK
  206  L01 n9  bytes 0-3/283968  Last-Modified: Wed, 02 Sep 2026 15:03:22 GMT  mp3-sync=OK
  206  L02 n2  bytes 0-3/442368  Last-Modified: Wed, 02 Sep 2026 15:03:23 GMT  mp3-sync=OK
  206  L02 n6  bytes 0-3/420768  Last-Modified: Wed, 02 Sep 2026 15:03:23 GMT  mp3-sync=OK
  206  L02 n9  bytes 0-3/403776  Last-Modified: Wed, 02 Sep 2026 15:03:24 GMT  mp3-sync=OK
  206  L02 n11  bytes 0-3/444960  Last-Modified: Wed, 02 Sep 2026 15:03:25 GMT  mp3-sync=OK
  206  L03 n3  bytes 0-3/280224  Last-Modified: Wed, 02 Sep 2026 15:03:26 GMT  mp3-sync=OK
  206  L03 n6  bytes 0-3/347040  Last-Modified: Wed, 02 Sep 2026 15:03:27 GMT  mp3-sync=OK
  206  L03 n8  bytes 0-3/371520  Last-Modified: Wed, 02 Sep 2026 15:03:28 GMT  mp3-sync=OK
  206  L03 n9  bytes 0-3/326304  Last-Modified: Wed, 02 Sep 2026 15:03:29 GMT  mp3-sync=OK
  206  L03 n11  bytes 0-3/382752  Last-Modified: Wed, 02 Sep 2026 15:03:30 GMT  mp3-sync=OK
  206  L03 n13  bytes 0-3/384768  Last-Modified: Wed, 02 Sep 2026 15:03:31 GMT  mp3-sync=OK
  206  L04 n2  bytes 0-3/429984  Last-Modified: Wed, 02 Sep 2026 15:03:32 GMT  mp3-sync=OK
  206  L04 n6  bytes 0-3/355968  Last-Modified: Wed, 02 Sep 2026 15:03:33 GMT  mp3-sync=OK
  206  L04 n8  bytes 0-3/353376  Last-Modified: Wed, 02 Sep 2026 15:03:34 GMT  mp3-sync=OK
  206  L05 n2  bytes 0-3/368928  Last-Modified: Wed, 02 Sep 2026 15:03:40 GMT  mp3-sync=OK
  206  L05 n3  bytes 0-3/439488  Last-Modified: Wed, 02 Sep 2026 15:03:41 GMT  mp3-sync=OK
  206  L05 n8  bytes 0-3/478080  Last-Modified: Wed, 02 Sep 2026 15:03:42 GMT  mp3-sync=OK
  206  L05 n11  bytes 0-3/449280  Last-Modified: Wed, 02 Sep 2026 15:03:43 GMT  mp3-sync=OK
  206  L05 n12  bytes 0-3/321696  Last-Modified: Wed, 02 Sep 2026 15:03:44 GMT  mp3-sync=OK
  206  L06 n3  bytes 0-3/307872  Last-Modified: Wed, 02 Sep 2026 15:03:45 GMT  mp3-sync=OK
  206  L06 n6  bytes 0-3/415296  Last-Modified: Wed, 02 Sep 2026 15:03:46 GMT  mp3-sync=OK
  206  L07 n3  bytes 0-3/273600  Last-Modified: Wed, 02 Sep 2026 15:03:47 GMT  mp3-sync=OK
  206  L07 n5  bytes 0-3/360000  Last-Modified: Wed, 02 Sep 2026 15:03:49 GMT  mp3-sync=OK
  206  L07 n6  bytes 0-3/294912  Last-Modified: Wed, 02 Sep 2026 15:03:50 GMT  mp3-sync=OK
  206  L07 n8  bytes 0-3/209664  Last-Modified: Wed, 02 Sep 2026 15:03:51 GMT  mp3-sync=OK
  206  L07 n10  bytes 0-3/261792  Last-Modified: Wed, 02 Sep 2026 15:03:52 GMT  mp3-sync=OK
  206  L07 n11  bytes 0-3/259200  Last-Modified: Wed, 02 Sep 2026 15:03:53 GMT  mp3-sync=OK
  206  L07 n12  bytes 0-3/294048  Last-Modified: Wed, 02 Sep 2026 15:03:54 GMT  mp3-sync=OK
  206  L08 n11  bytes 0-3/574848  Last-Modified: Wed, 02 Sep 2026 15:03:55 GMT  mp3-sync=OK
  206  L08 n13  bytes 0-3/246816  Last-Modified: Wed, 02 Sep 2026 15:03:56 GMT  mp3-sync=OK
  206  L08 n14  bytes 0-3/310464  Last-Modified: Wed, 02 Sep 2026 15:03:57 GMT  mp3-sync=OK

34/34 clips verified HTTP 200/206 with fresh audio.
