
=== RE-NARRATION (changed narrated text only) ===
backup: C:\Users\tshau\Documents\Study Vault\scripts\_retrofc\units\statistics-aqa__planning-designing-enquiry\_backup.json
unit:   statistics-aqa / planning-designing-enquiry
run: 2026-09-04T00:48:41Z  mode: LIVE
  L05: no narrated field changed -> skip

2 lessons, 6 clips to regenerate

  L03 (Ollie)  Primary and Secondary Data Sources
      n12: The advantages of secondary data are significant: it is fast to access, often covers large populations, and ma
             -> 279 KB, 23.8s, uploaded
      n16: A census collects data from every member of the population. The census in England and Wales, conducted every t
             -> 238 KB, 20.3s, uploaded
      manifest updated (37 entries)
  L04 (Ada)  Sampling Methods and Stratification
      n4: Before sampling can begin, you need a sample frame : a list of population members available for sampling. For 
             -> 305 KB, 26.0s, uploaded
      n22: Quota Sampling
             -> 19 KB, 1.7s, uploaded
      n28: Random: Unbiased in expectation, but depends on a sample frame that covers the relevant population and may sti
             -> 112 KB, 9.5s, uploaded
      n33: Opportunity sampling is fast but biased; random sampling is the least biased but depends on a sample frame tha
             -> 176 KB, 15.1s, uploaded
      manifest updated (35 entries)

Regenerated 6 clips.

=== VERIFY (ranged GET + freshness) ===
  206  L03 n12  bytes 0-3/285984  Last-Modified: Fri, 04 Sep 2026 00:48:48 GMT  mp3-sync=OK
  206  L03 n16  bytes 0-3/243936  Last-Modified: Fri, 04 Sep 2026 00:48:51 GMT  mp3-sync=OK
  206  L04 n4  bytes 0-3/311904  Last-Modified: Fri, 04 Sep 2026 00:48:56 GMT  mp3-sync=OK
  206  L04 n22  bytes 0-3/19872  Last-Modified: Fri, 04 Sep 2026 00:48:57 GMT  mp3-sync=OK
  206  L04 n28  bytes 0-3/114336  Last-Modified: Fri, 04 Sep 2026 00:48:59 GMT  mp3-sync=OK
  206  L04 n33  bytes 0-3/180576  Last-Modified: Fri, 04 Sep 2026 00:49:03 GMT  mp3-sync=OK

6/6 clips verified HTTP 200/206 with fresh audio.
