
=== RE-NARRATION (changed narrated text only) ===
backup: C:\Users\tshau\Documents\Study Vault\scripts\_retrofc\units\food-preparation-and-nutrition-eduqas__food-safety-provenance-and-choice\_backup.json
unit:   food-preparation-and-nutrition-eduqas / food-safety-provenance-and-choice
run: 2026-09-04T16:15:08Z  mode: LIVE

5 lessons, 10 clips to regenerate

  L01 (Ollie)  Food Spoilage, Storage & Preservation
      n21: Freezing stores food at −18°C or below. Micro-organisms cannot reproduce at this temperature and enzyme activi
             -> 317 KB, 27.1s, uploaded
      manifest updated (26 entries)
  L02 (Ada)  Food Poisoning, Bacteria & Cross-Contamination
      n2: Food poisoning is an illness caused by consuming food contaminated with harmful bacteria or the toxins those b
             -> 346 KB, 29.5s, uploaded
      n5: Temperature is the most important control factor in a kitchen. Bacteria multiply fastest between 5°C and 63°C 
             -> 372 KB, 31.7s, uploaded
      n11: The specification names four bacteria that can cause food poisoning. Each has a distinct source, a typical inc
             -> 119 KB, 10.2s, uploaded
      n24: Inadequate food hygiene causes food wastage as well as illness. Food that has been contaminated or allowed to 
             -> 521 KB, 44.4s, uploaded
      n25: This lesson focuses on the four bacteria named in the specification: Salmonella , Campylobacter , E. coli and 
             -> 203 KB, 17.4s, uploaded
      manifest updated (25 entries)
  L03 (Ollie)  Food Provenance & Sustainability
      n13: Food waste itself is a major sustainability problem. When food is wasted, all the land, water, energy and labo
             -> 498 KB, 42.5s, uploaded
      n17: Food security , as defined by the World Health Organisation (WHO), operates at a global level. It is achieved 
             -> 361 KB, 30.8s, uploaded
      manifest updated (20 entries)
  L04 (Ada)  Culinary Traditions & International Cuisine
      n7: Regional British cuisines reflect local ingredients and history. Scottish cuisine features oatmeal (porridge, 
             -> 522 KB, 44.5s, uploaded
      manifest updated (23 entries)
  L06 (Ada)  Factors Affecting Food Choice & Sensory Evaluation
      n23: Marketing also shapes choice. Bright packaging, celebrity endorsement, product placement at eye level on super
             -> 250 KB, 21.3s, uploaded
      manifest updated (24 entries)

Regenerated 10 clips.

=== VERIFY (ranged GET + freshness) ===
  206  L01 n21  bytes 0-3/324864  Last-Modified: Fri, 04 Sep 2026 16:15:15 GMT  mp3-sync=OK
  206  L02 n2  bytes 0-3/354528  Last-Modified: Fri, 04 Sep 2026 16:15:20 GMT  mp3-sync=OK
  206  L02 n5  bytes 0-3/380448  Last-Modified: Fri, 04 Sep 2026 16:15:26 GMT  mp3-sync=OK
  206  L02 n11  bytes 0-3/122112  Last-Modified: Fri, 04 Sep 2026 16:15:28 GMT  mp3-sync=OK
  206  L02 n24  bytes 0-3/533088  Last-Modified: Fri, 04 Sep 2026 16:15:36 GMT  mp3-sync=OK
  206  L02 n25  bytes 0-3/208224  Last-Modified: Fri, 04 Sep 2026 16:15:39 GMT  mp3-sync=OK
  206  L03 n13  bytes 0-3/510048  Last-Modified: Fri, 04 Sep 2026 16:15:46 GMT  mp3-sync=OK
  206  L03 n17  bytes 0-3/369216  Last-Modified: Fri, 04 Sep 2026 16:15:52 GMT  mp3-sync=OK
  206  L04 n7  bytes 0-3/534528  Last-Modified: Fri, 04 Sep 2026 16:16:00 GMT  mp3-sync=OK
  206  L06 n23  bytes 0-3/256032  Last-Modified: Fri, 04 Sep 2026 16:16:04 GMT  mp3-sync=OK

10/10 clips verified HTTP 200/206 with fresh audio.
