=== APPLY EDITS astronomy-edexcel/telescopic-astronomy  24 edits  LIVE  2026-09-06T09:20:31.390Z
  ok   #0 L1.content_html [MEDIUM] F1: Earth is never visible from the far side, so the Earthrise photograph is not a view of it. Apollo 8's crew
  ok   #1 L1.content_html [MEDIUM] F2: the impactor's iron cannot have been inside Earth's core before the impact. Both bodies had already formed
  ok   #2 L1.practice_questions[3].marks [MEDIUM] F2: same reversed sequence in the mark scheme.
  ok   #3 L1.exam_tip_html [MEDIUM] F3: unsourced claim about what examiners reward; rewritten as plain advice.
  PATCH L1: content_html, practice_questions, exam_tip_html
  ok   #4 L2.content_html [MEDIUM] F4: the index was not superscripted, so the page read '10 minus 15 m' instead of 10^-15 m.
  PATCH L2: content_html
  ok   #5 L3.content_html [MEDIUM] F5: unsourced examiner-report claim; rewritten as plain advice.
  PATCH L3: content_html
  ok   #6 L4.content_html [MEDIUM] F6: the belt lies 30-50 AU from the Sun. 'beyond Neptune' after the figures reads as 60-80 AU.
  ok   #7 L4.glossary_terms[5].definition [MEDIUM] F6: same wording in the glossary.
  ok   #8 L4.exam_tip_html [MEDIUM] F7: invented examiner's-report citation removed; the advice itself is kept.
  ok   #9 L4.knowledge_checks[1].options[2] [HIGH] F8: the lesson calls it the 'ion (plasma) tail', so 'plasma' was a correct answer marked wrong. Replaced with 
  PATCH L4: content_html, glossary_terms, exam_tip_html, knowledge_checks
  ok   #10 L5.content_html [MEDIUM] F11: recomputation with the lesson's own 7 mm eye pupil gives (39,000/7)^2 = 3.1 x 10^7, not 2 x 10^5.
  ok   #11 L5.practice_questions[5].marks [MEDIUM] F12: half marks (1.5) are never awarded. Rewritten as three whole marks.
  PATCH L5: content_html, practice_questions
  ok   #12 L6.content_html [MEDIUM] F13: only Voyager 2 visited all four giant planets.
  ok   #13 L6.exam_tip_html [MEDIUM] F14: unsourced claim about what examiners look for.
  ok   #22 L6.content_html [?] 
  SKIP #23 L6.glossary_terms: bad path
  PATCH L6: content_html, exam_tip_html
  ok   #14 L7.content_html [MEDIUM] F16: only Jupiter approaches 60 km/s. Saturn 35.5, Neptune 23.5, Uranus 21.3 km/s.
  ok   #15 L7.flashcard_questions[9].a [MEDIUM] F16: same wrong figure on the flashcard.
  ok   #16 L7.exam_tip_html [MEDIUM] F17: unsourced claim about what examiners look for.
  ok   #17 L7.practice_questions[5].text [HIGH] F18: Body W carries Venus data, so 'no significant atmosphere' was false; the stem now matches Venus.
  ok   #18 L7.practice_questions[5].marks [HIGH] F18: the key contradicted itself ('actually has a thick atmosphere in reality') and awarded Body W no mark. No
  PATCH L7: content_html, flashcard_questions, exam_tip_html, practice_questions
  ok   #19 L12.content_html [MEDIUM] F19: Rigel is normally the brightest star in Orion, so Orion is the standard exception to the Bayer rule. Cent
  PATCH L12: content_html
  ok   #20 L13.content_html [HIGH] F20: spec 15.8 sets SBb, and the lesson body and knowledge check both say SBb.
  PATCH L13: content_html
  ok   #21 L14.exam_tip_html [MEDIUM] F21: the data sheet value is definitely 68 km/s/Mpc (spec Appendix 2), not 'some versions'.
  PATCH L14: exam_tip_html
=== 23 applied, 1 skipped, 10 lessons / 20 fields changed
