
=== RE-NARRATION (changed narrated text only) ===
backup: C:\Users\tshau\Documents\Study Vault\scripts\_retrofc\units\astronomy-edexcel__telescopic-astronomy\_backup.json
unit:   astronomy-edexcel / telescopic-astronomy
run: 2026-09-06T09:20:35Z  mode: LIVE
  L13: fields edited but no narrated text changed -> skip

9 lessons, 15 clips to regenerate

  L01 (Ollie)  Exploring the Moon: Origin, Far Side and Apollo
      n8: Our knowledge of the far side has expanded dramatically through missions such as the Soviet Luna 3 (1959, firs
             -> 267 KB, 22.8s, uploaded
      n12: The Moon's composition is strikingly similar to Earth's mantle, not its core — consistent with the impact exca
             -> 294 KB, 25.1s, uploaded
      n19: For 6-mark extended response questions on the Moon's origin, always structure your answer around the evidence 
             -> 415 KB, 35.5s, uploaded
      manifest updated (24 entries)
  L02 (Ada)  The Sun: Structure, Fusion and Atmosphere
      n17: Protons carry a positive charge and strongly repel each other (the electrostatic or Coulomb barrier). To fuse,
             -> 368 KB, 31.4s, uploaded
      manifest updated (24 entries)
  L03 (Ollie)  Sunspots, the Solar Cycle and the Solar Wind
      n8: It is easy to misread a sunspot data graph by measuring between the wrong peaks, or to confuse the sidereal an
             -> 397 KB, 33.9s, uploaded
      manifest updated (23 entries)
  L04 (Ada)  The Solar System: Planets, Dwarf Planets and Small Bodies
      n19: Short-period comets have orbital periods of less than 200 years and are believed to originate from the Kuiper 
             -> 357 KB, 30.4s, uploaded
      n22: For 4-mark comparison questions on comet types, always address BOTH sides of each property: e.g. “Short-period
             -> 392 KB, 33.4s, uploaded
      manifest updated (27 entries)
  L05 (Ollie)  Telescopes: Optics, Magnification and Resolution
      n13: where D is the aperture diameter. A telescope with an aperture of 200 mm collects (200/7) squared approximatel
             -> 407 KB, 34.7s, uploaded
      manifest updated (28 entries)
  L06 (Ada)  Space Probes and Crewed Exploration
      n5: A fly-by probe does not slow down to enter orbit — it passes the target at high speed, gathering data during t
             -> 442 KB, 37.7s, uploaded
      n14: NASA’s Apollo programme (1961–1972) was the first and so far only programme to land humans on another world. T
             -> 388 KB, 33.1s, uploaded
      n18: For 6-mark extended response questions comparing crewed and robotic exploration, use the ‘evaluate’ structure:
             -> 599 KB, 51.1s, uploaded
      manifest updated (22 entries)
  L07 (Ollie)  Formation of Planetary Systems and Gravitational Forces
      n16: This explains several observations: Mercury and our Moon have effectively no atmosphere despite being rocky bo
             -> 668 KB, 57.0s, uploaded
      n21: For 6-mark questions on atmospheric retention: structure your answer around (1) the concept of escape velocity
             -> 485 KB, 41.4s, uploaded
      manifest updated (26 entries)
  L12 (Ada)  Stellar Evolution: Birth, Life and Death of Stars
      n2: Before exploring how stars are born and die, it is useful to know how astronomers name the objects they study.
             -> 341 KB, 29.1s, uploaded
      manifest updated (24 entries)
  L14 (Ada)  Cosmology: Redshift, Hubble's Law and the Big Bang
      n28: Calculation questions on Hubble’s law require careful unit management: velocity in km/s, distance in Mpc, H su
             -> 587 KB, 50.1s, uploaded
      manifest updated (33 entries)

Regenerated 15 clips.

=== VERIFY (ranged GET + freshness) ===
  206  L01 n8  bytes 0-3/273888  Last-Modified: Sun, 06 Sep 2026 09:20:45 GMT  mp3-sync=OK
  206  L01 n12  bytes 0-3/301248  Last-Modified: Sun, 06 Sep 2026 09:20:51 GMT  mp3-sync=OK
  206  L01 n19  bytes 0-3/425376  Last-Modified: Sun, 06 Sep 2026 09:20:58 GMT  mp3-sync=OK
  206  L02 n17  bytes 0-3/376992  Last-Modified: Sun, 06 Sep 2026 09:21:06 GMT  mp3-sync=OK
  206  L03 n8  bytes 0-3/406368  Last-Modified: Sun, 06 Sep 2026 09:21:12 GMT  mp3-sync=OK
  206  L04 n19  bytes 0-3/365184  Last-Modified: Sun, 06 Sep 2026 09:21:19 GMT  mp3-sync=OK
  206  L04 n22  bytes 0-3/401184  Last-Modified: Sun, 06 Sep 2026 09:21:27 GMT  mp3-sync=OK
  206  L05 n13  bytes 0-3/416448  Last-Modified: Sun, 06 Sep 2026 09:21:34 GMT  mp3-sync=OK
  206  L06 n5  bytes 0-3/452160  Last-Modified: Sun, 06 Sep 2026 09:21:42 GMT  mp3-sync=OK
  206  L06 n14  bytes 0-3/396864  Last-Modified: Sun, 06 Sep 2026 09:21:47 GMT  mp3-sync=OK
  206  L06 n18  bytes 0-3/613152  Last-Modified: Sun, 06 Sep 2026 09:21:56 GMT  mp3-sync=OK
  206  L07 n16  bytes 0-3/684000  Last-Modified: Sun, 06 Sep 2026 09:22:06 GMT  mp3-sync=OK
  206  L07 n21  bytes 0-3/496800  Last-Modified: Sun, 06 Sep 2026 09:22:13 GMT  mp3-sync=OK
  206  L12 n2  bytes 0-3/349056  Last-Modified: Sun, 06 Sep 2026 09:22:18 GMT  mp3-sync=OK
  206  L14 n28  bytes 0-3/601344  Last-Modified: Sun, 06 Sep 2026 09:22:28 GMT  mp3-sync=OK

15/15 clips verified HTTP 200/206 with fresh audio.
