=== APPLY EDITS geography-edexcel-b/uk-geographical-issues  33 edits  LIVE  2026-09-06T04:37:31.583Z
  ok   #19 L1.practice_questions[5].text [MEDIUM] F1: 'Examine' is not one of this board's 12 command words; 8-mark questions use Assess or Evaluate.
  PATCH L1: practice_questions
  ok   #0 L2.exam_tip_html [MEDIUM] F2: 'Examine' is not one of this board's 12 command words; the 8-mark questions use Assess or Evaluate.
  ok   #20 L2.practice_questions[5].text [MEDIUM] F2: wrong command word for this board.
  PATCH L2: exam_tip_html, practice_questions
  ok   #1 L3.content_html [MEDIUM] F8: the Environment Agency figure counts properties (1 in 6), not people; L5 states it correctly.
  ok   #2 L3.content_html [MEDIUM] F8: same properties-not-people correction in the key fact.
  ok   #3 L3.content_html [MEDIUM] F9: unverifiable statistic with no source; the qualitative point stands without it.
  ok   #4 L3.content_html [MEDIUM] F10: the 1991 Mappleton scheme was two rock groynes plus a rock revetment, not a sea wall.
  ok   #5 L3.exam_tip_html [MEDIUM] F11: invented claim about examiner behaviour.
  ok   #21 L3.practice_questions[5].marks [MEDIUM] F10: keeps the model answer consistent with the corrected scheme description.
  PATCH L3: content_html, exam_tip_html, practice_questions
  ok   #6 L4.exam_tip_html [MEDIUM] F13: invented claim about examiner behaviour.
  ok   #22 L4.practice_questions[5].text [MEDIUM] F12: wrong command word; Explain is on this board's list and fits the mark scheme.
  PATCH L4: exam_tip_html, practice_questions
  ok   #7 L5.content_html [HIGH] F15: 1,800 homes × £200,000 = £360m; £38m upgrade is 10.6% of that, not 1%.
  ok   #8 L5.exam_tip_html [MEDIUM] F16: wrong command word plus an invented examiner claim.
  ok   #23 L5.practice_questions[5].text [MEDIUM] F14: wrong command word for this board.
  PATCH L5: content_html, exam_tip_html, practice_questions
  ok   #9 L6.content_html [MEDIUM] F18: Cleveland was an ironstone district; the coalfield was Durham, whose last pit (Wearmouth) closed in 1993.
  ok   #10 L6.content_html [MEDIUM] F19: the 2021-22 censuses give 10.7 million foreign-born residents, 16% of the UK.
  ok   #11 L6.content_html [MEDIUM] F20: ONS records a record 944,000 net migration in the year to March 2023, so the two-decade average is far ab
  ok   #12 L6.content_html [MEDIUM] F21: Honda announced the closure in February 2019; the Swindon plant produced cars until July 2021.
  ok   #13 L6.exam_tip_html [MEDIUM] F22: invented claim about examiner behaviour.
  ok   #24 L6.practice_questions[5].text [MEDIUM] F17: wrong command word for this board.
  ok   #25 L6.practice_questions[5].marks [MEDIUM] F21: the closure was announced in 2019 and completed in 2021.
  ok   #26 L6.flashcard_questions[8].a [MEDIUM] F21: announcement 2019, plant shut 2021.
  PATCH L6: content_html, exam_tip_html, practice_questions, flashcard_questions
  ok   #14 L7.exam_tip_html [MEDIUM] F24: wrong command word plus an invented examiner claim.
  ok   #27 L7.practice_questions[4].text [HIGH] F23: the 2001 census counted 977,091 in Birmingham; the city was below one million until after 2001.
  ok   #28 L7.practice_questions[4].marks [HIGH] F23: recomputed answer key for the corrected 2001 population.
  ok   #29 L7.practice_questions[5].text [MEDIUM] F24: wrong command word for this board.
  PATCH L7: exam_tip_html, practice_questions
  ok   #15 L8.exam_tip_html [MEDIUM] F26: wrong command word plus an invented examiner claim.
  ok   #30 L8.practice_questions[5].text [MEDIUM] F25: wrong command word for this board.
  PATCH L8: exam_tip_html, practice_questions
  ok   #16 L9.content_html [MEDIUM] F28: 'Examine' is not one of this board's command words.
  ok   #31 L9.practice_questions[5].text [MEDIUM] F27: wrong command word for this board.
  PATCH L9: content_html, practice_questions
  ok   #17 L10.content_html [MEDIUM] F30: invented claim about examiner behaviour.
  ok   #18 L10.exam_tip_html [MEDIUM] F31: invented claim about examiner behaviour.
  ok   #32 L10.practice_questions[5].text [MEDIUM] F29: wrong command word for this board.
  PATCH L10: content_html, exam_tip_html, practice_questions
=== 33 applied, 0 skipped, 10 lessons / 24 fields changed
