
=== RE-NARRATION (changed narrated text only) ===
backup: C:\Users\tshau\Documents\Study Vault\scripts\_retrofc\units\geography-edexcel-b__uk-geographical-issues\_backup.json
unit:   geography-edexcel-b / uk-geographical-issues
run: 2026-09-06T04:37:37Z  mode: LIVE
  L01: no narrated field changed -> skip

9 lessons, 19 clips to regenerate

  L02 (Ada)  Coastal Landscapes of Erosion & Deposition
      n18: For 4-mark ‘Explain’ questions on coastal landforms, draw a sequence: weakness → process → landform. The stron
             -> 320 KB, 27.3s, uploaded
      manifest updated (22 entries)
  L03 (Ollie)  Coastal Management & Conflict
      n2: Around 5 million homes and businesses in England are in places at risk of flooding from the sea or rivers, and
             -> 447 KB, 38.1s, uploaded
      n4: Three changes are increasing coastal flood risk. First, rising sea levels from melting ice sheets (Greenland a
             -> 353 KB, 30.1s, uploaded
      n5: Key Fact . UK sea level has risen about 17 cm since 1900 and is projected to rise a further 30–110 cm by 2100.
             -> 239 KB, 20.4s, uploaded
      n14: Coastal management decisions create conflict. Residents of Happisburgh in Norfolk wanted a sea wall to save th
             -> 442 KB, 37.7s, uploaded
      n16: For 8-mark ‘Assess’ or ‘Evaluate’ questions on coastal management, structure your answer as: hard engineering 
             -> 295 KB, 25.1s, uploaded
      manifest updated (20 entries)
  L04 (Ada)  River Landscapes & Processes
      n17: For the 4-mark Explain question on river landforms, use a labelled sketch where allowed. State the process (e.
             -> 271 KB, 23.1s, uploaded
      manifest updated (21 entries)
  L05 (Ollie)  River Flooding & Management
      n16: The Foss Barrier protects part of central York from flooding by the River Foss. After it failed during the 201
             -> 390 KB, 33.3s, uploaded
      n21: For the 8-mark Evaluate question on flood management, the best answers compare hard AND soft engineering with 
             -> 325 KB, 27.7s, uploaded
      manifest updated (25 entries)
  L06 (Ada)  The UK's Evolving Human Landscape
      n10: Migration over the past 50 years has reshaped the UK’s population geography in three ways. Internal migration 
             -> 540 KB, 46.1s, uploaded
      n12: Key Fact . Net international migration to the UK ran at about 250,000 a year through the 2010s, then peaked at
             -> 249 KB, 21.2s, uploaded
      n15: The South East has high concentrations of finance, tech and quaternary jobs, GDP per capita well above the UK 
             -> 494 KB, 42.2s, uploaded
      n17: UK economic policy from the 1980s onwards favoured free trade, privatisation of nationalised industries, and o
             -> 582 KB, 49.6s, uploaded
      n18: For the 4-mark Explain question on UK economic change, build a chain of reasoning. State the change (decline o
             -> 344 KB, 29.4s, uploaded
      manifest updated (22 entries)
  L07 (Ollie)  Case Study: A Dynamic UK City (Birmingham)
      n17: For the 8-mark Assess question on a UK city, go deep on a single named example rather than scattering points a
             -> 393 KB, 33.5s, uploaded
      manifest updated (21 entries)
  L08 (Ada)  Decline, Regeneration & Sustainability in UK Cities
      n17: For the 8-mark Evaluate question on regeneration or sustainability, balance wins marks — benefits AND drawback
             -> 384 KB, 32.8s, uploaded
      manifest updated (22 entries)
  L09 (Ollie)  Cities, Rural Areas & Interdependence
      n18: For cities, interdependence brings cheaper food, weekend leisure space and a labour pool of commuters. For rur
             -> 387 KB, 33.0s, uploaded
      manifest updated (23 entries)
  L10 (Ada)  Geographical Investigations: Fieldwork & Enquiry
      n10: Before any fieldwork, students must complete a risk assessment. Identify hazards (slippery rocks, traffic, col
             -> 301 KB, 25.7s, uploaded
      n17: For the UK fieldwork section of the exam, the questions will pick at least two of the six enquiry stages. Use 
             -> 294 KB, 25.1s, uploaded
      manifest updated (21 entries)

Regenerated 19 clips.

=== VERIFY (ranged GET + freshness) ===
  206  L02 n18  bytes 0-3/327456  Last-Modified: Sun, 06 Sep 2026 04:37:57 GMT  mp3-sync=OK
  206  L03 n2  bytes 0-3/457632  Last-Modified: Sun, 06 Sep 2026 04:38:06 GMT  mp3-sync=OK
  206  L03 n4  bytes 0-3/361728  Last-Modified: Sun, 06 Sep 2026 04:38:12 GMT  mp3-sync=OK
  206  L03 n5  bytes 0-3/245088  Last-Modified: Sun, 06 Sep 2026 04:38:18 GMT  mp3-sync=OK
  206  L03 n14  bytes 0-3/452160  Last-Modified: Sun, 06 Sep 2026 04:38:25 GMT  mp3-sync=OK
  206  L03 n16  bytes 0-3/301824  Last-Modified: Sun, 06 Sep 2026 04:38:33 GMT  mp3-sync=OK
  206  L04 n17  bytes 0-3/277344  Last-Modified: Sun, 06 Sep 2026 04:38:39 GMT  mp3-sync=OK
  206  L05 n16  bytes 0-3/399744  Last-Modified: Sun, 06 Sep 2026 04:38:52 GMT  mp3-sync=OK
  206  L05 n21  bytes 0-3/332640  Last-Modified: Sun, 06 Sep 2026 04:38:59 GMT  mp3-sync=OK
  206  L06 n10  bytes 0-3/552960  Last-Modified: Sun, 06 Sep 2026 04:39:12 GMT  mp3-sync=OK
  206  L06 n12  bytes 0-3/254592  Last-Modified: Sun, 06 Sep 2026 04:39:18 GMT  mp3-sync=OK
  206  L06 n15  bytes 0-3/506304  Last-Modified: Sun, 06 Sep 2026 04:39:32 GMT  mp3-sync=OK
  206  L06 n17  bytes 0-3/595584  Last-Modified: Sun, 06 Sep 2026 04:39:44 GMT  mp3-sync=OK
  206  L06 n18  bytes 0-3/352512  Last-Modified: Sun, 06 Sep 2026 04:39:52 GMT  mp3-sync=OK
  206  L07 n17  bytes 0-3/402624  Last-Modified: Sun, 06 Sep 2026 04:40:01 GMT  mp3-sync=OK
  206  L08 n17  bytes 0-3/393696  Last-Modified: Sun, 06 Sep 2026 04:40:09 GMT  mp3-sync=OK
  206  L09 n18  bytes 0-3/396288  Last-Modified: Sun, 06 Sep 2026 04:40:18 GMT  mp3-sync=OK
  206  L10 n10  bytes 0-3/308448  Last-Modified: Sun, 06 Sep 2026 04:40:25 GMT  mp3-sync=OK
  206  L10 n17  bytes 0-3/301536  Last-Modified: Sun, 06 Sep 2026 04:40:32 GMT  mp3-sync=OK

19/19 clips verified HTTP 200/206 with fresh audio.
