
=== RE-NARRATION (changed narrated text only) ===
backup: C:\Users\tshau\Documents\Study Vault\scripts\_retrofc\units\geology-eduqas__rocks-and-minerals\_backup.json
unit:   geology-eduqas / rocks-and-minerals
run: 2026-09-06T08:57:10Z  mode: LIVE

6 lessons, 14 clips to regenerate

  L01 (Ollie)  Minerals: Properties and Identification
      n31: Only spec-listed minerals earn marks. Hornfels is a rock, not a mineral, and anorthite is not on the data shee
             -> 137 KB, 11.7s, uploaded
      n33: Mineral identification questions on your exam often provide a description of properties and ask you to name th
             -> 543 KB, 46.4s, uploaded
      manifest updated (37 entries)
  L02 (Ada)  How Minerals Form
      n9: Metamorphic recrystallisation often produces new minerals that were not present in the original rock. Clay min
             -> 253 KB, 21.6s, uploaded
      n17: Temperature is a key control on which minerals precipitate from a hydrothermal fluid. High-temperature fluids 
             -> 310 KB, 26.4s, uploaded
      n20: Questions about mineral formation often ask you to “explain” or “describe the conditions under which” a minera
             -> 458 KB, 39.1s, uploaded
      manifest updated (24 entries)
  L03 (Ollie)  Igneous Rocks: Texture, Mineralogy and Classification
      n4: Texture is the single most important initial observation when classifying an igneous rock. Coarse-grained rock
             -> 258 KB, 22.0s, uploaded
      n15: Your exam may ask you to interpret a photomicrograph — a photograph taken through a microscope of a thin slice
             -> 460 KB, 39.3s, uploaded
      n16: Students often lose marks by using rock names that are not on the specification. The most common offenders are
             -> 453 KB, 38.6s, uploaded
      manifest updated (23 entries)
  L04 (Ada)  Magma, Volcanoes and Igneous Bodies
      n23: Intrusive bodies: sills (concordant, parallel to bedding), dykes (discordant, cuts across bedding) and plutons
             -> 168 KB, 14.3s, uploaded
      manifest updated (23 entries)
  L05 (Ollie)  Weathering, Erosion and Sediment Transport
      n20: Well-sorted coarse sandstone tends to have both high porosity (large connected pores) and high permeability (f
             -> 328 KB, 28.0s, uploaded
      n22: Confusing porosity with permeability is one of the most common errors in this unit. Always define them separat
             -> 488 KB, 41.7s, uploaded
      manifest updated (26 entries)
  L06 (Ada)  Sedimentary Rocks and Environments of Deposition
      n17: Graded bedding shows coarse grains at the base of a bed fining upward to fine sand or silt at the top. It form
             -> 305 KB, 26.0s, uploaded
      n20: Coal forms from the compaction and burial of plant material in swampy, waterlogged conditions where organic ma
             -> 353 KB, 30.1s, uploaded
      n25: Questions on sedimentary rocks frequently ask you to “interpret the environment of deposition” from one or mor
             -> 535 KB, 45.6s, uploaded
      manifest updated (29 entries)

Regenerated 14 clips.

=== VERIFY (ranged GET + freshness) ===
  206  L01 n31  bytes 0-3/140544  Last-Modified: Sun, 06 Sep 2026 08:57:16 GMT  mp3-sync=OK
  206  L01 n33  bytes 0-3/556416  Last-Modified: Sun, 06 Sep 2026 08:57:24 GMT  mp3-sync=OK
  206  L02 n9  bytes 0-3/259200  Last-Modified: Sun, 06 Sep 2026 08:57:28 GMT  mp3-sync=OK
  206  L02 n17  bytes 0-3/317376  Last-Modified: Sun, 06 Sep 2026 08:57:32 GMT  mp3-sync=OK
  206  L02 n20  bytes 0-3/469440  Last-Modified: Sun, 06 Sep 2026 08:57:41 GMT  mp3-sync=OK
  206  L03 n4  bytes 0-3/264096  Last-Modified: Sun, 06 Sep 2026 08:57:46 GMT  mp3-sync=OK
  206  L03 n15  bytes 0-3/471168  Last-Modified: Sun, 06 Sep 2026 08:57:53 GMT  mp3-sync=OK
  206  L03 n16  bytes 0-3/463392  Last-Modified: Sun, 06 Sep 2026 08:58:00 GMT  mp3-sync=OK
  206  L04 n23  bytes 0-3/172224  Last-Modified: Sun, 06 Sep 2026 08:58:03 GMT  mp3-sync=OK
  206  L05 n20  bytes 0-3/335808  Last-Modified: Sun, 06 Sep 2026 08:58:08 GMT  mp3-sync=OK
  206  L05 n22  bytes 0-3/499968  Last-Modified: Sun, 06 Sep 2026 08:58:15 GMT  mp3-sync=OK
  206  L06 n17  bytes 0-3/311904  Last-Modified: Sun, 06 Sep 2026 08:58:20 GMT  mp3-sync=OK
  206  L06 n20  bytes 0-3/361728  Last-Modified: Sun, 06 Sep 2026 08:58:27 GMT  mp3-sync=OK
  206  L06 n25  bytes 0-3/547776  Last-Modified: Sun, 06 Sep 2026 08:58:35 GMT  mp3-sync=OK

14/14 clips verified HTTP 200/206 with fresh audio.
