
=== RE-NARRATION (changed narrated text only) ===
backup: C:\Users\tshau\Documents\Study Vault\scripts\_retrofc\units\drama-aqa__the-empress\_backup.json
unit:   drama-aqa / the-empress
run: 2026-09-05T19:38:47Z  mode: LIVE

5 lessons, 6 clips to regenerate

  L01 (Ollie)  Plot and Structure: Two Worlds, One Empire
      n18: For extended-response questions about structure and staging, the most common error is describing the two story
             -> 317 KB, 27.1s, uploaded
      manifest updated (22 entries)
  L03 (Ollie)  Themes: Empire, Race, Servitude, Solidarity
      n21: For a 12-mark question about playwright’s intentions, the most common error is describing what happens in the 
             -> 447 KB, 38.2s, uploaded
      manifest updated (25 entries)
  L06 (Ada)  Staging and Design: Docks, Drawing Rooms and Court
      n19: For a design question, the most common error is giving one idea per discipline without justifying it: “I would
             -> 556 KB, 47.5s, uploaded
      manifest updated (23 entries)
  L07 (Ollie)  Performance Interpretation: Rani Standing Her Ground
      n9: Abdul arrives at Windsor Castle as a servant who speaks English and is acutely aware of his visible difference
             -> 412 KB, 35.2s, uploaded
      manifest updated (23 entries)
  L08 (Ada)  Practitioner Application: Brecht and Documentary History
      n2: When applying a practitioner’s ideas to a set play, do not give a biography of Brecht or Stanislavski. Instead
             -> 281 KB, 24.0s, uploaded
      n17: The most common error in practitioner questions is describing a practitioner’s biography and then adding “this
             -> 605 KB, 51.6s, uploaded
      manifest updated (21 entries)

Regenerated 6 clips.

=== VERIFY (ranged GET + freshness) ===
  206  L01 n18  bytes 0-3/324576  Last-Modified: Sat, 05 Sep 2026 19:38:53 GMT  mp3-sync=OK
  206  L03 n21  bytes 0-3/458208  Last-Modified: Sat, 05 Sep 2026 19:39:00 GMT  mp3-sync=OK
  206  L06 n19  bytes 0-3/569664  Last-Modified: Sat, 05 Sep 2026 19:39:08 GMT  mp3-sync=OK
  206  L07 n9  bytes 0-3/422208  Last-Modified: Sat, 05 Sep 2026 19:39:15 GMT  mp3-sync=OK
  206  L08 n2  bytes 0-3/287712  Last-Modified: Sat, 05 Sep 2026 19:39:20 GMT  mp3-sync=OK
  206  L08 n17  bytes 0-3/619200  Last-Modified: Sat, 05 Sep 2026 19:39:28 GMT  mp3-sync=OK

6/6 clips verified HTTP 200/206 with fresh audio.
