=== APPLY EDITS gcse-music/toto-africa  27 edits  LIVE  2026-09-18T08:19:38.461Z
  ok   #0 L1.content_html [HIGH] F1: house rule - this board is never named in student-facing text.
  ok   #1 L1.content_html [HIGH] F2: the riff sound is synthesised (Yamaha GS-1), not a played xylophone or marimba. AoS4 examines how synthesi
  ok   #2 L1.content_html [MEDIUM] F2: same point - the pitched percussion sounds are synthesised.
  ok   #3 L1.content_html [MEDIUM] F3: A, G#m and C#m are ♭VII, vi and ii OF B MAJOR. In A major they would be I, vii and iii, so the parenthetic
  ok   #4 L1.content_html [MEDIUM] F4: 24 bars would run about 31 seconds, but Verse 1 verifiably starts at 0:24. Lesson 2 already says the intro
  ok   #5 L1.content_html [MEDIUM] F5: E is a major chord on the fourth degree of B major, so the numeral is upper case IV, not iv.
  ok   #6 L1.practice_questions[1].type [MEDIUM] F6: label said 1 mark but the scheme awards 2.
  ok   #7 L1.practice_questions[2].type [MEDIUM] F6: label said 4 marks but the scheme caps at 3.
  ok   #8 L1.practice_questions[5].text [HIGH] F7: this qualification has no separate marks for written communication. The appraising paper carries AO3 and A
  ok   #9 L1.practice_questions[5].type [MEDIUM] F6: label said 10 marks but the band ladder caps at 8.
  ok   #10 L1.flashcard_questions[3].q [HIGH] F8: the card was a mangled cloze taken from a heading and had no usable answer.
  ok   #11 L1.flashcard_questions[3].a [HIGH] F8: see above.
  ok   #12 L1.flashcard_questions[4].q [HIGH] F8: single-word cloze answer; the question must ask Who.
  ok   #13 L1.flashcard_questions[4].a [HIGH] F8: see above.
  ok   #25 L1.exam_tip_html [MEDIUM] F2: the pitched percussion sounds are synthesised, not played xylophones and marimbas.
  ok   #26 L1.practice_questions[2].marks [MEDIUM] F2: the pitched percussion sounds are synthesised, not played xylophones and marimbas.
  PATCH L1: content_html, practice_questions, flashcard_questions, exam_tip_html
  ok   #14 L2.exam_tip_html [HIGH] F1: house rule - this board is never named in student-facing text.
  ok   #15 L2.practice_questions[1].marks [MEDIUM] F9: the old scheme awarded 1 mark for the whole progression and 4 marks for the same chords listed singly.
  ok   #16 L2.practice_questions[5].marks [HIGH] F7: no separate marks for written communication in this qualification.
  PATCH L2: exam_tip_html, practice_questions
  ok   #17 L3.content_html [HIGH] F1: house rule - this board is never named in student-facing text.
  ok   #18 L3.content_html [HIGH] F1: house rule - this board is never named in student-facing text.
  ok   #19 L3.content_html [MEDIUM] F4: four statements plus 8 bars of percussion would run about 31 seconds; Verse 1 verifiably starts at 0:24.
  ok   #20 L3.content_html [MEDIUM] F10: the spec sets one question that requires a longer response, and gives no mark total for it.
  ok   #21 L3.content_html [MEDIUM] F11: the spec nowhere fixes the number of playings at four.
  ok   #22 L3.practice_questions[1].type [MEDIUM] F6: label said 4 marks but the scheme caps at 2.
  ok   #23 L3.practice_questions[2].type [MEDIUM] F6: label said 4 marks but the scheme caps at 3.
  ok   #24 L3.practice_questions[5].marks [MEDIUM] F2: the pitched percussion sounds are synthesised, not played xylophones and marimbas.
  PATCH L3: content_html, practice_questions
=== 27 applied, 0 skipped, 3 lessons / 8 fields changed
