
=== RE-NARRATION (changed narrated text only) ===
backup: C:\Users\tshau\Documents\Study Vault\scripts\_retrofc\units\music-technology__multitrack-recording\_backup.json
unit:   music-technology / multitrack-recording
run: 2026-09-06T16:47:02Z  mode: LIVE

2 lessons, 3 clips to regenerate

  L01 (Ollie)  Recording Studio Equipment & Safety
      n11: A DI box (Direct Injection box) is used to connect instruments like electric guitars, bass guitars, and keyboa
             -> 349 KB, 29.8s, uploaded
      manifest updated (33 entries)
  L03 (Ollie)  Mixing & Stereo Mixdowns
      n30: A compressor reduces the volume of audio that exceeds a set threshold . The ratio controls how much reduction 
             -> 292 KB, 24.9s, uploaded
      n37: Monitoring during mixing uses headphones for detail checks, main speakers (large monitors) for full-range list
             -> 262 KB, 22.3s, uploaded
      manifest updated (46 entries)

Regenerated 3 clips.

=== VERIFY (ranged GET + freshness) ===
  206  L01 n11  bytes 0-3/357408  Last-Modified: Sun, 06 Sep 2026 16:47:11 GMT  mp3-sync=OK
  206  L03 n30  bytes 0-3/298656  Last-Modified: Sun, 06 Sep 2026 16:47:17 GMT  mp3-sync=OK
  206  L03 n37  bytes 0-3/268128  Last-Modified: Sun, 06 Sep 2026 16:47:22 GMT  mp3-sync=OK

3/3 clips verified HTTP 200/206 with fresh audio.
