=== APPLY EDITS drama-aqa/romeo-and-juliet  32 edits  LIVE  2026-09-05T22:15:34.947Z
  ok   #0 L1.content_html [HIGH] F1: Romeo dies before Juliet wakes.
  ok   #1 L1.exam_tip_html [HIGH] F2: AQA's 20-mark set-text task is answered as either a performer or a designer, not as a combined staging res
  PATCH L1: content_html, exam_tip_html
  ok   #2 L2.content_html [HIGH] F3: The Nurse uses verse as well as prose before Act Four.
  ok   #3 L2.conclusion_html [HIGH] F3: The conclusion repeated the false claim that Act Four is the Nurse's sole use of verse.
  ok   #4 L2.knowledge_checks[1].q [HIGH] F3: The question premise incorrectly treats Act Four as the Nurse's only verse.
  ok   #5 L2.flashcard_questions[2].a [HIGH] F3: The answer incorrectly treats the Act Four verse as a unique shift.
  PATCH L2: content_html, conclusion_html, knowledge_checks, flashcard_questions
  ok   #6 L3.content_html [HIGH] F4: The play has a second Chorus prologue in Act Two and no Chorus epilogue.
  ok   #7 L3.exam_tip_html [HIGH] F5: AQA's 12-mark set-text task is a performer task, not an analyse-the-playwright's-intentions question.
  PATCH L3: content_html, exam_tip_html
  ok   #8 L4.exam_tip_html [HIGH] F6: AQA's context-linked set-text task is the 4-mark design question, not a playwright's-intentions question.
  ok   #30 L4.content_html [MEDIUM] F20 ruling: qualified as the general practice.
  ok   #31 L4.content_html [MEDIUM] F21 ruling: hedge appended; absolute claim qualified in place.
  PATCH L4: exam_tip_html, content_html
  ok   #9 L5.content_html [HIGH] F7: The definition conflated a Petrarchan octave-and-sestet form with a Shakespearean final couplet.
  ok   #10 L5.content_html [HIGH] F8: The Nurse does not speak almost entirely in prose.
  ok   #11 L5.content_html [HIGH] F8: The discovery-scene verse is not the Nurse's sole departure from prose.
  ok   #12 L5.conclusion_html [HIGH] F8: The conclusion repeated the false claim of a unique Act Four shift.
  ok   #13 L5.practice_questions[3].marks [HIGH] F8: The house answer guide repeated the false unique-shift claim.
  ok   #14 L5.knowledge_checks[2].q [HIGH] F8: The item must not present prose as the Nurse's sole or defining form.
  ok   #15 L5.knowledge_checks[3].q [HIGH] F8: The question incorrectly treats the Act Four verse as a unique shift.
  ok   #16 L5.flashcard_questions[5].a [HIGH] F8: The original answer overgeneralised the Nurse's use of prose.
  ok   #17 L5.flashcard_questions[6].a [HIGH] F8: The answer depended on the false claim that the Nurse uniquely shifts into verse here.
  ok   #18 L5.exam_tip_html [HIGH] F9: The 12-mark task is a performer task, not a playwright's-intentions or combined staging response.
  PATCH L5: content_html, conclusion_html, practice_questions, knowledge_checks, flashcard_questions, exam_tip_html
  ok   #19 L6.content_html [MEDIUM] F10: The Prologue presents the two households as equal in dignity.
  ok   #20 L6.flashcard_questions[11].q [HIGH] F11: Frantic Assembly's 2008 Shakespeare production was Othello, not Romeo and Juliet.
  ok   #21 L6.flashcard_questions[11].a [HIGH] F11: The original answer attributed a nonexistent 2008 Romeo and Juliet production to Frantic Assembly.
  ok   #22 L6.exam_tip_html [HIGH] F12: The 8-mark task is performer-focused; the 20-mark task requires one role, not all design departments.
  PATCH L6: content_html, flashcard_questions, exam_tip_html
  ok   #23 L7.exam_tip_html [HIGH] F13: AQA's 20-mark set-text task is answered as either performer or designer.
  PATCH L7: exam_tip_html
  ok   #24 L8.content_html [HIGH] F14: The data definition for gestus was actually the definition of the alienation effect.
  ok   #25 L8.content_html [HIGH] F15: Frantic Assembly did not produce Romeo and Juliet in 2008; it produced Othello.
  ok   #26 L8.flashcard_questions[8].q [HIGH] F15: The question named a nonexistent Frantic Assembly Romeo and Juliet production.
  ok   #27 L8.flashcard_questions[8].a [HIGH] F15: The answer falsely linked Frantic Assembly's 2008 work to Romeo and Juliet.
  ok   #28 L8.content_html [HIGH] F16: AQA does not set a distinct practitioner question in its set-text question sequence.
  ok   #29 L8.exam_tip_html [HIGH] F16: AQA's 20-mark set-text task does not require a comparison of practitioners and is answered in one role.
  PATCH L8: content_html, flashcard_questions, exam_tip_html
=== 32 applied, 0 skipped, 8 lessons / 23 fields changed
