=== APPLY EDITS english-literature-edexcel/frankenstein  54 edits  LIVE  2026-09-02T11:35:28.491Z
  ok   #0 L1.content_html [HIGH] F1: part (a) is AO2 only and part (b) is AO1 only; also removes the banned spec code and section code.
  ok   #1 L1.exam_tip_html [MEDIUM] F2: the blanket claim is false for the rest of the qualification, where context is assessed.
  ok   #2 L1.content_html [MEDIUM] F3: the 1823 second edition was the first to carry Mary Shelley’s name.
  ok   #3 L1.practice_questions[1].type [MEDIUM] F4: this is the whole-text essay (part b), not the printed-extract task (part a).
  ok   #4 L1.practice_questions[2].type [MEDIUM] F4: this is the whole-text essay (part b), not the printed-extract task (part a).
  ok   #5 L1.practice_questions[3].type [MEDIUM] F4: this is the whole-text essay (part b), not the printed-extract task (part a).
  ok   #6 L1.practice_questions[5].type [MEDIUM] F4: this is the whole-text essay (part b), not the printed-extract task (part a).
  PATCH L1: content_html, exam_tip_html, practice_questions
  ok   #7 L2.practice_questions[2].text [MEDIUM] F5: the unit cites the creation chapter three different ways; use the standard Chapter 5.
  ok   #8 L2.practice_questions[1].type [MEDIUM] F4: this is the whole-text essay (part b), not the printed-extract task (part a).
  ok   #9 L2.practice_questions[3].type [MEDIUM] F4: this is the whole-text essay (part b), not the printed-extract task (part a).
  ok   #10 L2.practice_questions[4].type [MEDIUM] F4: this is the whole-text essay (part b), not the printed-extract task (part a).
  ok   #11 L2.practice_questions[5].type [MEDIUM] F4: this is the whole-text essay (part b), not the printed-extract task (part a).
  PATCH L2: practice_questions
  ok   #12 L3.practice_questions[0].text [MEDIUM] F5: “Volume 1, Chapter 5” is not the creation chapter in any edition.
  ok   #13 L3.practice_questions[2].text [MEDIUM] F5: “Volume 1, Chapter 5” is not the creation chapter in any edition.
  ok   #14 L3.practice_questions[1].type [MEDIUM] F4: this is the whole-text essay (part b), not the printed-extract task (part a).
  ok   #15 L3.practice_questions[3].type [MEDIUM] F4: this is the whole-text essay (part b), not the printed-extract task (part a).
  ok   #16 L3.practice_questions[4].type [MEDIUM] F4: this is the whole-text essay (part b), not the printed-extract task (part a).
  ok   #17 L3.practice_questions[5].type [MEDIUM] F4: this is the whole-text essay (part b), not the printed-extract task (part a).
  PATCH L3: practice_questions
  ok   #18 L4.practice_questions[0].text [MEDIUM] F5/F7: the passage is Chapter 17, and the two sentences are not consecutive in the novel.
  ok   #19 L4.practice_questions[2].text [MEDIUM] F5: “I ought to be thy Adam” is Chapter 10, not the same chapter as the extract in question 1.
  ok   #20 L4.practice_questions[4].marks [HIGH] F6: “Evil, be thou my good” is Milton, not Shelley; the novel reads “Evil thenceforth became my good”.
  ok   #21 L4.flashcard_questions[12].a [HIGH] F6: the flashcard taught a Paradise Lost line as a Frankenstein quotation.
  ok   #22 L4.practice_questions[1].type [MEDIUM] F4: this is the whole-text essay (part b), not the printed-extract task (part a).
  ok   #23 L4.practice_questions[3].type [MEDIUM] F4: this is the whole-text essay (part b), not the printed-extract task (part a).
  ok   #24 L4.practice_questions[4].type [MEDIUM] F4: this is the whole-text essay (part b), not the printed-extract task (part a).
  ok   #25 L4.practice_questions[5].type [MEDIUM] F4: this is the whole-text essay (part b), not the printed-extract task (part a).
  PATCH L4: practice_questions, flashcard_questions
  ok   #26 L5.practice_questions[0].text [MEDIUM] F5: the “Beware” speech follows the destruction of the female in Chapter 20.
  ok   #27 L5.practice_questions[1].type [MEDIUM] F4: this is the whole-text essay (part b), not the printed-extract task (part a).
  ok   #28 L5.practice_questions[2].type [MEDIUM] F4: this is the whole-text essay (part b), not the printed-extract task (part a).
  ok   #29 L5.practice_questions[4].type [MEDIUM] F4: this is the whole-text essay (part b), not the printed-extract task (part a).
  ok   #30 L5.practice_questions[5].type [MEDIUM] F4: this is the whole-text essay (part b), not the printed-extract task (part a).
  PATCH L5: practice_questions
  ok   #31 L6.content_html [HIGH] F8: the novel reads “mortal conflict”.
  ok   #32 L6.flashcard_questions[5].a [HIGH] F8: the novel reads “mortal conflict”, not “mortal combat”.
  ok   #33 L6.content_html [HIGH] F9: “am a blot, am a wretch” is not in the novel.
  ok   #34 L6.content_html [HIGH] F9: the analysis rested on words the Creature does not use here.
  ok   #35 L6.practice_questions[0].text [HIGH] F9: the printed extract was fabricated — “anomaly” is nowhere in the novel and the “blot upon the earth” claus
  ok   #36 L6.practice_questions[0].marks [HIGH] F9: the mark scheme rewarded analysis of fabricated wording.
  ok   #37 L6.practice_questions[1].type [MEDIUM] F4: this is the whole-text essay (part b), not the printed-extract task (part a).
  ok   #38 L6.practice_questions[2].type [MEDIUM] F4: this is the whole-text essay (part b), not the printed-extract task (part a).
  ok   #39 L6.practice_questions[4].type [MEDIUM] F4: this is the whole-text essay (part b), not the printed-extract task (part a).
  ok   #40 L6.practice_questions[5].type [MEDIUM] F4: this is the whole-text essay (part b), not the printed-extract task (part a).
  PATCH L6: content_html, flashcard_questions, practice_questions
  ok   #41 L7.exam_tip_html [HIGH] F10: “Level 3” and “Level 4” are banned band names.
  ok   #42 L7.content_html [MEDIUM] F11: in the 1831 text Elizabeth is the orphaned daughter of a Milanese nobleman, not a relation.
  ok   #43 L7.practice_questions[1].type [MEDIUM] F4: this is the whole-text essay (part b), not the printed-extract task (part a).
  ok   #44 L7.practice_questions[2].type [MEDIUM] F4: this is the whole-text essay (part b), not the printed-extract task (part a).
  ok   #45 L7.practice_questions[4].type [MEDIUM] F4: this is the whole-text essay (part b), not the printed-extract task (part a).
  ok   #46 L7.practice_questions[5].type [MEDIUM] F4: this is the whole-text essay (part b), not the printed-extract task (part a).
  PATCH L7: exam_tip_html, content_html, practice_questions
  ok   #47 L8.exam_tip_html [HIGH] F12: “Level 3” and “Level 4” are banned band names.
  ok   #48 L8.content_html [HIGH] F13: both parts were given “AO1 + AO2”; part (a) is AO2 and part (b) is AO1, and the board is known so the hed
  ok   #49 L8.knowledge_checks[2].q [HIGH] F14: the question taught “(AO1 + AO2)” for part (a), which is AO2 only.
  ok   #50 L8.practice_questions[0].text [MEDIUM] F5: “I am malicious because I am miserable” is Chapter 17.
  ok   #51 L8.practice_questions[1].type [MEDIUM] F4: this is the whole-text essay (part b), not the printed-extract task (part a).
  ok   #52 L8.practice_questions[3].type [MEDIUM] F4: this is the whole-text essay (part b), not the printed-extract task (part a).
  ok   #53 L8.practice_questions[4].type [MEDIUM] F4: this is the whole-text essay (part b), not the printed-extract task (part a).
  PATCH L8: exam_tip_html, content_html, knowledge_checks, practice_questions
=== 54 applied, 0 skipped, 8 lessons / 18 fields changed
