
=== RE-NARRATION (changed narrated text only) ===
backup: C:\Users\tshau\Documents\Study Vault\scripts\_retrofc\units\english-literature-edexcel__frankenstein\_backup.json
unit:   english-literature-edexcel / frankenstein
run: 2026-09-02T11:35:32Z  mode: LIVE
  L02: no narrated field changed -> skip
  L03: no narrated field changed -> skip
  L04: no narrated field changed -> skip
  L05: no narrated field changed -> skip

4 lessons, 10 clips to regenerate

  L01 (Ollie)  Context: Romanticism, Science & the Gothic
      n3: Shelley later described a waking nightmare that inspired the novel: she imagined “the pale student of unhallow
             -> 308 KB, 26.3s, uploaded
      n19: In the 19th-century novel question, you will answer a two-part question on Frankenstein . Part (a) asks you to
             -> 532 KB, 45.4s, uploaded
      n20: In the 19th-century novel question, context is not assessed — the marks there are for AO1 and AO2 only. Other 
             -> 431 KB, 36.8s, uploaded
      manifest updated (24 entries)
  L06 (Ada)  The Pursuit & the Ending
      n6: After Elizabeth’s death and the subsequent death of his father from grief, Victor has lost everything. He swea
             -> 346 KB, 29.5s, uploaded
      n15: After Victor’s death, the Creature boards Walton’s ship and finds its creator’s body. The scene is one of the 
             -> 354 KB, 30.2s, uploaded
      n16: The word “abortion” is devastating. It means something that was created but should never have been allowed to 
             -> 348 KB, 29.7s, uploaded
      manifest updated (23 entries)
  L07 (Ollie)  Character Analysis
      n12: Elizabeth Lavenza is an orphan whom Victor’s parents adopt, and later his wife. The two call each other cousin
             -> 479 KB, 40.9s, uploaded
      n19: Character analysis essays for Part (b) should always connect characters to themes. Don’t just describe what Vi
             -> 330 KB, 28.2s, uploaded
      manifest updated (23 entries)
  L08 (Ada)  Key Themes & Exam Technique
      n17: The 19th-century novel question is split into two tasks. Part (a) gives you a passage of about 400 words and a
             -> 410 KB, 35.0s, uploaded
      n28: In Part (b), always connect themes to Shelley’s purpose . Don’t just describe what happens — explain why Shell
             -> 327 KB, 27.9s, uploaded
      manifest updated (32 entries)

Regenerated 10 clips.

=== VERIFY (ranged GET + freshness) ===
  206  L01 n3  bytes 0-3/315648  Last-Modified: Wed, 02 Sep 2026 11:35:40 GMT  mp3-sync=OK
  206  L01 n19  bytes 0-3/544896  Last-Modified: Wed, 02 Sep 2026 11:35:48 GMT  mp3-sync=OK
  206  L01 n20  bytes 0-3/441216  Last-Modified: Wed, 02 Sep 2026 11:35:55 GMT  mp3-sync=OK
  206  L06 n6  bytes 0-3/354240  Last-Modified: Wed, 02 Sep 2026 11:36:01 GMT  mp3-sync=OK
  206  L06 n15  bytes 0-3/362304  Last-Modified: Wed, 02 Sep 2026 11:36:06 GMT  mp3-sync=OK
  206  L06 n16  bytes 0-3/356544  Last-Modified: Wed, 02 Sep 2026 11:36:11 GMT  mp3-sync=OK
  206  L07 n12  bytes 0-3/490752  Last-Modified: Wed, 02 Sep 2026 11:36:19 GMT  mp3-sync=OK
  206  L07 n19  bytes 0-3/338112  Last-Modified: Wed, 02 Sep 2026 11:36:25 GMT  mp3-sync=OK
  206  L08 n17  bytes 0-3/420192  Last-Modified: Wed, 02 Sep 2026 11:36:31 GMT  mp3-sync=OK
  206  L08 n28  bytes 0-3/334944  Last-Modified: Wed, 02 Sep 2026 11:36:37 GMT  mp3-sync=OK

10/10 clips verified HTTP 200/206 with fresh audio.
