=== APPLY EDITS english-literature/animal-farm  40 edits  LIVE  2026-09-18T20:42:39.098Z
  ok   #0 L1.practice_questions[1].type [MEDIUM] J1: no extract of the text is printed in this exam, so the task is quotation analysis
  ok   #1 L1.practice_questions[1].text [MEDIUM] J1: stem works without a printed extract
  ok   #2 L1.practice_questions[1].marks [MEDIUM] J1: mark scheme refers to the quotation, not an extract
  ok   #3 L1.practice_questions[2].type [MEDIUM] J1: no extract of the text is printed in this exam, so the task is quotation analysis
  ok   #4 L1.practice_questions[2].marks [MEDIUM] J1: mark scheme refers to the quotation, not an extract
  PATCH L1: practice_questions
  ok   #5 L2.practice_questions[1].type [MEDIUM] J1: no extract of the text is printed in this exam, so the task is quotation analysis
  ok   #6 L2.practice_questions[1].marks [MEDIUM] J1: mark scheme refers to the quotation, not an extract
  ok   #7 L2.practice_questions[2].type [MEDIUM] J1: no extract of the text is printed in this exam, so the task is quotation analysis
  ok   #8 L2.practice_questions[2].text [MEDIUM] J1: stem works without a printed extract
  ok   #9 L2.practice_questions[2].marks [MEDIUM] J1: mark scheme refers to the quotation, not an extract
  PATCH L2: practice_questions
  ok   #10 L3.practice_questions[1].type [MEDIUM] J1: no extract of the text is printed in this exam, so the task is quotation analysis
  ok   #11 L3.practice_questions[2].type [MEDIUM] J1: no extract of the text is printed in this exam, so the task is quotation analysis
  ok   #12 L3.practice_questions[2].marks [MEDIUM] J1: mark scheme refers to the quotation, not an extract
  PATCH L3: practice_questions
  ok   #13 L4.practice_questions[1].type [MEDIUM] J1: no extract of the text is printed in this exam, so the task is quotation analysis
  ok   #14 L4.practice_questions[2].type [MEDIUM] J1: no extract of the text is printed in this exam, so the task is quotation analysis
  ok   #15 L4.practice_questions[2].text [MEDIUM] J1: stem works without a printed extract
  ok   #16 L4.practice_questions[2].marks [MEDIUM] J1: mark scheme refers to the quotation, not an extract
  PATCH L4: practice_questions
  ok   #17 L5.practice_questions[1].type [MEDIUM] J1: no extract of the text is printed in this exam, so the task is quotation analysis
  ok   #18 L5.practice_questions[2].type [MEDIUM] J1: no extract of the text is printed in this exam, so the task is quotation analysis
  ok   #19 L5.practice_questions[2].text [MEDIUM] J1: stem works without a printed extract
  ok   #20 L5.practice_questions[2].marks [MEDIUM] J1: mark scheme refers to the quotation, not an extract
  PATCH L5: practice_questions
  ok   #21 L6.practice_questions[1].type [MEDIUM] J1: no extract of the text is printed in this exam, so the task is quotation analysis
  ok   #22 L6.practice_questions[1].text [MEDIUM] J1: stem works without a printed extract
  ok   #23 L6.practice_questions[2].type [MEDIUM] J1: no extract of the text is printed in this exam, so the task is quotation analysis
  ok   #24 L6.practice_questions[2].text [MEDIUM] J1: stem works without a printed extract
  ok   #25 L6.practice_questions[2].marks [MEDIUM] J1: mark scheme refers to the quotation, not an extract
  PATCH L6: practice_questions
  ok   #26 L7.practice_questions[1].type [MEDIUM] J1: no extract of the text is printed in this exam, so the task is quotation analysis
  ok   #27 L7.practice_questions[1].text [MEDIUM] J1: stem works without a printed extract
  ok   #28 L7.practice_questions[3].type [MEDIUM] J1: no extract of the text is printed in this exam, so the task is quotation analysis
  ok   #29 L7.practice_questions[3].text [MEDIUM] J1: stem works without a printed extract
  PATCH L7: practice_questions
  ok   #30 L8.practice_questions[1].type [MEDIUM] J1: no extract of the text is printed in this exam, so the task is quotation analysis
  ok   #31 L8.practice_questions[1].text [MEDIUM] J1: stem works without a printed extract
  ok   #32 L8.practice_questions[3].type [MEDIUM] J1: no extract of the text is printed in this exam, so the task is quotation analysis
  ok   #33 L8.practice_questions[3].text [MEDIUM] J1: stem works without a printed extract
  PATCH L8: practice_questions
  ok   #34 L9.practice_questions[1].type [MEDIUM] J1: no extract of the text is printed in this exam, so the task is quotation analysis
  ok   #35 L9.practice_questions[1].text [MEDIUM] J1: stem works without a printed extract
  ok   #36 L9.practice_questions[3].type [MEDIUM] J1: no extract of the text is printed in this exam, so the task is quotation analysis
  ok   #37 L9.practice_questions[3].text [MEDIUM] J1: stem works without a printed extract
  PATCH L9: practice_questions
  ok   #38 L10.practice_questions[2].type [MEDIUM] J1: no extract of the text is printed in this exam, so the task is quotation analysis
  ok   #39 L10.practice_questions[4].type [MEDIUM] J1: no extract of the text is printed in this exam, so the task is quotation analysis
  PATCH L10: practice_questions
=== 40 applied, 0 skipped, 10 lessons / 10 fields changed
