=== APPLY EDITS religious-studies-edexcel/paper-1-catholic-christianity  58 edits  LIVE  2026-09-06T05:44:01.194Z
  ok   #0 L1.content_html [HIGH] F1 + F2: the Creed is said on Sundays and solemnities; the current English text begins 'I believe in one God'
  ok   #1 L1.content_html [MEDIUM] F1: inline definition matched to the corrected claim
  ok   #2 L1.content_html [MEDIUM] F3: homoiousios was the later semi-Arian compromise, not the position Arius held
  ok   #3 L1.exam_tip_html [MEDIUM] F5 (d): command word in the exam tip
  ok   #4 L1.flashcard_questions[10].a [MEDIUM] F1: the Creed is said on Sundays and solemnities, not at every Mass
  ok   #5 L1.glossary_terms[4].definition [MEDIUM] F1: the Creed is said on Sundays and solemnities, not at every Mass
  ok   #6 L1.practice_questions[1].text [MEDIUM] F4 (a): no 3-mark Describe question exists on this paper; the 3-mark part is Outline three
  ok   #7 L1.practice_questions[1].type [MEDIUM] F4 (b): command word and tariff
  ok   #8 L1.practice_questions[4].text [MEDIUM] F5 (a): the 12-mark command word on this paper is Evaluate, not Discuss
  ok   #9 L1.practice_questions[4].type [MEDIUM] F5 (b): command word
  ok   #10 L1.practice_questions[4].marks [MEDIUM] F5 (c): invented band names replaced with house band vocabulary
  PATCH L1: content_html, exam_tip_html, flashcard_questions, glossary_terms, practice_questions
  ok   #11 L2.content_html [HIGH] F6: quoted from the withdrawn 1973 translation
  ok   #12 L2.content_html [MEDIUM] F7: the specification sets John 3:10-21
  ok   #13 L2.exam_tip_html [MEDIUM] F9 (d): command word in the exam tip
  ok   #14 L2.flashcard_questions[10].a [HIGH] F6: current English wording of the Creed
  ok   #15 L2.practice_questions[1].text [MEDIUM] F8 (a): no 3-mark Describe question exists on this paper; the 3-mark part is Outline three
  ok   #16 L2.practice_questions[1].type [MEDIUM] F8 (b): command word and tariff
  ok   #17 L2.practice_questions[4].text [MEDIUM] F9 (a): the 12-mark command word on this paper is Evaluate, not Discuss
  ok   #18 L2.practice_questions[4].type [MEDIUM] F9 (b): command word
  ok   #19 L2.practice_questions[4].marks [MEDIUM] F9 (c): invented band names replaced with house band vocabulary
  PATCH L2: content_html, exam_tip_html, flashcard_questions, practice_questions
  ok   #20 L3.content_html [HIGH] F10: quoted from the withdrawn 1973 translation
  ok   #21 L3.content_html [MEDIUM] F11: CCC 1030 reads 'All who die'; paragraph number added
  ok   #22 L3.exam_tip_html [MEDIUM] F14 (d): command word in the exam tip
  ok   #23 L3.flashcard_questions[9].a [HIGH] F10: current English wording of the Creed
  ok   #24 L3.practice_questions[1].text [MEDIUM] F13 (a): no 3-mark Describe question exists on this paper; the 3-mark part is Outline three
  ok   #25 L3.practice_questions[1].type [MEDIUM] F13 (b): command word and tariff
  ok   #26 L3.practice_questions[4].text [MEDIUM] F14 (a): the 12-mark command word on this paper is Evaluate, not Discuss
  ok   #27 L3.practice_questions[4].type [MEDIUM] F14 (b): command word
  ok   #28 L3.practice_questions[4].marks [MEDIUM] F14 (c): invented band names replaced with house band vocabulary
  ok   #29 L3.practice_questions[2].marks [MEDIUM] F12: the Creed reads 'He will come again in glory to judge the living and the dead'
  PATCH L3: content_html, exam_tip_html, flashcard_questions, practice_questions
  ok   #30 L4.content_html [MEDIUM] F15: the specification names four pilgrimage places, not two
  ok   #31 L4.exam_tip_html [MEDIUM] F16 + F21: invented examiner claim removed; command word corrected
  ok   #32 L4.practice_questions[1].text [MEDIUM] F20 (a): no 3-mark Describe question exists on this paper; the 3-mark part is Outline three
  ok   #33 L4.practice_questions[1].type [MEDIUM] F20 (b): command word and tariff
  ok   #34 L4.practice_questions[4].text [MEDIUM] F21 (a): the 12-mark command word on this paper is Evaluate, not Discuss
  ok   #35 L4.practice_questions[4].type [MEDIUM] F21 (b): command word
  ok   #36 L4.practice_questions[4].marks [MEDIUM] F21 (c): invented band names replaced with house band vocabulary
  ok   #37 L4.practice_questions[3].marks [MEDIUM] F17: CCC 1210-1211 lists the seven sacraments; it does not state the real presence
  PATCH L4: content_html, exam_tip_html, practice_questions
  ok   #38 L5.content_html [MEDIUM] F22: the specification attributes 'Preparing my funeral' to Vincent Nichols himself
  ok   #39 L5.content_html [MEDIUM] F23: the specification names Nichols only as the author of 'Preparing my funeral'
  ok   #40 L5.exam_tip_html [MEDIUM] F26 (d): command word in the exam tip
  ok   #41 L5.practice_questions[1].text [MEDIUM] F25 (a): no 3-mark Describe question exists on this paper; the 3-mark part is Outline three
  ok   #42 L5.practice_questions[1].type [MEDIUM] F25 (b): command word and tariff
  ok   #43 L5.practice_questions[4].text [MEDIUM] F26 (a): the 12-mark command word on this paper is Evaluate, not Discuss
  ok   #44 L5.practice_questions[4].type [MEDIUM] F26 (b): command word
  ok   #45 L5.practice_questions[4].marks [MEDIUM] F26 (c): invented band names replaced with house band vocabulary
  PATCH L5: content_html, exam_tip_html, practice_questions
  ok   #46 L6.conclusion_html [HIGH] F27: correct paragraph number
  ok   #47 L6.content_html [HIGH] F27: the sentence is CCC 2502 and the wording is 'when its form corresponds to its particular vocation'
  ok   #48 L6.content_html [HIGH] F28: Matthew 5:17 begins 'Do not think that I have come to abolish...'
  ok   #49 L6.exam_tip_html [MEDIUM] F30 (d): command word in the exam tip
  ok   #50 L6.exam_tip_html [HIGH] F27: correct paragraph number
  ok   #51 L6.flashcard_questions[10].q [HIGH] F27: correct paragraph number
  ok   #52 L6.practice_questions[1].text [MEDIUM] F29 (a): no 3-mark Describe question exists on this paper; the 3-mark part is Outline three
  ok   #53 L6.practice_questions[1].type [MEDIUM] F29 (b): command word and tariff
  ok   #54 L6.practice_questions[4].text [MEDIUM] F30 (a): the 12-mark command word on this paper is Evaluate, not Discuss
  ok   #55 L6.practice_questions[4].type [MEDIUM] F30 (b): command word
  ok   #56 L6.practice_questions[4].marks [MEDIUM] F30 (c): invented band names replaced with house band vocabulary
  ok   #57 L6.practice_questions[5].marks [HIGH] F27: correct paragraph number for the sacred-art statement
  PATCH L6: conclusion_html, content_html, exam_tip_html, flashcard_questions, practice_questions
=== 58 applied, 0 skipped, 6 lessons / 24 fields changed
