
=== RE-NARRATION (changed narrated text only) ===
backup: C:\Users\tshau\Documents\Study Vault\scripts\_retrofc\units\religious-studies-edexcel__paper-1-catholic-christianity\_backup.json
unit:   religious-studies-edexcel / paper-1-catholic-christianity
run: 2026-09-06T05:44:08Z  mode: LIVE

6 lessons, 18 clips to regenerate

  L01 (Ollie)  The Trinity, Creation and Human Nature
      n7: The Nicene Creed is recited at Sunday Mass as the authoritative summary of the faith. It begins “I believe in 
             -> 406 KB, 34.6s, uploaded
      n8: Homoousios means “of the same substance” — not “the same person.” The Arian heresy (condemned at Nicaea) held 
             -> 431 KB, 36.7s, uploaded
      n18: For “Outline three…” questions on the Trinity, give three distinct points — not three sentences elaborating th
             -> 652 KB, 55.6s, uploaded
      manifest updated (22 entries)
  L02 (Ada)  Incarnation, Paschal Mystery and Salvation
      n4: Key Fact . John 1:14 — “The Word became flesh and made his dwelling among us.” The Nicene Creed states: “For u
             -> 262 KB, 22.4s, uploaded
      n8: John 3:10–21 contains one of the most famous statements about salvation: God so loved the world that he sent h
             -> 254 KB, 21.7s, uploaded
      n18: The key exam error on 5-mark questions about salvation is using a vague source: “the Bible says Jesus saves” d
             -> 643 KB, 54.9s, uploaded
      manifest updated (22 entries)
  L03 (Ollie)  Eschatology: Life After Death, Resurrection and Purgatory
      n2: Eschatology is the study of the ‘last things’ — what happens after death. Catholic eschatology does not treat 
             -> 341 KB, 29.1s, uploaded
      n10: Purgatory is the Catholic belief in a state of purification after death for those who are “saved but not yet p
             -> 426 KB, 36.4s, uploaded
      n18: This lesson’s spec point (1A 1.8) is starred — it carries a comparison component in 12-mark Evaluate questions
             -> 568 KB, 48.5s, uploaded
      manifest updated (18 entries)
  L04 (Ada)  Sacraments, the Mass and Catholic Worship
      n21: Pilgrimage is a journey to a sacred place as an act of devotion. The specification names four places of pilgri
             -> 159 KB, 13.6s, uploaded
      n25: Two common errors on this topic: First, confusing the number of sacraments — Catholics have seven; most Protes
             -> 672 KB, 57.4s, uploaded
      manifest updated (29 entries)
  L05 (Ollie)  Catholic Social Teaching, Mission and Funeral Rite
      n13: Cardinal Vincent Nichols is the Archbishop of Westminster and the most senior Catholic leader in England and W
             -> 321 KB, 27.4s, uploaded
      n17: The funeral rite has been shaped by the Second Vatican Council’s renewal of liturgy. The “Preparing my funeral
             -> 220 KB, 18.8s, uploaded
      n22: For “Outline three…” questions on Catholic Social Teaching, give three distinct points — for example: (1) CST 
             -> 711 KB, 60.6s, uploaded
      manifest updated (26 entries)
  L06 (Ada)  Sources of Wisdom and Forms of Expression in Catholic Christianity
      n20: Catholic Christianity has always expressed its faith through visual art, architecture and music. The Catechism
             -> 281 KB, 24.0s, uploaded
      n29: Conscience is the moral sense within each person that helps them judge right from wrong. The Catechism teaches
             -> 390 KB, 33.3s, uploaded
      n30: This lesson is dense with spec content — for “Outline three…” and “Explain two…” questions, be precise. For th
             -> 764 KB, 65.2s, uploaded
      n34: Catholic art (crucifixes, frescoes, stained glass), architecture (altar, tabernacle), symbols (Cross, ChiRho, 
             -> 267 KB, 22.8s, uploaded
      manifest updated (34 entries)

Regenerated 18 clips.

=== VERIFY (ranged GET + freshness) ===
  206  L01 n7  bytes 0-3/415584  Last-Modified: Sun, 06 Sep 2026 05:44:30 GMT  mp3-sync=OK
  206  L01 n8  bytes 0-3/440928  Last-Modified: Sun, 06 Sep 2026 05:44:38 GMT  mp3-sync=OK
  206  L01 n18  bytes 0-3/667296  Last-Modified: Sun, 06 Sep 2026 05:44:51 GMT  mp3-sync=OK
  206  L02 n4  bytes 0-3/268416  Last-Modified: Sun, 06 Sep 2026 05:44:59 GMT  mp3-sync=OK
  206  L02 n8  bytes 0-3/260352  Last-Modified: Sun, 06 Sep 2026 05:45:05 GMT  mp3-sync=OK
  206  L02 n18  bytes 0-3/658368  Last-Modified: Sun, 06 Sep 2026 05:45:20 GMT  mp3-sync=OK
  206  L03 n2  bytes 0-3/349632  Last-Modified: Sun, 06 Sep 2026 05:45:30 GMT  mp3-sync=OK
  206  L03 n10  bytes 0-3/436608  Last-Modified: Sun, 06 Sep 2026 05:45:41 GMT  mp3-sync=OK
  206  L03 n18  bytes 0-3/582048  Last-Modified: Sun, 06 Sep 2026 05:45:52 GMT  mp3-sync=OK
  206  L04 n21  bytes 0-3/163008  Last-Modified: Sun, 06 Sep 2026 05:45:58 GMT  mp3-sync=OK
  206  L04 n25  bytes 0-3/688320  Last-Modified: Sun, 06 Sep 2026 05:46:11 GMT  mp3-sync=OK
  206  L05 n13  bytes 0-3/328608  Last-Modified: Sun, 06 Sep 2026 05:46:20 GMT  mp3-sync=OK
  206  L05 n17  bytes 0-3/225504  Last-Modified: Sun, 06 Sep 2026 05:46:25 GMT  mp3-sync=OK
  206  L05 n22  bytes 0-3/727776  Last-Modified: Sun, 06 Sep 2026 05:46:40 GMT  mp3-sync=OK
  206  L06 n20  bytes 0-3/288000  Last-Modified: Sun, 06 Sep 2026 05:46:49 GMT  mp3-sync=OK
  206  L06 n29  bytes 0-3/399456  Last-Modified: Sun, 06 Sep 2026 05:46:58 GMT  mp3-sync=OK
  206  L06 n30  bytes 0-3/782208  Last-Modified: Sun, 06 Sep 2026 05:47:14 GMT  mp3-sync=OK
  206  L06 n34  bytes 0-3/273888  Last-Modified: Sun, 06 Sep 2026 05:47:20 GMT  mp3-sync=OK

18/18 clips verified HTTP 200/206 with fresh audio.
