=== APPLY EDITS history-edexcel/maos-china  79 edits  LIVE  2026-09-06T02:25:39.129Z
  ok   #0 L1.practice_questions[5].type [HIGH] F1: Paper 3 interpretation question is 16 marks, with up to 4 SPaG marks awarded on top.
  ok   #1 L1.practice_questions[5].marks [HIGH] F1: band ladder rebuilt for a 16-mark question (SPaG stays a separate 4).
  ok   #33 L1.exam_tip_html [MEDIUM] F3: invented claim about what examiners reward; rewritten in the site's own voice.
  ok   #52 L1.content_html [MEDIUM] F4: a historiographical position invented for the Historical Association.
  ok   #53 L1.knowledge_checks[2].q [MEDIUM] F5: the $3 billion figure is aid for 1945-49, not aid received by 1945.
  PATCH L1: practice_questions, exam_tip_html, content_html, knowledge_checks
  ok   #2 L2.practice_questions[5].type [HIGH] F1: Paper 3 interpretation question is 16 marks, with up to 4 SPaG marks awarded on top.
  ok   #3 L2.practice_questions[5].marks [HIGH] F1: band ladder rebuilt for a 16-mark question (SPaG stays a separate 4).
  ok   #34 L2.content_html [MEDIUM] F3: invented claim about what examiners reward; rewritten in the site's own voice.
  ok   #35 L2.content_html [MEDIUM] F3: invented claim about what examiners reward; rewritten in the site's own voice.
  ok   #36 L2.content_html [MEDIUM] F3: invented claim about what examiners reward; rewritten in the site's own voice.
  ok   #37 L2.content_html [MEDIUM] F3: invented claim about what examiners reward; rewritten in the site's own voice.
  ok   #38 L2.exam_tip_html [MEDIUM] F3: invented claim about what examiners reward; rewritten in the site's own voice.
  ok   #54 L2.content_html [MEDIUM] F6: Liaoshen ended 2 Nov 1948 and Huaihai opened 6 Nov 1948.
  PATCH L2: practice_questions, content_html, exam_tip_html
  ok   #4 L3.practice_questions[5].type [HIGH] F1: Paper 3 interpretation question is 16 marks, with up to 4 SPaG marks awarded on top.
  ok   #5 L3.practice_questions[5].marks [HIGH] F1: band ladder rebuilt for a 16-mark question (SPaG stays a separate 4).
  ok   #28 L3.exam_tip_html [MEDIUM] F2/F3: invented penalty claim, and Paper 3 has no 20-mark interpretation question.
  ok   #39 L3.content_html [MEDIUM] F3: invented claim about what examiners reward; rewritten in the site's own voice.
  ok   #51 L3.content_html [MEDIUM] F3: invented citation of examiner reports.
  PATCH L3: practice_questions, exam_tip_html, content_html
  ok   #6 L4.practice_questions[5].type [HIGH] F1: Paper 3 interpretation question is 16 marks, with up to 4 SPaG marks awarded on top.
  ok   #7 L4.practice_questions[5].marks [HIGH] F1: band ladder rebuilt for a 16-mark question (SPaG stays a separate 4).
  ok   #40 L4.exam_tip_html [MEDIUM] F3: invented claim about what examiners reward; rewritten in the site's own voice.
  PATCH L4: practice_questions, exam_tip_html
  ok   #8 L5.practice_questions[5].type [HIGH] F1: Paper 3 interpretation question is 16 marks, with up to 4 SPaG marks awarded on top.
  ok   #9 L5.practice_questions[5].marks [HIGH] F1: band ladder rebuilt for a 16-mark question (SPaG stays a separate 4).
  ok   #41 L5.exam_tip_html [MEDIUM] F3: invented claim about what examiners reward; rewritten in the site's own voice.
  ok   #55 L5.content_html [MEDIUM] F7: the quotation is from Mao's 1927 Hunan report, not a defence of the 1950 land reform.
  PATCH L5: practice_questions, exam_tip_html, content_html
  ok   #10 L6.practice_questions[5].type [HIGH] F1: Paper 3 interpretation question is 16 marks, with up to 4 SPaG marks awarded on top.
  ok   #11 L6.practice_questions[5].marks [HIGH] F1: band ladder rebuilt for a 16-mark question (SPaG stays a separate 4).
  ok   #42 L6.exam_tip_html [MEDIUM] F3: invented claim about what examiners reward; rewritten in the site's own voice.
  PATCH L6: practice_questions, exam_tip_html
  ok   #12 L7.practice_questions[5].type [HIGH] F1: Paper 3 interpretation question is 16 marks, with up to 4 SPaG marks awarded on top.
  ok   #13 L7.practice_questions[5].marks [HIGH] F1: band ladder rebuilt for a 16-mark question (SPaG stays a separate 4).
  ok   #43 L7.exam_tip_html [MEDIUM] F3: invented claim about what examiners reward; rewritten in the site's own voice.
  ok   #56 L7.content_html [MEDIUM] F8: quotation attributed to Dikoetter that cannot be verified.
  ok   #57 L7.flashcard_questions[8].q [MEDIUM] F8: same unverifiable quotation.
  ok   #58 L7.flashcard_questions[8].a [MEDIUM] F8: same unverifiable quotation.
  PATCH L7: practice_questions, exam_tip_html, content_html, flashcard_questions
  ok   #14 L8.practice_questions[5].type [HIGH] F1: Paper 3 interpretation question is 16 marks, with up to 4 SPaG marks awarded on top.
  ok   #15 L8.practice_questions[5].marks [HIGH] F1: band ladder rebuilt for a 16-mark question (SPaG stays a separate 4).
  ok   #44 L8.exam_tip_html [MEDIUM] F3: invented claim about what examiners reward; rewritten in the site's own voice.
  ok   #59 L8.content_html [MEDIUM] F9: Mao's remark to Edgar Snow dated his decision against Liu to January 1965, not to 1962.
  ok   #60 L8.flashcard_questions[2].a [LOW] F10: HTML tags in a plain-text field render as literal text.
  ok   #61 L8.flashcard_questions[3].a [LOW] F10: HTML tags in a plain-text field render as literal text.
  ok   #62 L8.practice_questions[4].marks [LOW] F10: HTML tags in a plain-text field render as literal text.
  PATCH L8: practice_questions, exam_tip_html, content_html, flashcard_questions
  ok   #16 L9.practice_questions[5].type [HIGH] F1: Paper 3 interpretation question is 16 marks, with up to 4 SPaG marks awarded on top.
  ok   #17 L9.practice_questions[5].marks [HIGH] F1: band ladder rebuilt for a 16-mark question (SPaG stays a separate 4).
  ok   #29 L9.exam_tip_html [MEDIUM] F2: Paper 3's interpretation question is 16 marks plus 4 separate SPaG marks.
  ok   #45 L9.exam_tip_html [MEDIUM] F3: invented claim about what examiners reward; rewritten in the site's own voice.
  ok   #63 L9.content_html [HIGH] F11: the 70/30 verdict was on Mao's whole record; the 1981 Resolution condemned the Cultural Revolution outrig
  ok   #64 L9.content_html [MEDIUM] F12: the cat saying is Deng's own 1962 remark, not an accusation made against him.
  PATCH L9: practice_questions, exam_tip_html, content_html
  ok   #18 L10.practice_questions[5].type [HIGH] F1: Paper 3 interpretation question is 16 marks, with up to 4 SPaG marks awarded on top.
  ok   #19 L10.practice_questions[5].marks [HIGH] F1: band ladder rebuilt for a 16-mark question (SPaG stays a separate 4).
  ok   #30 L10.exam_tip_html [MEDIUM] F2: Paper 3's interpretation question is 16 marks plus 4 separate SPaG marks.
  ok   #46 L10.exam_tip_html [MEDIUM] F3: invented claim about what examiners reward; rewritten in the site's own voice.
  ok   #65 L10.conclusion_html [HIGH] F13: 'Bombard the Headquarters' was Mao's own big-character poster of 5 August 1966.
  ok   #66 L10.content_html [MEDIUM] F14: the Notification created the Cultural Revolution Group; the Group did not issue it.
  ok   #67 L10.content_html [MEDIUM] F15: the Tsinghua humiliation was Wang Guangmei's, in April 1967.
  ok   #68 L10.flashcard_questions[7].q [MEDIUM] F15: the Tsinghua humiliation was Wang Guangmei's, in April 1967.
  ok   #69 L10.content_html [LOW] F16: the two phases were given as overlapping ranges; the army's purge phase is 1968-71.
  PATCH L10: practice_questions, exam_tip_html, conclusion_html, content_html, flashcard_questions
  ok   #20 L11.practice_questions[5].type [HIGH] F1: Paper 3 interpretation question is 16 marks, with up to 4 SPaG marks awarded on top.
  ok   #21 L11.practice_questions[5].marks [HIGH] F1: band ladder rebuilt for a 16-mark question (SPaG stays a separate 4).
  ok   #31 L11.exam_tip_html [MEDIUM] F2: Paper 3's interpretation question is 16 marks plus 4 separate SPaG marks.
  ok   #47 L11.exam_tip_html [MEDIUM] F3: invented claim about what examiners reward; rewritten in the site's own voice.
  ok   #70 L11.content_html [LOW] F17: Hua Guofeng's provincial record was in agriculture and party administration, not industry.
  PATCH L11: practice_questions, exam_tip_html, content_html
  ok   #22 L12.practice_questions[5].type [HIGH] F1: Paper 3 interpretation question is 16 marks, with up to 4 SPaG marks awarded on top.
  ok   #23 L12.practice_questions[5].marks [HIGH] F1: band ladder rebuilt for a 16-mark question (SPaG stays a separate 4).
  ok   #32 L12.exam_tip_html [MEDIUM] F2: Paper 3's interpretation question is 16 marks plus 4 separate SPaG marks.
  ok   #48 L12.exam_tip_html [MEDIUM] F3: invented claim about what examiners reward; rewritten in the site's own voice.
  ok   #71 L12.flashcard_questions[12].a [LOW] F10: HTML tags in a plain-text field render as literal text.
  ok   #72 L12.flashcard_questions[13].a [LOW] F10: HTML tags in a plain-text field render as literal text.
  PATCH L12: practice_questions, exam_tip_html, flashcard_questions
  ok   #24 L13.practice_questions[5].type [HIGH] F1: Paper 3 interpretation question is 16 marks, with up to 4 SPaG marks awarded on top.
  ok   #25 L13.practice_questions[5].marks [HIGH] F1: band ladder rebuilt for a 16-mark question (SPaG stays a separate 4).
  ok   #49 L13.exam_tip_html [MEDIUM] F3: invented claim about what examiners reward; rewritten in the site's own voice.
  ok   #73 L13.content_html [MEDIUM] F18: Ye Qun also sat on the Politburo from 1969, and the lesson itself names other senior women.
  ok   #74 L13.exam_tip_html [MEDIUM] F18: Jiang Qing and Ye Qun both sat on the Politburo from 1969.
  ok   #75 L13.flashcard_questions[13].q [MEDIUM] F18: she was not the only one; Ye Qun joined the Politburo in 1969.
  PATCH L13: practice_questions, exam_tip_html, content_html, flashcard_questions
  ok   #26 L14.practice_questions[5].type [HIGH] F1: Paper 3 interpretation question is 16 marks, with up to 4 SPaG marks awarded on top.
  ok   #27 L14.practice_questions[5].marks [HIGH] F1: band ladder rebuilt for a 16-mark question (SPaG stays a separate 4).
  ok   #50 L14.exam_tip_html [MEDIUM] F3: invented claim about what examiners reward; rewritten in the site's own voice.
  ok   #76 L14.content_html [MEDIUM] F19: simplified characters were introduced in 1956 (Pinyin in 1958); the lesson's own glossary says 1956.
  ok   #77 L14.content_html [MEDIUM] F20: the key fact contradicts the lesson body, which says universities reopened from 1970 and village literacy
  ok   #78 L14.knowledge_checks[3].q [LOW] F10: HTML tags in a plain-text field render as literal text.
  PATCH L14: practice_questions, exam_tip_html, content_html, knowledge_checks
=== 79 applied, 0 skipped, 14 lessons / 47 fields changed
