=== APPLY EDITS health-social-care-ocr/principles-of-care  13 edits  LIVE  2026-09-04T11:57:39.896Z
  ok   #0 L1.content_html [MEDIUM] F1: Dental nurses do not diagnose disease or plan treatment.
  PATCH L1: content_html
  ok   #1 L3.content_html [MEDIUM] F2: Treatment planning is outside a dental nurse’s general scope.
  PATCH L3: content_html
  ok   #2 L6.content_html [HIGH] F3: The original definition described choice, not individuality.
  ok   #3 L6.content_html [MEDIUM] F4: Choice is the named R032 value.
  PATCH L6: content_html
  ok   #4 L8.content_html [MEDIUM] F5: The specification does not define this as an eight-item list.
  PATCH L8: content_html
  ok   #5 L9.content_html [MEDIUM] F6: Makaton signs and symbols can be used on their own as well as with speech.
  ok   #6 L9.content_html [MEDIUM] F6: Makaton signs and symbols can be used on their own as well as with speech.
  PATCH L9: content_html
  ok   #7 L12.content_html [MEDIUM] F7: Not all products kill bacteria and viruses.
  ok   #8 L12.content_html [HIGH] F8: Glove use must be risk-based, not routine for all intact-skin contact.
  ok   #9 L12.content_html [MEDIUM] F9: Overshoes are not generally used in health and care settings.
  ok   #10 L12.content_html [MEDIUM] F10: Scrubs can have pockets; use and laundering are set locally.
  ok   #11 L12.content_html [MEDIUM] F11: Surgical scrubs are not a universal ward requirement.
  PATCH L12: content_html
  ok   #12 L13.content_html [HIGH] F12: Restrictions must be individually assessed and proportionate.
  PATCH L13: content_html
=== 13 applied, 0 skipped, 7 lessons / 7 fields changed
