
=== RE-NARRATION (changed narrated text only) ===
backup: C:\Users\tshau\Documents\Study Vault\scripts\_retrofc\units\health-social-care-ocr__principles-of-care\_backup.json
unit:   health-social-care-ocr / principles-of-care
run: 2026-09-04T11:57:43Z  mode: LIVE

7 lessons, 11 clips to regenerate

  L01 (Ollie)  Care Settings & The Rights of Service Users
      n3: Health care settings include dental practices, GP surgeries, health centres, hospitals, nursing homes, opticia
             -> 281 KB, 24.0s, uploaded
      manifest updated (20 entries)
  L03 (Ollie)  Person-Centred Values
      n8: The value of choice requires practitioners to actively provide options and ensure service users are able to se
             -> 288 KB, 24.6s, uploaded
      manifest updated (26 entries)
  L06 (Ada)  Effects on Wellbeing When Person-Centred Values Are NOT Applied
      n7: Pain is another direct physical consequence. If a service user cannot express their preferences (because the v
             -> 425 KB, 36.3s, uploaded
      manifest updated (21 entries)
  L08 (Ada)  Non-Verbal Communication & Active Listening
      n7: Key Fact . The specification lists: adapting type/method to needs; eye contact; facial expressions; gestures; 
             -> 201 KB, 17.1s, uploaded
      manifest updated (18 entries)
  L09 (Ollie)  Special Methods of Communication
      n13: These are different systems designed for different groups. BSL is a full language used by many Deaf people — i
             -> 420 KB, 35.8s, uploaded
      n17: Makaton is a system of signs, symbols and speech used together to support people with learning difficulties, a
             -> 569 KB, 48.5s, uploaded
      manifest updated (20 entries)
  L12 (Ada)  Infection Prevention
      n6: Using anti-bacterial sprays on surfaces can reduce bacteria on tables, door handles, bed rails and work surfac
             -> 687 KB, 58.7s, uploaded
      n16: Disposable aprons protect clothing from contact with bodily fluids, food or clinical materials. They are worn 
             -> 393 KB, 33.5s, uploaded
      n19: Overshoes may be used where local policy requires them. They should be discarded after use and are not general
             -> 199 KB, 17.0s, uploaded
      n20: Exam questions often name a specific care setting and ask you to apply infection prevention knowledge to it. T
             -> 552 KB, 47.1s, uploaded
      manifest updated (20 entries)
  L13 (Ollie)  Safety Procedures, Measures & Security
      n24: Security needs vary depending on who the setting serves. A community centre running an open drop-in session ma
             -> 473 KB, 40.3s, uploaded
      manifest updated (24 entries)

Regenerated 11 clips.

=== VERIFY (ranged GET + freshness) ===
  206  L01 n3  bytes 0-3/288000  Last-Modified: Fri, 04 Sep 2026 11:57:49 GMT  mp3-sync=OK
  206  L03 n8  bytes 0-3/295200  Last-Modified: Fri, 04 Sep 2026 11:57:53 GMT  mp3-sync=OK
  206  L06 n7  bytes 0-3/435456  Last-Modified: Fri, 04 Sep 2026 11:57:59 GMT  mp3-sync=OK
  206  L08 n7  bytes 0-3/205632  Last-Modified: Fri, 04 Sep 2026 11:58:02 GMT  mp3-sync=OK
  206  L09 n13  bytes 0-3/429696  Last-Modified: Fri, 04 Sep 2026 11:58:09 GMT  mp3-sync=OK
  206  L09 n17  bytes 0-3/582336  Last-Modified: Fri, 04 Sep 2026 11:58:17 GMT  mp3-sync=OK
  206  L12 n6  bytes 0-3/703872  Last-Modified: Fri, 04 Sep 2026 11:58:27 GMT  mp3-sync=OK
  206  L12 n16  bytes 0-3/402048  Last-Modified: Fri, 04 Sep 2026 11:58:32 GMT  mp3-sync=OK
  206  L12 n19  bytes 0-3/204192  Last-Modified: Fri, 04 Sep 2026 11:58:36 GMT  mp3-sync=OK
  206  L12 n20  bytes 0-3/565344  Last-Modified: Fri, 04 Sep 2026 11:58:44 GMT  mp3-sync=OK
  206  L13 n24  bytes 0-3/484128  Last-Modified: Fri, 04 Sep 2026 11:58:51 GMT  mp3-sync=OK

11/11 clips verified HTTP 200/206 with fresh audio.
