
=== ADJUDICATED RULINGS: english-literature-aqa / jekyll-and-hyde ===
run: 2026-08-30T13:04:35.937Z   mode: DRY RUN
fetched 8 lessons (live: 8)

backup written BEFORE any write -> C:\Users\tshau\Documents\Study Vault\scripts\_retrofc\units\english-literature-aqa__jekyll-and-hyde\_adjudication_backup.json
  4 lessons, 10 fields

L02  Chapters 1–3: The Door, the Will and Dr Jekyll
      id=feb06618-51b1-4aa8-9732-5f20b8649ad2   fields: content_html, flashcard_questions
        [F4] content_html: Stevenson writes "Mr. Richard Enfield, his distant kinsman"; the text never says cousin
        [F4] flashcard_questions[0]: the text says "distant kinsman", not cousin

L03  Chapters 4–6: The Carew Murder and Dr Lanyon
      id=ebf5e3eb-4848-440b-9b22-ab2251c0308b   fields: flashcard_questions
        [F3] flashcard_questions[2]: "ape-like" is a compound adjective, not a connective comparison; label replaced with animalistic imagery, analysis point kept

L06  Characters: Utterson, Lanyon and Enfield
      id=7337351f-23a7-4038-babe-1a32e67c917b   fields: content_html, flashcard_questions
        [F4] content_html: Stevenson writes "Mr. Richard Enfield, his distant kinsman"; the text never says cousin
        [F4] flashcard_questions[9]: the text says "distant kinsman", not cousin

L08  Language, Structure and Narrative Perspective
      id=aca80d53-af4d-4fad-9763-392a3ea26c6c   fields: content_html, flashcard_questions, knowledge_checks, practice_questions, glossary_terms
        [F1] content_html: apophasis = declining to mention a thing while mentioning it; it is NOT the assertion that something is beyond description. Label removed rather than swapped for an equally obscure one.
        [F2] content_html: the same lesson calls Ch 1-8 third-person; L6 already calls Utterson the focaliser. Utterson never narrates.
        [F1] flashcard_questions[2]: false technical label removed; card now asks what Stevenson does
        [F2] flashcard_questions[8]: Utterson never narrates; he is the focaliser of a third-person narration
        [F1] knowledge_checks[1]: the false label was the CORRECT answer; stem + all four options recast
        [F1] practice_questions[0].marks: top-band descriptor told students to use the wrong term
        [F1] glossary_terms[1]: entry deleted with the label
        [F2] glossary_terms[4]: replaced in place; "unreliable narrator" kept for Jekyll

WOULD PATCH: 4 lessons, 10 fields

=== ADJUDICATED RULINGS: english-literature-aqa / jekyll-and-hyde ===
run: 2026-08-30T13:04:40.107Z   mode: LIVE
fetched 8 lessons (live: 8)

backup written BEFORE any write -> C:\Users\tshau\Documents\Study Vault\scripts\_retrofc\units\english-literature-aqa__jekyll-and-hyde\_adjudication_backup.json
  4 lessons, 10 fields

L02  Chapters 1–3: The Door, the Will and Dr Jekyll
      id=feb06618-51b1-4aa8-9732-5f20b8649ad2   fields: content_html, flashcard_questions
        [F4] content_html: Stevenson writes "Mr. Richard Enfield, his distant kinsman"; the text never says cousin
        [F4] flashcard_questions[0]: the text says "distant kinsman", not cousin
      -> PATCHED

L03  Chapters 4–6: The Carew Murder and Dr Lanyon
      id=ebf5e3eb-4848-440b-9b22-ab2251c0308b   fields: flashcard_questions
        [F3] flashcard_questions[2]: "ape-like" is a compound adjective, not a connective comparison; label replaced with animalistic imagery, analysis point kept
      -> PATCHED

L06  Characters: Utterson, Lanyon and Enfield
      id=7337351f-23a7-4038-babe-1a32e67c917b   fields: content_html, flashcard_questions
        [F4] content_html: Stevenson writes "Mr. Richard Enfield, his distant kinsman"; the text never says cousin
        [F4] flashcard_questions[9]: the text says "distant kinsman", not cousin
      -> PATCHED

L08  Language, Structure and Narrative Perspective
      id=aca80d53-af4d-4fad-9763-392a3ea26c6c   fields: content_html, flashcard_questions, knowledge_checks, practice_questions, glossary_terms
        [F1] content_html: apophasis = declining to mention a thing while mentioning it; it is NOT the assertion that something is beyond description. Label removed rather than swapped for an equally obscure one.
        [F2] content_html: the same lesson calls Ch 1-8 third-person; L6 already calls Utterson the focaliser. Utterson never narrates.
        [F1] flashcard_questions[2]: false technical label removed; card now asks what Stevenson does
        [F2] flashcard_questions[8]: Utterson never narrates; he is the focaliser of a third-person narration
        [F1] knowledge_checks[1]: the false label was the CORRECT answer; stem + all four options recast
        [F1] practice_questions[0].marks: top-band descriptor told students to use the wrong term
        [F1] glossary_terms[1]: entry deleted with the label
        [F2] glossary_terms[4]: replaced in place; "unreliable narrator" kept for Jekyll
      -> PATCHED

PATCHED: 4 lessons, 10 fields

=== RE-NARRATION after ADJUDICATED rulings (changed narrated text only) ===
run: 2026-08-30T13:05:20Z  mode: DRY RUN
  L03: no content_html change -> skip (JSON fields are not narrated)

3 lessons, 4 clips to regenerate

  L02 (Ada)  Chapters 1–3: The Door, the Will and Dr Jekyll
      n2 -> english-literature/jekyll-and-hyde/narration_lesson-02_n2.mp3
         The novella opens with Mr Utterson and his distant kinsman Richard Enfield on their regular Sunday walk. They pass a mysterious, neglected door in an otherwise respectable street. Enfield tells Utters
  L06 (Ada)  Characters: Utterson, Lanyon and Enfield
      n14 -> english-literature/jekyll-and-hyde/narration_lesson-06_n14.mp3
         Enfield is Utterson’s distant kinsman and walking companion. He is described as a “well-known man about town” — sociable, worldly and less restrained than Utterson. It is Enfield who tells the story o
  L08 (Ada)  Language, Structure and Narrative Perspective
      n4 -> english-literature/jekyll-and-hyde/narration_lesson-08_n4.mp3
         Characters repeatedly struggle to describe Hyde. Enfield says he is “not easy to describe” and gives “a strong feeling of deformity.” Utterson notes “deformity without any nameable malformation.” This
      n16 -> english-literature/jekyll-and-hyde/narration_lesson-08_n16.mp3
         Stevenson carefully controls what the reader knows and when. Utterson is the focaliser of Chapters 1–8, not a narrator: the third-person narration stays with him and reports honestly what he sees. But

=== RE-NARRATION after ADJUDICATED rulings (changed narrated text only) ===
run: 2026-08-30T13:05:25Z  mode: LIVE
  L03: no content_html change -> skip (JSON fields are not narrated)

3 lessons, 4 clips to regenerate

  L02 (Ada)  Chapters 1–3: The Door, the Will and Dr Jekyll
      n2: The novella opens with Mr Utterson and his distant kinsman Richard Enfield on their regular Sunday walk. They pass a mysterious, n
             -> 236 KB, 20.1s, uploaded
      manifest updated (23 entries, ids unchanged)
  L06 (Ada)  Characters: Utterson, Lanyon and Enfield
      n14: Enfield is Utterson’s distant kinsman and walking companion. He is described as a “well-known man about town” — sociable, worldly 
             -> 195 KB, 16.7s, uploaded
      manifest updated (23 entries, ids unchanged)
  L08 (Ada)  Language, Structure and Narrative Perspective
      n4: Characters repeatedly struggle to describe Hyde. Enfield says he is “not easy to describe” and gives “a strong feeling of deformit
             -> 285 KB, 24.3s, uploaded
      n16: Stevenson carefully controls what the reader knows and when. Utterson is the focaliser of Chapters 1–8, not a narrator: the third-
             -> 228 KB, 19.5s, uploaded
      manifest updated (27 entries, ids unchanged)

Regenerated 4 clips.

=== VERIFY (ranged GET + freshness) ===
  206  L02 n2  bytes 0-3/241344  Last-Modified: Sun, 30 Aug 2026 13:05:31 GMT  mp3-sync=OK
  206  L06 n14  bytes 0-3/200160  Last-Modified: Sun, 30 Aug 2026 13:05:34 GMT  mp3-sync=OK
  206  L08 n4  bytes 0-3/291744  Last-Modified: Sun, 30 Aug 2026 13:05:39 GMT  mp3-sync=OK
  206  L08 n16  bytes 0-3/233568  Last-Modified: Sun, 30 Aug 2026 13:05:43 GMT  mp3-sync=OK

4/4 clips verified HTTP 200/206 with fresh audio.
