
=== RETRO FACT-CHECK: english-literature-aqa / jekyll-and-hyde ===
run: 2026-08-30T12:52:21.856Z   mode: DRY RUN
fetched 8 lessons (live: 8)

L01  Context: Victorian Society and Duality
      id=50025cc8-7796-4c70-8b32-cf2c010daa2e   fields: practice_questions
        [HIGH] practice_questions[0].marks: exam claim unsupported by the spec: AQA 8702 Paper 1 is 64 raw marks = Section A Shakespeare (30 + 4 AO4) + Section B 19th-century novel (30). AO4 is 2.5% of the qualification = 4 marks in total, awarded in Section A only. A 19th-century novel answer carries NO SPaG marks.

L02  Chapters 1–3: The Door, the Will and Dr Jekyll
      id=feb06618-51b1-4aa8-9732-5f20b8649ad2   fields: content_html, practice_questions, flashcard_questions
        [MEDIUM] content_html: misquotation: the text reads "equipped with neither bell nor knocker" (Story of the Door)
        [LOW] content_html: US spelling in revision tip (house rule: British English); body text already uses "emphasise"
        [HIGH] practice_questions[5].marks: exam claim unsupported by the spec: AQA 8702 Paper 1 is 64 raw marks = Section A Shakespeare (30 + 4 AO4) + Section B 19th-century novel (30). AO4 is 2.5% of the qualification = 4 marks in total, awarded in Section A only. A 19th-century novel answer carries NO SPaG marks.
        [MEDIUM] flashcard_questions[10].q: misquotation: text reads "neither bell nor knocker"

L03  Chapters 4–6: The Carew Murder and Incident at the Window
      id=ebf5e3eb-4848-440b-9b22-ab2251c0308b   fields: title, practice_questions
        [HIGH] title: chapter misattribution: "Incident at the Window" is Chapter 7 and is taught in L4. This lesson covers Ch 4-6, ending with the Incident of Dr Lanyon.
        [HIGH] practice_questions[5].marks: exam claim unsupported by the spec: AQA 8702 Paper 1 is 64 raw marks = Section A Shakespeare (30 + 4 AO4) + Section B 19th-century novel (30). AO4 is 2.5% of the qualification = 4 marks in total, awarded in Section A only. A 19th-century novel answer carries NO SPaG marks.

L04  Chapters 7–10: The Last Night and Jekyll’s Statement
      id=6cbead7a-2201-4111-8daf-b961629df8db   fields: content_html, practice_questions, flashcard_questions
        [MEDIUM] content_html: misquotation: the text reads "it had been much less exercised and much less exhausted" (Full Statement)
        [MEDIUM] content_html: revision tip truncated mid-word ("more imme...") and shown to students
        [LOW] content_html: glossary term is plural ("narrators") but the definition was singular
        [HIGH] practice_questions[5].marks: exam claim unsupported by the spec: AQA 8702 Paper 1 is 64 raw marks = Section A Shakespeare (30 + 4 AO4) + Section B 19th-century novel (30). AO4 is 2.5% of the qualification = 4 marks in total, awarded in Section A only. A 19th-century novel answer carries NO SPaG marks.
        [MEDIUM] flashcard_questions[7].a: misquotation: text reads "much less exercised"

L05  Characters: Jekyll and Hyde
      id=edca02be-82ac-42b2-a19b-7886fe5ffbf6   fields: content_html, practice_questions, flashcard_questions, knowledge_checks
        [MEDIUM] content_html: misquotation: the text reads "much less exercised"
        [LOW] content_html: US spelling in revision tip
        [HIGH] practice_questions[2].marks: exam claim unsupported by the spec: AQA 8702 Paper 1 is 64 raw marks = Section A Shakespeare (30 + 4 AO4) + Section B 19th-century novel (30). AO4 is 2.5% of the qualification = 4 marks in total, awarded in Section A only. A 19th-century novel answer carries NO SPaG marks.
        [MEDIUM] flashcard_questions[6].a: misquotation: text reads "much less exercised"
        [MEDIUM] knowledge_checks[0].options[1]: misquotation in the correct answer: text reads "much less exercised"
        [MEDIUM] knowledge_checks[4].left[2]: misquotation in a match key: text reads "much less exercised"

L06  Characters: Utterson, Lanyon and Enfield
      id=7337351f-23a7-4038-babe-1a32e67c917b   fields: content_html, practice_questions
        [LOW] content_html: US spelling in revision tip
        [HIGH] practice_questions[3].marks: exam claim unsupported by the spec: AQA 8702 Paper 1 is 64 raw marks = Section A Shakespeare (30 + 4 AO4) + Section B 19th-century novel (30). AO4 is 2.5% of the qualification = 4 marks in total, awarded in Section A only. A 19th-century novel answer carries NO SPaG marks.

L07  Themes: Duality, Repression and Science
      id=92c6b9d0-8370-4d1b-9d52-2923acede7cb   fields: content_html, practice_questions, flashcard_questions
        [MEDIUM] content_html: contradicted by the text — Lanyon objects on scientific grounds ("too fanciful", "wrong in mind", "unscientific"), not because the experiment "violates the natural order"
        [HIGH] practice_questions[3].marks: exam claim unsupported by the spec: AQA 8702 Paper 1 is 64 raw marks = Section A Shakespeare (30 + 4 AO4) + Section B 19th-century novel (30). AO4 is 2.5% of the qualification = 4 marks in total, awarded in Section A only. A 19th-century novel answer carries NO SPaG marks.
        [MEDIUM] flashcard_questions[8].a: contradicted by the text — Lanyon's objection is scientific, not moral

L08  Language, Structure and Narrative Perspective
      id=aca80d53-af4d-4fad-9763-392a3ea26c6c   fields: content_html, practice_questions, flashcard_questions
        [HIGH] content_html: FABRICATED QUOTATION — "like a cornered snake" appears nowhere in Stevenson. The text reads "Mr. Hyde shrank back with a hissing intake of the breath" (Search for Mr Hyde)
        [MEDIUM] content_html: revision tip truncated and shown to students
        [MEDIUM] content_html: revision tip truncated mid-word ("their own c...")
        [HIGH] practice_questions[3].marks: exam claim unsupported by the spec: AQA 8702 Paper 1 is 64 raw marks = Section A Shakespeare (30 + 4 AO4) + Section B 19th-century novel (30). AO4 is 2.5% of the qualification = 4 marks in total, awarded in Section A only. A 19th-century novel answer carries NO SPaG marks.
        [HIGH] flashcard_questions[0].a: FABRICATED QUOTATION — "like a cornered snake" is not in Stevenson

WOULD PATCH: 8 lessons, 21 fields
fixed findings: HIGH=11 MEDIUM=13 LOW=4

=== RETRO FACT-CHECK: english-literature-aqa / jekyll-and-hyde ===
run: 2026-08-30T12:52:28.847Z   mode: LIVE
fetched 8 lessons (live: 8)

L01  Context: Victorian Society and Duality
      id=50025cc8-7796-4c70-8b32-cf2c010daa2e   fields: practice_questions
        [HIGH] practice_questions[0].marks: exam claim unsupported by the spec: AQA 8702 Paper 1 is 64 raw marks = Section A Shakespeare (30 + 4 AO4) + Section B 19th-century novel (30). AO4 is 2.5% of the qualification = 4 marks in total, awarded in Section A only. A 19th-century novel answer carries NO SPaG marks.
      -> PATCHED

L02  Chapters 1–3: The Door, the Will and Dr Jekyll
      id=feb06618-51b1-4aa8-9732-5f20b8649ad2   fields: content_html, practice_questions, flashcard_questions
        [MEDIUM] content_html: misquotation: the text reads "equipped with neither bell nor knocker" (Story of the Door)
        [LOW] content_html: US spelling in revision tip (house rule: British English); body text already uses "emphasise"
        [HIGH] practice_questions[5].marks: exam claim unsupported by the spec: AQA 8702 Paper 1 is 64 raw marks = Section A Shakespeare (30 + 4 AO4) + Section B 19th-century novel (30). AO4 is 2.5% of the qualification = 4 marks in total, awarded in Section A only. A 19th-century novel answer carries NO SPaG marks.
        [MEDIUM] flashcard_questions[10].q: misquotation: text reads "neither bell nor knocker"
      -> PATCHED

L03  Chapters 4–6: The Carew Murder and Incident at the Window
      id=ebf5e3eb-4848-440b-9b22-ab2251c0308b   fields: title, practice_questions
        [HIGH] title: chapter misattribution: "Incident at the Window" is Chapter 7 and is taught in L4. This lesson covers Ch 4-6, ending with the Incident of Dr Lanyon.
        [HIGH] practice_questions[5].marks: exam claim unsupported by the spec: AQA 8702 Paper 1 is 64 raw marks = Section A Shakespeare (30 + 4 AO4) + Section B 19th-century novel (30). AO4 is 2.5% of the qualification = 4 marks in total, awarded in Section A only. A 19th-century novel answer carries NO SPaG marks.
      -> PATCHED

L04  Chapters 7–10: The Last Night and Jekyll’s Statement
      id=6cbead7a-2201-4111-8daf-b961629df8db   fields: content_html, practice_questions, flashcard_questions
        [MEDIUM] content_html: misquotation: the text reads "it had been much less exercised and much less exhausted" (Full Statement)
        [MEDIUM] content_html: revision tip truncated mid-word ("more imme...") and shown to students
        [LOW] content_html: glossary term is plural ("narrators") but the definition was singular
        [HIGH] practice_questions[5].marks: exam claim unsupported by the spec: AQA 8702 Paper 1 is 64 raw marks = Section A Shakespeare (30 + 4 AO4) + Section B 19th-century novel (30). AO4 is 2.5% of the qualification = 4 marks in total, awarded in Section A only. A 19th-century novel answer carries NO SPaG marks.
        [MEDIUM] flashcard_questions[7].a: misquotation: text reads "much less exercised"
      -> PATCHED

L05  Characters: Jekyll and Hyde
      id=edca02be-82ac-42b2-a19b-7886fe5ffbf6   fields: content_html, practice_questions, flashcard_questions, knowledge_checks
        [MEDIUM] content_html: misquotation: the text reads "much less exercised"
        [LOW] content_html: US spelling in revision tip
        [HIGH] practice_questions[2].marks: exam claim unsupported by the spec: AQA 8702 Paper 1 is 64 raw marks = Section A Shakespeare (30 + 4 AO4) + Section B 19th-century novel (30). AO4 is 2.5% of the qualification = 4 marks in total, awarded in Section A only. A 19th-century novel answer carries NO SPaG marks.
        [MEDIUM] flashcard_questions[6].a: misquotation: text reads "much less exercised"
        [MEDIUM] knowledge_checks[0].options[1]: misquotation in the correct answer: text reads "much less exercised"
        [MEDIUM] knowledge_checks[4].left[2]: misquotation in a match key: text reads "much less exercised"
      -> PATCHED

L06  Characters: Utterson, Lanyon and Enfield
      id=7337351f-23a7-4038-babe-1a32e67c917b   fields: content_html, practice_questions
        [LOW] content_html: US spelling in revision tip
        [HIGH] practice_questions[3].marks: exam claim unsupported by the spec: AQA 8702 Paper 1 is 64 raw marks = Section A Shakespeare (30 + 4 AO4) + Section B 19th-century novel (30). AO4 is 2.5% of the qualification = 4 marks in total, awarded in Section A only. A 19th-century novel answer carries NO SPaG marks.
      -> PATCHED

L07  Themes: Duality, Repression and Science
      id=92c6b9d0-8370-4d1b-9d52-2923acede7cb   fields: content_html, practice_questions, flashcard_questions
        [MEDIUM] content_html: contradicted by the text — Lanyon objects on scientific grounds ("too fanciful", "wrong in mind", "unscientific"), not because the experiment "violates the natural order"
        [HIGH] practice_questions[3].marks: exam claim unsupported by the spec: AQA 8702 Paper 1 is 64 raw marks = Section A Shakespeare (30 + 4 AO4) + Section B 19th-century novel (30). AO4 is 2.5% of the qualification = 4 marks in total, awarded in Section A only. A 19th-century novel answer carries NO SPaG marks.
        [MEDIUM] flashcard_questions[8].a: contradicted by the text — Lanyon's objection is scientific, not moral
      -> PATCHED

L08  Language, Structure and Narrative Perspective
      id=aca80d53-af4d-4fad-9763-392a3ea26c6c   fields: content_html, practice_questions, flashcard_questions
        [HIGH] content_html: FABRICATED QUOTATION — "like a cornered snake" appears nowhere in Stevenson. The text reads "Mr. Hyde shrank back with a hissing intake of the breath" (Search for Mr Hyde)
        [MEDIUM] content_html: revision tip truncated and shown to students
        [MEDIUM] content_html: revision tip truncated mid-word ("their own c...")
        [HIGH] practice_questions[3].marks: exam claim unsupported by the spec: AQA 8702 Paper 1 is 64 raw marks = Section A Shakespeare (30 + 4 AO4) + Section B 19th-century novel (30). AO4 is 2.5% of the qualification = 4 marks in total, awarded in Section A only. A 19th-century novel answer carries NO SPaG marks.
        [HIGH] flashcard_questions[0].a: FABRICATED QUOTATION — "like a cornered snake" is not in Stevenson
      -> PATCHED

PATCHED: 8 lessons, 21 fields
fixed findings: HIGH=11 MEDIUM=13 LOW=4
