
=== RE-NARRATION (changed narrated text only) ===
run: 2026-08-30T12:53:18Z  mode: DRY RUN
  L01: no content_html change -> skip
  L03: no content_html change -> skip
  L06: content edited but no narrated text changed -> skip

5 lessons, 5 clips to regenerate

  L02 (Ada)  Chapters 1–3: The Door, the Will and Dr Jekyll
      n17 -> english-literature/jekyll-and-hyde/narration_lesson-02_n17.mp3
         Setting as symbolism: The mysterious door — blistered, neglected, with “neither bell nor knocker” — represents the hidden side of Jekyll’s l
  L04 (Ada)  Chapters 7–10: The Last Night and Jekyll’s Statement
      n9 -> english-literature/jekyll-and-hyde/narration_lesson-04_n9.mp3
         Finding Hyde in Jekyll’s oversized clothes provides the final physical clue. Hyde is smaller because he represents the part of Jekyll that w
  L05 (Ollie)  Characters: Jekyll and Hyde
      n10 -> english-literature/jekyll-and-hyde/narration_lesson-05_n10.mp3
         Key Fact . Hyde is smaller than Jekyll because, as Jekyll explains, his evil side had been “much less exercised” — suppressed for years. Thi
  L07 (Ollie)  Themes: Duality, Repression and Science
      n13 -> english-literature/jekyll-and-hyde/narration_lesson-07_n13.mp3
         Jekyll’s experiment is a scientific endeavour — he mixes chemicals to create the transformative potion . But the experiment crosses a moral 
  L08 (Ada)  Language, Structure and Narrative Perspective
      n3 -> english-literature/jekyll-and-hyde/narration_lesson-08_n3.mp3
         Hyde is consistently described using animalistic imagery . He moves with “ape-like fury,” is called “troglodytic” (cave-dwelling), and shrin

=== RE-NARRATION (changed narrated text only) ===
run: 2026-08-30T12:53:40Z  mode: LIVE
  L01: no content_html change -> skip
  L03: no content_html change -> skip
  L06: content edited but no narrated text changed -> skip

5 lessons, 5 clips to regenerate

  L02 (Ada)  Chapters 1–3: The Door, the Will and Dr Jekyll
      n17: Setting as symbolism: The mysterious door — blistered, neglected, with “neither bell nor knocker” — represents
             -> 177 KB, 5.5s, uploaded
      manifest updated (23 entries)
  L04 (Ada)  Chapters 7–10: The Last Night and Jekyll’s Statement
      n9: Finding Hyde in Jekyll’s oversized clothes provides the final physical clue. Hyde is smaller because he repres
             -> 163 KB, 20.8s, uploaded
      manifest updated (25 entries)
  L05 (Ollie)  Characters: Jekyll and Hyde
      n10: Key Fact . Hyde is smaller than Jekyll because, as Jekyll explains, his evil side had been “much less exercise
             -> 183 KB, 4.5s, uploaded
      manifest updated (21 entries)
  L07 (Ollie)  Themes: Duality, Repression and Science
      n13: Jekyll’s experiment is a scientific endeavour — he mixes chemicals to create the transformative potion . But t
             -> 266 KB, 37.5s, uploaded
      manifest updated (22 entries)
  L08 (Ada)  Language, Structure and Narrative Perspective
      n3: Hyde is consistently described using animalistic imagery . He moves with “ape-like fury,” is called “troglodyt
             -> 327 KB, 27.7s, uploaded
      manifest updated (27 entries)

Regenerated 5 clips.

=== VERIFY (ranged GET + freshness) ===
  206  L02 n17  bytes 0-3/181440  Last-Modified: Sun, 30 Aug 2026 12:53:47 GMT  mp3-sync=OK
  206  L04 n9  bytes 0-3/166752  Last-Modified: Sun, 30 Aug 2026 12:53:50 GMT  mp3-sync=OK
  206  L05 n10  bytes 0-3/186912  Last-Modified: Sun, 30 Aug 2026 12:53:53 GMT  mp3-sync=OK
  206  L07 n13  bytes 0-3/272160  Last-Modified: Sun, 30 Aug 2026 12:53:57 GMT  mp3-sync=OK
  206  L08 n3  bytes 0-3/335232  Last-Modified: Sun, 30 Aug 2026 12:54:02 GMT  mp3-sync=OK

5/5 clips verified HTTP 200/206 with fresh audio.
