=== APPLY EDITS history-aqa/conflict-tension-inter-war  145 edits  LIVE  2026-09-05T20:33:48.754Z
  ok   #0 L1.exam_tip_html [MEDIUM] F1: invented examiner claim - the spec sets no such examiner expectation.
  ok   #1 L1.practice_questions[2].text [MEDIUM] F2: invented archival provenance - no such Clemenceau letter is held in the French Foreign Ministry records.
  ok   #2 L1.practice_questions[3].marks [HIGH] F47: this paper's 16-mark question is a knowledge essay on a quoted statement and supplies no sources; the que
  ok   #3 L1.practice_questions[3].text [HIGH] F47: this paper's 16-mark question is a knowledge essay on a quoted statement and supplies no sources; the que
  ok   #4 L1.practice_questions[3].type [HIGH] F47: this paper's 16-mark question is a knowledge essay on a quoted statement and supplies no sources; the que
  ok   #5 L1.practice_questions[4].marks [HIGH] F48: there is no 8-mark source question on this paper. The 8-mark question is the narrative account; the 8-mar
  ok   #6 L1.practice_questions[4].text [HIGH] F48: there is no 8-mark source question on this paper. The 8-mark question is the narrative account; the 8-mar
  ok   #7 L1.practice_questions[4].type [HIGH] F48: there is no 8-mark source question on this paper. The 8-mark question is the narrative account; the 8-mar
  PATCH L1: exam_tip_html, practice_questions
  ok   #8 L2.content_html [MEDIUM] F4: Versailles demilitarised the whole left bank plus a 50km strip east of the Rhine, not a 50km band around i
  ok   #9 L2.practice_questions[2].text [MEDIUM] F5: two invented archival provenances.
  ok   #10 L2.practice_questions[3].marks [HIGH] F47: this paper's 16-mark question is a knowledge essay on a quoted statement and supplies no sources; the que
  ok   #11 L2.practice_questions[3].text [HIGH] F47: this paper's 16-mark question is a knowledge essay on a quoted statement and supplies no sources; the que
  ok   #12 L2.practice_questions[3].type [HIGH] F47: this paper's 16-mark question is a knowledge essay on a quoted statement and supplies no sources; the que
  ok   #13 L2.practice_questions[4].marks [HIGH] F48: there is no 8-mark source question on this paper. The 8-mark question is the narrative account; the 8-mar
  ok   #14 L2.practice_questions[4].text [HIGH] F48: there is no 8-mark source question on this paper. The 8-mark question is the narrative account; the 8-mar
  ok   #15 L2.practice_questions[4].type [HIGH] F48: there is no 8-mark source question on this paper. The 8-mark question is the narrative account; the 8-mar
  PATCH L2: content_html, practice_questions
  ok   #16 L3.content_html [MEDIUM] F8: 1919-29 saw the Polish-Soviet war, the Greco-Turkish war, the Ruhr occupation and Corfu; the lesson's own 
  ok   #17 L3.content_html [MEDIUM] F6: the Treaty of London was signed in April 1915, during the war, by Britain, France and Russia.
  ok   #18 L3.content_html [MEDIUM] F7: the racial-equality amendment won a majority in the League commission; Wilson as chairman ruled it not ado
  ok   #19 L3.exam_tip_html [MEDIUM] F9: invented mark-scheme claim about capping.
  ok   #20 L3.practice_questions[2].text [MEDIUM] F10: Balfour left the Foreign Office on 23 October 1919 (Curzon succeeded him), so he was not Foreign Secretar
  ok   #21 L3.practice_questions[3].marks [HIGH] F47: this paper's 16-mark question is a knowledge essay on a quoted statement and supplies no sources; the que
  ok   #22 L3.practice_questions[3].text [HIGH] F47: this paper's 16-mark question is a knowledge essay on a quoted statement and supplies no sources; the que
  ok   #23 L3.practice_questions[3].type [HIGH] F47: this paper's 16-mark question is a knowledge essay on a quoted statement and supplies no sources; the que
  ok   #24 L3.practice_questions[4].marks [HIGH] F48: there is no 8-mark source question on this paper. The 8-mark question is the narrative account; the 8-mar
  ok   #25 L3.practice_questions[4].text [HIGH] F48: there is no 8-mark source question on this paper. The 8-mark question is the narrative account; the 8-mar
  ok   #26 L3.practice_questions[4].type [HIGH] F48: there is no 8-mark source question on this paper. The 8-mark question is the narrative account; the 8-mar
  PATCH L3: content_html, exam_tip_html, practice_questions
  ok   #27 L4.conclusion_html [HIGH] F11: same error in the takeaway.
  ok   #28 L4.content_html [HIGH] F11: same error in the key fact.
  ok   #29 L4.content_html [HIGH] F11: the Secretariat sat in London through 1919-20; the move to Geneva was on 1 November 1920. The lesson's ow
  ok   #30 L4.exam_tip_html [MEDIUM] F12: invented examiner claim.
  ok   #31 L4.practice_questions[3].marks [HIGH] F47: this paper's 16-mark question is a knowledge essay on a quoted statement and supplies no sources; the que
  ok   #32 L4.practice_questions[3].text [HIGH] F47: this paper's 16-mark question is a knowledge essay on a quoted statement and supplies no sources; the que
  ok   #33 L4.practice_questions[3].type [HIGH] F47: this paper's 16-mark question is a knowledge essay on a quoted statement and supplies no sources; the que
  ok   #34 L4.practice_questions[4].marks [HIGH] F48: there is no 8-mark source question on this paper. The 8-mark question is the narrative account; the 8-mar
  ok   #35 L4.practice_questions[4].text [HIGH] F48: there is no 8-mark source question on this paper. The 8-mark question is the narrative account; the 8-mar
  ok   #36 L4.practice_questions[4].type [HIGH] F48: there is no 8-mark source question on this paper. The 8-mark question is the narrative account; the 8-mar
  PATCH L4: conclusion_html, content_html, exam_tip_html, practice_questions
  ok   #37 L5.content_html [MEDIUM] F14: no plebiscite was held - Sweden proposed one and Finland refused; the islanders' 1919 petition is the rea
  ok   #38 L5.exam_tip_html [MEDIUM] F16: invented examiner claim.
  ok   #39 L5.practice_questions[2].text [MEDIUM] F15: Il Popolo d'Italia was published in Milan, and Mussolini left its editorial staff in 1922 when he became 
  ok   #40 L5.practice_questions[3].marks [HIGH] F47: this paper's 16-mark question is a knowledge essay on a quoted statement and supplies no sources; the que
  ok   #41 L5.practice_questions[3].text [HIGH] F47: this paper's 16-mark question is a knowledge essay on a quoted statement and supplies no sources; the que
  ok   #42 L5.practice_questions[3].type [HIGH] F47: this paper's 16-mark question is a knowledge essay on a quoted statement and supplies no sources; the que
  ok   #43 L5.practice_questions[4].marks [HIGH] F48: there is no 8-mark source question on this paper. The 8-mark question is the narrative account; the 8-mar
  ok   #44 L5.practice_questions[4].text [HIGH] F48: there is no 8-mark source question on this paper. The 8-mark question is the narrative account; the 8-mar
  ok   #45 L5.practice_questions[4].type [HIGH] F48: there is no 8-mark source question on this paper. The 8-mark question is the narrative account; the 8-mar
  PATCH L5: content_html, exam_tip_html, practice_questions
  ok   #46 L6.content_html [MEDIUM] F21: unsourced quotation; the recorded jibe is Senator James Reed's 'an international kiss', not this wording.
  ok   #47 L6.content_html [HIGH] F19: the 1925 prize went to Austen Chamberlain and Charles G. Dawes; Briand and Stresemann won the 1926 prize 
  ok   #48 L6.content_html [MEDIUM] F18: French withdrawal from the Ruhr began after the Dawes Plan of August 1924 and was completed in 1925.
  ok   #49 L6.flashcard_questions[4].a [HIGH] F19: wrong laureates and wrong year.
  ok   #50 L6.flashcard_questions[4].q [HIGH] F19: the prize was split across two years.
  ok   #51 L6.practice_questions[1].marks [HIGH] F19: wrong laureates and wrong year.
  ok   #52 L6.practice_questions[2].text [MEDIUM] F20: invented archival provenance.
  ok   #53 L6.practice_questions[3].marks [HIGH] F47: this paper's 16-mark question is a knowledge essay on a quoted statement and supplies no sources; the que
  ok   #54 L6.practice_questions[3].text [HIGH] F47: this paper's 16-mark question is a knowledge essay on a quoted statement and supplies no sources; the que
  ok   #55 L6.practice_questions[3].type [HIGH] F47: this paper's 16-mark question is a knowledge essay on a quoted statement and supplies no sources; the que
  ok   #56 L6.practice_questions[4].marks [HIGH] F48: there is no 8-mark source question on this paper. The 8-mark question is the narrative account; the 8-mar
  ok   #57 L6.practice_questions[4].text [HIGH] F48: there is no 8-mark source question on this paper. The 8-mark question is the narrative account; the 8-mar
  ok   #58 L6.practice_questions[4].type [HIGH] F48: there is no 8-mark source question on this paper. The 8-mark question is the narrative account; the 8-mar
  PATCH L6: content_html, flashcard_questions, practice_questions
  ok   #59 L7.content_html [HIGH] F23: French unemployment peaked under 5% in the Depression; one in five is out by a factor of four.
  ok   #60 L7.exam_tip_html [HIGH] F25: the 16-mark question on this paper is a knowledge essay with no sources; the tip taught source evaluation
  ok   #61 L7.practice_questions[2].text [MEDIUM] F24: invented archival provenance.
  ok   #62 L7.practice_questions[3].marks [HIGH] F47: this paper's 16-mark question is a knowledge essay on a quoted statement and supplies no sources; the que
  ok   #63 L7.practice_questions[3].text [HIGH] F47: this paper's 16-mark question is a knowledge essay on a quoted statement and supplies no sources; the que
  ok   #64 L7.practice_questions[3].type [HIGH] F47: this paper's 16-mark question is a knowledge essay on a quoted statement and supplies no sources; the que
  ok   #65 L7.practice_questions[4].marks [HIGH] F48: there is no 8-mark source question on this paper. The 8-mark question is the narrative account; the 8-mar
  ok   #66 L7.practice_questions[4].text [HIGH] F48: there is no 8-mark source question on this paper. The 8-mark question is the narrative account; the 8-mar
  ok   #67 L7.practice_questions[4].type [HIGH] F48: there is no 8-mark source question on this paper. The 8-mark question is the narrative account; the 8-mar
  PATCH L7: content_html, exam_tip_html, practice_questions
  ok   #68 L8.content_html [MEDIUM] F27: it was the Dollfuss family staying with the Mussolinis at Riccione, not Mussolini's own family; the lesso
  ok   #69 L8.exam_tip_html [MEDIUM] F28: invented examiner claim.
  ok   #70 L8.practice_questions[2].marks [HIGH] F50: 'explain a development' at 8 marks is not a question form on this paper.
  ok   #71 L8.practice_questions[2].text [HIGH] F50: 'explain a development' at 8 marks is not a question form on this paper.
  ok   #72 L8.practice_questions[2].type [HIGH] F50: 'explain a development' at 8 marks is not a question form on this paper.
  ok   #73 L8.practice_questions[3].text [MEDIUM] F29: invented archival provenance.
  ok   #74 L8.practice_questions[4].marks [HIGH] F48: there is no 8-mark source question on this paper. The 8-mark question is the narrative account; the 8-mar
  ok   #75 L8.practice_questions[4].text [HIGH] F48: there is no 8-mark source question on this paper. The 8-mark question is the narrative account; the 8-mar
  ok   #76 L8.practice_questions[4].type [HIGH] F48: there is no 8-mark source question on this paper. The 8-mark question is the narrative account; the 8-mar
  PATCH L8: content_html, exam_tip_html, practice_questions
  ok   #77 L9.content_html [MEDIUM] F30: France was led at Stresa by Prime Minister Pierre-Etienne Flandin; Laval attended as Foreign Minister and
  ok   #78 L9.flashcard_questions[5].a [MEDIUM] F30: Flandin led the French delegation as Prime Minister.
  ok   #79 L9.practice_questions[1].text [MEDIUM] F31: the 12-mark question pointed to 'Source A above', which sits in a different question and is never shown b
  ok   #80 L9.practice_questions[3].marks [HIGH] F48: there is no 8-mark source question on this paper. The 8-mark question is the narrative account; the 8-mar
  ok   #81 L9.practice_questions[3].text [HIGH] F48: there is no 8-mark source question on this paper. The 8-mark question is the narrative account; the 8-mar
  ok   #82 L9.practice_questions[3].type [HIGH] F48: there is no 8-mark source question on this paper. The 8-mark question is the narrative account; the 8-mar
  ok   #83 L9.practice_questions[4].marks [HIGH] F49: 'explain two ways X was similar to / different from Y' is the thematic study's question on the other pape
  ok   #84 L9.practice_questions[4].text [HIGH] F49: 'explain two ways X was similar to / different from Y' is the thematic study's question on the other pape
  ok   #85 L9.practice_questions[4].type [HIGH] F49: 'explain two ways X was similar to / different from Y' is the thematic study's question on the other pape
  PATCH L9: content_html, flashcard_questions, practice_questions
  ok   #86 L10.exam_tip_html [MEDIUM] F33: invented examiner claim.
  ok   #87 L10.practice_questions[2].text [MEDIUM] F32: invented archival provenance.
  ok   #88 L10.practice_questions[3].marks [HIGH] F48: there is no 8-mark source question on this paper. The 8-mark question is the narrative account; the 8-mar
  ok   #89 L10.practice_questions[3].text [HIGH] F48: there is no 8-mark source question on this paper. The 8-mark question is the narrative account; the 8-mar
  ok   #90 L10.practice_questions[3].type [HIGH] F48: there is no 8-mark source question on this paper. The 8-mark question is the narrative account; the 8-mar
  ok   #91 L10.practice_questions[4].marks [HIGH] F49: 'explain two ways X was similar to / different from Y' is the thematic study's question on the other pape
  ok   #92 L10.practice_questions[4].text [HIGH] F49: 'explain two ways X was similar to / different from Y' is the thematic study's question on the other pape
  ok   #93 L10.practice_questions[4].type [HIGH] F49: 'explain two ways X was similar to / different from Y' is the thematic study's question on the other pape
  PATCH L10: exam_tip_html, practice_questions
  ok   #94 L11.content_html [MEDIUM] F36: invented examiner claim inside content_html.
  ok   #95 L11.content_html [MEDIUM] F35: the message was telephoned through Prince Philip of Hesse, not delivered in person.
  ok   #96 L11.exam_tip_html [HIGH] F37: same false 16-mark format claim plus an invented examiner claim.
  ok   #97 L11.practice_questions[0].text [MEDIUM] F34: invented archival provenance.
  ok   #98 L11.practice_questions[2].marks [HIGH] F47: this paper's 16-mark question is a knowledge essay on a quoted statement and supplies no sources; the que
  ok   #99 L11.practice_questions[2].text [HIGH] F47: this paper's 16-mark question is a knowledge essay on a quoted statement and supplies no sources; the que
  ok   #100 L11.practice_questions[2].type [HIGH] F47: this paper's 16-mark question is a knowledge essay on a quoted statement and supplies no sources; the que
  ok   #101 L11.practice_questions[3].marks [HIGH] F49: 'explain two ways X was similar to / different from Y' is the thematic study's question on the other pape
  ok   #102 L11.practice_questions[3].text [HIGH] F49: 'explain two ways X was similar to / different from Y' is the thematic study's question on the other pape
  ok   #103 L11.practice_questions[3].type [HIGH] F49: 'explain two ways X was similar to / different from Y' is the thematic study's question on the other pape
  ok   #104 L11.practice_questions[4].marks [HIGH] F48: there is no 8-mark source question on this paper. The 8-mark question is the narrative account; the 8-mar
  ok   #105 L11.practice_questions[4].text [HIGH] F48: there is no 8-mark source question on this paper. The 8-mark question is the narrative account; the 8-mar
  ok   #106 L11.practice_questions[4].type [HIGH] F48: there is no 8-mark source question on this paper. The 8-mark question is the narrative account; the 8-mar
  ok   #107 L11.practice_questions[5].marks [HIGH] F50: 'explain a development' at 8 marks is not a question form on this paper.
  ok   #108 L11.practice_questions[5].text [HIGH] F50: 'explain a development' at 8 marks is not a question form on this paper.
  ok   #109 L11.practice_questions[5].type [HIGH] F50: 'explain a development' at 8 marks is not a question form on this paper.
  PATCH L11: content_html, exam_tip_html, practice_questions
  ok   #110 L12.content_html [MEDIUM] F39: invented examiner claim inside content_html.
  ok   #111 L12.exam_tip_html [MEDIUM] F40: invented examiner claim.
  ok   #112 L12.practice_questions[1].text [MEDIUM] F38: invented archival provenance.
  ok   #113 L12.practice_questions[3].marks [HIGH] F48: there is no 8-mark source question on this paper. The 8-mark question is the narrative account; the 8-mar
  ok   #114 L12.practice_questions[3].text [HIGH] F48: there is no 8-mark source question on this paper. The 8-mark question is the narrative account; the 8-mar
  ok   #115 L12.practice_questions[3].type [HIGH] F48: there is no 8-mark source question on this paper. The 8-mark question is the narrative account; the 8-mar
  ok   #116 L12.practice_questions[4].marks [HIGH] F49: 'explain two ways X was similar to / different from Y' is the thematic study's question on the other pape
  ok   #117 L12.practice_questions[4].text [HIGH] F49: 'explain two ways X was similar to / different from Y' is the thematic study's question on the other pape
  ok   #118 L12.practice_questions[4].type [HIGH] F49: 'explain two ways X was similar to / different from Y' is the thematic study's question on the other pape
  PATCH L12: content_html, exam_tip_html, practice_questions
  ok   #119 L13.exam_tip_html [MEDIUM] F42: invented examiner claim.
  ok   #120 L13.practice_questions[2].text [MEDIUM] F41: invented archival provenance.
  ok   #121 L13.practice_questions[3].marks [HIGH] F49: 'explain two ways X was similar to / different from Y' is the thematic study's question on the other pape
  ok   #122 L13.practice_questions[3].text [HIGH] F49: 'explain two ways X was similar to / different from Y' is the thematic study's question on the other pape
  ok   #123 L13.practice_questions[3].type [HIGH] F49: 'explain two ways X was similar to / different from Y' is the thematic study's question on the other pape
  ok   #124 L13.practice_questions[4].marks [HIGH] F48: there is no 8-mark source question on this paper. The 8-mark question is the narrative account; the 8-mar
  ok   #125 L13.practice_questions[4].text [HIGH] F48: there is no 8-mark source question on this paper. The 8-mark question is the narrative account; the 8-mar
  ok   #126 L13.practice_questions[4].type [HIGH] F48: there is no 8-mark source question on this paper. The 8-mark question is the narrative account; the 8-mar
  ok   #127 L13.practice_questions[5].marks [HIGH] F50: 'explain a development' at 8 marks is not a question form on this paper.
  ok   #128 L13.practice_questions[5].text [HIGH] F50: 'explain a development' at 8 marks is not a question form on this paper.
  ok   #129 L13.practice_questions[5].type [HIGH] F50: 'explain a development' at 8 marks is not a question form on this paper.
  PATCH L13: exam_tip_html, practice_questions
  ok   #130 L14.content_html [MEDIUM] F44: invented examiner claim inside content_html.
  ok   #131 L14.content_html [MEDIUM] F45: invented examiner claim inside content_html.
  ok   #132 L14.exam_tip_html [HIGH] F46: same false 16-mark format claim plus an invented examiner claim.
  ok   #133 L14.practice_questions[1].marks [HIGH] F47: this paper's 16-mark question is a knowledge essay on a quoted statement and supplies no sources; the que
  ok   #134 L14.practice_questions[1].text [HIGH] F47: this paper's 16-mark question is a knowledge essay on a quoted statement and supplies no sources; the que
  ok   #135 L14.practice_questions[1].type [HIGH] F47: this paper's 16-mark question is a knowledge essay on a quoted statement and supplies no sources; the que
  ok   #136 L14.practice_questions[3].marks [HIGH] F48: there is no 8-mark source question on this paper. The 8-mark question is the narrative account; the 8-mar
  ok   #137 L14.practice_questions[3].text [HIGH] F48: there is no 8-mark source question on this paper. The 8-mark question is the narrative account; the 8-mar
  ok   #138 L14.practice_questions[3].type [HIGH] F48: there is no 8-mark source question on this paper. The 8-mark question is the narrative account; the 8-mar
  ok   #139 L14.practice_questions[4].marks [HIGH] F49: 'explain two ways X was similar to / different from Y' is the thematic study's question on the other pape
  ok   #140 L14.practice_questions[4].text [HIGH] F49: 'explain two ways X was similar to / different from Y' is the thematic study's question on the other pape
  ok   #141 L14.practice_questions[4].type [HIGH] F49: 'explain two ways X was similar to / different from Y' is the thematic study's question on the other pape
  ok   #142 L14.practice_questions[5].marks [HIGH] F48: there is no 8-mark source question on this paper. The 8-mark question is the narrative account; the 8-mar
  ok   #143 L14.practice_questions[5].text [HIGH] F48: there is no 8-mark source question on this paper. The 8-mark question is the narrative account; the 8-mar
  ok   #144 L14.practice_questions[5].type [HIGH] F48: there is no 8-mark source question on this paper. The 8-mark question is the narrative account; the 8-mar
  PATCH L14: content_html, exam_tip_html, practice_questions
=== 145 applied, 0 skipped, 14 lessons / 39 fields changed
