
=== RE-NARRATION (changed narrated text only) ===
backup: C:\Users\tshau\Documents\Study Vault\scripts\_retrofc\units\history-aqa__conflict-tension-inter-war\_backup.json
unit:   history-aqa / conflict-tension-inter-war
run: 2026-09-05T20:33:54Z  mode: LIVE

14 lessons, 30 clips to regenerate

  L01 (Ollie)  The Armistice and the Aims of the Peacemakers
      n16: For an 8-mark Narrative Account on peacemaking, you need causal links between events, not a list of dates. Eac
             -> 286 KB, 24.4s, uploaded
      manifest updated (20 entries)
  L02 (Ada)  The Versailles Settlement: Terms and Diktat
      n10: The treaty stripped Germany of the means to threaten its neighbours. The army was capped at 100,000 men — volu
             -> 364 KB, 31.1s, uploaded
      manifest updated (23 entries)
  L03 (Ollie)  Reactions to the Treaty and the Wider Settlement
      n5: Each of the victorious powers found something to dislike. In the United States, the Senate, controlled by Repu
             -> 493 KB, 42.1s, uploaded
      n6: France felt the treaty had not gone far enough. Marshal Foch wanted the Rhine as the western frontier and fear
             -> 325 KB, 27.7s, uploaded
      n13: It is easy to dwell on the failures, but the settlement also had genuine strengths. It kept the great powers o
             -> 454 KB, 38.7s, uploaded
      n16: For a 12-mark Source Evaluation, you must integrate three things: source content (what does it say?), provenan
             -> 282 KB, 24.0s, uploaded
      manifest updated (20 entries)
  L04 (Ada)  The League of Nations: Structure and Membership
      n2: When Wilson’s Fourteen Points called for a ‘general association of nations’, he was proposing something the wo
             -> 424 KB, 36.2s, uploaded
      n3: Key Fact . The League of Nations came into being on 10 January 1920 and moved to its Geneva headquarters in No
             -> 205 KB, 17.5s, uploaded
      n17: For a 4-mark Source Analysis question on the League’s structure or membership, look for two specific facts in 
             -> 254 KB, 21.6s, uploaded
      n19: The League came into being in January 1920 with the Covenant as its rulebook and collective security as its pr
             -> 117 KB, 10.0s, uploaded
      manifest updated (21 entries)
  L05 (Ollie)  The League's 1920s Record: Successes and Failures
      n5: The Aaland Islands sit in the Baltic Sea between Sweden and Finland. They were ethnically Swedish but politica
             -> 410 KB, 34.9s, uploaded
      n16: For an 8-mark Narrative Account on League case studies, you need a chain of cause and consequence, not a list.
             -> 256 KB, 21.8s, uploaded
      manifest updated (20 entries)
  L06 (Ada)  Diplomacy Outside the League: Locarno and Kellogg-Briand
      n2: By 1924, the worst of the post-war crisis was passing. Germany’s 1923 hyperinflation had been stabilised by Gu
             -> 477 KB, 40.7s, uploaded
      n9: This omission was deliberate and would matter enormously. By accepting the western borders but leaving the eas
             -> 309 KB, 26.4s, uploaded
      n13: In effect, signatories pledged to settle disputes peacefully and never start a war of aggression. The pact had
             -> 369 KB, 31.5s, uploaded
      manifest updated (20 entries)
  L07 (Ollie)  The Collapse of the League: Manchuria and Abyssinia
      n5: The Wall Street Crash of October 1929 sent shockwaves through Europe. American loans — the lifeblood of Weimar
             -> 583 KB, 49.7s, uploaded
      n17: The 16-mark essay on the League’s collapse is answered from your own knowledge: no sources are supplied for it
             -> 269 KB, 22.9s, uploaded
      manifest updated (21 entries)
  L08 (Ada)  Hitler's Aims and Early Foreign Policy 1933-1934
      n11: Hitler’s caution had limits. In July 1934 Austrian Nazis, encouraged from Berlin, attempted a coup in Vienna. 
             -> 525 KB, 44.8s, uploaded
      n15: For an 8-mark Narrative Account on Hitler’s 1933-34 foreign policy, you must build causal links between events
             -> 326 KB, 27.8s, uploaded
      manifest updated (19 entries)
  L09 (Ollie)  The Saar, Rearmament and the Stresa Front 1935
      n9: The shock of open rearmament briefly produced a great-power response. In April 1935 the leaders of Britain (Ra
             -> 358 KB, 30.6s, uploaded
      manifest updated (20 entries)
  L10 (Ada)  Escalation: Rhineland, Axis and Anti-Comintern
      n14: For an 8-mark Narrative Account on 1936, you must link the three episodes (Rhineland, Axis, Anti-Comintern) ca
             -> 325 KB, 27.7s, uploaded
      manifest updated (18 entries)
  L11 (Ollie)  Anschluss and the Reasons for Appeasement
      n7: The British government issued formal protests but took no action. France was without a government for several 
             -> 390 KB, 33.2s, uploaded
      n11: Two schools of historians have argued over Chamberlain’s policy. The wartime ‘Guilty Men’ tradition, launched 
             -> 462 KB, 39.4s, uploaded
      n13: The 16-mark essay on Anschluss or appeasement is answered from your own knowledge: no sources are supplied for
             -> 325 KB, 27.7s, uploaded
      manifest updated (17 entries)
  L12 (Ada)  The Sudeten Crisis and Munich
      n15: A common student error is to write that Munich gave Hitler Czechoslovakia. It did not. The Munich Agreement tr
             -> 363 KB, 31.0s, uploaded
      n17: For a 12-mark Source Evaluation question on Munich, top-band answers integrate content, provenance and own kno
             -> 300 KB, 25.6s, uploaded
      manifest updated (21 entries)
  L13 (Ollie)  The End of Appeasement: Prague and the Polish Guarantee
      n15: For an 8-mark Narrative Account on the end of appeasement, you must build causal links between events, not jus
             -> 293 KB, 25.0s, uploaded
      manifest updated (19 entries)
  L14 (Ada)  Nazi-Soviet Pact, Poland and the Outbreak of War
      n12: Responsibility for the outbreak of war is usually weighed among Hitler, Stalin and Chamberlain. There is no si
             -> 163 KB, 13.9s, uploaded
      n16: The historiographical debate over Hitler’s 1933-39 foreign policy is between ‘intentionalists’ (Hitler had a m
             -> 446 KB, 38.0s, uploaded
      n18: The 16-mark essay on responsibility for war is answered from your own knowledge: no sources are supplied for i
             -> 329 KB, 28.1s, uploaded
      manifest updated (22 entries)

Regenerated 30 clips.

=== VERIFY (ranged GET + freshness) ===
  206  L01 n16  bytes 0-3/293184  Last-Modified: Sat, 05 Sep 2026 20:34:01 GMT  mp3-sync=OK
  206  L02 n10  bytes 0-3/372672  Last-Modified: Sat, 05 Sep 2026 20:34:07 GMT  mp3-sync=OK
  206  L03 n5  bytes 0-3/505152  Last-Modified: Sat, 05 Sep 2026 20:34:14 GMT  mp3-sync=OK
  206  L03 n6  bytes 0-3/332928  Last-Modified: Sat, 05 Sep 2026 20:34:19 GMT  mp3-sync=OK
  206  L03 n13  bytes 0-3/464832  Last-Modified: Sat, 05 Sep 2026 20:34:25 GMT  mp3-sync=OK
  206  L03 n16  bytes 0-3/288288  Last-Modified: Sat, 05 Sep 2026 20:34:29 GMT  mp3-sync=OK
  206  L04 n2  bytes 0-3/434592  Last-Modified: Sat, 05 Sep 2026 20:34:35 GMT  mp3-sync=OK
  206  L04 n3  bytes 0-3/209664  Last-Modified: Sat, 05 Sep 2026 20:34:38 GMT  mp3-sync=OK
  206  L04 n17  bytes 0-3/259776  Last-Modified: Sat, 05 Sep 2026 20:34:42 GMT  mp3-sync=OK
  206  L04 n19  bytes 0-3/119808  Last-Modified: Sat, 05 Sep 2026 20:34:44 GMT  mp3-sync=OK
  206  L05 n5  bytes 0-3/419328  Last-Modified: Sat, 05 Sep 2026 20:34:50 GMT  mp3-sync=OK
  206  L05 n16  bytes 0-3/262080  Last-Modified: Sat, 05 Sep 2026 20:34:54 GMT  mp3-sync=OK
  206  L06 n2  bytes 0-3/488736  Last-Modified: Sat, 05 Sep 2026 20:35:01 GMT  mp3-sync=OK
  206  L06 n9  bytes 0-3/316224  Last-Modified: Sat, 05 Sep 2026 20:35:06 GMT  mp3-sync=OK
  206  L06 n13  bytes 0-3/377856  Last-Modified: Sat, 05 Sep 2026 20:35:11 GMT  mp3-sync=OK
  206  L07 n5  bytes 0-3/596736  Last-Modified: Sat, 05 Sep 2026 20:35:19 GMT  mp3-sync=OK
  206  L07 n17  bytes 0-3/275328  Last-Modified: Sat, 05 Sep 2026 20:35:23 GMT  mp3-sync=OK
  206  L08 n11  bytes 0-3/537984  Last-Modified: Sat, 05 Sep 2026 20:35:31 GMT  mp3-sync=OK
  206  L08 n15  bytes 0-3/333504  Last-Modified: Sat, 05 Sep 2026 20:35:35 GMT  mp3-sync=OK
  206  L09 n9  bytes 0-3/366912  Last-Modified: Sat, 05 Sep 2026 20:35:41 GMT  mp3-sync=OK
  206  L10 n14  bytes 0-3/332352  Last-Modified: Sat, 05 Sep 2026 20:35:46 GMT  mp3-sync=OK
  206  L11 n7  bytes 0-3/398880  Last-Modified: Sat, 05 Sep 2026 20:35:51 GMT  mp3-sync=OK
  206  L11 n11  bytes 0-3/472608  Last-Modified: Sat, 05 Sep 2026 20:35:57 GMT  mp3-sync=OK
  206  L11 n13  bytes 0-3/332640  Last-Modified: Sat, 05 Sep 2026 20:36:03 GMT  mp3-sync=OK
  206  L12 n15  bytes 0-3/372096  Last-Modified: Sat, 05 Sep 2026 20:36:09 GMT  mp3-sync=OK
  206  L12 n17  bytes 0-3/306720  Last-Modified: Sat, 05 Sep 2026 20:36:13 GMT  mp3-sync=OK
  206  L13 n15  bytes 0-3/300096  Last-Modified: Sat, 05 Sep 2026 20:36:18 GMT  mp3-sync=OK
  206  L14 n12  bytes 0-3/166464  Last-Modified: Sat, 05 Sep 2026 20:36:20 GMT  mp3-sync=OK
  206  L14 n16  bytes 0-3/456480  Last-Modified: Sat, 05 Sep 2026 20:36:27 GMT  mp3-sync=OK
  206  L14 n18  bytes 0-3/336960  Last-Modified: Sat, 05 Sep 2026 20:36:32 GMT  mp3-sync=OK

30/30 clips verified HTTP 200/206 with fresh audio.
