
=== RE-NARRATION (changed narrated text only) ===
backup: C:\Users\tshau\Documents\Study Vault\scripts\_retrofc\units\religious-studies-aqa__theme-c-existence-of-god\_backup.json
unit:   religious-studies-aqa / theme-c-existence-of-god
run: 2026-09-06T05:19:04Z  mode: LIVE
  L02: no narrated field changed -> skip

2 lessons, 6 clips to regenerate

  L01 (Ollie)  Arguments For the Existence of God
      n12: Strengths: The argument uses logical reasoning. It aligns with the Big Bang cosmological model, which suggests
             -> 285 KB, 24.3s, uploaded
      n16: A second widely cited example is the healing miracles attributed to the shrine at Lourdes , France, where in 1
             -> 333 KB, 28.4s, uploaded
      n21: On the 6-mark ‘Explain two reasons’ question for Theme C, the question requires you to refer to a sacred writi
             -> 481 KB, 41.0s, uploaded
      n22: On the 12-mark Evaluate question, you must argue both for AND against the statement and then reach a JUSTIFIED
             -> 282 KB, 24.0s, uploaded
      manifest updated (22 entries)
  L03 (Ollie)  Revelation: Visions, Miracles and Nature
      n11: Unlike special revelation (which comes to specific individuals), general revelation is available to all people
             -> 582 KB, 49.7s, uploaded
      n18: Second, there is always the possibility that those who claim to have had visions or miraculous experiences wer
             -> 447 KB, 38.1s, uploaded
      manifest updated (20 entries)

Regenerated 6 clips.

=== VERIFY (ranged GET + freshness) ===
  206  L01 n12  bytes 0-3/292032  Last-Modified: Sun, 06 Sep 2026 05:19:13 GMT  mp3-sync=OK
  206  L01 n16  bytes 0-3/341280  Last-Modified: Sun, 06 Sep 2026 05:19:20 GMT  mp3-sync=OK
  206  L01 n21  bytes 0-3/492192  Last-Modified: Sun, 06 Sep 2026 05:19:31 GMT  mp3-sync=OK
  206  L01 n22  bytes 0-3/288288  Last-Modified: Sun, 06 Sep 2026 05:19:37 GMT  mp3-sync=OK
  206  L03 n11  bytes 0-3/596160  Last-Modified: Sun, 06 Sep 2026 05:19:50 GMT  mp3-sync=OK
  206  L03 n18  bytes 0-3/457632  Last-Modified: Sun, 06 Sep 2026 05:20:18 GMT  mp3-sync=OK

6/6 clips verified HTTP 200/206 with fresh audio.
