
=== RE-NARRATION (changed narrated text only) ===
backup: C:\Users\tshau\Documents\Study Vault\scripts\_retrofc\units\religious-studies-eduqas__theme-good-and-evil\_backup.json
unit:   religious-studies-eduqas / theme-good-and-evil
run: 2026-09-06T08:54:18Z  mode: LIVE

4 lessons, 10 clips to regenerate

  L01 (Ollie)  Crime, Punishment and the Aims of Justice
      n8: Jewish ethics grounds its understanding of crime in the Torah and rabbinic tradition. The Mishnah (Sanhedrin c
             -> 621 KB, 53.0s, uploaded
      n19: A strong evaluation answer will weigh these aims against each other. Retribution satisfies a desire for justic
             -> 456 KB, 39.0s, uploaded
      manifest updated (24 entries)
  L02 (Ada)  Forgiveness, Pacifism and Conscientious Objection
      n4: Christian teaching on forgiveness is rooted in the Sermon on the Mount. In Matthew 5:38–48, Jesus challenges t
             -> 550 KB, 47.0s, uploaded
      manifest updated (26 entries)
  L03 (Ollie)  The Origin of Evil and Suffering
      n16: Buddhism’s analysis of evil and suffering begins with the First Noble Truth: dukkha (suffering) is an unavoida
             -> 548 KB, 46.8s, uploaded
      n20: A strong evaluation will weigh the strengths and weaknesses of each theodicy. The free-will defence answers wh
             -> 491 KB, 41.9s, uploaded
      manifest updated (25 entries)
  L04 (Ada)  Evaluating Good and Evil and Exam Skills
      n3: Key Fact . Your exam tests two skills: AO1 — Knowledge and Understanding (demonstrating what religious traditi
             -> 350 KB, 29.8s, uploaded
      n9: These are the problems that most often cost students marks in evaluation answers. Avoiding them will raise you
             -> 88 KB, 7.5s, uploaded
      n13: One-sided argument: Even if you personally agree strongly with one view, the question tells you to consider mo
             -> 153 KB, 13.0s, uploaded
      n15: A source of authority in Religious Studies is any text, tradition or teaching that a religious community treat
             -> 194 KB, 16.5s, uploaded
      n26: The most important single improvement you can make to evaluation answers is to include a genuine conclusion : 
             -> 321 KB, 27.4s, uploaded
      manifest updated (30 entries)

Regenerated 10 clips.

=== VERIFY (ranged GET + freshness) ===
  206  L01 n8  bytes 0-3/635616  Last-Modified: Sun, 06 Sep 2026 08:54:30 GMT  mp3-sync=OK
  206  L01 n19  bytes 0-3/467424  Last-Modified: Sun, 06 Sep 2026 08:54:37 GMT  mp3-sync=OK
  206  L02 n4  bytes 0-3/563616  Last-Modified: Sun, 06 Sep 2026 08:54:44 GMT  mp3-sync=OK
  206  L03 n16  bytes 0-3/561024  Last-Modified: Sun, 06 Sep 2026 08:54:52 GMT  mp3-sync=OK
  206  L03 n20  bytes 0-3/502560  Last-Modified: Sun, 06 Sep 2026 08:54:59 GMT  mp3-sync=OK
  206  L04 n3  bytes 0-3/357984  Last-Modified: Sun, 06 Sep 2026 08:55:05 GMT  mp3-sync=OK
  206  L04 n9  bytes 0-3/90144  Last-Modified: Sun, 06 Sep 2026 08:55:07 GMT  mp3-sync=OK
  206  L04 n13  bytes 0-3/156384  Last-Modified: Sun, 06 Sep 2026 08:55:09 GMT  mp3-sync=OK
  206  L04 n15  bytes 0-3/198432  Last-Modified: Sun, 06 Sep 2026 08:55:12 GMT  mp3-sync=OK
  206  L04 n26  bytes 0-3/328608  Last-Modified: Sun, 06 Sep 2026 08:55:18 GMT  mp3-sync=OK

10/10 clips verified HTTP 200/206 with fresh audio.
