=== APPLY EDITS physical-education-edexcel/health-and-performance  16 edits  LIVE  2026-09-06T10:14:49.040Z
  ok   #0 L1.content_html [MEDIUM] F1: the WHO says 'mental'. Keep the exam wording but stop attributing it to the WHO.
  PATCH L1: content_html
  ok   #1 L2.practice_questions[0].marks [MEDIUM] F2: type 2 diabetes is metabolic, not cardiovascular, and would not score on this question.
  PATCH L2: practice_questions
  ok   #2 L5.knowledge_checks[4].order [HIGH] F4: Measurable and Time-bound were swapped, so the true answer was marked wrong.
  ok   #3 L5.content_html [MEDIUM] F5: removes a fabricated mark-scheme claim about the top band.
  PATCH L5: knowledge_checks, content_html
  ok   #4 L6.content_html [MEDIUM] F6: 'can only be' is wrong and contradicts the same paragraph's rule that source and timing are separate.
  PATCH L6: content_html
  ok   #5 L7.content_html [MEDIUM] F8: spec 2.4.1 names only warm up and mental rehearsal. This flags the rest as background.
  PATCH L7: content_html
  ok   #6 L8.exam_tip_html [MEDIUM] F10: 3.1.1 and 3.1.2 both say 'participation rates'. Do not tell students to avoid it.
  ok   #7 L8.knowledge_checks[0].options[0] [HIGH] F11: 'Participation rates' is also a spec term, so the question had two correct answers.
  PATCH L8: exam_tip_html, knowledge_checks
  ok   #8 L9.content_html [MEDIUM] F12: BT Sport became TNT Sports on 18 July 2023 and the name no longer exists.
  ok   #9 L9.content_html [MEDIUM] F13: the decathlon has never been a Diamond League discipline. Replaced with the verified 2020 cut.
  PATCH L9: content_html
  ok   #10 L10.content_html [MEDIUM] F14: an intentional foul breaks a rule, so it is deviance by the lesson's own definition. Swapped for an examp
  PATCH L10: content_html
  ok   #11 L13.content_html [?] 
  ok   #12 L13.content_html [?] 
  ok   #13 L13.conclusion_html [?] 
  ok   #14 L13.flashcard_questions[2].a [?] 
  ok   #15 L13.flashcard_questions[2].q [?] 
  PATCH L13: content_html, conclusion_html, flashcard_questions
=== 16 applied, 0 skipped, 9 lessons / 13 fields changed
