
=== RE-NARRATION (changed narrated text only) ===
backup: C:\Users\tshau\Documents\Study Vault\scripts\_retrofc\units\physical-education-edexcel__health-and-performance\_backup.json
unit:   physical-education-edexcel / health-and-performance
run: 2026-09-06T10:14:56Z  mode: LIVE
  L02: no narrated field changed -> skip

8 lessons, 11 clips to regenerate

  L01 (Ollie)  Physical, Emotional and Social Wellbeing
      n2: When people talk about being healthy, they often think only about the body — whether someone is fit, slim or f
             -> 462 KB, 39.4s, uploaded
      manifest updated (21 entries)
  L05 (Ollie)  Goal Setting and SMART Targets
      n18: A useful distinction beyond the spec — useful for top-band answers — is between performance goals (targets abo
             -> 462 KB, 39.4s, uploaded
      manifest updated (24 entries)
  L06 (Ada)  Guidance and Feedback in Sport
      n23: A very common error is to conflate these two dimensions of feedback. Intrinsic and extrinsic describe the SOUR
             -> 516 KB, 44.0s, uploaded
      manifest updated (30 entries)
  L07 (Ollie)  Mental Preparation for Performance
      n2: Elite sport is won and lost in the mind as well as the body. A physically fit athlete who is mentally unprepar
             -> 325 KB, 27.7s, uploaded
      manifest updated (25 entries)
  L08 (Ada)  Engagement Patterns in Sport
      n26: The spec uses both “engagement patterns” and “participation rates”, so either phrase is fine in your answers. 
             -> 389 KB, 33.2s, uploaded
      manifest updated (26 entries)
  L09 (Ollie)  Commercialisation, Sponsorship and the Media
      n5: Consider football as an example. Sky Sports and TNT Sports pay enormous sums for the rights to broadcast Premi
             -> 388 KB, 33.1s, uploaded
      n11: Cricket introduced Twenty20 (T20) as a shortened format specifically designed to suit television schedules and
             -> 479 KB, 40.9s, uploaded
      manifest updated (22 entries)
  L10 (Ada)  Ethical Behaviour and Deviance in Sport
      n7: Gamesmanship involves using tactics that are technically within the rules but violate their spirit. It exploit
             -> 387 KB, 33.0s, uploaded
      manifest updated (23 entries)
  L13 (Ollie)  Revision Synthesis: Component 2 Synoptic Practice
      n4: Most students approach the 9-mark question the way they approach shorter questions — they explain one topic th
             -> 456 KB, 38.9s, uploaded
      n6: Key Fact . The 9-mark question is drawn from sport psychology and socio-cultural influences. Answer what the q
             -> 225 KB, 19.2s, uploaded
      n23: The 9-mark question is drawn from sport psychology and socio-cultural influences and needs a balanced, evaluat
             -> 138 KB, 11.8s, uploaded
      manifest updated (25 entries)

Regenerated 11 clips.

=== VERIFY (ranged GET + freshness) ===
  206  L01 n2  bytes 0-3/473184  Last-Modified: Sun, 06 Sep 2026 10:15:10 GMT  mp3-sync=OK
  206  L05 n18  bytes 0-3/472608  Last-Modified: Sun, 06 Sep 2026 10:15:18 GMT  mp3-sync=OK
  206  L06 n23  bytes 0-3/528480  Last-Modified: Sun, 06 Sep 2026 10:15:28 GMT  mp3-sync=OK
  206  L07 n2  bytes 0-3/332352  Last-Modified: Sun, 06 Sep 2026 10:15:36 GMT  mp3-sync=OK
  206  L08 n26  bytes 0-3/398592  Last-Modified: Sun, 06 Sep 2026 10:15:43 GMT  mp3-sync=OK
  206  L09 n5  bytes 0-3/397728  Last-Modified: Sun, 06 Sep 2026 10:15:52 GMT  mp3-sync=OK
  206  L09 n11  bytes 0-3/490752  Last-Modified: Sun, 06 Sep 2026 10:16:00 GMT  mp3-sync=OK
  206  L10 n7  bytes 0-3/396000  Last-Modified: Sun, 06 Sep 2026 10:16:08 GMT  mp3-sync=OK
  206  L13 n4  bytes 0-3/466560  Last-Modified: Sun, 06 Sep 2026 10:16:17 GMT  mp3-sync=OK
  206  L13 n6  bytes 0-3/230112  Last-Modified: Sun, 06 Sep 2026 10:16:21 GMT  mp3-sync=OK
  206  L13 n23  bytes 0-3/141696  Last-Modified: Sun, 06 Sep 2026 10:16:25 GMT  mp3-sync=OK

11/11 clips verified HTTP 200/206 with fresh audio.
