
=== RE-NARRATION (changed narrated text only) ===
backup: C:\Users\tshau\Documents\Study Vault\scripts\_retrofc\units\english-literature-edexcel__jane-eyre\_backup.json
unit:   english-literature-edexcel / jane-eyre
run: 2026-09-02T05:50:52Z  mode: LIVE
  L06: no narrated field changed -> skip
  L08: no narrated field changed -> skip

6 lessons, 13 clips to regenerate

  L01 (Ollie)  Context: Victorian Women & the Gothic
      n20: In the Edexcel exam, Part (a) asks you to analyse an extract closely for language. Part (b) asks you to explor
             -> 292 KB, 24.9s, uploaded
      manifest updated (24 entries)
  L02 (Ada)  Gateshead & Lowood
      n3: Jane is an orphan, taken in by her uncle Mr Reed before his death. His widow, Mrs Reed , despises Jane and all
             -> 366 KB, 31.2s, uploaded
      n7: Jane believes she sees Mr Reed’s ghost and screams for release. When the servants arrive, Abbot says “she has 
             -> 325 KB, 27.7s, uploaded
      n8: Weeks later, just before she leaves for Lowood, Jane confronts Mrs Reed directly: “You think I have no feeling
             -> 441 KB, 37.6s, uploaded
      n23: Brocklehurst embodies religious hypocrisy, preaching austerity while living in luxury — unlike St John Rivers 
             -> 121 KB, 10.3s, uploaded
      manifest updated (23 entries)
  L03 (Ollie)  Thornfield & Rochester
      n9: Rochester is drawn to Jane precisely because she is unlike anyone he has met. She is honest, direct, and unafr
             -> 287 KB, 24.5s, uploaded
      manifest updated (24 entries)
  L04 (Ada)  The Proposal & the Secret
      n9: The wedding is interrupted at the most dramatic possible moment: a solicitor, Mr Briggs, announces that Roches
             -> 349 KB, 29.8s, uploaded
      n11: Bertha Mason is one of the most debated figures in English literature. On one level, she is a Gothic horror: a
             -> 353 KB, 30.1s, uploaded
      n17: Jane leaves Thornfield at dawn, taking almost nothing with her. The night before, she reaches the door of Roch
             -> 384 KB, 32.8s, uploaded
      manifest updated (24 entries)
  L05 (Ollie)  Moor House & St John Rivers
      n2: After leaving Thornfield, Jane wanders the moors for three days, starving and destitute. She sleeps outside, b
             -> 377 KB, 32.2s, uploaded
      n3: This is the lowest point of the novel. Jane is completely alone, physically weakened, and emotionally devastat
             -> 316 KB, 27.0s, uploaded
      n8: Jane learns that her uncle, John Eyre, has died and left her a fortune of twenty thousand pounds. She also dis
             -> 400 KB, 34.1s, uploaded
      manifest updated (21 entries)
  L07 (Ollie)  Character Analysis
      n10: Bertha is the most complex and controversial figure in the novel. Brontë describes her in dehumanising terms: 
             -> 438 KB, 37.3s, uploaded
      manifest updated (27 entries)

Regenerated 13 clips.

=== VERIFY (ranged GET + freshness) ===
  206  L01 n20  bytes 0-3/298656  Last-Modified: Wed, 02 Sep 2026 05:50:58 GMT  mp3-sync=OK
  206  L02 n3  bytes 0-3/374976  Last-Modified: Wed, 02 Sep 2026 05:51:04 GMT  mp3-sync=OK
  206  L02 n7  bytes 0-3/332352  Last-Modified: Wed, 02 Sep 2026 05:51:09 GMT  mp3-sync=OK
  206  L02 n8  bytes 0-3/451584  Last-Modified: Wed, 02 Sep 2026 05:51:15 GMT  mp3-sync=OK
  206  L02 n23  bytes 0-3/123552  Last-Modified: Wed, 02 Sep 2026 05:51:17 GMT  mp3-sync=OK
  206  L03 n9  bytes 0-3/294336  Last-Modified: Wed, 02 Sep 2026 05:51:22 GMT  mp3-sync=OK
  206  L04 n9  bytes 0-3/357696  Last-Modified: Wed, 02 Sep 2026 05:51:28 GMT  mp3-sync=OK
  206  L04 n11  bytes 0-3/361440  Last-Modified: Wed, 02 Sep 2026 05:51:33 GMT  mp3-sync=OK
  206  L04 n17  bytes 0-3/393696  Last-Modified: Wed, 02 Sep 2026 05:51:38 GMT  mp3-sync=OK
  206  L05 n2  bytes 0-3/386208  Last-Modified: Wed, 02 Sep 2026 05:51:44 GMT  mp3-sync=OK
  206  L05 n3  bytes 0-3/323712  Last-Modified: Wed, 02 Sep 2026 05:51:49 GMT  mp3-sync=OK
  206  L05 n8  bytes 0-3/409824  Last-Modified: Wed, 02 Sep 2026 05:51:55 GMT  mp3-sync=OK
  206  L07 n10  bytes 0-3/448128  Last-Modified: Wed, 02 Sep 2026 05:52:03 GMT  mp3-sync=OK

13/13 clips verified HTTP 200/206 with fresh audio.
