
=== RE-NARRATION (changed narrated text only) ===
backup: C:\Users\tshau\Documents\Study Vault\scripts\_retrofc\units\citizenship-aqa__life-modern-britain-rights-responsibilities\_backup.json
unit:   citizenship-aqa / life-modern-britain-rights-responsibilities
run: 2026-09-04T22:31:20Z  mode: LIVE
  L01: no narrated field changed -> skip

8 lessons, 15 clips to regenerate

  L02 (Ada)  Identity and Diversity in the UK
      n8: The UK has a long history of diversity. Over centuries, waves of migration have brought people from across Eur
             -> 496 KB, 42.3s, uploaded
      manifest updated (23 entries)
  L03 (Ollie)  Migration and Immigration
      n5: From the 1990s onwards, migration from European Union member states increased significantly, particularly afte
             -> 346 KB, 29.6s, uploaded
      n6: Key Fact . The UK left the EU in January 2020. Freedom of movement ended on 31 December 2020, and the points-b
             -> 164 KB, 14.0s, uploaded
      n9: It is important to distinguish between voluntary migration (people who choose to move, typically for economic 
             -> 492 KB, 42.0s, uploaded
      manifest updated (23 entries)
  L05 (Ollie)  The UK in the World: International Organisations
      n11: Supporters of NATO argue that the alliance has prevented major war in Europe since 1949 and that collective de
             -> 366 KB, 31.2s, uploaded
      n18: This is one of the most common misconceptions in GCSE Citizenship. The European Union and the Council of Europ
             -> 526 KB, 44.9s, uploaded
      manifest updated (26 entries)
  L08 (Ada)  Police, Courts and Legal Representatives
      n3: Police officers have significant powers, but these are balanced against citizens’ rights. Officers usually nee
             -> 374 KB, 31.9s, uploaded
      n4: Key Fact . Police powers are balanced against citizens’ rights. Police usually need reasonable grounds to susp
             -> 215 KB, 18.4s, uploaded
      n12: Magistrates are volunteer lay justices who hear around 95% of all criminal cases in England and Wales. They ar
             -> 386 KB, 33.0s, uploaded
      n15: A jury consists of twelve randomly selected members of the public aged 18–75 who are registered to vote. Jurie
             -> 378 KB, 32.3s, uploaded
      manifest updated (25 entries)
  L09 (Ollie)  Legal Ages and the Three UK Legal Systems
      n7: Several other legal ages mark important transitions in a young person’s civic life. At age 16, a person in Eng
             -> 650 KB, 55.5s, uploaded
      n17: Northern Ireland has its own legal system, which is closely modelled on the England and Wales system but admin
             -> 429 KB, 36.6s, uploaded
      manifest updated (23 entries)
  L11 (Ollie)  Crime, Punishment and Sentencing
      n20: Critics argue: Official data for the April–June 2024 cohort showed that 67.1% of adults released after sentenc
             -> 330 KB, 28.2s, uploaded
      manifest updated (29 entries)
  L12 (Ada)  Human Rights and International Law
      n19: The International Committee of the Red Cross (ICRC) monitors compliance with the Geneva Conventions and provid
             -> 285 KB, 24.3s, uploaded
      manifest updated (26 entries)
  L13 (Ollie)  Citizens in the Legal System
      n12: To become a magistrate, a person applies through a local Advisory Committee on Justices of the Peace and is as
             -> 388 KB, 33.1s, uploaded
      manifest updated (28 entries)

Regenerated 15 clips.

=== VERIFY (ranged GET + freshness) ===
  206  L02 n8  bytes 0-3/508032  Last-Modified: Fri, 04 Sep 2026 22:31:31 GMT  mp3-sync=OK
  206  L03 n5  bytes 0-3/354816  Last-Modified: Fri, 04 Sep 2026 22:31:36 GMT  mp3-sync=OK
  206  L03 n6  bytes 0-3/167904  Last-Modified: Fri, 04 Sep 2026 22:31:39 GMT  mp3-sync=OK
  206  L03 n9  bytes 0-3/503424  Last-Modified: Fri, 04 Sep 2026 22:31:46 GMT  mp3-sync=OK
  206  L05 n11  bytes 0-3/374688  Last-Modified: Fri, 04 Sep 2026 22:31:51 GMT  mp3-sync=OK
  206  L05 n18  bytes 0-3/538848  Last-Modified: Fri, 04 Sep 2026 22:31:59 GMT  mp3-sync=OK
  206  L08 n3  bytes 0-3/383040  Last-Modified: Fri, 04 Sep 2026 22:32:05 GMT  mp3-sync=OK
  206  L08 n4  bytes 0-3/220608  Last-Modified: Fri, 04 Sep 2026 22:32:08 GMT  mp3-sync=OK
  206  L08 n12  bytes 0-3/395712  Last-Modified: Fri, 04 Sep 2026 22:32:14 GMT  mp3-sync=OK
  206  L08 n15  bytes 0-3/387072  Last-Modified: Fri, 04 Sep 2026 22:32:19 GMT  mp3-sync=OK
  206  L09 n7  bytes 0-3/665568  Last-Modified: Fri, 04 Sep 2026 22:32:28 GMT  mp3-sync=OK
  206  L09 n17  bytes 0-3/438912  Last-Modified: Fri, 04 Sep 2026 22:32:34 GMT  mp3-sync=OK
  206  L11 n20  bytes 0-3/338112  Last-Modified: Fri, 04 Sep 2026 22:32:39 GMT  mp3-sync=OK
  206  L12 n19  bytes 0-3/291744  Last-Modified: Fri, 04 Sep 2026 22:32:43 GMT  mp3-sync=OK
  206  L13 n12  bytes 0-3/397152  Last-Modified: Fri, 04 Sep 2026 22:32:48 GMT  mp3-sync=OK

15/15 clips verified HTTP 200/206 with fresh audio.
