=== APPLY EDITS religious-studies-aqa/hinduism-practices  18 edits  LIVE  2026-09-06T05:23:00.262Z
  ok   #0 L1.content_html [MEDIUM] F1: a thali is the tray, not the lamp; also removes the stray 'aarti' spelling.
  ok   #1 L1.content_html [MEDIUM] F2: the recorded figures are about 450 craftsmen, 100 full-time and over 1,000 part-time volunteers.
  ok   #2 L1.flashcard_questions[9].a [MEDIUM] F3: later BAPS mandirs are bigger; matches the wording used in the lesson body.
  ok   #3 L1.exam_tip_html [MEDIUM] F4: removes a mark-scheme claim; the instruction is in the question stem.
  ok   #4 L1.exam_tip_html [MEDIUM] F5: removes an invented examiner claim.
  PATCH L1: content_html, flashcard_questions, exam_tip_html
  ok   #5 L2.content_html [MEDIUM] F6: the list said five but gave six; deities and guru are one item and the murti is the fifth.
  ok   #6 L2.content_html [MEDIUM] F6: key fact regrouped to the five the specification actually lists.
  ok   #7 L2.content_html [MEDIUM] F7: Pew 2021 found 44% of Hindus in India vegetarian, so it is not most.
  ok   #8 L2.content_html [MEDIUM] F8: the translation covered a second line that was not quoted; the whole shloka is now given.
  ok   #9 L2.content_html [MEDIUM] F9: the specification applies personal/non-personal only to the 'one God' bullet.
  ok   #10 L2.content_html [MEDIUM] F10: gives the chapter and verse for a quotation students are told to name.
  PATCH L2: content_html
  ok   #11 L3.content_html [MEDIUM] F11: Leicester is 17.9% Hindu, about 66,000 people; the visitor figure is unsupported; the 'outside India' cla
  PATCH L3: content_html
  ok   #12 L4.conclusion_html [MEDIUM] F12: astanga yoga is Patanjali's, not the Gita's; matches the lesson key fact.
  ok   #13 L4.exam_tip_html [MEDIUM] F13: removes an invented mark-scheme claim.
  ok   #14 L4.content_html [MEDIUM] F14: one name for the charity; seva is a Hindu principle, not a specifically Vedic one.
  ok   #15 L4.conclusion_html [MEDIUM] F14: same charity name throughout the lesson.
  ok   #16 L4.flashcard_questions[10].q [MEDIUM] F14: same charity name throughout the lesson.
  ok   #17 L4.flashcard_questions[10].a [MEDIUM] F14: seva is a Hindu principle, not a specifically Vedic one.
  PATCH L4: conclusion_html, exam_tip_html, content_html, flashcard_questions
=== 18 applied, 0 skipped, 4 lessons / 9 fields changed
