
=== RE-NARRATION (changed narrated text only) ===
backup: C:\Users\tshau\Documents\Study Vault\scripts\_retrofc\units\religious-studies-aqa__hinduism-practices\_backup.json
unit:   religious-studies-aqa / hinduism-practices
run: 2026-09-06T05:23:05Z  mode: LIVE

4 lessons, 14 clips to regenerate

  L01 (Ollie)  Worship at Home and the Mandir
      n10b: Key Fact . The BAPS Shri Swaminarayan Mandir in Neasden, London, is the largest Hindu temple in Europe. It was
             -> 364 KB, 31.1s, uploaded
      n13: Arati is the waving of a flame (typically a multi-wicked lamp set on a metal tray called a thali) before a mur
             -> 257 KB, 21.9s, uploaded
      n20: For the 6-mark Explain question on Hindu worship, a common stem is “Explain two different forms of Hindu worsh
             -> 359 KB, 30.7s, uploaded
      n21: For the 12-mark Evaluate, a common statement is “Worship at a mandir is more important than home worship.” Mak
             -> 293 KB, 25.0s, uploaded
      manifest updated (26 entries)
  L02 (Ada)  Focuses of Worship and the Murti
      n3: The specification sets out five focuses of Hindu worship, which this lesson covers: the many deities, the guru
             -> 213 KB, 18.2s, uploaded
      n12: Some Hindu sub-traditions teach that the guru is to be honoured as a living representative of God. “Guru Brahm
             -> 366 KB, 31.3s, uploaded
      n13: Key Fact . Five focuses: (1) the many deities, the guru and other elders; (2) one God (personal or non-persona
             -> 268 KB, 22.9s, uploaded
      n19: The cow holds a uniquely sacred status in Hinduism. The cow is associated with abundance, non-harm (ahimsa) an
             -> 373 KB, 31.8s, uploaded
      n22: Hindu practice distinguishes between personal and non-personal focuses of worship. Personal focuses include de
             -> 555 KB, 47.4s, uploaded
      manifest updated (23 entries)
  L03 (Ollie)  Festivals: Diwali and Holi
      n11: The Hindu community in Britain celebrates Diwali with great enthusiasm. In Leicester, which has one of the lar
             -> 271 KB, 23.1s, uploaded
      manifest updated (24 entries)
  L04 (Ada)  The Four Yogas, Pilgrimage and Hindu Charities
      n25: Charities promoting well-being and women’s rights : Sewa International UK, inspired by the Hindu principle of 
             -> 532 KB, 45.4s, uploaded
      n28: For the 12-mark Evaluate, if the statement concerns pilgrimage (e.g. “Pilgrimage to Varanasi is the most impor
             -> 353 KB, 30.1s, uploaded
      n30: The four yogas — karma (action), jnana (knowledge), astanga (meditation) and bhakti (devotion) — are four path
             -> 278 KB, 23.7s, uploaded
      n32: Hindu charitable and environmental work is rooted in karma yoga and ahimsa. Cow protection, environmental camp
             -> 179 KB, 15.3s, uploaded
      manifest updated (33 entries)

Regenerated 14 clips.

=== VERIFY (ranged GET + freshness) ===
  206  L01 n10b  bytes 0-3/373248  Last-Modified: Sun, 06 Sep 2026 05:23:15 GMT  mp3-sync=OK
  206  L01 n13  bytes 0-3/262944  Last-Modified: Sun, 06 Sep 2026 05:23:20 GMT  mp3-sync=OK
  206  L01 n20  bytes 0-3/368064  Last-Modified: Sun, 06 Sep 2026 05:23:26 GMT  mp3-sync=OK
  206  L01 n21  bytes 0-3/300096  Last-Modified: Sun, 06 Sep 2026 05:23:32 GMT  mp3-sync=OK
  206  L02 n3  bytes 0-3/218592  Last-Modified: Sun, 06 Sep 2026 05:23:38 GMT  mp3-sync=OK
  206  L02 n12  bytes 0-3/375264  Last-Modified: Sun, 06 Sep 2026 05:23:44 GMT  mp3-sync=OK
  206  L02 n13  bytes 0-3/274752  Last-Modified: Sun, 06 Sep 2026 05:23:50 GMT  mp3-sync=OK
  206  L02 n19  bytes 0-3/381600  Last-Modified: Sun, 06 Sep 2026 05:23:58 GMT  mp3-sync=OK
  206  L02 n22  bytes 0-3/568800  Last-Modified: Sun, 06 Sep 2026 05:24:10 GMT  mp3-sync=OK
  206  L03 n11  bytes 0-3/277632  Last-Modified: Sun, 06 Sep 2026 05:24:18 GMT  mp3-sync=OK
  206  L04 n25  bytes 0-3/544896  Last-Modified: Sun, 06 Sep 2026 05:24:33 GMT  mp3-sync=OK
  206  L04 n28  bytes 0-3/361728  Last-Modified: Sun, 06 Sep 2026 05:24:42 GMT  mp3-sync=OK
  206  L04 n30  bytes 0-3/284544  Last-Modified: Sun, 06 Sep 2026 05:24:49 GMT  mp3-sync=OK
  206  L04 n32  bytes 0-3/183168  Last-Modified: Sun, 06 Sep 2026 05:24:54 GMT  mp3-sync=OK

14/14 clips verified HTTP 200/206 with fresh audio.
