=== APPLY EDITS sociology-eduqas/social-differentiation-stratification  17 edits  LIVE  2026-09-06T09:41:32.899Z
  ok   #0 L1.content_html [MEDIUM] F1: Marx did not use socio-economic classifications; they are modern instruments
  ok   #1 L1.content_html [MEDIUM] F2: fabricated examiner claim
  ok   #2 L1.exam_tip_html [MEDIUM] F3: fabricated mark-scheme claim
  PATCH L1: content_html, exam_tip_html
  ok   #3 L2.content_html [HIGH] F4: invented examiner report and quotation
  ok   #4 L2.content_html [MEDIUM] F5: Weber died in 1920; 1947 is the English translation date
  ok   #5 L2.content_html [MEDIUM] F6: police restraint is legitimate state force, so it is authority not bare power
  ok   #6 L2.exam_tip_html [MEDIUM] F7: invented mark allocation
  PATCH L2: content_html, exam_tip_html
  ok   #7 L3.content_html [HIGH] F8: house rule - the board is never named in student-facing prose
  ok   #8 L3.content_html [LOW] F9: the report is the Macpherson Report
  ok   #9 L3.exam_tip_html [MEDIUM] F10: fabricated mark-scheme claim
  PATCH L3: content_html, exam_tip_html
  ok   #10 L4.content_html [MEDIUM] F12: the spec lists only 'religion and belief'; it names neither term
  ok   #11 L4.content_html [MEDIUM] F13: 16- and 17-year-olds vote in Senedd, Scottish Parliament and local elections
  PATCH L4: content_html
  ok   #12 L5.content_html [HIGH] F14: Goldthorpe and Lockwood tested and rejected embourgeoisement; the lesson credits the thesis to them
  ok   #13 L5.exam_tip_html [MEDIUM] F15: fabricated mark-scheme claim
  PATCH L5: content_html, exam_tip_html
  ok   #14 L6.practice_questions[2].text [HIGH] F17: the cycle of deprivation is not Townsend's concept; Townsend's is relative deprivation
  ok   #15 L6.exam_tip_html [MEDIUM] F18: fabricated mark-scheme claim
  PATCH L6: practice_questions, exam_tip_html
  ok   #16 L7.exam_tip_html [MEDIUM] F20: fabricated mark-scheme claim
  PATCH L7: exam_tip_html
=== 17 applied, 0 skipped, 7 lessons / 12 fields changed
