
=== RE-NARRATION (changed narrated text only) ===
backup: C:\Users\tshau\Documents\Study Vault\scripts\_retrofc\units\sociology-eduqas__social-differentiation-stratification\_backup.json
unit:   sociology-eduqas / social-differentiation-stratification
run: 2026-09-06T09:41:37Z  mode: LIVE

7 lessons, 16 clips to regenerate

  L01 (Ollie)  Sociological Theories of Stratification
      n11: Marx introduced the concept of false class consciousness to explain why the proletariat do not always challeng
             -> 453 KB, 38.6s, uploaded
      n15: Students sometimes treat stratification as purely about income. Weber’s three-dimensional model is a direct ch
             -> 471 KB, 40.2s, uploaded
      n20: On a 12-mark Evaluate question about sociological explanations of stratification, the most common error is pre
             -> 566 KB, 48.3s, uploaded
      manifest updated (24 entries)
  L02 (Ada)  Power and Authority: Weber's Three Types
      n2: In sociology, power and authority are closely related but distinct concepts. Power refers to the capacity to g
             -> 428 KB, 36.5s, uploaded
      n3: Max Weber, writing in the early twentieth century, distinguished three distinct types of authority based on th
             -> 242 KB, 20.7s, uploaded
      n14: Functionalists tend to view legitimate authority — especially rational-legal authority — as a functional neces
             -> 234 KB, 19.9s, uploaded
      n18: On a 3-mark Identify and Describe question asking you to identify and describe a type of authority, students o
             -> 660 KB, 56.3s, uploaded
      manifest updated (22 entries)
  L03 (Ollie)  Inequality in Contemporary UK: Class, Gender, Ethnicity
      n13: Fiona Devine’s study Affluent Workers Revisited (1992) examined social class identity and inequality from a di
             -> 547 KB, 46.7s, uploaded
      n17: Ethnic inequality in the UK operates through both individual prejudice and institutional racism — the systemat
             -> 399 KB, 34.0s, uploaded
      n20: On a 4-mark Describe question about inequality in the contemporary UK, do not simply list different domains wi
             -> 606 KB, 51.7s, uploaded
      manifest updated (24 entries)
  L04 (Ada)  Inequality: Age, Disability, Sexuality and Religion
      n6: Youth inequality: Young people in the UK face specific disadvantages. They are over-represented in unemploymen
             -> 487 KB, 41.6s, uploaded
      n18: Religion and belief is a recognised dimension of inequality in the UK. Two well-documented forms in the UK are
             -> 117 KB, 10.0s, uploaded
      manifest updated (27 entries)
  L05 (Ollie)  Life Chances and Social Mobility
      n8: Fiona Devine’s study Affluent Workers Revisited (1992) examined how class shapes life chances and aspirations 
             -> 380 KB, 32.4s, uploaded
      n20: For a 4-mark Describe question on factors affecting life chances, avoid listing all seven factors without deve
             -> 557 KB, 47.5s, uploaded
      manifest updated (24 entries)
  L06 (Ada)  Poverty as a Social Issue
      n20: On a 2-mark Define question asking you to define “relative poverty,” do not simply write “when people don’t ha
             -> 566 KB, 48.3s, uploaded
      manifest updated (24 entries)
  L07 (Ollie)  Walby on Patriarchy and Power Relationships
      n21: For a 4-mark Describe question on Walby’s six structures of patriarchy, do not simply list all six without exp
             -> 661 KB, 56.4s, uploaded
      manifest updated (25 entries)

Regenerated 16 clips.

=== VERIFY (ranged GET + freshness) ===
  206  L01 n11  bytes 0-3/463680  Last-Modified: Sun, 06 Sep 2026 09:41:59 GMT  mp3-sync=OK
  206  L01 n15  bytes 0-3/482112  Last-Modified: Sun, 06 Sep 2026 09:42:11 GMT  mp3-sync=OK
  206  L01 n20  bytes 0-3/579744  Last-Modified: Sun, 06 Sep 2026 09:42:24 GMT  mp3-sync=OK
  206  L02 n2  bytes 0-3/438624  Last-Modified: Sun, 06 Sep 2026 09:42:32 GMT  mp3-sync=OK
  206  L02 n3  bytes 0-3/248256  Last-Modified: Sun, 06 Sep 2026 09:42:37 GMT  mp3-sync=OK
  206  L02 n14  bytes 0-3/239328  Last-Modified: Sun, 06 Sep 2026 09:42:42 GMT  mp3-sync=OK
  206  L02 n18  bytes 0-3/675360  Last-Modified: Sun, 06 Sep 2026 09:42:54 GMT  mp3-sync=OK
  206  L03 n13  bytes 0-3/560448  Last-Modified: Sun, 06 Sep 2026 09:43:04 GMT  mp3-sync=OK
  206  L03 n17  bytes 0-3/408384  Last-Modified: Sun, 06 Sep 2026 09:43:11 GMT  mp3-sync=OK
  206  L03 n20  bytes 0-3/620064  Last-Modified: Sun, 06 Sep 2026 09:43:22 GMT  mp3-sync=OK
  206  L04 n6  bytes 0-3/499104  Last-Modified: Sun, 06 Sep 2026 09:43:31 GMT  mp3-sync=OK
  206  L04 n18  bytes 0-3/120096  Last-Modified: Sun, 06 Sep 2026 09:43:35 GMT  mp3-sync=OK
  206  L05 n8  bytes 0-3/389088  Last-Modified: Sun, 06 Sep 2026 09:43:43 GMT  mp3-sync=OK
  206  L05 n20  bytes 0-3/570528  Last-Modified: Sun, 06 Sep 2026 09:43:53 GMT  mp3-sync=OK
  206  L06 n20  bytes 0-3/579168  Last-Modified: Sun, 06 Sep 2026 09:44:03 GMT  mp3-sync=OK
  206  L07 n21  bytes 0-3/676800  Last-Modified: Sun, 06 Sep 2026 09:44:14 GMT  mp3-sync=OK

16/16 clips verified HTTP 200/206 with fresh audio.
