
=== RE-NARRATION (changed narrated text only) ===
backup: C:\Users\tshau\Documents\Study Vault\scripts\_retrofc\units\history-edexcel__early-elizabethan-england\_backup.json
unit:   history-edexcel / early-elizabethan-england
run: 2026-09-06T01:25:18Z  mode: LIVE

11 lessons, 28 clips to regenerate

  L01 (Ollie)  Elizabeth's accession in 1558: a difficult inheritance
      n7: Elizabeth’s position was legally fragile. Her mother, Anne Boleyn, had been executed in 1536 and Elizabeth had
             -> 296 KB, 25.2s, uploaded
      n16: England had changed religion four times in twenty-five years: Catholic under Henry VIII, more Catholic in deta
             -> 452 KB, 38.6s, uploaded
      manifest updated (26 entries)
  L02 (Ada)  The 1559 religious settlement and the Church of England
      n16: Most English people accepted the settlement with little open resistance. About 8,000 parish clergy stayed in p
             -> 460 KB, 39.2s, uploaded
      n20: For 12-mark Explain Why questions on the 1559 settlement, top answers explain the settlement as a deliberate c
             -> 386 KB, 32.9s, uploaded
      manifest updated (24 entries)
  L03 (Ollie)  Challenges to the settlement: Puritans and Catholics
      n23: For 16-mark questions about the threat to the religious settlement, write analysis — not lists. The Puritan ch
             -> 495 KB, 42.2s, uploaded
      manifest updated (27 entries)
  L04 (Ada)  Mary, Queen of Scots arrives in England, 1568–69
      n3: Key Fact . Mary was Elizabeth’s first cousin once removed, great-granddaughter of Henry VII through his eldest
             -> 174 KB, 14.8s, uploaded
      n5: Mary’s claim was straightforward in Catholic eyes. Henry VII of England had two daughters who survived to adul
             -> 417 KB, 35.5s, uploaded
      n8: Widowed at eighteen, Mary returned to a Scotland transformed by the Protestant Reformation of 1560. The Scotti
             -> 397 KB, 33.9s, uploaded
      n27: For 16-mark Make and Defend a Judgement questions on Mary’s arrival in England, show the chain of consequences
             -> 344 KB, 29.4s, uploaded
      manifest updated (31 entries)
  L05 (Ollie)  The Revolt of the Northern Earls, 1569–70
      n17: For 12-mark ‘Explain why’ on the Northern Rebellion, explain at least three reasons AND show how they intercon
             -> 338 KB, 28.9s, uploaded
      manifest updated (21 entries)
  L06 (Ada)  Catholic plots and Walsingham's spies, 1571–87
      n19: Connect the plots into a chain rather than describing each in turn. Ridolfi (1571) cost Norfolk his head and p
             -> 408 KB, 34.8s, uploaded
      n20: The plots show two things. First, that the threat to Elizabeth was genuine and persistent — without Walsingham
             -> 337 KB, 28.7s, uploaded
      manifest updated (24 entries)
  L07 (Ollie)  The road to war with Spain, 1569–87
      n1: In 1558 Philip II of Spain had been Elizabeth’s brother-in-law, briefly proposed marriage, and was the dominan
             -> 366 KB, 31.2s, uploaded
      n11: The Netherlands had been Spanish territory since 1556. Protestant unrest in the Netherlands from 1566 led Phil
             -> 373 KB, 31.8s, uploaded
      n21: For 12-mark causation on the road to war, explain at least three reasons AND interconnect them — show how reli
             -> 420 KB, 35.8s, uploaded
      manifest updated (25 entries)
  L08 (Ada)  The Spanish Armada, 1588
      n1: In May 1588 the Spanish Armada sailed from Lisbon: 130 ships and around 30,000 sailors and soldiers, under the
             -> 403 KB, 34.4s, uploaded
      n21: ‘The weather beat the Armada’ is a single-factor answer, and a judgement question needs several factors weighe
             -> 381 KB, 32.5s, uploaded
      n23: For 16-mark judgement questions, weigh the factors and reach a defended overall view. A simple structure: shor
             -> 365 KB, 31.1s, uploaded
      n26: Philip II’s plan was to sail the Armada (130 ships, about 30,000 men under Medina Sidonia) up the Channel to e
             -> 152 KB, 13.0s, uploaded
      manifest updated (27 entries)
  L09 (Ollie)  Elizabethan society: education and leisure
      n15: Before Elizabeth’s reign, plays were performed by travelling companies in inn yards or great halls. In 1576 Ja
             -> 370 KB, 31.6s, uploaded
      n19: For 4-mark ‘Describe two features’ questions, give two clearly distinct features — for example, two subjects f
             -> 457 KB, 39.0s, uploaded
      manifest updated (23 entries)
  L10 (Ada)  The 'problem' of the poor
      n8: Students sometimes absorb a ‘Golden Age’ image of Elizabeth’s reign — The Theatre, Drake, fashion, Gloriana — 
             -> 404 KB, 34.5s, uploaded
      n18: Two changes ran beneath the legislation. The first was a slow recognition that poverty had causes — harvest fa
             -> 393 KB, 33.5s, uploaded
      manifest updated (23 entries)
  L11 (Ollie)  Exploration, Drake's circumnavigation and the Virginia colony
      n1: By 1577 a small Plymouth ship called the Pelican slipped out of Plymouth Sound at the head of five ships, carr
             -> 506 KB, 43.2s, uploaded
      n7: The technology made it possible. The English galleon — refined under naval administrator Sir John Hawkins — ha
             -> 499 KB, 42.6s, uploaded
      n8: It is tempting to see Drake as a swashbuckling hero, knighted on his own deck. The same generation, however, i
             -> 433 KB, 36.9s, uploaded
      n17: In April 1585 Raleigh dispatched Sir Richard Grenville with seven ships and about 600 men. Around 100 of them 
             -> 358 KB, 30.6s, uploaded
      n22: For 12-mark causation on Elizabethan exploration, link multiple drivers — the loss of the Antwerp cloth market
             -> 441 KB, 37.6s, uploaded
      manifest updated (26 entries)

Regenerated 28 clips.

=== VERIFY (ranged GET + freshness) ===
  206  L01 n7  bytes 0-3/302688  Last-Modified: Sun, 06 Sep 2026 01:25:27 GMT  mp3-sync=OK
  206  L01 n16  bytes 0-3/462816  Last-Modified: Sun, 06 Sep 2026 01:25:34 GMT  mp3-sync=OK
  206  L02 n16  bytes 0-3/470880  Last-Modified: Sun, 06 Sep 2026 01:25:42 GMT  mp3-sync=OK
  206  L02 n20  bytes 0-3/394848  Last-Modified: Sun, 06 Sep 2026 01:25:47 GMT  mp3-sync=OK
  206  L03 n23  bytes 0-3/506592  Last-Modified: Sun, 06 Sep 2026 01:25:54 GMT  mp3-sync=OK
  206  L04 n3  bytes 0-3/177696  Last-Modified: Sun, 06 Sep 2026 01:25:57 GMT  mp3-sync=OK
  206  L04 n5  bytes 0-3/426528  Last-Modified: Sun, 06 Sep 2026 01:26:04 GMT  mp3-sync=OK
  206  L04 n8  bytes 0-3/406944  Last-Modified: Sun, 06 Sep 2026 01:26:10 GMT  mp3-sync=OK
  206  L04 n27  bytes 0-3/352224  Last-Modified: Sun, 06 Sep 2026 01:26:15 GMT  mp3-sync=OK
  206  L05 n17  bytes 0-3/346464  Last-Modified: Sun, 06 Sep 2026 01:26:20 GMT  mp3-sync=OK
  206  L06 n19  bytes 0-3/417600  Last-Modified: Sun, 06 Sep 2026 01:26:26 GMT  mp3-sync=OK
  206  L06 n20  bytes 0-3/344736  Last-Modified: Sun, 06 Sep 2026 01:26:31 GMT  mp3-sync=OK
  206  L07 n1  bytes 0-3/374688  Last-Modified: Sun, 06 Sep 2026 01:26:37 GMT  mp3-sync=OK
  206  L07 n11  bytes 0-3/381888  Last-Modified: Sun, 06 Sep 2026 01:26:43 GMT  mp3-sync=OK
  206  L07 n21  bytes 0-3/429696  Last-Modified: Sun, 06 Sep 2026 01:26:49 GMT  mp3-sync=OK
  206  L08 n1  bytes 0-3/412416  Last-Modified: Sun, 06 Sep 2026 01:26:55 GMT  mp3-sync=OK
  206  L08 n21  bytes 0-3/390240  Last-Modified: Sun, 06 Sep 2026 01:27:02 GMT  mp3-sync=OK
  206  L08 n23  bytes 0-3/373824  Last-Modified: Sun, 06 Sep 2026 01:27:08 GMT  mp3-sync=OK
  206  L08 n26  bytes 0-3/155808  Last-Modified: Sun, 06 Sep 2026 01:27:11 GMT  mp3-sync=OK
  206  L09 n15  bytes 0-3/378720  Last-Modified: Sun, 06 Sep 2026 01:27:17 GMT  mp3-sync=OK
  206  L09 n19  bytes 0-3/468000  Last-Modified: Sun, 06 Sep 2026 01:27:24 GMT  mp3-sync=OK
  206  L10 n8  bytes 0-3/413856  Last-Modified: Sun, 06 Sep 2026 01:27:31 GMT  mp3-sync=OK
  206  L10 n18  bytes 0-3/402624  Last-Modified: Sun, 06 Sep 2026 01:27:38 GMT  mp3-sync=OK
  206  L11 n1  bytes 0-3/518112  Last-Modified: Sun, 06 Sep 2026 01:27:46 GMT  mp3-sync=OK
  206  L11 n7  bytes 0-3/510912  Last-Modified: Sun, 06 Sep 2026 01:27:54 GMT  mp3-sync=OK
  206  L11 n8  bytes 0-3/443232  Last-Modified: Sun, 06 Sep 2026 01:28:00 GMT  mp3-sync=OK
  206  L11 n17  bytes 0-3/366912  Last-Modified: Sun, 06 Sep 2026 01:28:06 GMT  mp3-sync=OK
  206  L11 n22  bytes 0-3/451584  Last-Modified: Sun, 06 Sep 2026 01:28:11 GMT  mp3-sync=OK

28/28 clips verified HTTP 200/206 with fresh audio.
