=== APPLY EDITS history/conflict-tension  140 edits  LIVE  2026-09-18T10:44:28.641Z
  ok   #0 L1.content_html [MEDIUM] F1: Clemenceau was born in September 1841; the German invasion of France was in 1870, when he was 28.
  ok   #1 L1.content_html [MEDIUM] F2: the conference met in Paris; Versailles was where the treaty was signed in June 1919.
  ok   #30 L1.flashcard_questions[0].q [MEDIUM] F46: definition-front card rewritten as a question.
  ok   #31 L1.flashcard_questions[1].q [MEDIUM] F46: definition-front card rewritten as a question.
  ok   #32 L1.flashcard_questions[2].q [MEDIUM] F46: definition-front card rewritten as a question.
  ok   #33 L1.flashcard_questions[3].q [MEDIUM] F45: auto-generated cloze fragment replaced with a real question.
  ok   #34 L1.flashcard_questions[3].a [MEDIUM] F45: mangled or self-revealing one-word answer replaced.
  ok   #35 L1.flashcard_questions[4].q [MEDIUM] F45: auto-generated cloze fragment replaced with a real question.
  ok   #36 L1.flashcard_questions[4].a [MEDIUM] F45: mangled or self-revealing one-word answer replaced.
  PATCH L1: content_html, flashcard_questions
  ok   #2 L2.content_html [MEDIUM] F6/F7: the Rhineland is a German region, not a demilitarised zone (lesson 11 defines it correctly), and the oc
  ok   #3 L2.content_html [MEDIUM] F8: the treaty ordered a plebiscite in Upper Silesia (held March 1921); the region was split in October 1921, 
  ok   #4 L2.content_html [MEDIUM] F9: Danzig was made a Free City under League protection, not part of Poland or of the Corridor; this lesson’s 
  ok   #5 L2.glossary_terms[5].definition [MEDIUM] F6: the glossary defined the Rhineland as a demilitarised zone.
  ok   #37 L2.flashcard_questions[0].q [MEDIUM] F46: definition-front card rewritten as a question.
  ok   #38 L2.flashcard_questions[1].q [MEDIUM] F46: definition-front card rewritten as a question.
  ok   #39 L2.flashcard_questions[2].q [MEDIUM] F46: definition-front card rewritten as a question.
  ok   #40 L2.flashcard_questions[3].q [MEDIUM] F45: auto-generated cloze fragment replaced with a real question.
  ok   #41 L2.flashcard_questions[3].a [MEDIUM] F45: mangled or self-revealing one-word answer replaced.
  ok   #42 L2.flashcard_questions[4].q [MEDIUM] F45: auto-generated cloze fragment replaced with a real question.
  ok   #43 L2.flashcard_questions[4].a [MEDIUM] F45: mangled or self-revealing one-word answer replaced.
  ok   #135 L2.practice_questions[2].marks [MEDIUM] Orchestrator ruling: Spa Conference 1920 split reparations France 52%, Britain 22% (Italy 10%, Belgium 8%)
  ok   #136 L2.practice_questions[4].marks [MEDIUM] Orchestrator ruling: Spa Conference 1920 split reparations France 52%, Britain 22% (Italy 10%, Belgium 8%)
  ok   #137 L2.practice_questions[5].marks [MEDIUM] Orchestrator ruling: Spa Conference 1920 split reparations France 52%, Britain 22% (Italy 10%, Belgium 8%)
  PATCH L2: content_html, glossary_terms, flashcard_questions, practice_questions
  ok   #6 L3.content_html [HIGH] F13: Clemenceau did not lose a general election - his bloc won the November 1919 elections; he lost the presid
  ok   #7 L3.content_html [HIGH] F14/F15: the title is The Economic Consequences of the Peace, and "greedy and weak" is not a Keynes phrase.
  ok   #8 L3.content_html [MEDIUM] F16: the Senate ratifies treaties; lesson 1 says Senate correctly.
  ok   #9 L3.knowledge_checks[2].q [HIGH] F14/F15: wrong book title and an invented quotation in the question stem.
  ok   #44 L3.flashcard_questions[0].q [MEDIUM] F46: definition-front card rewritten as a question.
  ok   #45 L3.flashcard_questions[1].q [MEDIUM] F46: definition-front card rewritten as a question.
  ok   #46 L3.flashcard_questions[2].q [MEDIUM] F46: definition-front card rewritten as a question.
  ok   #47 L3.flashcard_questions[3].q [MEDIUM] F45: auto-generated cloze fragment replaced with a real question.
  ok   #48 L3.flashcard_questions[3].a [MEDIUM] F45: mangled or self-revealing one-word answer replaced.
  ok   #49 L3.flashcard_questions[4].q [MEDIUM] F45: auto-generated cloze fragment replaced with a real question.
  ok   #50 L3.flashcard_questions[4].a [MEDIUM] F45: mangled or self-revealing one-word answer replaced.
  ok   #138 L3.practice_questions[5].marks [MEDIUM] Orchestrator ruling: Spa Conference 1920 split reparations France 52%, Britain 22% (Italy 10%, Belgium 8%)
  PATCH L3: content_html, knowledge_checks, flashcard_questions, practice_questions
  ok   #51 L4.flashcard_questions[0].q [MEDIUM] F46: definition-front card rewritten as a question.
  ok   #52 L4.flashcard_questions[1].q [MEDIUM] F46: definition-front card rewritten as a question.
  ok   #53 L4.flashcard_questions[2].q [MEDIUM] F46: definition-front card rewritten as a question.
  ok   #54 L4.flashcard_questions[3].q [MEDIUM] F45: auto-generated cloze fragment replaced with a real question.
  ok   #55 L4.flashcard_questions[3].a [MEDIUM] F45: mangled or self-revealing one-word answer replaced.
  ok   #56 L4.flashcard_questions[4].q [MEDIUM] F45: auto-generated cloze fragment replaced with a real question.
  ok   #57 L4.flashcard_questions[4].a [MEDIUM] F45: mangled or self-revealing one-word answer replaced.
  ok   #139 L4.practice_questions[4].marks [MEDIUM] Orchestrator ruling: Spa Conference 1920 split reparations France 52%, Britain 22% (Italy 10%, Belgium 8%)
  PATCH L4: flashcard_questions, practice_questions
  ok   #10 L5.content_html [HIGH] F20: Wilson did not stand in 1920 - he had had a stroke in October 1919; Harding beat the Democrat James Cox.
  ok   #11 L5.content_html [MEDIUM] F21: neither was banned; Germany joined on 8 September 1926 and the USSR on 18 September 1934.
  ok   #12 L5.practice_questions[1].marks [HIGH] F20: model answer repeats the claim that Wilson lost the 1920 election.
  ok   #13 L5.practice_questions[4].marks [HIGH] F20: model answer repeats the claim that Wilson lost the 1920 election.
  ok   #58 L5.flashcard_questions[0].q [MEDIUM] F46: definition-front card rewritten as a question.
  ok   #59 L5.flashcard_questions[1].q [MEDIUM] F46: definition-front card rewritten as a question.
  ok   #60 L5.flashcard_questions[2].q [MEDIUM] F46: definition-front card rewritten as a question.
  ok   #61 L5.flashcard_questions[3].q [MEDIUM] F45: auto-generated cloze fragment replaced with a real question.
  ok   #62 L5.flashcard_questions[3].a [MEDIUM] F45: mangled or self-revealing one-word answer replaced.
  ok   #63 L5.flashcard_questions[4].q [MEDIUM] F45: auto-generated cloze fragment replaced with a real question.
  ok   #64 L5.flashcard_questions[4].a [MEDIUM] F45: mangled or self-revealing one-word answer replaced.
  PATCH L5: content_html, practice_questions, flashcard_questions
  ok   #65 L6.flashcard_questions[0].q [MEDIUM] F46: definition-front card rewritten as a question.
  ok   #66 L6.flashcard_questions[1].q [MEDIUM] F46: definition-front card rewritten as a question.
  ok   #67 L6.flashcard_questions[2].q [MEDIUM] F46: definition-front card rewritten as a question.
  ok   #68 L6.flashcard_questions[3].q [MEDIUM] F45: auto-generated cloze fragment replaced with a real question.
  ok   #69 L6.flashcard_questions[3].a [MEDIUM] F45: mangled or self-revealing one-word answer replaced.
  ok   #70 L6.flashcard_questions[4].q [MEDIUM] F45: auto-generated cloze fragment replaced with a real question.
  ok   #71 L6.flashcard_questions[4].a [MEDIUM] F45: mangled or self-revealing one-word answer replaced.
  PATCH L6: flashcard_questions
  ok   #14 L7.description [MEDIUM] F25: the lesson never mentions the Young Plan.
  ok   #15 L7.content_html [MEDIUM] F24: the hyperinflation was ended by the currency reform of November 1923, before the Dawes Plan of August 192
  ok   #16 L7.practice_questions[0].marks [MEDIUM] F24: model answer repeats the claim that the Dawes Plan ended the hyperinflation.
  ok   #72 L7.flashcard_questions[0].q [MEDIUM] F46: definition-front card rewritten as a question.
  ok   #73 L7.flashcard_questions[1].q [MEDIUM] F46: definition-front card rewritten as a question.
  ok   #74 L7.flashcard_questions[2].q [MEDIUM] F46: definition-front card rewritten as a question.
  ok   #75 L7.flashcard_questions[3].q [MEDIUM] F45: auto-generated cloze fragment replaced with a real question.
  ok   #76 L7.flashcard_questions[3].a [MEDIUM] F45: mangled or self-revealing one-word answer replaced.
  ok   #77 L7.flashcard_questions[4].q [MEDIUM] F45: auto-generated cloze fragment replaced with a real question.
  ok   #78 L7.flashcard_questions[4].a [MEDIUM] F45: mangled or self-revealing one-word answer replaced.
  PATCH L7: description, content_html, practice_questions, flashcard_questions
  ok   #79 L8.flashcard_questions[0].q [MEDIUM] F46: definition-front card rewritten as a question.
  ok   #80 L8.flashcard_questions[1].q [MEDIUM] F46: definition-front card rewritten as a question.
  ok   #81 L8.flashcard_questions[2].q [MEDIUM] F46: definition-front card rewritten as a question.
  ok   #82 L8.flashcard_questions[3].q [MEDIUM] F45: auto-generated cloze fragment replaced with a real question.
  ok   #83 L8.flashcard_questions[3].a [MEDIUM] F45: mangled or self-revealing one-word answer replaced.
  ok   #84 L8.flashcard_questions[4].q [MEDIUM] F45: auto-generated cloze fragment replaced with a real question.
  ok   #85 L8.flashcard_questions[4].a [MEDIUM] F45: mangled or self-revealing one-word answer replaced.
  PATCH L8: flashcard_questions
  ok   #17 L9.content_html [HIGH] F30: Haile Selassie did not appear at Geneva in 1935; he addressed the Assembly in 1936, after the conquest - 
  ok   #18 L9.content_html [HIGH] F30: the revision tip carries the same 1935 error.
  ok   #19 L9.content_html [HIGH] F30: the timeline dates his Geneva speech to June 1935.
  ok   #20 L9.content_html [MEDIUM] F32: Liberia was independent too.
  ok   #21 L9.content_html [HIGH] F31: Italy withdrew from the League on 11 December 1937, as this unit’s own mark schemes say.
  ok   #22 L9.content_html [HIGH] F31: the timeline dates Italy’s withdrawal to May 1936.
  ok   #23 L9.practice_questions[0].marks [HIGH] F31: two model answers date Italy’s withdrawal to 1936.
  ok   #24 L9.knowledge_checks[3].q [HIGH] F31: the stem taught that Italy left the League in 1936.
  ok   #86 L9.flashcard_questions[0].q [MEDIUM] F46: definition-front card rewritten as a question.
  ok   #87 L9.flashcard_questions[1].q [MEDIUM] F46: definition-front card rewritten as a question.
  ok   #88 L9.flashcard_questions[2].q [MEDIUM] F46: definition-front card rewritten as a question.
  ok   #89 L9.flashcard_questions[3].q [MEDIUM] F45: auto-generated cloze fragment replaced with a real question.
  ok   #90 L9.flashcard_questions[3].a [MEDIUM] F45: mangled or self-revealing one-word answer replaced.
  ok   #91 L9.flashcard_questions[4].q [MEDIUM] F45: auto-generated cloze fragment replaced with a real question.
  ok   #92 L9.flashcard_questions[4].a [MEDIUM] F45: mangled or self-revealing one-word answer replaced.
  PATCH L9: content_html, practice_questions, knowledge_checks, flashcard_questions
  ok   #93 L10.flashcard_questions[0].q [MEDIUM] F46: definition-front card rewritten as a question.
  ok   #94 L10.flashcard_questions[1].q [MEDIUM] F46: definition-front card rewritten as a question.
  ok   #95 L10.flashcard_questions[2].q [MEDIUM] F46: definition-front card rewritten as a question.
  ok   #96 L10.flashcard_questions[3].q [MEDIUM] F45: auto-generated cloze fragment replaced with a real question.
  ok   #97 L10.flashcard_questions[3].a [MEDIUM] F45: mangled or self-revealing one-word answer replaced.
  ok   #98 L10.flashcard_questions[4].q [MEDIUM] F45: auto-generated cloze fragment replaced with a real question.
  ok   #99 L10.flashcard_questions[4].a [MEDIUM] F45: mangled or self-revealing one-word answer replaced.
  PATCH L10: flashcard_questions
  ok   #100 L11.flashcard_questions[0].q [MEDIUM] F46: definition-front card rewritten as a question.
  ok   #101 L11.flashcard_questions[1].q [MEDIUM] F46: definition-front card rewritten as a question.
  ok   #102 L11.flashcard_questions[2].q [MEDIUM] F46: definition-front card rewritten as a question.
  ok   #103 L11.flashcard_questions[3].q [MEDIUM] F45: auto-generated cloze fragment replaced with a real question.
  ok   #104 L11.flashcard_questions[3].a [MEDIUM] F45: mangled or self-revealing one-word answer replaced.
  ok   #105 L11.flashcard_questions[4].q [MEDIUM] F45: auto-generated cloze fragment replaced with a real question.
  ok   #106 L11.flashcard_questions[4].a [MEDIUM] F45: mangled or self-revealing one-word answer replaced.
  PATCH L11: flashcard_questions
  ok   #25 L12.content_html [MEDIUM] F36/F37: Guilty Men attacked the appeasers, not Hitler; Taylor’s thesis was Hitler as opportunist, as lesson 1
  ok   #107 L12.flashcard_questions[0].q [MEDIUM] F46: definition-front card rewritten as a question.
  ok   #108 L12.flashcard_questions[1].q [MEDIUM] F46: definition-front card rewritten as a question.
  ok   #109 L12.flashcard_questions[2].q [MEDIUM] F46: definition-front card rewritten as a question.
  ok   #110 L12.flashcard_questions[3].q [MEDIUM] F45: auto-generated cloze fragment replaced with a real question.
  ok   #111 L12.flashcard_questions[3].a [MEDIUM] F45: mangled or self-revealing one-word answer replaced.
  ok   #112 L12.flashcard_questions[4].q [MEDIUM] F45: auto-generated cloze fragment replaced with a real question.
  ok   #113 L12.flashcard_questions[4].a [MEDIUM] F45: mangled or self-revealing one-word answer replaced.
  PATCH L12: content_html, flashcard_questions
  ok   #26 L13.content_html [MEDIUM] F39: the 23 August protocol put Lithuania in the German sphere and all of Finland in the Soviet sphere; Lithua
  ok   #27 L13.content_html [HIGH] F40: the direction is reversed - Germany supplied the USSR with samples of thirty of its latest aircraft under
  ok   #114 L13.flashcard_questions[0].q [MEDIUM] F46: definition-front card rewritten as a question.
  ok   #115 L13.flashcard_questions[1].q [MEDIUM] F46: definition-front card rewritten as a question.
  ok   #116 L13.flashcard_questions[2].q [MEDIUM] F46: definition-front card rewritten as a question.
  ok   #117 L13.flashcard_questions[3].q [MEDIUM] F45: auto-generated cloze fragment replaced with a real question.
  ok   #118 L13.flashcard_questions[3].a [MEDIUM] F45: mangled or self-revealing one-word answer replaced.
  ok   #119 L13.flashcard_questions[4].q [MEDIUM] F45: auto-generated cloze fragment replaced with a real question.
  ok   #120 L13.flashcard_questions[4].a [MEDIUM] F45: mangled or self-revealing one-word answer replaced.
  PATCH L13: content_html, flashcard_questions
  ok   #28 L14.content_html [MEDIUM] F42: cavalry was eleven brigades of a mainly infantry army, not most of it.
  ok   #121 L14.flashcard_questions[0].q [MEDIUM] F46: definition-front card rewritten as a question.
  ok   #122 L14.flashcard_questions[1].q [MEDIUM] F46: definition-front card rewritten as a question.
  ok   #123 L14.flashcard_questions[2].q [MEDIUM] F46: definition-front card rewritten as a question.
  ok   #124 L14.flashcard_questions[3].q [MEDIUM] F45: auto-generated cloze fragment replaced with a real question.
  ok   #125 L14.flashcard_questions[3].a [MEDIUM] F45: mangled or self-revealing one-word answer replaced.
  ok   #126 L14.flashcard_questions[4].q [MEDIUM] F45: auto-generated cloze fragment replaced with a real question.
  ok   #127 L14.flashcard_questions[4].a [MEDIUM] F45: mangled or self-revealing one-word answer replaced.
  PATCH L14: content_html, flashcard_questions
  ok   #29 L15.content_html [MEDIUM] F44: the memorandum records Austria and Czechoslovakia and a five-to-six-year timetable; Poland and Lithuania 
  ok   #128 L15.flashcard_questions[0].q [MEDIUM] F46: definition-front card rewritten as a question.
  ok   #129 L15.flashcard_questions[1].q [MEDIUM] F46: definition-front card rewritten as a question.
  ok   #130 L15.flashcard_questions[2].q [MEDIUM] F46: definition-front card rewritten as a question.
  ok   #131 L15.flashcard_questions[3].q [MEDIUM] F45: auto-generated cloze fragment replaced with a real question.
  ok   #132 L15.flashcard_questions[3].a [MEDIUM] F45: mangled or self-revealing one-word answer replaced.
  ok   #133 L15.flashcard_questions[4].q [MEDIUM] F45: auto-generated cloze fragment replaced with a real question.
  ok   #134 L15.flashcard_questions[4].a [MEDIUM] F45: mangled or self-revealing one-word answer replaced.
  PATCH L15: content_html, flashcard_questions
=== 140 applied, 0 skipped, 15 lessons / 35 fields changed
