
=== RE-NARRATION (changed narrated text only) ===
backup: C:\Users\tshau\Documents\Study Vault\scripts\_retrofc\units\history@unity__conflict-tension\_backup.json
unit:   history / conflict-tension
run: 2026-09-18T10:44:34Z  mode: LIVE
  L04: no narrated field changed -> skip
  L06: no narrated field changed -> skip
  L08: no narrated field changed -> skip
  L10: no narrated field changed -> skip
  L11: no narrated field changed -> skip

10 lessons, 19 clips to regenerate

  L01 (Ollie)  The Peacemakers & the 14 Points
      n10: Georges Clemenceau — nicknamed “The Tiger” — was 77 when the conference began. He had been 28 when German armi
             -> 293 KB, 25.0s, uploaded
      n24: January 1918 . Wilson publishes the Fourteen Points Presented to the US Congress as a plan for peace. Germany 
             -> 501 KB, 42.8s, uploaded
      manifest updated (32 entries)
  L02 (Ada)  The Treaty of Versailles
      n7: The Rhineland — the area on the French border — was demilitarised and occupied by Allied troops for fifteen ye
             -> 149 KB, 12.7s, uploaded
      n13: West Prussia and Posen were given to Poland, and a vote was ordered in Upper Silesia . The Polish Corridor — a
             -> 220 KB, 18.7s, uploaded
      manifest updated (31 entries)
  L03 (Ollie)  Reactions to the Treaty
      n10: Clemenceau believed the terms were not harsh enough to guarantee French security. He had wanted Germany broken
             -> 266 KB, 22.7s, uploaded
      n14: John Maynard Keynes , a leading British economist who had been part of the negotiating team, resigned in disgu
             -> 242 KB, 20.7s, uploaded
      n17: Key Fact . Americans were unhappy that the British and French empires had grown stronger. Wilson’s opponents —
             -> 341 KB, 29.1s, uploaded
      manifest updated (28 entries)
  L05 (Ollie)  The League of Nations
      n22: Absent USA: Wilson was not even a candidate in the 1920 election, which Warren Harding won on a promise of iso
             -> 281 KB, 24.0s, uploaded
      n33: Missing members: The USSR was kept out at first because it was communist — Western nations saw it as a threat 
             -> 219 KB, 18.7s, uploaded
      manifest updated (35 entries)
  L07 (Ollie)  Locarno & the Kellogg-Briand Pact
      n2: The mid-to-late 1920s saw growing optimism about peace. The Dawes Plan (1924) had stabilised Germany’s economy
             -> 339 KB, 29.0s, uploaded
      manifest updated (22 entries)
  L09 (Ollie)  The Abyssinian Crisis
      n4: Italy’s fascist dictator, Mussolini , dreamed of building a new Roman Empire. Abyssinia (modern-day Ethiopia) 
             -> 330 KB, 28.2s, uploaded
      n5: Key Fact . In December 1934, Italian and Abyssinian troops clashed at the Wal-Wal oasis on the border with Ita
             -> 229 KB, 19.5s, uploaded
      n17: Italy conquered Abyssinia in May 1936 and left the League in December 1937 . Emperor Haile Selassie went into 
             -> 181 KB, 15.4s, uploaded
      n20: December 1934 . Wal-Wal Incident Italian and Abyssinian troops clash. Mussolini uses it as an excuse. Haile Se
             -> 1127 KB, 96.1s, uploaded
      manifest updated (22 entries)
  L12 (Ada)  Appeasement & the Sudetenland
      n20b: Historians disagree about appeasement. In 1940, Guilty Men put the blame squarely on Chamberlain and the other
             -> 189 KB, 16.1s, uploaded
      manifest updated (30 entries)
  L13 (Ollie)  The Nazi-Soviet Pact
      n14: Key Fact — The Secret Protocol . The Pact included a secret clause agreeing to divide Poland between Germany a
             -> 222 KB, 19.0s, uploaded
      n18: Stalin’s decision was logical, if cynical. The Red Army was badly weakened — his purges had executed 81 out of
             -> 412 KB, 35.2s, uploaded
      manifest updated (19 entries)
  L14 (Ada)  The Outbreak of War
      n10: The Polish army, though brave, was overwhelmed. Its equipment was outdated and it still used horse-mounted cav
             -> 181 KB, 15.4s, uploaded
      manifest updated (21 entries)
  L15 (Ollie)  Responsibility for WWII
      n5: This is the most direct argument. Hitler’s aims, set out in Mein Kampf (1925), could not be achieved without w
             -> 462 KB, 39.4s, uploaded
      manifest updated (27 entries)

Regenerated 19 clips.

=== VERIFY (ranged GET + freshness) ===
  206  L01 n10  bytes 0-3/300384  Last-Modified: Fri, 18 Sep 2026 10:44:41 GMT  mp3-sync=OK
  206  L01 n24  bytes 0-3/513504  Last-Modified: Fri, 18 Sep 2026 10:44:51 GMT  mp3-sync=OK
  206  L02 n7  bytes 0-3/152640  Last-Modified: Fri, 18 Sep 2026 10:44:55 GMT  mp3-sync=OK
  206  L02 n13  bytes 0-3/224928  Last-Modified: Fri, 18 Sep 2026 10:44:58 GMT  mp3-sync=OK
  206  L03 n10  bytes 0-3/271872  Last-Modified: Fri, 18 Sep 2026 10:45:03 GMT  mp3-sync=OK
  206  L03 n14  bytes 0-3/247968  Last-Modified: Fri, 18 Sep 2026 10:45:07 GMT  mp3-sync=OK
  206  L03 n17  bytes 0-3/349632  Last-Modified: Fri, 18 Sep 2026 10:45:12 GMT  mp3-sync=OK
  206  L05 n22  bytes 0-3/288000  Last-Modified: Fri, 18 Sep 2026 10:45:17 GMT  mp3-sync=OK
  206  L05 n33  bytes 0-3/224352  Last-Modified: Fri, 18 Sep 2026 10:45:21 GMT  mp3-sync=OK
  206  L07 n2  bytes 0-3/347616  Last-Modified: Fri, 18 Sep 2026 10:45:27 GMT  mp3-sync=OK
  206  L09 n4  bytes 0-3/338400  Last-Modified: Fri, 18 Sep 2026 10:45:32 GMT  mp3-sync=OK
  206  L09 n5  bytes 0-3/234432  Last-Modified: Fri, 18 Sep 2026 10:45:37 GMT  mp3-sync=OK
  206  L09 n17  bytes 0-3/185184  Last-Modified: Fri, 18 Sep 2026 10:45:40 GMT  mp3-sync=OK
  206  L09 n20  bytes 0-3/1153728  Last-Modified: Fri, 18 Sep 2026 10:45:59 GMT  mp3-sync=OK
  206  L12 n20b  bytes 0-3/193824  Last-Modified: Fri, 18 Sep 2026 10:46:03 GMT  mp3-sync=OK
  206  L13 n14  bytes 0-3/227520  Last-Modified: Fri, 18 Sep 2026 10:46:07 GMT  mp3-sync=OK
  206  L13 n18  bytes 0-3/421920  Last-Modified: Fri, 18 Sep 2026 10:46:13 GMT  mp3-sync=OK
  206  L14 n10  bytes 0-3/184896  Last-Modified: Fri, 18 Sep 2026 10:46:17 GMT  mp3-sync=OK
  206  L15 n5  bytes 0-3/472896  Last-Modified: Fri, 18 Sep 2026 10:46:24 GMT  mp3-sync=OK

19/19 clips verified HTTP 200/206 with fresh audio.
