=== APPLY EDITS english-literature-edexcel/lord-of-the-flies  23 edits  LIVE  2026-09-02T14:41:39.955Z
  ok   #0 L1.exam_tip_html [LOW] F1: spec code "Edexcel 1ET0" is a banned string in lesson fields; the house validator rejects the whole unit.
  ok   #1 L1.content_html [MEDIUM] F2: the glossary pop-up on "original sin" carried the definition of "allegory".
  ok   #2 L1.practice_questions[0].marks [MEDIUM] F3: the ladder listed "Top band" twice and skipped the mid band, so a 25-32 answer was labelled top band.
  PATCH L1: exam_tip_html, content_html, practice_questions
  ok   #3 L2.content_html [MEDIUM] F4: the glossary pop-up on "signal fire" carried the definition of a machete.
  PATCH L2: content_html
  ok   #4 L4.content_html [MEDIUM] F5: the glossary pop-up on "encounter" carried the definition of a soliloquy.
  ok   #5 L4.content_html [MEDIUM] F6: the line is Robert's, shouted after the kill; Roger drives the spear but says nothing.
  ok   #6 L4.content_html [MEDIUM] F7: in ch. 8 Jack only says "We might go later to the castle rock"; the tribe is at Castle Rock by ch. 10.
  ok   #7 L4.content_html [MEDIUM] F8: "bright, moving light" is not in the novel; ch. 9 reads "the creatures made a moving patch of light".
  ok   #8 L4.flashcard_questions[12].a [MEDIUM] F8: same fabricated wording taught as a memorised quotation.
  PATCH L4: content_html, flashcard_questions
  ok   #9 L5.content_html [HIGH] F9: the line is Jack's in ch. 4, after the first pig kill; it is not Ralph at the end.
  ok   #10 L5.practice_questions[5].text [HIGH] F9: stimulus quotation misattributed to Ralph; replaced with a verified ch. 1 line about Ralph.
  ok   #11 L5.content_html [MEDIUM] F10: the closing clause was invented; ch. 11 reads "I don't ask you to be a sport... because what's right's ri
  PATCH L5: content_html, practice_questions
  ok   #12 L6.content_html [HIGH] F11: "executioner" appears nowhere in the novel; ch. 11 reads "The hangman's horror clung round him".
  ok   #13 L6.flashcard_questions[11].q [HIGH] F11: the card taught a fabricated quotation.
  ok   #14 L6.flashcard_questions[11].a [HIGH] F11: the card taught a fabricated quotation.
  ok   #15 L6.content_html [MEDIUM] F12: Golding served in the Royal Navy (Atlantic, D-Day, Walcheren); he did not witness the Holocaust or its af
  PATCH L6: content_html, flashcard_questions
  ok   #16 L7.content_html [HIGH] F13: language, form and structure is AO2, and AO2 is not assessed on the post-1914 novel question.
  PATCH L7: content_html
  ok   #17 L8.exam_tip_html [HIGH] F14: AO4 is technical accuracy only; terminology belongs to AO2, which is not assessed on this question.
  ok   #18 L8.conclusion_html [HIGH] F15: same AO4 error in the takeaway a student revises from.
  ok   #19 L8.content_html [HIGH] F16: the memorise-this list gave Jack's ch. 4 line as Ralph's ending; replaced with a verified ch. 4 line.
  ok   #20 L8.flashcard_questions[13].q [MEDIUM] F17: AO1 and AO3 are equal on this question, so "most weight" has no correct answer.
  ok   #21 L8.flashcard_questions[13].a [MEDIUM] F17: AO1 and AO3 are equal on this question, so "most weight" has no correct answer.
  ok   #22 L8.content_html [LOW] F18: Jack's challenge "The conch doesn't count on top of the mountain" is ch. 2, as lessons 2 and 7 say.
  PATCH L8: exam_tip_html, conclusion_html, content_html, flashcard_questions
=== 23 applied, 0 skipped, 7 lessons / 15 fields changed
