
=== RE-NARRATION (changed narrated text only) ===
backup: C:\Users\tshau\Documents\Study Vault\scripts\_retrofc\units\english-literature-edexcel__lord-of-the-flies\_backup.json
unit:   english-literature-edexcel / lord-of-the-flies
run: 2026-09-02T14:41:44Z  mode: LIVE
  L02: fields edited but no narrated text changed -> skip

6 lessons, 12 clips to regenerate

  L01 (Ollie)  Context: Post-War Anxieties
      n21: In the post-1914 novel essay, context is assessed through AO3 and must be integrated into every analytical poi
             -> 339 KB, 28.9s, uploaded
      manifest updated (25 entries)
  L04 (Ada)  Chapters 7-9: Savagery & Simon's Death
      n6: Jack challenges Ralph’s leadership directly, calling for a vote to remove him as chief. When the vote fails, J
             -> 422 KB, 36.0s, uploaded
      n7: Jack’s tribe conducts a brutal pig hunt, killing a sow that is nursing her piglets. The violence of the scene 
             -> 379 KB, 32.4s, uploaded
      n16: After Simon’s murder, Golding gives him a lyrical, almost sacred funeral. The tide carries Simon’s body out to
             -> 519 KB, 44.3s, uploaded
      manifest updated (23 entries)
  L05 (Ollie)  Chapters 10-12: The Final Descent
      n6: Ralph, Piggy, and the twins Sam and Eric march to Castle Rock to demand the glasses back. Piggy carries the co
             -> 374 KB, 31.9s, uploaded
      n20: Ralph now carries the weight of everything he has witnessed and done. He has lost his innocence not because he
             -> 221 KB, 18.9s, uploaded
      manifest updated (25 entries)
  L06 (Ada)  Character Analysis
      n18: Roger is arguably more dangerous than Jack. Jack wants power and adulation; Roger simply enjoys causing pain. 
             -> 306 KB, 26.1s, uploaded
      manifest updated (26 entries)
  L07 (Ollie)  Symbolism & Setting
      n2: Lord of the Flies is one of the most symbolically dense novels on the GCSE syllabus. Almost every object and l
             -> 302 KB, 25.8s, uploaded
      manifest updated (28 entries)
  L08 (Ada)  Key Themes & Exam Technique
      n5: Golding structures this decline carefully. The conch (democracy) is established in Chapter 1, challenged in Ch
             -> 343 KB, 29.3s, uploaded
      n37: “The mask compelled them” — face paint, lost identity, group violence.
             -> 62 KB, 5.3s, uploaded
      n38: For the highest marks in Edexcel Section B, your essay must do three things simultaneously: respond to the que
             -> 373 KB, 31.8s, uploaded
      n42: For exam success: memorise 8–10 key quotations, plan for 5 minutes, embed context in every paragraph (never bo
             -> 151 KB, 12.9s, uploaded
      manifest updated (42 entries)

Regenerated 12 clips.

=== VERIFY (ranged GET + freshness) ===
  206  L01 n21  bytes 0-3/347328  Last-Modified: Wed, 02 Sep 2026 14:41:51 GMT  mp3-sync=OK
  206  L04 n6  bytes 0-3/432000  Last-Modified: Wed, 02 Sep 2026 14:41:59 GMT  mp3-sync=OK
  206  L04 n7  bytes 0-3/388512  Last-Modified: Wed, 02 Sep 2026 14:42:05 GMT  mp3-sync=OK
  206  L04 n16  bytes 0-3/531360  Last-Modified: Wed, 02 Sep 2026 14:42:12 GMT  mp3-sync=OK
  206  L05 n6  bytes 0-3/383040  Last-Modified: Wed, 02 Sep 2026 14:42:19 GMT  mp3-sync=OK
  206  L05 n20  bytes 0-3/226656  Last-Modified: Wed, 02 Sep 2026 14:42:22 GMT  mp3-sync=OK
  206  L06 n18  bytes 0-3/313056  Last-Modified: Wed, 02 Sep 2026 14:42:28 GMT  mp3-sync=OK
  206  L07 n2  bytes 0-3/309024  Last-Modified: Wed, 02 Sep 2026 14:42:32 GMT  mp3-sync=OK
  206  L08 n5  bytes 0-3/351072  Last-Modified: Wed, 02 Sep 2026 14:42:38 GMT  mp3-sync=OK
  206  L08 n37  bytes 0-3/63072  Last-Modified: Wed, 02 Sep 2026 14:42:39 GMT  mp3-sync=OK
  206  L08 n38  bytes 0-3/381888  Last-Modified: Wed, 02 Sep 2026 14:42:46 GMT  mp3-sync=OK
  206  L08 n42  bytes 0-3/154368  Last-Modified: Wed, 02 Sep 2026 14:42:48 GMT  mp3-sync=OK

12/12 clips verified HTTP 200/206 with fresh audio.
