=== APPLY EDITS creative-imedia/pre-production  38 edits  LIVE  2026-09-18T09:39:12.329Z
  ok   #0 L1.content_html [LOW] F1: no board unit code in student-facing text
  ok   #1 L1.exam_tip_html [LOW] F2: no board unit code in student-facing text
  ok   #2 L1.content_html [LOW] F3: the tip asked for content that is not in the box
  PATCH L1: content_html, exam_tip_html
  ok   #3 L2.content_html [LOW] F4: no board unit code in student-facing text
  ok   #4 L2.exam_tip_html [MEDIUM] F5: the paper has Part A and Part B, not sections; code removed
  ok   #5 L2.flashcard_questions[3].q [MEDIUM] F6: placeholder card printed its own answer
  ok   #6 L2.flashcard_questions[3].a [MEDIUM] F6: answer duplicated card 1 of the same deck
  PATCH L2: content_html, exam_tip_html, flashcard_questions
  ok   #7 L3.content_html [LOW] F7: no board unit code in student-facing text
  ok   #8 L3.content_html [LOW] F8: the tip asked for legislation the box does not carry
  ok   #9 L3.flashcard_questions[4].q [MEDIUM] F9: placeholder card printed its own answer
  ok   #10 L3.flashcard_questions[4].a [MEDIUM] F9: answer duplicated card 1 of the same deck
  PATCH L3: content_html, flashcard_questions
  ok   #11 L4.flashcard_questions[4].q [MEDIUM] F10: placeholder card printed its own answer
  ok   #12 L4.flashcard_questions[4].a [MEDIUM] F10: answer duplicated card 1 of the same deck
  ok   #13 L4.content_html [LOW] F11: definition used the term it was defining
  ok   #14 L4.flashcard_questions[3].a [LOW] F11: circular definition
  ok   #15 L4.glossary_terms[3].definition [LOW] F11: circular definition
  PATCH L4: flashcard_questions, content_html, glossary_terms
  ok   #16 L5.content_html [LOW] F12: the tip asked for typography terms the box does not carry
  ok   #17 L5.content_html [LOW] F12: the tip asked for typography terms the box does not carry
  ok   #18 L5.flashcard_questions[3].q [MEDIUM] F13: placeholder card printed its own answer
  ok   #19 L5.flashcard_questions[3].a [MEDIUM] F13: answer duplicated card 1 of the same deck
  PATCH L5: content_html, flashcard_questions
  ok   #20 L6.content_html [LOW] F14: no board unit code in student-facing text
  ok   #21 L6.content_html [LOW] F15: the tip asked for exam structure the box does not carry
  ok   #22 L6.content_html [LOW] F15: the tip asked for exam structure the box does not carry
  ok   #23 L6.flashcard_questions[3].q [MEDIUM] F16: placeholder card printed its own answer
  ok   #24 L6.flashcard_questions[3].a [MEDIUM] F16: answer duplicated card 1 of the same deck
  ok   #25 L6.flashcard_questions[1].q [LOW] F17: the question printed its own answer
  PATCH L6: content_html, flashcard_questions
  ok   #26 L7.content_html [LOW] F18: no board unit code in student-facing text
  ok   #27 L7.content_html [MEDIUM] F19: there is no general offence of invasion of privacy in English law
  ok   #28 L7.content_html [MEDIUM] F20: Broadcasting Act 1990 s.166 treats broadcast words as publication in permanent form
  ok   #29 L7.content_html [LOW] F21: the tip asked for exam structure the box does not carry
  ok   #30 L7.flashcard_questions[4].a [LOW] F31: flashcard answer was 36 words, over the 30-word limit
  PATCH L7: content_html, flashcard_questions
  ok   #31 L8.content_html [MEDIUM] F22: code removed; the spec splits regulators from classification systems
  ok   #32 L8.content_html [MEDIUM] F22: spec 3.4.3 separates regulation from classification and certification
  ok   #33 L8.content_html [LOW] F22: tip matched to the corrected box
  ok   #34 L8.conclusion_html [MEDIUM] F23: spec 3.4.3 separates regulation from classification and certification
  ok   #35 L8.exam_tip_html [MEDIUM] F24: the paper has Part A and Part B, not sections; code removed
  ok   #36 L8.practice_questions[0].marks [MEDIUM] F25: the ASA and Ofcom regulate, they do not classify
  ok   #37 L8.practice_questions[2].marks [MEDIUM] F26: cinema classification is not a legal requirement; local authorities hold the final say
  PATCH L8: content_html, conclusion_html, exam_tip_html, practice_questions
=== 38 applied, 0 skipped, 8 lessons / 20 fields changed
