
=== RE-NARRATION (changed narrated text only) ===
backup: C:\Users\tshau\Documents\Study Vault\scripts\_retrofc\units\creative-imedia@unity__pre-production\_backup.json
unit:   creative-imedia / pre-production
run: 2026-09-18T09:39:15Z  mode: LIVE
  L04: fields edited but no narrated text changed -> skip
  L05: fields edited but no narrated text changed -> skip

6 lessons, 13 clips to regenerate

  L01 (Ollie)  Work Plans and Time Management
      n6: The exam expects you to know every component that makes up a work plan and explain the role each one plays. He
             -> 98 KB, 8.4s, uploaded
      n27: In the exam, you may be given a scenario and asked to explain why a work plan would benefit the production. Al
             -> 256 KB, 21.9s, uploaded
      manifest updated (31 entries)
  L02 (Ada)  Mind Maps and Mood Boards
      n3: The exam requires you to know the purpose of each document, its components and conventions , the hardware and 
             -> 161 KB, 13.8s, uploaded
      n25: In the scenario part of the exam, you may be asked to recommend a pre-production document for a given scenario
             -> 296 KB, 25.2s, uploaded
      manifest updated (29 entries)
  L03 (Ollie)  Asset Logs and Flowcharts
      n2: Once initial ideas have been generated (using mind maps and mood boards), the production team needs more detai
             -> 275 KB, 23.5s, uploaded
      manifest updated (26 entries)
  L06 (Ada)  Camera Shots, Angles and Movement
      n3: Understanding camera terminology is essential for the exam. You need to know the different shot types, what th
             -> 133 KB, 11.3s, uploaded
      manifest updated (21 entries)
  L07 (Ollie)  Legal Issues: Copyright, Trademarks and Privacy
      n2: Media producers must understand and follow the law when creating, using and publishing content. The specificat
             -> 313 KB, 26.7s, uploaded
      n7: Key Fact . Filming in public is generally allowed, but filming on private property requires the owner’s permis
             -> 192 KB, 16.4s, uploaded
      n10: Libel — defamation in a written or published form (including websites, social media, newspapers and broadcasts
             -> 246 KB, 21.0s, uploaded
      manifest updated (32 entries)
  L08 (Ada)  Regulation, Certification, Health and Safety
      n2: The media industry is regulated by several organisations that set standards for content, protect audiences, an
             -> 242 KB, 20.7s, uploaded
      n4: Key Fact . There are four organisations you must know. ASA (advertising) and Ofcom (broadcasting and communica
             -> 199 KB, 17.0s, uploaded
      n29: Regulation and health and safety questions often appear in the part of the exam that is linked to one scenario
             -> 254 KB, 21.7s, uploaded
      n31: ASA (adverts) and Ofcom (TV/radio) regulate content. BBFC (films) and PEGI (games) classify products by age. A
             -> 177 KB, 15.1s, uploaded
      manifest updated (33 entries)

Regenerated 13 clips.

=== VERIFY (ranged GET + freshness) ===
  206  L01 n6  bytes 0-3/100512  Last-Modified: Fri, 18 Sep 2026 09:39:20 GMT  mp3-sync=OK
  206  L01 n27  bytes 0-3/262368  Last-Modified: Fri, 18 Sep 2026 09:39:24 GMT  mp3-sync=OK
  206  L02 n3  bytes 0-3/165312  Last-Modified: Fri, 18 Sep 2026 09:39:27 GMT  mp3-sync=OK
  206  L02 n25  bytes 0-3/302976  Last-Modified: Fri, 18 Sep 2026 09:39:32 GMT  mp3-sync=OK
  206  L03 n2  bytes 0-3/281952  Last-Modified: Fri, 18 Sep 2026 09:39:36 GMT  mp3-sync=OK
  206  L06 n3  bytes 0-3/136224  Last-Modified: Fri, 18 Sep 2026 09:39:39 GMT  mp3-sync=OK
  206  L07 n2  bytes 0-3/320256  Last-Modified: Fri, 18 Sep 2026 09:39:44 GMT  mp3-sync=OK
  206  L07 n7  bytes 0-3/196704  Last-Modified: Fri, 18 Sep 2026 09:39:47 GMT  mp3-sync=OK
  206  L07 n10  bytes 0-3/252288  Last-Modified: Fri, 18 Sep 2026 09:39:51 GMT  mp3-sync=OK
  206  L08 n2  bytes 0-3/247968  Last-Modified: Fri, 18 Sep 2026 09:39:55 GMT  mp3-sync=OK
  206  L08 n4  bytes 0-3/203904  Last-Modified: Fri, 18 Sep 2026 09:39:59 GMT  mp3-sync=OK
  206  L08 n29  bytes 0-3/260064  Last-Modified: Fri, 18 Sep 2026 09:40:03 GMT  mp3-sync=OK
  206  L08 n31  bytes 0-3/181152  Last-Modified: Fri, 18 Sep 2026 09:40:06 GMT  mp3-sync=OK

13/13 clips verified HTTP 200/206 with fresh audio.
