
=== RE-NARRATION (changed narrated text only) ===
backup: C:\Users\tshau\Documents\Study Vault\scripts\_retrofc\units\engineering-aqa__engineering-materials\_backup.json
unit:   engineering-aqa / engineering-materials
run: 2026-09-04T22:06:43Z  mode: LIVE

3 lessons, 4 clips to regenerate

  L02 (Ada)  Metals and Alloys
      n6: High carbon steel contains approximately 0.6% to 1.4% carbon. The extra carbon makes it much harder and it res
             -> 508 KB, 43.3s, uploaded
      manifest updated (19 entries)
  L03 (Ollie)  Polymers and Composites
      n13: Structural concrete is a composite of cement, aggregate (sand and gravel) and water. Concrete is very strong i
             -> 396 KB, 33.8s, uploaded
      manifest updated (18 entries)
  L04 (Ada)  Material Costs, Supply and Stock Forms
      n10: Copper vs gold for electrical contacts. Both are excellent conductors, but gold costs far more per kilogram th
             -> 392 KB, 33.4s, uploaded
      n11: Timber vs structural steel for a roof beam. Structural timber (C24 grade) costs significantly less per metre o
             -> 446 KB, 38.1s, uploaded
      manifest updated (20 entries)

Regenerated 4 clips.

=== VERIFY (ranged GET + freshness) ===
  206  L02 n6  bytes 0-3/520128  Last-Modified: Fri, 04 Sep 2026 22:06:53 GMT  mp3-sync=OK
  206  L03 n13  bytes 0-3/405504  Last-Modified: Fri, 04 Sep 2026 22:06:59 GMT  mp3-sync=OK
  206  L04 n10  bytes 0-3/400896  Last-Modified: Fri, 04 Sep 2026 22:07:05 GMT  mp3-sync=OK
  206  L04 n11  bytes 0-3/456768  Last-Modified: Fri, 04 Sep 2026 22:07:12 GMT  mp3-sync=OK

4/4 clips verified HTTP 200/206 with fresh audio.
