
=== RE-NARRATION (changed narrated text only) ===
backup: C:\Users\tshau\Documents\Study Vault\scripts\_retrofc\units\religious-studies-eduqas__theme-life-and-death\_backup.json
unit:   religious-studies-eduqas / theme-life-and-death
run: 2026-09-06T08:53:10Z  mode: LIVE
  L04: no narrated field changed -> skip

3 lessons, 5 clips to regenerate

  L01 (Ollie)  The Origin of the Universe and Stewardship
      n23: This lesson covers a large topic — for the 8-mark question, focus on giving two distinct religious traditions 
             -> 397 KB, 33.9s, uploaded
      n25: Five of the six religions studied here affirm a divine origin, though their accounts differ significantly — fr
             -> 220 KB, 18.8s, uploaded
      manifest updated (27 entries)
  L02 (Ada)  The Sanctity of Life, Abortion and Euthanasia
      n7: The Abortion Act 1967 made abortion legal in Great Britain (not Northern Ireland, where different legislation 
             -> 675 KB, 57.6s, uploaded
      n29: For the 15-mark evaluation question on sanctity of life topics, the most common failure is giving only one sid
             -> 576 KB, 49.1s, uploaded
      manifest updated (33 entries)
  L03 (Ollie)  Beliefs about Death and the Afterlife
      n14: Hindu beliefs about death centre on the cycle of samsara (the cycle of birth, death and rebirth). The Bhagavad
             -> 485 KB, 41.4s, uploaded
      manifest updated (29 entries)

Regenerated 5 clips.

=== VERIFY (ranged GET + freshness) ===
  206  L01 n23  bytes 0-3/406944  Last-Modified: Sun, 06 Sep 2026 08:53:17 GMT  mp3-sync=OK
  206  L01 n25  bytes 0-3/225216  Last-Modified: Sun, 06 Sep 2026 08:53:20 GMT  mp3-sync=OK
  206  L02 n7  bytes 0-3/691488  Last-Modified: Sun, 06 Sep 2026 08:53:30 GMT  mp3-sync=OK
  206  L02 n29  bytes 0-3/589824  Last-Modified: Sun, 06 Sep 2026 08:53:39 GMT  mp3-sync=OK
  206  L03 n14  bytes 0-3/496224  Last-Modified: Sun, 06 Sep 2026 08:53:47 GMT  mp3-sync=OK

5/5 clips verified HTTP 200/206 with fresh audio.
