=== APPLY EDITS music-aqa/aos2-popular-music  28 edits  LIVE  2026-09-03T20:30:11.601Z
  ok   #4 L1.practice_questions[0].marks [LOW] F2: Replace an unsupported mark split with an indicative answer.
  ok   #5 L1.practice_questions[1].marks [LOW] F2: Replace an unsupported mark split with an indicative answer.
  ok   #6 L1.practice_questions[2].marks [LOW] F2: Replace an unsupported mark split with an indicative answer.
  ok   #7 L1.practice_questions[3].marks [LOW] F2: Replace an unsupported mark split with an indicative answer.
  ok   #8 L1.practice_questions[4].marks [LOW] F2: Replace an unsupported mark split with an indicative answer.
  ok   #9 L1.practice_questions[5].marks [LOW] F2: Replace an unsupported mark split with an indicative answer.
  PATCH L1: practice_questions
  ok   #10 L2.practice_questions[0].marks [LOW] F3: Replace an unsupported mark split with an indicative answer.
  ok   #11 L2.practice_questions[1].marks [LOW] F3: Replace an unsupported mark split with an indicative answer.
  ok   #12 L2.practice_questions[2].marks [LOW] F3: Replace an unsupported mark split with an indicative answer.
  ok   #13 L2.practice_questions[3].marks [LOW] F3: Replace an unsupported mark split with an indicative answer.
  ok   #14 L2.practice_questions[4].marks [LOW] F3: Replace an unsupported mark split with an indicative answer.
  ok   #15 L2.practice_questions[5].marks [LOW] F3: Replace an unsupported mark split with an indicative answer.
  PATCH L2: practice_questions
  ok   #16 L3.practice_questions[0].marks [LOW] F4: Replace an unsupported credit statement with an indicative answer.
  ok   #17 L3.practice_questions[1].marks [LOW] F4: Replace an unsupported credit statement with an indicative answer.
  ok   #18 L3.practice_questions[2].marks [LOW] F4: Replace an unsupported credit statement with an indicative answer.
  ok   #19 L3.practice_questions[3].marks [LOW] F4: Replace an unsupported credit statement with an indicative answer.
  ok   #20 L3.practice_questions[4].marks [LOW] F4: Replace an unsupported credit statement with an indicative answer.
  ok   #21 L3.practice_questions[5].marks [LOW] F4: Replace an unsupported credit statement with an indicative answer.
  PATCH L3: practice_questions
  ok   #0 L4.content_html [MEDIUM] F1: Drum machines were used in popular and rock recordings before the 1980s.
  ok   #1 L4.knowledge_checks[0].q [MEDIUM] F1: Exact timing is a clue, not a date test.
  ok   #2 L4.flashcard_questions[4].q [MEDIUM] F1: Exact timing cannot establish a recording date or prove how drums were made.
  ok   #3 L4.flashcard_questions[4].a [MEDIUM] F1: Drum machines predate the 1980s.
  ok   #22 L4.practice_questions[0].marks [LOW] F5: Replace an unsupported mark split with an indicative answer.
  ok   #23 L4.practice_questions[1].marks [LOW] F5: Replace an unsupported mark split with an indicative answer.
  ok   #24 L4.practice_questions[2].marks [LOW] F5: Replace an unsupported mark split with an indicative answer.
  ok   #25 L4.practice_questions[3].marks [LOW] F5: Replace an unsupported mark split with an indicative answer.
  ok   #26 L4.practice_questions[4].marks [LOW] F5: Replace an unsupported mark split with an indicative answer.
  ok   #27 L4.practice_questions[5].marks [LOW] F5: Replace unsupported mark bands with an indicative answer.
  PATCH L4: content_html, knowledge_checks, flashcard_questions, practice_questions
=== 28 applied, 0 skipped, 4 lessons / 7 fields changed
=== APPLY EDITS music-aqa/aos2-popular-music  28 edits  LIVE  2026-09-03T20:31:00.348Z
  ok   #4 L1.practice_questions[0].marks [LOW] F2: Replace an unsupported mark split with an indicative answer.
  ok   #5 L1.practice_questions[1].marks [LOW] F2: Replace an unsupported mark split with an indicative answer.
  ok   #6 L1.practice_questions[2].marks [LOW] F2: Replace an unsupported mark split with an indicative answer.
  ok   #7 L1.practice_questions[3].marks [LOW] F2: Replace an unsupported mark split with an indicative answer.
  ok   #8 L1.practice_questions[4].marks [LOW] F2: Replace an unsupported mark split with an indicative answer.
  ok   #9 L1.practice_questions[5].marks [LOW] F2: Replace an unsupported mark split with an indicative answer.
  PATCH L1: practice_questions
  ok   #10 L2.practice_questions[0].marks [LOW] F3: Replace an unsupported mark split with an indicative answer.
  ok   #11 L2.practice_questions[1].marks [LOW] F3: Replace an unsupported mark split with an indicative answer.
  ok   #12 L2.practice_questions[2].marks [LOW] F3: Replace an unsupported mark split with an indicative answer.
  ok   #13 L2.practice_questions[3].marks [LOW] F3: Replace an unsupported mark split with an indicative answer.
  ok   #14 L2.practice_questions[4].marks [LOW] F3: Replace an unsupported mark split with an indicative answer.
  ok   #15 L2.practice_questions[5].marks [LOW] F3: Replace an unsupported mark split with an indicative answer.
  PATCH L2: practice_questions
  ok   #16 L3.practice_questions[0].marks [LOW] F4: Replace an unsupported credit statement with an indicative answer.
  ok   #17 L3.practice_questions[1].marks [LOW] F4: Replace an unsupported credit statement with an indicative answer.
  ok   #18 L3.practice_questions[2].marks [LOW] F4: Replace an unsupported credit statement with an indicative answer.
  ok   #19 L3.practice_questions[3].marks [LOW] F4: Replace an unsupported credit statement with an indicative answer.
  ok   #20 L3.practice_questions[4].marks [LOW] F4: Replace an unsupported credit statement with an indicative answer.
  ok   #21 L3.practice_questions[5].marks [LOW] F4: Replace an unsupported credit statement with an indicative answer.
  PATCH L3: practice_questions
  ok   #0 L4.content_html [MEDIUM] F1: Drum machines were used in popular and rock recordings before the 1980s.
  ok   #1 L4.knowledge_checks[0].q [MEDIUM] F1: Exact timing is a clue, not a date test.
  ok   #2 L4.flashcard_questions[4].q [MEDIUM] F1: Exact timing cannot establish a recording date or prove how drums were made.
  ok   #3 L4.flashcard_questions[4].a [MEDIUM] F1: Drum machines predate the 1980s.
  ok   #22 L4.practice_questions[0].marks [LOW] F5: Replace an unsupported mark split with an indicative answer.
  ok   #23 L4.practice_questions[1].marks [LOW] F5: Replace an unsupported mark split with an indicative answer.
  ok   #24 L4.practice_questions[2].marks [LOW] F5: Replace an unsupported mark split with an indicative answer.
  ok   #25 L4.practice_questions[3].marks [LOW] F5: Replace an unsupported mark split with an indicative answer.
  ok   #26 L4.practice_questions[4].marks [LOW] F5: Replace an unsupported mark split with an indicative answer.
  ok   #27 L4.practice_questions[5].marks [LOW] F5: Replace unsupported mark bands with an indicative answer.
  PATCH L4: content_html, knowledge_checks, flashcard_questions, practice_questions
=== 28 applied, 0 skipped, 4 lessons / 7 fields changed
=== APPLY EDITS music-aqa/aos2-popular-music  28 edits  LIVE  2026-09-03T20:31:29.229Z
  ok   #4 L1.practice_questions[0].marks [LOW] F2: Replace an unsupported mark split with an indicative answer.
  ok   #5 L1.practice_questions[1].marks [LOW] F2: Replace an unsupported mark split with an indicative answer.
  ok   #6 L1.practice_questions[2].marks [LOW] F2: Replace an unsupported mark split with an indicative answer.
  ok   #7 L1.practice_questions[3].marks [LOW] F2: Replace an unsupported mark split with an indicative answer.
  ok   #8 L1.practice_questions[4].marks [LOW] F2: Replace an unsupported mark split with an indicative answer.
  ok   #9 L1.practice_questions[5].marks [LOW] F2: Replace an unsupported mark split with an indicative answer.
  PATCH L1: practice_questions
  ok   #10 L2.practice_questions[0].marks [LOW] F3: Replace an unsupported mark split with an indicative answer.
  ok   #11 L2.practice_questions[1].marks [LOW] F3: Replace an unsupported mark split with an indicative answer.
  ok   #12 L2.practice_questions[2].marks [LOW] F3: Replace an unsupported mark split with an indicative answer.
  ok   #13 L2.practice_questions[3].marks [LOW] F3: Replace an unsupported mark split with an indicative answer.
  ok   #14 L2.practice_questions[4].marks [LOW] F3: Replace an unsupported mark split with an indicative answer.
  ok   #15 L2.practice_questions[5].marks [LOW] F3: Replace an unsupported mark split with an indicative answer.
  PATCH L2: practice_questions
  ok   #16 L3.practice_questions[0].marks [LOW] F4: Replace an unsupported credit statement with an indicative answer.
  ok   #17 L3.practice_questions[1].marks [LOW] F4: Replace an unsupported credit statement with an indicative answer.
  ok   #18 L3.practice_questions[2].marks [LOW] F4: Replace an unsupported credit statement with an indicative answer.
  ok   #19 L3.practice_questions[3].marks [LOW] F4: Replace an unsupported credit statement with an indicative answer.
  ok   #20 L3.practice_questions[4].marks [LOW] F4: Replace an unsupported credit statement with an indicative answer.
  ok   #21 L3.practice_questions[5].marks [LOW] F4: Replace an unsupported credit statement with an indicative answer.
  PATCH L3: practice_questions
  ok   #0 L4.content_html [MEDIUM] F1: Drum machines were used in popular and rock recordings before the 1980s. | orchestrator: replacement exten
  ok   #1 L4.knowledge_checks[0].q [MEDIUM] F1: Exact timing is a clue, not a date test.
  ok   #2 L4.flashcard_questions[4].q [MEDIUM] F1: Exact timing cannot establish a recording date or prove how drums were made.
  ok   #3 L4.flashcard_questions[4].a [MEDIUM] F1: Drum machines predate the 1980s.
  ok   #22 L4.practice_questions[0].marks [LOW] F5: Replace an unsupported mark split with an indicative answer.
  ok   #23 L4.practice_questions[1].marks [LOW] F5: Replace an unsupported mark split with an indicative answer.
  ok   #24 L4.practice_questions[2].marks [LOW] F5: Replace an unsupported mark split with an indicative answer.
  ok   #25 L4.practice_questions[3].marks [LOW] F5: Replace an unsupported mark split with an indicative answer.
  ok   #26 L4.practice_questions[4].marks [LOW] F5: Replace an unsupported mark split with an indicative answer.
  ok   #27 L4.practice_questions[5].marks [LOW] F5: Replace unsupported mark bands with an indicative answer.
  PATCH L4: content_html, knowledge_checks, flashcard_questions, practice_questions
=== 28 applied, 0 skipped, 4 lessons / 7 fields changed
=== APPLY EDITS music-aqa/aos2-popular-music  28 edits  LIVE  2026-09-03T20:32:38.028Z
  ok   #4 L1.practice_questions[0].marks [LOW] F2: Replace an unsupported mark split with an indicative answer.
  ok   #5 L1.practice_questions[1].marks [LOW] F2: Replace an unsupported mark split with an indicative answer.
  ok   #6 L1.practice_questions[2].marks [LOW] F2: Replace an unsupported mark split with an indicative answer.
  ok   #7 L1.practice_questions[3].marks [LOW] F2: Replace an unsupported mark split with an indicative answer.
  ok   #8 L1.practice_questions[4].marks [LOW] F2: Replace an unsupported mark split with an indicative answer.
  ok   #9 L1.practice_questions[5].marks [LOW] F2: Replace an unsupported mark split with an indicative answer.
  PATCH L1: practice_questions
  ok   #10 L2.practice_questions[0].marks [LOW] F3: Replace an unsupported mark split with an indicative answer.
  ok   #11 L2.practice_questions[1].marks [LOW] F3: Replace an unsupported mark split with an indicative answer.
  ok   #12 L2.practice_questions[2].marks [LOW] F3: Replace an unsupported mark split with an indicative answer.
  ok   #13 L2.practice_questions[3].marks [LOW] F3: Replace an unsupported mark split with an indicative answer.
  ok   #14 L2.practice_questions[4].marks [LOW] F3: Replace an unsupported mark split with an indicative answer.
  ok   #15 L2.practice_questions[5].marks [LOW] F3: Replace an unsupported mark split with an indicative answer.
  PATCH L2: practice_questions
  ok   #16 L3.practice_questions[0].marks [LOW] F4: Replace an unsupported credit statement with an indicative answer.
  ok   #17 L3.practice_questions[1].marks [LOW] F4: Replace an unsupported credit statement with an indicative answer.
  ok   #18 L3.practice_questions[2].marks [LOW] F4: Replace an unsupported credit statement with an indicative answer.
  ok   #19 L3.practice_questions[3].marks [LOW] F4: Replace an unsupported credit statement with an indicative answer.
  ok   #20 L3.practice_questions[4].marks [LOW] F4: Replace an unsupported credit statement with an indicative answer.
  ok   #21 L3.practice_questions[5].marks [LOW] F4: Replace an unsupported credit statement with an indicative answer.
  PATCH L3: practice_questions
  ok   #0 L4.content_html [MEDIUM] F1: Drum machines were used in popular and rock recordings before the 1980s. | orchestrator: replacement exten
  ok   #1 L4.knowledge_checks[0].q [MEDIUM] F1: Exact timing is a clue, not a date test.
  ok   #2 L4.flashcard_questions[4].q [MEDIUM] F1: Exact timing cannot establish a recording date or prove how drums were made.
  ok   #3 L4.flashcard_questions[4].a [MEDIUM] F1: Drum machines predate the 1980s.
  ok   #22 L4.practice_questions[0].marks [LOW] F5: Replace an unsupported mark split with an indicative answer.
  ok   #23 L4.practice_questions[1].marks [LOW] F5: Replace an unsupported mark split with an indicative answer.
  ok   #24 L4.practice_questions[2].marks [LOW] F5: Replace an unsupported mark split with an indicative answer.
  ok   #25 L4.practice_questions[3].marks [LOW] F5: Replace an unsupported mark split with an indicative answer.
  ok   #26 L4.practice_questions[4].marks [LOW] F5: Replace an unsupported mark split with an indicative answer.
  ok   #27 L4.practice_questions[5].marks [LOW] F5: Replace unsupported mark bands with an indicative answer.
  PATCH L4: content_html, knowledge_checks, flashcard_questions, practice_questions
=== 28 applied, 0 skipped, 4 lessons / 7 fields changed
