=== APPLY EDITS history-aqa/elizabethan-england  296 edits  LIVE  2026-09-06T00:03:05.286Z
  ok   #0 L1.exam_tip_html [MEDIUM] F2: the exam tip coached a question form this paper does not set; rewritten for the four forms it does set, an
  ok   #1 L1.practice_questions[0].marks [HIGH] F1: this paper sets four questions on the British depth study — an 8-mark interpretation question, an 8-mark ‘
  ok   #2 L1.practice_questions[0].text [HIGH] F1: this paper sets four questions on the British depth study — an 8-mark interpretation question, an 8-mark ‘
  ok   #3 L1.practice_questions[0].type [HIGH] F1: this paper sets four questions on the British depth study — an 8-mark interpretation question, an 8-mark ‘
  ok   #4 L1.practice_questions[1].marks [HIGH] F1: this paper sets four questions on the British depth study — an 8-mark interpretation question, an 8-mark ‘
  ok   #5 L1.practice_questions[1].text [HIGH] F1: this paper sets four questions on the British depth study — an 8-mark interpretation question, an 8-mark ‘
  ok   #6 L1.practice_questions[1].type [HIGH] F1: this paper sets four questions on the British depth study — an 8-mark interpretation question, an 8-mark ‘
  ok   #7 L1.practice_questions[2].marks [HIGH] F1: this paper sets four questions on the British depth study — an 8-mark interpretation question, an 8-mark ‘
  ok   #8 L1.practice_questions[2].text [HIGH] F1: this paper sets four questions on the British depth study — an 8-mark interpretation question, an 8-mark ‘
  ok   #9 L1.practice_questions[2].type [HIGH] F1: this paper sets four questions on the British depth study — an 8-mark interpretation question, an 8-mark ‘
  ok   #10 L1.practice_questions[3].marks [HIGH] F1: this paper sets four questions on the British depth study — an 8-mark interpretation question, an 8-mark ‘
  ok   #11 L1.practice_questions[3].text [HIGH] F1: this paper sets four questions on the British depth study — an 8-mark interpretation question, an 8-mark ‘
  ok   #12 L1.practice_questions[3].type [HIGH] F1: this paper sets four questions on the British depth study — an 8-mark interpretation question, an 8-mark ‘
  ok   #13 L1.practice_questions[4].marks [HIGH] F1: this paper sets four questions on the British depth study — an 8-mark interpretation question, an 8-mark ‘
  ok   #14 L1.practice_questions[4].text [HIGH] F1: this paper sets four questions on the British depth study — an 8-mark interpretation question, an 8-mark ‘
  ok   #15 L1.practice_questions[4].type [HIGH] F1: this paper sets four questions on the British depth study — an 8-mark interpretation question, an 8-mark ‘
  ok   #16 L1.practice_questions[5].marks [HIGH] F1: this paper sets four questions on the British depth study — an 8-mark interpretation question, an 8-mark ‘
  ok   #17 L1.practice_questions[5].text [HIGH] F1: this paper sets four questions on the British depth study — an 8-mark interpretation question, an 8-mark ‘
  ok   #18 L1.practice_questions[5].type [HIGH] F1: this paper sets four questions on the British depth study — an 8-mark interpretation question, an 8-mark ‘
  PATCH L1: exam_tip_html, practice_questions
  ok   #19 L2.content_html [MEDIUM] F3: invented claim about exam performance
  ok   #20 L2.content_html [MEDIUM] F4: England had about 3 million people in the late 1560s, reaching about 4 million by 1601 (the figure Lesson 
  ok   #21 L2.content_html [MEDIUM] F5: quotation attributed to a named historian that could not be verified
  ok   #22 L2.exam_tip_html [MEDIUM] F2: the exam tip coached a question form this paper does not set; rewritten for the four forms it does set, an
  ok   #23 L2.practice_questions[0].marks [HIGH] F1: this paper sets four questions on the British depth study — an 8-mark interpretation question, an 8-mark ‘
  ok   #24 L2.practice_questions[0].text [HIGH] F1: this paper sets four questions on the British depth study — an 8-mark interpretation question, an 8-mark ‘
  ok   #25 L2.practice_questions[0].type [HIGH] F1: this paper sets four questions on the British depth study — an 8-mark interpretation question, an 8-mark ‘
  ok   #26 L2.practice_questions[1].marks [HIGH] F1: this paper sets four questions on the British depth study — an 8-mark interpretation question, an 8-mark ‘
  ok   #27 L2.practice_questions[1].text [HIGH] F1: this paper sets four questions on the British depth study — an 8-mark interpretation question, an 8-mark ‘
  ok   #28 L2.practice_questions[1].type [HIGH] F1: this paper sets four questions on the British depth study — an 8-mark interpretation question, an 8-mark ‘
  ok   #29 L2.practice_questions[2].marks [HIGH] F1: this paper sets four questions on the British depth study — an 8-mark interpretation question, an 8-mark ‘
  ok   #30 L2.practice_questions[2].text [HIGH] F1: this paper sets four questions on the British depth study — an 8-mark interpretation question, an 8-mark ‘
  ok   #31 L2.practice_questions[2].type [HIGH] F1: this paper sets four questions on the British depth study — an 8-mark interpretation question, an 8-mark ‘
  ok   #32 L2.practice_questions[3].marks [HIGH] F1: this paper sets four questions on the British depth study — an 8-mark interpretation question, an 8-mark ‘
  ok   #33 L2.practice_questions[3].text [HIGH] F1: this paper sets four questions on the British depth study — an 8-mark interpretation question, an 8-mark ‘
  ok   #34 L2.practice_questions[3].type [HIGH] F1: this paper sets four questions on the British depth study — an 8-mark interpretation question, an 8-mark ‘
  ok   #35 L2.practice_questions[4].marks [HIGH] F1: this paper sets four questions on the British depth study — an 8-mark interpretation question, an 8-mark ‘
  ok   #36 L2.practice_questions[4].text [HIGH] F1: this paper sets four questions on the British depth study — an 8-mark interpretation question, an 8-mark ‘
  ok   #37 L2.practice_questions[4].type [HIGH] F1: this paper sets four questions on the British depth study — an 8-mark interpretation question, an 8-mark ‘
  ok   #38 L2.practice_questions[5].marks [HIGH] F1: this paper sets four questions on the British depth study — an 8-mark interpretation question, an 8-mark ‘
  ok   #39 L2.practice_questions[5].text [HIGH] F1: this paper sets four questions on the British depth study — an 8-mark interpretation question, an 8-mark ‘
  ok   #40 L2.practice_questions[5].type [HIGH] F1: this paper sets four questions on the British depth study — an 8-mark interpretation question, an 8-mark ‘
  PATCH L2: content_html, exam_tip_html, practice_questions
  ok   #41 L3.content_html [MEDIUM] F3: invented examiner claim
  ok   #42 L3.content_html [MEDIUM] F6: quotation attributed to a named historian that could not be verified
  ok   #43 L3.exam_tip_html [MEDIUM] F2: the exam tip coached a question form this paper does not set; rewritten for the four forms it does set, an
  ok   #44 L3.practice_questions[0].marks [HIGH] F1: this paper sets four questions on the British depth study — an 8-mark interpretation question, an 8-mark ‘
  ok   #45 L3.practice_questions[0].text [HIGH] F1: this paper sets four questions on the British depth study — an 8-mark interpretation question, an 8-mark ‘
  ok   #46 L3.practice_questions[0].type [HIGH] F1: this paper sets four questions on the British depth study — an 8-mark interpretation question, an 8-mark ‘
  ok   #47 L3.practice_questions[1].marks [HIGH] F1: this paper sets four questions on the British depth study — an 8-mark interpretation question, an 8-mark ‘
  ok   #48 L3.practice_questions[1].text [HIGH] F1: this paper sets four questions on the British depth study — an 8-mark interpretation question, an 8-mark ‘
  ok   #49 L3.practice_questions[1].type [HIGH] F1: this paper sets four questions on the British depth study — an 8-mark interpretation question, an 8-mark ‘
  ok   #50 L3.practice_questions[2].marks [HIGH] F1: this paper sets four questions on the British depth study — an 8-mark interpretation question, an 8-mark ‘
  ok   #51 L3.practice_questions[2].text [HIGH] F1: this paper sets four questions on the British depth study — an 8-mark interpretation question, an 8-mark ‘
  ok   #52 L3.practice_questions[2].type [HIGH] F1: this paper sets four questions on the British depth study — an 8-mark interpretation question, an 8-mark ‘
  ok   #53 L3.practice_questions[3].marks [HIGH] F1: this paper sets four questions on the British depth study — an 8-mark interpretation question, an 8-mark ‘
  ok   #54 L3.practice_questions[3].text [HIGH] F1: this paper sets four questions on the British depth study — an 8-mark interpretation question, an 8-mark ‘
  ok   #55 L3.practice_questions[3].type [HIGH] F1: this paper sets four questions on the British depth study — an 8-mark interpretation question, an 8-mark ‘
  ok   #56 L3.practice_questions[4].marks [HIGH] F1: this paper sets four questions on the British depth study — an 8-mark interpretation question, an 8-mark ‘
  ok   #57 L3.practice_questions[4].text [HIGH] F1: this paper sets four questions on the British depth study — an 8-mark interpretation question, an 8-mark ‘
  ok   #58 L3.practice_questions[4].type [HIGH] F1: this paper sets four questions on the British depth study — an 8-mark interpretation question, an 8-mark ‘
  ok   #59 L3.practice_questions[5].marks [HIGH] F1: this paper sets four questions on the British depth study — an 8-mark interpretation question, an 8-mark ‘
  ok   #60 L3.practice_questions[5].text [HIGH] F1: this paper sets four questions on the British depth study — an 8-mark interpretation question, an 8-mark ‘
  ok   #61 L3.practice_questions[5].type [HIGH] F1: this paper sets four questions on the British depth study — an 8-mark interpretation question, an 8-mark ‘
  PATCH L3: content_html, exam_tip_html, practice_questions
  ok   #62 L4.content_html [MEDIUM] F7: the four failed harvests were those of 1594, 1595, 1596 and 1597
  ok   #63 L4.content_html [MEDIUM] F7: the four failed harvests were those of 1594, 1595, 1596 and 1597
  ok   #64 L4.content_html [MEDIUM] F8: Essex was born on 10 November 1565 and Elizabeth on 7 September 1533 — 32 years (Wikipedia, Robert Devereu
  ok   #65 L4.content_html [MEDIUM] F9: the quarrel was over the Irish command and the room is not established; the queen striking him first is th
  ok   #66 L4.content_html [MEDIUM] F10: five conspirators were executed in all, of whom four besides Essex (Wikipedia, Essex's Rebellion)
  ok   #67 L4.exam_tip_html [MEDIUM] F2: the exam tip coached a question form this paper does not set; rewritten for the four forms it does set, an
  ok   #68 L4.practice_questions[0].marks [HIGH] F1: this paper sets four questions on the British depth study — an 8-mark interpretation question, an 8-mark ‘
  ok   #69 L4.practice_questions[0].text [HIGH] F1: this paper sets four questions on the British depth study — an 8-mark interpretation question, an 8-mark ‘
  ok   #70 L4.practice_questions[0].type [HIGH] F1: this paper sets four questions on the British depth study — an 8-mark interpretation question, an 8-mark ‘
  ok   #71 L4.practice_questions[1].marks [HIGH] F1: this paper sets four questions on the British depth study — an 8-mark interpretation question, an 8-mark ‘
  ok   #72 L4.practice_questions[1].text [HIGH] F1: this paper sets four questions on the British depth study — an 8-mark interpretation question, an 8-mark ‘
  ok   #73 L4.practice_questions[1].type [HIGH] F1: this paper sets four questions on the British depth study — an 8-mark interpretation question, an 8-mark ‘
  ok   #74 L4.practice_questions[2].marks [HIGH] F1: this paper sets four questions on the British depth study — an 8-mark interpretation question, an 8-mark ‘
  ok   #75 L4.practice_questions[2].text [HIGH] F1: this paper sets four questions on the British depth study — an 8-mark interpretation question, an 8-mark ‘
  ok   #76 L4.practice_questions[2].type [HIGH] F1: this paper sets four questions on the British depth study — an 8-mark interpretation question, an 8-mark ‘
  ok   #77 L4.practice_questions[3].marks [HIGH] F1: this paper sets four questions on the British depth study — an 8-mark interpretation question, an 8-mark ‘
  ok   #78 L4.practice_questions[3].text [HIGH] F1: this paper sets four questions on the British depth study — an 8-mark interpretation question, an 8-mark ‘
  ok   #79 L4.practice_questions[3].type [HIGH] F1: this paper sets four questions on the British depth study — an 8-mark interpretation question, an 8-mark ‘
  ok   #80 L4.practice_questions[4].marks [HIGH] F1: this paper sets four questions on the British depth study — an 8-mark interpretation question, an 8-mark ‘
  ok   #81 L4.practice_questions[4].text [HIGH] F1: this paper sets four questions on the British depth study — an 8-mark interpretation question, an 8-mark ‘
  ok   #82 L4.practice_questions[4].type [HIGH] F1: this paper sets four questions on the British depth study — an 8-mark interpretation question, an 8-mark ‘
  ok   #83 L4.practice_questions[5].marks [HIGH] F1: this paper sets four questions on the British depth study — an 8-mark interpretation question, an 8-mark ‘
  ok   #84 L4.practice_questions[5].text [HIGH] F1: this paper sets four questions on the British depth study — an 8-mark interpretation question, an 8-mark ‘
  ok   #85 L4.practice_questions[5].type [HIGH] F1: this paper sets four questions on the British depth study — an 8-mark interpretation question, an 8-mark ‘
  PATCH L4: content_html, exam_tip_html, practice_questions
  ok   #86 L5.conclusion_html [MEDIUM] F11: suspension, not deprivation
  ok   #87 L5.content_html [MEDIUM] F11: Whitgift's Three Articles produced suspensions, not wholesale deprivation; most of those suspended subscr
  ok   #88 L5.exam_tip_html [MEDIUM] F2: the exam tip coached a question form this paper does not set; rewritten for the four forms it does set, an
  ok   #89 L5.practice_questions[0].marks [HIGH] F1: this paper sets four questions on the British depth study — an 8-mark interpretation question, an 8-mark ‘
  ok   #90 L5.practice_questions[0].text [HIGH] F1: this paper sets four questions on the British depth study — an 8-mark interpretation question, an 8-mark ‘
  ok   #91 L5.practice_questions[0].type [HIGH] F1: this paper sets four questions on the British depth study — an 8-mark interpretation question, an 8-mark ‘
  ok   #92 L5.practice_questions[1].marks [HIGH] F1: this paper sets four questions on the British depth study — an 8-mark interpretation question, an 8-mark ‘
  ok   #93 L5.practice_questions[1].text [HIGH] F1: this paper sets four questions on the British depth study — an 8-mark interpretation question, an 8-mark ‘
  ok   #94 L5.practice_questions[1].type [HIGH] F1: this paper sets four questions on the British depth study — an 8-mark interpretation question, an 8-mark ‘
  ok   #95 L5.practice_questions[2].marks [HIGH] F1: this paper sets four questions on the British depth study — an 8-mark interpretation question, an 8-mark ‘
  ok   #96 L5.practice_questions[2].text [HIGH] F1: this paper sets four questions on the British depth study — an 8-mark interpretation question, an 8-mark ‘
  ok   #97 L5.practice_questions[2].type [HIGH] F1: this paper sets four questions on the British depth study — an 8-mark interpretation question, an 8-mark ‘
  ok   #98 L5.practice_questions[3].marks [HIGH] F1: this paper sets four questions on the British depth study — an 8-mark interpretation question, an 8-mark ‘
  ok   #99 L5.practice_questions[3].text [HIGH] F1: this paper sets four questions on the British depth study — an 8-mark interpretation question, an 8-mark ‘
  ok   #100 L5.practice_questions[3].type [HIGH] F1: this paper sets four questions on the British depth study — an 8-mark interpretation question, an 8-mark ‘
  ok   #101 L5.practice_questions[4].marks [HIGH] F1: this paper sets four questions on the British depth study — an 8-mark interpretation question, an 8-mark ‘
  ok   #102 L5.practice_questions[4].text [HIGH] F1: this paper sets four questions on the British depth study — an 8-mark interpretation question, an 8-mark ‘
  ok   #103 L5.practice_questions[4].type [HIGH] F1: this paper sets four questions on the British depth study — an 8-mark interpretation question, an 8-mark ‘
  ok   #104 L5.practice_questions[5].marks [HIGH] F1: this paper sets four questions on the British depth study — an 8-mark interpretation question, an 8-mark ‘
  ok   #105 L5.practice_questions[5].text [HIGH] F1: this paper sets four questions on the British depth study — an 8-mark interpretation question, an 8-mark ‘
  ok   #106 L5.practice_questions[5].type [HIGH] F1: this paper sets four questions on the British depth study — an 8-mark interpretation question, an 8-mark ‘
  PATCH L5: conclusion_html, content_html, exam_tip_html, practice_questions
  ok   #107 L6.content_html [MEDIUM] F3: invented examiner claim
  ok   #108 L6.content_html [MEDIUM] F12: Douai is in the Nord department of France; in 1568 it lay in the Spanish Netherlands (Wikipedia, English 
  ok   #109 L6.exam_tip_html [MEDIUM] F2: the exam tip coached a question form this paper does not set; rewritten for the four forms it does set, an
  ok   #110 L6.flashcard_questions[7].a [MEDIUM] F12: Douai is in France, not Belgium
  ok   #111 L6.practice_questions[0].marks [HIGH] F1: this paper sets four questions on the British depth study — an 8-mark interpretation question, an 8-mark ‘
  ok   #112 L6.practice_questions[0].text [HIGH] F1: this paper sets four questions on the British depth study — an 8-mark interpretation question, an 8-mark ‘
  ok   #113 L6.practice_questions[0].type [HIGH] F1: this paper sets four questions on the British depth study — an 8-mark interpretation question, an 8-mark ‘
  ok   #114 L6.practice_questions[1].marks [HIGH] F1: this paper sets four questions on the British depth study — an 8-mark interpretation question, an 8-mark ‘
  ok   #115 L6.practice_questions[1].text [HIGH] F1: this paper sets four questions on the British depth study — an 8-mark interpretation question, an 8-mark ‘
  ok   #116 L6.practice_questions[1].type [HIGH] F1: this paper sets four questions on the British depth study — an 8-mark interpretation question, an 8-mark ‘
  ok   #117 L6.practice_questions[2].marks [HIGH] F1: this paper sets four questions on the British depth study — an 8-mark interpretation question, an 8-mark ‘
  ok   #118 L6.practice_questions[2].text [HIGH] F1: this paper sets four questions on the British depth study — an 8-mark interpretation question, an 8-mark ‘
  ok   #119 L6.practice_questions[2].type [HIGH] F1: this paper sets four questions on the British depth study — an 8-mark interpretation question, an 8-mark ‘
  ok   #120 L6.practice_questions[3].marks [HIGH] F1: this paper sets four questions on the British depth study — an 8-mark interpretation question, an 8-mark ‘
  ok   #121 L6.practice_questions[3].text [HIGH] F1: this paper sets four questions on the British depth study — an 8-mark interpretation question, an 8-mark ‘
  ok   #122 L6.practice_questions[3].type [HIGH] F1: this paper sets four questions on the British depth study — an 8-mark interpretation question, an 8-mark ‘
  ok   #123 L6.practice_questions[4].marks [HIGH] F1: this paper sets four questions on the British depth study — an 8-mark interpretation question, an 8-mark ‘
  ok   #124 L6.practice_questions[4].text [HIGH] F1: this paper sets four questions on the British depth study — an 8-mark interpretation question, an 8-mark ‘
  ok   #125 L6.practice_questions[4].type [HIGH] F1: this paper sets four questions on the British depth study — an 8-mark interpretation question, an 8-mark ‘
  ok   #126 L6.practice_questions[5].marks [HIGH] F1: this paper sets four questions on the British depth study — an 8-mark interpretation question, an 8-mark ‘
  ok   #127 L6.practice_questions[5].text [HIGH] F1: this paper sets four questions on the British depth study — an 8-mark interpretation question, an 8-mark ‘
  ok   #128 L6.practice_questions[5].type [HIGH] F1: this paper sets four questions on the British depth study — an 8-mark interpretation question, an 8-mark ‘
  PATCH L6: content_html, exam_tip_html, flashcard_questions, practice_questions
  ok   #129 L7.content_html [MEDIUM] F3: invented examiner claim
  ok   #130 L7.content_html [MEDIUM] F13: only Ridolfi (1571) and Throckmorton (1583) fall in that range; Babington was 1586
  ok   #131 L7.content_html [MEDIUM] F13: follows from the correction above
  ok   #132 L7.exam_tip_html [MEDIUM] F2: the exam tip coached a question form this paper does not set; rewritten for the four forms it does set, an
  ok   #133 L7.practice_questions[0].marks [HIGH] F1: this paper sets four questions on the British depth study — an 8-mark interpretation question, an 8-mark ‘
  ok   #134 L7.practice_questions[0].text [HIGH] F1: this paper sets four questions on the British depth study — an 8-mark interpretation question, an 8-mark ‘
  ok   #135 L7.practice_questions[0].type [HIGH] F1: this paper sets four questions on the British depth study — an 8-mark interpretation question, an 8-mark ‘
  ok   #136 L7.practice_questions[1].marks [HIGH] F1: this paper sets four questions on the British depth study — an 8-mark interpretation question, an 8-mark ‘
  ok   #137 L7.practice_questions[1].text [HIGH] F1: this paper sets four questions on the British depth study — an 8-mark interpretation question, an 8-mark ‘
  ok   #138 L7.practice_questions[1].type [HIGH] F1: this paper sets four questions on the British depth study — an 8-mark interpretation question, an 8-mark ‘
  ok   #139 L7.practice_questions[2].marks [HIGH] F1: this paper sets four questions on the British depth study — an 8-mark interpretation question, an 8-mark ‘
  ok   #140 L7.practice_questions[2].text [HIGH] F1: this paper sets four questions on the British depth study — an 8-mark interpretation question, an 8-mark ‘
  ok   #141 L7.practice_questions[2].type [HIGH] F1: this paper sets four questions on the British depth study — an 8-mark interpretation question, an 8-mark ‘
  ok   #142 L7.practice_questions[3].marks [HIGH] F1: this paper sets four questions on the British depth study — an 8-mark interpretation question, an 8-mark ‘
  ok   #143 L7.practice_questions[3].text [HIGH] F1: this paper sets four questions on the British depth study — an 8-mark interpretation question, an 8-mark ‘
  ok   #144 L7.practice_questions[3].type [HIGH] F1: this paper sets four questions on the British depth study — an 8-mark interpretation question, an 8-mark ‘
  ok   #145 L7.practice_questions[4].marks [HIGH] F1: this paper sets four questions on the British depth study — an 8-mark interpretation question, an 8-mark ‘
  ok   #146 L7.practice_questions[4].text [HIGH] F1: this paper sets four questions on the British depth study — an 8-mark interpretation question, an 8-mark ‘
  ok   #147 L7.practice_questions[4].type [HIGH] F1: this paper sets four questions on the British depth study — an 8-mark interpretation question, an 8-mark ‘
  ok   #148 L7.practice_questions[5].marks [HIGH] F1: this paper sets four questions on the British depth study — an 8-mark interpretation question, an 8-mark ‘
  ok   #149 L7.practice_questions[5].text [HIGH] F1: this paper sets four questions on the British depth study — an 8-mark interpretation question, an 8-mark ‘
  ok   #150 L7.practice_questions[5].type [HIGH] F1: this paper sets four questions on the British depth study — an 8-mark interpretation question, an 8-mark ‘
  PATCH L7: content_html, exam_tip_html, practice_questions
  ok   #151 L8.content_html [MEDIUM] F3: invented examiner claim
  ok   #152 L8.content_html [MEDIUM] F14: the fireships went in at midnight at the end of 28 July, with Gravelines fought the next day, 29 July — t
  ok   #153 L8.exam_tip_html [MEDIUM] F2: the exam tip coached a question form this paper does not set; rewritten for the four forms it does set, an
  ok   #154 L8.practice_questions[0].marks [HIGH] F1: this paper sets four questions on the British depth study — an 8-mark interpretation question, an 8-mark ‘
  ok   #155 L8.practice_questions[0].text [HIGH] F1: this paper sets four questions on the British depth study — an 8-mark interpretation question, an 8-mark ‘
  ok   #156 L8.practice_questions[0].type [HIGH] F1: this paper sets four questions on the British depth study — an 8-mark interpretation question, an 8-mark ‘
  ok   #157 L8.practice_questions[1].marks [HIGH] F1: this paper sets four questions on the British depth study — an 8-mark interpretation question, an 8-mark ‘
  ok   #158 L8.practice_questions[1].text [HIGH] F1: this paper sets four questions on the British depth study — an 8-mark interpretation question, an 8-mark ‘
  ok   #159 L8.practice_questions[1].type [HIGH] F1: this paper sets four questions on the British depth study — an 8-mark interpretation question, an 8-mark ‘
  ok   #160 L8.practice_questions[2].marks [HIGH] F1: this paper sets four questions on the British depth study — an 8-mark interpretation question, an 8-mark ‘
  ok   #161 L8.practice_questions[2].text [HIGH] F1: this paper sets four questions on the British depth study — an 8-mark interpretation question, an 8-mark ‘
  ok   #162 L8.practice_questions[2].type [HIGH] F1: this paper sets four questions on the British depth study — an 8-mark interpretation question, an 8-mark ‘
  ok   #163 L8.practice_questions[3].marks [HIGH] F1: this paper sets four questions on the British depth study — an 8-mark interpretation question, an 8-mark ‘
  ok   #164 L8.practice_questions[3].text [HIGH] F1: this paper sets four questions on the British depth study — an 8-mark interpretation question, an 8-mark ‘
  ok   #165 L8.practice_questions[3].type [HIGH] F1: this paper sets four questions on the British depth study — an 8-mark interpretation question, an 8-mark ‘
  ok   #166 L8.practice_questions[4].marks [HIGH] F1: this paper sets four questions on the British depth study — an 8-mark interpretation question, an 8-mark ‘
  ok   #167 L8.practice_questions[4].text [HIGH] F1: this paper sets four questions on the British depth study — an 8-mark interpretation question, an 8-mark ‘
  ok   #168 L8.practice_questions[4].type [HIGH] F1: this paper sets four questions on the British depth study — an 8-mark interpretation question, an 8-mark ‘
  ok   #169 L8.practice_questions[5].marks [HIGH] F1: this paper sets four questions on the British depth study — an 8-mark interpretation question, an 8-mark ‘
  ok   #170 L8.practice_questions[5].text [HIGH] F1: this paper sets four questions on the British depth study — an 8-mark interpretation question, an 8-mark ‘
  ok   #171 L8.practice_questions[5].type [HIGH] F1: this paper sets four questions on the British depth study — an 8-mark interpretation question, an 8-mark ‘
  PATCH L8: content_html, exam_tip_html, practice_questions
  ok   #172 L9.content_html [MEDIUM] F3: the 16-mark question in this section is the specified-site essay, not a &lsquo;how far was it a Golden Age
  ok   #173 L9.content_html [HIGH] F15: anachronism — tea did not reach England until the 1650s
  ok   #174 L9.exam_tip_html [MEDIUM] F2: the exam tip coached a question form this paper does not set; rewritten for the four forms it does set, an
  ok   #175 L9.flashcard_questions[11].a [LOW] F16: list-shaped flashcard answer fails the validator; one idea per card
  ok   #176 L9.flashcard_questions[11].q [LOW] F16: list-shaped flashcard answer fails the validator; one idea per card
  ok   #177 L9.practice_questions[0].marks [HIGH] F1: this paper sets four questions on the British depth study — an 8-mark interpretation question, an 8-mark ‘
  ok   #178 L9.practice_questions[0].text [HIGH] F1: this paper sets four questions on the British depth study — an 8-mark interpretation question, an 8-mark ‘
  ok   #179 L9.practice_questions[0].type [HIGH] F1: this paper sets four questions on the British depth study — an 8-mark interpretation question, an 8-mark ‘
  ok   #180 L9.practice_questions[1].marks [HIGH] F1: this paper sets four questions on the British depth study — an 8-mark interpretation question, an 8-mark ‘
  ok   #181 L9.practice_questions[1].text [HIGH] F1: this paper sets four questions on the British depth study — an 8-mark interpretation question, an 8-mark ‘
  ok   #182 L9.practice_questions[1].type [HIGH] F1: this paper sets four questions on the British depth study — an 8-mark interpretation question, an 8-mark ‘
  ok   #183 L9.practice_questions[2].marks [HIGH] F1: this paper sets four questions on the British depth study — an 8-mark interpretation question, an 8-mark ‘
  ok   #184 L9.practice_questions[2].text [HIGH] F1: this paper sets four questions on the British depth study — an 8-mark interpretation question, an 8-mark ‘
  ok   #185 L9.practice_questions[2].type [HIGH] F1: this paper sets four questions on the British depth study — an 8-mark interpretation question, an 8-mark ‘
  ok   #186 L9.practice_questions[3].marks [HIGH] F1: this paper sets four questions on the British depth study — an 8-mark interpretation question, an 8-mark ‘
  ok   #187 L9.practice_questions[3].text [HIGH] F1: this paper sets four questions on the British depth study — an 8-mark interpretation question, an 8-mark ‘
  ok   #188 L9.practice_questions[3].type [HIGH] F1: this paper sets four questions on the British depth study — an 8-mark interpretation question, an 8-mark ‘
  ok   #189 L9.practice_questions[4].marks [HIGH] F1: this paper sets four questions on the British depth study — an 8-mark interpretation question, an 8-mark ‘
  ok   #190 L9.practice_questions[4].text [HIGH] F1: this paper sets four questions on the British depth study — an 8-mark interpretation question, an 8-mark ‘
  ok   #191 L9.practice_questions[4].type [HIGH] F1: this paper sets four questions on the British depth study — an 8-mark interpretation question, an 8-mark ‘
  ok   #192 L9.practice_questions[5].marks [HIGH] F1: this paper sets four questions on the British depth study — an 8-mark interpretation question, an 8-mark ‘
  ok   #193 L9.practice_questions[5].text [HIGH] F1: this paper sets four questions on the British depth study — an 8-mark interpretation question, an 8-mark ‘
  ok   #194 L9.practice_questions[5].type [HIGH] F1: this paper sets four questions on the British depth study — an 8-mark interpretation question, an 8-mark ‘
  PATCH L9: content_html, exam_tip_html, flashcard_questions, practice_questions
  ok   #195 L10.conclusion_html [MEDIUM] F18: overseers were appointed, not elected
  ok   #196 L10.content_html [MEDIUM] F3: invented examiner claim
  ok   #197 L10.content_html [MEDIUM] F17: three years were listed for four failed harvests; the run was 1594 to 1597
  ok   #198 L10.content_html [MEDIUM] F18: overseers were nominated each year by Justices of the Peace, not elected by parishioners
  ok   #199 L10.content_html [MEDIUM] F18: the 1598 and 1601 Acts had the churchwardens and up to four substantial householders nominated yearly by 
  ok   #200 L10.exam_tip_html [MEDIUM] F2: the exam tip coached a question form this paper does not set; rewritten for the four forms it does set, an
  ok   #201 L10.flashcard_questions[12].a [MEDIUM] F18: appointed yearly by the JPs, and there could be up to four
  ok   #202 L10.flashcard_questions[3].a [MEDIUM] F17: four consecutive failed harvests, 1594 to 1597
  ok   #203 L10.flashcard_questions[3].q [MEDIUM] F17: the old answer listed three years plus a repeat, and was a list answer the validator rejects
  ok   #204 L10.flashcard_questions[8].a [LOW] F16: short list answer fails the validator's enumeration rule
  ok   #205 L10.knowledge_checks[2].q [MEDIUM] F18: overseers were appointed, not elected (the answer is unchanged)
  ok   #206 L10.practice_questions[0].marks [HIGH] F1: this paper sets four questions on the British depth study — an 8-mark interpretation question, an 8-mark ‘
  ok   #207 L10.practice_questions[0].text [HIGH] F1: this paper sets four questions on the British depth study — an 8-mark interpretation question, an 8-mark ‘
  ok   #208 L10.practice_questions[0].type [HIGH] F1: this paper sets four questions on the British depth study — an 8-mark interpretation question, an 8-mark ‘
  ok   #209 L10.practice_questions[1].marks [HIGH] F1: this paper sets four questions on the British depth study — an 8-mark interpretation question, an 8-mark ‘
  ok   #210 L10.practice_questions[1].text [HIGH] F1: this paper sets four questions on the British depth study — an 8-mark interpretation question, an 8-mark ‘
  ok   #211 L10.practice_questions[1].type [HIGH] F1: this paper sets four questions on the British depth study — an 8-mark interpretation question, an 8-mark ‘
  ok   #212 L10.practice_questions[2].marks [HIGH] F1: this paper sets four questions on the British depth study — an 8-mark interpretation question, an 8-mark ‘
  ok   #213 L10.practice_questions[2].text [HIGH] F1: this paper sets four questions on the British depth study — an 8-mark interpretation question, an 8-mark ‘
  ok   #214 L10.practice_questions[2].type [HIGH] F1: this paper sets four questions on the British depth study — an 8-mark interpretation question, an 8-mark ‘
  ok   #215 L10.practice_questions[3].marks [HIGH] F1: this paper sets four questions on the British depth study — an 8-mark interpretation question, an 8-mark ‘
  ok   #216 L10.practice_questions[3].text [HIGH] F1: this paper sets four questions on the British depth study — an 8-mark interpretation question, an 8-mark ‘
  ok   #217 L10.practice_questions[3].type [HIGH] F1: this paper sets four questions on the British depth study — an 8-mark interpretation question, an 8-mark ‘
  ok   #218 L10.practice_questions[4].marks [HIGH] F1: this paper sets four questions on the British depth study — an 8-mark interpretation question, an 8-mark ‘
  ok   #219 L10.practice_questions[4].text [HIGH] F1: this paper sets four questions on the British depth study — an 8-mark interpretation question, an 8-mark ‘
  ok   #220 L10.practice_questions[4].type [HIGH] F1: this paper sets four questions on the British depth study — an 8-mark interpretation question, an 8-mark ‘
  ok   #221 L10.practice_questions[5].marks [HIGH] F1: this paper sets four questions on the British depth study — an 8-mark interpretation question, an 8-mark ‘
  ok   #222 L10.practice_questions[5].text [HIGH] F1: this paper sets four questions on the British depth study — an 8-mark interpretation question, an 8-mark ‘
  ok   #223 L10.practice_questions[5].type [HIGH] F1: this paper sets four questions on the British depth study — an 8-mark interpretation question, an 8-mark ‘
  PATCH L10: conclusion_html, content_html, exam_tip_html, flashcard_questions, knowledge_checks, practice_questions
  ok   #224 L11.content_html [MEDIUM] F19: Elizabeth granted Raleigh the charter on 25 March 1584 (Wikipedia, Roanoke Colony)
  ok   #225 L11.exam_tip_html [MEDIUM] F2: the exam tip coached a question form this paper does not set; rewritten for the four forms it does set, an
  ok   #226 L11.flashcard_questions[6].a [LOW] F16: list answer fails the validator's enumeration rule
  ok   #227 L11.practice_questions[0].marks [HIGH] F1: this paper sets four questions on the British depth study — an 8-mark interpretation question, an 8-mark ‘
  ok   #228 L11.practice_questions[0].text [HIGH] F1: this paper sets four questions on the British depth study — an 8-mark interpretation question, an 8-mark ‘
  ok   #229 L11.practice_questions[0].type [HIGH] F1: this paper sets four questions on the British depth study — an 8-mark interpretation question, an 8-mark ‘
  ok   #230 L11.practice_questions[1].marks [HIGH] F1: this paper sets four questions on the British depth study — an 8-mark interpretation question, an 8-mark ‘
  ok   #231 L11.practice_questions[1].text [HIGH] F1: this paper sets four questions on the British depth study — an 8-mark interpretation question, an 8-mark ‘
  ok   #232 L11.practice_questions[1].type [HIGH] F1: this paper sets four questions on the British depth study — an 8-mark interpretation question, an 8-mark ‘
  ok   #233 L11.practice_questions[2].marks [HIGH] F1: this paper sets four questions on the British depth study — an 8-mark interpretation question, an 8-mark ‘
  ok   #234 L11.practice_questions[2].text [HIGH] F1: this paper sets four questions on the British depth study — an 8-mark interpretation question, an 8-mark ‘
  ok   #235 L11.practice_questions[2].type [HIGH] F1: this paper sets four questions on the British depth study — an 8-mark interpretation question, an 8-mark ‘
  ok   #236 L11.practice_questions[3].marks [HIGH] F1: this paper sets four questions on the British depth study — an 8-mark interpretation question, an 8-mark ‘
  ok   #237 L11.practice_questions[3].text [HIGH] F1: this paper sets four questions on the British depth study — an 8-mark interpretation question, an 8-mark ‘
  ok   #238 L11.practice_questions[3].type [HIGH] F1: this paper sets four questions on the British depth study — an 8-mark interpretation question, an 8-mark ‘
  ok   #239 L11.practice_questions[4].marks [HIGH] F1: this paper sets four questions on the British depth study — an 8-mark interpretation question, an 8-mark ‘
  ok   #240 L11.practice_questions[4].text [HIGH] F1: this paper sets four questions on the British depth study — an 8-mark interpretation question, an 8-mark ‘
  ok   #241 L11.practice_questions[4].type [HIGH] F1: this paper sets four questions on the British depth study — an 8-mark interpretation question, an 8-mark ‘
  ok   #242 L11.practice_questions[5].marks [HIGH] F1: this paper sets four questions on the British depth study — an 8-mark interpretation question, an 8-mark ‘
  ok   #243 L11.practice_questions[5].text [HIGH] F1: this paper sets four questions on the British depth study — an 8-mark interpretation question, an 8-mark ‘
  ok   #244 L11.practice_questions[5].type [HIGH] F1: this paper sets four questions on the British depth study — an 8-mark interpretation question, an 8-mark ‘
  PATCH L11: content_html, exam_tip_html, flashcard_questions, practice_questions
  ok   #245 L12.content_html [MEDIUM] F20: the Spanish ambassador was expelled in 1584 (Lesson 7) and none returned until 1604, which covers almost 
  ok   #246 L12.content_html [MEDIUM] F21: the quoted phrase could not be verified in Stubbes; 'The Schoole of Abuse' is Stephen Gosson's title of 1
  ok   #247 L12.exam_tip_html [MEDIUM] F2: the exam tip coached a question form this paper does not set; rewritten for the four forms it does set, an
  ok   #248 L12.flashcard_questions[9].q [MEDIUM] F21: unverified quotation removed
  ok   #249 L12.knowledge_checks[3].q [MEDIUM] F21: unverified quotation removed; the answer is unchanged
  ok   #250 L12.practice_questions[0].marks [HIGH] F1: this paper sets four questions on the British depth study — an 8-mark interpretation question, an 8-mark ‘
  ok   #251 L12.practice_questions[0].text [HIGH] F1: this paper sets four questions on the British depth study — an 8-mark interpretation question, an 8-mark ‘
  ok   #252 L12.practice_questions[0].type [HIGH] F1: this paper sets four questions on the British depth study — an 8-mark interpretation question, an 8-mark ‘
  ok   #253 L12.practice_questions[1].marks [HIGH] F1: this paper sets four questions on the British depth study — an 8-mark interpretation question, an 8-mark ‘
  ok   #254 L12.practice_questions[1].text [HIGH] F1: this paper sets four questions on the British depth study — an 8-mark interpretation question, an 8-mark ‘
  ok   #255 L12.practice_questions[1].type [HIGH] F1: this paper sets four questions on the British depth study — an 8-mark interpretation question, an 8-mark ‘
  ok   #256 L12.practice_questions[2].marks [HIGH] F1: this paper sets four questions on the British depth study — an 8-mark interpretation question, an 8-mark ‘
  ok   #257 L12.practice_questions[2].text [HIGH] F1: this paper sets four questions on the British depth study — an 8-mark interpretation question, an 8-mark ‘
  ok   #258 L12.practice_questions[2].type [HIGH] F1: this paper sets four questions on the British depth study — an 8-mark interpretation question, an 8-mark ‘
  ok   #259 L12.practice_questions[3].marks [HIGH] F1: this paper sets four questions on the British depth study — an 8-mark interpretation question, an 8-mark ‘
  ok   #260 L12.practice_questions[3].text [HIGH] F1: this paper sets four questions on the British depth study — an 8-mark interpretation question, an 8-mark ‘
  ok   #261 L12.practice_questions[3].type [HIGH] F1: this paper sets four questions on the British depth study — an 8-mark interpretation question, an 8-mark ‘
  ok   #262 L12.practice_questions[4].marks [HIGH] F1: this paper sets four questions on the British depth study — an 8-mark interpretation question, an 8-mark ‘
  ok   #263 L12.practice_questions[4].text [HIGH] F1: this paper sets four questions on the British depth study — an 8-mark interpretation question, an 8-mark ‘
  ok   #264 L12.practice_questions[4].type [HIGH] F1: this paper sets four questions on the British depth study — an 8-mark interpretation question, an 8-mark ‘
  ok   #265 L12.practice_questions[5].marks [HIGH] F1: this paper sets four questions on the British depth study — an 8-mark interpretation question, an 8-mark ‘
  ok   #266 L12.practice_questions[5].text [HIGH] F1: this paper sets four questions on the British depth study — an 8-mark interpretation question, an 8-mark ‘
  ok   #267 L12.practice_questions[5].type [HIGH] F1: this paper sets four questions on the British depth study — an 8-mark interpretation question, an 8-mark ‘
  PATCH L12: content_html, exam_tip_html, flashcard_questions, knowledge_checks, practice_questions
  ok   #268 L13.practice_questions[0].marks [HIGH] F1: this paper sets four questions on the British depth study — an 8-mark interpretation question, an 8-mark ‘
  ok   #269 L13.practice_questions[0].text [HIGH] F1: this paper sets four questions on the British depth study — an 8-mark interpretation question, an 8-mark ‘
  ok   #270 L13.practice_questions[0].type [HIGH] F1: this paper sets four questions on the British depth study — an 8-mark interpretation question, an 8-mark ‘
  ok   #271 L13.practice_questions[1].marks [HIGH] F1: this paper sets four questions on the British depth study — an 8-mark interpretation question, an 8-mark ‘
  ok   #272 L13.practice_questions[1].text [HIGH] F1: this paper sets four questions on the British depth study — an 8-mark interpretation question, an 8-mark ‘
  ok   #273 L13.practice_questions[1].type [HIGH] F1: this paper sets four questions on the British depth study — an 8-mark interpretation question, an 8-mark ‘
  ok   #274 L13.practice_questions[2].marks [HIGH] F1: this paper sets four questions on the British depth study — an 8-mark interpretation question, an 8-mark ‘
  ok   #275 L13.practice_questions[2].text [HIGH] F1: this paper sets four questions on the British depth study — an 8-mark interpretation question, an 8-mark ‘
  ok   #276 L13.practice_questions[2].type [HIGH] F1: this paper sets four questions on the British depth study — an 8-mark interpretation question, an 8-mark ‘
  ok   #277 L13.practice_questions[4].marks [HIGH] F1: this paper sets four questions on the British depth study — an 8-mark interpretation question, an 8-mark ‘
  ok   #278 L13.practice_questions[4].text [HIGH] F1: this paper sets four questions on the British depth study — an 8-mark interpretation question, an 8-mark ‘
  ok   #279 L13.practice_questions[4].type [HIGH] F1: this paper sets four questions on the British depth study — an 8-mark interpretation question, an 8-mark ‘
  ok   #280 L13.practice_questions[5].type [MEDIUM] F1: the 16-mark question in this section is the specified-site essay, not a period argument
  PATCH L13: practice_questions
  ok   #281 L14.content_html [MEDIUM] F22: Acton Burnell is the specified site for a different depth study of this board (the reign of Edward I) and
  ok   #282 L14.content_html [MEDIUM] F23: the £1,000-a-day figure is contemporary gossip; estimates of the recorded cost are far lower (English Her
  ok   #283 L14.practice_questions[0].marks [HIGH] F1: this paper sets four questions on the British depth study — an 8-mark interpretation question, an 8-mark ‘
  ok   #284 L14.practice_questions[0].text [HIGH] F1: this paper sets four questions on the British depth study — an 8-mark interpretation question, an 8-mark ‘
  ok   #285 L14.practice_questions[0].type [HIGH] F1: this paper sets four questions on the British depth study — an 8-mark interpretation question, an 8-mark ‘
  ok   #286 L14.practice_questions[1].marks [HIGH] F1: this paper sets four questions on the British depth study — an 8-mark interpretation question, an 8-mark ‘
  ok   #287 L14.practice_questions[1].text [HIGH] F1: this paper sets four questions on the British depth study — an 8-mark interpretation question, an 8-mark ‘
  ok   #288 L14.practice_questions[1].type [HIGH] F1: this paper sets four questions on the British depth study — an 8-mark interpretation question, an 8-mark ‘
  ok   #289 L14.practice_questions[2].marks [HIGH] F1: this paper sets four questions on the British depth study — an 8-mark interpretation question, an 8-mark ‘
  ok   #290 L14.practice_questions[2].text [HIGH] F1: this paper sets four questions on the British depth study — an 8-mark interpretation question, an 8-mark ‘
  ok   #291 L14.practice_questions[2].type [HIGH] F1: this paper sets four questions on the British depth study — an 8-mark interpretation question, an 8-mark ‘
  ok   #292 L14.practice_questions[4].marks [HIGH] F1: this paper sets four questions on the British depth study — an 8-mark interpretation question, an 8-mark ‘
  ok   #293 L14.practice_questions[4].text [HIGH] F1: this paper sets four questions on the British depth study — an 8-mark interpretation question, an 8-mark ‘
  ok   #294 L14.practice_questions[4].type [HIGH] F1: this paper sets four questions on the British depth study — an 8-mark interpretation question, an 8-mark ‘
  ok   #295 L14.practice_questions[5].type [MEDIUM] F1: the 16-mark question in this section is the specified-site essay, not a period argument
  PATCH L14: content_html, practice_questions
=== 296 applied, 0 skipped, 14 lessons / 47 fields changed
