
=== RE-NARRATION (changed narrated text only) ===
backup: C:\Users\tshau\Documents\Study Vault\scripts\_retrofc\units\history-aqa__elizabethan-england\_backup.json
unit:   history-aqa / elizabethan-england
run: 2026-09-06T00:03:10Z  mode: LIVE
  L13: no narrated field changed -> skip

13 lessons, 43 clips to regenerate

  L01 (Ollie)  Elizabeth I: background, character and the royal court
      n18: For an ‘Explain what was important about…’ question on the court, name a specific consequence and tie it to a 
             -> 240 KB, 20.4s, uploaded
      manifest updated (22 entries)
  L02 (Ada)  Key ministers: Cecil, Walsingham and the Privy Council
      n2: Elizabeth set policy, but she could not run a kingdom of some three million people on her own. Her power depen
             -> 320 KB, 27.3s, uploaded
      n4: William Cecil served Elizabeth from 1558, the day she became queen, until his death in 1598 — almost the entir
             -> 418 KB, 35.7s, uploaded
      n16: The Mary mentioned in this lesson is Mary, Queen of Scots — Elizabeth’s Catholic Stuart cousin, executed in 15
             -> 322 KB, 27.5s, uploaded
      n18: For a ‘Write an account of…’ question on the ministers, build a chain rather than a list: Walsingham’s agents 
             -> 212 KB, 18.1s, uploaded
      manifest updated (22 entries)
  L03 (Ollie)  A female ruler: Parliament, marriage and the succession
      n10: Elizabeth used marriage negotiations as diplomacy. While Spain and France believed she might still wed their c
             -> 319 KB, 27.2s, uploaded
      n14: The succession debate involves Mary, Queen of Scots — Elizabeth’s Catholic Stuart cousin who was held in Engla
             -> 267 KB, 22.8s, uploaded
      n16: For an ‘Explain what was important about…’ question on Elizabeth as a female ruler, show what changed at the t
             -> 209 KB, 17.8s, uploaded
      manifest updated (20 entries)
  L04 (Ada)  Authority at the end of the reign and Essex's rebellion (1601)
      n2: By the 1590s Elizabeth was an old queen. She was 60 in 1593 and her ministers, courtiers and people knew she c
             -> 480 KB, 41.0s, uploaded
      n5: Key Fact . Despite the war with Spain, Tyrone’s rebellion in Ireland, four bad harvests (1594–1597) and the de
             -> 260 KB, 22.2s, uploaded
      n7: Robert Devereux, 2nd Earl of Essex, was the stepson of Robert Dudley and Elizabeth’s closest court favourite f
             -> 386 KB, 33.0s, uploaded
      n8: But Essex was rash. He quarrelled openly with the queen; on one famous occasion in 1598, during a row over who
             -> 330 KB, 28.1s, uploaded
      n15: A trial followed at Westminster on 19 February. Essex was found guilty of treason. He was beheaded at the Towe
             -> 324 KB, 27.6s, uploaded
      n18: For an ‘Explain what was important about…’ question on Essex’s rebellion, take it in two steps. At the time, t
             -> 245 KB, 20.9s, uploaded
      manifest updated (22 entries)
  L05 (Ollie)  Religious matters: settlement, Catholics and Puritans
      n15: Through the reign, the regime tightened the rules whenever a threat appeared. Recusancy fines rose sharply in 
             -> 409 KB, 34.9s, uploaded
      n18: On religion, always name the law rather than describing it: the Act of Supremacy (1559), the Act of Uniformity
             -> 222 KB, 18.9s, uploaded
      n22: Puritans rejected the Settlement’s remaining Catholic features and were managed firmly — Grindal suspended in 
             -> 163 KB, 13.9s, uploaded
      manifest updated (22 entries)
  L06 (Ada)  The Northern Rebellion, excommunication and the missionary threat
      n12: From the 1570s, English Catholics responded to the bull with a quiet counter-offensive. William Allen, an Engl
             -> 442 KB, 37.8s, uploaded
      n14: The chain from 1569 to 1588 is unbroken. The Northern Rebellion fed Mary’s reputation as a Catholic figurehead
             -> 465 KB, 39.7s, uploaded
      n18: Treat 1569–1570 as a hinge. At the time, an armed rebellion followed by a papal blessing for resistance gave t
             -> 237 KB, 20.2s, uploaded
      manifest updated (22 entries)
  L07 (Ollie)  Mary, Queen of Scots: plots, trial and execution
      n8: Two major Catholic plots between 1571 and 1583 turned on Mary’s claim to the throne. The 1571 Ridolfi Plot pro
             -> 418 KB, 35.7s, uploaded
      n11: The last and decisive plot was led by Anthony Babington, a young Catholic gentleman, in the summer of 1586. Th
             -> 414 KB, 35.3s, uploaded
      n17: Mary’s execution is the hinge between the religious crisis of the 1570s and the war crisis of 1588. Without he
             -> 397 KB, 33.9s, uploaded
      n18: On Mary, separate what changed at the time (the 1586 plot, the trial, Parliament’s pressure, Spain’s decision 
             -> 226 KB, 19.3s, uploaded
      manifest updated (22 entries)
  L08 (Ada)  Conflict with Spain and the Spanish Armada (1588)
      n15: At around midnight on 28 July, the English sent eight fireships — old hulks packed with pitch and gunpowder, s
             -> 368 KB, 31.4s, uploaded
      n19: A common GCSE misconception is that the weather alone defeated the Armada — the so-called ‘Protestant Wind’. W
             -> 364 KB, 31.1s, uploaded
      n20: For a ‘Write an account of…’ question on the Armada, keep the chain moving: fireships at Calais broke the form
             -> 280 KB, 23.9s, uploaded
      manifest updated (24 entries)
  L09 (Ollie)  Living standards, fashion and the rise of the gentry
      n9: For those above the labouring poor, daily life became more comfortable across Elizabeth’s reign. Diet improved
             -> 410 KB, 34.9s, uploaded
      n16: Questions on Elizabethan society reward balance. Listing achievements — theatre, exploration, the Armada — is 
             -> 292 KB, 24.9s, uploaded
      n17: On Elizabethan society, pick concrete evidence: glass-walled gentry houses such as Hardwick Hall, or the 1574 
             -> 212 KB, 18.1s, uploaded
      manifest updated (21 entries)
  L10 (Ada)  Poverty, vagrancy and the Elizabethan Poor Laws
      n6: Bad harvests were the trigger. The 1586 harvest failed; 1594, 1595, 1596 and 1597 produced what contemporaries
             -> 441 KB, 37.7s, uploaded
      n12: Parliament responded with three major statutes. The 1572 Vagabonds Act, the harshest, classified jobless begga
             -> 602 KB, 51.4s, uploaded
      n15: The 1598 system rested on the parish. Each year, Justices of the Peace appointed Overseers of the Poor from th
             -> 442 KB, 37.8s, uploaded
      n16: Strengths: the Poor Laws were the first nationally organised system of welfare in Europe; they channelled loca
             -> 433 KB, 36.9s, uploaded
      n17: On the Poor Laws, split the answer in two. At the time, the famine years of 1597–98 made action unavoidable an
             -> 281 KB, 24.0s, uploaded
      n21: The 1572, 1576 and 1598 Poor Laws made the parish the basic unit of welfare, funded by a compulsory poor rate 
             -> 178 KB, 15.2s, uploaded
      manifest updated (21 entries)
  L11 (Ollie)  English sailors: Hawkins, Drake, Raleigh and exploration
      n13: Walter Raleigh was a court favourite of Elizabeth in the 1580s — soldier, poet, courtier, and from 1584 the ho
             -> 397 KB, 33.8s, uploaded
      n18: On Drake or Hawkins, separate what changed at the time (Drake’s 1580 plunder cleared the queen’s foreign debts
             -> 206 KB, 17.5s, uploaded
      manifest updated (22 entries)
  L12 (Ada)  The Elizabethan theatre and attitudes towards it
      n9: The most striking thing about an Elizabethan playhouse audience was its mix. Apprentices, dock workers and pro
             -> 473 KB, 40.4s, uploaded
      n13: Puritan critics went further. Puritans argued that the theatre was sinful in itself — it taught vanity, glorif
             -> 573 KB, 48.9s, uploaded
      n18: On the theatre, give distinct, concrete points: patronage by a named lord; afternoon performances in open-air 
             -> 283 KB, 24.2s, uploaded
      manifest updated (22 entries)
  L14 (Ada)  Kenilworth Castle: Historic Environment 2028
      n8: Notice what he did not build: nothing military. Kenilworth in the 1570s shows old defences repurposed as displ
             -> 165 KB, 14.1s, uploaded
      n10: Elizabeth had visited before — 1566, 1568, 1572 — but the visit of 9 to 27 July 1575 outdid everything in the 
             -> 669 KB, 57.1s, uploaded
      manifest updated (21 entries)

Regenerated 43 clips.

=== VERIFY (ranged GET + freshness) ===
  206  L01 n18  bytes 0-3/245376  Last-Modified: Sun, 06 Sep 2026 00:03:17 GMT  mp3-sync=OK
  206  L02 n2  bytes 0-3/328032  Last-Modified: Sun, 06 Sep 2026 00:03:22 GMT  mp3-sync=OK
  206  L02 n4  bytes 0-3/428544  Last-Modified: Sun, 06 Sep 2026 00:03:28 GMT  mp3-sync=OK
  206  L02 n16  bytes 0-3/330048  Last-Modified: Sun, 06 Sep 2026 00:03:32 GMT  mp3-sync=OK
  206  L02 n18  bytes 0-3/216864  Last-Modified: Sun, 06 Sep 2026 00:03:35 GMT  mp3-sync=OK
  206  L03 n10  bytes 0-3/326304  Last-Modified: Sun, 06 Sep 2026 00:03:41 GMT  mp3-sync=OK
  206  L03 n14  bytes 0-3/273888  Last-Modified: Sun, 06 Sep 2026 00:03:46 GMT  mp3-sync=OK
  206  L03 n16  bytes 0-3/213984  Last-Modified: Sun, 06 Sep 2026 00:03:49 GMT  mp3-sync=OK
  206  L04 n2  bytes 0-3/491616  Last-Modified: Sun, 06 Sep 2026 00:03:57 GMT  mp3-sync=OK
  206  L04 n5  bytes 0-3/266112  Last-Modified: Sun, 06 Sep 2026 00:04:01 GMT  mp3-sync=OK
  206  L04 n7  bytes 0-3/395424  Last-Modified: Sun, 06 Sep 2026 00:04:07 GMT  mp3-sync=OK
  206  L04 n8  bytes 0-3/337824  Last-Modified: Sun, 06 Sep 2026 00:04:12 GMT  mp3-sync=OK
  206  L04 n15  bytes 0-3/331776  Last-Modified: Sun, 06 Sep 2026 00:04:17 GMT  mp3-sync=OK
  206  L04 n18  bytes 0-3/250848  Last-Modified: Sun, 06 Sep 2026 00:04:21 GMT  mp3-sync=OK
  206  L05 n15  bytes 0-3/418464  Last-Modified: Sun, 06 Sep 2026 00:04:27 GMT  mp3-sync=OK
  206  L05 n18  bytes 0-3/226944  Last-Modified: Sun, 06 Sep 2026 00:04:31 GMT  mp3-sync=OK
  206  L05 n22  bytes 0-3/167328  Last-Modified: Sun, 06 Sep 2026 00:04:33 GMT  mp3-sync=OK
  206  L06 n12  bytes 0-3/453024  Last-Modified: Sun, 06 Sep 2026 00:04:39 GMT  mp3-sync=OK
  206  L06 n14  bytes 0-3/476064  Last-Modified: Sun, 06 Sep 2026 00:04:47 GMT  mp3-sync=OK
  206  L06 n18  bytes 0-3/242208  Last-Modified: Sun, 06 Sep 2026 00:04:50 GMT  mp3-sync=OK
  206  L07 n8  bytes 0-3/428256  Last-Modified: Sun, 06 Sep 2026 00:04:56 GMT  mp3-sync=OK
  206  L07 n11  bytes 0-3/423648  Last-Modified: Sun, 06 Sep 2026 00:05:02 GMT  mp3-sync=OK
  206  L07 n17  bytes 0-3/406656  Last-Modified: Sun, 06 Sep 2026 00:05:08 GMT  mp3-sync=OK
  206  L07 n18  bytes 0-3/231264  Last-Modified: Sun, 06 Sep 2026 00:05:11 GMT  mp3-sync=OK
  206  L08 n15  bytes 0-3/377280  Last-Modified: Sun, 06 Sep 2026 00:05:18 GMT  mp3-sync=OK
  206  L08 n19  bytes 0-3/373248  Last-Modified: Sun, 06 Sep 2026 00:05:24 GMT  mp3-sync=OK
  206  L08 n20  bytes 0-3/286848  Last-Modified: Sun, 06 Sep 2026 00:05:28 GMT  mp3-sync=OK
  206  L09 n9  bytes 0-3/419328  Last-Modified: Sun, 06 Sep 2026 00:05:34 GMT  mp3-sync=OK
  206  L09 n16  bytes 0-3/298944  Last-Modified: Sun, 06 Sep 2026 00:05:39 GMT  mp3-sync=OK
  206  L09 n17  bytes 0-3/216576  Last-Modified: Sun, 06 Sep 2026 00:05:43 GMT  mp3-sync=OK
  206  L10 n6  bytes 0-3/451872  Last-Modified: Sun, 06 Sep 2026 00:05:49 GMT  mp3-sync=OK
  206  L10 n12  bytes 0-3/616608  Last-Modified: Sun, 06 Sep 2026 00:05:57 GMT  mp3-sync=OK
  206  L10 n15  bytes 0-3/453024  Last-Modified: Sun, 06 Sep 2026 00:06:03 GMT  mp3-sync=OK
  206  L10 n16  bytes 0-3/442944  Last-Modified: Sun, 06 Sep 2026 00:06:09 GMT  mp3-sync=OK
  206  L10 n17  bytes 0-3/287712  Last-Modified: Sun, 06 Sep 2026 00:06:13 GMT  mp3-sync=OK
  206  L10 n21  bytes 0-3/182592  Last-Modified: Sun, 06 Sep 2026 00:06:16 GMT  mp3-sync=OK
  206  L11 n13  bytes 0-3/406080  Last-Modified: Sun, 06 Sep 2026 00:06:24 GMT  mp3-sync=OK
  206  L11 n18  bytes 0-3/210528  Last-Modified: Sun, 06 Sep 2026 00:06:27 GMT  mp3-sync=OK
  206  L12 n9  bytes 0-3/484416  Last-Modified: Sun, 06 Sep 2026 00:06:33 GMT  mp3-sync=OK
  206  L12 n13  bytes 0-3/586656  Last-Modified: Sun, 06 Sep 2026 00:06:41 GMT  mp3-sync=OK
  206  L12 n18  bytes 0-3/290016  Last-Modified: Sun, 06 Sep 2026 00:06:45 GMT  mp3-sync=OK
  206  L14 n8  bytes 0-3/169056  Last-Modified: Sun, 06 Sep 2026 00:06:48 GMT  mp3-sync=OK
  206  L14 n10  bytes 0-3/685440  Last-Modified: Sun, 06 Sep 2026 00:06:57 GMT  mp3-sync=OK

43/43 clips verified HTTP 200/206 with fresh audio.
