
=== RE-NARRATION (changed narrated text only) ===
backup: C:\Users\tshau\Documents\Study Vault\scripts\_retrofc\units\separate-sciences-ocr-b__physics-forces-motion-radioactivity\_backup.json
unit:   separate-sciences-ocr-b / physics-forces-motion-radioactivity
run: 2026-09-05T15:24:51Z  mode: LIVE

4 lessons, 8 clips to regenerate

  L02 (Ada)  Describing Motion — Speed, Velocity, Acceleration
      n37: When interpreting motion graphs, look at the gradient first. A flat line on a distance-time graph means the ob
             -> 481 KB, 41.0s, uploaded
      manifest updated (37 entries)
  L03 (Ollie)  Energy in Motion — Crumple Zones and Momentum
      n35: Consider two trolleys: trolley A (2 kg, moving at 3 m/s) collides with stationary trolley B (1 kg) and they st
             -> 514 KB, 43.9s, uploaded
      n29: (Higher tier) Crumple zone answers need every step: the crumple zone extends collision time (t increases); for
             -> 468 KB, 39.9s, uploaded
      n33: Higher tier: momentum p equals mv is conserved in collisions. Crumple zones extend collision time, reducing th
             -> 149 KB, 12.7s, uploaded
      manifest updated (35 entries)
  L04 (Ada)  Radioactivity and Half-Life
      n29: Half-life is the time for activity to halve. At Higher tier you also give the fraction remaining after n half-
             -> 215 KB, 18.4s, uploaded
      manifest updated (29 entries)
  L05 (Ollie)  Using Radioactive Materials Safely
      n8: Alpha radiation has the highest ionising ability but the lowest penetrating power — stopped by a few centimetr
             -> 331 KB, 28.2s, uploaded
      n13: To explore an internal organ, a patient swallows or is injected with a radioactive tracer. Tracers are normall
             -> 619 KB, 52.8s, uploaded
      n23: In ‘evaluate the use of ionising radiation’ questions, always address both sides: a specific benefit (e.g. PET
             -> 410 KB, 35.0s, uploaded
      manifest updated (27 entries)

Regenerated 8 clips.

=== VERIFY (ranged GET + freshness) ===
  206  L02 n37  bytes 0-3/492192  Last-Modified: Sat, 05 Sep 2026 15:25:01 GMT  mp3-sync=OK
  206  L03 n35  bytes 0-3/526464  Last-Modified: Sat, 05 Sep 2026 15:25:10 GMT  mp3-sync=OK
  206  L03 n29  bytes 0-3/479232  Last-Modified: Sat, 05 Sep 2026 15:25:17 GMT  mp3-sync=OK
  206  L03 n33  bytes 0-3/152928  Last-Modified: Sat, 05 Sep 2026 15:25:20 GMT  mp3-sync=OK
  206  L04 n29  bytes 0-3/220608  Last-Modified: Sat, 05 Sep 2026 15:25:25 GMT  mp3-sync=OK
  206  L05 n8  bytes 0-3/338688  Last-Modified: Sat, 05 Sep 2026 15:25:32 GMT  mp3-sync=OK
  206  L05 n13  bytes 0-3/633888  Last-Modified: Sat, 05 Sep 2026 15:25:41 GMT  mp3-sync=OK
  206  L05 n23  bytes 0-3/419904  Last-Modified: Sat, 05 Sep 2026 15:25:47 GMT  mp3-sync=OK

8/8 clips verified HTTP 200/206 with fresh audio.
