=== APPLY EDITS english-literature-eduqas/never-let-me-go  148 edits  LIVE  2026-09-02T22:38:54.757Z
  ok   #0 L1.practice_questions[0].type [HIGH] F2: the novel question is one 40-mark source-based response built on a printed extract plus the whole novel; t
  ok   #1 L1.practice_questions[0].marks [HIGH] F3: ladder rescaled to the real 40-mark total in five equal house bands; AO4/context credit removed (context i
  ok   #2 L1.practice_questions[1].type [HIGH] F2: the novel question is one 40-mark source-based response built on a printed extract plus the whole novel; t
  ok   #3 L1.practice_questions[1].marks [HIGH] F3: ladder rescaled to the real 40-mark total in five equal house bands; AO4/context credit removed (context i
  ok   #4 L1.practice_questions[2].type [HIGH] F2: the novel question is one 40-mark source-based response built on a printed extract plus the whole novel; t
  ok   #5 L1.practice_questions[2].marks [HIGH] F3: ladder rescaled to the real 40-mark total in five equal house bands; AO4/context credit removed (context i
  ok   #6 L1.practice_questions[3].type [HIGH] F2: the novel question is one 40-mark source-based response built on a printed extract plus the whole novel; t
  ok   #7 L1.practice_questions[3].marks [HIGH] F3: ladder rescaled to the real 40-mark total in five equal house bands; AO4/context credit removed (context i
  ok   #8 L1.practice_questions[4].type [HIGH] F2: the novel question is one 40-mark source-based response built on a printed extract plus the whole novel; t
  ok   #9 L1.practice_questions[4].marks [HIGH] F3: ladder rescaled to the real 40-mark total in five equal house bands; AO4/context credit removed (context i
  ok   #10 L1.practice_questions[5].type [HIGH] F2: the novel question is one 40-mark source-based response built on a printed extract plus the whole novel; t
  ok   #11 L1.practice_questions[5].marks [HIGH] F3: ladder rescaled to the real 40-mark total in five equal house bands; AO4/context credit removed (context i
  ok   #97 L1.content_html [HIGH] F1: no 20 + 20 split in the spec; AO4 is spelling, punctuation and grammar, not context, and context is not as
  ok   #98 L1.content_html [MEDIUM] F4: house rule - never name the board in lesson fields.
  ok   #99 L1.content_html [HIGH] F1/F4: wrong mark split and wrong AO4 definition; board name and banned component code removed.
  ok   #100 L1.content_html [MEDIUM] F5: the phrase is Miss Lucy's, in the second person - 'you've been told and not told' (ch. 7).
  ok   #101 L1.content_html [HIGH] F5: misattributed quotation - Miss Lucy says it in Chapter 7, not Kathy.
  ok   #102 L1.conclusion_html [HIGH] F5: misattributed quotation.
  ok   #103 L1.exam_tip_html [HIGH] F1: one 40-mark response, not parts (a) and (b); context is not assessed and AO4 is not context.
  ok   #104 L1.exam_tip_html [HIGH] F1: context earns no marks in this section; AO4 accuracy does.
  ok   #105 L1.knowledge_checks[2].q [HIGH] F5: misattributed quotation; answer key unchanged (told / told).
  ok   #106 L1.flashcard_questions[3].a [LOW] F6: single-word flashcard answer; the question does not begin What is / Who was / When / Name.
  ok   #107 L1.flashcard_questions[4].a [LOW] F6: single-word flashcard answer.
  ok   #108 L1.flashcard_questions[8].q [HIGH] F5: misattributed quotation.
  ok   #109 L1.flashcard_questions[8].a [HIGH] F5: Miss Lucy's wording is second person; the safe verbatim fragment is 'told and not told'.
  PATCH L1: practice_questions, content_html, conclusion_html, exam_tip_html, knowledge_checks, flashcard_questions
  ok   #12 L2.practice_questions[0].type [HIGH] F2: the novel question is one 40-mark source-based response built on a printed extract plus the whole novel; t
  ok   #13 L2.practice_questions[0].marks [HIGH] F3: ladder rescaled to the real 40-mark total in five equal house bands; AO4/context credit removed (context i
  ok   #14 L2.practice_questions[1].type [HIGH] F2: the novel question is one 40-mark source-based response built on a printed extract plus the whole novel; t
  ok   #15 L2.practice_questions[1].marks [HIGH] F3: ladder rescaled to the real 40-mark total in five equal house bands; AO4/context credit removed (context i
  ok   #16 L2.practice_questions[2].type [HIGH] F2: the novel question is one 40-mark source-based response built on a printed extract plus the whole novel; t
  ok   #17 L2.practice_questions[2].marks [HIGH] F3: ladder rescaled to the real 40-mark total in five equal house bands; AO4/context credit removed (context i
  ok   #18 L2.practice_questions[3].type [HIGH] F2: the novel question is one 40-mark source-based response built on a printed extract plus the whole novel; t
  ok   #19 L2.practice_questions[3].marks [HIGH] F3: ladder rescaled to the real 40-mark total in five equal house bands; AO4/context credit removed (context i
  ok   #20 L2.practice_questions[4].type [HIGH] F2: the novel question is one 40-mark source-based response built on a printed extract plus the whole novel; t
  ok   #21 L2.practice_questions[4].marks [HIGH] F3: ladder rescaled to the real 40-mark total in five equal house bands; AO4/context credit removed (context i
  ok   #22 L2.practice_questions[5].type [HIGH] F2: the novel question is one 40-mark source-based response built on a printed extract plus the whole novel; t
  ok   #23 L2.practice_questions[5].marks [HIGH] F3: ladder rescaled to the real 40-mark total in five equal house bands; AO4/context credit removed (context i
  ok   #110 L2.content_html [HIGH] F5: misattributed quotation.
  ok   #111 L2.content_html [MEDIUM] F5: misattributed quotation (glossary definition inside data-def).
  ok   #112 L2.glossary_terms[5].definition [MEDIUM] F5: keeps the glossary in step with the data-def fix.
  ok   #113 L2.exam_tip_html [HIGH] F1: one 40-mark response, not parts (a) and (b).
  ok   #114 L2.exam_tip_html [HIGH] F1: one 40-mark response, not parts (a) and (b).
  PATCH L2: practice_questions, content_html, glossary_terms, exam_tip_html
  ok   #24 L3.practice_questions[0].type [HIGH] F2: the novel question is one 40-mark source-based response built on a printed extract plus the whole novel; t
  ok   #25 L3.practice_questions[0].marks [HIGH] F3: ladder rescaled to the real 40-mark total in five equal house bands; AO4/context credit removed (context i
  ok   #26 L3.practice_questions[1].type [HIGH] F2: the novel question is one 40-mark source-based response built on a printed extract plus the whole novel; t
  ok   #27 L3.practice_questions[1].marks [HIGH] F3: ladder rescaled to the real 40-mark total in five equal house bands; AO4/context credit removed (context i
  ok   #28 L3.practice_questions[2].type [HIGH] F2: the novel question is one 40-mark source-based response built on a printed extract plus the whole novel; t
  ok   #29 L3.practice_questions[2].marks [HIGH] F3: ladder rescaled to the real 40-mark total in five equal house bands; AO4/context credit removed (context i
  ok   #30 L3.practice_questions[3].type [HIGH] F2: the novel question is one 40-mark source-based response built on a printed extract plus the whole novel; t
  ok   #31 L3.practice_questions[3].marks [HIGH] F3: ladder rescaled to the real 40-mark total in five equal house bands; AO4/context credit removed (context i
  ok   #32 L3.practice_questions[4].type [HIGH] F2: the novel question is one 40-mark source-based response built on a printed extract plus the whole novel; t
  ok   #33 L3.practice_questions[4].marks [HIGH] F3: ladder rescaled to the real 40-mark total in five equal house bands; AO4/context credit removed (context i
  ok   #34 L3.practice_questions[5].type [HIGH] F2: the novel question is one 40-mark source-based response built on a printed extract plus the whole novel; t
  ok   #35 L3.practice_questions[5].marks [HIGH] F3: ladder rescaled to the real 40-mark total in five equal house bands; AO4/context credit removed (context i
  ok   #115 L3.exam_tip_html [HIGH] F1: one 40-mark response, not parts (a) and (b).
  ok   #116 L3.exam_tip_html [HIGH] F1: one 40-mark response, not parts (a) and (b).
  PATCH L3: practice_questions, exam_tip_html
  ok   #36 L4.practice_questions[0].type [HIGH] F2: the novel question is one 40-mark source-based response built on a printed extract plus the whole novel; t
  ok   #37 L4.practice_questions[0].marks [HIGH] F3: ladder rescaled to the real 40-mark total in five equal house bands; AO4/context credit removed (context i
  ok   #38 L4.practice_questions[1].type [HIGH] F2: the novel question is one 40-mark source-based response built on a printed extract plus the whole novel; t
  ok   #39 L4.practice_questions[1].marks [HIGH] F3: ladder rescaled to the real 40-mark total in five equal house bands; AO4/context credit removed (context i
  ok   #40 L4.practice_questions[2].type [HIGH] F2: the novel question is one 40-mark source-based response built on a printed extract plus the whole novel; t
  ok   #41 L4.practice_questions[2].marks [HIGH] F3: ladder rescaled to the real 40-mark total in five equal house bands; AO4/context credit removed (context i
  ok   #42 L4.practice_questions[3].type [HIGH] F2: the novel question is one 40-mark source-based response built on a printed extract plus the whole novel; t
  ok   #43 L4.practice_questions[3].marks [HIGH] F3: ladder rescaled to the real 40-mark total in five equal house bands; AO4/context credit removed (context i
  ok   #44 L4.practice_questions[4].type [HIGH] F2: the novel question is one 40-mark source-based response built on a printed extract plus the whole novel; t
  ok   #45 L4.practice_questions[4].marks [HIGH] F3: ladder rescaled to the real 40-mark total in five equal house bands; AO4/context credit removed (context i
  ok   #46 L4.practice_questions[5].type [HIGH] F2: the novel question is one 40-mark source-based response built on a printed extract plus the whole novel; t
  ok   #47 L4.practice_questions[5].marks [HIGH] F3: ladder rescaled to the real 40-mark total in five equal house bands; AO4/context credit removed (context i
  ok   #117 L4.content_html [MEDIUM] F7: fixes the setting so the 'deathbed' error elsewhere cannot survive; Ruth apologises after the boat trip.
  ok   #118 L4.content_html [MEDIUM] F8: duplicated clause with a missing full stop, carrying an unverifiable quotation.
  ok   #119 L4.content_html [LOW] F9: missing full stop.
  ok   #120 L4.content_html [HIGH] F10: the river image is Tommy's, spoken in the last chapter when he asks Kathy to stop being his carer; it is 
  ok   #121 L4.exam_tip_html [HIGH] F1: one 40-mark response, not parts (a) and (b).
  ok   #122 L4.exam_tip_html [HIGH] F1: AO4 is technical accuracy, not context material.
  ok   #123 L4.flashcard_questions[5].q [MEDIUM] F11: the scream happens on the way back from Madame's house on the south coast, not in Norfolk.
  PATCH L4: practice_questions, content_html, exam_tip_html, flashcard_questions
  ok   #48 L5.practice_questions[0].type [HIGH] F2: the novel question is one 40-mark source-based response built on a printed extract plus the whole novel; t
  ok   #49 L5.practice_questions[0].marks [HIGH] F3: ladder rescaled to the real 40-mark total in five equal house bands; AO4/context credit removed (context i
  ok   #50 L5.practice_questions[1].type [HIGH] F2: the novel question is one 40-mark source-based response built on a printed extract plus the whole novel; t
  ok   #51 L5.practice_questions[1].marks [HIGH] F3: ladder rescaled to the real 40-mark total in five equal house bands; AO4/context credit removed (context i
  ok   #52 L5.practice_questions[2].type [HIGH] F2: the novel question is one 40-mark source-based response built on a printed extract plus the whole novel; t
  ok   #53 L5.practice_questions[2].marks [HIGH] F3: ladder rescaled to the real 40-mark total in five equal house bands; AO4/context credit removed (context i
  ok   #54 L5.practice_questions[3].type [HIGH] F2: the novel question is one 40-mark source-based response built on a printed extract plus the whole novel; t
  ok   #55 L5.practice_questions[3].marks [HIGH] F3: ladder rescaled to the real 40-mark total in five equal house bands; AO4/context credit removed (context i
  ok   #56 L5.practice_questions[4].type [HIGH] F2: the novel question is one 40-mark source-based response built on a printed extract plus the whole novel; t
  ok   #57 L5.practice_questions[4].marks [HIGH] F3: ladder rescaled to the real 40-mark total in five equal house bands; AO4/context credit removed (context i
  ok   #58 L5.practice_questions[5].type [HIGH] F2: the novel question is one 40-mark source-based response built on a printed extract plus the whole novel; t
  ok   #59 L5.practice_questions[5].marks [HIGH] F3: ladder rescaled to the real 40-mark total in five equal house bands; AO4/context credit removed (context i
  ok   #124 L5.content_html [HIGH] F7: Ruth apologises in the car after the boat trip, while recovering from a donation; she completes later.
  ok   #125 L5.conclusion_html [HIGH] F7: not a deathbed scene.
  ok   #126 L5.knowledge_checks[2].q [HIGH] F7: not a deathbed scene; answer key unchanged.
  ok   #127 L5.flashcard_questions[4].q [HIGH] F7: not a deathbed scene.
  ok   #128 L5.flashcard_questions[2].q [MEDIUM] F11: the scream is on the drive back from Madame's house, not in Norfolk.
  ok   #129 L5.exam_tip_html [MEDIUM] F1: AO4 is technical accuracy, not thematic context.
  PATCH L5: practice_questions, content_html, conclusion_html, knowledge_checks, flashcard_questions, exam_tip_html
  ok   #60 L6.practice_questions[0].type [HIGH] F2: the novel question is one 40-mark source-based response built on a printed extract plus the whole novel; t
  ok   #61 L6.practice_questions[0].marks [HIGH] F3: ladder rescaled to the real 40-mark total in five equal house bands; AO4/context credit removed (context i
  ok   #62 L6.practice_questions[1].type [HIGH] F2: the novel question is one 40-mark source-based response built on a printed extract plus the whole novel; t
  ok   #63 L6.practice_questions[1].marks [HIGH] F3: ladder rescaled to the real 40-mark total in five equal house bands; AO4/context credit removed (context i
  ok   #64 L6.practice_questions[2].type [HIGH] F2: the novel question is one 40-mark source-based response built on a printed extract plus the whole novel; t
  ok   #65 L6.practice_questions[2].marks [HIGH] F3: ladder rescaled to the real 40-mark total in five equal house bands; AO4/context credit removed (context i
  ok   #66 L6.practice_questions[3].type [HIGH] F2: the novel question is one 40-mark source-based response built on a printed extract plus the whole novel; t
  ok   #67 L6.practice_questions[3].marks [HIGH] F3: ladder rescaled to the real 40-mark total in five equal house bands; AO4/context credit removed (context i
  ok   #68 L6.practice_questions[4].type [HIGH] F2: the novel question is one 40-mark source-based response built on a printed extract plus the whole novel; t
  ok   #69 L6.practice_questions[4].marks [HIGH] F3: ladder rescaled to the real 40-mark total in five equal house bands; AO4/context credit removed (context i
  ok   #70 L6.practice_questions[5].type [HIGH] F2: the novel question is one 40-mark source-based response built on a printed extract plus the whole novel; t
  ok   #71 L6.practice_questions[5].marks [HIGH] F3: ladder rescaled to the real 40-mark total in five equal house bands; AO4/context credit removed (context i
  ok   #130 L6.exam_tip_html [HIGH] F1: one 40-mark response, not parts (a) and (b).
  PATCH L6: practice_questions, exam_tip_html
  ok   #72 L7.practice_questions[0].type [HIGH] F2: the novel question is one 40-mark source-based response built on a printed extract plus the whole novel; t
  ok   #73 L7.practice_questions[0].marks [HIGH] F3: ladder rescaled to the real 40-mark total in five equal house bands; AO4/context credit removed (context i
  ok   #74 L7.practice_questions[1].type [HIGH] F2: the novel question is one 40-mark source-based response built on a printed extract plus the whole novel; t
  ok   #75 L7.practice_questions[1].marks [HIGH] F3: ladder rescaled to the real 40-mark total in five equal house bands; AO4/context credit removed (context i
  ok   #76 L7.practice_questions[2].type [HIGH] F2: the novel question is one 40-mark source-based response built on a printed extract plus the whole novel; t
  ok   #77 L7.practice_questions[2].marks [HIGH] F3: ladder rescaled to the real 40-mark total in five equal house bands; AO4/context credit removed (context i
  ok   #78 L7.practice_questions[2].text [MEDIUM] F14: the boat trip in Chapter 19 is Kathy, Tommy and Ruth together.
  ok   #79 L7.practice_questions[3].type [HIGH] F2: the novel question is one 40-mark source-based response built on a printed extract plus the whole novel; t
  ok   #80 L7.practice_questions[3].marks [HIGH] F3: ladder rescaled to the real 40-mark total in five equal house bands; AO4/context credit removed (context i
  ok   #81 L7.practice_questions[4].type [HIGH] F2: the novel question is one 40-mark source-based response built on a printed extract plus the whole novel; t
  ok   #82 L7.practice_questions[4].marks [HIGH] F3: ladder rescaled to the real 40-mark total in five equal house bands; AO4/context credit removed (context i
  ok   #83 L7.practice_questions[5].type [HIGH] F2: the novel question is one 40-mark source-based response built on a printed extract plus the whole novel; t
  ok   #84 L7.practice_questions[5].marks [HIGH] F3: ladder rescaled to the real 40-mark total in five equal house bands; AO4/context credit removed (context i
  ok   #131 L7.content_html [MEDIUM] F12: the second half of this composite quotation is not Madame's wording; she describes the child holding the 
  ok   #132 L7.content_html [MEDIUM] F14: the boat trip in Chapter 19 is all three of them; it is Ruth's last outing.
  ok   #133 L7.content_html [HIGH] F10: the river image is Tommy's speech in the last chapter, not the novel's final paragraph.
  ok   #134 L7.content_html [HIGH] F10: Tommy's river speech is not part of the final scene; the closing image is rubbish caught on the fence.
  ok   #135 L7.exam_tip_html [HIGH] F1: one 40-mark response, not parts (a) and (b).
  ok   #136 L7.exam_tip_html [HIGH] F1: one 40-mark response, not parts (a) and (b).
  ok   #137 L7.flashcard_questions[11].q [MEDIUM] F13: the line is the refrain of the Judy Bridgewater song, not something Kathy says.
  PATCH L7: practice_questions, content_html, exam_tip_html, flashcard_questions
  ok   #85 L8.practice_questions[0].type [HIGH] F2: the novel question is one 40-mark source-based response built on a printed extract plus the whole novel; t
  ok   #86 L8.practice_questions[0].marks [HIGH] F3: ladder rescaled to the real 40-mark total in five equal house bands; AO4/context credit removed (context i
  ok   #87 L8.practice_questions[1].type [HIGH] F2: the novel question is one 40-mark source-based response built on a printed extract plus the whole novel; t
  ok   #88 L8.practice_questions[1].marks [HIGH] F3: ladder rescaled to the real 40-mark total in five equal house bands; AO4/context credit removed (context i
  ok   #89 L8.practice_questions[2].type [HIGH] F2: the novel question is one 40-mark source-based response built on a printed extract plus the whole novel; t
  ok   #90 L8.practice_questions[2].marks [HIGH] F3: ladder rescaled to the real 40-mark total in five equal house bands; AO4/context credit removed (context i
  ok   #91 L8.practice_questions[3].type [HIGH] F2: the novel question is one 40-mark source-based response built on a printed extract plus the whole novel; t
  ok   #92 L8.practice_questions[3].marks [HIGH] F3: ladder rescaled to the real 40-mark total in five equal house bands; AO4/context credit removed (context i
  ok   #93 L8.practice_questions[4].type [HIGH] F2: the novel question is one 40-mark source-based response built on a printed extract plus the whole novel; t
  ok   #94 L8.practice_questions[4].marks [HIGH] F3: ladder rescaled to the real 40-mark total in five equal house bands; AO4/context credit removed (context i
  ok   #95 L8.practice_questions[5].type [HIGH] F2: the novel question is one 40-mark source-based response built on a printed extract plus the whole novel; t
  ok   #96 L8.practice_questions[5].marks [HIGH] F3: ladder rescaled to the real 40-mark total in five equal house bands; AO4/context credit removed (context i
  ok   #138 L8.content_html [HIGH] F5: Miss Lucy's wording is second person.
  ok   #139 L8.content_html [HIGH] F1: one 40-mark response; AO4 is technical accuracy and context is not assessed in this section.
  ok   #140 L8.content_html [MEDIUM] F1: replaces a deflection with the spec's facts.
  ok   #141 L8.conclusion_html [HIGH] F4/F1: board name removed (house rule); context is not assessed in this section.
  ok   #142 L8.knowledge_checks[4].left [MEDIUM] F5: Miss Lucy's wording is second person; match order unchanged.
  ok   #143 L8.flashcard_questions[0].a [HIGH] F5: misattributed and misworded quotation.
  ok   #144 L8.flashcard_questions[2].q [LOW] F15: this is not the novel's closing line.
  ok   #145 L8.flashcard_questions[11].q [MEDIUM] F4: house rule - never name the board in lesson fields.
  ok   #146 L8.flashcard_questions[12].q [HIGH] F1/F4: board name removed; there is no separate wider-text task.
  ok   #147 L8.flashcard_questions[12].a [HIGH] F1: AO4 is spelling, punctuation and grammar; context is not assessed in this section.
  PATCH L8: practice_questions, content_html, conclusion_html, knowledge_checks, flashcard_questions
=== 148 applied, 0 skipped, 8 lessons / 33 fields changed
