
=== RE-NARRATION (changed narrated text only) ===
backup: C:\Users\tshau\Documents\Study Vault\scripts\_retrofc\units\english-literature-eduqas__never-let-me-go\_backup.json
unit:   english-literature-eduqas / never-let-me-go
run: 2026-09-02T22:38:58Z  mode: LIVE

8 lessons, 24 clips to regenerate

  L01 (Ollie)  Context: Science, Ethics & Dystopia
      n3: In the exam you answer one question on Never Let Me Go , worth 40 marks. You are given a printed extract, and 
             -> 315 KB, 26.9s, uploaded
      n4: Key Fact . The novel question is worth 40 marks. It is one source-based response: you work from a printed extr
             -> 290 KB, 24.7s, uploaded
      n16: “Told and Not Told”
             -> 24 KB, 2.1s, uploaded
      n17: One of the novel’s most important phrases appears early. In Chapter 7 Miss Lucy tells the students that they h
             -> 456 KB, 39.0s, uploaded
      n19: Focus closely on the language of the printed extract — analyse specific words and phrases, not just ideas. The
             -> 294 KB, 25.1s, uploaded
      n23: Miss Lucy’s phrase “told and not told” describes both the characters’ experience and the reader’s: Ishiguro us
             -> 115 KB, 9.8s, uploaded
      manifest updated (23 entries)
  L02 (Ada)  Hailsham: Childhood & Clues
      n16: Miss Lucy names the paradox: the students have been “told and not told”. The guardians drip-fed information in
             -> 416 KB, 35.5s, uploaded
      n17: When analysing a Hailsham extract, focus on what is not said as much as what is. Ishiguro’s power lies in gaps
             -> 278 KB, 23.7s, uploaded
      manifest updated (21 entries)
  L03 (Ollie)  The Cottages & the Outside World
      n18: On a Cottages extract, analyse how Ishiguro presents the gap between the clones’ attempts at normality and the
             -> 253 KB, 21.6s, uploaded
      manifest updated (22 entries)
  L04 (Ada)  Donations & the Ending
      n6: Ruth, now a donor whose body is failing, makes a confession to Kathy and Tommy in the car on the way back from
             -> 311 KB, 26.6s, uploaded
      n11: After learning the deferral is a myth, Tommy asks Kathy to pull the car over. He gets out and screams. Kathy d
             -> 298 KB, 25.4s, uploaded
      n15: The novel closes with Kathy standing at a wire fence in Norfolk. Tommy has completed. Ruth is gone. Hailsham i
             -> 257 KB, 21.9s, uploaded
      n18: On an ending extract, analyse Ishiguro’s sentence structures: short, controlled sentences show Kathy’s restrai
             -> 267 KB, 22.8s, uploaded
      manifest updated (22 entries)
  L05 (Ollie)  Character Analysis
      n9: Yet Ruth is also deeply vulnerable. Her fantasies are a desperate attempt to construct an identity in a world 
             -> 415 KB, 35.4s, uploaded
      n16: For character-focused questions, avoid simply describing what characters do — analyse how Ishiguro presents th
             -> 318 KB, 27.1s, uploaded
      n20: Ruth’s manipulation masks deep vulnerability, and her confession in the car after the boat trip is the novel’s
             -> 95 KB, 8.1s, uploaded
      manifest updated (20 entries)
  L06 (Ada)  Structure, Narration & Memory
      n17: Structure and narration are prime AO2 territory. First analyse how Ishiguro’s narrative choices — Kathy’s tone
             -> 272 KB, 23.2s, uploaded
      manifest updated (21 entries)
  L07 (Ollie)  Symbolism & Setting
      n2: The novel’s title comes from a song on a cassette tape. Young Kathy treasures a tape by a fictional singer, Ju
             -> 426 KB, 36.3s, uploaded
      n15: Near the end of the novel, Kathy, Tommy and Ruth visit a beached, decaying boat on the Norfolk marshes. The bo
             -> 368 KB, 31.4s, uploaded
      n17: The novel closes with Kathy at a wire fence in Norfolk. She imagines everything she has lost being blown towar
             -> 345 KB, 29.4s, uploaded
      n18: Symbolism is prime AO2 material. First select specific images from the printed extract (the tape, the fence, t
             -> 368 KB, 31.4s, uploaded
      manifest updated (22 entries)
  L08 (Ada)  Key Themes & Exam Technique
      n13: Key Fact . Five key quotations: “told and not told” (conditioning and denial), “Your lives are set out for you
             -> 233 KB, 19.9s, uploaded
      n18: Work closely on the printed extract first: analyse Ishiguro’s specific language choices (euphemism, understate
             -> 488 KB, 41.7s, uploaded
      n23: In the exam, analyse how Ishiguro creates meaning through language, structure, and narrative technique — not j
             -> 153 KB, 13.1s, uploaded
      manifest updated (23 entries)

Regenerated 24 clips.

=== VERIFY (ranged GET + freshness) ===
  206  L01 n3  bytes 0-3/322272  Last-Modified: Wed, 02 Sep 2026 22:39:07 GMT  mp3-sync=OK
  206  L01 n4  bytes 0-3/296928  Last-Modified: Wed, 02 Sep 2026 22:39:12 GMT  mp3-sync=OK
  206  L01 n16  bytes 0-3/24768  Last-Modified: Wed, 02 Sep 2026 22:39:13 GMT  mp3-sync=OK
  206  L01 n17  bytes 0-3/467424  Last-Modified: Wed, 02 Sep 2026 22:39:20 GMT  mp3-sync=OK
  206  L01 n19  bytes 0-3/301536  Last-Modified: Wed, 02 Sep 2026 22:39:25 GMT  mp3-sync=OK
  206  L01 n23  bytes 0-3/117792  Last-Modified: Wed, 02 Sep 2026 22:39:27 GMT  mp3-sync=OK
  206  L02 n16  bytes 0-3/425952  Last-Modified: Wed, 02 Sep 2026 22:39:34 GMT  mp3-sync=OK
  206  L02 n17  bytes 0-3/284256  Last-Modified: Wed, 02 Sep 2026 22:39:39 GMT  mp3-sync=OK
  206  L03 n18  bytes 0-3/259200  Last-Modified: Wed, 02 Sep 2026 22:39:43 GMT  mp3-sync=OK
  206  L04 n6  bytes 0-3/318816  Last-Modified: Wed, 02 Sep 2026 22:39:48 GMT  mp3-sync=OK
  206  L04 n11  bytes 0-3/304704  Last-Modified: Wed, 02 Sep 2026 22:39:54 GMT  mp3-sync=OK
  206  L04 n15  bytes 0-3/263232  Last-Modified: Wed, 02 Sep 2026 22:39:58 GMT  mp3-sync=OK
  206  L04 n18  bytes 0-3/273312  Last-Modified: Wed, 02 Sep 2026 22:40:03 GMT  mp3-sync=OK
  206  L05 n9  bytes 0-3/424512  Last-Modified: Wed, 02 Sep 2026 22:40:11 GMT  mp3-sync=OK
  206  L05 n16  bytes 0-3/325440  Last-Modified: Wed, 02 Sep 2026 22:40:16 GMT  mp3-sync=OK
  206  L05 n20  bytes 0-3/97344  Last-Modified: Wed, 02 Sep 2026 22:40:18 GMT  mp3-sync=OK
  206  L06 n17  bytes 0-3/278496  Last-Modified: Wed, 02 Sep 2026 22:40:24 GMT  mp3-sync=OK
  206  L07 n2  bytes 0-3/436032  Last-Modified: Wed, 02 Sep 2026 22:40:30 GMT  mp3-sync=OK
  206  L07 n15  bytes 0-3/376704  Last-Modified: Wed, 02 Sep 2026 22:40:36 GMT  mp3-sync=OK
  206  L07 n17  bytes 0-3/353088  Last-Modified: Wed, 02 Sep 2026 22:40:42 GMT  mp3-sync=OK
  206  L07 n18  bytes 0-3/376416  Last-Modified: Wed, 02 Sep 2026 22:40:48 GMT  mp3-sync=OK
  206  L08 n13  bytes 0-3/239040  Last-Modified: Wed, 02 Sep 2026 22:40:53 GMT  mp3-sync=OK
  206  L08 n18  bytes 0-3/499968  Last-Modified: Wed, 02 Sep 2026 22:41:01 GMT  mp3-sync=OK
  206  L08 n23  bytes 0-3/156672  Last-Modified: Wed, 02 Sep 2026 22:41:04 GMT  mp3-sync=OK

24/24 clips verified HTTP 200/206 with fresh audio.
