
=== RE-NARRATION (changed narrated text only) ===
backup: C:\Users\tshau\Documents\Study Vault\scripts\_retrofc\units\film-studies-eduqas__developments-in-film-technology\_backup.json
unit:   film-studies-eduqas / developments-in-film-technology
run: 2026-09-04T23:06:58Z  mode: LIVE

3 lessons, 17 clips to regenerate

  L01 (Ollie)  Silent Cinema to Sound: 1895-1935
      n2: On 28 December 1895, Auguste and Louis Lumière projected a series of short films to a paying audience in the b
             -> 347 KB, 29.6s, uploaded
      n12: By 1930, Los Angeles had become the centre of world film production. The Californian light, the variety of lan
             -> 434 KB, 37.1s, uploaded
      n15: On 6 October 1927, Warner Bros. released The Jazz Singer , starring Al Jolson. It was not the first film to ha
             -> 325 KB, 27.7s, uploaded
      n17: Key Fact . The Jazz Singer (1927, Warner Bros.) used the Vitaphone sound-on-disc system and showed that featur
             -> 170 KB, 14.5s, uploaded
      manifest updated (25 entries)
  L02 (Ada)  Widescreen, Steadicam and the Push for Spectacle: 1948-1990s
      n8: A wide frame is not simply a bigger frame — it is a different compositional challenge. In a near-square frame,
             -> 556 KB, 47.5s, uploaded
      n12: Key Fact . The Steadicam was created by Garrett Brown and first introduced in 1975. Its feature-film debut was
             -> 255 KB, 21.7s, uploaded
      n14: In 1975, American inventor and cameraman Garrett Brown introduced the Steadicam , a body-mounted stabilisation
             -> 323 KB, 27.6s, uploaded
      n18: In Terminator 2: Judgment Day (1991, directed by James Cameron), the T-1000 antagonist was rendered as a liqui
             -> 780 KB, 66.6s, uploaded
      n19: A common error is to credit the Steadicam to a studio (often Panavision or ILM) rather than to its actual inve
             -> 337 KB, 28.8s, uploaded
      n20: For “identify” or “name” questions on this topic, precision is everything. Students often confuse CinemaScope 
             -> 643 KB, 54.8s, uploaded
      n23: The Steadicam, created by Garrett Brown and first introduced in 1975, transformed camera movement by combining
             -> 251 KB, 21.4s, uploaded
      manifest updated (24 entries)
  L03 (Ollie)  Digital, Streaming and Citizen Cinema: 1995-2018
      n2: In 1995, Pixar Animation Studios released Toy Story , the world’s first feature-length film made entirely with
             -> 374 KB, 31.9s, uploaded
      n3: A critical distinction is worth fixing in memory here: Toy Story was not the first film to use computer-genera
             -> 448 KB, 38.2s, uploaded
      n13: Netflix was founded in 1997 as a postal DVD rental service. In 2007, it launched its online streaming service,
             -> 454 KB, 38.7s, uploaded
      n17: At the same time as smartphone cinema was making production cheaper and more accessible, the premium end of fi
             -> 592 KB, 50.5s, uploaded
      n19: The most frequent error on this topic is confusing Toy Story (1995) — the first feature-length computer-genera
             -> 598 KB, 51.0s, uploaded
      n23: Netflix launched streaming in 2007; by 2017, online services had surpassed physical-disc sales in the US. Mean
             -> 237 KB, 20.2s, uploaded
      manifest updated (23 entries)

Regenerated 17 clips.

=== VERIFY (ranged GET + freshness) ===
  206  L01 n2  bytes 0-3/355104  Last-Modified: Fri, 04 Sep 2026 23:07:06 GMT  mp3-sync=OK
  206  L01 n12  bytes 0-3/444672  Last-Modified: Fri, 04 Sep 2026 23:07:12 GMT  mp3-sync=OK
  206  L01 n15  bytes 0-3/332640  Last-Modified: Fri, 04 Sep 2026 23:07:17 GMT  mp3-sync=OK
  206  L01 n17  bytes 0-3/173664  Last-Modified: Fri, 04 Sep 2026 23:07:20 GMT  mp3-sync=OK
  206  L02 n8  bytes 0-3/569376  Last-Modified: Fri, 04 Sep 2026 23:07:27 GMT  mp3-sync=OK
  206  L02 n12  bytes 0-3/260928  Last-Modified: Fri, 04 Sep 2026 23:07:32 GMT  mp3-sync=OK
  206  L02 n14  bytes 0-3/330624  Last-Modified: Fri, 04 Sep 2026 23:07:37 GMT  mp3-sync=OK
  206  L02 n18  bytes 0-3/798912  Last-Modified: Fri, 04 Sep 2026 23:07:48 GMT  mp3-sync=OK
  206  L02 n19  bytes 0-3/345312  Last-Modified: Fri, 04 Sep 2026 23:07:53 GMT  mp3-sync=OK
  206  L02 n20  bytes 0-3/658080  Last-Modified: Fri, 04 Sep 2026 23:08:02 GMT  mp3-sync=OK
  206  L02 n23  bytes 0-3/256608  Last-Modified: Fri, 04 Sep 2026 23:08:06 GMT  mp3-sync=OK
  206  L03 n2  bytes 0-3/383040  Last-Modified: Fri, 04 Sep 2026 23:08:11 GMT  mp3-sync=OK
  206  L03 n3  bytes 0-3/458784  Last-Modified: Fri, 04 Sep 2026 23:08:18 GMT  mp3-sync=OK
  206  L03 n13  bytes 0-3/464832  Last-Modified: Fri, 04 Sep 2026 23:08:25 GMT  mp3-sync=OK
  206  L03 n17  bytes 0-3/605952  Last-Modified: Fri, 04 Sep 2026 23:08:34 GMT  mp3-sync=OK
  206  L03 n19  bytes 0-3/612288  Last-Modified: Fri, 04 Sep 2026 23:08:42 GMT  mp3-sync=OK
  206  L03 n23  bytes 0-3/242208  Last-Modified: Fri, 04 Sep 2026 23:08:45 GMT  mp3-sync=OK

17/17 clips verified HTTP 200/206 with fresh audio.
