
=== RE-NARRATION (changed narrated text only) ===
backup: C:\Users\tshau\Documents\Study Vault\scripts\_retrofc\units\history@unity__elizabethan-fix\_backup.json
unit:   history / elizabethan
run: 2026-09-18T20:17:10Z  mode: LIVE
  L07: no narrated field changed -> skip

4 lessons, 10 clips to regenerate

  L09 (Ollie)  The Spanish Armada
      n10: 19 July 1588 — Sighting: The Armada was spotted off Cornwall. Beacons were lit along the south coast to raise 
             -> 113 KB, 9.6s, uploaded
      n11: 21–25 July — Channel battles: The English harassed the Armada as it sailed up the Channel in a defensive cresc
             -> 200 KB, 17.0s, uploaded
      n12: 27–28 July — Fireships at Calais: The Armada anchored near Calais to wait for Parma’s army. At midnight, the E
             -> 182 KB, 15.5s, uploaded
      n13: 29 July — Battle of Gravelines: The English attacked the scattered fleet at close range. Around 600 Spaniards 
             -> 178 KB, 15.2s, uploaded
      n14: August–September — The journey home: Unable to return through the Channel, the surviving ships sailed around S
             -> 243 KB, 20.7s, uploaded
      n26: The Armada’s defeat in 1588 was a defining moment. English tactics (especially the Calais fireships), better s
             -> 320 KB, 27.3s, uploaded
      manifest updated (28 entries)
  L10 (Ada)  The Problem of the Poor
      n10: 1563 — Act for the Relief of the Poor: JPs could raise money for poor relief. Refusing to pay could lead to pr
             -> 103 KB, 8.8s, uploaded
      manifest updated (25 entries)
  L13 (Ollie)  The Essex Rebellion
      n7: Robert Devereux became the Earl of Essex aged 10 when his father died in 1576. He was the stepson of Robert Du
             -> 200 KB, 17.1s, uploaded
      n8: He married secretly, and Elizabeth banished him from court for two weeks. At 27 , he was made a Privy Councill
             -> 210 KB, 17.9s, uploaded
      manifest updated (27 entries)
  L16 (Ada)  The Spanish Armada: Historic Environment 2027
      n11: The north-about voyage was the deadliest environment of all. Autumn gales met a fleet with battle-damaged hull
             -> 505 KB, 43.1s, uploaded
      manifest updated (19 entries)

Regenerated 10 clips.

=== VERIFY (ranged GET + freshness) ===
  206  L09 n10  bytes 0-3/115488  Last-Modified: Fri, 18 Sep 2026 20:17:15 GMT  mp3-sync=OK
  206  L09 n11  bytes 0-3/204480  Last-Modified: Fri, 18 Sep 2026 20:17:18 GMT  mp3-sync=OK
  206  L09 n12  bytes 0-3/186048  Last-Modified: Fri, 18 Sep 2026 20:17:22 GMT  mp3-sync=OK
  206  L09 n13  bytes 0-3/182304  Last-Modified: Fri, 18 Sep 2026 20:17:25 GMT  mp3-sync=OK
  206  L09 n14  bytes 0-3/248544  Last-Modified: Fri, 18 Sep 2026 20:17:29 GMT  mp3-sync=OK
  206  L09 n26  bytes 0-3/327168  Last-Modified: Fri, 18 Sep 2026 20:17:34 GMT  mp3-sync=OK
  206  L10 n10  bytes 0-3/105408  Last-Modified: Fri, 18 Sep 2026 20:17:36 GMT  mp3-sync=OK
  206  L13 n7  bytes 0-3/204768  Last-Modified: Fri, 18 Sep 2026 20:17:40 GMT  mp3-sync=OK
  206  L13 n8  bytes 0-3/214560  Last-Modified: Fri, 18 Sep 2026 20:17:43 GMT  mp3-sync=OK
  206  L16 n11  bytes 0-3/516672  Last-Modified: Fri, 18 Sep 2026 20:17:51 GMT  mp3-sync=OK

10/10 clips verified HTTP 200/206 with fresh audio.
