=== APPLY EDITS gcse-music/film-music  40 edits  LIVE  2026-09-18T08:00:36.764Z
  ok   #0 L1.content_html [HIGH] F1: house rule - this board is never named in student-facing text.
  ok   #1 L1.content_html [MEDIUM] F2: the spec lets learners perform and compose film music, so the listening paper is not the only place AoS3 i
  ok   #2 L1.practice_questions[5].marks [HIGH] F3: this qualification awards AO3 and AO4 only. There are no separate marks for written communication.
  ok   #3 L1.practice_questions[1].type [MEDIUM] F4: label said 1 mark but the scheme awards up to 2.
  ok   #4 L1.practice_questions[2].type [MEDIUM] F4: label said 4 marks but the scheme caps at 3.
  PATCH L1: content_html, practice_questions
  ok   #5 L2.content_html [HIGH] F5: house rule - this board is never named in student-facing text.
  ok   #6 L2.exam_tip_html [HIGH] F6: house rule - this board is never named in student-facing text.
  ok   #7 L2.content_html [MEDIUM] F7: Shore's own published figure for the trilogy is over 50 leitmotifs.
  ok   #8 L2.practice_questions[4].marks [HIGH] F8: this qualification awards AO3 and AO4 only. There are no separate marks for written communication.
  ok   #9 L2.practice_questions[1].type [MEDIUM] F9: label said 1 mark but the scheme awards up to 2.
  ok   #10 L2.practice_questions[2].type [MEDIUM] F9: label said 4 marks but the scheme caps at 3.
  ok   #11 L2.flashcard_questions[3].q [MEDIUM] F10: the card was a mangled cloze cut from a sentence; the blank had no usable answer.
  ok   #12 L2.flashcard_questions[3].a [MEDIUM] F10: the answer was the stray word 'Composed'.
  PATCH L2: content_html, exam_tip_html, practice_questions, flashcard_questions
  ok   #13 L3.content_html [HIGH] F12: house rule - this board is never named in student-facing text.
  ok   #14 L3.practice_questions[1].marks [HIGH] F13: con sordino is not brass-only. String players also use mutes, fitted to the bridge.
  ok   #15 L3.glossary_terms[7].definition [MEDIUM] F14: con sordino was defined as a brass-only technique.
  ok   #16 L3.content_html [MEDIUM] F14: the glossary definition behind the term was brass-only; strings use mutes too.
  ok   #17 L3.content_html [MEDIUM] F15: the Jaws shark motif is a repeated accented semitone in the low register, not a tremolo.
  ok   #18 L3.practice_questions[2].marks [MEDIUM] F15: the scheme credited tremolo, which is not a feature of the Jaws shark motif.
  ok   #19 L3.practice_questions[5].marks [HIGH] F16: no separate written-communication marks in this qualification, and the top band of a 10-mark question mus
  ok   #20 L3.practice_questions[1].type [MEDIUM] F18: label said 4 marks but the scheme caps at 2.
  ok   #21 L3.practice_questions[2].type [MEDIUM] F18: label said 4 marks but the scheme caps at 3.
  ok   #22 L3.practice_questions[3].type [MEDIUM] F18: label said 10 marks but the scheme caps at 4.
  ok   #23 L3.practice_questions[4].type [MEDIUM] F18: label said 10 marks but the scheme caps at 6.
  ok   #24 L3.flashcard_questions[3].q [MEDIUM] F19: the card was a mangled cloze cut from a heading, and its answer repeated card 2.
  ok   #25 L3.flashcard_questions[3].a [MEDIUM] F19: the answer 'Articulation' duplicated card 2 in the same deck.
  PATCH L3: content_html, practice_questions, glossary_terms, flashcard_questions
  ok   #26 L4.exam_tip_html [HIGH] F20: house rule - this board is never named in student-facing text.
  ok   #27 L4.practice_questions[1].type [MEDIUM] F21: label said 1 mark but the scheme awards up to 2.
  ok   #28 L4.practice_questions[2].type [MEDIUM] F21: label said 4 marks but the scheme caps at 3.
  PATCH L4: exam_tip_html, practice_questions
  ok   #29 L5.content_html [HIGH] F22: names the board, and the AoS3 content list does not set fusion as a requirement.
  ok   #30 L5.content_html [HIGH] F23: bhangra and fusion are named under Popular Music (AoS4), not under Film Music (AoS3).
  ok   #31 L5.content_html [MEDIUM] F24: tells the student where bhangra is actually examined.
  ok   #32 L5.content_html [MEDIUM] F25: garbled acronym; the other four lessons teach MAD T SHIRT.
  ok   #33 L5.content_html [HIGH] F26: the keys were the wrong way round. The board's own analysis puts the intro and verse in B major and the c
  ok   #34 L5.practice_questions[5].type [HIGH] F27: Film Music has no prepared extract and no printed score in this qualification.
  ok   #35 L5.practice_questions[5].marks [HIGH] F28: this qualification awards AO3 and AO4 only. There are no separate marks for written communication.
  ok   #36 L5.practice_questions[1].type [MEDIUM] F29: label said 1 mark but the scheme awards up to 2.
  ok   #37 L5.practice_questions[2].type [MEDIUM] F29: label said 4 marks but the scheme caps at 3.
  ok   #38 L5.flashcard_questions[3].q [MEDIUM] F30: the card was a mangled cloze cut from a heading.
  ok   #39 L5.flashcard_questions[3].a [MEDIUM] F30: the answer was the stray word 'Case'.
  PATCH L5: content_html, practice_questions, flashcard_questions
=== 40 applied, 0 skipped, 5 lessons / 15 fields changed
