
=== RE-NARRATION (changed narrated text only) ===
backup: C:\Users\tshau\Documents\Study Vault\scripts\_retrofc\units\gcse-music@unity__film-music\_backup.json
unit:   gcse-music / film-music
run: 2026-09-18T08:00:40Z  mode: LIVE

5 lessons, 13 clips to regenerate

  L01 (Ollie)  Introduction to Film Music
      n2: Film music is all about how music is used in films to create atmosphere, show emotion, build tension, and supp
             -> 249 KB, 21.2s, uploaded
      n4: Key Fact . AoS3 is examined in the listening paper, which carries two questions on Film Music. You will hear e
             -> 207 KB, 17.6s, uploaded
      manifest updated (36 entries)
  L02 (Ada)  Motifs and Leitmotifs in Film
      n6: You will see both terms in the specification. They overlap, but there is a subtle difference. A motif is any s
             -> 431 KB, 36.8s, uploaded
      n15: Howard Shore composed the score for The Lord of the Rings trilogy. The Fellowship Theme is a leitmotif represe
             -> 203 KB, 17.4s, uploaded
      n27: In the listening exam, questions on leitmotifs often ask you to explain how music creates a specific atmospher
             -> 385 KB, 32.9s, uploaded
      manifest updated (31 entries)
  L03 (Ollie)  Instrumentation and Articulation in Film Scores
      n2: Film composers have used the orchestra as their main tool for over a century. A full orchestra gives a compose
             -> 259 KB, 22.1s, uploaded
      n24: Jaws (John Williams) — Low strings (cellos and double basses) play a two-note ostinato with accents. The accen
             -> 184 KB, 15.7s, uploaded
      manifest updated (34 entries)
  L04 (Ada)  Minimalism in Film Music
      n44: In the listening exam, you may hear a film extract and be asked to identify minimalist techniques. Use precise
             -> 404 KB, 34.5s, uploaded
      manifest updated (48 entries)
  L05 (Ollie)  Fusion in Film Music
      n2: Fusion in film music happens when a composer deliberately blends features from different musical traditions in
             -> 278 KB, 23.7s, uploaded
      n18: When you hear a fusion extract in the listening exam, use a structured approach. The MAD T SHIRT framework (Me
             -> 256 KB, 21.9s, uploaded
      n21: Bhangra is also studied as an example of fusion, but it sits in the popular music area of study (AoS4), not in
             -> 346 KB, 29.6s, uploaded
      n22: Key Fact . Bhangra questions sit in the popular music area of study, not film music. They may ask you to descr
             -> 261 KB, 22.3s, uploaded
      n25: Although not a film score, Toto’s “Africa” is studied as a pop fusion piece. It blends African-inspired percus
             -> 390 KB, 33.3s, uploaded
      manifest updated (30 entries)

Regenerated 13 clips.

=== VERIFY (ranged GET + freshness) ===
  206  L01 n2  bytes 0-3/254592  Last-Modified: Fri, 18 Sep 2026 08:00:46 GMT  mp3-sync=OK
  206  L01 n4  bytes 0-3/211680  Last-Modified: Fri, 18 Sep 2026 08:00:50 GMT  mp3-sync=OK
  206  L02 n6  bytes 0-3/441504  Last-Modified: Fri, 18 Sep 2026 08:00:57 GMT  mp3-sync=OK
  206  L02 n15  bytes 0-3/208224  Last-Modified: Fri, 18 Sep 2026 08:01:00 GMT  mp3-sync=OK
  206  L02 n27  bytes 0-3/394272  Last-Modified: Fri, 18 Sep 2026 08:01:06 GMT  mp3-sync=OK
  206  L03 n2  bytes 0-3/265248  Last-Modified: Fri, 18 Sep 2026 08:01:10 GMT  mp3-sync=OK
  206  L03 n24  bytes 0-3/188928  Last-Modified: Fri, 18 Sep 2026 08:01:14 GMT  mp3-sync=OK
  206  L04 n44  bytes 0-3/414144  Last-Modified: Fri, 18 Sep 2026 08:01:20 GMT  mp3-sync=OK
  206  L05 n2  bytes 0-3/284832  Last-Modified: Fri, 18 Sep 2026 08:01:25 GMT  mp3-sync=OK
  206  L05 n18  bytes 0-3/262656  Last-Modified: Fri, 18 Sep 2026 08:01:29 GMT  mp3-sync=OK
  206  L05 n21  bytes 0-3/354816  Last-Modified: Fri, 18 Sep 2026 08:01:35 GMT  mp3-sync=OK
  206  L05 n22  bytes 0-3/267552  Last-Modified: Fri, 18 Sep 2026 08:01:39 GMT  mp3-sync=OK
  206  L05 n25  bytes 0-3/399744  Last-Modified: Fri, 18 Sep 2026 08:01:45 GMT  mp3-sync=OK

13/13 clips verified HTTP 200/206 with fresh audio.
