2026-09-02T19:41:17 L2 content_html: removed leaked fact-check instruction(s) (engineering L2 Watt's law leak) and applied the intended wording; re-narrated.
=== APPLY EDITS cambridge-nationals-engineering-programmable-systems/principles-of-electronic-and-programmable-systems  21 edits  LIVE  2026-09-04T06:26:06.347Z
  ok   #0 L2.content_html [HIGH] F1: remove power calculations outside the specified content.
  ok   #1 L2.content_html [MEDIUM] F2: remove the unprocessed editorial instruction.
  ok   #2 L2.practice_questions[4].marks [HIGH] F3: restore the correct 50 Ω resistor calculation.
  ok   #3 L2.flashcard_questions[7].q [HIGH] F4: provide the voltage needed for the specified formula.
  ok   #4 L2.flashcard_questions[7].a [HIGH] F4: supply a correct, answerable flashcard response.
  ok   #5 L2.content_html [MEDIUM] F5: distinguish continuous analogue variation from one possible waveform.
  ok   #6 L2.flashcard_questions[8].q [MEDIUM] F5: avoid treating a sine wave as the defining analogue waveform.
  ok   #7 L2.flashcard_questions[8].a [MEDIUM] F5: give the correct general definition.
  PATCH L2: content_html, practice_questions, flashcard_questions
  ok   #8 L7.content_html [HIGH] F6: replace a non-assessed program-production claim.
  ok   #9 L7.exam_tip_html [HIGH] F7: make the exam guidance match the assessed scope.
  PATCH L7: content_html, exam_tip_html
  ok   #10 L8.content_html [HIGH] F9: distinguish amplitude from peak-to-peak voltage.
  PATCH L8: content_html
  ok   #11 L9.content_html [MEDIUM] F10: avoid treating negative-photoresist behaviour as universal.
  ok   #12 L9.content_html [MEDIUM] F10: describe development accurately for both resist polarities.
  ok   #13 L9.content_html [MEDIUM] F10: keep the process neutral about resist polarity.
  ok   #14 L9.practice_questions[3].marks [MEDIUM] F11: remove the polarity-specific hardening claim.
  ok   #15 L9.knowledge_checks[2].q [MEDIUM] F12: keep photoresist correct without assuming a polarity.
  ok   #16 L9.flashcard_questions[2].a [MEDIUM] F13: describe photoresist without a false universal effect.
  PATCH L9: content_html, practice_questions, knowledge_checks, flashcard_questions
  ok   #17 L10.content_html [HIGH] orchestrator: leaked "Replace ... with ..." instruction text removed from live content; spec term (flow solder
  ok   #18 L10.content_html [HIGH] orchestrator: leaked "Replace ... with ..." instruction text removed from live content; spec term (flow solder
  ok   #19 L10.conclusion_html [HIGH] orchestrator: leaked "Replace ... with ..." instruction text removed from live content; spec term (flow solder
  ok   #20 L10.flashcard_questions[1].a [HIGH] orchestrator: leaked instruction text in a flashcard answer.
  PATCH L10: content_html, conclusion_html, flashcard_questions
=== 21 applied, 0 skipped, 5 lessons / 13 fields changed
