=== APPLY EDITS english-literature-edexcel/romeo-and-juliet  95 edits  LIVE  2026-09-02T11:21:24.473Z
  ok   #0 L1.exam_tip_html [HIGH] F2: part (b) is 20 marks, not 25; the bare spec code is a banned string
  ok   #1 L1.content_html [MED] F6: the line reads “As a rich jewel in an Ethiop’s ear” (1.5)
  ok   #11 L1.practice_questions[0].type [HIGH] F1: the Edexcel Shakespeare question is two parts of 20 marks each, not 15 + 25
  ok   #12 L1.practice_questions[0].marks [HIGH] F1: band ladder rescaled to the 20-mark question and put on the house ladder
  ok   #13 L1.practice_questions[1].type [HIGH] F1: the Edexcel Shakespeare question is two parts of 20 marks each, not 15 + 25
  ok   #14 L1.practice_questions[1].marks [HIGH] F1: band ladder rescaled to the 20-mark question and put on the house ladder
  ok   #15 L1.practice_questions[2].type [HIGH] F1: the Edexcel Shakespeare question is two parts of 20 marks each, not 15 + 25
  ok   #16 L1.practice_questions[2].marks [HIGH] F1: band ladder rescaled to the 20-mark question and put on the house ladder
  ok   #17 L1.practice_questions[3].type [HIGH] F1: the Edexcel Shakespeare question is two parts of 20 marks each, not 15 + 25
  ok   #18 L1.practice_questions[3].marks [HIGH] F1: band ladder rescaled to the 20-mark question and put on the house ladder
  ok   #19 L1.practice_questions[4].type [HIGH] F1: the Edexcel Shakespeare question is two parts of 20 marks each, not 15 + 25
  ok   #20 L1.practice_questions[4].marks [HIGH] F1: band ladder rescaled to the 20-mark question and put on the house ladder
  ok   #21 L1.practice_questions[5].type [HIGH] F1: the Edexcel Shakespeare question is two parts of 20 marks each, not 15 + 25
  ok   #22 L1.practice_questions[5].marks [HIGH] F1: band ladder rescaled to the 20-mark question and put on the house ladder
  PATCH L1: exam_tip_html, content_html, practice_questions
  ok   #23 L2.practice_questions[0].type [HIGH] F1: the Edexcel Shakespeare question is two parts of 20 marks each, not 15 + 25
  ok   #24 L2.practice_questions[0].marks [HIGH] F1: band ladder rescaled to the 20-mark question and put on the house ladder
  ok   #25 L2.practice_questions[1].type [HIGH] F1: the Edexcel Shakespeare question is two parts of 20 marks each, not 15 + 25
  ok   #26 L2.practice_questions[1].marks [HIGH] F1: band ladder rescaled to the 20-mark question and put on the house ladder
  ok   #27 L2.practice_questions[2].type [HIGH] F1: the Edexcel Shakespeare question is two parts of 20 marks each, not 15 + 25
  ok   #28 L2.practice_questions[2].marks [HIGH] F1: band ladder rescaled to the 20-mark question and put on the house ladder
  ok   #29 L2.practice_questions[3].type [HIGH] F1: the Edexcel Shakespeare question is two parts of 20 marks each, not 15 + 25
  ok   #30 L2.practice_questions[3].marks [HIGH] F1: band ladder rescaled to the 20-mark question and put on the house ladder
  ok   #31 L2.practice_questions[4].type [HIGH] F1: the Edexcel Shakespeare question is two parts of 20 marks each, not 15 + 25
  ok   #32 L2.practice_questions[4].marks [HIGH] F1: band ladder rescaled to the 20-mark question and put on the house ladder
  ok   #33 L2.practice_questions[5].type [HIGH] F1: the Edexcel Shakespeare question is two parts of 20 marks each, not 15 + 25
  ok   #34 L2.practice_questions[5].marks [HIGH] F1: band ladder rescaled to the 20-mark question and put on the house ladder
  PATCH L2: practice_questions
  ok   #2 L3.content_html [MED] F6: same misquotation as lesson 1
  ok   #3 L3.content_html [MED] F7: Juliet says “all the world will be in love with night” (3.2)
  ok   #35 L3.practice_questions[0].type [HIGH] F1: the Edexcel Shakespeare question is two parts of 20 marks each, not 15 + 25
  ok   #36 L3.practice_questions[0].marks [HIGH] F1: band ladder rescaled to the 20-mark question and put on the house ladder
  ok   #37 L3.practice_questions[1].type [HIGH] F1: the Edexcel Shakespeare question is two parts of 20 marks each, not 15 + 25
  ok   #38 L3.practice_questions[1].marks [HIGH] F1: band ladder rescaled to the 20-mark question and put on the house ladder
  ok   #39 L3.practice_questions[2].type [HIGH] F1: the Edexcel Shakespeare question is two parts of 20 marks each, not 15 + 25
  ok   #40 L3.practice_questions[2].marks [HIGH] F1: band ladder rescaled to the 20-mark question and put on the house ladder
  ok   #41 L3.practice_questions[3].type [HIGH] F1: the Edexcel Shakespeare question is two parts of 20 marks each, not 15 + 25
  ok   #42 L3.practice_questions[3].marks [HIGH] F1: band ladder rescaled to the 20-mark question and put on the house ladder
  ok   #43 L3.practice_questions[4].type [HIGH] F1: the Edexcel Shakespeare question is two parts of 20 marks each, not 15 + 25
  ok   #44 L3.practice_questions[4].marks [HIGH] F1: band ladder rescaled to the 20-mark question and put on the house ladder
  ok   #45 L3.practice_questions[5].type [HIGH] F1: the Edexcel Shakespeare question is two parts of 20 marks each, not 15 + 25
  ok   #46 L3.practice_questions[5].marks [HIGH] F1: band ladder rescaled to the 20-mark question and put on the house ladder
  PATCH L3: content_html, practice_questions
  ok   #47 L4.practice_questions[0].type [HIGH] F1: the Edexcel Shakespeare question is two parts of 20 marks each, not 15 + 25
  ok   #48 L4.practice_questions[0].marks [HIGH] F1: band ladder rescaled to the 20-mark question and put on the house ladder
  ok   #49 L4.practice_questions[1].type [HIGH] F1: the Edexcel Shakespeare question is two parts of 20 marks each, not 15 + 25
  ok   #50 L4.practice_questions[1].marks [HIGH] F1: band ladder rescaled to the 20-mark question and put on the house ladder
  ok   #51 L4.practice_questions[2].type [HIGH] F1: the Edexcel Shakespeare question is two parts of 20 marks each, not 15 + 25
  ok   #52 L4.practice_questions[2].marks [HIGH] F1: band ladder rescaled to the 20-mark question and put on the house ladder
  ok   #53 L4.practice_questions[3].type [HIGH] F1: the Edexcel Shakespeare question is two parts of 20 marks each, not 15 + 25
  ok   #54 L4.practice_questions[3].marks [HIGH] F1: band ladder rescaled to the 20-mark question and put on the house ladder
  ok   #55 L4.practice_questions[4].type [HIGH] F1: the Edexcel Shakespeare question is two parts of 20 marks each, not 15 + 25
  ok   #56 L4.practice_questions[4].marks [HIGH] F1: band ladder rescaled to the 20-mark question and put on the house ladder
  ok   #57 L4.practice_questions[5].type [HIGH] F1: the Edexcel Shakespeare question is two parts of 20 marks each, not 15 + 25
  ok   #58 L4.practice_questions[5].marks [HIGH] F1: band ladder rescaled to the 20-mark question and put on the house ladder
  PATCH L4: practice_questions
  ok   #4 L5.exam_tip_html [MED] F8: “true apothecary” is irony, not an oxymoron; the article says so
  ok   #59 L5.practice_questions[0].type [HIGH] F1: the Edexcel Shakespeare question is two parts of 20 marks each, not 15 + 25
  ok   #60 L5.practice_questions[0].marks [HIGH] F1: band ladder rescaled to the 20-mark question and put on the house ladder
  ok   #61 L5.practice_questions[1].type [HIGH] F1: the Edexcel Shakespeare question is two parts of 20 marks each, not 15 + 25
  ok   #62 L5.practice_questions[1].marks [HIGH] F1: band ladder rescaled to the 20-mark question and put on the house ladder
  ok   #63 L5.practice_questions[2].type [HIGH] F1: the Edexcel Shakespeare question is two parts of 20 marks each, not 15 + 25
  ok   #64 L5.practice_questions[2].marks [HIGH] F1: band ladder rescaled to the 20-mark question and put on the house ladder
  ok   #65 L5.practice_questions[3].type [HIGH] F1: the Edexcel Shakespeare question is two parts of 20 marks each, not 15 + 25
  ok   #66 L5.practice_questions[3].marks [HIGH] F1: band ladder rescaled to the 20-mark question and put on the house ladder
  ok   #67 L5.practice_questions[4].type [HIGH] F1: the Edexcel Shakespeare question is two parts of 20 marks each, not 15 + 25
  ok   #68 L5.practice_questions[4].marks [HIGH] F1: band ladder rescaled to the 20-mark question and put on the house ladder
  ok   #69 L5.practice_questions[5].type [HIGH] F1: the Edexcel Shakespeare question is two parts of 20 marks each, not 15 + 25
  ok   #70 L5.practice_questions[5].marks [HIGH] F1: band ladder rescaled to the 20-mark question and put on the house ladder
  PATCH L5: exam_tip_html, practice_questions
  ok   #5 L6.content_html [MED] F5: a bare spec code is a banned string
  ok   #71 L6.practice_questions[0].type [HIGH] F1: the Edexcel Shakespeare question is two parts of 20 marks each, not 15 + 25
  ok   #72 L6.practice_questions[0].marks [HIGH] F1: band ladder rescaled to the 20-mark question and put on the house ladder
  ok   #73 L6.practice_questions[1].type [HIGH] F1: the Edexcel Shakespeare question is two parts of 20 marks each, not 15 + 25
  ok   #74 L6.practice_questions[1].marks [HIGH] F1: band ladder rescaled to the 20-mark question and put on the house ladder
  ok   #75 L6.practice_questions[2].type [HIGH] F1: the Edexcel Shakespeare question is two parts of 20 marks each, not 15 + 25
  ok   #76 L6.practice_questions[2].marks [HIGH] F1: band ladder rescaled to the 20-mark question and put on the house ladder
  ok   #77 L6.practice_questions[3].type [HIGH] F1: the Edexcel Shakespeare question is two parts of 20 marks each, not 15 + 25
  ok   #78 L6.practice_questions[3].marks [HIGH] F1: band ladder rescaled to the 20-mark question and put on the house ladder
  ok   #79 L6.practice_questions[4].type [HIGH] F1: the Edexcel Shakespeare question is two parts of 20 marks each, not 15 + 25
  ok   #80 L6.practice_questions[4].marks [HIGH] F1: band ladder rescaled to the 20-mark question and put on the house ladder
  ok   #81 L6.practice_questions[5].type [HIGH] F1: the Edexcel Shakespeare question is two parts of 20 marks each, not 15 + 25
  ok   #82 L6.practice_questions[5].marks [HIGH] F1: band ladder rescaled to the 20-mark question and put on the house ladder
  PATCH L6: content_html, practice_questions
  ok   #6 L7.content_html [HIGH] F4: “Level 5” is a banned band name; the house ladder says top band
  ok   #7 L7.conclusion_html [HIGH] F1: both parts are 20 marks; Section A is 40 of the 80 marks in 1 hour 45
  ok   #8 L7.knowledge_checks[0].correct [HIGH] F3: part (a) is 20 marks, so the key must point at “20 marks”
  ok   #9 L7.knowledge_checks[2].correct [HIGH] F3: part (b) is 20 marks, so the key must point at “20”
  ok   #10 L7.knowledge_checks[2].q [MED] F9: an AO code straight before a full stop is rejected by the validator
  ok   #83 L7.practice_questions[0].type [HIGH] F1: the Edexcel Shakespeare question is two parts of 20 marks each, not 15 + 25
  ok   #84 L7.practice_questions[0].marks [HIGH] F1: band ladder rescaled to the 20-mark question and put on the house ladder
  ok   #85 L7.practice_questions[1].type [HIGH] F1: the Edexcel Shakespeare question is two parts of 20 marks each, not 15 + 25
  ok   #86 L7.practice_questions[1].marks [HIGH] F1: band ladder rescaled to the 20-mark question and put on the house ladder
  ok   #87 L7.practice_questions[2].type [HIGH] F1: the Edexcel Shakespeare question is two parts of 20 marks each, not 15 + 25
  ok   #88 L7.practice_questions[2].marks [HIGH] F1: band ladder rescaled to the 20-mark question and put on the house ladder
  ok   #89 L7.practice_questions[3].type [HIGH] F1: the Edexcel Shakespeare question is two parts of 20 marks each, not 15 + 25
  ok   #90 L7.practice_questions[3].marks [HIGH] F1: band ladder rescaled to the 20-mark question and put on the house ladder
  ok   #91 L7.practice_questions[4].type [HIGH] F1: the Edexcel Shakespeare question is two parts of 20 marks each, not 15 + 25
  ok   #92 L7.practice_questions[4].marks [HIGH] F1: band ladder rescaled to the 20-mark question and put on the house ladder
  ok   #93 L7.practice_questions[5].type [HIGH] F1: the Edexcel Shakespeare question is two parts of 20 marks each, not 15 + 25
  ok   #94 L7.practice_questions[5].marks [HIGH] F1: band ladder rescaled to the 20-mark question and put on the house ladder
  PATCH L7: content_html, conclusion_html, knowledge_checks, practice_questions
=== 95 applied, 0 skipped, 7 lessons / 15 fields changed
