=== APPLY EDITS religious-studies/theme-d-peace-conflict  31 edits  LIVE  2026-09-18T10:35:58.832Z
  ok   #0 L1.content_html [HIGH] F1: Mandela co-founded the ANC armed wing in 1961 and was jailed for sabotage, so he cannot illustrate faith r
  ok   #1 L1.practice_questions[1].text [MEDIUM] F2: the theme question has no 2-mark part; the short parts are worth 1 mark and ask for one point.
  ok   #2 L1.practice_questions[1].marks [MEDIUM] F2: mark note re-sized to a 1-mark answer.
  PATCH L1: content_html, practice_questions
  ok   #3 L2.content_html [MEDIUM] F3: Catechism 2309 gives four conditions, not a seven-criteria list.
  ok   #4 L2.content_html [MEDIUM] F3: the four conditions of Catechism 2309 stated correctly; protection of non-combatants is taught at 2313.
  ok   #5 L2.content_html [MEDIUM] F4: Islam means submission to God; it shares the root s-l-m with salaam, peace.
  ok   #6 L2.content_html [MEDIUM] F5: the line is John Paul II's, from his address to the diplomatic corps on 13 January 2003.
  ok   #7 L2.practice_questions[1].text [MEDIUM] F6: the 1-mark short question asks for one point, not two.
  ok   #8 L2.practice_questions[1].marks [MEDIUM] F6: mark note re-sized to a 1-mark answer.
  ok   #9 L2.practice_questions[3].marks [LOW] F7: the quotation is Qur'an 16:126; the 6-mark question credits a named source.
  PATCH L2: content_html, practice_questions
  ok   #10 L3.content_html [MEDIUM] F8: the Red Cross is neutral and not a religious organisation, so it cannot be the named religious example.
  ok   #11 L3.content_html [LOW] F7: the quotation is Qur'an 16:126.
  ok   #12 L3.flashcard_questions[3].q [MEDIUM] F9: broken cloze fragment; re-cut as a question.
  ok   #13 L3.flashcard_questions[4].q [HIGH] F10: the card was a broken cloze of a heading whose answer sat inside its own question.
  ok   #14 L3.flashcard_questions[4].a [HIGH] F10: answer replaced; the deck keeps five unique answers.
  PATCH L3: content_html, flashcard_questions
  ok   #15 L4.content_html [HIGH] F11: the quoted wording is Qur'an 16:126; 2:194 reads differently.
  ok   #16 L4.practice_questions[3].marks [HIGH] F11: wrong chapter and verse on a quotation students are told to cite.
  ok   #17 L4.practice_questions[5].marks [HIGH] F11: wrong chapter and verse on a quotation students are told to cite.
  ok   #18 L4.practice_questions[1].text [MEDIUM] F12: the 1-mark short question asks for one point; the stem was ungrammatical.
  ok   #19 L4.practice_questions[1].marks [MEDIUM] F12: mark note re-sized to a 1-mark answer.
  ok   #20 L4.practice_questions[4].marks [HIGH] F13: this paper awards up to 3 SPaG marks, not 5; band name brought into the house ladder.
  PATCH L4: content_html, practice_questions
  ok   #21 L5.exam_tip_html [HIGH] F14: the theme question is marked 1, 1, 4, 6 and 12; there is no 5-mark part.
  ok   #22 L5.exam_tip_html [HIGH] F15: 'Making peace is better' is Qur'an 4:128; 'Surah 2' is not the source.
  ok   #23 L5.content_html [HIGH] F15: 'Making peace is better' is Qur'an 4:128.
  ok   #24 L5.content_html [MEDIUM] F16: Islam means submission; it shares the root s-l-m with salam, peace.
  ok   #25 L5.knowledge_checks[2].q [MEDIUM] F16: stem no longer teaches that Islam means peace; the key stays 'peace'.
  ok   #26 L5.knowledge_checks[4].right[1] [HIGH] F15: correct chapter and verse for 'Making peace is better'.
  ok   #27 L5.practice_questions[3].marks [HIGH] F15 and F16: correct source reference, and Islam no longer glossed as 'peace'.
  ok   #28 L5.practice_questions[1].text [MEDIUM] F17: the 1-mark short question asks for one point; the stem was ungrammatical.
  ok   #29 L5.practice_questions[1].marks [MEDIUM] F17: mark note re-sized to a 1-mark answer.
  ok   #30 L5.practice_questions[4].marks [LOW] F18: band name brought into the house ladder.
  PATCH L5: exam_tip_html, content_html, knowledge_checks, practice_questions
=== 31 applied, 0 skipped, 5 lessons / 12 fields changed
