=== APPLY EDITS business-aqa/business-real-world  16 edits  LIVE  2026-09-06T09:48:36.898Z
  ok   #0 L1.content_html [HIGH] F1: Gousto was founded in 2012 by Timo Boldt and James Carter; Trinny London was founded in 2017 by Trinny Woo
  PATCH L1: content_html
  ok   #1 L2.content_html [MEDIUM] F4: Aston Martin was founded in 1913 by Lionel Martin and Robert Bamford. The 2018 flotation was carried out b
  ok   #5 L2.practice_questions[3].marks [HIGH] F3: invented assessment claim. AQA GCSE Business (spec version 1.0, 2016, first exams 2019) has no '2026 asses
  ok   #10 L2.content_html [?] 
  SKIP #11 L2.flashcard_questions: bad path
  SKIP #12 L2.flashcard_questions: bad path
  SKIP #13 L2.glossary_terms: bad path
  ok   #14 L2.knowledge_checks[1].q [?] 
  ok   #15 L2.knowledge_checks[1].correct [?] 
  PATCH L2: content_html, practice_questions, knowledge_checks
  ok   #8 L3.practice_questions[4].marks [MEDIUM] F6: Patisserie Valerie collapsed in January 2019 as a direct result of accounting fraud, not diseconomies of s
  PATCH L3: practice_questions
  ok   #2 L4.content_html [MEDIUM] F9: Boohoo's sales rose, not fell — first-quarter revenue was up 45% and full-year revenue grew. The share pri
  ok   #3 L4.exam_tip_html [MEDIUM] F10: John Lewis Partnership is not a co-operative. It is a public limited company owned by a trust on behalf o
  ok   #6 L4.practice_questions[3].marks [HIGH] F8: invented assessment claim. There is no '2026 approach' for this specification.
  PATCH L4: content_html, exam_tip_html, practice_questions
  ok   #7 L5.practice_questions[3].marks [HIGH] F11: invented assessment claim. There is no '2026 approach' for this specification.
  PATCH L5: practice_questions
  ok   #4 L6.content_html [MEDIUM] F12: The Safeway takeover completed in March 2004, not 2005. Safeway owned 479 stores against Morrisons' rough
  ok   #9 L6.practice_questions[5].marks [MEDIUM] F13: same misattribution — the Patisserie Valerie collapse was caused by accounting fraud, not by overstretchi
  PATCH L6: content_html, practice_questions
=== 13 applied, 3 skipped, 6 lessons / 11 fields changed
