
=== RE-NARRATION (changed narrated text only) ===
backup: C:\Users\tshau\Documents\Study Vault\scripts\_retrofc\units\business-aqa__business-real-world\_backup.json
unit:   business-aqa / business-real-world
run: 2026-09-06T09:48:41Z  mode: LIVE
  L03: no narrated field changed -> skip
  L05: no narrated field changed -> skip

4 lessons, 6 clips to regenerate

  L01 (Ollie)  Purpose of Business & Entrepreneurship
      n13: An entrepreneur is the person who takes the financial risk of starting a business. They spot a gap in the mark
             -> 331 KB, 28.2s, uploaded
      manifest updated (23 entries)
  L02 (Ada)  Business Ownership & Limited Liability
      n7: A partnership has two or more owners (the old 20-partner limit was removed in 2002) who share the workload, co
             -> 400 KB, 34.1s, uploaded
      n12: Both Ltds and Plcs have limited liability and are separate legal entities. The key difference is how they rais
             -> 370 KB, 31.5s, uploaded
      manifest updated (22 entries)
  L04 (Ada)  Stakeholders & Their Influence
      n13: Stakeholders have levers they can pull. Owners and shareholders can vote at annual general meetings, replace d
             -> 456 KB, 38.9s, uploaded
      n17: For ‘Analyse’ questions on stakeholders, pick one group and develop the chain of reasoning rather than listing
             -> 397 KB, 33.9s, uploaded
      manifest updated (21 entries)
  L06 (Ada)  Business Planning & Expansion
      n10: Once a business is stable, owners often want to grow. There are two broad paths. Organic growth means growing 
             -> 430 KB, 36.7s, uploaded
      manifest updated (23 entries)

Regenerated 6 clips.

=== VERIFY (ranged GET + freshness) ===
  206  L01 n13  bytes 0-3/338688  Last-Modified: Sun, 06 Sep 2026 09:48:55 GMT  mp3-sync=OK
  206  L02 n7  bytes 0-3/409536  Last-Modified: Sun, 06 Sep 2026 09:49:05 GMT  mp3-sync=OK
  206  L02 n12  bytes 0-3/378432  Last-Modified: Sun, 06 Sep 2026 09:49:12 GMT  mp3-sync=OK
  206  L04 n13  bytes 0-3/466848  Last-Modified: Sun, 06 Sep 2026 09:49:21 GMT  mp3-sync=OK
  206  L04 n17  bytes 0-3/406368  Last-Modified: Sun, 06 Sep 2026 09:49:29 GMT  mp3-sync=OK
  206  L06 n10  bytes 0-3/440640  Last-Modified: Sun, 06 Sep 2026 09:49:38 GMT  mp3-sync=OK

6/6 clips verified HTTP 200/206 with fresh audio.
