=== APPLY EDITS separate-sciences/physics-paper-1  8 edits  LIVE  2026-09-18T20:40:14.720Z
  ok   #0 L4.content_html [MEDIUM] F1: the spec says students are not required to calculate the total resistance of two resistors in parallel, so
  ok   #1 L4.exam_tip_html [MEDIUM] F2: exam tip coached the 1/R-then-flip method for parallel resistance, which is not assessed. Replaced with th
  ok   #2 L4.practice_questions[5].text [MEDIUM] F3: the 6-mark question asked for a total parallel resistance calculation. Rewritten on the same circuit as a 
  ok   #3 L4.practice_questions[5].marks [MEDIUM] F3: mark scheme rewritten to match the new question.
  ok   #4 L4.flashcard_questions[7].q [MEDIUM] F4: card asked for the parallel-resistance equation. Replaced with retained content.
  ok   #5 L4.flashcard_questions[7].a [MEDIUM] F4: matching answer.
  ok   #6 L4.flashcard_questions[9].q [MEDIUM] F5: card asked students to state a calculated combined parallel resistance. Replaced with retained content.
  ok   #7 L4.flashcard_questions[9].a [MEDIUM] F5: matching answer.
  PATCH L4: content_html, exam_tip_html, practice_questions, flashcard_questions
=== 8 applied, 0 skipped, 1 lessons / 4 fields changed
=== APPLY EDITS separate-sciences/physics-paper-1  14 edits  LIVE  2026-09-18T20:46:50.608Z
  ok   #0 L10.description [HIGH] SPLIT: description re-pointed at the retained gas-pressure content (89 characters).
  ok   #1 L10.content_html [LOW] SPLIT: the diagram shows Boyle's law and the temperature effect only, so its alt text and caption take the new
  ok   #2 L10.content_html [HIGH] SPLIT: removes the higher-only Pressure in Fluids section (n19-n27: fluid and density terms, the p = hρg key f
  ok   #3 L10.content_html [HIGH] SPLIT: removes the Atmospheric Pressure section (n28-n32: the atmospheric pressure term and key fact). Spec 4.
  ok   #4 L10.content_html [HIGH] SPLIT: removes the higher-only Upthrust and Floating section (n33-n40: the upthrust term, both collapsibles an
  ok   #5 L10.conclusion_html [HIGH] SPLIT: takeaway re-pointed from p = hρg to the temperature effect on gas pressure; n44 block kept.
  ok   #6 L10.conclusion_html [HIGH] SPLIT: takeaway re-pointed from upthrust to Boyle's law; n45 block kept.
  ok   #7 L10.exam_tip_html [HIGH] SPLIT: exam tip drops the p = hρg advice, keeps the particle-model and Boyle's law advice, and names the paper
  ok   #8 L10.practice_questions[3] [HIGH] SPLIT: the diver depth question is Paper 2 content; replaced with a gas-compression explain question of the sa
  ok   #9 L10.practice_questions[4] [HIGH] SPLIT: the atmospheric pressure compare question is Paper 2 content; replaced with a heating/cooling compare q
  ok   #10 L10.practice_questions[5] [HIGH] SPLIT: the floating-ship six-marker is Paper 2 content; replaced with a gas pressure and Boyle's law six-marke
  ok   #11 L10.knowledge_checks[0] [HIGH] SPLIT: the p = hρg equation check is Paper 2 content; replaced with a temperature-and-pressure mcq.
  ok   #12 L10.knowledge_checks[2] [HIGH] SPLIT: the atmospheric pressure fill is Paper 2 content; replaced with a kilopascal fill from the retained tex
  ok   #13 L10.knowledge_checks[3] [HIGH] SPLIT: the upthrust fill is Paper 2 content; replaced with a Boyle's law condition fill.
  PATCH L10: description, content_html, conclusion_html, exam_tip_html, practice_questions, knowledge_checks
=== 14 applied, 0 skipped, 1 lessons / 6 fields changed
