=== APPLY EDITS religious-studies/islam-practices  28 edits  LIVE  2026-09-18T20:03:53.291Z
  ok   #0 L4.description [HIGH] F1: lesson trimmed to jihad; festivals are taught in lesson 5
  ok   #1 L4.content_html [HIGH] F2: whole festivals section removed (h2 n16 to end); one signpost paragraph left in its place
  ok   #2 L4.exam_tip_html [HIGH] F3: exam tip pointed at festivals; now points at the jihad comparison the lesson still teaches
  ok   #3 L4.conclusion_html [HIGH] F4: festivals takeaway replaced with the Qur’anic limits the lesson still teaches
  ok   #4 L4.conclusion_html [HIGH] F5: Ashura takeaway replaced with the Sunni/Shi’a jihad comparison
  ok   #5 L4.practice_questions[2].text [HIGH] F6: Ashura question replaced with a jihad comparison
  ok   #6 L4.practice_questions[2].marks [HIGH] F6: mark scheme for the replacement question
  ok   #7 L4.practice_questions[4].text [HIGH] F7: festivals evaluation replaced with a jihad evaluation
  ok   #8 L4.practice_questions[4].marks [HIGH] F7: mark scheme for the replacement evaluation
  ok   #9 L4.practice_questions[5].text [HIGH] F8: Id festivals question replaced with the Sunni/Shi’a jihad comparison
  ok   #10 L4.practice_questions[5].marks [HIGH] F8: mark scheme for the replacement question
  ok   #11 L4.knowledge_checks[0].q [HIGH] F9: Id-ul-Adha check replaced with a lesser jihad condition
  ok   #12 L4.knowledge_checks[0].options [HIGH] F9: options for the replacement check
  ok   #13 L4.knowledge_checks[0].correct [HIGH] F9: correct index for the replacement check
  ok   #14 L4.knowledge_checks[2].q [HIGH] F10: Ashura fill replaced with a greater jihad fill
  ok   #15 L4.knowledge_checks[2].options [HIGH] F10: options for the replacement fill
  ok   #16 L4.knowledge_checks[2].correct [HIGH] F10: correct index for the replacement fill
  ok   #17 L4.knowledge_checks[3].q [HIGH] F11: Zakat-ul-Fitr fill replaced with a lesser jihad fill (Qur’an 8:61)
  ok   #18 L4.knowledge_checks[3].options [HIGH] F11: options for the replacement fill
  ok   #19 L4.knowledge_checks[3].correct [HIGH] F11: correct index for the replacement fill
  ok   #20 L4.knowledge_checks[4].q [HIGH] F12: festivals match replaced with a jihad match (left/right/order shape kept)
  ok   #21 L4.knowledge_checks[4].left [HIGH] F12: left column for the replacement match
  ok   #22 L4.knowledge_checks[4].right [HIGH] F12: right column for the replacement match (order [0,1,2] unchanged)
  ok   #23 L4.flashcard_questions[13].q [HIGH] F13: Id-ul-Adha card replaced with a lesser jihad card
  ok   #24 L4.flashcard_questions[13].a [HIGH] F13: answer for the replacement card
  ok   #25 L4.flashcard_questions[14].q [HIGH] F14: Zakat-ul-Fitr card replaced with a greater jihad card
  ok   #26 L4.flashcard_questions[14].a [HIGH] F14: answer for the replacement card
  ok   #27 L4.glossary_termslength [HIGH] F15: the five festival terms are the tail of the array and their <dfn> anchors are gone; truncating to 4 keeps
  PATCH L4: description, content_html, exam_tip_html, conclusion_html, practice_questions, knowledge_checks, flashcard_questions, glossary_terms
=== 28 applied, 0 skipped, 1 lessons / 8 fields changed
