=== APPLY EDITS english-literature-ocr/a-christmas-carol  109 edits  LIVE  2026-09-02T17:25:06.713Z
  ok   #0 L1.practice_questions[0].type [HIGH] F1: A Christmas Carol is the 19th-century prose text, not a Shakespeare play; Shakespeare sits in the other co
  ok   #1 L1.practice_questions[1].type [HIGH] F1: A Christmas Carol is the 19th-century prose text, not a Shakespeare play; Shakespeare sits in the other co
  ok   #2 L1.practice_questions[2].type [HIGH] F1: A Christmas Carol is the 19th-century prose text, not a Shakespeare play; Shakespeare sits in the other co
  ok   #3 L1.practice_questions[3].type [HIGH] F1: A Christmas Carol is the 19th-century prose text, not a Shakespeare play; Shakespeare sits in the other co
  ok   #4 L1.practice_questions[4].type [HIGH] F1: A Christmas Carol is the 19th-century prose text, not a Shakespeare play; Shakespeare sits in the other co
  ok   #5 L1.practice_questions[5].type [HIGH] F1: A Christmas Carol is the 19th-century prose text, not a Shakespeare play; Shakespeare sits in the other co
  ok   #42 L1.practice_questions[0].marks [MEDIUM] F2: "Band 6 / Lower bands" is not a real ladder for a 40-mark question; rescaled to the five house bands.
  ok   #43 L1.practice_questions[1].marks [MEDIUM] F2: "Band 6 / Lower bands" is not a real ladder for a 40-mark question; rescaled to the five house bands.
  ok   #44 L1.practice_questions[2].marks [MEDIUM] F2: "Band 6 / Lower bands" is not a real ladder for a 40-mark question; rescaled to the five house bands.
  ok   #45 L1.practice_questions[3].marks [MEDIUM] F2: "Band 6 / Lower bands" is not a real ladder for a 40-mark question; rescaled to the five house bands.
  ok   #46 L1.practice_questions[4].marks [MEDIUM] F2: "Band 6 / Lower bands" is not a real ladder for a 40-mark question; rescaled to the five house bands.
  ok   #47 L1.practice_questions[5].marks [MEDIUM] F2: "Band 6 / Lower bands" is not a real ladder for a 40-mark question; rescaled to the five house bands.
  ok   #84 L1.content_html [MEDIUM] F4: two separate speeches with the gentleman’s reply between them; the ellipsis keeps the quotation honest.
  ok   #85 L1.flashcard_questions[8].a [MEDIUM] F4: the two questions are separated in the text by the gentleman’s reply.
  ok   #86 L1.flashcard_questions[4].a [MEDIUM] F3: the report is the 1842 Second Report, which Dickens read in 1843. Lesson 7 already states this correctly.
  ok   #87 L1.practice_questions[3].text [MEDIUM] F4: printed extract must show the two questions are not consecutive.
  PATCH L1: practice_questions, content_html, flashcard_questions
  ok   #6 L2.practice_questions[0].type [HIGH] F1: A Christmas Carol is the 19th-century prose text, not a Shakespeare play; Shakespeare sits in the other co
  ok   #7 L2.practice_questions[1].type [HIGH] F1: A Christmas Carol is the 19th-century prose text, not a Shakespeare play; Shakespeare sits in the other co
  ok   #8 L2.practice_questions[2].type [HIGH] F1: A Christmas Carol is the 19th-century prose text, not a Shakespeare play; Shakespeare sits in the other co
  ok   #9 L2.practice_questions[3].type [HIGH] F1: A Christmas Carol is the 19th-century prose text, not a Shakespeare play; Shakespeare sits in the other co
  ok   #10 L2.practice_questions[4].type [HIGH] F1: A Christmas Carol is the 19th-century prose text, not a Shakespeare play; Shakespeare sits in the other co
  ok   #11 L2.practice_questions[5].type [HIGH] F1: A Christmas Carol is the 19th-century prose text, not a Shakespeare play; Shakespeare sits in the other co
  ok   #48 L2.practice_questions[0].marks [MEDIUM] F2: mark ladder relabelled to the five house bands for a 40-mark question.
  ok   #49 L2.practice_questions[1].marks [MEDIUM] F2/F8: house bands; and Marley is not one of the Three Spirits, so "the four Spirits" is wrong.
  ok   #50 L2.practice_questions[2].marks [MEDIUM] F2: mark ladder relabelled to the five house bands for a 40-mark question.
  ok   #51 L2.practice_questions[3].marks [MEDIUM] F2: mark ladder relabelled to the five house bands for a 40-mark question.
  ok   #52 L2.practice_questions[4].marks [MEDIUM] F2: mark ladder relabelled to the five house bands for a 40-mark question.
  ok   #53 L2.practice_questions[5].marks [MEDIUM] F2: mark ladder relabelled to the five house bands for a 40-mark question.
  ok   #88 L2.content_html [MEDIUM] F5: the clerk gets no shovelful — his fire “looked like one coal” and Scrooge threatens him whenever he comes 
  ok   #89 L2.content_html [MEDIUM] F6/F7: Stave 1 ends “fell asleep upon the instant” (“heavy sleep” ends Stave 2), and Marley tells Scrooge the 
  ok   #90 L2.flashcard_questions[7].a [MEDIUM] F5: the text gives one coal, not one shovelful.
  PATCH L2: practice_questions, content_html, flashcard_questions
  ok   #12 L3.practice_questions[0].type [HIGH] F1: A Christmas Carol is the 19th-century prose text, not a Shakespeare play; Shakespeare sits in the other co
  ok   #13 L3.practice_questions[1].type [HIGH] F1: A Christmas Carol is the 19th-century prose text, not a Shakespeare play; Shakespeare sits in the other co
  ok   #14 L3.practice_questions[2].type [HIGH] F1: A Christmas Carol is the 19th-century prose text, not a Shakespeare play; Shakespeare sits in the other co
  ok   #15 L3.practice_questions[3].type [HIGH] F1: A Christmas Carol is the 19th-century prose text, not a Shakespeare play; Shakespeare sits in the other co
  ok   #16 L3.practice_questions[4].type [HIGH] F1: A Christmas Carol is the 19th-century prose text, not a Shakespeare play; Shakespeare sits in the other co
  ok   #17 L3.practice_questions[5].type [HIGH] F1: A Christmas Carol is the 19th-century prose text, not a Shakespeare play; Shakespeare sits in the other co
  ok   #54 L3.practice_questions[0].marks [MEDIUM] F2: mark ladder relabelled to the five house bands for a 40-mark question.
  ok   #55 L3.practice_questions[1].marks [MEDIUM] F2: mark ladder relabelled to the five house bands for a 40-mark question.
  ok   #56 L3.practice_questions[2].marks [MEDIUM] F2: mark ladder relabelled to the five house bands for a 40-mark question.
  ok   #57 L3.practice_questions[3].marks [MEDIUM] F2: mark ladder relabelled to the five house bands for a 40-mark question.
  ok   #58 L3.practice_questions[4].marks [MEDIUM] F2: mark ladder relabelled to the five house bands for a 40-mark question.
  ok   #59 L3.practice_questions[5].marks [MEDIUM] F2: mark ladder relabelled to the five house bands for a 40-mark question.
  ok   #91 L3.content_html [HIGH] F9: “He has, I think, a child” is not in the novella. The Ghost says Fan “died a woman, and had, as I think, c
  ok   #92 L3.flashcard_questions[7].a [HIGH] F9: the card taught a line that does not exist in the text.
  ok   #93 L3.flashcard_questions[7].q [HIGH] F9: the line is not described as “mild” in the text.
  ok   #94 L3.content_html [LOW] F10: the revision tip said three, the key fact beside it says four.
  ok   #95 L3.practice_questions[1].text [MEDIUM] F11: “A golden one” answers Scrooge’s question; the printed extract ran the two speeches together.
  PATCH L3: practice_questions, content_html, flashcard_questions
  ok   #18 L4.practice_questions[0].type [HIGH] F1: A Christmas Carol is the 19th-century prose text, not a Shakespeare play; Shakespeare sits in the other co
  ok   #19 L4.practice_questions[1].type [HIGH] F1: A Christmas Carol is the 19th-century prose text, not a Shakespeare play; Shakespeare sits in the other co
  ok   #20 L4.practice_questions[2].type [HIGH] F1: A Christmas Carol is the 19th-century prose text, not a Shakespeare play; Shakespeare sits in the other co
  ok   #21 L4.practice_questions[3].type [HIGH] F1: A Christmas Carol is the 19th-century prose text, not a Shakespeare play; Shakespeare sits in the other co
  ok   #22 L4.practice_questions[4].type [HIGH] F1: A Christmas Carol is the 19th-century prose text, not a Shakespeare play; Shakespeare sits in the other co
  ok   #23 L4.practice_questions[5].type [HIGH] F1: A Christmas Carol is the 19th-century prose text, not a Shakespeare play; Shakespeare sits in the other co
  ok   #60 L4.practice_questions[0].marks [MEDIUM] F2: mark ladder relabelled to the five house bands for a 40-mark question.
  ok   #61 L4.practice_questions[1].marks [MEDIUM] F2: mark ladder relabelled to the five house bands for a 40-mark question.
  ok   #62 L4.practice_questions[2].marks [MEDIUM] F2: mark ladder relabelled to the five house bands for a 40-mark question.
  ok   #63 L4.practice_questions[3].marks [MEDIUM] F2: mark ladder relabelled to the five house bands for a 40-mark question.
  ok   #64 L4.practice_questions[4].marks [MEDIUM] F2: mark ladder relabelled to the five house bands for a 40-mark question.
  ok   #65 L4.practice_questions[5].marks [MEDIUM] F2: mark ladder relabelled to the five house bands for a 40-mark question.
  ok   #96 L4.content_html [MEDIUM] F12: Tim never speaks these words in the novella — Bob reports them, in the third person.
  ok   #97 L4.content_html [MEDIUM] F13: the goose is “Eked out by apple-sauce and mashed potatoes”; sage and onion is the stuffing.
  ok   #98 L4.content_html [LOW] F14: the text reads “clothed in one simple green robe”.
  ok   #99 L4.flashcard_questions[1].a [LOW] F14: quotation corrected to the wording in the novella.
  PATCH L4: practice_questions, content_html, flashcard_questions
  ok   #24 L5.practice_questions[0].type [HIGH] F1: A Christmas Carol is the 19th-century prose text, not a Shakespeare play; Shakespeare sits in the other co
  ok   #25 L5.practice_questions[1].type [HIGH] F1: A Christmas Carol is the 19th-century prose text, not a Shakespeare play; Shakespeare sits in the other co
  ok   #26 L5.practice_questions[2].type [HIGH] F1: A Christmas Carol is the 19th-century prose text, not a Shakespeare play; Shakespeare sits in the other co
  ok   #27 L5.practice_questions[3].type [HIGH] F1: A Christmas Carol is the 19th-century prose text, not a Shakespeare play; Shakespeare sits in the other co
  ok   #28 L5.practice_questions[4].type [HIGH] F1: A Christmas Carol is the 19th-century prose text, not a Shakespeare play; Shakespeare sits in the other co
  ok   #29 L5.practice_questions[5].type [HIGH] F1: A Christmas Carol is the 19th-century prose text, not a Shakespeare play; Shakespeare sits in the other co
  ok   #66 L5.practice_questions[0].marks [MEDIUM] F2: mark ladder relabelled to the five house bands for a 40-mark question.
  ok   #67 L5.practice_questions[1].marks [MEDIUM] F2/F15: house bands; the speech is the charwoman’s, not the laundress’s.
  ok   #68 L5.practice_questions[2].marks [MEDIUM] F2: mark ladder relabelled to the five house bands for a 40-mark question.
  ok   #69 L5.practice_questions[3].marks [MEDIUM] F2: mark ladder relabelled to the five house bands for a 40-mark question.
  ok   #70 L5.practice_questions[4].marks [MEDIUM] F2: mark ladder relabelled to the five house bands for a 40-mark question.
  ok   #71 L5.practice_questions[5].marks [MEDIUM] F2: mark ladder relabelled to the five house bands for a 40-mark question.
  ok   #100 L5.content_html [HIGH] F15/F16: the boast is the charwoman’s (the laundress, Mrs Dilber, brings sheets, towels and teaspoons), and “h
  ok   #101 L5.flashcard_questions[4].q [HIGH] F15: the speaker is the charwoman, not the laundress.
  ok   #102 L5.flashcard_questions[6].a [LOW] F17: the text reads “He broke down all at once.”
  PATCH L5: practice_questions, content_html, flashcard_questions
  ok   #30 L6.practice_questions[0].type [HIGH] F1: A Christmas Carol is the 19th-century prose text, not a Shakespeare play; Shakespeare sits in the other co
  ok   #31 L6.practice_questions[1].type [HIGH] F1: A Christmas Carol is the 19th-century prose text, not a Shakespeare play; Shakespeare sits in the other co
  ok   #32 L6.practice_questions[2].type [HIGH] F1: A Christmas Carol is the 19th-century prose text, not a Shakespeare play; Shakespeare sits in the other co
  ok   #33 L6.practice_questions[3].type [HIGH] F1: A Christmas Carol is the 19th-century prose text, not a Shakespeare play; Shakespeare sits in the other co
  ok   #34 L6.practice_questions[4].type [HIGH] F1: A Christmas Carol is the 19th-century prose text, not a Shakespeare play; Shakespeare sits in the other co
  ok   #35 L6.practice_questions[5].type [HIGH] F1: A Christmas Carol is the 19th-century prose text, not a Shakespeare play; Shakespeare sits in the other co
  ok   #72 L6.practice_questions[0].marks [MEDIUM] F2: mark ladder relabelled to the five house bands for a 40-mark question.
  ok   #73 L6.practice_questions[1].marks [MEDIUM] F2: mark ladder relabelled to the five house bands for a 40-mark question.
  ok   #74 L6.practice_questions[2].marks [MEDIUM] F2: mark ladder relabelled to the five house bands for a 40-mark question.
  ok   #75 L6.practice_questions[3].marks [MEDIUM] F2: mark ladder relabelled to the five house bands for a 40-mark question.
  ok   #76 L6.practice_questions[4].marks [MEDIUM] F2: mark ladder relabelled to the five house bands for a 40-mark question.
  ok   #77 L6.practice_questions[5].marks [MEDIUM] F2: mark ladder relabelled to the five house bands for a 40-mark question.
  ok   #103 L6.content_html [MEDIUM] F18/F20: the ruler line is Stave 5 and shows Bob thinking of knocking Scrooge down, not patience; and the text
  ok   #104 L6.flashcard_questions[6].a [LOW] F20: the text reads “He broke down all at once.”
  ok   #105 L6.practice_questions[5].text [MEDIUM] F19: printed extract misquoted; the text reads “Alas for Tiny Tim, he bore a little crutch”.
  PATCH L6: practice_questions, content_html, flashcard_questions
  ok   #36 L7.practice_questions[0].type [HIGH] F1: A Christmas Carol is the 19th-century prose text, not a Shakespeare play; Shakespeare sits in the other co
  ok   #37 L7.practice_questions[1].type [HIGH] F1: A Christmas Carol is the 19th-century prose text, not a Shakespeare play; Shakespeare sits in the other co
  ok   #38 L7.practice_questions[2].type [HIGH] F1: A Christmas Carol is the 19th-century prose text, not a Shakespeare play; Shakespeare sits in the other co
  ok   #39 L7.practice_questions[3].type [HIGH] F1: A Christmas Carol is the 19th-century prose text, not a Shakespeare play; Shakespeare sits in the other co
  ok   #40 L7.practice_questions[4].type [HIGH] F1: A Christmas Carol is the 19th-century prose text, not a Shakespeare play; Shakespeare sits in the other co
  ok   #41 L7.practice_questions[5].type [HIGH] F1: A Christmas Carol is the 19th-century prose text, not a Shakespeare play; Shakespeare sits in the other co
  ok   #78 L7.practice_questions[0].marks [MEDIUM] F2: mark ladder relabelled to the five house bands for a 40-mark question.
  ok   #79 L7.practice_questions[1].marks [MEDIUM] F2: mark ladder relabelled to the five house bands for a 40-mark question.
  ok   #80 L7.practice_questions[2].marks [MEDIUM] F2: mark ladder relabelled to the five house bands for a 40-mark question.
  ok   #81 L7.practice_questions[3].marks [MEDIUM] F2: mark ladder relabelled to the five house bands for a 40-mark question.
  ok   #82 L7.practice_questions[4].marks [MEDIUM] F2: mark ladder relabelled to the five house bands for a 40-mark question.
  ok   #83 L7.practice_questions[5].marks [MEDIUM] F2: mark ladder relabelled to the five house bands for a 40-mark question.
  ok   #106 L7.practice_questions[3].text [HIGH] F21: “I will honour Christmas in my heart” is spoken at the graveside in Stave 4, not in Stave 5.
  ok   #107 L7.flashcard_questions[3].q [HIGH] F22: “I am not the man I was” is Stave 4, at the grave, not Stave 5.
  ok   #108 L7.content_html [MEDIUM] F23: the 19th-century prose question is a choice of two — extract-based or discursive; the extract is not comp
  PATCH L7: practice_questions, flashcard_questions, content_html
=== 109 applied, 0 skipped, 7 lessons / 21 fields changed
