=== APPLY EDITS english-literature-ocr/much-ado-about-nothing  104 edits  LIVE  2026-09-02T18:05:32.483Z
  ok   #12 L1.content_html [MEDIUM] F9: spec code removed; the section is named instead.
  ok   #13 L1.exam_tip_html [MEDIUM] F9: spec code removed; the section is named instead.
  ok   #31 L1.practice_questions[0].marks [MEDIUM] F10: ladder rescaled to the real 40-mark total and to the five house bands; banned 'Level' band names removed.
  ok   #32 L1.practice_questions[1].marks [MEDIUM] F10: ladder rescaled to the real 40-mark total and to the five house bands; banned 'Level' band names removed.
  ok   #33 L1.practice_questions[2].type [MEDIUM] F10: the Shakespeare section sets one 40-mark extended response; there is no 4-mark question on the play.
  ok   #34 L1.practice_questions[2].marks [MEDIUM] F10: ladder rescaled to the real 40-mark total and to the five house bands; banned 'Level' band names removed.
  ok   #35 L1.practice_questions[3].type [MEDIUM] F10: the Shakespeare section sets one 40-mark extended response; there is no 4-mark question on the play.
  ok   #36 L1.practice_questions[3].marks [MEDIUM] F10: ladder rescaled to the real 40-mark total and to the five house bands; banned 'Level' band names removed.
  ok   #37 L1.practice_questions[4].marks [MEDIUM] F10: ladder rescaled to the real 40-mark total and to the five house bands; banned 'Level' band names removed.
  ok   #38 L1.practice_questions[5].type [MEDIUM] F10: the Shakespeare section sets one 40-mark extended response; there is no 4-mark question on the play.
  ok   #39 L1.practice_questions[5].marks [MEDIUM] F10: ladder rescaled to the real 40-mark total and to the five house bands; banned 'Level' band names removed.
  PATCH L1: content_html, exam_tip_html, practice_questions
  ok   #10 L2.knowledge_checks[1].options[1] [MEDIUM] F7: Beatrice's closing speech in Act 3 Scene 1 is rhymed, so it is not blank verse.
  ok   #11 L2.flashcard_questions[13].q [MEDIUM] F7: Beatrice's closing speech in Act 3 Scene 1 is rhymed, so it is not blank verse.
  ok   #14 L2.exam_tip_html [MEDIUM] F9: spec code removed; the section is named instead.
  ok   #40 L2.practice_questions[0].marks [MEDIUM] F10: ladder rescaled to the real 40-mark total and to the five house bands; banned 'Level' band names removed.
  ok   #41 L2.practice_questions[1].marks [MEDIUM] F10: ladder rescaled to the real 40-mark total and to the five house bands; banned 'Level' band names removed.
  ok   #42 L2.practice_questions[2].type [MEDIUM] F10: the Shakespeare section sets one 40-mark extended response; there is no 4-mark question on the play.
  ok   #43 L2.practice_questions[2].marks [MEDIUM] F10: ladder rescaled to the real 40-mark total and to the five house bands; banned 'Level' band names removed.
  ok   #44 L2.practice_questions[3].type [MEDIUM] F10: the Shakespeare section sets one 40-mark extended response; there is no 4-mark question on the play.
  ok   #45 L2.practice_questions[3].marks [MEDIUM] F10: ladder rescaled to the real 40-mark total and to the five house bands; banned 'Level' band names removed.
  ok   #46 L2.practice_questions[4].marks [MEDIUM] F10: ladder rescaled to the real 40-mark total and to the five house bands; banned 'Level' band names removed.
  ok   #47 L2.practice_questions[5].type [MEDIUM] F10: the Shakespeare section sets one 40-mark extended response; there is no 4-mark question on the play.
  ok   #48 L2.practice_questions[5].marks [MEDIUM] F10: ladder rescaled to the real 40-mark total and to the five house bands; banned 'Level' band names removed.
  PATCH L2: knowledge_checks, flashcard_questions, exam_tip_html, practice_questions
  ok   #0 L3.content_html [HIGH] F1: fabricated quotation replaced with Borachio's real words; the watchers were far off, not close by.
  ok   #8 L3.content_html [MEDIUM] F6: verbatim wording and comma placement corrected.
  ok   #9 L3.flashcard_questions[3].a [MEDIUM] F6: 'tomorrow' belongs to the marriage clause, not the shaming clause.
  ok   #15 L3.exam_tip_html [MEDIUM] F9: spec code removed; the section is named instead.
  ok   #49 L3.practice_questions[0].marks [MEDIUM] F10: ladder rescaled to the real 40-mark total and to the five house bands; banned 'Level' band names removed.
  ok   #50 L3.practice_questions[1].marks [MEDIUM] F10: ladder rescaled to the real 40-mark total and to the five house bands; banned 'Level' band names removed.
  ok   #51 L3.practice_questions[2].type [MEDIUM] F10: the Shakespeare section sets one 40-mark extended response; there is no 4-mark question on the play.
  ok   #52 L3.practice_questions[2].marks [MEDIUM] F10: ladder rescaled to the real 40-mark total and to the five house bands; banned 'Level' band names removed.
  ok   #53 L3.practice_questions[3].type [MEDIUM] F10: the Shakespeare section sets one 40-mark extended response; there is no 4-mark question on the play.
  ok   #54 L3.practice_questions[3].marks [MEDIUM] F10: ladder rescaled to the real 40-mark total and to the five house bands; banned 'Level' band names removed.
  ok   #55 L3.practice_questions[4].marks [MEDIUM] F10: ladder rescaled to the real 40-mark total and to the five house bands; banned 'Level' band names removed.
  ok   #56 L3.practice_questions[5].type [MEDIUM] F10: the Shakespeare section sets one 40-mark extended response; there is no 4-mark question on the play.
  ok   #57 L3.practice_questions[5].marks [MEDIUM] F10: ladder rescaled to the real 40-mark total and to the five house bands; banned 'Level' band names removed.
  PATCH L3: content_html, flashcard_questions, exam_tip_html, practice_questions
  ok   #16 L4.exam_tip_html [MEDIUM] F9: spec code removed; the section is named instead.
  ok   #58 L4.practice_questions[0].marks [MEDIUM] F10: ladder rescaled to the real 40-mark total and to the five house bands; banned 'Level' band names removed.
  ok   #59 L4.practice_questions[1].marks [MEDIUM] F10: ladder rescaled to the real 40-mark total and to the five house bands; banned 'Level' band names removed.
  ok   #60 L4.practice_questions[2].type [MEDIUM] F10: the Shakespeare section sets one 40-mark extended response; there is no 4-mark question on the play.
  ok   #61 L4.practice_questions[2].marks [MEDIUM] F10: ladder rescaled to the real 40-mark total and to the five house bands; banned 'Level' band names removed.
  ok   #62 L4.practice_questions[3].type [MEDIUM] F10: the Shakespeare section sets one 40-mark extended response; there is no 4-mark question on the play.
  ok   #63 L4.practice_questions[3].marks [MEDIUM] F10: ladder rescaled to the real 40-mark total and to the five house bands; banned 'Level' band names removed.
  ok   #64 L4.practice_questions[4].marks [MEDIUM] F10: ladder rescaled to the real 40-mark total and to the five house bands; banned 'Level' band names removed.
  ok   #65 L4.practice_questions[5].type [MEDIUM] F10: the Shakespeare section sets one 40-mark extended response; there is no 4-mark question on the play.
  ok   #66 L4.practice_questions[5].marks [MEDIUM] F10: ladder rescaled to the real 40-mark total and to the five house bands; banned 'Level' band names removed.
  PATCH L4: exam_tip_html, practice_questions
  ok   #1 L5.content_html [HIGH] F2: the quoted line is Beatrice's Act 4 declaration of love, not a denial in the final scene.
  ok   #5 L5.content_html [MEDIUM] F4: Claudio commands the hymn; he does not sing it.
  ok   #6 L5.knowledge_checks[1].options[1] [MEDIUM] F4: Claudio commands the hymn; he does not sing it.
  ok   #17 L5.exam_tip_html [MEDIUM] F9: spec code removed; the section is named instead.
  ok   #67 L5.practice_questions[0].marks [MEDIUM] F10: ladder rescaled to the real 40-mark total and to the five house bands; banned 'Level' band names removed.
  ok   #68 L5.practice_questions[1].marks [MEDIUM] F10: ladder rescaled to the real 40-mark total and to the five house bands; banned 'Level' band names removed.
  ok   #69 L5.practice_questions[2].type [MEDIUM] F10: the Shakespeare section sets one 40-mark extended response; there is no 4-mark question on the play.
  ok   #70 L5.practice_questions[2].marks [MEDIUM] F10: ladder rescaled to the real 40-mark total and to the five house bands; banned 'Level' band names removed.
  ok   #71 L5.practice_questions[3].type [MEDIUM] F10: the Shakespeare section sets one 40-mark extended response; there is no 4-mark question on the play.
  ok   #72 L5.practice_questions[3].marks [MEDIUM] F10: ladder rescaled to the real 40-mark total and to the five house bands; banned 'Level' band names removed.
  ok   #73 L5.practice_questions[4].marks [MEDIUM] F10: ladder rescaled to the real 40-mark total and to the five house bands; banned 'Level' band names removed.
  ok   #74 L5.practice_questions[5].type [MEDIUM] F10: the Shakespeare section sets one 40-mark extended response; there is no 4-mark question on the play.
  ok   #75 L5.practice_questions[5].marks [MEDIUM] F10: ladder rescaled to the real 40-mark total and to the five house bands; banned 'Level' band names removed.
  PATCH L5: content_html, knowledge_checks, exam_tip_html, practice_questions
  ok   #7 L6.content_html [MEDIUM] F5: the quotation is from Act 2 Scene 1, not the gulling scene.
  ok   #18 L6.description [MEDIUM] F9: spec code removed; the section is named instead.
  ok   #19 L6.content_html [MEDIUM] F9: spec code removed; the section is named instead.
  ok   #20 L6.exam_tip_html [MEDIUM] F9: spec code removed; the section is named instead.
  ok   #28 L6.exam_tip_html [LOW] F12: an AO code must not sit immediately before a full stop.
  ok   #76 L6.practice_questions[0].marks [MEDIUM] F10: ladder rescaled to the real 40-mark total and to the five house bands; banned 'Level' band names removed.
  ok   #77 L6.practice_questions[1].marks [MEDIUM] F10: ladder rescaled to the real 40-mark total and to the five house bands; banned 'Level' band names removed.
  ok   #78 L6.practice_questions[2].type [MEDIUM] F10: the Shakespeare section sets one 40-mark extended response; there is no 4-mark question on the play.
  ok   #79 L6.practice_questions[2].marks [MEDIUM] F10: ladder rescaled to the real 40-mark total and to the five house bands; banned 'Level' band names removed.
  ok   #80 L6.practice_questions[3].type [MEDIUM] F10: the Shakespeare section sets one 40-mark extended response; there is no 4-mark question on the play.
  ok   #81 L6.practice_questions[3].marks [MEDIUM] F10: ladder rescaled to the real 40-mark total and to the five house bands; banned 'Level' band names removed.
  ok   #82 L6.practice_questions[4].marks [MEDIUM] F10: ladder rescaled to the real 40-mark total and to the five house bands; banned 'Level' band names removed.
  ok   #83 L6.practice_questions[5].type [MEDIUM] F10: the Shakespeare section sets one 40-mark extended response; there is no 4-mark question on the play.
  ok   #84 L6.practice_questions[5].marks [MEDIUM] F10: ladder rescaled to the real 40-mark total and to the five house bands; banned 'Level' band names removed.
  PATCH L6: content_html, description, exam_tip_html, practice_questions
  ok   #2 L7.content_html [HIGH] F3: speakers swapped and second quotation fabricated; both lines now verbatim from Act 1 Scene 1.
  ok   #3 L7.flashcard_questions[12].q [HIGH] F3: the line is Benedick's, about Beatrice's tongue.
  ok   #4 L7.flashcard_questions[12].a [HIGH] F3: the line is Benedick's, about Beatrice's tongue.
  ok   #21 L7.content_html [MEDIUM] F9: spec code removed; the section is named instead.
  ok   #22 L7.exam_tip_html [MEDIUM] F9: spec code removed; the section is named instead.
  ok   #29 L7.content_html [LOW] F12: an AO code must not sit immediately before a full stop.
  ok   #30 L7.exam_tip_html [LOW] F12: an AO code must not sit immediately before a full stop.
  ok   #85 L7.practice_questions[0].marks [MEDIUM] F10: ladder rescaled to the real 40-mark total and to the five house bands; banned 'Level' band names removed.
  ok   #86 L7.practice_questions[1].marks [MEDIUM] F10: ladder rescaled to the real 40-mark total and to the five house bands; banned 'Level' band names removed.
  ok   #87 L7.practice_questions[2].type [MEDIUM] F10: the Shakespeare section sets one 40-mark extended response; there is no 4-mark question on the play.
  ok   #88 L7.practice_questions[2].marks [MEDIUM] F10: ladder rescaled to the real 40-mark total and to the five house bands; banned 'Level' band names removed.
  ok   #89 L7.practice_questions[3].type [MEDIUM] F10: the Shakespeare section sets one 40-mark extended response; there is no 4-mark question on the play.
  ok   #90 L7.practice_questions[3].marks [MEDIUM] F10: ladder rescaled to the real 40-mark total and to the five house bands; banned 'Level' band names removed.
  ok   #91 L7.practice_questions[4].marks [MEDIUM] F10: ladder rescaled to the real 40-mark total and to the five house bands; banned 'Level' band names removed.
  ok   #92 L7.practice_questions[5].type [MEDIUM] F10: the Shakespeare section sets one 40-mark extended response; there is no 4-mark question on the play.
  ok   #93 L7.practice_questions[5].marks [MEDIUM] F10: ladder rescaled to the real 40-mark total and to the five house bands; banned 'Level' band names removed.
  ok   #103 L7.description [LOW] F11: description trimmed under the 100-character validator limit.
  PATCH L7: content_html, flashcard_questions, exam_tip_html, practice_questions, description
  ok   #23 L8.description [MEDIUM] F9: spec code removed; the section is named instead.
  ok   #24 L8.conclusion_html [MEDIUM] F9: spec code removed; the section is named instead.
  ok   #25 L8.exam_tip_html [MEDIUM] F8: the section is worth about an hour, not 45 minutes.
  ok   #26 L8.practice_questions[5].text [MEDIUM] F9: spec code removed from the question stem.
  ok   #27 L8.knowledge_checks[1].q [MEDIUM] F9: spec and component codes removed; the answer (all four objectives) is correct and unchanged.
  ok   #94 L8.practice_questions[0].marks [MEDIUM] F10: ladder rescaled to the real 40-mark total and to the five house bands; banned 'Level' band names removed.
  ok   #95 L8.practice_questions[1].marks [MEDIUM] F10: ladder rescaled to the real 40-mark total and to the five house bands; banned 'Level' band names removed.
  ok   #96 L8.practice_questions[2].type [MEDIUM] F10: the Shakespeare section sets one 40-mark extended response; there is no 4-mark question on the play.
  ok   #97 L8.practice_questions[2].marks [MEDIUM] F10: ladder rescaled to the real 40-mark total and to the five house bands; banned 'Level' band names removed.
  ok   #98 L8.practice_questions[3].type [MEDIUM] F10: the Shakespeare section sets one 40-mark extended response; there is no 4-mark question on the play.
  ok   #99 L8.practice_questions[3].marks [MEDIUM] F10: ladder rescaled to the real 40-mark total and to the five house bands; banned 'Level' band names removed.
  ok   #100 L8.practice_questions[4].marks [MEDIUM] F10: ladder rescaled to the real 40-mark total and to the five house bands; banned 'Level' band names removed.
  ok   #101 L8.practice_questions[5].type [MEDIUM] F10: the Shakespeare section sets one 40-mark extended response; there is no 4-mark question on the play.
  ok   #102 L8.practice_questions[5].marks [MEDIUM] F10: ladder rescaled to the real 40-mark total and to the five house bands; banned 'Level' band names removed.
  PATCH L8: description, conclusion_html, exam_tip_html, practice_questions, knowledge_checks
=== 104 applied, 0 skipped, 8 lessons / 31 fields changed
