
=== RE-NARRATION (changed narrated text only) ===
backup: C:\Users\tshau\Documents\Study Vault\scripts\_retrofc\units\english-literature-ocr__much-ado-about-nothing\_backup.json
unit:   english-literature-ocr / much-ado-about-nothing
run: 2026-09-02T18:05:35Z  mode: LIVE

8 lessons, 19 clips to regenerate

  L01 (Ollie)  Context: Honour & Gender
      n3: In the Shakespeare section of the exam, the play explores Elizabethan society's preoccupation with honour , pa
             -> 297 KB, 25.3s, uploaded
      n14: In the Shakespeare section, context (AO3) in Much Ado should focus on: Elizabethan honour culture (female chas
             -> 251 KB, 21.4s, uploaded
      manifest updated (18 entries)
  L02 (Ada)  Acts 1-2: The Merry War & Deceptions
      n15: For the extract-based question, the gulling scenes are gift material. Analyse the dramatic irony (we know they
             -> 280 KB, 23.9s, uploaded
      manifest updated (19 entries)
  L03 (Ollie)  Acts 2-3: Gulling & Don John's Plot
      n3: Don John tells Claudio and Don Pedro: 'the lady is disloyal.' He invites them to witness 'proof' on the night 
             -> 351 KB, 29.9s, uploaded
      n6: Shakespeare does not show the window scene directly. Instead, we learn about it through Borachio's drunken con
             -> 287 KB, 24.5s, uploaded
      n15: Dogberry is excellent AO2 material. His malapropisms create comedy, but they also carry thematic significance:
             -> 244 KB, 20.9s, uploaded
      manifest updated (19 entries)
  L04 (Ada)  Acts 3-4: Hero's Shaming
      n15: The wedding scene and 'Kill Claudio' exchange are the play's most powerful moments for analysis. For the extra
             -> 311 KB, 26.6s, uploaded
      manifest updated (19 entries)
  L05 (Ollie)  Acts 4-5: Truth & Resolution
      n6: Claudio visits Hero's tomb at night and hangs an epitaph : 'Done to death by slanderous tongues / Was the Hero
             -> 309 KB, 26.4s, uploaded
      n11: Benedick and Beatrice's resolution is far more satisfying. They initially try to deny their love again ('by th
             -> 268 KB, 22.9s, uploaded
      n15: The ending is excellent material for the discursive question ('Is the ending truly happy?'). Compare the two c
             -> 278 KB, 23.7s, uploaded
      manifest updated (18 entries)
  L06 (Ada)  Character Analysis
      n2: Beatrice is the play's most compelling character. Her wit is her defining quality: she outmatches every man in
             -> 339 KB, 28.9s, uploaded
      n3: Her most powerful moment is 'O God, that I were a man! I would eat his heart in the market-place.' Here, wit g
             -> 354 KB, 30.2s, uploaded
      n15: For character questions, always compare the two couples. This is the play's richest structural technique and d
             -> 260 KB, 22.1s, uploaded
      manifest updated (19 entries)
  L07 (Ollie)  Language & Structure
      n3: When characters shift to verse , it signals a change in emotional register. Hero speaks in verse during the gu
             -> 323 KB, 27.6s, uploaded
      n4: Key Fact . Prose = wit, informality, defence (Beatrice and Benedick's usual mode). Verse = sincerity, formalit
             -> 246 KB, 21.0s, uploaded
      n6: Beatrice and Benedick's repartee is the play's signature feature. Their insults are elaborate, intellectual, a
             -> 293 KB, 25.0s, uploaded
      n15: For AO2, focus on eavesdropping as the play's structural spine. Every major plot development happens through '
             -> 274 KB, 23.4s, uploaded
      manifest updated (19 entries)
  L08 (Ada)  Key Themes & Exam Technique
      n16: Time management: 10 minutes planning (annotate the extract or plan paragraphs), 45 minutes writing (4–5 paragr
             -> 354 KB, 30.2s, uploaded
      n20: Compare the two couples in every response. Embed context, track language/structure techniques, and always chec
             -> 104 KB, 8.8s, uploaded
      manifest updated (20 entries)

Regenerated 19 clips.

=== VERIFY (ranged GET + freshness) ===
  206  L01 n3  bytes 0-3/304128  Last-Modified: Wed, 02 Sep 2026 18:05:43 GMT  mp3-sync=OK
  206  L01 n14  bytes 0-3/257184  Last-Modified: Wed, 02 Sep 2026 18:05:48 GMT  mp3-sync=OK
  206  L02 n15  bytes 0-3/286560  Last-Modified: Wed, 02 Sep 2026 18:05:53 GMT  mp3-sync=OK
  206  L03 n3  bytes 0-3/359424  Last-Modified: Wed, 02 Sep 2026 18:05:59 GMT  mp3-sync=OK
  206  L03 n6  bytes 0-3/293472  Last-Modified: Wed, 02 Sep 2026 18:06:03 GMT  mp3-sync=OK
  206  L03 n15  bytes 0-3/250272  Last-Modified: Wed, 02 Sep 2026 18:06:08 GMT  mp3-sync=OK
  206  L04 n15  bytes 0-3/318816  Last-Modified: Wed, 02 Sep 2026 18:06:14 GMT  mp3-sync=OK
  206  L05 n6  bytes 0-3/316512  Last-Modified: Wed, 02 Sep 2026 18:06:19 GMT  mp3-sync=OK
  206  L05 n11  bytes 0-3/274464  Last-Modified: Wed, 02 Sep 2026 18:06:23 GMT  mp3-sync=OK
  206  L05 n15  bytes 0-3/284256  Last-Modified: Wed, 02 Sep 2026 18:06:28 GMT  mp3-sync=OK
  206  L06 n2  bytes 0-3/347328  Last-Modified: Wed, 02 Sep 2026 18:06:33 GMT  mp3-sync=OK
  206  L06 n3  bytes 0-3/362880  Last-Modified: Wed, 02 Sep 2026 18:06:39 GMT  mp3-sync=OK
  206  L06 n15  bytes 0-3/265824  Last-Modified: Wed, 02 Sep 2026 18:06:44 GMT  mp3-sync=OK
  206  L07 n3  bytes 0-3/330624  Last-Modified: Wed, 02 Sep 2026 18:06:49 GMT  mp3-sync=OK
  206  L07 n4  bytes 0-3/252000  Last-Modified: Wed, 02 Sep 2026 18:06:53 GMT  mp3-sync=OK
  206  L07 n6  bytes 0-3/300384  Last-Modified: Wed, 02 Sep 2026 18:06:58 GMT  mp3-sync=OK
  206  L07 n15  bytes 0-3/280224  Last-Modified: Wed, 02 Sep 2026 18:07:02 GMT  mp3-sync=OK
  206  L08 n16  bytes 0-3/362880  Last-Modified: Wed, 02 Sep 2026 18:07:08 GMT  mp3-sync=OK
  206  L08 n20  bytes 0-3/105984  Last-Modified: Wed, 02 Sep 2026 18:07:10 GMT  mp3-sync=OK

19/19 clips verified HTTP 200/206 with fresh audio.
