=== APPLY EDITS history-aqa/norman-england  325 edits  LIVE  2026-09-06T00:16:43.400Z
  ok   #0 L1.content_html [MEDIUM] F1: Edward died in the palace at Westminster; he was too ill even to attend the consecration of his new abbey 
  ok   #1 L1.content_html [MEDIUM] F2: Tostig had been driven out of Northumbria in 1065, as this lesson itself says later; in January 1066 Morca
  ok   #2 L1.content_html [LOW] F3: Harold was wrecked on the coast of Ponthieu and held by Count Guy before William obtained him; the oath it
  ok   #3 L1.exam_tip_html [MEDIUM] F4: invented claim about what examiners reward.
  ok   #4 L1.flashcard_questions[4].a [LOW] F5: one-word answer given a fuller form.
  ok   #5 L1.flashcard_questions[5].q [LOW] F5: 'On what year' corrected.
  ok   #6 L1.practice_questions[0].text [HIGH] F50: this paper's British depth study section sets four questions only - an 8-mark interpretation question, an
  ok   #7 L1.practice_questions[0].type [HIGH] F50: this paper's British depth study section sets four questions only - an 8-mark interpretation question, an
  ok   #8 L1.practice_questions[0].marks [HIGH] F50: this paper's British depth study section sets four questions only - an 8-mark interpretation question, an
  ok   #9 L1.practice_questions[1].text [MEDIUM] F-FORM: the account question is set as 'Write an account of...'.
  ok   #10 L1.practice_questions[2].text [HIGH] F50: this paper's British depth study section sets four questions only - an 8-mark interpretation question, an
  ok   #11 L1.practice_questions[2].type [HIGH] F50: this paper's British depth study section sets four questions only - an 8-mark interpretation question, an
  ok   #12 L1.practice_questions[2].marks [HIGH] F50: this paper's British depth study section sets four questions only - an 8-mark interpretation question, an
  ok   #13 L1.practice_questions[3].text [HIGH] F50: this paper's British depth study section sets four questions only - an 8-mark interpretation question, an
  ok   #14 L1.practice_questions[3].type [HIGH] F50: this paper's British depth study section sets four questions only - an 8-mark interpretation question, an
  ok   #15 L1.practice_questions[3].marks [HIGH] F50: this paper's British depth study section sets four questions only - an 8-mark interpretation question, an
  ok   #16 L1.practice_questions[4].text [HIGH] F50: this paper's British depth study section sets four questions only - an 8-mark interpretation question, an
  ok   #17 L1.practice_questions[4].type [HIGH] F50: this paper's British depth study section sets four questions only - an 8-mark interpretation question, an
  ok   #18 L1.practice_questions[4].marks [HIGH] F50: this paper's British depth study section sets four questions only - an 8-mark interpretation question, an
  ok   #19 L1.practice_questions[5].text [HIGH] F50: this paper's British depth study section sets four questions only - an 8-mark interpretation question, an
  ok   #20 L1.practice_questions[5].type [HIGH] F50: this paper's British depth study section sets four questions only - an 8-mark interpretation question, an
  ok   #21 L1.practice_questions[5].marks [HIGH] F50: this paper's British depth study section sets four questions only - an 8-mark interpretation question, an
  PATCH L1: content_html, exam_tip_html, flashcard_questions, practice_questions
  ok   #22 L2.description [MEDIUM] F6: the description broke off mid-sentence.
  ok   #23 L2.content_html [MEDIUM] F7: the dates did not fit. Harold covered about 185 miles from London and reached Tadcaster on 24 September, s
  ok   #24 L2.exam_tip_html [MEDIUM] F8: mark-scheme claim, and the question form is not one this paper sets.
  ok   #25 L2.flashcard_questions[11].q [LOW] F9: list answer fails the flashcard validator.
  ok   #26 L2.flashcard_questions[11].a [LOW] F9: list answer fails the flashcard validator.
  ok   #27 L2.practice_questions[0].text [HIGH] F50: this paper's British depth study section sets four questions only - an 8-mark interpretation question, an
  ok   #28 L2.practice_questions[0].type [HIGH] F50: this paper's British depth study section sets four questions only - an 8-mark interpretation question, an
  ok   #29 L2.practice_questions[0].marks [HIGH] F50: this paper's British depth study section sets four questions only - an 8-mark interpretation question, an
  ok   #30 L2.practice_questions[1].text [HIGH] F50: this paper's British depth study section sets four questions only - an 8-mark interpretation question, an
  ok   #31 L2.practice_questions[1].type [HIGH] F50: this paper's British depth study section sets four questions only - an 8-mark interpretation question, an
  ok   #32 L2.practice_questions[1].marks [HIGH] F50: this paper's British depth study section sets four questions only - an 8-mark interpretation question, an
  ok   #33 L2.practice_questions[2].text [HIGH] F50: this paper's British depth study section sets four questions only - an 8-mark interpretation question, an
  ok   #34 L2.practice_questions[2].type [HIGH] F50: this paper's British depth study section sets four questions only - an 8-mark interpretation question, an
  ok   #35 L2.practice_questions[2].marks [HIGH] F50: this paper's British depth study section sets four questions only - an 8-mark interpretation question, an
  ok   #36 L2.practice_questions[3].text [HIGH] F50: this paper's British depth study section sets four questions only - an 8-mark interpretation question, an
  ok   #37 L2.practice_questions[3].type [HIGH] F50: this paper's British depth study section sets four questions only - an 8-mark interpretation question, an
  ok   #38 L2.practice_questions[3].marks [HIGH] F50: this paper's British depth study section sets four questions only - an 8-mark interpretation question, an
  ok   #39 L2.practice_questions[4].text [HIGH] F50: this paper's British depth study section sets four questions only - an 8-mark interpretation question, an
  ok   #40 L2.practice_questions[4].type [HIGH] F50: this paper's British depth study section sets four questions only - an 8-mark interpretation question, an
  ok   #41 L2.practice_questions[4].marks [HIGH] F50: this paper's British depth study section sets four questions only - an 8-mark interpretation question, an
  ok   #42 L2.practice_questions[5].text [HIGH] F50: this paper's British depth study section sets four questions only - an 8-mark interpretation question, an
  ok   #43 L2.practice_questions[5].type [HIGH] F50: this paper's British depth study section sets four questions only - an 8-mark interpretation question, an
  ok   #44 L2.practice_questions[5].marks [HIGH] F50: this paper's British depth study section sets four questions only - an 8-mark interpretation question, an
  PATCH L2: description, content_html, exam_tip_html, flashcard_questions, practice_questions
  ok   #45 L3.description [MEDIUM] F10: the description broke off mid-sentence.
  ok   #46 L3.content_html [MEDIUM] F11: Harold was crowned on 6 January 1066 and William on 25 December 1066 - the same year, not the year before
  ok   #47 L3.exam_tip_html [MEDIUM] F12: invented claim about what examiners reward, and a question form this paper does not set.
  ok   #48 L3.exam_tip_html [MEDIUM] F12: reframed for the account question.
  ok   #49 L3.flashcard_questions[6].a [LOW] F13: list answer fails the flashcard validator.
  ok   #50 L3.flashcard_questions[7].q [LOW] F13: list answer fails the flashcard validator; the card now tests the reason rather than the route.
  ok   #51 L3.flashcard_questions[7].a [LOW] F13: list answer fails the flashcard validator.
  ok   #52 L3.flashcard_questions[11].q [MEDIUM] F14: the eight days is the time William spent strengthening Dover, not the time between landing and fortifying
  ok   #53 L3.practice_questions[0].text [HIGH] F50: this paper's British depth study section sets four questions only - an 8-mark interpretation question, an
  ok   #54 L3.practice_questions[0].type [HIGH] F50: this paper's British depth study section sets four questions only - an 8-mark interpretation question, an
  ok   #55 L3.practice_questions[0].marks [HIGH] F50: this paper's British depth study section sets four questions only - an 8-mark interpretation question, an
  ok   #56 L3.practice_questions[1].text [HIGH] F50: this paper's British depth study section sets four questions only - an 8-mark interpretation question, an
  ok   #57 L3.practice_questions[1].type [HIGH] F50: this paper's British depth study section sets four questions only - an 8-mark interpretation question, an
  ok   #58 L3.practice_questions[1].marks [HIGH] F50: this paper's British depth study section sets four questions only - an 8-mark interpretation question, an
  ok   #59 L3.practice_questions[2].text [HIGH] F50: this paper's British depth study section sets four questions only - an 8-mark interpretation question, an
  ok   #60 L3.practice_questions[2].type [HIGH] F50: this paper's British depth study section sets four questions only - an 8-mark interpretation question, an
  ok   #61 L3.practice_questions[2].marks [HIGH] F50: this paper's British depth study section sets four questions only - an 8-mark interpretation question, an
  ok   #62 L3.practice_questions[3].text [HIGH] F50: this paper's British depth study section sets four questions only - an 8-mark interpretation question, an
  ok   #63 L3.practice_questions[3].type [HIGH] F50: this paper's British depth study section sets four questions only - an 8-mark interpretation question, an
  ok   #64 L3.practice_questions[3].marks [HIGH] F50: this paper's British depth study section sets four questions only - an 8-mark interpretation question, an
  ok   #65 L3.practice_questions[4].text [HIGH] F50: this paper's British depth study section sets four questions only - an 8-mark interpretation question, an
  ok   #66 L3.practice_questions[4].type [HIGH] F50: this paper's British depth study section sets four questions only - an 8-mark interpretation question, an
  ok   #67 L3.practice_questions[4].marks [HIGH] F50: this paper's British depth study section sets four questions only - an 8-mark interpretation question, an
  ok   #68 L3.practice_questions[5].text [HIGH] F50: this paper's British depth study section sets four questions only - an 8-mark interpretation question, an
  ok   #69 L3.practice_questions[5].type [HIGH] F50: this paper's British depth study section sets four questions only - an 8-mark interpretation question, an
  ok   #70 L3.practice_questions[5].marks [HIGH] F50: this paper's British depth study section sets four questions only - an 8-mark interpretation question, an
  PATCH L3: description, content_html, exam_tip_html, flashcard_questions, practice_questions
  ok   #71 L4.description [MEDIUM] F15: the description broke off mid-sentence.
  ok   #72 L4.content_html [MEDIUM] F16: the definition said drainage made the fens hard to cross; the opposite is true.
  ok   #73 L4.glossary_terms[0].definition [MEDIUM] F16: same garbled definition in the glossary.
  ok   #74 L4.content_html [MEDIUM] F17: Sweyn II sent the 1069 fleet but did not sail with it; it was commanded by his sons (Wikipedia, 'Harrying
  ok   #75 L4.content_html [MEDIUM] F18: the quotation could not be verified in Orderic and mixes first and third person. Rewritten as reported sp
  ok   #76 L4.exam_tip_html [MEDIUM] F19: question form this paper does not set.
  ok   #77 L4.exam_tip_html [MEDIUM] F19: invented claim about what examiners reward.
  ok   #78 L4.flashcard_questions[5].a [LOW] F20: list answer fails the flashcard validator.
  ok   #79 L4.practice_questions[0].text [HIGH] F50: this paper's British depth study section sets four questions only - an 8-mark interpretation question, an
  ok   #80 L4.practice_questions[0].type [HIGH] F50: this paper's British depth study section sets four questions only - an 8-mark interpretation question, an
  ok   #81 L4.practice_questions[0].marks [HIGH] F50: this paper's British depth study section sets four questions only - an 8-mark interpretation question, an
  ok   #82 L4.practice_questions[1].text [HIGH] F50: this paper's British depth study section sets four questions only - an 8-mark interpretation question, an
  ok   #83 L4.practice_questions[1].type [HIGH] F50: this paper's British depth study section sets four questions only - an 8-mark interpretation question, an
  ok   #84 L4.practice_questions[1].marks [HIGH] F50: this paper's British depth study section sets four questions only - an 8-mark interpretation question, an
  ok   #85 L4.practice_questions[2].text [HIGH] F50: this paper's British depth study section sets four questions only - an 8-mark interpretation question, an
  ok   #86 L4.practice_questions[2].type [HIGH] F50: this paper's British depth study section sets four questions only - an 8-mark interpretation question, an
  ok   #87 L4.practice_questions[2].marks [HIGH] F50: this paper's British depth study section sets four questions only - an 8-mark interpretation question, an
  ok   #88 L4.practice_questions[3].text [HIGH] F50: this paper's British depth study section sets four questions only - an 8-mark interpretation question, an
  ok   #89 L4.practice_questions[3].type [HIGH] F50: this paper's British depth study section sets four questions only - an 8-mark interpretation question, an
  ok   #90 L4.practice_questions[3].marks [HIGH] F50: this paper's British depth study section sets four questions only - an 8-mark interpretation question, an
  ok   #91 L4.practice_questions[4].text [HIGH] F50: this paper's British depth study section sets four questions only - an 8-mark interpretation question, an
  ok   #92 L4.practice_questions[4].type [HIGH] F50: this paper's British depth study section sets four questions only - an 8-mark interpretation question, an
  ok   #93 L4.practice_questions[4].marks [HIGH] F50: this paper's British depth study section sets four questions only - an 8-mark interpretation question, an
  ok   #94 L4.practice_questions[5].text [HIGH] F50: this paper's British depth study section sets four questions only - an 8-mark interpretation question, an
  ok   #95 L4.practice_questions[5].type [HIGH] F50: this paper's British depth study section sets four questions only - an 8-mark interpretation question, an
  ok   #96 L4.practice_questions[5].marks [HIGH] F50: this paper's British depth study section sets four questions only - an 8-mark interpretation question, an
  PATCH L4: description, content_html, glossary_terms, exam_tip_html, flashcard_questions, practice_questions
  ok   #97 L5.content_html [MEDIUM] F21: John of Worcester wrote in the 12th century, decades after the Harrying, as this lesson itself says; he i
  ok   #98 L5.glossary_terms[2].definition [MEDIUM] F21: same claim in the glossary.
  ok   #99 L5.content_html [MEDIUM] F22: invented claim about AQA mark schemes and examiner reports.
  ok   #100 L5.content_html [LOW] F22: heading recast, since it claimed to know what examiners want.
  ok   #101 L5.exam_tip_html [MEDIUM] F23: question form this paper does not set.
  ok   #102 L5.exam_tip_html [MEDIUM] F23: invented claim about what examiners reward.
  ok   #103 L5.flashcard_questions[2].a [LOW] F24: list answer fails the flashcard validator.
  ok   #104 L5.flashcard_questions[3].a [LOW] F24: list answer fails the flashcard validator.
  ok   #105 L5.practice_questions[0].text [HIGH] F50: this paper's British depth study section sets four questions only - an 8-mark interpretation question, an
  ok   #106 L5.practice_questions[0].type [HIGH] F50: this paper's British depth study section sets four questions only - an 8-mark interpretation question, an
  ok   #107 L5.practice_questions[0].marks [HIGH] F50: this paper's British depth study section sets four questions only - an 8-mark interpretation question, an
  ok   #108 L5.practice_questions[1].text [HIGH] F50: this paper's British depth study section sets four questions only - an 8-mark interpretation question, an
  ok   #109 L5.practice_questions[1].type [HIGH] F50: this paper's British depth study section sets four questions only - an 8-mark interpretation question, an
  ok   #110 L5.practice_questions[1].marks [HIGH] F50: this paper's British depth study section sets four questions only - an 8-mark interpretation question, an
  ok   #111 L5.practice_questions[2].text [HIGH] F50: this paper's British depth study section sets four questions only - an 8-mark interpretation question, an
  ok   #112 L5.practice_questions[2].type [HIGH] F50: this paper's British depth study section sets four questions only - an 8-mark interpretation question, an
  ok   #113 L5.practice_questions[2].marks [HIGH] F50: this paper's British depth study section sets four questions only - an 8-mark interpretation question, an
  ok   #114 L5.practice_questions[3].text [HIGH] F50: this paper's British depth study section sets four questions only - an 8-mark interpretation question, an
  ok   #115 L5.practice_questions[3].type [HIGH] F50: this paper's British depth study section sets four questions only - an 8-mark interpretation question, an
  ok   #116 L5.practice_questions[3].marks [HIGH] F50: this paper's British depth study section sets four questions only - an 8-mark interpretation question, an
  ok   #117 L5.practice_questions[4].text [HIGH] F50: this paper's British depth study section sets four questions only - an 8-mark interpretation question, an
  ok   #118 L5.practice_questions[4].type [HIGH] F50: this paper's British depth study section sets four questions only - an 8-mark interpretation question, an
  ok   #119 L5.practice_questions[4].marks [HIGH] F50: this paper's British depth study section sets four questions only - an 8-mark interpretation question, an
  ok   #120 L5.practice_questions[5].text [HIGH] F50: this paper's British depth study section sets four questions only - an 8-mark interpretation question, an
  ok   #121 L5.practice_questions[5].type [HIGH] F50: this paper's British depth study section sets four questions only - an 8-mark interpretation question, an
  ok   #122 L5.practice_questions[5].marks [HIGH] F50: this paper's British depth study section sets four questions only - an 8-mark interpretation question, an
  PATCH L5: content_html, glossary_terms, exam_tip_html, flashcard_questions, practice_questions
  ok   #123 L6.content_html [MEDIUM] F26: invented claim about examiner reports.
  ok   #124 L6.content_html [MEDIUM] F25: Domesday gives Robert of Mortain 797 manors spread across twenty counties, not thirteen (Wikipedia, 'Robe
  ok   #125 L6.content_html [MEDIUM] F25: Domesday gives Robert of Mortain 797 manors spread across twenty counties, not thirteen (Wikipedia, 'Robe
  ok   #126 L6.knowledge_checks[1].q [MEDIUM] F25: Domesday gives Robert of Mortain 797 manors spread across twenty counties, not thirteen (Wikipedia, 'Robe
  ok   #127 L6.flashcard_questions[5].a [MEDIUM] F25: Domesday gives Robert of Mortain 797 manors spread across twenty counties, not thirteen (Wikipedia, 'Robe
  ok   #128 L6.exam_tip_html [MEDIUM] F27: question form this paper does not set.
  ok   #129 L6.exam_tip_html [MEDIUM] F27: invented claim about what examiners reward.
  ok   #130 L6.flashcard_questions[10].a [LOW] F28: list answer fails the flashcard validator.
  ok   #131 L6.practice_questions[0].text [HIGH] F50: this paper's British depth study section sets four questions only - an 8-mark interpretation question, an
  ok   #132 L6.practice_questions[0].type [HIGH] F50: this paper's British depth study section sets four questions only - an 8-mark interpretation question, an
  ok   #133 L6.practice_questions[0].marks [HIGH] F50: this paper's British depth study section sets four questions only - an 8-mark interpretation question, an
  ok   #134 L6.practice_questions[1].text [HIGH] F50: this paper's British depth study section sets four questions only - an 8-mark interpretation question, an
  ok   #135 L6.practice_questions[1].type [HIGH] F50: this paper's British depth study section sets four questions only - an 8-mark interpretation question, an
  ok   #136 L6.practice_questions[1].marks [HIGH] F50: this paper's British depth study section sets four questions only - an 8-mark interpretation question, an
  ok   #137 L6.practice_questions[2].text [HIGH] F50: this paper's British depth study section sets four questions only - an 8-mark interpretation question, an
  ok   #138 L6.practice_questions[2].type [HIGH] F50: this paper's British depth study section sets four questions only - an 8-mark interpretation question, an
  ok   #139 L6.practice_questions[2].marks [HIGH] F50: this paper's British depth study section sets four questions only - an 8-mark interpretation question, an
  ok   #140 L6.practice_questions[3].text [HIGH] F50: this paper's British depth study section sets four questions only - an 8-mark interpretation question, an
  ok   #141 L6.practice_questions[3].type [HIGH] F50: this paper's British depth study section sets four questions only - an 8-mark interpretation question, an
  ok   #142 L6.practice_questions[3].marks [HIGH] F50: this paper's British depth study section sets four questions only - an 8-mark interpretation question, an
  ok   #143 L6.practice_questions[4].text [HIGH] F50: this paper's British depth study section sets four questions only - an 8-mark interpretation question, an
  ok   #144 L6.practice_questions[4].type [HIGH] F50: this paper's British depth study section sets four questions only - an 8-mark interpretation question, an
  ok   #145 L6.practice_questions[4].marks [HIGH] F50: this paper's British depth study section sets four questions only - an 8-mark interpretation question, an
  ok   #146 L6.practice_questions[5].text [HIGH] F50: this paper's British depth study section sets four questions only - an 8-mark interpretation question, an
  ok   #147 L6.practice_questions[5].type [HIGH] F50: this paper's British depth study section sets four questions only - an 8-mark interpretation question, an
  ok   #148 L6.practice_questions[5].marks [HIGH] F50: this paper's British depth study section sets four questions only - an 8-mark interpretation question, an
  PATCH L6: content_html, knowledge_checks, flashcard_questions, exam_tip_html, practice_questions
  ok   #149 L7.content_html [HIGH] F29: England had only a handful of castles before 1066 - those built in the 1050s by Edward the Confessor's No
  ok   #150 L7.content_html [HIGH] F29: England had only a handful of castles before 1066 - those built in the 1050s by Edward the Confessor's No
  ok   #151 L7.conclusion_html [HIGH] F29: England had only a handful of castles before 1066 - those built in the 1050s by Edward the Confessor's No
  ok   #152 L7.flashcard_questions[0].q [HIGH] F29: England had only a handful of castles before 1066 - those built in the 1050s by Edward the Confessor's No
  ok   #153 L7.flashcard_questions[0].a [HIGH] F29: England had only a handful of castles before 1066 - those built in the 1050s by Edward the Confessor's No
  ok   #154 L7.content_html [LOW] F30: William landed at Pevensey and fortified it first; the Hastings castle went up after he moved there, with
  ok   #155 L7.content_html [MEDIUM] F31: Lincoln had no stone keep before 1100 (its curtain wall predates 1115 and the Lucy Tower is 12th century)
  ok   #156 L7.content_html [MEDIUM] F32: 'they filled the land full of castles' belongs to the Chronicle's 1137 annal on Stephen's reign, not to W
  ok   #157 L7.flashcard_questions[12].q [MEDIUM] F32: the card quoted the same unverified phrase.
  ok   #158 L7.exam_tip_html [MEDIUM] F33: question form this paper does not set, plus a claim about what the examiner wants.
  ok   #159 L7.exam_tip_html [LOW] F33: softened mark claim.
  ok   #160 L7.practice_questions[0].text [HIGH] F50: this paper's British depth study section sets four questions only - an 8-mark interpretation question, an
  ok   #161 L7.practice_questions[0].type [HIGH] F50: this paper's British depth study section sets four questions only - an 8-mark interpretation question, an
  ok   #162 L7.practice_questions[0].marks [HIGH] F50: this paper's British depth study section sets four questions only - an 8-mark interpretation question, an
  ok   #163 L7.practice_questions[1].text [HIGH] F50: this paper's British depth study section sets four questions only - an 8-mark interpretation question, an
  ok   #164 L7.practice_questions[1].type [HIGH] F50: this paper's British depth study section sets four questions only - an 8-mark interpretation question, an
  ok   #165 L7.practice_questions[1].marks [HIGH] F50: this paper's British depth study section sets four questions only - an 8-mark interpretation question, an
  ok   #166 L7.practice_questions[2].text [HIGH] F50: this paper's British depth study section sets four questions only - an 8-mark interpretation question, an
  ok   #167 L7.practice_questions[2].type [HIGH] F50: this paper's British depth study section sets four questions only - an 8-mark interpretation question, an
  ok   #168 L7.practice_questions[2].marks [HIGH] F50: this paper's British depth study section sets four questions only - an 8-mark interpretation question, an
  ok   #169 L7.practice_questions[3].text [HIGH] F50: this paper's British depth study section sets four questions only - an 8-mark interpretation question, an
  ok   #170 L7.practice_questions[3].type [HIGH] F50: this paper's British depth study section sets four questions only - an 8-mark interpretation question, an
  ok   #171 L7.practice_questions[3].marks [HIGH] F50: this paper's British depth study section sets four questions only - an 8-mark interpretation question, an
  ok   #172 L7.practice_questions[4].text [HIGH] F50: this paper's British depth study section sets four questions only - an 8-mark interpretation question, an
  ok   #173 L7.practice_questions[4].type [HIGH] F50: this paper's British depth study section sets four questions only - an 8-mark interpretation question, an
  ok   #174 L7.practice_questions[4].marks [HIGH] F50: this paper's British depth study section sets four questions only - an 8-mark interpretation question, an
  ok   #175 L7.practice_questions[5].text [HIGH] F50: this paper's British depth study section sets four questions only - an 8-mark interpretation question, an
  ok   #176 L7.practice_questions[5].type [HIGH] F50: this paper's British depth study section sets four questions only - an 8-mark interpretation question, an
  ok   #177 L7.practice_questions[5].marks [HIGH] F50: this paper's British depth study section sets four questions only - an 8-mark interpretation question, an
  PATCH L7: content_html, conclusion_html, flashcard_questions, exam_tip_html, practice_questions
  ok   #178 L8.content_html [MEDIUM] F34: the comparison question belongs to the thematic-study section of this paper, not to the British depth stu
  ok   #179 L8.content_html [MEDIUM] F35: 'continuity beneath rupture' is presented as a quotation from Hugh Thomas and could not be verified in hi
  ok   #180 L8.content_html [MEDIUM] F35: same unverified quotation in the section heading.
  ok   #181 L8.content_html [MEDIUM] F36: invented claim about what AQA examiners reward.
  ok   #182 L8.flashcard_questions[13].q [MEDIUM] F35: the card quoted the same unverified phrase.
  ok   #183 L8.exam_tip_html [HIGH] F37: this paper sets no comparison question on the British depth study, and the thematic-study comparison is 8
  ok   #184 L8.exam_tip_html [MEDIUM] F37: invented claim about what examiners reward.
  ok   #185 L8.practice_questions[0].text [HIGH] F50: this paper's British depth study section sets four questions only - an 8-mark interpretation question, an
  ok   #186 L8.practice_questions[0].type [HIGH] F50: this paper's British depth study section sets four questions only - an 8-mark interpretation question, an
  ok   #187 L8.practice_questions[0].marks [HIGH] F50: this paper's British depth study section sets four questions only - an 8-mark interpretation question, an
  ok   #188 L8.practice_questions[1].text [HIGH] F50: this paper's British depth study section sets four questions only - an 8-mark interpretation question, an
  ok   #189 L8.practice_questions[1].type [HIGH] F50: this paper's British depth study section sets four questions only - an 8-mark interpretation question, an
  ok   #190 L8.practice_questions[1].marks [HIGH] F50: this paper's British depth study section sets four questions only - an 8-mark interpretation question, an
  ok   #191 L8.practice_questions[2].text [HIGH] F50: this paper's British depth study section sets four questions only - an 8-mark interpretation question, an
  ok   #192 L8.practice_questions[2].type [HIGH] F50: this paper's British depth study section sets four questions only - an 8-mark interpretation question, an
  ok   #193 L8.practice_questions[2].marks [HIGH] F50: this paper's British depth study section sets four questions only - an 8-mark interpretation question, an
  ok   #194 L8.practice_questions[3].text [HIGH] F50: this paper's British depth study section sets four questions only - an 8-mark interpretation question, an
  ok   #195 L8.practice_questions[3].type [HIGH] F50: this paper's British depth study section sets four questions only - an 8-mark interpretation question, an
  ok   #196 L8.practice_questions[3].marks [HIGH] F50: this paper's British depth study section sets four questions only - an 8-mark interpretation question, an
  ok   #197 L8.practice_questions[4].text [HIGH] F50: this paper's British depth study section sets four questions only - an 8-mark interpretation question, an
  ok   #198 L8.practice_questions[4].type [HIGH] F50: this paper's British depth study section sets four questions only - an 8-mark interpretation question, an
  ok   #199 L8.practice_questions[4].marks [HIGH] F50: this paper's British depth study section sets four questions only - an 8-mark interpretation question, an
  ok   #200 L8.practice_questions[5].text [HIGH] F50: this paper's British depth study section sets four questions only - an 8-mark interpretation question, an
  ok   #201 L8.practice_questions[5].type [HIGH] F50: this paper's British depth study section sets four questions only - an 8-mark interpretation question, an
  ok   #202 L8.practice_questions[5].marks [HIGH] F50: this paper's British depth study section sets four questions only - an 8-mark interpretation question, an
  PATCH L8: content_html, flashcard_questions, exam_tip_html, practice_questions
  ok   #203 L9.exam_tip_html [MEDIUM] F39: question form this paper does not set.
  ok   #204 L9.exam_tip_html [MEDIUM] F39: invented claim about what examiners reward.
  ok   #205 L9.flashcard_questions[4].a [LOW] F40: list answer fails the flashcard validator.
  ok   #206 L9.practice_questions[0].text [HIGH] F50: this paper's British depth study section sets four questions only - an 8-mark interpretation question, an
  ok   #207 L9.practice_questions[0].type [HIGH] F50: this paper's British depth study section sets four questions only - an 8-mark interpretation question, an
  ok   #208 L9.practice_questions[0].marks [HIGH] F50: this paper's British depth study section sets four questions only - an 8-mark interpretation question, an
  ok   #209 L9.practice_questions[1].text [HIGH] F50: this paper's British depth study section sets four questions only - an 8-mark interpretation question, an
  ok   #210 L9.practice_questions[1].type [HIGH] F50: this paper's British depth study section sets four questions only - an 8-mark interpretation question, an
  ok   #211 L9.practice_questions[1].marks [HIGH] F50: this paper's British depth study section sets four questions only - an 8-mark interpretation question, an
  ok   #212 L9.practice_questions[2].text [HIGH] F50: this paper's British depth study section sets four questions only - an 8-mark interpretation question, an
  ok   #213 L9.practice_questions[2].type [HIGH] F50: this paper's British depth study section sets four questions only - an 8-mark interpretation question, an
  ok   #214 L9.practice_questions[2].marks [HIGH] F50: this paper's British depth study section sets four questions only - an 8-mark interpretation question, an
  ok   #215 L9.practice_questions[3].text [HIGH] F50: this paper's British depth study section sets four questions only - an 8-mark interpretation question, an
  ok   #216 L9.practice_questions[3].type [HIGH] F50: this paper's British depth study section sets four questions only - an 8-mark interpretation question, an
  ok   #217 L9.practice_questions[3].marks [HIGH] F50: this paper's British depth study section sets four questions only - an 8-mark interpretation question, an
  ok   #218 L9.practice_questions[4].text [HIGH] F50: this paper's British depth study section sets four questions only - an 8-mark interpretation question, an
  ok   #219 L9.practice_questions[4].type [HIGH] F50: this paper's British depth study section sets four questions only - an 8-mark interpretation question, an
  ok   #220 L9.practice_questions[4].marks [HIGH] F50: this paper's British depth study section sets four questions only - an 8-mark interpretation question, an
  ok   #221 L9.practice_questions[5].text [HIGH] F50: this paper's British depth study section sets four questions only - an 8-mark interpretation question, an
  ok   #222 L9.practice_questions[5].type [HIGH] F50: this paper's British depth study section sets four questions only - an 8-mark interpretation question, an
  ok   #223 L9.practice_questions[5].marks [HIGH] F50: this paper's British depth study section sets four questions only - an 8-mark interpretation question, an
  PATCH L9: exam_tip_html, flashcard_questions, practice_questions
  ok   #224 L10.content_html [MEDIUM] F35: 'continuity beneath rupture' is presented as a quotation from Hugh Thomas and could not be verified in hi
  ok   #225 L10.flashcard_questions[12].q [MEDIUM] F35: the card quoted the same unverified phrase.
  ok   #226 L10.flashcard_questions[12].a [MEDIUM] F35: the card quoted the same unverified phrase.
  ok   #227 L10.flashcard_questions[9].a [LOW] F41: list answer fails the flashcard validator.
  ok   #228 L10.exam_tip_html [HIGH] F42: this paper sets no comparison question on the British depth study, and the thematic-study comparison is 8
  ok   #229 L10.exam_tip_html [MEDIUM] F42: invented claim about what examiners reward.
  ok   #230 L10.practice_questions[0].text [HIGH] F50: this paper's British depth study section sets four questions only - an 8-mark interpretation question, an
  ok   #231 L10.practice_questions[0].type [HIGH] F50: this paper's British depth study section sets four questions only - an 8-mark interpretation question, an
  ok   #232 L10.practice_questions[0].marks [HIGH] F50: this paper's British depth study section sets four questions only - an 8-mark interpretation question, an
  ok   #233 L10.practice_questions[1].text [HIGH] F50: this paper's British depth study section sets four questions only - an 8-mark interpretation question, an
  ok   #234 L10.practice_questions[1].type [HIGH] F50: this paper's British depth study section sets four questions only - an 8-mark interpretation question, an
  ok   #235 L10.practice_questions[1].marks [HIGH] F50: this paper's British depth study section sets four questions only - an 8-mark interpretation question, an
  ok   #236 L10.practice_questions[2].text [HIGH] F50: this paper's British depth study section sets four questions only - an 8-mark interpretation question, an
  ok   #237 L10.practice_questions[2].type [HIGH] F50: this paper's British depth study section sets four questions only - an 8-mark interpretation question, an
  ok   #238 L10.practice_questions[2].marks [HIGH] F50: this paper's British depth study section sets four questions only - an 8-mark interpretation question, an
  ok   #239 L10.practice_questions[3].text [HIGH] F50: this paper's British depth study section sets four questions only - an 8-mark interpretation question, an
  ok   #240 L10.practice_questions[3].type [HIGH] F50: this paper's British depth study section sets four questions only - an 8-mark interpretation question, an
  ok   #241 L10.practice_questions[3].marks [HIGH] F50: this paper's British depth study section sets four questions only - an 8-mark interpretation question, an
  ok   #242 L10.practice_questions[4].text [HIGH] F50: this paper's British depth study section sets four questions only - an 8-mark interpretation question, an
  ok   #243 L10.practice_questions[4].type [HIGH] F50: this paper's British depth study section sets four questions only - an 8-mark interpretation question, an
  ok   #244 L10.practice_questions[4].marks [HIGH] F50: this paper's British depth study section sets four questions only - an 8-mark interpretation question, an
  ok   #245 L10.practice_questions[5].text [HIGH] F50: this paper's British depth study section sets four questions only - an 8-mark interpretation question, an
  ok   #246 L10.practice_questions[5].type [HIGH] F50: this paper's British depth study section sets four questions only - an 8-mark interpretation question, an
  ok   #247 L10.practice_questions[5].marks [HIGH] F50: this paper's British depth study section sets four questions only - an 8-mark interpretation question, an
  PATCH L10: content_html, flashcard_questions, exam_tip_html, practice_questions
  ok   #248 L11.exam_tip_html [MEDIUM] F43: question form this paper does not set.
  ok   #249 L11.exam_tip_html [MEDIUM] F43: invented claim about what examiners reward.
  ok   #250 L11.practice_questions[0].text [HIGH] F50: this paper's British depth study section sets four questions only - an 8-mark interpretation question, an
  ok   #251 L11.practice_questions[0].type [HIGH] F50: this paper's British depth study section sets four questions only - an 8-mark interpretation question, an
  ok   #252 L11.practice_questions[0].marks [HIGH] F50: this paper's British depth study section sets four questions only - an 8-mark interpretation question, an
  ok   #253 L11.practice_questions[1].text [HIGH] F50: this paper's British depth study section sets four questions only - an 8-mark interpretation question, an
  ok   #254 L11.practice_questions[1].type [HIGH] F50: this paper's British depth study section sets four questions only - an 8-mark interpretation question, an
  ok   #255 L11.practice_questions[1].marks [HIGH] F50: this paper's British depth study section sets four questions only - an 8-mark interpretation question, an
  ok   #256 L11.practice_questions[2].text [HIGH] F50: this paper's British depth study section sets four questions only - an 8-mark interpretation question, an
  ok   #257 L11.practice_questions[2].type [HIGH] F50: this paper's British depth study section sets four questions only - an 8-mark interpretation question, an
  ok   #258 L11.practice_questions[2].marks [HIGH] F50: this paper's British depth study section sets four questions only - an 8-mark interpretation question, an
  ok   #259 L11.practice_questions[3].text [HIGH] F50: this paper's British depth study section sets four questions only - an 8-mark interpretation question, an
  ok   #260 L11.practice_questions[3].type [HIGH] F50: this paper's British depth study section sets four questions only - an 8-mark interpretation question, an
  ok   #261 L11.practice_questions[3].marks [HIGH] F50: this paper's British depth study section sets four questions only - an 8-mark interpretation question, an
  ok   #262 L11.practice_questions[4].text [HIGH] F50: this paper's British depth study section sets four questions only - an 8-mark interpretation question, an
  ok   #263 L11.practice_questions[4].type [HIGH] F50: this paper's British depth study section sets four questions only - an 8-mark interpretation question, an
  ok   #264 L11.practice_questions[4].marks [HIGH] F50: this paper's British depth study section sets four questions only - an 8-mark interpretation question, an
  ok   #265 L11.practice_questions[5].text [HIGH] F50: this paper's British depth study section sets four questions only - an 8-mark interpretation question, an
  ok   #266 L11.practice_questions[5].type [HIGH] F50: this paper's British depth study section sets four questions only - an 8-mark interpretation question, an
  ok   #267 L11.practice_questions[5].marks [HIGH] F50: this paper's British depth study section sets four questions only - an 8-mark interpretation question, an
  PATCH L11: exam_tip_html, practice_questions
  ok   #268 L12.content_html [MEDIUM] F44: William's penance was ordered by Pope Alexander II in 1070 and building at Battle began after that; the c
  ok   #269 L12.exam_tip_html [MEDIUM] F45: question form this paper does not set.
  ok   #270 L12.exam_tip_html [MEDIUM] F45: invented claim about what examiners reward.
  ok   #271 L12.flashcard_questions[13].q [LOW] F46: list answer; the card now tests one language.
  ok   #272 L12.flashcard_questions[13].a [LOW] F46: list answer; the card now tests one language.
  ok   #273 L12.practice_questions[0].text [HIGH] F50: this paper's British depth study section sets four questions only - an 8-mark interpretation question, an
  ok   #274 L12.practice_questions[0].type [HIGH] F50: this paper's British depth study section sets four questions only - an 8-mark interpretation question, an
  ok   #275 L12.practice_questions[0].marks [HIGH] F50: this paper's British depth study section sets four questions only - an 8-mark interpretation question, an
  ok   #276 L12.practice_questions[1].text [HIGH] F50: this paper's British depth study section sets four questions only - an 8-mark interpretation question, an
  ok   #277 L12.practice_questions[1].type [HIGH] F50: this paper's British depth study section sets four questions only - an 8-mark interpretation question, an
  ok   #278 L12.practice_questions[1].marks [HIGH] F50: this paper's British depth study section sets four questions only - an 8-mark interpretation question, an
  ok   #279 L12.practice_questions[2].text [HIGH] F50: this paper's British depth study section sets four questions only - an 8-mark interpretation question, an
  ok   #280 L12.practice_questions[2].type [HIGH] F50: this paper's British depth study section sets four questions only - an 8-mark interpretation question, an
  ok   #281 L12.practice_questions[2].marks [HIGH] F50: this paper's British depth study section sets four questions only - an 8-mark interpretation question, an
  ok   #282 L12.practice_questions[3].text [HIGH] F50: this paper's British depth study section sets four questions only - an 8-mark interpretation question, an
  ok   #283 L12.practice_questions[3].type [HIGH] F50: this paper's British depth study section sets four questions only - an 8-mark interpretation question, an
  ok   #284 L12.practice_questions[3].marks [HIGH] F50: this paper's British depth study section sets four questions only - an 8-mark interpretation question, an
  ok   #285 L12.practice_questions[4].text [HIGH] F50: this paper's British depth study section sets four questions only - an 8-mark interpretation question, an
  ok   #286 L12.practice_questions[4].type [HIGH] F50: this paper's British depth study section sets four questions only - an 8-mark interpretation question, an
  ok   #287 L12.practice_questions[4].marks [HIGH] F50: this paper's British depth study section sets four questions only - an 8-mark interpretation question, an
  ok   #288 L12.practice_questions[5].text [HIGH] F50: this paper's British depth study section sets four questions only - an 8-mark interpretation question, an
  ok   #289 L12.practice_questions[5].type [HIGH] F50: this paper's British depth study section sets four questions only - an 8-mark interpretation question, an
  ok   #290 L12.practice_questions[5].marks [HIGH] F50: this paper's British depth study section sets four questions only - an 8-mark interpretation question, an
  PATCH L12: content_html, exam_tip_html, flashcard_questions, practice_questions
  ok   #291 L13.content_html [MEDIUM] F47: claim about what the examiner wants; the tariff also omitted the SPaG marks that come with the site quest
  ok   #292 L13.practice_questions[0].text [HIGH] F50: this paper's British depth study section sets four questions only - an 8-mark interpretation question, an
  ok   #293 L13.practice_questions[0].type [HIGH] F50: this paper's British depth study section sets four questions only - an 8-mark interpretation question, an
  ok   #294 L13.practice_questions[0].marks [HIGH] F50: this paper's British depth study section sets four questions only - an 8-mark interpretation question, an
  ok   #295 L13.practice_questions[1].text [HIGH] F50: this paper's British depth study section sets four questions only - an 8-mark interpretation question, an
  ok   #296 L13.practice_questions[1].type [HIGH] F50: this paper's British depth study section sets four questions only - an 8-mark interpretation question, an
  ok   #297 L13.practice_questions[1].marks [HIGH] F50: this paper's British depth study section sets four questions only - an 8-mark interpretation question, an
  ok   #298 L13.practice_questions[2].text [HIGH] F50: this paper's British depth study section sets four questions only - an 8-mark interpretation question, an
  ok   #299 L13.practice_questions[2].type [HIGH] F50: this paper's British depth study section sets four questions only - an 8-mark interpretation question, an
  ok   #300 L13.practice_questions[2].marks [HIGH] F50: this paper's British depth study section sets four questions only - an 8-mark interpretation question, an
  ok   #301 L13.practice_questions[3].text [HIGH] F50: this paper's British depth study section sets four questions only - an 8-mark interpretation question, an
  ok   #302 L13.practice_questions[3].marks [HIGH] F50: this paper's British depth study section sets four questions only - an 8-mark interpretation question, an
  ok   #303 L13.practice_questions[4].text [HIGH] F50: this paper's British depth study section sets four questions only - an 8-mark interpretation question, an
  ok   #304 L13.practice_questions[4].type [HIGH] F50: this paper's British depth study section sets four questions only - an 8-mark interpretation question, an
  ok   #305 L13.practice_questions[4].marks [HIGH] F50: this paper's British depth study section sets four questions only - an 8-mark interpretation question, an
  ok   #306 L13.practice_questions[5].type [HIGH] F51: the site essay is the only 16-mark question in this section and it carries 4 extra marks for spelling, pu
  ok   #307 L13.practice_questions[5].marks [HIGH] F51: the site essay is the only 16-mark question in this section and it carries 4 extra marks for spelling, pu
  PATCH L13: content_html, practice_questions
  ok   #308 L14.description [MEDIUM] F48: 137 characters - over the limit the validator allows.
  ok   #309 L14.content_html [LOW] F49: the site question carries 4 SPaG marks on top of the 16.
  ok   #310 L14.practice_questions[0].text [HIGH] F50: this paper's British depth study section sets four questions only - an 8-mark interpretation question, an
  ok   #311 L14.practice_questions[0].type [HIGH] F50: this paper's British depth study section sets four questions only - an 8-mark interpretation question, an
  ok   #312 L14.practice_questions[0].marks [HIGH] F50: this paper's British depth study section sets four questions only - an 8-mark interpretation question, an
  ok   #313 L14.practice_questions[1].text [HIGH] F50: this paper's British depth study section sets four questions only - an 8-mark interpretation question, an
  ok   #314 L14.practice_questions[1].type [HIGH] F50: this paper's British depth study section sets four questions only - an 8-mark interpretation question, an
  ok   #315 L14.practice_questions[1].marks [HIGH] F50: this paper's British depth study section sets four questions only - an 8-mark interpretation question, an
  ok   #316 L14.practice_questions[2].text [HIGH] F50: this paper's British depth study section sets four questions only - an 8-mark interpretation question, an
  ok   #317 L14.practice_questions[2].type [HIGH] F50: this paper's British depth study section sets four questions only - an 8-mark interpretation question, an
  ok   #318 L14.practice_questions[2].marks [HIGH] F50: this paper's British depth study section sets four questions only - an 8-mark interpretation question, an
  ok   #319 L14.practice_questions[3].marks [HIGH] F50: this paper's British depth study section sets four questions only - an 8-mark interpretation question, an
  ok   #320 L14.practice_questions[4].text [HIGH] F50: this paper's British depth study section sets four questions only - an 8-mark interpretation question, an
  ok   #321 L14.practice_questions[4].type [HIGH] F50: this paper's British depth study section sets four questions only - an 8-mark interpretation question, an
  ok   #322 L14.practice_questions[4].marks [HIGH] F50: this paper's British depth study section sets four questions only - an 8-mark interpretation question, an
  ok   #323 L14.practice_questions[5].type [HIGH] F51: the site essay is the only 16-mark question in this section and it carries 4 extra marks for spelling, pu
  ok   #324 L14.practice_questions[5].marks [HIGH] F51: the site essay is the only 16-mark question in this section and it carries 4 extra marks for spelling, pu
  PATCH L14: description, content_html, practice_questions
=== 325 applied, 0 skipped, 14 lessons / 57 fields changed
