=== APPLY EDITS religious-studies-aqa/sikhism-beliefs  26 edits  LIVE  2026-09-06T05:27:18.856Z
  ok   #0 L1.content_html [MEDIUM] F1: 2011 figure and the wrong towns. 2021 census: 524,140 Sikhs in England and Wales plus 10,988 in Scotland; 
  ok   #1 L1.content_html [MEDIUM] F2: only six Gurus have compositions in the Guru Granth Sahib (Nanak, Angad, Amar Das, Ram Das, Arjan, Tegh Ba
  ok   #2 L1.exam_tip_html [MEDIUM] F5: invented constraint. The Mool Mantra is not the only source that can reach the top band.
  ok   #3 L1.glossary_terms[2].definition [MEDIUM] F3: same error as F2 in the glossary.
  ok   #4 L1.practice_questions[2].marks [MEDIUM] F4: mark scheme rewritten for one item, 1 mark.
  ok   #5 L1.practice_questions[2].text [MEDIUM] F4: no 2-mark question exists on this paper; the short parts are 1 mark for one item.
  ok   #6 L1.practice_questions[2].type [MEDIUM] F4: no 2-mark question exists on this paper.
  PATCH L1: content_html, exam_tip_html, glossary_terms, practice_questions
  ok   #7 L2.content_html [MEDIUM] F6: six items were labelled 'the five vices'. Maya is not one of them, and the standard term is panj chor.
  ok   #8 L2.exam_tip_html [MEDIUM] F8: one developed point cannot reach the top band of a two-reason 6-mark question.
  ok   #9 L2.practice_questions[2].marks [MEDIUM] F7: mark scheme rewritten for one item, 1 mark.
  ok   #10 L2.practice_questions[2].text [MEDIUM] F7: no 2-mark question exists on this paper.
  ok   #11 L2.practice_questions[2].type [MEDIUM] F7: no 2-mark question exists on this paper.
  PATCH L2: content_html, exam_tip_html, practice_questions
  ok   #12 L3.exam_tip_html [MEDIUM] F10: invented requirement. Naming sahajdhari and amritdhari is not needed for the top band on an equality ques
  ok   #13 L3.practice_questions[1].marks [MEDIUM] F9: mark scheme rewritten for one item, 1 mark.
  ok   #14 L3.practice_questions[1].text [MEDIUM] F9: no 2-mark question exists on this paper.
  ok   #15 L3.practice_questions[1].type [MEDIUM] F9: no 2-mark question exists on this paper.
  PATCH L3: exam_tip_html, practice_questions
  ok   #16 L4.conclusion_html [HIGH] F11: removes the misattributed Biblical proverb.
  ok   #17 L4.content_html [HIGH] F11: 'iron sharpens iron' is Proverbs 27:17 from the Bible, not a Guru Granth Sahib image.
  ok   #18 L4.exam_tip_html [HIGH] F11: removes the misattributed Biblical proverb.
  ok   #19 L4.exam_tip_html [MEDIUM] F13: naming a source alone does not reach the top band.
  ok   #20 L4.flashcard_questions[7].a [HIGH] F11: removes the misattributed Biblical proverb.
  ok   #21 L4.flashcard_questions[7].q [HIGH] F11: the question asked for a Guru Granth Sahib image that is in fact a Biblical proverb.
  ok   #22 L4.practice_questions[2].marks [MEDIUM] F12: mark scheme rewritten for one item, 1 mark.
  ok   #23 L4.practice_questions[2].text [MEDIUM] F12: no 2-mark question exists on this paper.
  ok   #24 L4.practice_questions[2].type [MEDIUM] F12: no 2-mark question exists on this paper.
  ok   #25 L4.practice_questions[4].marks [HIGH] F11: removes the misattributed Biblical proverb from the mark scheme.
  PATCH L4: conclusion_html, content_html, exam_tip_html, flashcard_questions, practice_questions
=== 26 applied, 0 skipped, 4 lessons / 14 fields changed
