
=== RE-NARRATION (changed narrated text only) ===
backup: C:\Users\tshau\Documents\Study Vault\scripts\_retrofc\units\religious-studies-aqa__sikhism-beliefs\_backup.json
unit:   religious-studies-aqa / sikhism-beliefs
run: 2026-09-06T05:27:22Z  mode: LIVE

4 lessons, 8 clips to regenerate

  L01 (Ollie)  The Nature of God and the Mool Mantra
      n2: Sikhism is one of the world’s youngest major religions, founded by Guru Nanak in the Punjab region of South As
             -> 477 KB, 40.7s, uploaded
      n18: On the 6-mark Explain question about Sikh beliefs about God, always name your source of authority: the Mool Ma
             -> 510 KB, 43.6s, uploaded
      manifest updated (18 entries)
  L02 (Ada)  Human Life, Sikh Virtues and Mukti
      n13: The Guru Granth Sahib identifies key barriers that prevent a soul from reaching mukti. The greatest is haumai 
             -> 495 KB, 42.2s, uploaded
      n19: On a 6-mark Explain question about Sikh beliefs about human life or mukti, always cite the Guru Granth Sahib a
             -> 359 KB, 30.6s, uploaded
      manifest updated (19 entries)
  L03 (Ollie)  The Oneness of Humanity and Equality
      n18: For the 12-mark Evaluate on whether “Sikhism teaches complete equality for all people,” remember to argue both
             -> 311 KB, 26.5s, uploaded
      manifest updated (17 entries)
  L04 (Ada)  Sewa and the Sangat
      n13: The Guru Granth Sahib teaches that the company a person keeps shapes them: the soul is strengthened and refine
             -> 278 KB, 23.7s, uploaded
      n17: For the 6-mark Explain question, name the Guru Granth Sahib as your source of authority. You can reference the
             -> 263 KB, 22.4s, uploaded
      n21: The sangat (religious community) is spiritually transformative in Sikh teaching — being in the company of sinc
             -> 133 KB, 11.3s, uploaded
      manifest updated (17 entries)

Regenerated 8 clips.

=== VERIFY (ranged GET + freshness) ===
  206  L01 n2  bytes 0-3/488448  Last-Modified: Sun, 06 Sep 2026 05:27:37 GMT  mp3-sync=OK
  206  L01 n18  bytes 0-3/522720  Last-Modified: Sun, 06 Sep 2026 05:27:47 GMT  mp3-sync=OK
  206  L02 n13  bytes 0-3/506592  Last-Modified: Sun, 06 Sep 2026 05:27:56 GMT  mp3-sync=OK
  206  L02 n19  bytes 0-3/367776  Last-Modified: Sun, 06 Sep 2026 05:28:03 GMT  mp3-sync=OK
  206  L03 n18  bytes 0-3/318240  Last-Modified: Sun, 06 Sep 2026 05:28:10 GMT  mp3-sync=OK
  206  L04 n13  bytes 0-3/284544  Last-Modified: Sun, 06 Sep 2026 05:28:16 GMT  mp3-sync=OK
  206  L04 n17  bytes 0-3/268992  Last-Modified: Sun, 06 Sep 2026 05:28:22 GMT  mp3-sync=OK
  206  L04 n21  bytes 0-3/136224  Last-Modified: Sun, 06 Sep 2026 05:28:25 GMT  mp3-sync=OK

8/8 clips verified HTTP 200/206 with fresh audio.
