
=== RE-NARRATION (changed narrated text only) ===
backup: C:\Users\tshau\Documents\Study Vault\scripts\_retrofc\units\religious-studies-eduqas__catholic-foundational-origins-and-meaning\_backup.json
unit:   religious-studies-eduqas / catholic-foundational-origins-and-meaning
run: 2026-09-06T06:16:50Z  mode: LIVE

3 lessons, 7 clips to regenerate

  L01 (Ollie)  Creation, Evolution and the Sanctity of Human Life
      n16: Abortion is currently legal in Great Britain (up to 24 weeks under the Abortion Act 1967, as amended) and pro-
             -> 416 KB, 35.5s, uploaded
      n23: For 8-mark questions on this topic, the strongest answers use precise Catholic sources: Catechism 2270, Evange
             -> 461 KB, 39.3s, uploaded
      manifest updated (27 entries)
  L02 (Ada)  Scripture, Sacred Art and Catholic Symbolism
      n10: Day-age theorists propose that the six “days” of Genesis 1 correspond to long epochs of time. This allows a br
             -> 554 KB, 47.2s, uploaded
      n12: One of the most famous images in the history of art, Michelangelo’s Creation of Adam (c.1508–1512) forms part 
             -> 484 KB, 41.3s, uploaded
      n13: Theologically, the painting communicates core Catholic doctrines: God is personal (depicted in human-like form
             -> 405 KB, 34.6s, uploaded
      manifest updated (24 entries)
  L03 (Ollie)  Loving and Serving: Catholic Social Teaching in Britain
      n10: CAFOD: The Catholic Agency for Overseas Development
             -> 48 KB, 4.1s, uploaded
      n19: When answering questions about CAFOD or the SVP, don’t just describe what they do — explain why they do it, li
             -> 373 KB, 31.8s, uploaded
      manifest updated (23 entries)

Regenerated 7 clips.

=== VERIFY (ranged GET + freshness) ===
  206  L01 n16  bytes 0-3/425664  Last-Modified: Sun, 06 Sep 2026 06:17:02 GMT  mp3-sync=OK
  206  L01 n23  bytes 0-3/472032  Last-Modified: Sun, 06 Sep 2026 06:17:10 GMT  mp3-sync=OK
  206  L02 n10  bytes 0-3/566784  Last-Modified: Sun, 06 Sep 2026 06:17:21 GMT  mp3-sync=OK
  206  L02 n12  bytes 0-3/495360  Last-Modified: Sun, 06 Sep 2026 06:17:31 GMT  mp3-sync=OK
  206  L02 n13  bytes 0-3/414720  Last-Modified: Sun, 06 Sep 2026 06:17:42 GMT  mp3-sync=OK
  206  L03 n10  bytes 0-3/48672  Last-Modified: Sun, 06 Sep 2026 06:17:45 GMT  mp3-sync=OK
  206  L03 n19  bytes 0-3/381888  Last-Modified: Sun, 06 Sep 2026 06:17:55 GMT  mp3-sync=OK

7/7 clips verified HTTP 200/206 with fresh audio.
