=== APPLY EDITS drama-aqa/the-great-wave  37 edits  LIVE  2026-09-05T20:00:36.464Z
  ok   #0 L1.content_html [MEDIUM] F2: The published opening is at the Tanaka household, not on the coast.
  ok   #2 L1.content_html [HIGH] F1: The opening stage direction names the Tanaka household.
  ok   #3 L1.practice_questions[3].text [HIGH] F1: The family name is Tanaka.
  ok   #7 L1.content_html [HIGH] F3: The world premiere was at the Dorfman, not the Tricycle.
  ok   #8 L1.flashcard_questions[2].a [HIGH] F3: The world premiere was at the Dorfman.
  PATCH L1: content_html, practice_questions, flashcard_questions
  ok   #16 L2.content_html [HIGH] F4: Jung Sun is female.
  ok   #17 L2.content_html [HIGH] F5: Sources identify Kum-Chol as Hanako's husband.
  ok   #18 L2.knowledge_checks[3].q [HIGH] F5: Kum-Chol is Hanako's husband, not her captor.
  ok   #19 L2.flashcard_questions[3].a [HIGH] F5: Corrects Kum-Chol's relationship to Hanako.
  PATCH L2: content_html, knowledge_checks, flashcard_questions
  ok   #4 L4.practice_questions[5].text [HIGH] F1: The family name is Tanaka.
  ok   #9 L4.content_html [HIGH] F3/F6: Corrects the premiere and Turnly's reported background and research.
  ok   #10 L4.content_html [HIGH] F3: The world premiere was at the Dorfman.
  ok   #11 L4.knowledge_checks[3].q [HIGH] F3: It premiered at the National Theatre's Dorfman.
  ok   #12 L4.knowledge_checks[3].options[0] [HIGH] F3: The correct venue is the Dorfman at the National Theatre.
  ok   #13 L4.flashcard_questions[1].a [HIGH] F3: The world premiere was at the Dorfman.
  ok   #14 L4.conclusion_html [HIGH] F3/F6: Corrects the research claim and premiere venue.
  ok   #22 L4.flashcard_questions[0].a [MEDIUM] F6: The sourced biography identifies Turnly's Japanese mother, not a Japanese grandfather.
  ok   #25 L4.content_html [MEDIUM] F7: The recognised cases include coastal Japan, Niigata city and Europe.
  ok   #26 L4.knowledge_checks[0].q [MEDIUM] F7: The official cases were not all coastal-community abductions.
  ok   #27 L4.content_html [MEDIUM] F8: The late 1980s were the bubble period, followed by early-1990s stagnation.
  PATCH L4: practice_questions, content_html, knowledge_checks, flashcard_questions, conclusion_html
  ok   #23 L5.content_html [MEDIUM] F6: Corrects the reported research period and avoids treating fictional characters as documentary evidence.
  ok   #28 L5.content_html [HIGH] F9: Corrects how English, Japanese and Korean are used in the play.
  ok   #29 L5.knowledge_checks[1].q [HIGH] F9: The play does not use English as a stand-in for Japanese in the stated way.
  ok   #30 L5.flashcard_questions[5].a [HIGH] F9: Corrects the play's multilingual convention.
  ok   #31 L5.content_html [MEDIUM] F10: A gobo is inserted in a profile lantern rather than placed in front of it.
  ok   #32 L5.knowledge_checks[3].q [MEDIUM] F10: Corrects the technical definition of a gobo.
  ok   #33 L5.flashcard_questions[4].a [MEDIUM] F10: Corrects the technical definition of a gobo.
  ok   #34 L5.glossary_terms[3].definition [MEDIUM] F10: Corrects the technical definition of a gobo.
  PATCH L5: content_html, knowledge_checks, flashcard_questions, glossary_terms
  ok   #35 L6.content_html [MEDIUM] F10: Corrects the technical definition of a gobo.
  ok   #36 L6.glossary_terms[5].definition [MEDIUM] F10: Corrects the technical definition of a gobo.
  PATCH L6: content_html, glossary_terms
  ok   #1 L7.content_html [MEDIUM] F2: Hanako first appears at the Tanaka household.
  PATCH L7: content_html
  ok   #5 L8.content_html [HIGH] F1: The family name is Tanaka.
  ok   #6 L8.content_html [HIGH] F1: The published opening names the Tanaka household.
  ok   #15 L8.flashcard_questions[7].a [HIGH] F3: The play did not transfer from the Tricycle to the Dorfman.
  ok   #20 L8.content_html [HIGH] F5: Kum-Chol is Hanako's husband, not an officer overseeing her captivity.
  ok   #21 L8.practice_questions[3].text [HIGH] F5: Corrects Kum-Chol's relationship to Hanako.
  ok   #24 L8.content_html [MEDIUM] F6: Turnly reported six months of research; the fetched interview does not support the family-meetings claim.
  PATCH L8: content_html, flashcard_questions, practice_questions
=== 37 applied, 0 skipped, 7 lessons / 21 fields changed
