
=== RE-NARRATION (changed narrated text only) ===
backup: C:\Users\tshau\Documents\Study Vault\scripts\_retrofc\units\drama-aqa__the-great-wave\_backup.json
unit:   drama-aqa / the-great-wave
run: 2026-09-05T20:00:42Z  mode: LIVE
  L06: fields edited but no narrated text changed -> skip

6 lessons, 17 clips to regenerate

  L01 (Ollie)  Plot and Structure: A Tale Across Two Countries
      n6: The play opens during a storm at the Tanaka household. The stage directions foreground the Sea of Japan: its s
             -> 497 KB, 42.4s, uploaded
      n8: Cross-cutting means the play shifts between its two storylines in alternating scenes rather than completing on
             -> 311 KB, 26.5s, uploaded
      n15: The structure of The Great Wave belongs to the tradition of documentary theatre — a tradition associated with 
             -> 420 KB, 35.8s, uploaded
      manifest updated (22 entries)
  L02 (Ada)  Characters: The Hashimoto Family and Their Captors
      n15: Kum-Chol becomes Hanako’s husband in North Korea. He is one of the most demanding characters in the play to pe
             -> 509 KB, 43.4s, uploaded
      n17: Jung Sun is a North Korean assigned to learn Japanese from Hanako. The relationship that develops between them
             -> 526 KB, 44.9s, uploaded
      manifest updated (24 entries)
  L04 (Ada)  Context: Japan, North Korea and the Real Abductions
      n2: Understanding The Great Wave as political theatre requires knowing the history it is built on. Between 1977 an
             -> 443 KB, 37.8s, uploaded
      n9: The Japanese family sequences of The Great Wave take place against a backdrop of significant social change. Ja
             -> 599 KB, 51.1s, uploaded
      n13: Francis Turnly is a Northern Irish playwright of Japanese-Irish heritage. His father, a Northern Irish journal
             -> 500 KB, 42.6s, uploaded
      n15: Key Fact . The play had its world premiere at the National Theatre’s Dorfman in 2018, in a co-production with 
             -> 246 KB, 20.9s, uploaded
      n20: Francis Turnly is a Japanese-Irish playwright who researched the abductions for six months. The play had its w
             -> 180 KB, 15.4s, uploaded
      manifest updated (21 entries)
  L05 (Ollie)  Dramatic Methods: Cross-Cutting and Stage Directions
      n10: One of Turnly’s most striking dramatic methods is the use of language as a marker of identity and coercion. Th
             -> 298 KB, 25.5s, uploaded
      n12: Key Fact . The play is based on real abduction cases, which Turnly researched for six months. Its dramatic met
             -> 164 KB, 14.0s, uploaded
      manifest updated (21 entries)
  L07 (Ollie)  Performance Interpretation: Hanako Across Twenty Years
      n6: In the beach scene — Hanako’s last moment of freedom — a performer can play her in full ownership of her body:
             -> 306 KB, 26.1s, uploaded
      manifest updated (22 entries)
  L08 (Ada)  Practitioner Application: Documentary Theatre and Brecht
      n3: Francis Turnly spent six months researching the DPRK abductions. This research heritage means that the play ca
             -> 390 KB, 33.3s, uploaded
      n8: Brecht’s concept of gestus is directly applicable to the power dynamics of The Great Wave . The officials who 
             -> 404 KB, 34.4s, uploaded
      n14: The Tanaka Household: Where Documentary Meets Domestic
             -> 50 KB, 4.2s, uploaded
      n15: The Japan scenes — the Tanaka family — offer a design and performance zone where the documentary and domestic 
             -> 446 KB, 38.0s, uploaded
      manifest updated (21 entries)

Regenerated 17 clips.

=== VERIFY (ranged GET + freshness) ===
  206  L01 n6  bytes 0-3/508608  Last-Modified: Sat, 05 Sep 2026 20:00:52 GMT  mp3-sync=OK
  206  L01 n8  bytes 0-3/318240  Last-Modified: Sat, 05 Sep 2026 20:00:57 GMT  mp3-sync=OK
  206  L01 n15  bytes 0-3/429696  Last-Modified: Sat, 05 Sep 2026 20:01:03 GMT  mp3-sync=OK
  206  L02 n15  bytes 0-3/520992  Last-Modified: Sat, 05 Sep 2026 20:01:10 GMT  mp3-sync=OK
  206  L02 n17  bytes 0-3/539136  Last-Modified: Sat, 05 Sep 2026 20:01:18 GMT  mp3-sync=OK
  206  L04 n2  bytes 0-3/453888  Last-Modified: Sat, 05 Sep 2026 20:01:24 GMT  mp3-sync=OK
  206  L04 n9  bytes 0-3/613152  Last-Modified: Sat, 05 Sep 2026 20:01:32 GMT  mp3-sync=OK
  206  L04 n13  bytes 0-3/511776  Last-Modified: Sat, 05 Sep 2026 20:01:40 GMT  mp3-sync=OK
  206  L04 n15  bytes 0-3/251424  Last-Modified: Sat, 05 Sep 2026 20:01:44 GMT  mp3-sync=OK
  206  L04 n20  bytes 0-3/184608  Last-Modified: Sat, 05 Sep 2026 20:01:47 GMT  mp3-sync=OK
  206  L05 n10  bytes 0-3/305568  Last-Modified: Sat, 05 Sep 2026 20:01:54 GMT  mp3-sync=OK
  206  L05 n12  bytes 0-3/168192  Last-Modified: Sat, 05 Sep 2026 20:01:57 GMT  mp3-sync=OK
  206  L07 n6  bytes 0-3/313056  Last-Modified: Sat, 05 Sep 2026 20:02:02 GMT  mp3-sync=OK
  206  L08 n3  bytes 0-3/399168  Last-Modified: Sat, 05 Sep 2026 20:02:08 GMT  mp3-sync=OK
  206  L08 n8  bytes 0-3/413280  Last-Modified: Sat, 05 Sep 2026 20:02:13 GMT  mp3-sync=OK
  206  L08 n14  bytes 0-3/50688  Last-Modified: Sat, 05 Sep 2026 20:02:15 GMT  mp3-sync=OK
  206  L08 n15  bytes 0-3/456480  Last-Modified: Sat, 05 Sep 2026 20:02:21 GMT  mp3-sync=OK

17/17 clips verified HTTP 200/206 with fresh audio.
