
=== RE-NARRATION (changed narrated text only) ===
backup: C:\Users\tshau\Documents\Study Vault\scripts\_retrofc\units\design-technology-eduqas__design-technology-our-world\_backup.json
unit:   design-technology-eduqas / design-technology-our-world
run: 2026-09-06T09:06:44Z  mode: LIVE
  L01: no narrated field changed -> skip

4 lessons, 4 clips to regenerate

  L02 (Ada)  Sustainability and the 6 Rs
      n14: An LCA is usually grouped into four stages: (1) Raw material extraction — mining, logging, petroleum refining;
             -> 410 KB, 34.9s, uploaded
      manifest updated (27 entries)
  L04 (Ada)  Smart Materials and Modern Materials
      n20b: Nomex is a heat-resistant meta-aramid fibre used in protective clothing for firefighters, racing drivers and m
             -> 384 KB, 32.7s, uploaded
      manifest updated (27 entries)
  L05 (Ollie)  Composites and Technical Textiles
      n18: Micro-fibres are very fine synthetic fibres. Denier measures how fine a fibre is, not how wide it is, and a mi
             -> 408 KB, 34.8s, uploaded
      manifest updated (28 entries)
  L06 (Ada)  CAD, CAM and Production Techniques
      n24: Other processes include Stereolithography (SLA) , which cures liquid resin with a UV laser to build very fine-
             -> 432 KB, 36.9s, uploaded
      manifest updated (31 entries)

Regenerated 4 clips.

=== VERIFY (ranged GET + freshness) ===
  206  L02 n14  bytes 0-3/419328  Last-Modified: Sun, 06 Sep 2026 09:06:54 GMT  mp3-sync=OK
  206  L04 n20b  bytes 0-3/392832  Last-Modified: Sun, 06 Sep 2026 09:07:00 GMT  mp3-sync=OK
  206  L05 n18  bytes 0-3/417312  Last-Modified: Sun, 06 Sep 2026 09:07:08 GMT  mp3-sync=OK
  206  L06 n24  bytes 0-3/442656  Last-Modified: Sun, 06 Sep 2026 09:07:15 GMT  mp3-sync=OK

4/4 clips verified HTTP 200/206 with fresh audio.
