=== APPLY EDITS geology-eduqas/geological-time-and-life  19 edits  LIVE  2026-09-06T09:04:49.898Z
  ok   #8 L1.content_html [MEDIUM] F3: fabricated examiner claim removed.
  ok   #9 L1.content_html [MEDIUM] F3: invented claim about exam papers removed.
  PATCH L1: content_html
  ok   #0 L2.content_html [MEDIUM] F1: the contested saddle/lobe attribution is replaced by the descriptor every source agrees on - a goniatite s
  ok   #1 L2.content_html [MEDIUM] F1: same reversal in the collapsible.
  ok   #2 L2.practice_questions[0].text [MEDIUM] F1: option A is the goniatite distractor and carried the same reversal; it stays a valid wrong answer.
  ok   #3 L2.practice_questions[4].marks [MEDIUM] F1: answer key must match the corrected content.
  ok   #4 L2.knowledge_checks[4].right[0] [MEDIUM] F1: match option for Goniatite; still distinct from the ceratite and ammonite options.
  ok   #5 L2.flashcard_questions[3].a [MEDIUM] F1: flashcard answer for the goniatite suture pattern.
  ok   #6 L2.content_html [MEDIUM] F2: Didymograptus has two stipes, so it cannot be the many-stiped example.
  ok   #7 L2.exam_tip_html [MEDIUM] F4: invented mark-scheme rule removed; the teaching point stays.
  PATCH L2: content_html, practice_questions, knowledge_checks, flashcard_questions, exam_tip_html
  ok   #10 L3.content_html [MEDIUM] F5: invented mark allocation removed.
  ok   #11 L3.exam_tip_html [MEDIUM] F5: same invented mark allocation in the exam tip.
  ok   #12 L3.practice_questions[2].marks [MEDIUM] F5: invented rule about which mark the units earn.
  ok   #13 L3.practice_questions[4].type [LOW] F11: the question is a half-life calculation, not a sequencing task.
  PATCH L3: content_html, exam_tip_html, practice_questions
  ok   #14 L4.exam_tip_html [MEDIUM] F6: fabricated statement of examiner intent removed; advice kept.
  ok   #15 L4.content_html [LOW] F7: evaporation removes water and concentrates salt; it does not remove salt.
  PATCH L4: exam_tip_html, content_html
  ok   #16 L5.content_html [MEDIUM] F8: amphibians, not reptiles, dominate the Carboniferous.
  ok   #17 L5.content_html [MEDIUM] F9: the original wording makes birds descend from mammals.
  ok   #18 L5.practice_questions[2].marks [MEDIUM] F10: key said 180 km while the lesson teaches 200 km; the range covers both.
  PATCH L5: content_html, practice_questions
=== 19 applied, 0 skipped, 5 lessons / 13 fields changed
