
=== RE-NARRATION (changed narrated text only) ===
backup: C:\Users\tshau\Documents\Study Vault\scripts\_retrofc\units\geology-eduqas__geological-time-and-life\_backup.json
unit:   geology-eduqas / geological-time-and-life
run: 2026-09-06T09:04:54Z  mode: LIVE

5 lessons, 12 clips to regenerate

  L01 (Ollie)  Stratigraphic Principles and Relative Dating
      n19: A very common mistake is to give a numerical age (for example, “270 million years old”) when the question asks
             -> 338 KB, 28.9s, uploaded
      n20: A useful check before writing your answer: ask yourself “have I used the words older, younger, or between?” If
             -> 181 KB, 15.5s, uploaded
      manifest updated (27 entries)
  L02 (Ada)  Zone Fossils and Correlation
      n7: Goniatites have simple, zigzag suture lines with no frilling on the saddles or the lobes. They lived during th
             -> 354 KB, 30.2s, uploaded
      n9: The suture line of a cephalopod is exposed when the outer shell is removed or weathered away. On a goniatite, 
             -> 267 KB, 22.8s, uploaded
      n13: Graptolites evolved rapidly through the Ordovician and Silurian periods, producing many different genera disti
             -> 374 KB, 31.9s, uploaded
      n16: When a question shows you a drawing of a cephalopod suture line, do not guess — apply a systematic check: Are 
             -> 478 KB, 40.8s, uploaded
      manifest updated (20 entries)
  L03 (Ollie)  Absolute Dating and Radioactive Decay
      n17: Step 2: Multiply the number of half-lives by the length of one half-life. If the isotope pair is potassium-40 
             -> 289 KB, 24.7s, uploaded
      n18: For calculate questions, always show your working step by step: state the ratio, work out the number of half-l
             -> 445 KB, 38.0s, uploaded
      manifest updated (22 entries)
  L04 (Ada)  Deep Time and the Age of the Earth
      n14: Joly’s approach was creative but flawed. The ocean’s salinity does not simply accumulate indefinitely — salt i
             -> 286 KB, 24.4s, uploaded
      n21: For questions on the history of estimating Earth’s age, link each scientist to their method and to the key str
             -> 376 KB, 32.1s, uploaded
      manifest updated (25 entries)
  L05 (Ollie)  The Origin and Development of Life
      n7: The Cambrian Explosion — a geologically rapid diversification of animal body plans — is spectacularly document
             -> 480 KB, 41.0s, uploaded
      n8: Key Fact . The sequence of first appearances in the fossil record follows evolutionary complexity: fish (Ordov
             -> 282 KB, 24.1s, uploaded
      manifest updated (23 entries)

Regenerated 12 clips.

=== VERIFY (ranged GET + freshness) ===
  206  L01 n19  bytes 0-3/346176  Last-Modified: Sun, 06 Sep 2026 09:05:04 GMT  mp3-sync=OK
  206  L01 n20  bytes 0-3/185760  Last-Modified: Sun, 06 Sep 2026 09:05:07 GMT  mp3-sync=OK
  206  L02 n7  bytes 0-3/362592  Last-Modified: Sun, 06 Sep 2026 09:05:14 GMT  mp3-sync=OK
  206  L02 n9  bytes 0-3/273888  Last-Modified: Sun, 06 Sep 2026 09:05:19 GMT  mp3-sync=OK
  206  L02 n13  bytes 0-3/383328  Last-Modified: Sun, 06 Sep 2026 09:05:26 GMT  mp3-sync=OK
  206  L02 n16  bytes 0-3/489312  Last-Modified: Sun, 06 Sep 2026 09:05:35 GMT  mp3-sync=OK
  206  L03 n17  bytes 0-3/296352  Last-Modified: Sun, 06 Sep 2026 09:05:40 GMT  mp3-sync=OK
  206  L03 n18  bytes 0-3/455616  Last-Modified: Sun, 06 Sep 2026 09:05:46 GMT  mp3-sync=OK
  206  L04 n14  bytes 0-3/292608  Last-Modified: Sun, 06 Sep 2026 09:05:51 GMT  mp3-sync=OK
  206  L04 n21  bytes 0-3/385344  Last-Modified: Sun, 06 Sep 2026 09:05:56 GMT  mp3-sync=OK
  206  L05 n7  bytes 0-3/491904  Last-Modified: Sun, 06 Sep 2026 09:06:03 GMT  mp3-sync=OK
  206  L05 n8  bytes 0-3/288576  Last-Modified: Sun, 06 Sep 2026 09:06:08 GMT  mp3-sync=OK

12/12 clips verified HTTP 200/206 with fresh audio.
