=== APPLY EDITS classical-civilisation-ocr/the-mycenaean-world  34 edits  LIVE  2026-09-05T18:05:13.886Z
  ok   #0 L1.content_html [MEDIUM] F1: Correct the Late Bronze Age definition.
  ok   #1 L1.knowledge_checks[4].right[2] [MEDIUM] F1: Correct the matched Late Bronze Age definition.
  ok   #2 L1.glossary_terms[1].definition [MEDIUM] F1: Correct the glossary definition.
  ok   #3 L1.content_html [HIGH] F2: Correct Troy VIIa’s date and remove the unsupported pottery claim.
  ok   #4 L1.flashcard_questions[10].a [HIGH] F2: Correct the Troy VIIa date.
  PATCH L1: content_html, knowledge_checks, glossary_terms, flashcard_questions
  ok   #5 L2.content_html [HIGH] F3: Replace the unsupported height with the verified dimensions.
  ok   #6 L2.content_html [HIGH] F3: Correct the key fact on the walls.
  ok   #7 L2.conclusion_html [HIGH] F3: Remove the unsupported height from the conclusion.
  ok   #8 L2.practice_questions[3].marks [HIGH] F3: Correct the factual point without changing the house mark allocation.
  PATCH L2: content_html, conclusion_html, practice_questions
  ok   #9 L3.content_html [MEDIUM] F4: Do not treat the Minoan palace at Knossos as a standard Mycenaean megaron palace.
  ok   #10 L3.content_html [MEDIUM] F4: Keep the general megaron statement to the comparable mainland palaces.
  PATCH L3: content_html
  ok   #11 L4.content_html [HIGH] F5: Correct the prescribed dagger’s composition.
  ok   #12 L4.practice_questions[2].text [HIGH] F5: Correct the factual description while retaining the house question.
  ok   #13 L4.flashcard_questions[1].a [HIGH] F5: Correct the Lion Hunt Dagger flashcard.
  ok   #14 L4.content_html [HIGH] F6: Correct the prescribed gold rhyton.
  ok   #15 L4.knowledge_checks[4].right[0] [HIGH] F6: Correct the rhyton match answer.
  ok   #16 L4.flashcard_questions[2].a [HIGH] F6: Correct the rhyton flashcard.
  ok   #17 L4.glossary_terms[2].definition [HIGH] F6: Make the glossary entry identify the prescribed object.
  ok   #18 L4.content_html [HIGH] F7: Correct the prescribed gold pyxis’s form, materials and decoration.
  ok   #19 L4.practice_questions[1].marks [HIGH] F7: Correct the facts without changing the house mark allocation.
  ok   #20 L4.glossary_terms[3].definition [HIGH] F7: Correct the glossary entry for the prescribed pyxis.
  ok   #21 L4.content_html [HIGH] F8: Correct the Warrior Vase’s two scenes.
  ok   #22 L4.content_html [HIGH] F8: Correct the Warrior Vase key fact.
  ok   #23 L4.knowledge_checks[1].options[2] [HIGH] F8: Correct the Warrior Vase knowledge-check option.
  ok   #24 L4.flashcard_questions[6].a [HIGH] F8: Correct the Warrior Vase flashcard.
  PATCH L4: content_html, practice_questions, flashcard_questions, knowledge_checks, glossary_terms
  ok   #25 L5.content_html [MEDIUM] F9: Correct the maximum dromos length.
  ok   #26 L5.glossary_terms[5].definition [MEDIUM] F9: Correct the dromos glossary definition.
  ok   #27 L5.content_html [MEDIUM] F12 ruling (option B): qualified wording on tomb type and status.
  ok   #28 L5.content_html [MEDIUM] F12 ruling: cist definition loses the fixed 'ordinary members' label.
  ok   #29 L5.conclusion_html [MEDIUM] F12 ruling: takeaway qualified.
  ok   #30 L5.content_html [MEDIUM] F13 ruling (option A): mask meaning as one interpretation.
  ok   #31 L5.flashcard_questions[9].a [MEDIUM] F13 ruling: flashcard aligned.
  ok   #32 L5.practice_questions[2].marks [MEDIUM] F13 ruling: mark scheme aligned.
  ok   #33 L5.practice_questions[4].marks [MEDIUM] F13 ruling: mark scheme aligned.
  PATCH L5: content_html, glossary_terms, conclusion_html, flashcard_questions, practice_questions
=== 34 applied, 0 skipped, 5 lessons / 18 fields changed
