
=== RE-NARRATION (changed narrated text only) ===
backup: C:\Users\tshau\Documents\Study Vault\scripts\_retrofc\units\classical-civilisation-ocr__the-mycenaean-world\_backup.json
unit:   classical-civilisation-ocr / the-mycenaean-world
run: 2026-09-05T18:05:17Z  mode: LIVE

5 lessons, 14 clips to regenerate

  L01 (Ollie)  The Mycenaean Age & Its Discovery
      n18: The most important Mycenaean sites are Mycenae itself and Tiryns, both in the Argolid region of the Peloponnes
             -> 349 KB, 29.8s, uploaded
      manifest updated (23 entries)
  L02 (Ada)  The Citadel of Mycenae
      n3: The walls that enclosed the citadel were built using massive limestone blocks, many weighing several tonnes, f
             -> 409 KB, 34.9s, uploaded
      n4: Key Fact . Cyclopean masonry uses enormous, roughly cut limestone blocks fitted together without mortar. The w
             -> 318 KB, 27.1s, uploaded
      n19: The citadel of Mycenae was defended by Cyclopean masonry — enormous limestone blocks fitted without mortar — w
             -> 186 KB, 15.9s, uploaded
      manifest updated (21 entries)
  L03 (Ollie)  Palaces & the Megaron
      n2: For a Mycenaean king, the palace was everything: his home, his throne room, his treasury, his administrative h
             -> 265 KB, 22.6s, uploaded
      n6: At the centre of the major mainland Mycenaean palaces stood the megaron . The word simply means “great hall” i
             -> 206 KB, 17.6s, uploaded
      manifest updated (21 entries)
  L04 (Ada)  Decorative Arts & Material Culture
      n6: Among the most technically extraordinary objects from Grave Circle A is a bronze dagger blade inlaid with gold
             -> 257 KB, 21.9s, uploaded
      n9: Two other gold objects from Grave Circle A deserve particular attention. The gold rhyton from Grave Circle A, 
             -> 169 KB, 14.4s, uploaded
      n10: The gold pyxis from Shaft Grave V in Grave Circle A is a hexagonal wooden box covered with gold plates. The pl
             -> 221 KB, 18.9s, uploaded
      n13: Not all Mycenaean decorated objects were made of precious metals. The Mycenaean warrior vase is a krater (a la
             -> 327 KB, 27.9s, uploaded
      n15: Key Fact . The Mycenaean warrior vase is a large painted krater from the House of the Warrior at Mycenae, date
             -> 309 KB, 26.4s, uploaded
      manifest updated (21 entries)
  L05 (Ollie)  Burial Customs & the Grave Circles
      n3: We can distinguish three main types of Mycenaean burial: shaft graves , cist graves , and the later chamber to
             -> 317 KB, 27.0s, uploaded
      n11: The mask is not a portrait in the modern sense: it is an idealised representation of a powerful, bearded adult
             -> 492 KB, 42.0s, uploaded
      n20: Mycenaean burial evolved from simple cist graves to shaft graves (Grave Circles A and B, c.1550–1500 BC) to mo
             -> 209 KB, 17.8s, uploaded
      manifest updated (22 entries)

Regenerated 14 clips.

=== VERIFY (ranged GET + freshness) ===
  206  L01 n18  bytes 0-3/357120  Last-Modified: Sat, 05 Sep 2026 18:05:25 GMT  mp3-sync=OK
  206  L02 n3  bytes 0-3/419040  Last-Modified: Sat, 05 Sep 2026 18:05:33 GMT  mp3-sync=OK
  206  L02 n4  bytes 0-3/325440  Last-Modified: Sat, 05 Sep 2026 18:05:38 GMT  mp3-sync=OK
  206  L02 n19  bytes 0-3/190368  Last-Modified: Sat, 05 Sep 2026 18:05:42 GMT  mp3-sync=OK
  206  L03 n2  bytes 0-3/271584  Last-Modified: Sat, 05 Sep 2026 18:05:46 GMT  mp3-sync=OK
  206  L03 n6  bytes 0-3/211104  Last-Modified: Sat, 05 Sep 2026 18:05:49 GMT  mp3-sync=OK
  206  L04 n6  bytes 0-3/262944  Last-Modified: Sat, 05 Sep 2026 18:05:54 GMT  mp3-sync=OK
  206  L04 n9  bytes 0-3/173088  Last-Modified: Sat, 05 Sep 2026 18:05:57 GMT  mp3-sync=OK
  206  L04 n10  bytes 0-3/226368  Last-Modified: Sat, 05 Sep 2026 18:06:01 GMT  mp3-sync=OK
  206  L04 n13  bytes 0-3/335232  Last-Modified: Sat, 05 Sep 2026 18:06:06 GMT  mp3-sync=OK
  206  L04 n15  bytes 0-3/316512  Last-Modified: Sat, 05 Sep 2026 18:06:10 GMT  mp3-sync=OK
  206  L05 n3  bytes 0-3/324288  Last-Modified: Sat, 05 Sep 2026 18:06:16 GMT  mp3-sync=OK
  206  L05 n11  bytes 0-3/504288  Last-Modified: Sat, 05 Sep 2026 18:06:23 GMT  mp3-sync=OK
  206  L05 n20  bytes 0-3/213696  Last-Modified: Sat, 05 Sep 2026 18:06:26 GMT  mp3-sync=OK

14/14 clips verified HTTP 200/206 with fresh audio.
