=== APPLY EDITS religious-studies-edexcel/paper-2-hinduism  34 edits  LIVE  2026-09-06T05:57:08.488Z
  ok   #0 L1.content_html [HIGH] F1: 'subtler than the subtlest, greater than the greatest' is Katha Upanishad 1.2.20, not 2.2.6-8. Katha 2.2.6
  ok   #1 L1.practice_questions[0].marks [HIGH] F2: same misattribution as F1 in the mark scheme.
  ok   #2 L1.practice_questions[1].type [MEDIUM] F3: spec Appendix 3 sets Describe at 4 marks; this paper has no 3-mark Describe.
  ok   #3 L1.practice_questions[1].marks [MEDIUM] F3: fourth credit point added to match the 4-mark tariff.
  ok   #4 L1.practice_questions[4].text [MEDIUM] F4: the command word for the 12-mark question on this paper is Evaluate; Discuss is another board's form.
  ok   #5 L1.practice_questions[4].type [MEDIUM] F4: command word corrected to Evaluate.
  ok   #6 L1.exam_tip_html [MEDIUM] F5: the 12-mark question uses the command word Evaluate.
  PATCH L1: content_html, practice_questions, exam_tip_html
  ok   #7 L2.content_html [MEDIUM] F6: 'kamma' is the Pali (Buddhist) form; the Hindu term is karma.
  ok   #8 L2.content_html [MEDIUM] F7: the term is sanatana dharma; 'anatana dharma' is a typographical error carried over from the specification
  ok   #9 L2.conclusion_html [MEDIUM] F7: sanatana dharma.
  ok   #10 L2.exam_tip_html [MEDIUM] F7: students should spell sanatana dharma; the spec's printed form is flagged so they are not thrown by it.
  ok   #11 L2.flashcard_questions[9].q [MEDIUM] F7: sanatana dharma.
  ok   #12 L2.glossary_terms[9].term [MEDIUM] F7: sanatana dharma.
  ok   #13 L2.practice_questions[1].type [MEDIUM] F8: spec Appendix 3 sets Describe at 4 marks.
  ok   #14 L2.practice_questions[1].marks [MEDIUM] F8: mark scheme re-balanced to the 4-mark tariff.
  ok   #15 L2.practice_questions[4].text [MEDIUM] F9: the 12-mark command word is Evaluate.
  ok   #16 L2.practice_questions[4].type [MEDIUM] F9: command word corrected to Evaluate.
  ok   #17 L2.content_html [MEDIUM] F10: the 12-mark command word is Evaluate.
  ok   #18 L2.content_html [MEDIUM] F10: the 12-mark command word is Evaluate.
  ok   #19 L2.exam_tip_html [MEDIUM] F10: the 12-mark command word is Evaluate.
  PATCH L2: content_html, conclusion_html, exam_tip_html, flashcard_questions, glossary_terms, practice_questions
  ok   #20 L3.practice_questions[1].type [MEDIUM] F11: spec Appendix 3 sets Describe at 4 marks.
  ok   #21 L3.practice_questions[1].marks [MEDIUM] F11: fourth credit point added to match the 4-mark tariff.
  ok   #22 L3.practice_questions[4].text [MEDIUM] F12: the 12-mark command word is Evaluate.
  ok   #23 L3.practice_questions[4].type [MEDIUM] F12: command word corrected to Evaluate.
  ok   #24 L3.exam_tip_html [MEDIUM] F13: the 12-mark command word is Evaluate.
  PATCH L3: practice_questions, exam_tip_html
  ok   #25 L4.content_html [HIGH] F15: 'asato ma sad gamaya' means 'from the unreal to the real'. The line 'from darkness to light' is 'tamaso m
  ok   #26 L4.content_html [MEDIUM] F16: Brihadaranyaka Upanishad 1.3.28 runs unreal-to-real, darkness-to-light, death-to-immortality.
  ok   #27 L4.content_html [MEDIUM] F17: Krishna was born at Mathura; Vrindavana is where he spent his childhood.
  ok   #28 L4.content_html [MEDIUM] F18: Rig Veda 10.75 is addressed chiefly to the Sindhu (Indus); the Ganga heads the river list in verse 5.
  ok   #29 L4.practice_questions[1].type [MEDIUM] F19: spec Appendix 3 sets Describe at 4 marks.
  ok   #30 L4.practice_questions[1].marks [MEDIUM] F19: fourth credit point added to match the 4-mark tariff.
  ok   #31 L4.practice_questions[4].text [MEDIUM] F20: the 12-mark command word is Evaluate.
  ok   #32 L4.practice_questions[4].type [MEDIUM] F20: command word corrected to Evaluate.
  ok   #33 L4.exam_tip_html [MEDIUM] F21: the 12-mark command word is Evaluate.
  PATCH L4: content_html, practice_questions, exam_tip_html
=== 34 applied, 0 skipped, 4 lessons / 14 fields changed
