specificity, overload, progression and reversibility. Recovery is not on
  ok   #49 L11.knowledge_checks[4].left [HIGH] F18: the spec names four principles - specificity, overload, progression and reversibility. Recovery is not on
  ok   #50 L11.knowledge_checks[4].right [HIGH] F18: the spec names four principles - specificity, overload, progression and reversibility. Recovery is not on
  ok   #51 L11.knowledge_checks[4].order [HIGH] F18: the spec names four principles - specificity, overload, progression and reversibility. Recovery is not on
  ok   #52 L11.practice_questions[4].marks [HIGH] F18: the spec names four principles - specificity, overload, progression and reversibility. Recovery is not on
  ok   #53 L11.practice_questions[5].marks [HIGH] F19: OCR PE written papers carry no 8-mark item; the longest extended-response question on this paper is 6 mar
  ok   #54 L11.practice_questions[5].type [HIGH] F19: OCR PE written papers carry no 8-mark item; the longest extended-response question on this paper is 6 mar
  ok   #55 L11.exam_tip_html [HIGH] F18: the spec names four principles - specificity, overload, progression and reversibility. Recovery is not on
  ok   #56 L11.exam_tip_html [HIGH] F19: OCR PE written papers carry no 8-mark item; the longest extended-response question on this paper is 6 mar
  PATCH L11: content_html, conclusion_html, exam_tip_html, glossary_terms, flashcard_questions, knowledge_checks, practice_questions
  ok   #57 L13.content_html [MEDIUM] F20: the spec lists seven benefits of a warm up (the eight-item list is the cool-down one)
  ok   #58 L13.content_html [MEDIUM] F20: same miscount
  ok   #59 L13.content_html [MEDIUM] F21: carbon dioxide leaves through the lungs, not the liver and kidneys
  ok   #60 L13.exam_tip_html [HIGH] F22: OCR PE written papers carry no 8-mark item; the longest extended-response question on this paper is 6 mar
  ok   #61 L13.practice_questions[5].type [HIGH] F22: OCR PE written papers carry no 8-mark item; the longest extended-response question on this paper is 6 mar
  ok   #62 L13.practice_questions[5].marks [HIGH] F22: OCR PE written papers carry no 8-mark item; the longest extended-response question on this paper is 6 mar
  PATCH L13: content_html, exam_tip_html, practice_questions
  ok   #63 L14.exam_tip_html [HIGH] F23: OCR PE written papers carry no 8-mark item; the longest extended-response question on this paper is 6 mar
  ok   #64 L14.practice_questions[5].type [HIGH] F23: OCR PE written papers carry no 8-mark item; the longest extended-response question on this paper is 6 mar
  ok   #65 L14.practice_questions[5].marks [HIGH] F23: OCR PE written papers carry no 8-mark item; the longest extended-response question on this paper is 6 mar
  ok   #66 L14.exam_tip_html [HIGH] F23: OCR PE written papers carry no 8-mark item; the longest extended-response question on this paper is 6 mar
  PATCH L14: exam_tip_html, practice_questions
=== 69 applied, 0 skipped, 13 lessons / 35 fields changed

NEW VALIDATOR VIOLATIONS after edits: {
 "11": [
  "- FC[0] answer has enumeration pattern: 'Specificity, Progression, Overload and Reversibility....'. Split into separate cards."
 ]
}
restored L 1 ['knowledge_checks', 'content_html', 'practice_questions']
restored L 2 ['content_html']
restored L 3 ['content_html']
restored L 4 ['exam_tip_html', 'practice_questions', 'content_html']
restored L 5 ['knowledge_checks']
restored L 6 ['exam_tip_html', 'practice_questions']
restored L 7 ['content_html', 'exam_tip_html', 'glossary_terms', 'flashcard_questions']
restored L 8 ['exam_tip_html', 'practice_questions']
restored L 9 ['exam_tip_html', 'practice_questions', 'knowledge_checks']
restored L 10 ['exam_tip_html', 'practice_questions', 'content_html']
restored L 11 ['content_html', 'conclusion_html', 'exam_tip_html', 'glossary_terms', 'flashcard_questions', 'knowledge_checks', 'practice_questions']
restored L 13 ['content_html', 'exam_tip_html', 'practice_questions']
restored L 14 ['exam_tip_html', 'practice_questions']
edits rolled back - fix _edits.json and re-run finish
