=== APPLY EDITS physical-education-ocr/physical-factors-affecting-performance  69 edits  LIVE  2026-09-06T10:44:03.666Z
  ok   #0 L1.knowledge_checks[3].correct [HIGH] F1: the sixth function distinct from support is posture (option 0); the key marked 'movement'
  ok   #1 L1.content_html [MEDIUM] F2: the spec makes no claim about other boards, and other GCSE PE specs name the same hand and foot bones
  ok   #2 L1.practice_questions[4].text [MEDIUM] F3: the stem rested on a false comparison with other boards and tested nothing on the spec
  ok   #3 L1.practice_questions[4].marks [MEDIUM] F3: mark scheme follows the corrected stem
  PATCH L1: knowledge_checks, content_html, practice_questions
  ok   #4 L2.content_html [HIGH] F4: the elbow is a hinge joint; the spec allows only flexion and extension there, and the lesson's own checks 
  PATCH L2: content_html
  ok   #5 L3.content_html [HIGH] F5: the elbow extends on the way UP in a press-up; it flexes on the way down
  PATCH L3: content_html
  ok   #6 L4.exam_tip_html [HIGH] F6: OCR PE written papers carry no 8-mark item; the longest extended-response question on this paper is 6 mark
  ok   #7 L4.practice_questions[5].type [HIGH] F6: OCR PE written papers carry no 8-mark item; the longest extended-response question on this paper is 6 mark
  ok   #8 L4.content_html [MEDIUM] F7: both arms are measured from the fulcrum, which the lesson correctly places at the ball of the foot, not th
  PATCH L4: exam_tip_html, practice_questions, content_html
  ok   #9 L5.knowledge_checks[3].correct [HIGH] F8: the axis matching the frontal plane is the frontal axis (option 0); the key marked 'sagittal', which the l
  PATCH L5: knowledge_checks
  ok   #10 L6.exam_tip_html [HIGH] F9: OCR PE written papers carry no 8-mark item; the longest extended-response question on this paper is 6 mark
  ok   #11 L6.practice_questions[5].type [HIGH] F9: OCR PE written papers carry no 8-mark item; the longest extended-response question on this paper is 6 mark
  ok   #12 L6.practice_questions[5].marks [HIGH] F9: OCR PE written papers carry no 8-mark item; the longest extended-response question on this paper is 6 mark
  PATCH L6: exam_tip_html, practice_questions
  ok   #13 L7.content_html [MEDIUM] F10: the spec uses BOTH terms - 'breathing rate' in the definitions and 'respiratory rate' in the short-term e
  ok   #14 L7.content_html [MEDIUM] F10: same claim, same correction
  ok   #15 L7.exam_tip_html [MEDIUM] F10: removes the fabricated warning that 'respiratory rate' costs marks
  ok   #16 L7.glossary_terms[9].definition [MEDIUM] F10: glossary carried the same false claim
  ok   #17 L7.flashcard_questions[10].a [MEDIUM] F10: flashcard carried the same false claim
  ok   #18 L7.content_html [LOW] F11: the paragraph promised six features and then gave four
  PATCH L7: content_html, exam_tip_html, glossary_terms, flashcard_questions
  ok   #19 L8.exam_tip_html [HIGH] F12: OCR PE written papers carry no 8-mark item; the longest extended-response question on this paper is 6 mar
  ok   #20 L8.practice_questions[5].type [HIGH] F12: OCR PE written papers carry no 8-mark item; the longest extended-response question on this paper is 6 mar
  ok   #21 L8.practice_questions[5].marks [HIGH] F12: OCR PE written papers carry no 8-mark item; the longest extended-response question on this paper is 6 mar
  ok   #67 L8.practice_questions[0].text [?] 
  ok   #68 L8.practice_questions[0].marks [?] 
  PATCH L8: exam_tip_html, practice_questions
  ok   #22 L9.exam_tip_html [HIGH] F14: OCR PE written papers carry no 8-mark item; the longest extended-response question on this paper is 6 mar
  ok   #23 L9.practice_questions[5].type [HIGH] F14: OCR PE written papers carry no 8-mark item; the longest extended-response question on this paper is 6 mar
  ok   #24 L9.practice_questions[5].marks [HIGH] F14: OCR PE written papers carry no 8-mark item; the longest extended-response question on this paper is 6 mar
  ok   #25 L9.knowledge_checks[3].q [MEDIUM] F15: the anticipatory rise and adrenaline are not in the OCR short-term effects list and are not taught in thi
  ok   #26 L9.knowledge_checks[3].options [MEDIUM] F15: options rebuilt on spec content (muscle temperature is short-term effect 1)
  ok   #27 L9.knowledge_checks[3].correct [MEDIUM] F15: answer is 'temperature'
  PATCH L9: exam_tip_html, practice_questions, knowledge_checks
  ok   #28 L10.exam_tip_html [HIGH] F16: OCR PE written papers carry no 8-mark item; the longest extended-response question on this paper is 6 mar
  ok   #29 L10.practice_questions[5].type [HIGH] F16: OCR PE written papers carry no 8-mark item; the longest extended-response question on this paper is 6 mar
  ok   #30 L10.practice_questions[5].marks [HIGH] F16: OCR PE written papers carry no 8-mark item; the longest extended-response question on this paper is 6 mar
  ok   #31 L10.content_html [MEDIUM] F17: the stork stand test is performed with the eyes open; the eyes-closed version is the separate blind stork
  PATCH L10: exam_tip_html, practice_questions, content_html
  ok   #32 L11.content_html [HIGH] F18: the spec names four principles - specificity, overload, progression and reversibility. Recovery is not on
  ok   #33 L11.content_html [HIGH] F18: the spec names four principles - specificity, overload, progression and reversibility. Recovery is not on
  ok   #34 L11.content_html [HIGH] F18: the spec names four principles - specificity, overload, progression and reversibility. Recovery is not on
  ok   #35 L11.content_html [HIGH] F18: the spec names four principles - specificity, overload, progression and reversibility. Recovery is not on
  ok   #36 L11.content_html [HIGH] F18: the spec names four principles - specificity, overload, progression and reversibility. Recovery is not on
  ok   #37 L11.content_html [HIGH] F18: the spec names four principles - specificity, overload, progression and reversibility. Recovery is not on
  ok   #38 L11.conclusion_html [HIGH] F18: the spec names four principles - specificity, overload, progression and reversibility. Recovery is not on
  ok   #39 L11.exam_tip_html [HIGH] F18: the spec names four principles - specificity, overload, progression and reversibility. Recovery is not on
  ok   #40 L11.glossary_terms[0].definition [HIGH] F18: the spec names four principles - specificity, overload, progression and reversibility. Recovery is not on
  ok   #41 L11.glossary_terms[3].term [HIGH] F18: the spec names four principles - specificity, overload, progression and reversibility. Recovery is not on
  ok   #42 L11.glossary_terms[3].definition [HIGH] F18: the spec names four principles - specificity, overload, progression and reversibility. Recovery is not on
  ok   #43 L11.flashcard_questions[0].a [HIGH] F18: the spec names four principles - specificity, overload, progression and reversibility. Recovery is not on
  ok   #44 L11.flashcard_questions[3].q [HIGH] F18: the spec names four principles - specificity, overload, progression and reversibility. Recovery is not on
  ok   #45 L11.flashcard_questions[3].a [HIGH] F18: the spec names four principles - specificity, overload, progression and reversibility. Recovery is not on
  ok   #46 L11.flashcard_questions[5].q [HIGH] F18: the spec names four principles - specificity, overload, progression and reversibility. Recovery is not on
  ok   #47 L11.knowledge_checks[0].options [HIGH] F18: the spec names four principles - specificity, overload, progression and reversibility. Recovery is not on
  ok   #48 L11.knowledge_checks[2].options [HIGH] F18: the spec names four principles - specificity, overload, progression and reversibility. Recovery is not on
  ok   #49 L11.knowledge_checks[4].left [HIGH] F18: the spec names four principles - specificity, overload, progression and reversibility. Recovery is not on
  ok   #50 L11.knowledge_checks[4].right [HIGH] F18: the spec names four principles - specificity, overload, progression and reversibility. Recovery is not on
  ok   #51 L11.knowledge_checks[4].order [HIGH] F18: the spec names four principles - specificity, overload, progression and reversibility. Recovery is not on
  ok   #52 L11.practice_questions[4].marks [HIGH] F18: the spec names four principles - specificity, overload, progression and reversibility. Recovery is not on
  ok   #53 L11.practice_questions[5].marks [HIGH] F19: OCR PE written papers carry no 8-mark item; the longest extended-response question on this paper is 6 mar
  ok   #54 L11.practice_questions[5].type [HIGH] F19: OCR PE written papers carry no 8-mark item; the longest extended-response question on this paper is 6 mar
  ok   #55 L11.exam_tip_html [HIGH] F18: the spec names four principles - specificity, overload, progression and reversibility. Recovery is not on
  ok   #56 L11.exam_tip_html [HIGH] F19: OCR PE written papers carry no 8-mark item; the longest extended-response question on this paper is 6 mar
  PATCH L11: content_html, conclusion_html, exam_tip_html, glossary_terms, flashcard_questions, knowledge_checks, practice_questions
  ok   #57 L13.content_html [MEDIUM] F20: the spec lists seven benefits of a warm up (the eight-item list is the cool-down one)
  ok   #58 L13.content_html [MEDIUM] F20: same miscount
  ok   #59 L13.content_html [MEDIUM] F21: carbon dioxide leaves through the lungs, not the liver and kidneys
  ok   #60 L13.exam_tip_html [HIGH] F22: OCR PE written papers carry no 8-mark item; the longest extended-response question on this paper is 6 mar
  ok   #61 L13.practice_questions[5].type [HIGH] F22: OCR PE written papers carry no 8-mark item; the longest extended-response question on this paper is 6 mar
  ok   #62 L13.practice_questions[5].marks [HIGH] F22: OCR PE written papers carry no 8-mark item; the longest extended-response question on this paper is 6 mar
  PATCH L13: content_html, exam_tip_html, practice_questions
  ok   #63 L14.exam_tip_html [HIGH] F23: OCR PE written papers carry no 8-mark item; the longest extended-response question on this paper is 6 mar
  ok   #64 L14.practice_questions[5].type [HIGH] F23: OCR PE written papers carry no 8-mark item; the longest extended-response question on this paper is 6 mar
  ok   #65 L14.practice_questions[5].marks [HIGH] F23: OCR PE written papers carry no 8-mark item; the longest extended-response question on this paper is 6 mar
  ok   #66 L14.exam_tip_html [HIGH] F23: OCR PE written papers carry no 8-mark item; the longest extended-response question on this paper is 6 mar
  PATCH L14: exam_tip_html, practice_questions
=== 69 applied, 0 skipped, 13 lessons / 35 fields changed
=== APPLY EDITS physical-education-ocr/physical-factors-affecting-performance  69 edits  LIVE  2026-09-06T10:44:55.118Z
  ok   #0 L1.knowledge_checks[3].correct [HIGH] F1: the sixth function distinct from support is posture (option 0); the key marked 'movement'
  ok   #1 L1.content_html [MEDIUM] F2: the spec makes no claim about other boards, and other GCSE PE specs name the same hand and foot bones
  ok   #2 L1.practice_questions[4].text [MEDIUM] F3: the stem rested on a false comparison with other boards and tested nothing on the spec
  ok   #3 L1.practice_questions[4].marks [MEDIUM] F3: mark scheme follows the corrected stem
  PATCH L1: knowledge_checks, content_html, practice_questions
  ok   #4 L2.content_html [HIGH] F4: the elbow is a hinge joint; the spec allows only flexion and extension there, and the lesson's own checks 
  PATCH L2: content_html
  ok   #5 L3.content_html [HIGH] F5: the elbow extends on the way UP in a press-up; it flexes on the way down
  PATCH L3: content_html
  ok   #6 L4.exam_tip_html [HIGH] F6: OCR PE written papers carry no 8-mark item; the longest extended-response question on this paper is 6 mark
  ok   #7 L4.practice_questions[5].type [HIGH] F6: OCR PE written papers carry no 8-mark item; the longest extended-response question on this paper is 6 mark
  ok   #8 L4.content_html [MEDIUM] F7: both arms are measured from the fulcrum, which the lesson correctly places at the ball of the foot, not th
  PATCH L4: exam_tip_html, practice_questions, content_html
  ok   #9 L5.knowledge_checks[3].correct [HIGH] F8: the axis matching the frontal plane is the frontal axis (option 0); the key marked 'sagittal', which the l
  PATCH L5: knowledge_checks
  ok   #10 L6.exam_tip_html [HIGH] F9: OCR PE written papers carry no 8-mark item; the longest extended-response question on this paper is 6 mark
  ok   #11 L6.practice_questions[5].type [HIGH] F9: OCR PE written papers carry no 8-mark item; the longest extended-response question on this paper is 6 mark
  ok   #12 L6.practice_questions[5].marks [HIGH] F9: OCR PE written papers carry no 8-mark item; the longest extended-response question on this paper is 6 mark
  PATCH L6: exam_tip_html, practice_questions
  ok   #13 L7.content_html [MEDIUM] F10: the spec uses BOTH terms - 'breathing rate' in the definitions and 'respiratory rate' in the short-term e
  ok   #14 L7.content_html [MEDIUM] F10: same claim, same correction
  ok   #15 L7.exam_tip_html [MEDIUM] F10: removes the fabricated warning that 'respiratory rate' costs marks
  ok   #16 L7.glossary_terms[9].definition [MEDIUM] F10: glossary carried the same false claim
  ok   #17 L7.flashcard_questions[10].a [MEDIUM] F10: flashcard carried the same false claim
  ok   #18 L7.content_html [LOW] F11: the paragraph promised six features and then gave four
  PATCH L7: content_html, exam_tip_html, glossary_terms, flashcard_questions
  ok   #19 L8.exam_tip_html [HIGH] F12: OCR PE written papers carry no 8-mark item; the longest extended-response question on this paper is 6 mar
  ok   #20 L8.practice_questions[5].type [HIGH] F12: OCR PE written papers carry no 8-mark item; the longest extended-response question on this paper is 6 mar
  ok   #21 L8.practice_questions[5].marks [HIGH] F12: OCR PE written papers carry no 8-mark item; the longest extended-response question on this paper is 6 mar
  ok   #67 L8.practice_questions[0].text [?] 
  ok   #68 L8.practice_questions[0].marks [?] 
  PATCH L8: exam_tip_html, practice_questions
  ok   #22 L9.exam_tip_html [HIGH] F14: OCR PE written papers carry no 8-mark item; the longest extended-response question on this paper is 6 mar
  ok   #23 L9.practice_questions[5].type [HIGH] F14: OCR PE written papers carry no 8-mark item; the longest extended-response question on this paper is 6 mar
  ok   #24 L9.practice_questions[5].marks [HIGH] F14: OCR PE written papers carry no 8-mark item; the longest extended-response question on this paper is 6 mar
  ok   #25 L9.knowledge_checks[3].q [MEDIUM] F15: the anticipatory rise and adrenaline are not in the OCR short-term effects list and are not taught in thi
  ok   #26 L9.knowledge_checks[3].options [MEDIUM] F15: options rebuilt on spec content (muscle temperature is short-term effect 1)
  ok   #27 L9.knowledge_checks[3].correct [MEDIUM] F15: answer is 'temperature'
  PATCH L9: exam_tip_html, practice_questions, knowledge_checks
  ok   #28 L10.exam_tip_html [HIGH] F16: OCR PE written papers carry no 8-mark item; the longest extended-response question on this paper is 6 mar
  ok   #29 L10.practice_questions[5].type [HIGH] F16: OCR PE written papers carry no 8-mark item; the longest extended-response question on this paper is 6 mar
  ok   #30 L10.practice_questions[5].marks [HIGH] F16: OCR PE written papers carry no 8-mark item; the longest extended-response question on this paper is 6 mar
  ok   #31 L10.content_html [MEDIUM] F17: the stork stand test is performed with the eyes open; the eyes-closed version is the separate blind stork
  PATCH L10: exam_tip_html, practice_questions, content_html
  ok   #32 L11.content_html [HIGH] F18: the spec names four principles - specificity, overload, progression and reversibility. Recovery is not on
  ok   #33 L11.content_html [HIGH] F18: the spec names four principles - specificity, overload, progression and reversibility. Recovery is not on
  ok   #34 L11.content_html [HIGH] F18: the spec names four principles - specificity, overload, progression and reversibility. Recovery is not on
  ok   #35 L11.content_html [HIGH] F18: the spec names four principles - specificity, overload, progression and reversibility. Recovery is not on
  ok   #36 L11.content_html [HIGH] F18: the spec names four principles - specificity, overload, progression and reversibility. Recovery is not on
  ok   #37 L11.content_html [HIGH] F18: the spec names four principles - specificity, overload, progression and reversibility. Recovery is not on
  ok   #38 L11.conclusion_html [HIGH] F18: the spec names four principles - specificity, overload, progression and reversibility. Recovery is not on
  ok   #39 L11.exam_tip_html [HIGH] F18: the spec names four principles - specificity, overload, progression and reversibility. Recovery is not on
  ok   #40 L11.glossary_terms[0].definition [HIGH] F18: the spec names four principles - specificity, overload, progression and reversibility. Recovery is not on
  ok   #41 L11.glossary_terms[3].term [HIGH] F18: the spec names four principles - specificity, overload, progression and reversibility. Recovery is not on
  ok   #42 L11.glossary_terms[3].definition [HIGH] F18: the spec names four principles - specificity, overload, progression and reversibility. Recovery is not on
  ok   #43 L11.flashcard_questions[0].a [HIGH] F18: the spec names four principles - specificity, overload, progression and reversibility. Recovery is not on
  ok   #44 L11.flashcard_questions[3].q [HIGH] F18: the spec names four principles - specificity, overload, progression and reversibility. Recovery is not on
  ok   #45 L11.flashcard_questions[3].a [HIGH] F18: the spec names four principles - specificity, overload, progression and reversibility. Recovery is not on
  ok   #46 L11.flashcard_questions[5].q [HIGH] F18: the spec names four principles - specificity, overload, progression and reversibility. Recovery is not on
  ok   #47 L11.knowledge_checks[0].options [HIGH] F18: the spec names four principles - specificity, overload, progression and reversibility. Recovery is not on
  ok   #48 L11.knowledge_checks[2].options [HIGH] F18: the spec names four principles - specificity, overload, progression and reversibility. Recovery is not on
  ok   #49 L11.knowledge_checks[4].left [HIGH] F18: the spec names four principles - specificity, overload, progression and reversibility. Recovery is not on
  ok   #50 L11.knowledge_checks[4].right [HIGH] F18: the spec names four principles - specificity, overload, progression and reversibility. Recovery is not on
  ok   #51 L11.knowledge_checks[4].order [HIGH] F18: the spec names four principles - specificity, overload, progression and reversibility. Recovery is not on
  ok   #52 L11.practice_questions[4].marks [HIGH] F18: the spec names four principles - specificity, overload, progression and reversibility. Recovery is not on
  ok   #53 L11.practice_questions[5].marks [HIGH] F19: OCR PE written papers carry no 8-mark item; the longest extended-response question on this paper is 6 mar
  ok   #54 L11.practice_questions[5].type [HIGH] F19: OCR PE written papers carry no 8-mark item; the longest extended-response question on this paper is 6 mar
  ok   #55 L11.exam_tip_html [HIGH] F18: the spec names four principles - specificity, overload, progression and reversibility. Recovery is not on
  ok   #56 L11.exam_tip_html [HIGH] F19: OCR PE written papers carry no 8-mark item; the longest extended-response question on this paper is 6 mar
  PATCH L11: content_html, conclusion_html, exam_tip_html, glossary_terms, flashcard_questions, knowledge_checks, practice_questions
  ok   #57 L13.content_html [MEDIUM] F20: the spec lists seven benefits of a warm up (the eight-item list is the cool-down one)
  ok   #58 L13.content_html [MEDIUM] F20: same miscount
  ok   #59 L13.content_html [MEDIUM] F21: carbon dioxide leaves through the lungs, not the liver and kidneys
  ok   #60 L13.exam_tip_html [HIGH] F22: OCR PE written papers carry no 8-mark item; the longest extended-response question on this paper is 6 mar
  ok   #61 L13.practice_questions[5].type [HIGH] F22: OCR PE written papers carry no 8-mark item; the longest extended-response question on this paper is 6 mar
  ok   #62 L13.practice_questions[5].marks [HIGH] F22: OCR PE written papers carry no 8-mark item; the longest extended-response question on this paper is 6 mar
  PATCH L13: content_html, exam_tip_html, practice_questions
  ok   #63 L14.exam_tip_html [HIGH] F23: OCR PE written papers carry no 8-mark item; the longest extended-response question on this paper is 6 mar
  ok   #64 L14.practice_questions[5].type [HIGH] F23: OCR PE written papers carry no 8-mark item; the longest extended-response question on this paper is 6 mar
  ok   #65 L14.practice_questions[5].marks [HIGH] F23: OCR PE written papers carry no 8-mark item; the longest extended-response question on this paper is 6 mar
  ok   #66 L14.exam_tip_html [HIGH] F23: OCR PE written papers carry no 8-mark item; the longest extended-response question on this paper is 6 mar
  PATCH L14: exam_tip_html, practice_questions
=== 69 applied, 0 skipped, 13 lessons / 35 fields changed
