
=== RE-NARRATION (changed narrated text only) ===
backup: C:\Users\tshau\Documents\Study Vault\scripts\_retrofc\units\physical-education-ocr__physical-factors-affecting-performance\_backup.json
unit:   physical-education-ocr / physical-factors-affecting-performance
run: 2026-09-06T10:45:00Z  mode: LIVE
  L05: no narrated field changed -> skip

12 lessons, 26 clips to regenerate

  L01 (Ollie)  The Skeletal System: Bones and Functions
      n7: Key Fact . OCR’s 19 named bones: cranium, vertebrae, ribs, sternum, clavicle, scapula, pelvis, humerus, ulna, 
             -> 360 KB, 30.7s, uploaded
      manifest updated (18 entries)
  L02 (Ada)  Synovial Joints and Movement at Joints
      n10: The OCR specification requires you to name the articulating bones at all four joints. At the knee , the femur 
             -> 526 KB, 44.9s, uploaded
      manifest updated (17 entries)
  L03 (Ollie)  Muscles and Antagonistic Pairs
      n5: At the elbow, the biceps sits on the front of the upper arm. During elbow flexion (the upward phase of a bicep
             -> 451 KB, 38.5s, uploaded
      manifest updated (12 entries)
  L04 (Ada)  Lever Systems in Sport
      n14: Unlike some other exam boards, OCR only requires you to know the definition of mechanical advantage — not to c
             -> 564 KB, 48.1s, uploaded
      n16: For a ‘Describe’ question asking you to describe a lever system in a sporting example, always name all three c
             -> 601 KB, 51.3s, uploaded
      manifest updated (16 entries)
  L06 (Ada)  The Cardiovascular System and Pathway of Blood
      n22: The cardiac output calculation is one of the most predictable questions in this topic — always worth attemptin
             -> 712 KB, 60.7s, uploaded
      manifest updated (22 entries)
  L07 (Ollie)  The Respiratory System and Gas Exchange
      n6: Several structural features of the alveoli maximise the speed and efficiency of this exchange. First, the alve
             -> 477 KB, 40.7s, uploaded
      n13: Breathing rate is the number of breaths taken per minute. At rest, a typical breathing rate is around 12–15 br
             -> 245 KB, 20.9s, uploaded
      n17: Minute ventilation = tidal volume × breathing rate. Always show the formula and include the unit (litres per m
             -> 414 KB, 35.3s, uploaded
      n18: For “describe” questions on gaseous exchange, students often say oxygen “moves into the blood” without explain
             -> 689 KB, 58.8s, uploaded
      manifest updated (22 entries)
  L08 (Ada)  Aerobic and Anaerobic Exercise
      n13: For “identify” and shorter questions on aerobic vs anaerobic, a common error is giving the activity name witho
             -> 723 KB, 61.7s, uploaded
      manifest updated (17 entries)
  L09 (Ollie)  Short and Long Term Effects of Exercise
      n19: The most common error on questions about effects of exercise is confusing the two timescales. Short-term effec
             -> 712 KB, 60.8s, uploaded
      manifest updated (19 entries)
  L10 (Ada)  Components of Fitness and Fitness Tests
      n10: Balance is the ability to retain the body’s centre of mass over its base of support. Can be static (holding a 
             -> 285 KB, 24.3s, uploaded
      manifest updated (16 entries)
  L11 (Ollie)  Principles of Training and FITT
      n2: Elite athletes do not train randomly. Their programmes are built on scientific principles that ensure each ses
             -> 367 KB, 31.3s, uploaded
      n5: Overload and progression — the specification names these as two separate principles. Overload means working th
             -> 467 KB, 39.9s, uploaded
      n7: Recovery — this is good training practice rather than one of the four named principles, but sufficient rest mu
             -> 375 KB, 32.0s, uploaded
      n8: Key Fact . SPOR: S pecificity (match training to the demands of the sport), P rogression (raise the load step 
             -> 296 KB, 25.3s, uploaded
      n9: SPOR and FITT are complementary but distinct. SPOR gives the overarching principles — the “why” and “what” of 
             -> 519 KB, 44.3s, uploaded
      n16: A county-level 400 m freestyle swimmer applies the principles as follows. Specificity: all endurance sessions 
             -> 649 KB, 55.3s, uploaded
      n19: On a “6-mark Evaluate” question about training principles or a training programme, the most common error is wr
             -> 652 KB, 55.6s, uploaded
      n21: SPOR stands for Specificity, Progression, Overload and Reversibility — these are the four principles named in 
             -> 166 KB, 14.2s, uploaded
      manifest updated (20 entries)
  L13 (Ollie)  Warm Up and Cool Down
      n2: Every training session and competitive performance should begin with a structured warm-up and end with a struc
             -> 328 KB, 28.0s, uploaded
      n12: OCR lists seven specific physical benefits of a warm-up. Raising body temperature warms the muscles and prepar
             -> 282 KB, 24.1s, uploaded
      n17: The first component is low intensity exercise . Moving from a sprint to a jog, then from a jog to a brisk walk
             -> 238 KB, 20.3s, uploaded
      n23: On a “6-mark Evaluate” question about warm-up or cool-down, avoid simply listing components. The mark scheme r
             -> 636 KB, 54.2s, uploaded
      manifest updated (23 entries)
  L14 (Ada)  Preventing Injury in Physical Activity
      n19: On a “6-mark Evaluate” question about injury prevention, the mark scheme rewards (a) range of points, (b) bala
             -> 679 KB, 57.9s, uploaded
      manifest updated (20 entries)

Regenerated 26 clips.

=== VERIFY (ranged GET + freshness) ===
  206  L01 n7  bytes 0-3/368928  Last-Modified: Sun, 06 Sep 2026 10:45:11 GMT  mp3-sync=OK
  206  L02 n10  bytes 0-3/539136  Last-Modified: Sun, 06 Sep 2026 10:45:19 GMT  mp3-sync=OK
  206  L03 n5  bytes 0-3/462240  Last-Modified: Sun, 06 Sep 2026 10:45:32 GMT  mp3-sync=OK
  206  L04 n14  bytes 0-3/577440  Last-Modified: Sun, 06 Sep 2026 10:45:46 GMT  mp3-sync=OK
  206  L04 n16  bytes 0-3/615168  Last-Modified: Sun, 06 Sep 2026 10:46:01 GMT  mp3-sync=OK
  206  L06 n22  bytes 0-3/728640  Last-Modified: Sun, 06 Sep 2026 10:46:16 GMT  mp3-sync=OK
  206  L07 n6  bytes 0-3/488736  Last-Modified: Sun, 06 Sep 2026 10:46:26 GMT  mp3-sync=OK
  206  L07 n13  bytes 0-3/251136  Last-Modified: Sun, 06 Sep 2026 10:46:38 GMT  mp3-sync=OK
  206  L07 n17  bytes 0-3/423648  Last-Modified: Sun, 06 Sep 2026 10:46:47 GMT  mp3-sync=OK
  206  L07 n18  bytes 0-3/705312  Last-Modified: Sun, 06 Sep 2026 10:47:01 GMT  mp3-sync=OK
  206  L08 n13  bytes 0-3/740448  Last-Modified: Sun, 06 Sep 2026 10:47:15 GMT  mp3-sync=OK
  206  L09 n19  bytes 0-3/729216  Last-Modified: Sun, 06 Sep 2026 10:47:28 GMT  mp3-sync=OK
  206  L10 n10  bytes 0-3/292032  Last-Modified: Sun, 06 Sep 2026 10:47:34 GMT  mp3-sync=OK
  206  L11 n2  bytes 0-3/375552  Last-Modified: Sun, 06 Sep 2026 10:47:40 GMT  mp3-sync=OK
  206  L11 n5  bytes 0-3/478368  Last-Modified: Sun, 06 Sep 2026 10:47:47 GMT  mp3-sync=OK
  206  L11 n7  bytes 0-3/384192  Last-Modified: Sun, 06 Sep 2026 10:47:54 GMT  mp3-sync=OK
  206  L11 n8  bytes 0-3/303552  Last-Modified: Sun, 06 Sep 2026 10:48:00 GMT  mp3-sync=OK
  206  L11 n9  bytes 0-3/531648  Last-Modified: Sun, 06 Sep 2026 10:48:10 GMT  mp3-sync=OK
  206  L11 n16  bytes 0-3/664128  Last-Modified: Sun, 06 Sep 2026 10:48:21 GMT  mp3-sync=OK
  206  L11 n19  bytes 0-3/667296  Last-Modified: Sun, 06 Sep 2026 10:48:35 GMT  mp3-sync=OK
  206  L11 n21  bytes 0-3/170208  Last-Modified: Sun, 06 Sep 2026 10:48:39 GMT  mp3-sync=OK
  206  L13 n2  bytes 0-3/335520  Last-Modified: Sun, 06 Sep 2026 10:48:46 GMT  mp3-sync=OK
  206  L13 n12  bytes 0-3/288576  Last-Modified: Sun, 06 Sep 2026 10:48:51 GMT  mp3-sync=OK
  206  L13 n17  bytes 0-3/243936  Last-Modified: Sun, 06 Sep 2026 10:48:58 GMT  mp3-sync=OK
  206  L13 n23  bytes 0-3/650880  Last-Modified: Sun, 06 Sep 2026 10:49:11 GMT  mp3-sync=OK
  206  L14 n19  bytes 0-3/695232  Last-Modified: Sun, 06 Sep 2026 10:49:24 GMT  mp3-sync=OK

26/26 clips verified HTTP 200/206 with fresh audio.
