=== APPLY EDITS english-literature-edexcel/much-ado-about-nothing  101 edits  LIVE  2026-09-02T07:27:43.346Z
  ok   #0 L1.exam_tip_html [HIGH] F1/F2: part (b) is 20 marks (AO1 15 + AO3 5), not 25 for context; also removes a banned spec code
  ok   #12 L1.practice_questions[1].text [MEDIUM] F11: the stem copies another board's “this extract and the play as a whole” formula
  ok   #17 L1.practice_questions[0].type [HIGH] F1: Edexcel Shakespeare is 20 + 20, not the 15 + 25 split of another board
  ok   #18 L1.practice_questions[0].marks [HIGH] F1: band ladder rebuilt for a 20-mark question (17-20 / 13-16 / 9-12 / 5-8 / 1-4)
  ok   #19 L1.practice_questions[1].type [HIGH] F1: Edexcel Shakespeare is 20 + 20, not the 15 + 25 split of another board
  ok   #20 L1.practice_questions[1].marks [HIGH] F1: band ladder rebuilt for a 20-mark question (17-20 / 13-16 / 9-12 / 5-8 / 1-4)
  ok   #21 L1.practice_questions[2].type [HIGH] F1: Edexcel Shakespeare is 20 + 20, not the 15 + 25 split of another board
  ok   #22 L1.practice_questions[2].marks [HIGH] F1: band ladder rebuilt for a 20-mark question (17-20 / 13-16 / 9-12 / 5-8 / 1-4)
  ok   #23 L1.practice_questions[3].type [HIGH] F1: Edexcel Shakespeare is 20 + 20, not the 15 + 25 split of another board
  ok   #24 L1.practice_questions[3].marks [HIGH] F1: band ladder rebuilt for a 20-mark question (17-20 / 13-16 / 9-12 / 5-8 / 1-4)
  ok   #25 L1.practice_questions[4].type [HIGH] F1: Edexcel Shakespeare is 20 + 20, not the 15 + 25 split of another board
  ok   #26 L1.practice_questions[4].marks [HIGH] F1: band ladder rebuilt for a 20-mark question (17-20 / 13-16 / 9-12 / 5-8 / 1-4)
  ok   #27 L1.practice_questions[5].type [HIGH] F1: Edexcel Shakespeare is 20 + 20, not the 15 + 25 split of another board
  ok   #28 L1.practice_questions[5].marks [HIGH] F1: band ladder rebuilt for a 20-mark question (17-20 / 13-16 / 9-12 / 5-8 / 1-4)
  PATCH L1: exam_tip_html, practice_questions
  ok   #1 L2.exam_tip_html [HIGH] F1: Edexcel part (a) is 20 marks
  ok   #2 L2.content_html [HIGH] F3: the quoted line is Claudio's soliloquy (2.1), not Don John's speech
  ok   #29 L2.practice_questions[0].type [HIGH] F1: Edexcel Shakespeare is 20 + 20, not the 15 + 25 split of another board
  ok   #30 L2.practice_questions[0].marks [HIGH] F1: band ladder rebuilt for a 20-mark question (17-20 / 13-16 / 9-12 / 5-8 / 1-4)
  ok   #31 L2.practice_questions[1].type [HIGH] F1: Edexcel Shakespeare is 20 + 20, not the 15 + 25 split of another board
  ok   #32 L2.practice_questions[1].marks [HIGH] F1: band ladder rebuilt for a 20-mark question (17-20 / 13-16 / 9-12 / 5-8 / 1-4)
  ok   #33 L2.practice_questions[2].type [HIGH] F1: Edexcel Shakespeare is 20 + 20, not the 15 + 25 split of another board
  ok   #34 L2.practice_questions[2].marks [HIGH] F1: band ladder rebuilt for a 20-mark question (17-20 / 13-16 / 9-12 / 5-8 / 1-4)
  ok   #35 L2.practice_questions[3].type [HIGH] F1: Edexcel Shakespeare is 20 + 20, not the 15 + 25 split of another board
  ok   #36 L2.practice_questions[3].marks [HIGH] F1: band ladder rebuilt for a 20-mark question (17-20 / 13-16 / 9-12 / 5-8 / 1-4)
  ok   #37 L2.practice_questions[4].type [HIGH] F1: Edexcel Shakespeare is 20 + 20, not the 15 + 25 split of another board
  ok   #38 L2.practice_questions[4].marks [HIGH] F1: band ladder rebuilt for a 20-mark question (17-20 / 13-16 / 9-12 / 5-8 / 1-4)
  ok   #39 L2.practice_questions[5].type [HIGH] F1: Edexcel Shakespeare is 20 + 20, not the 15 + 25 split of another board
  ok   #40 L2.practice_questions[5].marks [HIGH] F1: band ladder rebuilt for a 20-mark question (17-20 / 13-16 / 9-12 / 5-8 / 1-4)
  PATCH L2: exam_tip_html, content_html, practice_questions
  ok   #3 L3.content_html [HIGH] F4: “so beyond all measure” is not in the play; Leonato's real words are “an enraged affection… past the infin
  ok   #15 L3.knowledge_checks[4].left[1] [MEDIUM] F15: the window deception is never staged; 3.3 is the Watch overhearing Borachio describe it
  ok   #41 L3.practice_questions[0].type [HIGH] F1: Edexcel Shakespeare is 20 + 20, not the 15 + 25 split of another board
  ok   #42 L3.practice_questions[0].marks [HIGH] F1: band ladder rebuilt for a 20-mark question (17-20 / 13-16 / 9-12 / 5-8 / 1-4)
  ok   #43 L3.practice_questions[1].type [HIGH] F1: Edexcel Shakespeare is 20 + 20, not the 15 + 25 split of another board
  ok   #44 L3.practice_questions[1].marks [HIGH] F1: band ladder rebuilt for a 20-mark question (17-20 / 13-16 / 9-12 / 5-8 / 1-4)
  ok   #45 L3.practice_questions[2].type [HIGH] F1: Edexcel Shakespeare is 20 + 20, not the 15 + 25 split of another board
  ok   #46 L3.practice_questions[2].marks [HIGH] F1: band ladder rebuilt for a 20-mark question (17-20 / 13-16 / 9-12 / 5-8 / 1-4)
  ok   #47 L3.practice_questions[3].type [HIGH] F1: Edexcel Shakespeare is 20 + 20, not the 15 + 25 split of another board
  ok   #48 L3.practice_questions[3].marks [HIGH] F1: band ladder rebuilt for a 20-mark question (17-20 / 13-16 / 9-12 / 5-8 / 1-4)
  ok   #49 L3.practice_questions[4].type [HIGH] F1: Edexcel Shakespeare is 20 + 20, not the 15 + 25 split of another board
  ok   #50 L3.practice_questions[4].marks [HIGH] F1: band ladder rebuilt for a 20-mark question (17-20 / 13-16 / 9-12 / 5-8 / 1-4)
  ok   #51 L3.practice_questions[5].type [HIGH] F1: Edexcel Shakespeare is 20 + 20, not the 15 + 25 split of another board
  ok   #52 L3.practice_questions[5].marks [HIGH] F1: band ladder rebuilt for a 20-mark question (17-20 / 13-16 / 9-12 / 5-8 / 1-4)
  PATCH L3: content_html, knowledge_checks, practice_questions
  ok   #4 L4.content_html [HIGH] F5: those two lines are Hero's own (4.1), not the Friar's
  ok   #53 L4.practice_questions[0].type [HIGH] F1: Edexcel Shakespeare is 20 + 20, not the 15 + 25 split of another board
  ok   #54 L4.practice_questions[0].marks [HIGH] F1: band ladder rebuilt for a 20-mark question (17-20 / 13-16 / 9-12 / 5-8 / 1-4)
  ok   #55 L4.practice_questions[1].type [HIGH] F1: Edexcel Shakespeare is 20 + 20, not the 15 + 25 split of another board
  ok   #56 L4.practice_questions[1].marks [HIGH] F1: band ladder rebuilt for a 20-mark question (17-20 / 13-16 / 9-12 / 5-8 / 1-4)
  ok   #57 L4.practice_questions[2].type [HIGH] F1: Edexcel Shakespeare is 20 + 20, not the 15 + 25 split of another board
  ok   #58 L4.practice_questions[2].marks [HIGH] F1: band ladder rebuilt for a 20-mark question (17-20 / 13-16 / 9-12 / 5-8 / 1-4)
  ok   #59 L4.practice_questions[3].type [HIGH] F1: Edexcel Shakespeare is 20 + 20, not the 15 + 25 split of another board
  ok   #60 L4.practice_questions[3].marks [HIGH] F1: band ladder rebuilt for a 20-mark question (17-20 / 13-16 / 9-12 / 5-8 / 1-4)
  ok   #61 L4.practice_questions[4].type [HIGH] F1: Edexcel Shakespeare is 20 + 20, not the 15 + 25 split of another board
  ok   #62 L4.practice_questions[4].marks [HIGH] F1: band ladder rebuilt for a 20-mark question (17-20 / 13-16 / 9-12 / 5-8 / 1-4)
  ok   #63 L4.practice_questions[5].type [HIGH] F1: Edexcel Shakespeare is 20 + 20, not the 15 + 25 split of another board
  ok   #64 L4.practice_questions[5].marks [HIGH] F1: band ladder rebuilt for a 20-mark question (17-20 / 13-16 / 9-12 / 5-8 / 1-4)
  PATCH L4: content_html, practice_questions
  ok   #5 L5.content_html [HIGH] F6: “condemnified” is not in the play, and calling himself an ass is not a malapropism
  ok   #6 L5.content_html [HIGH] F7: banned band name — the house ladder says top band
  ok   #7 L5.content_html [MEDIUM] F8: the line is spoken in 5.2; the letters are produced later, in 5.4
  ok   #8 L5.exam_tip_html [HIGH] F1: Edexcel part (b) is 20 marks
  ok   #65 L5.practice_questions[0].type [HIGH] F1: Edexcel Shakespeare is 20 + 20, not the 15 + 25 split of another board
  ok   #66 L5.practice_questions[0].marks [HIGH] F1: band ladder rebuilt for a 20-mark question (17-20 / 13-16 / 9-12 / 5-8 / 1-4)
  ok   #67 L5.practice_questions[1].type [HIGH] F1: Edexcel Shakespeare is 20 + 20, not the 15 + 25 split of another board
  ok   #68 L5.practice_questions[1].marks [HIGH] F1: band ladder rebuilt for a 20-mark question (17-20 / 13-16 / 9-12 / 5-8 / 1-4)
  ok   #69 L5.practice_questions[2].type [HIGH] F1: Edexcel Shakespeare is 20 + 20, not the 15 + 25 split of another board
  ok   #70 L5.practice_questions[2].marks [HIGH] F1: band ladder rebuilt for a 20-mark question (17-20 / 13-16 / 9-12 / 5-8 / 1-4)
  ok   #71 L5.practice_questions[3].type [HIGH] F1: Edexcel Shakespeare is 20 + 20, not the 15 + 25 split of another board
  ok   #72 L5.practice_questions[3].marks [HIGH] F1: band ladder rebuilt for a 20-mark question (17-20 / 13-16 / 9-12 / 5-8 / 1-4)
  ok   #73 L5.practice_questions[4].type [HIGH] F1: Edexcel Shakespeare is 20 + 20, not the 15 + 25 split of another board
  ok   #74 L5.practice_questions[4].marks [HIGH] F1: band ladder rebuilt for a 20-mark question (17-20 / 13-16 / 9-12 / 5-8 / 1-4)
  ok   #75 L5.practice_questions[5].type [HIGH] F1: Edexcel Shakespeare is 20 + 20, not the 15 + 25 split of another board
  ok   #76 L5.practice_questions[5].marks [HIGH] F1: band ladder rebuilt for a 20-mark question (17-20 / 13-16 / 9-12 / 5-8 / 1-4)
  PATCH L5: content_html, exam_tip_html, practice_questions
  ok   #9 L6.content_html [MEDIUM] F9: “writ down, that they are none” confuses no word, so it is not a malapropism
  ok   #13 L6.flashcard_questions[0].q [MEDIUM] F12: the line is a comparison, not a simile
  ok   #77 L6.practice_questions[0].type [HIGH] F1: Edexcel Shakespeare is 20 + 20, not the 15 + 25 split of another board
  ok   #78 L6.practice_questions[0].marks [HIGH] F1: band ladder rebuilt for a 20-mark question (17-20 / 13-16 / 9-12 / 5-8 / 1-4)
  ok   #79 L6.practice_questions[1].type [HIGH] F1: Edexcel Shakespeare is 20 + 20, not the 15 + 25 split of another board
  ok   #80 L6.practice_questions[1].marks [HIGH] F1: band ladder rebuilt for a 20-mark question (17-20 / 13-16 / 9-12 / 5-8 / 1-4)
  ok   #81 L6.practice_questions[2].type [HIGH] F1: Edexcel Shakespeare is 20 + 20, not the 15 + 25 split of another board
  ok   #82 L6.practice_questions[2].marks [HIGH] F1: band ladder rebuilt for a 20-mark question (17-20 / 13-16 / 9-12 / 5-8 / 1-4)
  ok   #83 L6.practice_questions[3].type [HIGH] F1: Edexcel Shakespeare is 20 + 20, not the 15 + 25 split of another board
  ok   #84 L6.practice_questions[3].marks [HIGH] F1: band ladder rebuilt for a 20-mark question (17-20 / 13-16 / 9-12 / 5-8 / 1-4)
  ok   #85 L6.practice_questions[4].type [HIGH] F1: Edexcel Shakespeare is 20 + 20, not the 15 + 25 split of another board
  ok   #86 L6.practice_questions[4].marks [HIGH] F1: band ladder rebuilt for a 20-mark question (17-20 / 13-16 / 9-12 / 5-8 / 1-4)
  ok   #87 L6.practice_questions[5].type [HIGH] F1: Edexcel Shakespeare is 20 + 20, not the 15 + 25 split of another board
  ok   #88 L6.practice_questions[5].marks [HIGH] F1: band ladder rebuilt for a 20-mark question (17-20 / 13-16 / 9-12 / 5-8 / 1-4)
  PATCH L6: content_html, flashcard_questions, practice_questions
  ok   #10 L7.content_html [MEDIUM] F10: that question contains no malapropism
  ok   #11 L7.exam_tip_html [MEDIUM] F1: timing followed the wrong 15/25 mark split
  ok   #14 L7.flashcard_questions[4].q [MEDIUM] F10: that question contains no malapropism
  ok   #16 L7.knowledge_checks[0].correct [HIGH] F1: part (a) is worth 20 marks, so the key must point at “20 marks”
  ok   #89 L7.practice_questions[0].type [HIGH] F1: Edexcel Shakespeare is 20 + 20, not the 15 + 25 split of another board
  ok   #90 L7.practice_questions[0].marks [HIGH] F1: band ladder rebuilt for a 20-mark question (17-20 / 13-16 / 9-12 / 5-8 / 1-4)
  ok   #91 L7.practice_questions[1].type [HIGH] F1: Edexcel Shakespeare is 20 + 20, not the 15 + 25 split of another board
  ok   #92 L7.practice_questions[1].marks [HIGH] F1: band ladder rebuilt for a 20-mark question (17-20 / 13-16 / 9-12 / 5-8 / 1-4)
  ok   #93 L7.practice_questions[2].type [HIGH] F1: Edexcel Shakespeare is 20 + 20, not the 15 + 25 split of another board
  ok   #94 L7.practice_questions[2].marks [HIGH] F1: band ladder rebuilt for a 20-mark question (17-20 / 13-16 / 9-12 / 5-8 / 1-4)
  ok   #95 L7.practice_questions[3].type [HIGH] F1: Edexcel Shakespeare is 20 + 20, not the 15 + 25 split of another board
  ok   #96 L7.practice_questions[3].marks [HIGH] F1: band ladder rebuilt for a 20-mark question (17-20 / 13-16 / 9-12 / 5-8 / 1-4)
  ok   #97 L7.practice_questions[4].type [HIGH] F1: Edexcel Shakespeare is 20 + 20, not the 15 + 25 split of another board
  ok   #98 L7.practice_questions[4].marks [HIGH] F1: band ladder rebuilt for a 20-mark question (17-20 / 13-16 / 9-12 / 5-8 / 1-4)
  ok   #99 L7.practice_questions[5].type [HIGH] F1: Edexcel Shakespeare is 20 + 20, not the 15 + 25 split of another board
  ok   #100 L7.practice_questions[5].marks [HIGH] F1: band ladder rebuilt for a 20-mark question (17-20 / 13-16 / 9-12 / 5-8 / 1-4)
  PATCH L7: content_html, exam_tip_html, flashcard_questions, knowledge_checks, practice_questions
=== 101 applied, 0 skipped, 7 lessons / 21 fields changed
