
=== RE-NARRATION (changed narrated text only) ===
backup: C:\Users\tshau\Documents\Study Vault\scripts\_retrofc\units\english-literature-edexcel__much-ado-about-nothing\_backup.json
unit:   english-literature-edexcel / much-ado-about-nothing
run: 2026-09-02T07:27:47Z  mode: LIVE

7 lessons, 12 clips to regenerate

  L01 (Ollie)  Context & Elizabethan Messina
      n22: In the Edexcel Shakespeare question, part (b) is worth 20 marks: 15 for AO1 and 5 for AO3 (context). Never wri
             -> 410 KB, 35.0s, uploaded
      manifest updated (27 entries)
  L02 (Ada)  The Soldiers Return & First Deceptions
      n17: The scene generates the play’s first act of malicious deception. Don John tells Claudio that Don Pedro is wooi
             -> 408 KB, 34.8s, uploaded
      n23: For part (a) of the Edexcel exam (20 marks, AO2), you must analyse specific language features in the extract. 
             -> 297 KB, 25.3s, uploaded
      manifest updated (28 entries)
  L03 (Ollie)  The Gulling Scenes & Don John's Plot
      n3: In Act 2, Scene 3, Benedick hides in the garden while Don Pedro, Claudio, and Leonato stage a conversation for
             -> 439 KB, 37.5s, uploaded
      manifest updated (28 entries)
  L04 (Ada)  Hero's Shaming & the Church Scene
      n9: The Friar intervenes with reason and compassion. Hero herself asks the question no one else will ask: “Is it n
             -> 366 KB, 31.2s, uploaded
      manifest updated (27 entries)
  L05 (Ollie)  Truth Restored & Resolution
      n3: Dogberry’s language is characterised by malapropisms — comic misuse of words. He asks whether the whole “disse
             -> 473 KB, 40.3s, uploaded
      n15: The play ends with a double wedding: Hero and Claudio, Beatrice and Benedick. Benedick’s proposal is character
             -> 347 KB, 29.6s, uploaded
      n18: Shakespeare may be deliberately leaving these tensions unresolved. The play’s title — “Much Ado About Nothing”
             -> 277 KB, 23.6s, uploaded
      n22: For part (b) of the Edexcel exam (20 marks, AO1 + AO3), you need to write about the theme across the whole pla
             -> 269 KB, 23.0s, uploaded
      manifest updated (27 entries)
  L06 (Ada)  Character Analysis
      n20: Dogberry is Much Ado About Nothing ’s great comic creation. His malapropisms (“aspicious” when he means “suspi
             -> 321 KB, 27.4s, uploaded
      manifest updated (28 entries)
  L07 (Ollie)  Key Themes & Exam Technique
      n14: Language in Much Ado is never neutral. Characters use wit as a weapon (the “merry war”), as a shield (Beatrice
             -> 265 KB, 22.6s, uploaded
      n39: Time management is critical. Both parts carry 20 marks, so spend about 25 minutes on each. In part (a), go dee
             -> 291 KB, 24.8s, uploaded
      manifest updated (44 entries)

Regenerated 12 clips.

=== VERIFY (ranged GET + freshness) ===
  206  L01 n22  bytes 0-3/419904  Last-Modified: Wed, 02 Sep 2026 07:27:54 GMT  mp3-sync=OK
  206  L02 n17  bytes 0-3/417312  Last-Modified: Wed, 02 Sep 2026 07:28:01 GMT  mp3-sync=OK
  206  L02 n23  bytes 0-3/303840  Last-Modified: Wed, 02 Sep 2026 07:28:05 GMT  mp3-sync=OK
  206  L03 n3  bytes 0-3/449568  Last-Modified: Wed, 02 Sep 2026 07:28:11 GMT  mp3-sync=OK
  206  L04 n9  bytes 0-3/374688  Last-Modified: Wed, 02 Sep 2026 07:28:18 GMT  mp3-sync=OK
  206  L05 n3  bytes 0-3/484128  Last-Modified: Wed, 02 Sep 2026 07:28:25 GMT  mp3-sync=OK
  206  L05 n15  bytes 0-3/355680  Last-Modified: Wed, 02 Sep 2026 07:28:31 GMT  mp3-sync=OK
  206  L05 n18  bytes 0-3/283680  Last-Modified: Wed, 02 Sep 2026 07:28:35 GMT  mp3-sync=OK
  206  L05 n22  bytes 0-3/275616  Last-Modified: Wed, 02 Sep 2026 07:28:39 GMT  mp3-sync=OK
  206  L06 n20  bytes 0-3/328608  Last-Modified: Wed, 02 Sep 2026 07:28:44 GMT  mp3-sync=OK
  206  L07 n14  bytes 0-3/271584  Last-Modified: Wed, 02 Sep 2026 07:28:48 GMT  mp3-sync=OK
  206  L07 n39  bytes 0-3/297792  Last-Modified: Wed, 02 Sep 2026 07:28:54 GMT  mp3-sync=OK

12/12 clips verified HTTP 200/206 with fresh audio.
