=== APPLY EDITS geography-edexcel-a/paper-3-fieldwork-uk-challenges  32 edits  LIVE  2026-09-06T04:25:06.777Z
  ok   #0 L1.content_html [MEDIUM] F1: Paper 3 Sections A and B do assess the student's own investigations, so 'the exam will not ask you about y
  ok   #1 L1.content_html [MEDIUM] F2: invented examiner claim.
  ok   #2 L1.content_html [MEDIUM] F2: invented mark-scheme claim (score zero / score full marks).
  PATCH L1: content_html
  ok   #3 L2.content_html [HIGH] F3: random and systematic are swapped. Stopping every fifth person is systematic sampling. This contradicts th
  ok   #4 L2.content_html [MEDIUM] F4: invented examiner claim.
  ok   #5 L2.content_html [MEDIUM] F4: invented mark claim.
  PATCH L2: content_html
  ok   #6 L3.content_html [MEDIUM] F5: TEA is a teaching mnemonic, not an examiner formula.
  ok   #7 L3.content_html [MEDIUM] F5: invented mark claim.
  ok   #8 L3.exam_tip_html [MEDIUM] F5: invented mark-scheme rule ('the maximum is half marks').
  PATCH L3: content_html, exam_tip_html
  ok   #9 L4.content_html [HIGH] F6: ONS mid-2024 estimate is 69.3 million, and the 2022-based projections reach 72.5 million by mid-2032 and 7
  ok   #10 L4.content_html [HIGH] F6: revision tip re-pointed to the corrected projection year.
  ok   #11 L4.content_html [HIGH] F6/F7: projection corrected, and 500 m3 of water per person is ten times too high - UK domestic use averages a
  ok   #12 L4.content_html [HIGH] F8: battery electric share of new UK car registrations in 2024 was 19.6%; all plug-ins together were 28.2%.
  ok   #13 L4.content_html [MEDIUM] F9: invented exam-reward claim.
  ok   #14 L4.practice_questions[0].text [HIGH] F6: 73 million is the early-2030s projection, not 2050. Answer key C is unchanged.
  ok   #15 L4.practice_questions[3].text [HIGH] F8: the 30% share is wrong; BEV share was 19.6%.
  ok   #16 L4.practice_questions[3].marks [HIGH] F8: mark scheme recomputed for 20% - 1,950,000 x 0.20 = 390,000.
  ok   #17 L4.flashcard_questions[0].q [HIGH] F6: the stored answer 'Around 73 million' is the 2032 projection (72.5 million).
  ok   #18 L4.flashcard_questions[1].q [HIGH] F8: names the BEV share, to separate it from all plug-ins.
  ok   #19 L4.flashcard_questions[1].a [HIGH] F8: 19.6% of new UK car registrations in 2024 were battery electric.
  PATCH L4: content_html, practice_questions, flashcard_questions
  ok   #20 L5.content_html [MEDIUM] F10: ONS 2023 regional GDP per head - UK 39,845; North East 28,583 (72%); Wales 29,316 (74%); Northern Ireland
  ok   #21 L5.content_html [HIGH] F11: 685,000 was a provisional estimate later revised sharply upward. The record is 944,000 (year to March 202
  ok   #22 L5.content_html [HIGH] F11: key fact aligned with the revised ONS series.
  ok   #23 L5.conclusion_html [HIGH] F11: takeaway aligned with the revised ONS series.
  ok   #24 L5.exam_tip_html [MEDIUM] F12: invented examiner claim.
  ok   #25 L5.knowledge_checks[3].q [HIGH] F11: stem carried the superseded figure; answer index 2 ('migration') is unchanged.
  ok   #26 L5.flashcard_questions[8].q [HIGH] F11: the 2023 calendar-year figure was revised upward; the record is the settled number.
  ok   #27 L5.flashcard_questions[8].a [HIGH] F11: ONS revised series.
  PATCH L5: content_html, conclusion_html, exam_tip_html, knowledge_checks, flashcard_questions
  ok   #28 L6.content_html [MEDIUM] F13: Medmerry was completed in 2013. Managed realignment there built new defences inland and breached the shin
  ok   #29 L6.exam_tip_html [MEDIUM] F14: the spec puts SPaG inside the 64 raw marks, not on top of them.
  ok   #30 L6.flashcard_questions[6].q [MEDIUM] F13: completion year.
  ok   #31 L6.flashcard_questions[6].a [MEDIUM] F13: managed realignment built new inland defences and breached the old bank.
  PATCH L6: content_html, exam_tip_html, flashcard_questions
=== 32 applied, 0 skipped, 6 lessons / 15 fields changed
