
=== RE-NARRATION (changed narrated text only) ===
backup: C:\Users\tshau\Documents\Study Vault\scripts\_retrofc\units\geography-edexcel-a__paper-3-fieldwork-uk-challenges\_backup.json
unit:   geography-edexcel-a / paper-3-fieldwork-uk-challenges
run: 2026-09-06T04:25:11Z  mode: LIVE

6 lessons, 20 clips to regenerate

  L01 (Ollie)  Physical Fieldwork: Rivers & Coasts
      n2: Physical fieldwork forces geography out of the textbook and into the field. The exam asks about your own field
             -> 317 KB, 27.1s, uploaded
      n7: Random sampling avoids bias but can miss key features. Systematic sampling — for example a measurement every 1
             -> 317 KB, 27.0s, uploaded
      n12: A risk assessment is part of the enquiry process. River fieldwork carries the risk of slippery banks, fast flo
             -> 424 KB, 36.2s, uploaded
      manifest updated (21 entries)
  L02 (Ada)  Human Fieldwork: Urban & Rural Settlements
      n7: Subjective judgement is the EQS’s big weakness: one student scores rust on a railing as a 2, another scores it
             -> 373 KB, 31.8s, uploaded
      n12: Sampling matters even more in human fieldwork because people are far less uniform than rocks. Random sampling 
             -> 486 KB, 41.5s, uploaded
      n16: Key Fact . Reliability of EQS scores improves through calibration before fieldwork, triple-sampling at each si
             -> 186 KB, 15.9s, uploaded
      manifest updated (21 entries)
  L03 (Ollie)  Presenting & Analysing Fieldwork Data
      n10: When the exam says ‘describe the pattern shown,’ you must do three things: state the overall trend , quote spe
             -> 401 KB, 34.2s, uploaded
      n15: Stage 6 of the enquiry process is reflection: critically reviewing methods, data and conclusions. Examiners di
             -> 352 KB, 30.1s, uploaded
      n17: Calculation marks are the easiest marks on the paper to lose — show working line by line, double-check units (
             -> 319 KB, 27.2s, uploaded
      manifest updated (21 entries)
  L04 (Ada)  UK Resources & Sustainability Challenge
      n2: The UK’s population passed 69 million in 2024 and is projected to reach 72.5 million by 2032 and 76.6 million 
             -> 409 KB, 34.9s, uploaded
      n3: Key Fact . The UK population is projected to grow from 69 million in 2024 to 72.5 million by 2032 and 76.6 mil
             -> 276 KB, 23.5s, uploaded
      n10: Transport produces about 27% of UK carbon emissions, with cars and vans alone responsible for over half of tha
             -> 582 KB, 49.7s, uploaded
      n13: National policy alone is not enough. Bottom-up schemes — community energy projects, town-scale 20 mph zones, l
             -> 446 KB, 38.0s, uploaded
      manifest updated (19 entries)
  L05 (Ollie)  UK Settlement, Population & Economic Challenge
      n2: For more than 30 years the UK has had a two-speed economy : London and the South East grow much faster than th
             -> 479 KB, 40.9s, uploaded
      n11: Net migration to the UK peaked at a record 944,000 in the year to March 2023, then fell sharply to about 204,0
             -> 511 KB, 43.6s, uploaded
      n15: Key Fact . UK net migration peaked at about 944,000 in the year to March 2023 and had fallen to about 204,000 
             -> 255 KB, 21.8s, uploaded
      n16: Synoptic 8-mark questions often combine settlement, population and economic challenges. Strong answers link tw
             -> 300 KB, 25.6s, uploaded
      n20: UK net migration peaked near 944,000 in the year to March 2023 and has since fallen sharply; it fills skills g
             -> 151 KB, 12.9s, uploaded
      manifest updated (20 entries)
  L06 (Ada)  UK Landscape & Climate Change Challenge
      n8: Hard engineering uses concrete to hold back water — the Thames Barrier (closed over 220 times since 1982), Bos
             -> 561 KB, 47.8s, uploaded
      n16: The 12-mark evaluation is the heaviest question on this paper. Examiners want both sides plus a justified judg
             -> 361 KB, 30.8s, uploaded
      manifest updated (20 entries)

Regenerated 20 clips.

=== VERIFY (ranged GET + freshness) ===
  206  L01 n2  bytes 0-3/324864  Last-Modified: Sun, 06 Sep 2026 04:25:21 GMT  mp3-sync=OK
  206  L01 n7  bytes 0-3/324288  Last-Modified: Sun, 06 Sep 2026 04:25:28 GMT  mp3-sync=OK
  206  L01 n12  bytes 0-3/434304  Last-Modified: Sun, 06 Sep 2026 04:25:36 GMT  mp3-sync=OK
  206  L02 n7  bytes 0-3/381600  Last-Modified: Sun, 06 Sep 2026 04:25:44 GMT  mp3-sync=OK
  206  L02 n12  bytes 0-3/497952  Last-Modified: Sun, 06 Sep 2026 04:25:52 GMT  mp3-sync=OK
  206  L02 n16  bytes 0-3/190944  Last-Modified: Sun, 06 Sep 2026 04:25:56 GMT  mp3-sync=OK
  206  L03 n10  bytes 0-3/410688  Last-Modified: Sun, 06 Sep 2026 04:26:07 GMT  mp3-sync=OK
  206  L03 n15  bytes 0-3/360576  Last-Modified: Sun, 06 Sep 2026 04:26:15 GMT  mp3-sync=OK
  206  L03 n17  bytes 0-3/326592  Last-Modified: Sun, 06 Sep 2026 04:26:23 GMT  mp3-sync=OK
  206  L04 n2  bytes 0-3/418752  Last-Modified: Sun, 06 Sep 2026 04:26:34 GMT  mp3-sync=OK
  206  L04 n3  bytes 0-3/282528  Last-Modified: Sun, 06 Sep 2026 04:26:41 GMT  mp3-sync=OK
  206  L04 n10  bytes 0-3/595872  Last-Modified: Sun, 06 Sep 2026 04:26:53 GMT  mp3-sync=OK
  206  L04 n13  bytes 0-3/456480  Last-Modified: Sun, 06 Sep 2026 04:27:03 GMT  mp3-sync=OK
  206  L05 n2  bytes 0-3/490752  Last-Modified: Sun, 06 Sep 2026 04:27:14 GMT  mp3-sync=OK
  206  L05 n11  bytes 0-3/523296  Last-Modified: Sun, 06 Sep 2026 04:27:27 GMT  mp3-sync=OK
  206  L05 n15  bytes 0-3/261504  Last-Modified: Sun, 06 Sep 2026 04:27:34 GMT  mp3-sync=OK
  206  L05 n16  bytes 0-3/307008  Last-Modified: Sun, 06 Sep 2026 04:27:42 GMT  mp3-sync=OK
  206  L05 n20  bytes 0-3/154656  Last-Modified: Sun, 06 Sep 2026 04:27:47 GMT  mp3-sync=OK
  206  L06 n8  bytes 0-3/573984  Last-Modified: Sun, 06 Sep 2026 04:28:01 GMT  mp3-sync=OK
  206  L06 n16  bytes 0-3/369216  Last-Modified: Sun, 06 Sep 2026 04:28:11 GMT  mp3-sync=OK

20/20 clips verified HTTP 200/206 with fresh audio.
