=== APPLY EDITS history-edexcel/henry-viii-ministers  81 edits  LIVE  2026-09-06T01:30:59.394Z
  ok   #0 L1.exam_tip_html [HIGH] F12: the causation question on this paper is worth 12 marks
  ok   #1 L1.content_html [HIGH] F21: Wolsey's usher and biographer was George Cavendish
  ok   #2 L1.content_html [HIGH] F22: the legateship became a grant for life in 1524, not 1518
  ok   #34 L1.knowledge_checks[2].q [HIGH] F22: the legateship became a grant for life in 1524, not 1518
  ok   #35 L1.knowledge_checks[4].left[3] [HIGH] F22: the legateship became a grant for life in 1524, not 1518
  ok   #36 L1.flashcard_questions[9].q [HIGH] F22: the legateship became a grant for life in 1524, not 1518
  ok   #37 L1.practice_questions[4].marks [HIGH] F22: the legateship became a grant for life in 1524, not 1518
  ok   #38 L1.practice_questions[5].marks [HIGH] F22: the legateship became a grant for life in 1524, not 1518
  ok   #59 L1.practice_questions[2].type [MEDIUM] F1: this paper does not set an 8-mark question
  ok   #60 L1.practice_questions[3] [MEDIUM] F1: this paper does not set an 8-mark question
  PATCH L1: exam_tip_html, content_html, knowledge_checks, flashcard_questions, practice_questions
  ok   #3 L2.exam_tip_html [HIGH] F13: the causation question on this paper is worth 12 marks
  ok   #4 L2.exam_tip_html [HIGH] F17: no SPaG marks are awarded on this paper
  ok   #5 L2.content_html [MEDIUM] F24: Parliament was not summoned in 1525 and so refused nothing
  ok   #39 L2.flashcard_questions[8].a [MEDIUM] F34: the multiple was unsupported and clashed with the ratios used elsewhere in the unit
  ok   #61 L2.practice_questions[2].type [MEDIUM] F2: this paper does not set an 8-mark question
  ok   #62 L2.practice_questions[3] [MEDIUM] F2: this paper does not set an 8-mark question
  PATCH L2: exam_tip_html, content_html, flashcard_questions, practice_questions
  ok   #6 L3.exam_tip_html [HIGH] F14: the causation question on this paper is worth 12 marks
  ok   #7 L3.content_html [MEDIUM] F25: Parliament was not summoned in 1525 and so refused nothing
  ok   #8 L3.content_html [MEDIUM] F26: the definition was circular and misdated parliamentary consent to 1215
  ok   #40 L3.glossary_terms[2].definition [MEDIUM] F26: the definition was circular and misdated parliamentary consent to 1215
  ok   #41 L3.flashcard_questions[6].a [MEDIUM] F25: Parliament was not summoned in 1525 and so refused nothing
  ok   #42 L3.practice_questions[5].marks [MEDIUM] F27: the Treaty of Madrid was signed in January 1526
  ok   #63 L3.practice_questions[2].type [MEDIUM] F3: this paper does not set an 8-mark question
  ok   #64 L3.practice_questions[3] [MEDIUM] F3: this paper does not set an 8-mark question
  PATCH L3: exam_tip_html, content_html, glossary_terms, flashcard_questions, practice_questions
  ok   #9 L4.exam_tip_html [HIGH] F18: no SPaG marks are awarded on this paper
  ok   #10 L4.content_html [HIGH] F28: Belgrade fell to the Ottomans in 1521, after the Treaty of London
  ok   #11 L4.content_html [HIGH] F23: the legateship became a grant for life in 1524, not 1518
  ok   #43 L4.practice_questions[2].marks [HIGH] F28: Belgrade fell to the Ottomans in 1521, after the Treaty of London
  ok   #44 L4.flashcard_questions[3].a [HIGH] F28: Belgrade fell to the Ottomans in 1521, after the Treaty of London
  ok   #65 L4.practice_questions[2].type [MEDIUM] F4: this paper does not set an 8-mark question
  ok   #66 L4.practice_questions[3] [MEDIUM] F4: this paper does not set an 8-mark question
  PATCH L4: exam_tip_html, content_html, practice_questions, flashcard_questions
  ok   #12 L5.exam_tip_html [HIGH] F15: the causation question on this paper is worth 12 marks
  ok   #13 L5.content_html [MEDIUM] F29: Matilda was never crowned and never ruled as queen regnant
  ok   #45 L5.practice_questions[0].marks [MEDIUM] F30: consummation created the impediment of affinity; it did not create the relationship
  ok   #67 L5.practice_questions[2].type [MEDIUM] F5: this paper does not set an 8-mark question
  ok   #68 L5.practice_questions[3] [MEDIUM] F5: this paper does not set an 8-mark question
  PATCH L5: exam_tip_html, content_html, practice_questions
  ok   #14 L6.content_html [MEDIUM] F31: the 1532 Submission was a declaration by Convocation, not a statute
  ok   #46 L6.glossary_terms[2].definition [MEDIUM] F31: the 1532 Submission was a declaration by Convocation, not a statute
  ok   #47 L6.flashcard_questions[8].q [MEDIUM] F31: the 1532 Submission was a declaration by Convocation, not a statute
  ok   #69 L6.practice_questions[2].type [MEDIUM] F6: this paper does not set an 8-mark question
  ok   #70 L6.practice_questions[3] [MEDIUM] F6: this paper does not set an 8-mark question
  PATCH L6: content_html, glossary_terms, flashcard_questions, practice_questions
  ok   #71 L7.practice_questions[2].type [MEDIUM] F7: this paper does not set an 8-mark question
  ok   #72 L7.practice_questions[3] [MEDIUM] F7: this paper does not set an 8-mark question
  PATCH L7: practice_questions
  ok   #15 L8.exam_tip_html [HIGH] F16: the causation question on this paper is worth 12 marks
  ok   #16 L8.content_html [MEDIUM] F32: the statute is the Treason Act of 1534
  ok   #17 L8.content_html [MEDIUM] F32: the statute is the Treason Act of 1534
  ok   #18 L8.content_html [MEDIUM] F33: Fisher was 65 at his execution, not 75
  ok   #48 L8.practice_questions[2].marks [MEDIUM] F33: Fisher was 65 at his execution, not 75
  ok   #49 L8.practice_questions[4].marks [MEDIUM] F32: the statute is the Treason Act of 1534
  ok   #50 L8.flashcard_questions[7].a [MEDIUM] F33: Fisher was 65 at his execution, not 75
  ok   #73 L8.practice_questions[2].type [MEDIUM] F8: this paper does not set an 8-mark question
  ok   #74 L8.practice_questions[3] [MEDIUM] F8: this paper does not set an 8-mark question
  PATCH L8: exam_tip_html, content_html, practice_questions, flashcard_questions
  ok   #19 L9.exam_tip_html [HIGH] F19: no SPaG marks are awarded on this paper
  ok   #20 L9.content_html [MEDIUM] F35: the multiple was unsupported and clashed with the ratios used elsewhere in the unit
  ok   #21 L9.content_html [MEDIUM] F36: English monasticism began in the late sixth century, so it was close to a thousand years old in 1540
  ok   #22 L9.content_html [MEDIUM] F35: the multiple was unsupported and clashed with the ratios used elsewhere in the unit
  ok   #75 L9.practice_questions[2].type [MEDIUM] F9: this paper does not set an 8-mark question
  ok   #76 L9.practice_questions[3] [MEDIUM] F9: this paper does not set an 8-mark question
  PATCH L9: exam_tip_html, content_html, practice_questions
  ok   #23 L10.content_html [MEDIUM] F37: Tudor England had no standing army
  ok   #24 L10.content_html [MEDIUM] F38: the Council of the North was reorganised after the rising, not before it
  ok   #25 L10.content_html [MEDIUM] F39: the wording was reordered but presented as a direct quotation; now given as a paraphrase
  ok   #26 L10.conclusion_html [MEDIUM] F38: the Council of the North was reorganised after the rising, not before it
  ok   #27 L10.exam_tip_html [MEDIUM] F38: the Council of the North was reorganised after the rising, not before it
  ok   #51 L10.practice_questions[0].marks [MEDIUM] F38: the Council of the North was reorganised after the rising, not before it
  ok   #52 L10.practice_questions[2].marks [MEDIUM] F38: the Council of the North was reorganised after the rising, not before it
  ok   #53 L10.practice_questions[4].marks [MEDIUM] F37: Tudor England had no standing army
  ok   #54 L10.practice_questions[5].marks [MEDIUM] F38: the Council of the North was reorganised after the rising, not before it
  ok   #55 L10.flashcard_questions[3].a [MEDIUM] F37: Tudor England had no standing army
  ok   #77 L10.practice_questions[2].type [MEDIUM] F10: this paper does not set an 8-mark question
  ok   #78 L10.practice_questions[3] [MEDIUM] F10: this paper does not set an 8-mark question
  PATCH L10: content_html, conclusion_html, exam_tip_html, practice_questions, flashcard_questions
  ok   #28 L11.exam_tip_html [HIGH] F20: no SPaG marks are awarded on this paper
  ok   #29 L11.content_html [MEDIUM] F40: the Cleves marriage was annulled on 9 July 1540, before Cromwell's execution
  ok   #30 L11.content_html [LOW] F41: the gap was eleven days, not ten
  ok   #31 L11.content_html [LOW] F41: the gap was eleven days, not ten
  ok   #32 L11.content_html [MEDIUM] F42: Henry's disguised visit to Rochester was on 1 January 1540
  ok   #33 L11.content_html [MEDIUM] F42: Henry's disguised visit to Rochester was on 1 January 1540
  ok   #56 L11.practice_questions[1].marks [MEDIUM] F42: Henry's disguised visit to Rochester was on 1 January 1540
  ok   #57 L11.practice_questions[5].marks [HIGH] F20: no SPaG marks are awarded on this paper
  ok   #58 L11.flashcard_questions[10].a [MEDIUM] F42: Henry's disguised visit to Rochester was on 1 January 1540
  ok   #79 L11.practice_questions[2].type [MEDIUM] F11: this paper does not set an 8-mark question
  ok   #80 L11.practice_questions[3] [MEDIUM] F11: this paper does not set an 8-mark question
  PATCH L11: exam_tip_html, content_html, practice_questions, flashcard_questions
=== 81 applied, 0 skipped, 11 lessons / 42 fields changed
