
=== RE-NARRATION (changed narrated text only) ===
backup: C:\Users\tshau\Documents\Study Vault\scripts\_retrofc\units\history-edexcel__henry-viii-ministers\_backup.json
unit:   history-edexcel / henry-viii-ministers
run: 2026-09-06T01:31:05Z  mode: LIVE
  L06: fields edited but no narrated text changed -> skip
  L07: no narrated field changed -> skip

9 lessons, 31 clips to regenerate

  L01 (Ollie)  Young King Henry and the Rise of Wolsey
      n12: Promotion came in a torrent. Bishop of Lincoln in 1514, Archbishop of York that same year, Cardinal in 1515, a
             -> 342 KB, 29.2s, uploaded
      n16: His personality was a contradiction. Contemporaries describe Wolsey as proud, ostentatious, and quick to crush
             -> 356 KB, 30.3s, uploaded
      n18: For a 4-mark Describe Two Features question on Henry’s accession or Wolsey’s rise, give two distinct features 
             -> 326 KB, 27.8s, uploaded
      manifest updated (22 entries)
  L02 (Ada)  Wolsey's Domestic Policy and the Justice System
      n12: The subsidy was a genuine fiscal innovation that survived into the seventeenth century. But it had limits. Eac
             -> 301 KB, 25.7s, uploaded
      n18: For a 12-mark Explain Why question on the Eltham Ordinances, do not just describe what they did — the question
             -> 401 KB, 34.2s, uploaded
      manifest updated (22 entries)
  L03 (Ollie)  The Amicable Grant and the Limits of Wolsey's Power
      n5: Key Fact . The Amicable Grant was demanded in March 1525 to fund Henry’s planned invasion of France after Char
             -> 184 KB, 15.7s, uploaded
      n19: For a 12-mark Explain Why on the failure of the Amicable Grant, three explained reasons (the size of the deman
             -> 370 KB, 31.5s, uploaded
      manifest updated (23 entries)
  L04 (Ada)  Wolsey's Foreign Policy: Peacemaker or Warmonger?
      n4: There is also a third strand sometimes mentioned by historians: Wolsey’s personal hope, encouraged by his stan
             -> 322 KB, 27.5s, uploaded
      n7: Wolsey’s diplomatic masterpiece was the Treaty of London of October 1518. Pope Leo X had proposed a five-year 
             -> 452 KB, 38.6s, uploaded
      n18: For 16-mark Make and Defend a Judgement on whether Wolsey was a peacemaker or warmonger, do not split the answ
             -> 400 KB, 34.2s, uploaded
      manifest updated (22 entries)
  L05 (Ollie)  The King's Great Matter and Wolsey's Fall
      n3: Catherine of Aragon had been Henry’s wife since 1509. She had borne him six children, but only one — Princess 
             -> 433 KB, 36.9s, uploaded
      n21: For a 12-mark Explain Why on the failure of the annulment, three explained reasons (Charles V’s control of the
             -> 399 KB, 34.0s, uploaded
      manifest updated (25 entries)
  L08 (Ada)  Opposition to the Reformation: More, Fisher and Barton
      n8: Fisher was sent to the Tower of London in April 1534. While he was imprisoned, Pope Paul III — in a gesture th
             -> 406 KB, 34.7s, uploaded
      n12: More accepted the new succession. What he refused was the supremacy — the doctrine that the king of England, n
             -> 332 KB, 28.3s, uploaded
      n14: More was sent to the Tower in April 1534 and held for fifteen months. His trial took place at Westminster Hall
             -> 534 KB, 45.5s, uploaded
      n20: For a 12-mark Explain Why on the importance of opposition to the Reformation, link the three figures rather th
             -> 452 KB, 38.6s, uploaded
      manifest updated (24 entries)
  L09 (Ollie)  The Dissolution of the Monasteries, 1535–40
      n7: As Vicegerent in Spirituals , Cromwell launched two parallel surveys in 1535. The first was the Valor Ecclesia
             -> 328 KB, 28.0s, uploaded
      n13: After the Pilgrimage of Grace was crushed in 1537 and several leading abbots were implicated, the larger house
             -> 485 KB, 41.4s, uploaded
      n17: Key Fact . Crown income roughly doubled by the late 1530s, but two thirds of monastic land was sold off in the
             -> 228 KB, 19.5s, uploaded
      n19: For a 16-mark judgement question on the dissolution — for example, ‘The main reason for the dissolution was th
             -> 462 KB, 39.4s, uploaded
      manifest updated (23 entries)
  L10 (Ada)  The Pilgrimage of Grace, 1536
      n1: In October 1536, six months after the first monasteries had been suppressed, Lincolnshire and Yorkshire rose a
             -> 451 KB, 38.5s, uploaded
      n4: Religion sat alongside fiscal grievances. The 1534 Subsidy Act extended taxation in peacetime — previously tax
             -> 447 KB, 38.1s, uploaded
      n7: The trouble began at Louth in Lincolnshire on 1 October 1536. Royal commissioners arriving to inspect a church
             -> 475 KB, 40.5s, uploaded
      n20: For a 12-mark Explain Why on the causes of the Pilgrimage of Grace, lay out at least three distinct types of c
             -> 499 KB, 42.6s, uploaded
      n22: The Pilgrimage of Grace combined four causes — the dissolution of the monasteries, the 1534 Subsidy and 1536 S
             -> 198 KB, 16.9s, uploaded
      manifest updated (24 entries)
  L11 (Ollie)  Cromwell, Government Reform and the Fall, 1534–40
      n1: Between 1534 and 1540 Thomas Cromwell rebuilt the machinery of English government, managed the king through th
             -> 433 KB, 37.0s, uploaded
      n4: In late April 1536 Cromwell took action. Five men were arrested on charges of adultery with the queen, includi
             -> 462 KB, 39.4s, uploaded
      n5: Key Fact . Anne Boleyn fell because she clashed with Cromwell over the use of monastic wealth and over the imp
             -> 253 KB, 21.6s, uploaded
      n16: Anne reached Rochester on New Year’s Eve 1539, and on New Year’s Day Henry made his trademark surprise visit i
             -> 449 KB, 38.3s, uploaded
      n17: Key Fact . Cromwell arranged the marriage to Anne of Cleves in late 1539 to build a Protestant alliance agains
             -> 276 KB, 23.5s, uploaded
      n22: For a 16-mark judgement question on Cromwell’s fall, weigh three factors explicitly: the Cleves marriage as th
             -> 477 KB, 40.7s, uploaded
      manifest updated (26 entries)

Regenerated 31 clips.

=== VERIFY (ranged GET + freshness) ===
  206  L01 n12  bytes 0-3/349920  Last-Modified: Sun, 06 Sep 2026 01:31:14 GMT  mp3-sync=OK
  206  L01 n16  bytes 0-3/364032  Last-Modified: Sun, 06 Sep 2026 01:31:20 GMT  mp3-sync=OK
  206  L01 n18  bytes 0-3/334080  Last-Modified: Sun, 06 Sep 2026 01:31:25 GMT  mp3-sync=OK
  206  L02 n12  bytes 0-3/307872  Last-Modified: Sun, 06 Sep 2026 01:31:30 GMT  mp3-sync=OK
  206  L02 n18  bytes 0-3/410688  Last-Modified: Sun, 06 Sep 2026 01:31:36 GMT  mp3-sync=OK
  206  L03 n5  bytes 0-3/188352  Last-Modified: Sun, 06 Sep 2026 01:31:39 GMT  mp3-sync=OK
  206  L03 n19  bytes 0-3/378432  Last-Modified: Sun, 06 Sep 2026 01:31:45 GMT  mp3-sync=OK
  206  L04 n4  bytes 0-3/329760  Last-Modified: Sun, 06 Sep 2026 01:31:49 GMT  mp3-sync=OK
  206  L04 n7  bytes 0-3/462816  Last-Modified: Sun, 06 Sep 2026 01:31:56 GMT  mp3-sync=OK
  206  L04 n18  bytes 0-3/410112  Last-Modified: Sun, 06 Sep 2026 01:32:02 GMT  mp3-sync=OK
  206  L05 n3  bytes 0-3/442944  Last-Modified: Sun, 06 Sep 2026 01:32:09 GMT  mp3-sync=OK
  206  L05 n21  bytes 0-3/408384  Last-Modified: Sun, 06 Sep 2026 01:32:15 GMT  mp3-sync=OK
  206  L08 n8  bytes 0-3/415872  Last-Modified: Sun, 06 Sep 2026 01:32:24 GMT  mp3-sync=OK
  206  L08 n12  bytes 0-3/339840  Last-Modified: Sun, 06 Sep 2026 01:32:30 GMT  mp3-sync=OK
  206  L08 n14  bytes 0-3/546624  Last-Modified: Sun, 06 Sep 2026 01:32:39 GMT  mp3-sync=OK
  206  L08 n20  bytes 0-3/463104  Last-Modified: Sun, 06 Sep 2026 01:32:46 GMT  mp3-sync=OK
  206  L09 n7  bytes 0-3/336384  Last-Modified: Sun, 06 Sep 2026 01:32:52 GMT  mp3-sync=OK
  206  L09 n13  bytes 0-3/497088  Last-Modified: Sun, 06 Sep 2026 01:33:00 GMT  mp3-sync=OK
  206  L09 n17  bytes 0-3/233568  Last-Modified: Sun, 06 Sep 2026 01:33:04 GMT  mp3-sync=OK
  206  L09 n19  bytes 0-3/472896  Last-Modified: Sun, 06 Sep 2026 01:33:12 GMT  mp3-sync=OK
  206  L10 n1  bytes 0-3/462240  Last-Modified: Sun, 06 Sep 2026 01:33:19 GMT  mp3-sync=OK
  206  L10 n4  bytes 0-3/457632  Last-Modified: Sun, 06 Sep 2026 01:33:26 GMT  mp3-sync=OK
  206  L10 n7  bytes 0-3/486432  Last-Modified: Sun, 06 Sep 2026 01:33:33 GMT  mp3-sync=OK
  206  L10 n20  bytes 0-3/510912  Last-Modified: Sun, 06 Sep 2026 01:33:40 GMT  mp3-sync=OK
  206  L10 n22  bytes 0-3/202752  Last-Modified: Sun, 06 Sep 2026 01:33:44 GMT  mp3-sync=OK
  206  L11 n1  bytes 0-3/443808  Last-Modified: Sun, 06 Sep 2026 01:33:51 GMT  mp3-sync=OK
  206  L11 n4  bytes 0-3/472896  Last-Modified: Sun, 06 Sep 2026 01:33:58 GMT  mp3-sync=OK
  206  L11 n5  bytes 0-3/258624  Last-Modified: Sun, 06 Sep 2026 01:34:03 GMT  mp3-sync=OK
  206  L11 n16  bytes 0-3/459648  Last-Modified: Sun, 06 Sep 2026 01:34:10 GMT  mp3-sync=OK
  206  L11 n17  bytes 0-3/282528  Last-Modified: Sun, 06 Sep 2026 01:34:14 GMT  mp3-sync=OK
  206  L11 n22  bytes 0-3/488736  Last-Modified: Sun, 06 Sep 2026 01:34:22 GMT  mp3-sync=OK

31/31 clips verified HTTP 200/206 with fresh audio.
