=== APPLY EDITS separate-sciences-ocr-b/physics-energy-electricity  34 edits  LIVE  2026-09-05T15:08:42.065Z
  ok   #0 L1.content_html [MEDIUM] F1: P2.1.8 (recall and apply the efficiency equation) is not bold, and efficiency is not bold in the equations
  ok   #1 L1.practice_questions[4].type [MEDIUM] F2: P3.4.6 (transmitting at higher voltage is more efficient) and P2.2.5 (transformers in the National Grid) a
  PATCH L1: content_html, practice_questions
  ok   #2 L2.practice_questions[2].type [MEDIUM] F3: P3.1.3 (explain the concept of an electric field) is not bold. P3.1 is separate science only but has no Hi
  ok   #3 L2.practice_questions[4].type [MEDIUM] F3: P3.1.2 (transfer of electrons explains static electricity) is not bold, so this is assessed at both tiers.
  PATCH L2: practice_questions
  ok   #4 L3.practice_questions[3].type [MEDIUM] F4: P3.2.1 (current is a rate of flow of charge and has the same value at any point in a single closed loop) i
  ok   #5 L3.practice_questions[5].type [MEDIUM] F4: P3.2.5 (R constant in fixed resistors, changing in others) and P3.3.5c (changing temperature of an NTC the
  ok   #6 L3.practice_questions[4].type [MEDIUM] F5: 'Required Practical Method' is AQA and Edexcel wording. This board groups practical work as PAG1 to PAG8; 
  ok   #7 L3.exam_tip_html [LOW] F6: an invented exam claim. Nothing in the spec ranks how often a misconception is examined.
  PATCH L3: practice_questions, exam_tip_html
  ok   #8 L4.content_html [HIGH] F7: 50 Hz is 50 complete cycles per second. Each cycle contains two reversals, so the mains current changes di
  ok   #9 L4.content_html [MEDIUM] F8: P2.2.5 (transformers in the National Grid), P3.4.5 (conservation of energy in a transformer, Vp Ip = Vs Is
  ok   #10 L4.practice_questions[4].type [MEDIUM] F9: P3.4.4b (power = current squared x resistance) and P3.4.6 are not bold, so this is assessed at both tiers.
  ok   #11 L4.practice_questions[3].marks [LOW] F10: the LaTeX thousands separator {,} sits outside the \( \) delimiters, so a student reads '58{,}700'. The n
  ok   #12 L4.exam_tip_html [LOW] F11: an invented claim about how examiners award marks.
  PATCH L4: content_html, practice_questions, exam_tip_html
  ok   #13 L5.content_html [HIGH] F12: the induced p.d. reverses twice in each revolution, giving one full cycle per turn. The lesson's own flas
  ok   #14 L5.content_html [MEDIUM] F13: the sides that turn the coil are the ones at right angles to the field. A conductor parallel to the field
  ok   #15 L5.conclusion_html [MEDIUM] F14: the whole of P3.6 is bold, so the motor effect and Fleming's left-hand rule are Higher only too, not just
  ok   #16 L5.conclusion_html [MEDIUM] F14: every assessable outcome in P3.7 (generators and transformers) is bold, so this takeaway is Higher only. 
  ok   #17 L5.exam_tip_html [MEDIUM] F14: the whole exam tip is about P3.6 (motor effect, Fleming's left-hand rule, F = BIl), which is Higher only.
  ok   #18 L5.knowledge_checks[0].q [MEDIUM] F14: Fleming's left-hand rule is P3.6.2, bold and therefore Higher only.
  ok   #19 L5.knowledge_checks[1].q [MEDIUM] F14: the output of an a.c. generator is P3.7.4, bold and separate science only, so Higher only.
  ok   #20 L5.knowledge_checks[2].q [MEDIUM] F14: F = BIl is P3.6.3, bold in the outcomes and bold in the equations list, so Higher only.
  ok   #21 L5.flashcard_questions[0].q [MEDIUM] F14: the motor effect is P3.6.1, bold and therefore Higher only.
  ok   #22 L5.flashcard_questions[1].q [MEDIUM] F14: Fleming's left-hand rule is P3.6.2, bold and therefore Higher only.
  ok   #23 L5.flashcard_questions[2].q [MEDIUM] F14: Fleming's left-hand rule is P3.6.2, bold and therefore Higher only.
  ok   #24 L5.flashcard_questions[3].q [MEDIUM] F14: F = BIl is P3.6.3, bold and therefore Higher only.
  ok   #25 L5.flashcard_questions[4].q [MEDIUM] F14: electromagnetic induction is P3.7.1, bold and therefore Higher only.
  ok   #26 L5.flashcard_questions[5].q [MEDIUM] F14: the a.c. output of an alternator is P3.7.4, bold and therefore Higher only.
  ok   #27 L5.flashcard_questions[6].q [MEDIUM] F14: the turns ratio is P3.7.8b, bold and therefore Higher only.
  ok   #28 L5.flashcard_questions[9].q [MEDIUM] F14: the effect of rotation speed on the induced p.d. is P3.7, bold and therefore Higher only.
  ok   #29 L5.practice_questions[1].type [MEDIUM] F14: F = BIl is P3.6.3, bold and therefore Higher only.
  ok   #30 L5.practice_questions[3].type [MEDIUM] F14: the a.c. generator is P3.7.4, bold and therefore Higher only.
  ok   #31 L5.practice_questions[4].type [MEDIUM] F14: electric motors are P3.6, bold throughout, so a Foundation learner never meets them.
  ok   #32 L5.practice_questions[5].type [MEDIUM] F14: the transformer equations are P3.7.8, bold and therefore Higher only.
  ok   #33 L5.flashcard_questions[8].a [LOW] F15: the answer was a five-item comma list opening 'Any two:', which the house flashcard rule does not allow. 
  PATCH L5: content_html, conclusion_html, exam_tip_html, knowledge_checks, flashcard_questions, practice_questions
=== 34 applied, 0 skipped, 5 lessons / 14 fields changed
