
=== RE-NARRATION (changed narrated text only) ===
backup: C:\Users\tshau\Documents\Study Vault\scripts\_retrofc\units\separate-sciences-ocr-b__physics-energy-electricity\_backup.json
unit:   separate-sciences-ocr-b / physics-energy-electricity
run: 2026-09-05T15:08:47Z  mode: LIVE
  L01: fields edited but no narrated text changed -> skip
  L02: no narrated field changed -> skip

3 lessons, 8 clips to regenerate

  L03 (Ollie)  Series and Parallel Circuits
      n22: The most common mistake in circuits is claiming that current is smaller after passing through a component in a
             -> 526 KB, 44.9s, uploaded
      manifest updated (26 entries)
  L04 (Ada)  Power, Energy and Mains Electricity
      n2: The electricity supplied to UK homes and schools is alternating current (a.c.). It operates at approximately 2
             -> 312 KB, 26.6s, uploaded
      n33: For power and energy calculation questions, always write out the equation you are using and state the units at
             -> 416 KB, 35.5s, uploaded
      manifest updated (37 entries)
  L05 (Ollie)  Magnetism, Motors and Generators
      n20: A simple electric motor uses the motor effect to produce continuous rotation. A rectangular coil of wire is pl
             -> 326 KB, 27.8s, uploaded
      n24: In a generator , a magnet or electromagnet is rotated inside a coil of wire. As the magnet rotates, the magnet
             -> 256 KB, 21.8s, uploaded
      n28: (Higher tier) For questions on the motor effect, always apply Fleming's left-hand rule carefully — set up all 
             -> 389 KB, 33.2s, uploaded
      n31: (Higher tier) The motor effect: a current-carrying conductor in a magnetic field experiences a force. Use Flem
             -> 145 KB, 12.4s, uploaded
      n32: (Higher tier) Generators convert kinetic energy to electrical energy by rotating a magnet in a coil (electroma
             -> 188 KB, 16.1s, uploaded
      manifest updated (32 entries)

Regenerated 8 clips.

=== VERIFY (ranged GET + freshness) ===
  206  L03 n22  bytes 0-3/538848  Last-Modified: Sat, 05 Sep 2026 15:08:57 GMT  mp3-sync=OK
  206  L04 n2  bytes 0-3/319104  Last-Modified: Sat, 05 Sep 2026 15:09:03 GMT  mp3-sync=OK
  206  L04 n33  bytes 0-3/426240  Last-Modified: Sat, 05 Sep 2026 15:09:12 GMT  mp3-sync=OK
  206  L05 n20  bytes 0-3/333792  Last-Modified: Sat, 05 Sep 2026 15:09:19 GMT  mp3-sync=OK
  206  L05 n24  bytes 0-3/261792  Last-Modified: Sat, 05 Sep 2026 15:09:24 GMT  mp3-sync=OK
  206  L05 n28  bytes 0-3/398304  Last-Modified: Sat, 05 Sep 2026 15:09:30 GMT  mp3-sync=OK
  206  L05 n31  bytes 0-3/148608  Last-Modified: Sat, 05 Sep 2026 15:09:33 GMT  mp3-sync=OK
  206  L05 n32  bytes 0-3/192960  Last-Modified: Sat, 05 Sep 2026 15:09:37 GMT  mp3-sync=OK

8/8 clips verified HTTP 200/206 with fresh audio.
