=== APPLY EDITS english-literature-eduqas/unseen-poetry  134 edits  LIVE  2026-09-03T19:47:50.714Z
  ok   #0 L1.description [MEDIUM] F3: house rule - never name the board in student-facing text.
  ok   #1 L1.content_html [HIGH] F1: unseen poetry is the third section of the second paper, not the second section of the first. Board name re
  ok   #2 L1.content_html [HIGH] F1: the section is 40 marks, split 15 for the first question and 25 for the comparison.
  ok   #3 L1.content_html [HIGH] F2: wrong paper, wrong total, invented split, and timing less than half the real allowance.
  ok   #4 L1.content_html [HIGH] F4: the comparison carries 25 of the 40 marks.
  ok   #5 L1.content_html [MEDIUM] F5: board name plus numbered mark-scheme bands; house ladder used instead.
  ok   #6 L1.content_html [LOW] F5: house ladder.
  ok   #7 L1.content_html [LOW] F5: house ladder.
  ok   #8 L1.knowledge_checks[0].options [HIGH] F6: the key marked '20 marks' correct; the section is 40 marks. Index 2 stays correct.
  ok   #9 L1.flashcard_questions[0].q [MEDIUM] F3: house rule - never name the board.
  ok   #10 L1.flashcard_questions[0].a [HIGH] F7: corrected marks.
  ok   #11 L1.flashcard_questions[8].a [HIGH] F7: the paper advises about 20 minutes on the first question.
  ok   #12 L1.flashcard_questions[9].a [HIGH] F7: the paper advises about 40 minutes on the comparison.
  ok   #54 L1.practice_questions[0].type [HIGH] F15: the section is 40 marks - 15 for the first question, 25 for the comparison. The old label also drives the
  ok   #55 L1.practice_questions[0].marks [MEDIUM] F15: mark ranges rebuilt on the real 15/25 split; banned numbered-band line replaced with the house ladder.
  ok   #56 L1.practice_questions[1].type [HIGH] F15: the section is 40 marks - 15 for the first question, 25 for the comparison. The old label also drives the
  ok   #57 L1.practice_questions[1].marks [MEDIUM] F15: mark ranges rebuilt on the real 15/25 split; banned numbered-band line replaced with the house ladder.
  ok   #58 L1.practice_questions[2].type [HIGH] F15: the section is 40 marks - 15 for the first question, 25 for the comparison. The old label also drives the
  ok   #59 L1.practice_questions[2].marks [MEDIUM] F15: mark ranges rebuilt on the real 15/25 split; banned numbered-band line replaced with the house ladder.
  ok   #60 L1.practice_questions[3].type [HIGH] F15: the section is 40 marks - 15 for the first question, 25 for the comparison. The old label also drives the
  ok   #61 L1.practice_questions[3].marks [MEDIUM] F15: mark ranges rebuilt on the real 15/25 split; banned numbered-band line replaced with the house ladder.
  ok   #62 L1.practice_questions[4].type [HIGH] F15: the section is 40 marks - 15 for the first question, 25 for the comparison. The old label also drives the
  ok   #63 L1.practice_questions[4].marks [MEDIUM] F15: mark ranges rebuilt on the real 15/25 split; banned numbered-band line replaced with the house ladder.
  ok   #64 L1.practice_questions[5].type [HIGH] F15: the section is 40 marks - 15 for the first question, 25 for the comparison. The old label also drives the
  ok   #65 L1.practice_questions[5].marks [MEDIUM] F15: mark ranges rebuilt on the real 15/25 split; banned numbered-band line replaced with the house ladder.
  PATCH L1: description, content_html, knowledge_checks, flashcard_questions, practice_questions
  ok   #13 L2.content_html [LOW] F8: numbered band name replaced with the house ladder.
  ok   #14 L2.flashcard_questions[10].a [LOW] F9: the card asked for the literal meaning and gave a figurative reading, in a lesson that teaches the differe
  ok   #66 L2.practice_questions[0].type [HIGH] F15: the section is 40 marks - 15 for the first question, 25 for the comparison. The old label also drives the
  ok   #67 L2.practice_questions[0].marks [MEDIUM] F15: mark ranges rebuilt on the real 15/25 split; banned numbered-band line replaced with the house ladder.
  ok   #68 L2.practice_questions[1].type [HIGH] F15: the section is 40 marks - 15 for the first question, 25 for the comparison. The old label also drives the
  ok   #69 L2.practice_questions[1].marks [MEDIUM] F15: mark ranges rebuilt on the real 15/25 split; banned numbered-band line replaced with the house ladder.
  ok   #70 L2.practice_questions[2].type [HIGH] F15: the section is 40 marks - 15 for the first question, 25 for the comparison. The old label also drives the
  ok   #71 L2.practice_questions[2].marks [MEDIUM] F15: mark ranges rebuilt on the real 15/25 split; banned numbered-band line replaced with the house ladder.
  ok   #72 L2.practice_questions[3].type [HIGH] F15: the section is 40 marks - 15 for the first question, 25 for the comparison. The old label also drives the
  ok   #73 L2.practice_questions[3].marks [MEDIUM] F15: mark ranges rebuilt on the real 15/25 split; banned numbered-band line replaced with the house ladder.
  ok   #74 L2.practice_questions[4].type [HIGH] F15: the section is 40 marks - 15 for the first question, 25 for the comparison. The old label also drives the
  ok   #75 L2.practice_questions[4].marks [MEDIUM] F15: mark ranges rebuilt on the real 15/25 split; banned numbered-band line replaced with the house ladder.
  ok   #76 L2.practice_questions[5].type [HIGH] F15: the section is 40 marks - 15 for the first question, 25 for the comparison. The old label also drives the
  ok   #77 L2.practice_questions[5].marks [MEDIUM] F15: mark ranges rebuilt on the real 15/25 split; banned numbered-band line replaced with the house ladder.
  PATCH L2: content_html, flashcard_questions, practice_questions
  ok   #78 L3.practice_questions[0].type [HIGH] F15: the section is 40 marks - 15 for the first question, 25 for the comparison. The old label also drives the
  ok   #79 L3.practice_questions[0].marks [MEDIUM] F15: mark ranges rebuilt on the real 15/25 split; banned numbered-band line replaced with the house ladder.
  ok   #80 L3.practice_questions[1].type [HIGH] F15: the section is 40 marks - 15 for the first question, 25 for the comparison. The old label also drives the
  ok   #81 L3.practice_questions[1].marks [MEDIUM] F15: mark ranges rebuilt on the real 15/25 split; banned numbered-band line replaced with the house ladder.
  ok   #82 L3.practice_questions[2].type [HIGH] F15: the section is 40 marks - 15 for the first question, 25 for the comparison. The old label also drives the
  ok   #83 L3.practice_questions[2].marks [MEDIUM] F15: mark ranges rebuilt on the real 15/25 split; banned numbered-band line replaced with the house ladder.
  ok   #84 L3.practice_questions[3].type [HIGH] F15: the section is 40 marks - 15 for the first question, 25 for the comparison. The old label also drives the
  ok   #85 L3.practice_questions[3].marks [MEDIUM] F15: mark ranges rebuilt on the real 15/25 split; banned numbered-band line replaced with the house ladder.
  ok   #86 L3.practice_questions[4].type [HIGH] F15: the section is 40 marks - 15 for the first question, 25 for the comparison. The old label also drives the
  ok   #87 L3.practice_questions[4].marks [MEDIUM] F15: mark ranges rebuilt on the real 15/25 split; banned numbered-band line replaced with the house ladder.
  ok   #88 L3.practice_questions[5].type [HIGH] F15: the section is 40 marks - 15 for the first question, 25 for the comparison. The old label also drives the
  ok   #89 L3.practice_questions[5].marks [MEDIUM] F15: mark ranges rebuilt on the real 15/25 split; banned numbered-band line replaced with the house ladder.
  PATCH L3: practice_questions
  ok   #15 L4.content_html [MEDIUM] F10: the definition described tone, not perspective, and contradicted the lesson's own use of the word.
  ok   #16 L4.glossary_terms[1].definition [MEDIUM] F10: matching glossary correction.
  ok   #90 L4.practice_questions[0].type [HIGH] F15: the section is 40 marks - 15 for the first question, 25 for the comparison. The old label also drives the
  ok   #91 L4.practice_questions[0].marks [MEDIUM] F15: mark ranges rebuilt on the real 15/25 split; banned numbered-band line replaced with the house ladder.
  ok   #92 L4.practice_questions[1].type [HIGH] F15: the section is 40 marks - 15 for the first question, 25 for the comparison. The old label also drives the
  ok   #93 L4.practice_questions[1].marks [MEDIUM] F15: mark ranges rebuilt on the real 15/25 split; banned numbered-band line replaced with the house ladder.
  ok   #94 L4.practice_questions[2].type [HIGH] F15: the section is 40 marks - 15 for the first question, 25 for the comparison. The old label also drives the
  ok   #95 L4.practice_questions[2].marks [MEDIUM] F15: mark ranges rebuilt on the real 15/25 split; banned numbered-band line replaced with the house ladder.
  ok   #96 L4.practice_questions[3].type [HIGH] F15: the section is 40 marks - 15 for the first question, 25 for the comparison. The old label also drives the
  ok   #97 L4.practice_questions[3].marks [MEDIUM] F15: mark ranges rebuilt on the real 15/25 split; banned numbered-band line replaced with the house ladder.
  ok   #98 L4.practice_questions[4].type [HIGH] F15: the section is 40 marks - 15 for the first question, 25 for the comparison. The old label also drives the
  ok   #99 L4.practice_questions[4].marks [MEDIUM] F15: mark ranges rebuilt on the real 15/25 split; banned numbered-band line replaced with the house ladder.
  ok   #100 L4.practice_questions[5].type [HIGH] F15: the section is 40 marks - 15 for the first question, 25 for the comparison. The old label also drives the
  ok   #101 L4.practice_questions[5].marks [MEDIUM] F15: mark ranges rebuilt on the real 15/25 split; banned numbered-band line replaced with the house ladder.
  PATCH L4: content_html, glossary_terms, practice_questions
  ok   #17 L5.content_html [HIGH] F11: the comparison question is 25 marks and the paper advises about 40 minutes on it.
  ok   #18 L5.content_html [MEDIUM] F11: two paragraphs is far too little for a 25-mark answer.
  ok   #19 L5.content_html [MEDIUM] F11: scaled to the real mark weight.
  ok   #20 L5.conclusion_html [HIGH] F11: the 10-minute figure was wrong by a factor of four.
  ok   #21 L5.exam_tip_html [HIGH] F11: corrected marks, time and scale of answer.
  ok   #22 L5.knowledge_checks[0].options [HIGH] F11: the key marked '8 marks' correct; the comparison question is 25 marks.
  ok   #23 L5.knowledge_checks[0].correct [HIGH] F11: correct answer is now index 2 (25 marks).
  ok   #24 L5.flashcard_questions[6].q [HIGH] F11: the mark count is fixed, not approximate.
  ok   #25 L5.flashcard_questions[6].a [HIGH] F11: corrected marks and time.
  ok   #26 L5.flashcard_questions[9].q [MEDIUM] F11: the framework now has more than four elements.
  ok   #27 L5.flashcard_questions[9].a [MEDIUM] F11: scaled to a 25-mark answer.
  ok   #102 L5.practice_questions[0].type [HIGH] F15: the section is 40 marks - 15 for the first question, 25 for the comparison. The old label also drives the
  ok   #103 L5.practice_questions[0].marks [MEDIUM] F15: mark ranges rebuilt on the real 15/25 split; banned numbered-band line replaced with the house ladder.
  ok   #104 L5.practice_questions[1].type [HIGH] F15: the section is 40 marks - 15 for the first question, 25 for the comparison. The old label also drives the
  ok   #105 L5.practice_questions[1].marks [MEDIUM] F15: mark ranges rebuilt on the real 15/25 split; banned numbered-band line replaced with the house ladder.
  ok   #106 L5.practice_questions[2].type [HIGH] F15: the section is 40 marks - 15 for the first question, 25 for the comparison. The old label also drives the
  ok   #107 L5.practice_questions[2].marks [MEDIUM] F15: mark ranges rebuilt on the real 15/25 split; banned numbered-band line replaced with the house ladder.
  ok   #108 L5.practice_questions[3].type [HIGH] F15: the section is 40 marks - 15 for the first question, 25 for the comparison. The old label also drives the
  ok   #109 L5.practice_questions[3].marks [MEDIUM] F15: mark ranges rebuilt on the real 15/25 split; banned numbered-band line replaced with the house ladder.
  ok   #110 L5.practice_questions[4].type [HIGH] F15: the section is 40 marks - 15 for the first question, 25 for the comparison. The old label also drives the
  ok   #111 L5.practice_questions[4].marks [MEDIUM] F15: mark ranges rebuilt on the real 15/25 split; banned numbered-band line replaced with the house ladder.
  ok   #112 L5.practice_questions[5].type [HIGH] F15: the section is 40 marks - 15 for the first question, 25 for the comparison. The old label also drives the
  ok   #113 L5.practice_questions[5].marks [MEDIUM] F15: mark ranges rebuilt on the real 15/25 split; banned numbered-band line replaced with the house ladder.
  PATCH L5: content_html, conclusion_html, exam_tip_html, knowledge_checks, flashcard_questions, practice_questions
  ok   #28 L6.description [HIGH] F12: the section is about 60 minutes, not 25.
  ok   #29 L6.content_html [HIGH] F12: corrected heading.
  ok   #30 L6.content_html [HIGH] F12: the paper advises about 20 minutes on the first question and about 40 on the comparison.
  ok   #31 L6.content_html [HIGH] F12: plan rebuilt on 20 minutes for the first question and 40 for the comparison.
  ok   #32 L6.content_html [HIGH] F12: corrected time plan.
  ok   #33 L6.content_html [MEDIUM] F13: numbered band plus quoted mark-scheme wording.
  ok   #34 L6.content_html [MEDIUM] F12: scaled to the 25-mark comparison.
  ok   #35 L6.conclusion_html [HIGH] F12: corrected time plan.
  ok   #36 L6.practice_questions[0].text [HIGH] F12: corrected time.
  ok   #37 L6.practice_questions[1].text [HIGH] F12: corrected time.
  ok   #38 L6.practice_questions[2].text [MEDIUM] F12: corrected time.
  ok   #39 L6.knowledge_checks[0].q [HIGH] F12: corrected time.
  ok   #40 L6.knowledge_checks[0].options [HIGH] F12: options rebuilt on the 60-minute plan; index 1 stays correct.
  ok   #41 L6.knowledge_checks[4].left [HIGH] F12: corrected time blocks.
  ok   #42 L6.flashcard_questions[0].a [HIGH] F12: corrected time.
  ok   #43 L6.flashcard_questions[1].a [HIGH] F12: corrected time.
  ok   #44 L6.flashcard_questions[2].a [HIGH] F12: corrected time.
  ok   #45 L6.flashcard_questions[3].a [HIGH] F12: corrected time.
  ok   #114 L6.practice_questions[0].type [HIGH] F15: the section is 40 marks - 15 for the first question, 25 for the comparison. The old label also drives the
  ok   #115 L6.practice_questions[0].marks [MEDIUM] F15: mark ranges rebuilt on the real 15/25 split; banned numbered-band line replaced with the house ladder.
  ok   #116 L6.practice_questions[1].type [HIGH] F15: the section is 40 marks - 15 for the first question, 25 for the comparison. The old label also drives the
  ok   #117 L6.practice_questions[1].marks [MEDIUM] F15: mark ranges rebuilt on the real 15/25 split; banned numbered-band line replaced with the house ladder.
  ok   #118 L6.practice_questions[2].type [HIGH] F15: the section is 40 marks - 15 for the first question, 25 for the comparison. The old label also drives the
  ok   #119 L6.practice_questions[3].type [HIGH] F15: the section is 40 marks - 15 for the first question, 25 for the comparison. The old label also drives the
  ok   #120 L6.practice_questions[3].marks [MEDIUM] F15: mark ranges rebuilt on the real 15/25 split; banned numbered-band line replaced with the house ladder.
  ok   #121 L6.practice_questions[4].type [HIGH] F15: the section is 40 marks - 15 for the first question, 25 for the comparison. The old label also drives the
  ok   #122 L6.practice_questions[4].marks [MEDIUM] F15: mark ranges rebuilt on the real 15/25 split; banned numbered-band line replaced with the house ladder.
  ok   #123 L6.practice_questions[5].type [HIGH] F15: the section is 40 marks - 15 for the first question, 25 for the comparison. The old label also drives the
  ok   #124 L6.practice_questions[5].marks [MEDIUM] F15: mark ranges rebuilt on the real 15/25 split; banned numbered-band line replaced with the house ladder.
  PATCH L6: description, content_html, conclusion_html, practice_questions, knowledge_checks, flashcard_questions
  ok   #46 L7.conclusion_html [MEDIUM] F13: house ladder.
  ok   #47 L7.conclusion_html [HIGH] F14: a full section is about 60 minutes.
  ok   #48 L7.exam_tip_html [HIGH] F14: a full section is about 60 minutes.
  ok   #49 L7.practice_questions[0].text [HIGH] F14: corrected time.
  ok   #50 L7.practice_questions[1].text [MEDIUM] F14: corrected time.
  ok   #51 L7.practice_questions[1].marks [MEDIUM] F14: corrected time.
  ok   #52 L7.practice_questions[3].text [HIGH] F14: corrected time.
  ok   #53 L7.flashcard_questions[4].a [HIGH] F14: corrected time.
  ok   #125 L7.practice_questions[0].type [HIGH] F15: the section is 40 marks - 15 for the first question, 25 for the comparison. The old label also drives the
  ok   #126 L7.practice_questions[0].marks [MEDIUM] F15: mark ranges rebuilt on the real 15/25 split; banned numbered-band line replaced with the house ladder.
  ok   #127 L7.practice_questions[1].type [HIGH] F15: the section is 40 marks - 15 for the first question, 25 for the comparison. The old label also drives the
  ok   #128 L7.practice_questions[2].type [HIGH] F15: the section is 40 marks - 15 for the first question, 25 for the comparison. The old label also drives the
  ok   #129 L7.practice_questions[2].marks [MEDIUM] F15: mark ranges rebuilt on the real 15/25 split; banned numbered-band line replaced with the house ladder.
  ok   #130 L7.practice_questions[3].type [HIGH] F15: the section is 40 marks - 15 for the first question, 25 for the comparison. The old label also drives the
  ok   #131 L7.practice_questions[3].marks [MEDIUM] F15: mark ranges rebuilt on the real 15/25 split; banned numbered-band line replaced with the house ladder.
  ok   #132 L7.practice_questions[4].type [HIGH] F15: the section is 40 marks - 15 for the first question, 25 for the comparison. The old label also drives the
  ok   #133 L7.practice_questions[5].type [HIGH] F15: the section is 40 marks - 15 for the first question, 25 for the comparison. The old label also drives the
  PATCH L7: conclusion_html, exam_tip_html, practice_questions, flashcard_questions
=== 134 applied, 0 skipped, 7 lessons / 28 fields changed
