
=== RE-NARRATION (changed narrated text only) ===
backup: C:\Users\tshau\Documents\Study Vault\scripts\_retrofc\units\english-literature-eduqas__unseen-poetry\_backup.json
unit:   english-literature-eduqas / unseen-poetry
run: 2026-09-03T19:47:54Z  mode: LIVE
  L03: no narrated field changed -> skip
  L04: fields edited but no narrated text changed -> skip

5 lessons, 21 clips to regenerate

  L01 (Ollie)  What is Unseen Poetry?
      n2: In the unseen poetry section of the exam, you will face two poems you have never seen before. There is no way 
             -> 283 KB, 24.1s, uploaded
      n3: The section is worth 40 marks in total. Part (i) asks you to write about one poem and is worth 15 marks. Part 
             -> 364 KB, 31.1s, uploaded
      n4: Key Fact . Unseen poetry: Part (i) = write about one poem (15 marks, AO1 + AO2). Part (ii) = write about a sec
             -> 332 KB, 28.3s, uploaded
      n9: Mistake 4: Writing too much on Part (i) and running out of time for Part (ii). The comparison question is wort
             -> 156 KB, 13.3s, uploaded
      n12: Marks are awarded in bands. A top-band answer gives detailed analysis of language and structure with a convinc
             -> 302 KB, 25.8s, uploaded
      n13: A top-band response might say: “The enjambment between lines 3 and 4 forces the reader to continue without pau
             -> 231 KB, 19.7s, uploaded
      manifest updated (19 entries)
  L02 (Ada)  Analysing Language & Imagery
      n15: Key Fact . Quality over quantity. Three well-analysed quotations will earn more marks than ten quotations that
             -> 249 KB, 21.3s, uploaded
      manifest updated (20 entries)
  L05 (Ollie)  Comparing Two Unseen Poems
      n2: Part (ii) gives you a second poem and asks you to compare it with the first. This is worth 25 marks and should
             -> 300 KB, 25.6s, uploaded
      n7: Opening sentence: State the shared theme and the key difference in how the poets treat it. Paragraphs 1–2: Com
             -> 319 KB, 27.2s, uploaded
      n8: Compare: Tone — is one poem angry and the other reflective? Imagery — do they use similar or contrasting image
             -> 306 KB, 26.1s, uploaded
      n17: Focus on three or four strong points of comparison rather than trying to cover everything.
             -> 60 KB, 5.1s, uploaded
      manifest updated (16 entries)
  L06 (Ada)  Exam Timing & Strategy
      n1: Timing: Your 60-Minute Plan
             -> 33 KB, 2.8s, uploaded
      n2: The unseen poetry section should take about 60 minutes in total. Poor timing is the most common reason student
             -> 206 KB, 17.6s, uploaded
      n3: Minutes 0–4: Read Poem 1 three times and annotate. Minutes 4–20: Write Part (i) — 3 developed paragraphs on Po
             -> 271 KB, 23.1s, uploaded
      n4: Key Fact . Time allocation: 4 minutes reading and annotating Poem 1, 16 minutes writing Part (i), 5 minutes re
             -> 272 KB, 23.2s, uploaded
      n10: The top band needs analysis that is detailed and goes beyond the obvious. This means: (1) choosing unexpected 
             -> 282 KB, 24.1s, uploaded
      n13: Key Fact . Default Part (i) structure: Paragraph 1 (thematic statement + key image analysis), Paragraph 2 (str
             -> 352 KB, 30.1s, uploaded
      n16: Stick to the 4/16/5/35 minute split: 4 minutes reading Poem 1, 16 minutes writing Part (i), 5 minutes reading 
             -> 159 KB, 13.6s, uploaded
      manifest updated (18 entries)
  L07 (Ollie)  Full Exam Practice
      n16: The single most effective revision strategy for unseen poetry is timed practice. Find unseen poems online (GCS
             -> 253 KB, 21.6s, uploaded
      n19: The top band needs depth (connotations, word-level analysis, personal response) not breadth (long lists of tec
             -> 150 KB, 12.8s, uploaded
      n20: Timed practice with honest self-assessment is the most effective revision strategy. Practise once a week with 
             -> 97 KB, 8.3s, uploaded
      manifest updated (20 entries)

Regenerated 21 clips.

=== VERIFY (ranged GET + freshness) ===
  206  L01 n2  bytes 0-3/289728  Last-Modified: Thu, 03 Sep 2026 19:48:00 GMT  mp3-sync=OK
  206  L01 n3  bytes 0-3/373248  Last-Modified: Thu, 03 Sep 2026 19:48:06 GMT  mp3-sync=OK
  206  L01 n4  bytes 0-3/339840  Last-Modified: Thu, 03 Sep 2026 19:48:11 GMT  mp3-sync=OK
  206  L01 n9  bytes 0-3/160128  Last-Modified: Thu, 03 Sep 2026 19:48:14 GMT  mp3-sync=OK
  206  L01 n12  bytes 0-3/309024  Last-Modified: Thu, 03 Sep 2026 19:48:20 GMT  mp3-sync=OK
  206  L01 n13  bytes 0-3/236448  Last-Modified: Thu, 03 Sep 2026 19:48:24 GMT  mp3-sync=OK
  206  L02 n15  bytes 0-3/255456  Last-Modified: Thu, 03 Sep 2026 19:48:29 GMT  mp3-sync=OK
  206  L05 n2  bytes 0-3/307296  Last-Modified: Thu, 03 Sep 2026 19:48:33 GMT  mp3-sync=OK
  206  L05 n7  bytes 0-3/326880  Last-Modified: Thu, 03 Sep 2026 19:48:38 GMT  mp3-sync=OK
  206  L05 n8  bytes 0-3/313632  Last-Modified: Thu, 03 Sep 2026 19:48:43 GMT  mp3-sync=OK
  206  L05 n17  bytes 0-3/61344  Last-Modified: Thu, 03 Sep 2026 19:48:45 GMT  mp3-sync=OK
  206  L06 n1  bytes 0-3/33984  Last-Modified: Thu, 03 Sep 2026 19:48:46 GMT  mp3-sync=OK
  206  L06 n2  bytes 0-3/210816  Last-Modified: Thu, 03 Sep 2026 19:48:49 GMT  mp3-sync=OK
  206  L06 n3  bytes 0-3/277056  Last-Modified: Thu, 03 Sep 2026 19:48:53 GMT  mp3-sync=OK
  206  L06 n4  bytes 0-3/278784  Last-Modified: Thu, 03 Sep 2026 19:48:58 GMT  mp3-sync=OK
  206  L06 n10  bytes 0-3/288864  Last-Modified: Thu, 03 Sep 2026 19:49:02 GMT  mp3-sync=OK
  206  L06 n13  bytes 0-3/360576  Last-Modified: Thu, 03 Sep 2026 19:49:07 GMT  mp3-sync=OK
  206  L06 n16  bytes 0-3/163008  Last-Modified: Thu, 03 Sep 2026 19:49:10 GMT  mp3-sync=OK
  206  L07 n16  bytes 0-3/258624  Last-Modified: Thu, 03 Sep 2026 19:49:14 GMT  mp3-sync=OK
  206  L07 n19  bytes 0-3/153216  Last-Modified: Thu, 03 Sep 2026 19:49:16 GMT  mp3-sync=OK
  206  L07 n20  bytes 0-3/99360  Last-Modified: Thu, 03 Sep 2026 19:49:20 GMT  mp3-sync=OK

21/21 clips verified HTTP 200/206 with fresh audio.
