=== APPLY EDITS religious-studies-edexcel/paper-2-christianity  30 edits  LIVE  2026-09-06T05:36:49.651Z
  ok   #0 L1.content_html [HIGH] F1: Luke 22:19-20 does not read 'this is my blood of the new covenant'. That is the wording of Matthew 26:28 /
  ok   #1 L1.flashcard_questions[4].a [HIGH] F2: same Luke 22:19-20 misquote in the flashcard answer.
  ok   #2 L1.practice_questions[1].text [MEDIUM] F3: 'Describe' is a 4-mark command word in this spec and does not appear on this paper. The 3-mark part uses '
  ok   #3 L1.practice_questions[1].type [MEDIUM] F3: tariff/command-word mismatch.
  ok   #4 L1.practice_questions[5].text [MEDIUM] F4: the 12-mark command word on this paper is 'Evaluate'. 'Discuss' belongs to another board.
  ok   #5 L1.practice_questions[5].type [MEDIUM] F4: wrong command word for the 12-mark part.
  ok   #6 L1.exam_tip_html [MEDIUM] F4: the 12-mark part uses the command word 'Evaluate'.
  PATCH L1: content_html, flashcard_questions, practice_questions, exam_tip_html
  ok   #7 L2.content_html [MEDIUM] F5: the starred comparison for beliefs about the afterlife must be with Buddhism, Hinduism, Islam, Judaism or 
  ok   #8 L2.practice_questions[1].text [MEDIUM] F6: 'Describe' is a 4-mark command word in this spec. The 3-mark part uses 'Outline three'.
  ok   #9 L2.practice_questions[1].type [MEDIUM] F6: tariff/command-word mismatch.
  ok   #10 L2.practice_questions[4].text [MEDIUM] F7: the 12-mark command word on this paper is 'Evaluate'.
  ok   #11 L2.practice_questions[4].type [MEDIUM] F7: wrong command word for the 12-mark part.
  ok   #12 L2.exam_tip_html [MEDIUM] F7: the 12-mark part uses the command word 'Evaluate'.
  PATCH L2: content_html, practice_questions, exam_tip_html
  ok   #13 L3.practice_questions[1].text [MEDIUM] F8: 'Describe' is a 4-mark command word in this spec. The 3-mark part uses 'Outline three'.
  ok   #14 L3.practice_questions[1].type [MEDIUM] F8: tariff/command-word mismatch.
  ok   #15 L3.practice_questions[4].text [MEDIUM] F9: the 12-mark command word on this paper is 'Evaluate'.
  ok   #16 L3.practice_questions[4].type [MEDIUM] F9: wrong command word for the 12-mark part.
  ok   #17 L3.exam_tip_html [MEDIUM] F9: the 12-mark part uses the command word 'Evaluate'.
  PATCH L3: practice_questions, exam_tip_html
  ok   #18 L4.content_html [MEDIUM] F10: Christian Aid works in about 24 countries, not over 40.
  ok   #19 L4.content_html [MEDIUM] F10: same overstated country count in the key fact.
  ok   #20 L4.glossary_terms[6].definition [MEDIUM] F10: same overstated country count in the glossary.
  ok   #21 L4.flashcard_questions[7].a [MEDIUM] F10: same overstated country count in the flashcard answer.
  ok   #22 L4.content_html [LOW] F11: the lesson gives two different visitor figures. Taize receives over 100,000 young people a year.
  ok   #23 L4.content_html [LOW] F11: 'hundreds of thousands' overstates the figure and contradicts the main text.
  ok   #24 L4.flashcard_questions[2].a [LOW] F11: matches the corrected visitor figure.
  ok   #25 L4.practice_questions[1].text [MEDIUM] F12: 'Describe' is a 4-mark command word in this spec. The 3-mark part uses 'Outline three'.
  ok   #26 L4.practice_questions[1].type [MEDIUM] F12: tariff/command-word mismatch.
  ok   #27 L4.practice_questions[5].text [MEDIUM] F13: the 12-mark command word on this paper is 'Evaluate'.
  ok   #28 L4.practice_questions[5].type [MEDIUM] F13: wrong command word for the 12-mark part.
  ok   #29 L4.exam_tip_html [MEDIUM] F13: the 12-mark part uses the command word 'Evaluate'.
  PATCH L4: content_html, glossary_terms, flashcard_questions, practice_questions, exam_tip_html
=== 30 applied, 0 skipped, 4 lessons / 14 fields changed
