
=== RE-NARRATION (changed narrated text only) ===
backup: C:\Users\tshau\Documents\Study Vault\scripts\_retrofc\units\religious-studies-edexcel__paper-2-christianity\_backup.json
unit:   religious-studies-edexcel / paper-2-christianity
run: 2026-09-06T05:36:54Z  mode: LIVE

4 lessons, 9 clips to regenerate

  L01 (Ollie)  Christian Beliefs: God, Creation and Jesus
      n14: Luke 22–24 contains the account of Jesus’ last days. The sequence is: the Last Supper (Jesus shares bread and 
             -> 305 KB, 26.0s, uploaded
      n21: This lesson covers a lot of ground — the Trinity, creation, Incarnation and salvation. In a 12-mark Evaluate q
             -> 607 KB, 51.8s, uploaded
      manifest updated (25 entries)
  L02 (Ada)  Eschatology and the Problem of Evil
      n7: The comparison in the exam must be with another religion practised in Britain, most often Islam. Key compariso
             -> 837 KB, 71.4s, uploaded
      n15: The Augustinian/Irenaean/Hick distinction is one of the most commonly examined misconceptions in this topic. I
             -> 714 KB, 60.9s, uploaded
      manifest updated (15 entries)
  L03 (Ollie)  Christian Worship, Sacraments and Prayer
      n15: Worship (2.1*) is a starred comparison point — in a 12-mark Evaluate question you may be asked to compare Chri
             -> 621 KB, 53.0s, uploaded
      manifest updated (15 entries)
  L04 (Ada)  Pilgrimage, Festivals, Mission and the Worldwide Church
      n5: Taizé (France): An ecumenical community founded in 1940 by Brother Roger Schutz. Each year over 100,000 young 
             -> 264 KB, 22.5s, uploaded
      n19: Key Fact . Christian Aid works in more than 20 countries, tackling poverty through long-term development. Its 
             -> 216 KB, 18.4s, uploaded
      n20: These two sites are Edexcel-specific pilgrimage sites not commonly found in other GCSE specifications. Iona is
             -> 420 KB, 35.9s, uploaded
      n21: Iona and Taizé are Edexcel-specific sites — know what makes each distinctive (Iona: Celtic spirituality, socia
             -> 713 KB, 60.8s, uploaded
      manifest updated (25 entries)

Regenerated 9 clips.

=== VERIFY (ranged GET + freshness) ===
  206  L01 n14  bytes 0-3/312480  Last-Modified: Sun, 06 Sep 2026 05:37:03 GMT  mp3-sync=OK
  206  L01 n21  bytes 0-3/621792  Last-Modified: Sun, 06 Sep 2026 05:37:12 GMT  mp3-sync=OK
  206  L02 n7  bytes 0-3/856800  Last-Modified: Sun, 06 Sep 2026 05:37:24 GMT  mp3-sync=OK
  206  L02 n15  bytes 0-3/730944  Last-Modified: Sun, 06 Sep 2026 05:37:35 GMT  mp3-sync=OK
  206  L03 n15  bytes 0-3/635904  Last-Modified: Sun, 06 Sep 2026 05:37:45 GMT  mp3-sync=OK
  206  L04 n5  bytes 0-3/270144  Last-Modified: Sun, 06 Sep 2026 05:37:51 GMT  mp3-sync=OK
  206  L04 n19  bytes 0-3/221184  Last-Modified: Sun, 06 Sep 2026 05:37:57 GMT  mp3-sync=OK
  206  L04 n20  bytes 0-3/430560  Last-Modified: Sun, 06 Sep 2026 05:38:05 GMT  mp3-sync=OK
  206  L04 n21  bytes 0-3/730080  Last-Modified: Sun, 06 Sep 2026 05:38:21 GMT  mp3-sync=OK

9/9 clips verified HTTP 200/206 with fresh audio.
