=== APPLY EDITS religious-studies-aqa/buddhism-practices  22 edits  LIVE  2026-09-06T05:09:32.082Z
  ok   #0 L1.practice_questions[2].marks [MEDIUM] F4: a 4-mark question cannot award 3 marks per item; the key is a 1-2 scale.
  ok   #1 L1.practice_questions[3].marks [MEDIUM] F4: a 4-mark question cannot award 3 marks per practice; the key is a 1-2 scale.
  ok   #2 L1.practice_questions[4].marks [HIGH] F6: the Three Poisons are ignorance, greed and hate; pride is not one of them.
  PATCH L1: practice_questions
  ok   #3 L2.content_html [MEDIUM] F9: 'silent illumination' is the Caodong/Soto approach, not a name for Zen as a whole; Rinzai works through ko
  ok   #4 L2.practice_questions[2].marks [MEDIUM] F1: mark scheme re-sized to the 4-mark part.
  ok   #5 L2.practice_questions[2].text [MEDIUM] F1: this paper sets 1, 1, 4, 6 and 12-mark parts only; re-cast as the 4-mark Explain.
  ok   #6 L2.practice_questions[2].type [MEDIUM] F1: no 2-mark part exists on this paper.
  ok   #7 L2.practice_questions[4].marks [HIGH] F7: Dhammapada 190-191 is about the Three Refuges and the Four Noble Truths, not sila/samadhi/panna. F7: the v
  PATCH L2: content_html, practice_questions
  ok   #8 L3.conclusion_html [MEDIUM] F10: the Buddha's last words are 'strive on with diligence', not 'strive for liberation'; matches the body tex
  ok   #9 L3.content_html [MEDIUM] F11: the heading contradicts the lesson, the exam tip and the answer key - Wesak marks all three events, not o
  ok   #10 L3.flashcard_questions[8].a [MEDIUM] F10: quote aligned to the standard rendering used in the lesson body.
  ok   #11 L3.practice_questions[2].marks [MEDIUM] F2: mark scheme re-sized to the 4-mark part.
  ok   #12 L3.practice_questions[2].text [MEDIUM] F2: this paper sets 1, 1, 4, 6 and 12-mark parts only; re-cast as the 4-mark Explain.
  ok   #13 L3.practice_questions[2].type [MEDIUM] F2: no 2-mark part exists on this paper.
  ok   #14 L3.practice_questions[3].marks [MEDIUM] F5: a 4-mark question cannot award 3 marks per practice; the key is a 1-2 scale.
  PATCH L3: conclusion_html, content_html, flashcard_questions, practice_questions
  ok   #15 L4.content_html [MEDIUM] F12: the paragraph put vegetarianism with Theravada and meat-eating with Mahayana; the Theravada rule is the t
  ok   #16 L4.exam_tip_html [HIGH] F8: the verses do not deal with the ethical dimension; state what they actually say.
  ok   #17 L4.practice_questions[2].marks [MEDIUM] F3: mark scheme re-sized to the 4-mark part.
  ok   #18 L4.practice_questions[2].text [MEDIUM] F3: this paper sets 1, 1, 4, 6 and 12-mark parts only; re-cast as the 4-mark Explain.
  ok   #19 L4.practice_questions[2].type [MEDIUM] F3: no 2-mark part exists on this paper.
  ok   #20 L4.practice_questions[4].marks [HIGH] F8: Dhammapada 190-191 is about the Three Refuges and the Four Noble Truths, not sila. F8: the verses name the
  ok   #21 L4.practice_questions[5].marks [HIGH] F8: Dhammapada 190-191 is not a source on sila. F8: corrected attribution of the prescribed verses.
  PATCH L4: content_html, exam_tip_html, practice_questions
=== 22 applied, 0 skipped, 4 lessons / 10 fields changed
