
=== RE-NARRATION (changed narrated text only) ===
backup: C:\Users\tshau\Documents\Study Vault\scripts\_retrofc\units\religious-studies-aqa__buddhism-practices\_backup.json
unit:   religious-studies-aqa / buddhism-practices
run: 2026-09-06T05:09:38Z  mode: LIVE
  L01: no narrated field changed -> skip

3 lessons, 5 clips to regenerate

  L02 (Ada)  Meditation: Samatha, Vipassana and Visualisation
      n10: Zazen (literally “seated meditation”) is the central practice of Zen Buddhism, a Mahayana tradition that devel
             -> 624 KB, 53.2s, uploaded
      manifest updated (15 entries)
  L03 (Ollie)  Death, Funeral Rites and Festivals
      n9: Wesak: Birth, Enlightenment and Parinibbana
             -> 48 KB, 4.1s, uploaded
      n20: Parinirvana Day (15 February in most Mahayana traditions) marks the Buddha’s death and prompts reflection on i
             -> 172 KB, 14.7s, uploaded
      manifest updated (21 entries)
  L04 (Ada)  Ethics in Daily Life: Precepts and Perfections
      n5: The first Precept — not to take life — applies at minimum to not killing humans, but most Theravada Buddhists 
             -> 427 KB, 36.5s, uploaded
      n16: On questions about Buddhist ethics in daily life, the most rewarded answers name both the practice AND its kam
             -> 735 KB, 62.7s, uploaded
      manifest updated (17 entries)

Regenerated 5 clips.

=== VERIFY (ranged GET + freshness) ===
  206  L02 n10  bytes 0-3/638496  Last-Modified: Sun, 06 Sep 2026 05:10:00 GMT  mp3-sync=OK
  206  L03 n9  bytes 0-3/48672  Last-Modified: Sun, 06 Sep 2026 05:10:04 GMT  mp3-sync=OK
  206  L03 n20  bytes 0-3/175968  Last-Modified: Sun, 06 Sep 2026 05:10:08 GMT  mp3-sync=OK
  206  L04 n5  bytes 0-3/437472  Last-Modified: Sun, 06 Sep 2026 05:10:15 GMT  mp3-sync=OK
  206  L04 n16  bytes 0-3/752256  Last-Modified: Sun, 06 Sep 2026 05:10:27 GMT  mp3-sync=OK

5/5 clips verified HTTP 200/206 with fresh audio.
