=== APPLY EDITS gcse-music/popular-music  48 edits  LIVE  2026-09-18T08:06:58.661Z
  ok   #0 L1.content_html [MEDIUM] F1: the board is never named to students.
  ok   #1 L1.exam_tip_html [MEDIUM] F1: the board is never named to students.
  ok   #2 L1.content_html [MEDIUM] F2: wrong song title; Wikipedia calls the form a modified 32-bar form.
  ok   #3 L1.practice_questions[2].marks [MEDIUM] F3: the scheme says 3 marks but lists four 1-mark points under a 4-mark label.
  ok   #4 L1.practice_questions[1].type [MEDIUM] F4: labelled 1 mark; the scheme awards up to 2.
  ok   #5 L1.practice_questions[5].type [MEDIUM] F5: labelled 10 marks; the band ladder stops at 8.
  PATCH L1: content_html, exam_tip_html, practice_questions
  ok   #6 L2.content_html [MEDIUM] F1: the board is never named to students.
  ok   #7 L2.content_html [MEDIUM] F6: the entry defines two terms at once, so conjunct reads as either.
  ok   #8 L2.glossary_terms[8].definition [MEDIUM] F6: same definition in the glossary.
  ok   #9 L2.practice_questions[1].type [MEDIUM] F4: labelled 1 mark; the scheme awards 2.
  ok   #10 L2.practice_questions[2].type [MEDIUM] F4: labelled 4 marks; the scheme says max 3.
  ok   #11 L2.practice_questions[4].type [MEDIUM] F5: labelled 10 marks; the band ladder stops at 6.
  ok   #12 L2.practice_questions[5].type [MEDIUM] F7: labelled a 12-mark prepared-extract question; it is an 8-mark extended response with no score.
  PATCH L2: content_html, glossary_terms, practice_questions
  ok   #13 L3.content_html [MEDIUM] F1: the board is never named to students.
  ok   #14 L3.flashcard_questions[3].q [LOW] F8: cloze card with a one-word answer needs a real question.
  ok   #15 L3.flashcard_questions[4].q [LOW] F8: cloze card with a one-word answer needs a real question.
  ok   #16 L3.practice_questions[1].type [MEDIUM] F4: labelled 1 mark; the scheme awards up to 2.
  ok   #17 L3.practice_questions[2].type [MEDIUM] F4: labelled 4 marks; the scheme says max 3.
  ok   #18 L3.practice_questions[4].type [MEDIUM] F5: labelled 10 marks; the scheme says max 6.
  ok   #19 L3.practice_questions[5].type [MEDIUM] F7: labelled a 12-mark prepared-extract question; it is an 8-mark extended response with no score.
  PATCH L3: content_html, flashcard_questions, practice_questions
  ok   #20 L4.content_html [HIGH] F9: the spec names the dhol and rules the tabla out of bhangra.
  ok   #21 L4.content_html [HIGH] F9: the tabla is listed as a bhangra instrument; the spec says it is not one.
  ok   #22 L4.content_html [MEDIUM] F1: the board is never named to students.
  ok   #23 L4.content_html [MEDIUM] F10: the riff in “Africa” is a kalimba sound programmed on a Yamaha GS-1, not an acoustic marimba.
  ok   #24 L4.content_html [MEDIUM] F11: the same mnemonic is expanded differently in lesson 5 and in the film music unit.
  ok   #25 L4.content_html [HIGH] F12: reproduces a past-paper question and its accepted answers; house rule bars board material.
  ok   #26 L4.practice_questions[0].marks [HIGH] F9: the key credits the tabla as a bhangra instrument.
  ok   #27 L4.practice_questions[2].marks [HIGH] F9: the key credits the tabla as a bhangra instrument.
  ok   #28 L4.practice_questions[5].marks [HIGH] F9: the key credits the tabla as a bhangra instrument.
  ok   #29 L4.practice_questions[5].text [HIGH] F13: the appraising paper carries no separate written-communication marks.
  ok   #30 L4.practice_questions[1].type [MEDIUM] F4: labelled 1 mark; the scheme awards up to 2.
  ok   #31 L4.practice_questions[2].type [MEDIUM] F4: labelled 4 marks; the scheme says up to 3.
  ok   #32 L4.practice_questions[4].type [MEDIUM] F5: labelled 10 marks; the band ladder stops at 6.
  ok   #33 L4.practice_questions[5].type [MEDIUM] F5: labelled 10 marks; the band ladder stops at 8.
  PATCH L4: content_html, practice_questions
  ok   #34 L5.content_html [MEDIUM] F1: the board and the component code are never named to students.
  ok   #35 L5.content_html [MEDIUM] F1: the board is never named to students.
  ok   #36 L5.glossary_terms[0].definition [MEDIUM] F1: same definition in the glossary.
  ok   #37 L5.flashcard_questions[0].q [MEDIUM] F1: same definition on the flashcard.
  ok   #38 L5.content_html [MEDIUM] F1: the board and the component code are never named to students.
  ok   #39 L5.exam_tip_html [MEDIUM] F1: the board is never named to students.
  ok   #40 L5.content_html [HIGH] F14: in A major the chord on the 7th degree is G sharp diminished, so G#m cannot be vii.
  ok   #41 L5.content_html [MEDIUM] F15: the sentence contradicts its own rule that I, IV and V are the primary chords.
  ok   #42 L5.content_html [HIGH] F9: the tabla is listed as a bhangra instrument; the spec says it is not one.
  ok   #43 L5.content_html [MEDIUM] F16: the spec sets no number of playings; the paper states it.
  ok   #44 L5.content_html [MEDIUM] F17: phasing offsets the copies in time; lesson 3 and its mark scheme say so.
  ok   #45 L5.glossary_terms[12].definition [MEDIUM] F17: same definition in the glossary.
  ok   #46 L5.practice_questions[3].marks [HIGH] F9: the key credits the tabla as a bhangra instrument.
  ok   #47 L5.practice_questions[1].text [MEDIUM] F18: the question asks for two features but the scheme awards four marks.
  PATCH L5: content_html, glossary_terms, flashcard_questions, exam_tip_html, practice_questions
=== 48 applied, 0 skipped, 5 lessons / 16 fields changed
