
=== RE-NARRATION (changed narrated text only) ===
backup: C:\Users\tshau\Documents\Study Vault\scripts\_retrofc\units\gcse-music@unity__popular-music\_backup.json
unit:   gcse-music / popular-music
run: 2026-09-18T08:07:01Z  mode: LIVE

5 lessons, 17 clips to regenerate

  L01 (Ollie)  Pop Music
      n3: For your GCSE, you need to be able to identify the key features of pop music when listening to an unfamiliar e
             -> 155 KB, 13.2s, uploaded
      n21: Example: “I Want to Hold Your Hand” by The Beatles uses a modified 32-bar song form.
             -> 69 KB, 5.9s, uploaded
      n34: In listening questions on pop music, always use correct musical vocabulary. Don’t just say “it has a guitar” —
             -> 460 KB, 39.2s, uploaded
      manifest updated (38 entries)
  L02 (Ada)  Rock Music
      n2: Rock music is built around a core band of electric instruments playing with energy, volume and attitude. For A
             -> 293 KB, 25.0s, uploaded
      manifest updated (39 entries)
  L03 (Ollie)  Music Technology in Popular Music
      n2: Music technology has completely transformed how popular music is created, recorded and produced. Early recordi
             -> 413 KB, 35.2s, uploaded
      manifest updated (41 entries)
  L04 (Ada)  Fusion and Bhangra
      n9: African + Western rock/pop: You might hear layered percussion ostinatos, pentatonic melodies, and a synthesise
             -> 175 KB, 14.9s, uploaded
      n24: Traditional instruments: The dhol (a large double-headed drum that provides the driving beat — the bhangra dru
             -> 187 KB, 16.0s, uploaded
      n32: Use the MADTSHRIT framework to analyse bhangra extracts in the exam: M elody, A rticulation, D ynamics, T extu
             -> 373 KB, 31.8s, uploaded
      n34: Bhangra is one of the clearest examples of fusion on this course. When analysing it, always identify both the 
             -> 305 KB, 26.1s, uploaded
      n36: Key Fact . A bhangra listening question can ask you to name the tempo, name the tonality and describe three fe
             -> 352 KB, 30.1s, uploaded
      manifest updated (41 entries)
  L05 (Ollie)  Exam Practice: Popular Music Listening
      n2: In your GCSE Music listening exam, you will face questions on AoS4: Popular Music . These questions test wheth
             -> 305 KB, 26.0s, uploaded
      n3: Key Fact . The listening exam uses a framework often remembered as MADTSHRIT : Melody, Articulation, Dynamics,
             -> 218 KB, 18.6s, uploaded
      n8: Bhangra uses traditional Punjabi instruments such as the dhol , tumbi and sarangi . The tabla belongs to India
             -> 304 KB, 25.9s, uploaded
      n12: In the exam you will hear each extract more than once — the paper tells you how many times it is played. Use y
             -> 218 KB, 18.6s, uploaded
      n24: Exam questions may ask you to identify chords or describe harmonic features. For example, Toto’s “Africa” uses
             -> 389 KB, 33.2s, uploaded
      n25: You should also be ready to identify whether chords are primary chords (I, IV, V) or secondary chords (ii, iii
             -> 271 KB, 23.1s, uploaded
      n41: In the listening exam, extended response questions are marked in bands. To reach the top band, you need to dis
             -> 388 KB, 33.1s, uploaded
      manifest updated (45 entries)

Regenerated 17 clips.

=== VERIFY (ranged GET + freshness) ===
  206  L01 n3  bytes 0-3/158688  Last-Modified: Fri, 18 Sep 2026 08:07:07 GMT  mp3-sync=OK
  206  L01 n21  bytes 0-3/71136  Last-Modified: Fri, 18 Sep 2026 08:07:08 GMT  mp3-sync=OK
  206  L01 n34  bytes 0-3/470592  Last-Modified: Fri, 18 Sep 2026 08:07:15 GMT  mp3-sync=OK
  206  L02 n2  bytes 0-3/300384  Last-Modified: Fri, 18 Sep 2026 08:07:19 GMT  mp3-sync=OK
  206  L03 n2  bytes 0-3/422496  Last-Modified: Fri, 18 Sep 2026 08:07:25 GMT  mp3-sync=OK
  206  L04 n9  bytes 0-3/179424  Last-Modified: Fri, 18 Sep 2026 08:07:28 GMT  mp3-sync=OK
  206  L04 n24  bytes 0-3/191808  Last-Modified: Fri, 18 Sep 2026 08:07:31 GMT  mp3-sync=OK
  206  L04 n32  bytes 0-3/381888  Last-Modified: Fri, 18 Sep 2026 08:07:36 GMT  mp3-sync=OK
  206  L04 n34  bytes 0-3/312768  Last-Modified: Fri, 18 Sep 2026 08:07:41 GMT  mp3-sync=OK
  206  L04 n36  bytes 0-3/360576  Last-Modified: Fri, 18 Sep 2026 08:07:46 GMT  mp3-sync=OK
  206  L05 n2  bytes 0-3/312192  Last-Modified: Fri, 18 Sep 2026 08:07:51 GMT  mp3-sync=OK
  206  L05 n3  bytes 0-3/223200  Last-Modified: Fri, 18 Sep 2026 08:07:55 GMT  mp3-sync=OK
  206  L05 n8  bytes 0-3/311328  Last-Modified: Fri, 18 Sep 2026 08:07:59 GMT  mp3-sync=OK
  206  L05 n12  bytes 0-3/223200  Last-Modified: Fri, 18 Sep 2026 08:08:03 GMT  mp3-sync=OK
  206  L05 n24  bytes 0-3/398304  Last-Modified: Fri, 18 Sep 2026 08:08:10 GMT  mp3-sync=OK
  206  L05 n25  bytes 0-3/277632  Last-Modified: Fri, 18 Sep 2026 08:08:14 GMT  mp3-sync=OK
  206  L05 n41  bytes 0-3/396864  Last-Modified: Fri, 18 Sep 2026 08:08:20 GMT  mp3-sync=OK

17/17 clips verified HTTP 200/206 with fresh audio.
