
=== RE-NARRATION (changed narrated text only) ===
backup: C:\Users\tshau\Documents\Study Vault\scripts\_retrofc\units\english-literature-eduqas__pride-and-prejudice\_backup.json
unit:   english-literature-eduqas / pride-and-prejudice
run: 2026-09-02T23:36:31Z  mode: LIVE
  L03: no narrated field changed -> skip

7 lessons, 18 clips to regenerate

  L01 (Ollie)  Context: Regency Society
      n2: Jane Austen published Pride and Prejudice in 1813, during the Regency period . The novel is set among the land
             -> 270 KB, 23.0s, uploaded
      n16: In the exam question on this novel, you will be given a printed extract and asked to write about both the extr
             -> 426 KB, 36.3s, uploaded
      n17: In the exam, context (AO3) must be woven into analysis, not bolted on. Instead of writing “In the Regency peri
             -> 305 KB, 26.1s, uploaded
      manifest updated (21 entries)
  L02 (Ada)  The Assembly & First Impressions
      n10: Elizabeth stands apart from the other female characters because she responds to Darcy’s insult not with tears 
             -> 422 KB, 36.0s, uploaded
      n15: The extract question may come from these early chapters. You need to be able to analyse Austen’s language clos
             -> 357 KB, 30.4s, uploaded
      manifest updated (20 entries)
  L04 (Ada)  Pemberley & Changed Perceptions
      n3: Austen describes Pemberley with unusual detail: it is “a large, handsome stone building, standing well on risi
             -> 415 KB, 35.5s, uploaded
      n4: Key Fact . Pemberley symbolises Darcy’s real nature. Its grounds are “neither formal nor falsely adorned” — na
             -> 276 KB, 23.5s, uploaded
      n10: When Darcy unexpectedly returns to Pemberley and finds Elizabeth there, his behaviour is completely changed. H
             -> 292 KB, 25.0s, uploaded
      manifest updated (19 entries)
  L05 (Ollie)  Resolution & Marriage
      n2: Lydia’s elopement with Wickham in Chapter 46 is the novel’s crisis. Lydia, the youngest Bennet sister at just 
             -> 294 KB, 25.1s, uploaded
      n3: Elizabeth learns of the elopement at the inn at Lambton, where she is staying with the Gardiners, and her firs
             -> 342 KB, 29.2s, uploaded
      n11: Austen’s resolution is carefully structured to reward virtue and punish folly. Elizabeth and Darcy achieve a m
             -> 338 KB, 28.8s, uploaded
      manifest updated (18 entries)
  L06 (Ada)  Character Analysis
      n15: For character questions in the exam, always link character to theme. Do not simply describe what a character d
             -> 280 KB, 23.9s, uploaded
      manifest updated (19 entries)
  L07 (Ollie)  Irony & Narrative Voice
      n4: Key Fact . Austen’s verbal irony works by stating something with apparent seriousness while meaning the opposi
             -> 231 KB, 19.7s, uploaded
      n10: Dramatic irony runs throughout the novel. The reader discovers Wickham’s true nature through Darcy’s letter in
             -> 345 KB, 29.4s, uploaded
      manifest updated (18 entries)
  L08 (Ada)  Key Themes & Exam Technique
      n11: Most 19th-century prose questions give you a printed extract and ask you to write about the extract and the no
             -> 333 KB, 28.4s, uploaded
      n13: Key Fact . GCSE English Literature uses four assessment objectives, but this question is marked on three: AO1 
             -> 352 KB, 30.0s, uploaded
      n17: For the 40-mark question on the novel, aim for 4–5 paragraphs. Start with the extract (close analysis of 2–3 q
             -> 289 KB, 24.6s, uploaded
      n21: For this question, embed AO1, AO2 and AO3 (context) within every paragraph, begin with close extract analysis,
             -> 149 KB, 12.7s, uploaded
      manifest updated (21 entries)

Regenerated 18 clips.

=== VERIFY (ranged GET + freshness) ===
  206  L01 n2  bytes 0-3/276192  Last-Modified: Wed, 02 Sep 2026 23:36:37 GMT  mp3-sync=OK
  206  L01 n16  bytes 0-3/436032  Last-Modified: Wed, 02 Sep 2026 23:36:43 GMT  mp3-sync=OK
  206  L01 n17  bytes 0-3/312768  Last-Modified: Wed, 02 Sep 2026 23:36:48 GMT  mp3-sync=OK
  206  L02 n10  bytes 0-3/432000  Last-Modified: Wed, 02 Sep 2026 23:36:54 GMT  mp3-sync=OK
  206  L02 n15  bytes 0-3/365184  Last-Modified: Wed, 02 Sep 2026 23:37:00 GMT  mp3-sync=OK
  206  L04 n3  bytes 0-3/425376  Last-Modified: Wed, 02 Sep 2026 23:37:06 GMT  mp3-sync=OK
  206  L04 n4  bytes 0-3/282528  Last-Modified: Wed, 02 Sep 2026 23:37:10 GMT  mp3-sync=OK
  206  L04 n10  bytes 0-3/299520  Last-Modified: Wed, 02 Sep 2026 23:37:15 GMT  mp3-sync=OK
  206  L05 n2  bytes 0-3/301536  Last-Modified: Wed, 02 Sep 2026 23:37:19 GMT  mp3-sync=OK
  206  L05 n3  bytes 0-3/350208  Last-Modified: Wed, 02 Sep 2026 23:37:24 GMT  mp3-sync=OK
  206  L05 n11  bytes 0-3/345600  Last-Modified: Wed, 02 Sep 2026 23:37:30 GMT  mp3-sync=OK
  206  L06 n15  bytes 0-3/286560  Last-Modified: Wed, 02 Sep 2026 23:37:34 GMT  mp3-sync=OK
  206  L07 n4  bytes 0-3/236160  Last-Modified: Wed, 02 Sep 2026 23:37:38 GMT  mp3-sync=OK
  206  L07 n10  bytes 0-3/352800  Last-Modified: Wed, 02 Sep 2026 23:37:43 GMT  mp3-sync=OK
  206  L08 n11  bytes 0-3/340992  Last-Modified: Wed, 02 Sep 2026 23:37:48 GMT  mp3-sync=OK
  206  L08 n13  bytes 0-3/360288  Last-Modified: Wed, 02 Sep 2026 23:37:53 GMT  mp3-sync=OK
  206  L08 n17  bytes 0-3/295488  Last-Modified: Wed, 02 Sep 2026 23:37:58 GMT  mp3-sync=OK
  206  L08 n21  bytes 0-3/152640  Last-Modified: Wed, 02 Sep 2026 23:38:00 GMT  mp3-sync=OK

18/18 clips verified HTTP 200/206 with fresh audio.
