=== APPLY EDITS english-literature/animal-farm  35 edits  LIVE  2026-09-18T10:07:43.555Z
  ok   #0 L1.exam_tip_html [MEDIUM] F1: names the exam board in student-facing text
  ok   #1 L1.content_html [MEDIUM] F4: composition dates - written Nov 1943 to Feb 1944, published 17 Aug 1945
  ok   #2 L1.practice_questions[5].text [MEDIUM] F6: final commandment misquoted - the word 'animals' is dropped
  ok   #3 L1.flashcard_questions[3].q [MEDIUM] F5: mangled auto-generated cloze card
  ok   #4 L1.flashcard_questions[3].a [MEDIUM] F5: mangled auto-generated cloze card
  ok   #5 L1.flashcard_questions[4].q [MEDIUM] F5: mangled auto-generated cloze card
  ok   #6 L1.flashcard_questions[4].a [MEDIUM] F5: mangled auto-generated cloze card
  PATCH L1: exam_tip_html, content_html, practice_questions, flashcard_questions
  ok   #7 L2.exam_tip_html [HIGH] F3+F2: the modern prose or drama question prints no extract and is closed book - students answer one essay que
  ok   #8 L2.practice_questions[4].marks [MEDIUM] F6: final commandment misquoted - the word 'animals' is dropped
  PATCH L2: exam_tip_html, practice_questions
  ok   #9 L3.content_html [LOW] F7: Squealer says 'Our sole object in taking these things is to preserve our health' (Ch 3)
  PATCH L3: content_html
  ok   #10 L4.content_html [HIGH] F9: fabricated quotation; Ch 4 reads 'Without halting for an instant, Snowball flung his fifteen stone against
  ok   #11 L4.content_html [HIGH] F10+F11: fabricated quotation (the Ch 4 rumours are cannibalism, red-hot horseshoes, females in common) and a 
  ok   #12 L4.content_html [LOW] F8: quoted words are not Orwell's; Ch 3 reads 'saying that he would make himself responsible for their educati
  ok   #13 L4.practice_questions[0].text [HIGH] F9: fabricated quotation replaced with Orwell's wording (Ch 4)
  ok   #14 L4.practice_questions[0].marks [HIGH] F9: mark scheme rebuilt on the real quotation
  PATCH L4: content_html, practice_questions
  ok   #15 L5.content_html [MEDIUM] F12: 'always a traitor' is not in the novella (Ch 5 has 'no better than a criminal') and the Ch 5 objection is
  ok   #16 L5.content_html [MEDIUM] F12: Ch 5 says the animals accepted the explanation without further questions; Boxer is not named there
  ok   #17 L5.practice_questions[2].marks [MEDIUM] F6: final commandment misquoted - the word 'animals' is dropped
  PATCH L5: content_html, practice_questions
  ok   #18 L6.content_html [MEDIUM] F13: no animal questions the story in Ch 6; Boxer's doubt about Snowball comes in Ch 7
  ok   #19 L6.flashcard_questions[3].q [MEDIUM] F14: mangled auto-generated cloze card (the answer was 'Context')
  ok   #20 L6.flashcard_questions[3].a [MEDIUM] F14: mangled auto-generated cloze card (the answer was 'Context')
  PATCH L6: content_html, flashcard_questions
  ok   #21 L7.content_html [MEDIUM] F15: misquotation - Ch 7 reads 'since the expulsion of Jones'
  ok   #22 L7.practice_questions[0].text [MEDIUM] F15: misquotation - Ch 7 reads 'since the expulsion of Jones'
  ok   #23 L7.practice_questions[4].marks [MEDIUM] F16: fabricated quotation; Ch 7 reads 'Such were her thoughts, though she lacked the words to express them'
  ok   #24 L7.flashcard_questions[3].q [MEDIUM] F17: mangled auto-generated cloze card
  ok   #25 L7.flashcard_questions[3].a [MEDIUM] F17: mangled auto-generated cloze card
  ok   #26 L7.flashcard_questions[4].q [MEDIUM] F17: mangled auto-generated cloze card
  ok   #27 L7.flashcard_questions[4].a [MEDIUM] F17: mangled auto-generated cloze card
  PATCH L7: content_html, practice_questions, flashcard_questions
  ok   #28 L8.content_html [LOW] F18: Ch 8 reads 'A mighty cry for vengeance went up'
  ok   #29 L8.practice_questions[5].marks [MEDIUM] F19: the altered Sixth Commandment is read out in Ch 8, not Ch 7
  PATCH L8: content_html, practice_questions
  ok   #30 L9.content_html [HIGH] F20: the knacker tooltip was attached to the character name Benjamin; moved onto the words it defines
  ok   #31 L9.content_html [MEDIUM] F21: the pigs first walk on their hind legs in Ch 10; the Ch 9 privilege is green ribbons on Sundays
  ok   #32 L9.practice_questions[5].marks [MEDIUM] F22: Ch 9 gives the pigs beer, a schoolroom for the piglets and green ribbons; their hours are not reduced
  PATCH L9: content_html, practice_questions
  ok   #33 L10.content_html [MEDIUM] F23: Ch 10 lists three horses besides Clover, a threshing machine and a hay elevator
  ok   #34 L10.content_html [MEDIUM] F19: the altered Sixth Commandment is read out in Ch 8, not Ch 7
  PATCH L10: content_html
=== 35 applied, 0 skipped, 10 lessons / 21 fields changed
