
=== RE-NARRATION (changed narrated text only) ===
backup: C:\Users\tshau\Documents\Study Vault\scripts\_retrofc\units\english-literature@unity__animal-farm\_backup.json
unit:   english-literature / animal-farm
run: 2026-09-18T10:07:47Z  mode: LIVE

10 lessons, 14 clips to regenerate

  L01 (Ollie)  Context, Allegory & Orwell's Purpose
      n13: George Orwell (born Eric Arthur Blair, 1903) was a democratic socialist who believed in equality and freedom. 
             -> 503 KB, 42.9s, uploaded
      n17: In the English Literature exam, Animal Farm questions always ask you to write about both what happens in the t
             -> 406 KB, 34.6s, uploaded
      manifest updated (21 entries)
  L02 (Ada)  Old Major's Speech & the Rebellion
      n17: When answering questions about Old Major’s speech, identify specific rhetorical techniques (tricolon, rhetoric
             -> 370 KB, 31.5s, uploaded
      manifest updated (21 entries)
  L03 (Ollie)  The Early Farm & Squealer's Propaganda
      n13: Squealer employs several propaganda techniques in this speech. Fear : ‘Jones would come back! Yes, Jones would
             -> 534 KB, 45.5s, uploaded
      manifest updated (21 entries)
  L04 (Ada)  The Battle of the Cowshed & Snowball's Leadership
      n6: Orwell presents Snowball as an energetic, intelligent and genuinely committed leader. He ‘flung his fifteen st
             -> 359 KB, 30.6s, uploaded
      n8: Snowball leads through persuasion, debate and intellectual argument. He is a ‘persuasive speaker’ and a ‘strat
             -> 438 KB, 37.4s, uploaded
      n14: Foxwood and Pinchfield represent the Western capitalist powers. Mr Pilkington (Foxwood) is easygoing and negle
             -> 467 KB, 39.9s, uploaded
      manifest updated (21 entries)
  L05 (Ollie)  Napoleon's Rise to Power
      n14: Squealer’s propaganda reaches a new level in Chapter 5. He tells the animals that Snowball was ‘no better than
             -> 453 KB, 38.7s, uploaded
      manifest updated (21 entries)
  L06 (Ada)  The Windmill & Boxer's Exploitation
      n16: When a storm destroys the windmill, Napoleon immediately blames Snowball, declaring that he acted ‘in sheer ma
             -> 390 KB, 33.3s, uploaded
      manifest updated (21 entries)
  L07 (Ollie)  The Purges & Terror
      n3: This triggers a cascade of confessions. Hens, geese, and sheep all come forward to admit to various crimes — s
             -> 367 KB, 31.3s, uploaded
      manifest updated (22 entries)
  L08 (Ada)  Napoleon's Cult of Personality
      n11: In Chapter Eight, Napoleon sells a stack of timber to Mr Frederick of Pinchfield Farm, only to discover that F
             -> 275 KB, 23.5s, uploaded
      manifest updated (21 entries)
  L09 (Ollie)  The Death of Boxer & Betrayal
      n3: The pigs, meanwhile, enjoy increasing privileges : a separate school for their piglets, beer rations (half a g
             -> 302 KB, 25.7s, uploaded
      manifest updated (23 entries)
  L10 (Ada)  The Ending & the Moral
      n3: Orwell’s description of Napoleon and Squealer is pointed: both have grown enormously fat. Napoleon weighs ‘twe
             -> 337 KB, 28.8s, uploaded
      n10: Original: ‘No animal shall kill any other animal.’ Changed to: ‘No animal shall kill any other animal without 
             -> 122 KB, 10.4s, uploaded
      manifest updated (30 entries)

Regenerated 14 clips.

=== VERIFY (ranged GET + freshness) ===
  206  L01 n13  bytes 0-3/514656  Last-Modified: Fri, 18 Sep 2026 10:07:57 GMT  mp3-sync=OK
  206  L01 n17  bytes 0-3/415296  Last-Modified: Fri, 18 Sep 2026 10:08:02 GMT  mp3-sync=OK
  206  L02 n17  bytes 0-3/378432  Last-Modified: Fri, 18 Sep 2026 10:08:08 GMT  mp3-sync=OK
  206  L03 n13  bytes 0-3/546624  Last-Modified: Fri, 18 Sep 2026 10:08:17 GMT  mp3-sync=OK
  206  L04 n6  bytes 0-3/367200  Last-Modified: Fri, 18 Sep 2026 10:08:22 GMT  mp3-sync=OK
  206  L04 n8  bytes 0-3/448704  Last-Modified: Fri, 18 Sep 2026 10:08:29 GMT  mp3-sync=OK
  206  L04 n14  bytes 0-3/478368  Last-Modified: Fri, 18 Sep 2026 10:08:36 GMT  mp3-sync=OK
  206  L05 n14  bytes 0-3/464256  Last-Modified: Fri, 18 Sep 2026 10:08:43 GMT  mp3-sync=OK
  206  L06 n16  bytes 0-3/399456  Last-Modified: Fri, 18 Sep 2026 10:08:50 GMT  mp3-sync=OK
  206  L07 n3  bytes 0-3/375552  Last-Modified: Fri, 18 Sep 2026 10:08:56 GMT  mp3-sync=OK
  206  L08 n11  bytes 0-3/281952  Last-Modified: Fri, 18 Sep 2026 10:09:00 GMT  mp3-sync=OK
  206  L09 n3  bytes 0-3/308736  Last-Modified: Fri, 18 Sep 2026 10:09:05 GMT  mp3-sync=OK
  206  L10 n3  bytes 0-3/345312  Last-Modified: Fri, 18 Sep 2026 10:09:11 GMT  mp3-sync=OK
  206  L10 n10  bytes 0-3/124992  Last-Modified: Fri, 18 Sep 2026 10:09:13 GMT  mp3-sync=OK

14/14 clips verified HTTP 200/206 with fresh audio.
