=== APPLY EDITS religious-studies-edexcel/paper-2-islam  37 edits  LIVE  2026-09-06T05:48:21.347Z
  ok   #0 L1.content_html [MEDIUM] F1: Surah 112 quoted loosely; restored to the Saheeh International wording (quran.com).
  ok   #1 L1.content_html [MEDIUM] F1: Surah 112 quoted loosely; restored to the Saheeh International wording (quran.com). Key Fact copy of the s
  ok   #2 L1.flashcard_questions[1].a [MEDIUM] F1: Surah 112 quoted loosely; restored to the Saheeh International wording (quran.com). Flashcard copy of the 
  ok   #3 L1.content_html [MEDIUM] F2: Surah 112 has four ayat and does not list the five characteristics this lesson teaches; they come from the
  ok   #4 L1.content_html [MEDIUM] F3: spec 2C 1.4 names Adam, Ibrahim, Isma'il, Musa, Dawud, Isa and Muhammad; Isma'il and Dawud were missing.
  ok   #5 L1.flashcard_questions[7].a [MEDIUM] F4: Surah 2:136 names Abraham, Ishmael, Isaac, Jacob, the Tribes, Moses and Jesus. It does not name Muhammad.
  ok   #6 L1.practice_questions[3].marks [MEDIUM] F4: Surah 2:136 names Abraham, Ishmael, Isaac, Jacob, the Tribes, Moses and Jesus. It does not name Muhammad.
  ok   #7 L1.practice_questions[1].text [MEDIUM] F5: the spec's command-word appendix puts Describe at 4 marks; the 3-mark part of each question uses Outline. 
  ok   #8 L1.practice_questions[1].type [MEDIUM] F5: the spec's command-word appendix puts Describe at 4 marks; the 3-mark part of each question uses Outline. 
  ok   #9 L1.practice_questions[1].marks [MEDIUM] F5: the spec's command-word appendix puts Describe at 4 marks; the 3-mark part of each question uses Outline. 
  ok   #18 L1.practice_questions[5].text [MEDIUM] F6: this board's 12-mark command word is Evaluate; Discuss does not appear anywhere in the spec.
  ok   #19 L1.practice_questions[5].type [MEDIUM] F6: this board's 12-mark command word is Evaluate; Discuss does not appear anywhere in the spec.
  ok   #20 L1.exam_tip_html [MEDIUM] F6: this board's 12-mark command word is Evaluate; Discuss does not appear anywhere in the spec.
  PATCH L1: content_html, flashcard_questions, practice_questions, exam_tip_html
  ok   #10 L2.practice_questions[1].text [MEDIUM] F5: the spec's command-word appendix puts Describe at 4 marks; the 3-mark part of each question uses Outline. 
  ok   #11 L2.practice_questions[1].type [MEDIUM] F5: the spec's command-word appendix puts Describe at 4 marks; the 3-mark part of each question uses Outline. 
  ok   #21 L2.practice_questions[5].text [MEDIUM] F6: this board's 12-mark command word is Evaluate; Discuss does not appear anywhere in the spec.
  ok   #22 L2.practice_questions[5].type [MEDIUM] F6: this board's 12-mark command word is Evaluate; Discuss does not appear anywhere in the spec.
  ok   #23 L2.exam_tip_html [MEDIUM] F6: this board's 12-mark command word is Evaluate; Discuss does not appear anywhere in the spec.
  ok   #30 L2.content_html [HIGH] F7: Surah 35:1 gives angels wings and Surah 19:17 has Jibril take human form; only images of angels are avoide
  ok   #31 L2.content_html [MEDIUM] F8: taqdeer means Allah's measuring out or decree, not 'mystery'.
  PATCH L2: practice_questions, exam_tip_html, content_html
  ok   #12 L3.practice_questions[1].text [MEDIUM] F5: the spec's command-word appendix puts Describe at 4 marks; the 3-mark part of each question uses Outline. 
  ok   #13 L3.practice_questions[1].type [MEDIUM] F5: the spec's command-word appendix puts Describe at 4 marks; the 3-mark part of each question uses Outline. 
  ok   #14 L3.practice_questions[1].model_answer [MEDIUM] F5: the spec's command-word appendix puts Describe at 4 marks; the 3-mark part of each question uses Outline. 
  ok   #24 L3.practice_questions[4].text [MEDIUM] F6: this board's 12-mark command word is Evaluate; Discuss does not appear anywhere in the spec.
  ok   #25 L3.practice_questions[4].type [MEDIUM] F6: this board's 12-mark command word is Evaluate; Discuss does not appear anywhere in the spec.
  ok   #26 L3.exam_tip_html [MEDIUM] F6: this board's 12-mark command word is Evaluate; Discuss does not appear anywhere in the spec.
  ok   #27 L3.exam_tip_html [MEDIUM] F6: this board's 12-mark command word is Evaluate; Discuss does not appear anywhere in the spec.
  ok   #32 L3.content_html [HIGH] F9: the Ten Obligatory Acts (Furu ad-Din) are four of the Five Pillars plus six duties. Adding Shahadah gave e
  ok   #33 L3.content_html [HIGH] F9: the Ten Obligatory Acts (Furu ad-Din) are four of the Five Pillars plus six duties. Adding Shahadah gave e
  ok   #34 L3.content_html [MEDIUM] F10: the 'fount and apex of the whole Christian life' sentence is Lumen Gentium 11; section 7 is about the Mys
  PATCH L3: practice_questions, exam_tip_html, content_html
  ok   #15 L4.practice_questions[1].text [MEDIUM] F5: the spec's command-word appendix puts Describe at 4 marks; the 3-mark part of each question uses Outline. 
  ok   #16 L4.practice_questions[1].type [MEDIUM] F5: the spec's command-word appendix puts Describe at 4 marks; the 3-mark part of each question uses Outline. 
  ok   #17 L4.practice_questions[1].model_answer [MEDIUM] F5: the spec's command-word appendix puts Describe at 4 marks; the 3-mark part of each question uses Outline. 
  ok   #28 L4.practice_questions[4].text [MEDIUM] F6: this board's 12-mark command word is Evaluate; Discuss does not appear anywhere in the spec.
  ok   #29 L4.practice_questions[4].type [MEDIUM] F6: this board's 12-mark command word is Evaluate; Discuss does not appear anywhere in the spec.
  ok   #35 L4.exam_tip_html [MEDIUM] F11: invented claim about what examiners expect.
  ok   #36 L4.exam_tip_html [LOW] F12: 'the teaching brief' is an internal document the student cannot see.
  PATCH L4: practice_questions, exam_tip_html
=== 37 applied, 0 skipped, 4 lessons / 12 fields changed
