
=== RE-NARRATION (changed narrated text only) ===
backup: C:\Users\tshau\Documents\Study Vault\scripts\_retrofc\units\religious-studies-edexcel__paper-2-islam\_backup.json
unit:   religious-studies-edexcel / paper-2-islam
run: 2026-09-06T05:48:25Z  mode: LIVE

4 lessons, 10 clips to regenerate

  L01 (Ollie)  Core Muslim Beliefs and the Nature of Allah
      n2: The single most fundamental belief in Islam is Tawhid (Arabic: ‘oneness’). Allah is one, indivisible, eternal 
             -> 403 KB, 34.4s, uploaded
      n5: Key Fact . Surah 112 (Al-Ikhlas) is the Qur’anic anchor for Tawhid: Allah is “the One, the Eternal Refuge” who
             -> 192 KB, 16.4s, uploaded
      n23: The named prophets in this spec are: Adam (the first human being and first prophet), Ibrahim (Abraham — friend
             -> 361 KB, 30.8s, uploaded
      n27: A very common error: writing that the Six Beliefs and Five Roots are the same thing. They are not — the Six Be
             -> 687 KB, 58.6s, uploaded
      manifest updated (35 entries)
  L02 (Ada)  Angels, Predestination and Akhirah
      n2: Malaikah (singular: malak ) are angels — spiritual beings created by Allah from light ( nur ). They have no fr
             -> 342 KB, 29.2s, uploaded
      n13: Sunni Islam holds that al-Qadr is one of the Six Beliefs: Allah knows and decrees all things. Most Sunni theol
             -> 244 KB, 20.8s, uploaded
      n29: The 2C 1.8* marker means a 12-mark Evaluate question comparing Muslim and Christian afterlife is very likely: 
             -> 700 KB, 59.7s, uploaded
      manifest updated (29 entries)
  L03 (Ollie)  The Five Pillars and Ten Obligatory Acts
      n_x1: The Five Pillars are the universal Sunni framework of practice. The Ten Obligatory Acts of Shi’a Islam (Furu a
             -> 496 KB, 42.3s, uploaded
      n18: For 5-mark “Explain two… with sources” questions on Islamic practice, use these named anchors: Salah — Surah 2
             -> 612 KB, 52.2s, uploaded
      manifest updated (18 entries)
  L04 (Ada)  Jihad and Islamic Festivals
      n23: Jihad is the topic on this paper that students most often get wrong. If asked to “outline three aspects of jih
             -> 638 KB, 54.4s, uploaded
      manifest updated (28 entries)

Regenerated 10 clips.

=== VERIFY (ranged GET + freshness) ===
  206  L01 n2  bytes 0-3/412992  Last-Modified: Sun, 06 Sep 2026 05:48:36 GMT  mp3-sync=OK
  206  L01 n5  bytes 0-3/196992  Last-Modified: Sun, 06 Sep 2026 05:48:40 GMT  mp3-sync=OK
  206  L01 n23  bytes 0-3/369792  Last-Modified: Sun, 06 Sep 2026 05:48:48 GMT  mp3-sync=OK
  206  L01 n27  bytes 0-3/703584  Last-Modified: Sun, 06 Sep 2026 05:49:01 GMT  mp3-sync=OK
  206  L02 n2  bytes 0-3/349920  Last-Modified: Sun, 06 Sep 2026 05:49:09 GMT  mp3-sync=OK
  206  L02 n13  bytes 0-3/249408  Last-Modified: Sun, 06 Sep 2026 05:49:13 GMT  mp3-sync=OK
  206  L02 n29  bytes 0-3/716544  Last-Modified: Sun, 06 Sep 2026 05:49:26 GMT  mp3-sync=OK
  206  L03 n_x1  bytes 0-3/507744  Last-Modified: Sun, 06 Sep 2026 05:49:38 GMT  mp3-sync=OK
  206  L03 n18  bytes 0-3/626688  Last-Modified: Sun, 06 Sep 2026 05:49:51 GMT  mp3-sync=OK
  206  L04 n23  bytes 0-3/652896  Last-Modified: Sun, 06 Sep 2026 05:50:03 GMT  mp3-sync=OK

10/10 clips verified HTTP 200/206 with fresh audio.
