=== APPLY EDITS religious-studies-eduqas/catholic-christianity  23 edits  LIVE  2026-09-06T06:20:31.761Z
  ok   #0 L1.description [MEDIUM] F1: the specification's named concept is 'creation ex nihilo'
  ok   #1 L1.content_html [MEDIUM] F1: spec term is 'creation ex nihilo'; glossary term changed to match
  ok   #2 L1.content_html [MEDIUM] F1: revision tip uses the spec term
  ok   #3 L1.content_html [MEDIUM] F1: key fact uses the spec term
  ok   #4 L1.conclusion_html [MEDIUM] F1: takeaway uses the spec term
  ok   #5 L1.practice_questions[4].text [MEDIUM] F1: spec term in the question stem
  ok   #6 L1.practice_questions[4].marks [MEDIUM] F1: spec term in the mark scheme
  ok   #7 L1.knowledge_checks[0].q [MEDIUM] F1: spec term in the knowledge check
  ok   #8 L1.flashcard_questions[0].q [MEDIUM] F1: spec term on the flashcard; answer unchanged
  ok   #9 L1.glossary_terms[0].term [MEDIUM] F1: glossary term matched to the edited dfn text
  ok   #10 L1.exam_tip_html [MEDIUM] F2: Aquinas is not named in the Route B content
  PATCH L1: description, content_html, conclusion_html, practice_questions, knowledge_checks, flashcard_questions, glossary_terms, exam_tip_html
  ok   #11 L2.content_html [MEDIUM] F3: the spec cites Matthew 6:14-15 for the forgiveness teaching; 6:9-15 covers the Lord's Prayer and that teac
  ok   #12 L2.content_html [LOW] F4: 'An absolutist', not 'A absolutist'
  PATCH L2: content_html
  ok   #13 L3.exam_tip_html [MEDIUM] F6: fabricated examiner claim removed
  ok   #14 L3.content_html [MEDIUM] F8: Corpus Christi removed from the list of holy days of obligation it is not part of
  ok   #15 L3.knowledge_checks[4].right[2] [HIGH] F7: Corpus Christi is not a holy day of obligation in England and Wales
  ok   #16 L3.flashcard_questions[11].q [MEDIUM] F9: the spec names Lourdes, not a British site
  ok   #17 L3.flashcard_questions[11].a [MEDIUM] F9: single answer, not an 'or' list
  PATCH L3: exam_tip_html, content_html, knowledge_checks, flashcard_questions
  ok   #18 L4.exam_tip_html [MEDIUM] F11: fabricated examiner claim removed
  ok   #19 L4.content_html [MEDIUM] F12: Vatican II produced sixteen documents; the four named are its constitutions
  PATCH L4: exam_tip_html, content_html
  ok   #20 L5.exam_tip_html [MEDIUM] F16: removes the claim that religious orders are examined here
  ok   #21 L5.exam_tip_html [MEDIUM] F13: fabricated examiner claim removed
  ok   #22 L5.content_html [MEDIUM] F14: the ban on communal property was the original ideal, not present practice
  PATCH L5: exam_tip_html, content_html
=== 23 applied, 0 skipped, 5 lessons / 17 fields changed
