
=== RE-NARRATION (changed narrated text only) ===
backup: C:\Users\tshau\Documents\Study Vault\scripts\_retrofc\units\religious-studies-eduqas__catholic-christianity\_backup.json
unit:   religious-studies-eduqas / catholic-christianity
run: 2026-09-06T06:20:35Z  mode: LIVE

5 lessons, 12 clips to regenerate

  L01 (Ollie)  Catholic Beliefs about God, Creation and Jesus
      n2: Catholics believe that God created the universe from nothing — a doctrine expressed in Latin as creation ex ni
             -> 455 KB, 38.9s, uploaded
      n4: Key Fact . Creation ex nihilo means God created everything from nothing — there was no pre-existing matter. Au
             -> 208 KB, 17.7s, uploaded
      n16: Questions on Catholic beliefs about God and human nature frequently ask students to show the connection betwee
             -> 608 KB, 51.9s, uploaded
      n18: Creation is ex nihilo (from nothing) — there was no pre-existing matter (Augustine, Confessions XII, 7). God i
             -> 239 KB, 20.4s, uploaded
      manifest updated (20 entries)
  L02 (Ada)  Catholic Morality and the Mass
      n2: Catholic moral teaching draws on three main approaches to ethics. An absolutist (or divine command) approach h
             -> 498 KB, 42.5s, uploaded
      n5: Jesus’ ethical teaching shapes Catholic moral life directly. The parable of the Good Samaritan (Luke 10:25–37)
             -> 689 KB, 58.8s, uploaded
      manifest updated (22 entries)
  L03 (Ollie)  The Liturgical Year and Catholic Sacraments
      n15: Several major solemnities are holy days of obligation — days when Catholics are required to attend Mass. In Br
             -> 361 KB, 30.8s, uploaded
      n20: For questions about the liturgical year, make sure you can explain the significance of each season — not just 
             -> 585 KB, 49.9s, uploaded
      manifest updated (24 entries)
  L04 (Ada)  The Catholic Church, the Pope and Veneration of Mary
      n16: The Second Vatican Council (1962–1965), called by Pope John XXIII and concluded by Pope Paul VI, was the most 
             -> 549 KB, 46.8s, uploaded
      n23: When explaining the Pope’s authority, link Matthew 16:18 to the concept of apostolic succession — a verse quot
             -> 388 KB, 33.1s, uploaded
      manifest updated (27 entries)
  L05 (Ollie)  Religious Life and Catholic Forms of Expression
      n6: Key Fact . Monastic orders (Benedictine, Cistercian, Trappist) are based in monasteries, combining prayer and 
             -> 221 KB, 18.9s, uploaded
      n22: Religious orders are background on this route rather than set content. If you use them, separate monastic (bas
             -> 407 KB, 34.7s, uploaded
      manifest updated (26 entries)

Regenerated 12 clips.

=== VERIFY (ranged GET + freshness) ===
  206  L01 n2  bytes 0-3/466272  Last-Modified: Sun, 06 Sep 2026 06:20:50 GMT  mp3-sync=OK
  206  L01 n4  bytes 0-3/212544  Last-Modified: Sun, 06 Sep 2026 06:20:55 GMT  mp3-sync=OK
  206  L01 n16  bytes 0-3/622656  Last-Modified: Sun, 06 Sep 2026 06:21:04 GMT  mp3-sync=OK
  206  L01 n18  bytes 0-3/244800  Last-Modified: Sun, 06 Sep 2026 06:21:09 GMT  mp3-sync=OK
  206  L02 n2  bytes 0-3/509760  Last-Modified: Sun, 06 Sep 2026 06:21:21 GMT  mp3-sync=OK
  206  L02 n5  bytes 0-3/705312  Last-Modified: Sun, 06 Sep 2026 06:21:34 GMT  mp3-sync=OK
  206  L03 n15  bytes 0-3/369792  Last-Modified: Sun, 06 Sep 2026 06:21:41 GMT  mp3-sync=OK
  206  L03 n20  bytes 0-3/598752  Last-Modified: Sun, 06 Sep 2026 06:21:52 GMT  mp3-sync=OK
  206  L04 n16  bytes 0-3/561888  Last-Modified: Sun, 06 Sep 2026 06:22:07 GMT  mp3-sync=OK
  206  L04 n23  bytes 0-3/397728  Last-Modified: Sun, 06 Sep 2026 06:22:19 GMT  mp3-sync=OK
  206  L05 n6  bytes 0-3/226656  Last-Modified: Sun, 06 Sep 2026 06:22:27 GMT  mp3-sync=OK
  206  L05 n22  bytes 0-3/416448  Last-Modified: Sun, 06 Sep 2026 06:22:35 GMT  mp3-sync=OK

12/12 clips verified HTTP 200/206 with fresh audio.
