
=== RE-NARRATION (changed narrated text only) ===
backup: C:\Users\tshau\Documents\Study Vault\scripts\_retrofc\units\religious-studies-aqa__theme-a-relationships\_backup.json
unit:   religious-studies-aqa / theme-a-relationships
run: 2026-09-06T04:53:24Z  mode: LIVE

3 lessons, 7 clips to regenerate

  L01 (Ollie)  Relationships, Marriage & Divorce
      n6: The Catholic Church teaches that sex must only take place within marriage. St Paul wrote: “Flee from sexual im
             -> 336 KB, 28.7s, uploaded
      n14: The Marriage (Same Sex Couples) Act 2013 legalised same-sex marriage in England and Wales. The first weddings 
             -> 292 KB, 24.9s, uploaded
      manifest updated (26 entries)
  L02 (Ada)  Families, Gender Roles & Equality
      n12: Polygamy means having more than one spouse. It is illegal in the UK. Christianity teaches that marriage is bet
             -> 346 KB, 29.5s, uploaded
      manifest updated (26 entries)
  L03 (Ollie)  Contraception & Same-Sex Relationships
      n11: Same-sex relationships are legally protected in the UK. The Equality Act 2010 makes discrimination based on se
             -> 273 KB, 23.3s, uploaded
      n20: Humanists and atheists generally support same-sex relationships and full equality for LGBTQ+ people. They argu
             -> 340 KB, 29.0s, uploaded
      n21: Key Fact . The exam asks for two contrasting beliefs, one from Christianity and one from another religious tra
             -> 318 KB, 27.1s, uploaded
      n22: For “Explain contrasting beliefs” questions (4 marks), the examiner wants two different religious perspectives
             -> 294 KB, 25.1s, uploaded
      manifest updated (26 entries)

Regenerated 7 clips.

=== VERIFY (ranged GET + freshness) ===
  206  L01 n6  bytes 0-3/344160  Last-Modified: Sun, 06 Sep 2026 04:53:35 GMT  mp3-sync=OK
  206  L01 n14  bytes 0-3/299232  Last-Modified: Sun, 06 Sep 2026 04:53:40 GMT  mp3-sync=OK
  206  L02 n12  bytes 0-3/354240  Last-Modified: Sun, 06 Sep 2026 04:53:48 GMT  mp3-sync=OK
  206  L03 n11  bytes 0-3/279936  Last-Modified: Sun, 06 Sep 2026 04:53:54 GMT  mp3-sync=OK
  206  L03 n20  bytes 0-3/348480  Last-Modified: Sun, 06 Sep 2026 04:54:00 GMT  mp3-sync=OK
  206  L03 n21  bytes 0-3/325152  Last-Modified: Sun, 06 Sep 2026 04:54:06 GMT  mp3-sync=OK
  206  L03 n22  bytes 0-3/300672  Last-Modified: Sun, 06 Sep 2026 04:54:13 GMT  mp3-sync=OK

7/7 clips verified HTTP 200/206 with fresh audio.
