=== APPLY EDITS english-literature-edexcel/great-expectations  68 edits  LIVE  2026-09-02T13:24:10.155Z
  ok   #0 L1.exam_tip_html [HIGH] F1: part (a) of the 19th-century novel question is AO2 only, 20 marks.
  ok   #1 L1.exam_tip_html [HIGH] F1: part (b) is AO1 only, 20 marks.
  ok   #2 L1.practice_questions[1].text [HIGH] F2: AO3 is not assessed on the 19th-century novel question; the rubric is an AQA import.
  ok   #3 L1.content_html [HIGH] F3: invented quotation; replaced with Magwitch's real ch. 42 line.
  ok   #4 L1.content_html [HIGH] F3: invented quotation; replaced with Magwitch's real ch. 42 line.
  ok   #5 L1.knowledge_checks[3].q [HIGH] F3: the gap tested an invented quotation.
  ok   #6 L1.knowledge_checks[3].options [HIGH] F3: options follow the corrected quotation; correct index stays 1.
  ok   #7 L1.flashcard_questions[7].a [HIGH] F3: invented quotation on a memorisation card.
  ok   #8 L1.practice_questions[1].marks [HIGH] F3/F13: invented quotation removed; context dropped as a band criterion because AO3 is not assessed here.
  ok   #9 L1.practice_questions[3].marks [HIGH] F3/F13: invented quotation removed; context dropped as a band criterion.
  ok   #21 L1.content_html [HIGH] F4: the line is Estella's, in the closing chapter, not Pip's.
  ok   #22 L1.flashcard_questions[13].q [HIGH] F4: misattributed speaker.
  ok   #44 L1.practice_questions[1].type [MEDIUM] F15: whole-text part (b) essay mislabelled as an extract question.
  ok   #45 L1.practice_questions[3].type [MEDIUM] F15: whole-text part (b) essay mislabelled as an extract question.
  ok   #46 L1.practice_questions[4].type [MEDIUM] F15: whole-text part (b) essay mislabelled as an extract question.
  PATCH L1: exam_tip_html, practice_questions, content_html, knowledge_checks, flashcard_questions
  ok   #31 L2.content_html [MEDIUM] F7: Dickens names Pumblechook as Joe's uncle, appropriated by Mrs Joe.
  ok   #47 L2.practice_questions[1].type [MEDIUM] F15: whole-text part (b) essay mislabelled as an extract question.
  ok   #48 L2.practice_questions[3].type [MEDIUM] F15: whole-text part (b) essay mislabelled as an extract question.
  ok   #49 L2.practice_questions[5].type [MEDIUM] F15: whole-text part (b) essay mislabelled as an extract question.
  PATCH L2: content_html, practice_questions
  ok   #42 L3.content_html [MEDIUM] F14: the definition given was of a plot twist, not of dramatic irony.
  ok   #43 L3.glossary_terms[1].definition [MEDIUM] F14: same wrong definition in the glossary.
  ok   #50 L3.practice_questions[1].type [MEDIUM] F15: whole-text part (b) essay mislabelled as an extract question.
  ok   #51 L3.practice_questions[3].type [MEDIUM] F15: whole-text part (b) essay mislabelled as an extract question.
  ok   #52 L3.practice_questions[5].type [MEDIUM] F15: whole-text part (b) essay mislabelled as an extract question.
  PATCH L3: content_html, glossary_terms, practice_questions
  ok   #10 L4.practice_questions[4].marks [HIGH] F3: invented quotation.
  ok   #27 L4.content_html [HIGH] F5: Pip smothers the flames and she survives; the surgeon calls the injuries far from hopeless.
  ok   #28 L4.content_html [HIGH] F5: she is not burned alive.
  ok   #29 L4.knowledge_checks[3].q [HIGH] F5: the check asserted that she dies in the fire.
  ok   #32 L4.content_html [MEDIUM] F8: Compeyson never came to the church; his letter reached her at twenty minutes to nine.
  ok   #33 L4.flashcard_questions[6].q [MEDIUM] F8: she was never left at the altar.
  ok   #53 L4.practice_questions[1].type [MEDIUM] F15: whole-text part (b) essay mislabelled as an extract question.
  ok   #54 L4.practice_questions[3].type [MEDIUM] F15: whole-text part (b) essay mislabelled as an extract question.
  ok   #55 L4.practice_questions[5].type [MEDIUM] F15: whole-text part (b) essay mislabelled as an extract question.
  PATCH L4: practice_questions, content_html, knowledge_checks, flashcard_questions
  ok   #23 L5.content_html [HIGH] F4: misattributed speaker.
  ok   #24 L5.flashcard_questions[13].q [HIGH] F4: misattributed speaker.
  ok   #38 L5.exam_tip_html [MEDIUM] F10: part (b) carries AO1 only; AO2 earns nothing there.
  ok   #39 L5.content_html [LOW] F11: 'two-and-thirty men and women' includes Magwitch, who is foremost among them.
  ok   #56 L5.practice_questions[1].type [MEDIUM] F15: whole-text part (b) essay mislabelled as an extract question.
  ok   #57 L5.practice_questions[3].type [MEDIUM] F15: whole-text part (b) essay mislabelled as an extract question.
  ok   #58 L5.practice_questions[5].type [MEDIUM] F15: whole-text part (b) essay mislabelled as an extract question.
  PATCH L5: content_html, flashcard_questions, exam_tip_html, practice_questions
  ok   #11 L6.content_html [HIGH] F3: invented quotation.
  ok   #12 L6.practice_questions[1].marks [HIGH] F3: invented quotation.
  ok   #13 L6.flashcard_questions[10].q [HIGH] F3: card was built round an invented quotation.
  ok   #14 L6.flashcard_questions[10].a [HIGH] F3: invented quotation.
  ok   #34 L6.content_html [MEDIUM] F8: glossary definition inside the lesson text.
  ok   #35 L6.glossary_terms[3].definition [MEDIUM] F8: same claim in the glossary.
  ok   #59 L6.practice_questions[1].type [MEDIUM] F15: whole-text part (b) essay mislabelled as an extract question.
  ok   #60 L6.practice_questions[3].type [MEDIUM] F15: whole-text part (b) essay mislabelled as an extract question.
  ok   #61 L6.practice_questions[5].type [MEDIUM] F15: whole-text part (b) essay mislabelled as an extract question.
  PATCH L6: content_html, practice_questions, flashcard_questions, glossary_terms
  ok   #30 L7.content_html [MEDIUM] F6: the fire burned Miss Havisham, not the house; the house is later auctioned and demolished.
  ok   #36 L7.content_html [MEDIUM] F9: in ch. 20 a court officer shows Pip the gallows, the whipping place and the Debtors' Door.
  ok   #37 L7.practice_questions[4].marks [MEDIUM] F9: detail not in the novel.
  ok   #62 L7.practice_questions[1].type [MEDIUM] F15: whole-text part (b) essay mislabelled as an extract question.
  ok   #63 L7.practice_questions[3].type [MEDIUM] F15: whole-text part (b) essay mislabelled as an extract question.
  ok   #64 L7.practice_questions[5].type [MEDIUM] F15: whole-text part (b) essay mislabelled as an extract question.
  PATCH L7: content_html, practice_questions
  ok   #15 L8.content_html [HIGH] F3: invented quotation.
  ok   #16 L8.content_html [HIGH] F3: invented quotation in the memorisation bank.
  ok   #17 L8.knowledge_checks[0].options [HIGH] F3: distractor was an invented quotation; correct index unchanged.
  ok   #18 L8.knowledge_checks[4].left [HIGH] F3: invented quotation in a matching item.
  ok   #19 L8.flashcard_questions[3].a [HIGH] F3: invented quotation.
  ok   #20 L8.practice_questions[3].marks [HIGH] F3: invented quotation.
  ok   #25 L8.content_html [HIGH] F4: misattributed speaker.
  ok   #26 L8.flashcard_questions[5].q [HIGH] F4: misattributed speaker.
  ok   #40 L8.knowledge_checks[1].q [HIGH] F12: part (a) is AO2 only; the check taught a false exam fact.
  ok   #41 L8.knowledge_checks[1].options [HIGH] F12: correct index stays 1, now naming the right objective.
  ok   #65 L8.practice_questions[1].type [MEDIUM] F15: whole-text part (b) essay mislabelled as an extract question.
  ok   #66 L8.practice_questions[3].type [MEDIUM] F15: whole-text part (b) essay mislabelled as an extract question.
  ok   #67 L8.practice_questions[5].type [MEDIUM] F15: whole-text part (b) essay mislabelled as an extract question.
  PATCH L8: content_html, knowledge_checks, flashcard_questions, practice_questions
=== 68 applied, 0 skipped, 8 lessons / 28 fields changed
