
=== RE-NARRATION (changed narrated text only) ===
backup: C:\Users\tshau\Documents\Study Vault\scripts\_retrofc\units\english-literature-edexcel__great-expectations\_backup.json
unit:   english-literature-edexcel / great-expectations
run: 2026-09-02T13:24:14Z  mode: LIVE

8 lessons, 18 clips to regenerate

  L01 (Ollie)  Context: Victorian Class & Social Mobility
      n9: Dickens asks a sharp question: what is a true gentleman? Is it someone with fine clothes and education, or som
             -> 262 KB, 22.3s, uploaded
      n14: Dickens was deeply critical of this system. In Great Expectations, Magwitch is both a criminal and a victim — 
             -> 300 KB, 25.6s, uploaded
      n15: Key Fact . Magwitch’s line “I must put something into my stomach, mustn’t I?” directly challenges Victorian at
             -> 176 KB, 15.0s, uploaded
      n20: In the Edexcel exam, Part 1 asks you to analyse an extract closely, and all 20 marks there are for AO2 (langua
             -> 446 KB, 38.1s, uploaded
      manifest updated (24 entries)
  L02 (Ada)  Pip's Childhood: Magwitch & Miss Havisham
      n11: Pip’s visit to Satis House in Chapter 8 is the turning point of his childhood. He is sent there by Pumblechook
             -> 325 KB, 27.7s, uploaded
      manifest updated (24 entries)
  L03 (Ollie)  Pip's Great Expectations
      n3: Pip immediately assumes Miss Havisham is his benefactor. This assumption makes perfect sense to him: she is we
             -> 336 KB, 28.7s, uploaded
      manifest updated (23 entries)
  L04 (Ada)  Pip's Disillusionment
      n11: As Magwitch reveals his history, a second villain emerges: Compeyson . He is the man who jilted Miss Havisham 
             -> 232 KB, 19.8s, uploaded
      n16: But Dickens does not allow her an easy redemption. As Pip leaves Satis House, Miss Havisham’s dress catches fi
             -> 330 KB, 28.1s, uploaded
      n17: The fire scene is rich with symbolism. Miss Havisham has spent decades surrounded by decay — the rotting feast
             -> 309 KB, 26.3s, uploaded
      manifest updated (25 entries)
  L05 (Ollie)  The Ending & Pip's Redemption
      n3: Magwitch’s trial is swift and merciless. As a returned transportee , he faces automatic execution. Dickens des
             -> 277 KB, 23.6s, uploaded
      n20: Dickens’ message is clear: true redemption is earned through suffering and honest work, not given through inhe
             -> 258 KB, 22.0s, uploaded
      n21: The ending is a popular Part 2 essay topic. If asked about redemption, moral growth, or the ending, discuss bo
             -> 358 KB, 30.6s, uploaded
      manifest updated (25 entries)
  L06 (Ada)  Character Analysis
      n13: Magwitch is the novel’s most surprising character. Introduced as a terrifying convict, he is gradually reveale
             -> 322 KB, 27.5s, uploaded
      manifest updated (26 entries)
  L07 (Ollie)  Settings & Symbolism
      n10: Satis House does not outlive Miss Havisham. After her death it is sold off as old building materials and pulle
             -> 344 KB, 29.4s, uploaded
      n12: Pip expects London to be a paradise of elegance and culture. Instead, Dickens presents it as dirty, crowded, a
             -> 329 KB, 28.1s, uploaded
      manifest updated (26 entries)
  L08 (Ada)  Key Themes & Exam Technique
      n9: Redemption in the novel is earned, not given. Pip does not simply decide to be better — he is broken down by l
             -> 289 KB, 24.7s, uploaded
      n11: Dickens uses the criminal justice system to expose class hypocrisy. Compeyson, the gentleman criminal, receive
             -> 291 KB, 24.8s, uploaded
      n26: Class & ambition: “But what the Devil was I to do? I must put something into my stomach, mustn’t I?” (Magwitch
             -> 148 KB, 12.6s, uploaded
      manifest updated (37 entries)

Regenerated 18 clips.

=== VERIFY (ranged GET + freshness) ===
  206  L01 n9  bytes 0-3/267840  Last-Modified: Wed, 02 Sep 2026 13:24:22 GMT  mp3-sync=OK
  206  L01 n14  bytes 0-3/307008  Last-Modified: Wed, 02 Sep 2026 13:24:27 GMT  mp3-sync=OK
  206  L01 n15  bytes 0-3/180000  Last-Modified: Wed, 02 Sep 2026 13:24:31 GMT  mp3-sync=OK
  206  L01 n20  bytes 0-3/456768  Last-Modified: Wed, 02 Sep 2026 13:24:38 GMT  mp3-sync=OK
  206  L02 n11  bytes 0-3/332352  Last-Modified: Wed, 02 Sep 2026 13:24:44 GMT  mp3-sync=OK
  206  L03 n3  bytes 0-3/343872  Last-Modified: Wed, 02 Sep 2026 13:24:50 GMT  mp3-sync=OK
  206  L04 n11  bytes 0-3/237600  Last-Modified: Wed, 02 Sep 2026 13:24:53 GMT  mp3-sync=OK
  206  L04 n16  bytes 0-3/337824  Last-Modified: Wed, 02 Sep 2026 13:24:59 GMT  mp3-sync=OK
  206  L04 n17  bytes 0-3/315936  Last-Modified: Wed, 02 Sep 2026 13:25:04 GMT  mp3-sync=OK
  206  L05 n3  bytes 0-3/283392  Last-Modified: Wed, 02 Sep 2026 13:25:08 GMT  mp3-sync=OK
  206  L05 n20  bytes 0-3/264384  Last-Modified: Wed, 02 Sep 2026 13:25:13 GMT  mp3-sync=OK
  206  L05 n21  bytes 0-3/366624  Last-Modified: Wed, 02 Sep 2026 13:25:18 GMT  mp3-sync=OK
  206  L06 n13  bytes 0-3/330048  Last-Modified: Wed, 02 Sep 2026 13:25:24 GMT  mp3-sync=OK
  206  L07 n10  bytes 0-3/352512  Last-Modified: Wed, 02 Sep 2026 13:25:30 GMT  mp3-sync=OK
  206  L07 n12  bytes 0-3/337248  Last-Modified: Wed, 02 Sep 2026 13:25:36 GMT  mp3-sync=OK
  206  L08 n9  bytes 0-3/296352  Last-Modified: Wed, 02 Sep 2026 13:25:41 GMT  mp3-sync=OK
  206  L08 n11  bytes 0-3/298080  Last-Modified: Wed, 02 Sep 2026 13:25:47 GMT  mp3-sync=OK
  206  L08 n26  bytes 0-3/151488  Last-Modified: Wed, 02 Sep 2026 13:25:50 GMT  mp3-sync=OK

18/18 clips verified HTTP 200/206 with fresh audio.
