=== APPLY EDITS english-literature-edexcel/poetry-conflict  12 edits  LIVE  2026-09-02T12:37:11.497Z
  ok   #0 L1.content_html [HIGH] F1: banned component-code string; validator rejects the whole unit on 'Component \d'.
  PATCH L1: content_html
  ok   #10 L2.content_html [MEDIUM] F5 ruling: Poppies was one of the Exit Wounds poems Duffy commissioned for the Guardian (July 2009), not a Poe
  ok   #11 L2.flashcard_questions[0].a [MEDIUM] F5 ruling (flashcard).
  PATCH L2: content_html, flashcard_questions
  ok   #1 L6.content_html [HIGH] F1: banned component-code string.
  PATCH L6: content_html
  ok   #2 L7.description [HIGH] F1: banned component-code string; also fixes description length (103 chars, over the 100-char limit).
  ok   #3 L7.content_html [HIGH] F1: banned component-code string.
  ok   #4 L7.knowledge_checks[0].q [HIGH] F1: banned component-code string.
  ok   #5 L7.flashcard_questions[0].q [HIGH] F1: banned component-code string.
  PATCH L7: description, content_html, knowledge_checks, flashcard_questions
  ok   #6 L8.knowledge_checks[2].q [HIGH] F2: banned pattern, AO code immediately followed by a full stop.
  ok   #7 L8.flashcard_questions[2].a [HIGH] F2: banned pattern, AO code immediately followed by a full stop.
  ok   #8 L8.flashcard_questions[3].a [HIGH] F2: banned pattern, AO code immediately followed by a full stop.
  ok   #9 L8.content_html [HIGH] F3 ruling: Satyamurti writes "The reassurance of the frame is flexible"; L2 already has it right.
  PATCH L8: knowledge_checks, flashcard_questions, content_html
=== 12 applied, 0 skipped, 5 lessons / 11 fields changed
=== APPLY EDITS english-literature-edexcel/poetry-conflict  12 edits  LIVE  2026-09-02T12:37:30.657Z
  ok   #0 L1.content_html [HIGH] F1: banned component-code string; validator rejects the whole unit on 'Component \d'.
  PATCH L1: content_html
  ok   #10 L2.content_html [MEDIUM] F5 ruling: Poppies was one of the Exit Wounds poems Duffy commissioned for the Guardian (July 2009), not a Poe
  ok   #11 L2.flashcard_questions[0].a [MEDIUM] F5 ruling (flashcard).
  PATCH L2: content_html, flashcard_questions
  ok   #1 L6.content_html [HIGH] F1: banned component-code string.
  PATCH L6: content_html
  ok   #2 L7.description [HIGH] F1: banned component-code string; also fixes description length (103 chars, over the 100-char limit).
  ok   #3 L7.content_html [HIGH] F1: banned component-code string.
  ok   #4 L7.knowledge_checks[0].q [HIGH] F1: banned component-code string.
  ok   #5 L7.flashcard_questions[0].q [HIGH] F1: banned component-code string.
  PATCH L7: description, content_html, knowledge_checks, flashcard_questions
  ok   #6 L8.knowledge_checks[2].q [HIGH] F2: banned pattern, AO code immediately followed by a full stop.
  ok   #7 L8.flashcard_questions[2].a [HIGH] F2: banned pattern, AO code immediately followed by a full stop.
  ok   #8 L8.flashcard_questions[3].a [HIGH] F2: banned pattern, AO code immediately followed by a full stop.
  ok   #9 L8.content_html [HIGH] F3 ruling: Satyamurti writes "The reassurance of the frame is flexible"; L2 already has it right.
  PATCH L8: knowledge_checks, flashcard_questions, content_html
=== 12 applied, 0 skipped, 5 lessons / 11 fields changed
