
=== RE-NARRATION (changed narrated text only) ===
backup: C:\Users\tshau\Documents\Study Vault\scripts\_retrofc\units\english-literature-edexcel__poetry-conflict\_backup.json
unit:   english-literature-edexcel / poetry-conflict
run: 2026-09-02T12:37:34Z  mode: LIVE

5 lessons, 5 clips to regenerate

  L01 (Ollie)  War & the Soldier's Experience
      n19: In the Edexcel exam, you will be given a named poem printed in the booklet and asked to compare it with one po
             -> 327 KB, 27.9s, uploaded
      manifest updated (24 entries)
  L02 (Ada)  The Impact of War on Others
      n3: Key Fact . Jane Weir’s Poppies was commissioned by Carol Ann Duffy in 2009 for a Guardian series of new poems 
             -> 199 KB, 16.9s, uploaded
      manifest updated (25 entries)
  L06 (Ada)  Form, Structure & Language
      n20: In the Edexcel comparison, you must compare the named poem with one you have chosen. The strongest responses i
             -> 421 KB, 36.0s, uploaded
      manifest updated (25 entries)
  L07 (Ollie)  Comparison Skills
      n2: In the Edexcel English Literature exam, you will be given one named poem from the Conflict anthology, printed 
             -> 362 KB, 30.9s, uploaded
      manifest updated (37 entries)
  L08 (Ada)  Exam Technique & Key Quotations
      n17: War Photographer (Satyamurti): “The reassurance of the frame.” Technique: Metaphor (camera as barrier). Theme:
             -> 194 KB, 16.6s, uploaded
      manifest updated (38 entries)

Regenerated 5 clips.

=== VERIFY (ranged GET + freshness) ===
  206  L01 n19  bytes 0-3/334944  Last-Modified: Wed, 02 Sep 2026 12:37:42 GMT  mp3-sync=OK
  206  L02 n3  bytes 0-3/203328  Last-Modified: Wed, 02 Sep 2026 12:37:45 GMT  mp3-sync=OK
  206  L06 n20  bytes 0-3/431424  Last-Modified: Wed, 02 Sep 2026 12:37:51 GMT  mp3-sync=OK
  206  L07 n2  bytes 0-3/370656  Last-Modified: Wed, 02 Sep 2026 12:37:57 GMT  mp3-sync=OK
  206  L08 n17  bytes 0-3/199008  Last-Modified: Wed, 02 Sep 2026 12:38:01 GMT  mp3-sync=OK

5/5 clips verified HTTP 200/206 with fresh audio.
