=== APPLY EDITS english-literature/macbeth  48 edits  LIVE  2026-09-18T09:54:40.200Z
  ok   #0 L1.content_html [LOW] F1: mangled capital and stray space in a student-facing sentence.
  ok   #1 L1.flashcard_questions[3].q [MEDIUM] F3: auto-generated cloze; the answer word 'Shakespeare' appeared in its own question.
  ok   #2 L1.flashcard_questions[4].q [MEDIUM] F4: cloze fragment rebuilt as a proper question.
  ok   #3 L1.flashcard_questions[4].a [MEDIUM] F4: answer made unambiguous.
  ok   #4 L1.practice_questions[3].marks [LOW] F2: band ladder used 'Top band' twice at two different mark ranges.
  PATCH L1: content_html, flashcard_questions, practice_questions
  ok   #5 L2.content_html [MEDIUM] F5: the sailor is the husband, and the witch says his bark cannot be lost.
  ok   #6 L2.content_html [MEDIUM] F6: Banquo is not a historical figure; James believed he was descended from him.
  ok   #7 L2.practice_questions[3].marks [LOW] F7: duplicate 'Top band' in the band ladder.
  PATCH L2: content_html, practice_questions
  ok   #8 L3.content_html [HIGH] F8: named the exam board and pasted a past-paper question.
  ok   #9 L3.content_html [LOW] F9: quotation marks round words that are not in the play.
  ok   #10 L3.practice_questions[3].marks [LOW] F10: duplicate 'Top band' in the band ladder.
  PATCH L3: content_html, practice_questions
  ok   #11 L4.content_html [MEDIUM] F12: the wolf is Murder's sentinel; Macbeth does not compare himself to it.
  ok   #12 L4.content_html [LOW] F13: three lines are quoted, so only the last two are the couplet.
  ok   #13 L4.practice_questions[3].marks [LOW] F14: duplicate 'Top band' in the band ladder.
  ok   #14 L4.flashcard_questions[3].a [LOW] F41a: answer was 31 words, over the 30-word flashcard limit.
  PATCH L4: content_html, practice_questions, flashcard_questions
  ok   #15 L5.content_html [MEDIUM] F15: key quotation word misspelt.
  ok   #16 L5.practice_questions[0].marks [MEDIUM] F16: key quotation word misspelt in the mark scheme.
  ok   #17 L5.flashcard_questions[3].q [MEDIUM] F17: mangled cloze fragment rebuilt as a proper question.
  ok   #18 L5.flashcard_questions[3].a [MEDIUM] F17: answer 'Duncans' was mis-spelt and cut from mid-sentence.
  ok   #19 L5.practice_questions[3].marks [LOW] F18: duplicate 'Top band' in the band ladder.
  ok   #20 L5.flashcard_questions[4].a [LOW] F41b: answer was 31 words, over the 30-word flashcard limit.
  PATCH L5: content_html, practice_questions, flashcard_questions
  ok   #21 L6.exam_tip_html [HIGH] F19: named the exam board and used a paper/section code.
  ok   #22 L6.content_html [MEDIUM] F20: Banquo says this of himself; the witches said he would get kings but be none.
  ok   #23 L6.content_html [MEDIUM] F21: 'I did not do it' is not in the play.
  ok   #24 L6.practice_questions[1].marks [MEDIUM] F22: 'I did it not' is not in the play.
  ok   #25 L6.flashcard_questions[3].q [MEDIUM] F23: placeholder card whose answer duplicated card 1 in the deck.
  ok   #26 L6.flashcard_questions[3].a [MEDIUM] F23: answer 'soliloquy' duplicated card 1 in the same deck.
  SKIP #27 L6.description: find occurs 0 times (need exactly 1)
  ok   #28 L6.practice_questions[3].marks [LOW] F25: duplicate 'Top band' in the band ladder.
  PATCH L6: exam_tip_html, content_html, practice_questions, flashcard_questions
  ok   #29 L7.content_html [MEDIUM] F26: that describes a spondee, not a trochee; tetrameter means four feet.
  ok   #30 L7.flashcard_questions[1].q [MEDIUM] F26: same wrong definition of trochaic tetrameter.
  ok   #31 L7.glossary_terms[1].definition [MEDIUM] F26: same wrong definition of trochaic tetrameter.
  ok   #32 L7.content_html [LOW] F27: no record places James I at an early performance, and Banquo is unhistorical.
  ok   #33 L7.flashcard_questions[4].q [MEDIUM] F28: placeholder card whose answer duplicated card 1 in the deck.
  ok   #34 L7.flashcard_questions[4].a [MEDIUM] F28: answer 'refrain' duplicated card 1 in the same deck.
  SKIP #35 L7.description: find occurs 0 times (need exactly 1)
  ok   #36 L7.practice_questions[3].marks [LOW] F30: duplicate 'Top band' in the band ladder.
  PATCH L7: content_html, flashcard_questions, glossary_terms, practice_questions
  ok   #37 L8.flashcard_questions[4].q [MEDIUM] F31: placeholder card whose answer duplicated card 1 in the deck.
  ok   #38 L8.flashcard_questions[4].a [MEDIUM] F31: answer 'dramatic irony' duplicated card 1 in the same deck.
  SKIP #39 L8.description: find occurs 0 times (need exactly 1)
  ok   #40 L8.practice_questions[3].marks [LOW] F33: duplicate 'Top band' in the band ladder.
  PATCH L8: flashcard_questions, practice_questions
  ok   #41 L9.flashcard_questions[4].q [MEDIUM] F35: placeholder card whose answer duplicated card 1 in the deck.
  ok   #42 L9.flashcard_questions[4].a [MEDIUM] F35: answer 'ironic reversal' duplicated card 1 in the same deck.
  SKIP #43 L9.description: find occurs 0 times (need exactly 1)
  ok   #44 L9.practice_questions[3].marks [LOW] F37: duplicate 'Top band' in the band ladder.
  PATCH L9: flashcard_questions, practice_questions
  ok   #45 L10.content_html [MEDIUM] F38: no evidence Shakespeare knew the Poetics; the terms are applied by later critics.
  SKIP #46 L10.description: find occurs 0 times (need exactly 1)
  ok   #47 L10.practice_questions[3].marks [LOW] F40: duplicate 'Top band' in the band ladder.
  PATCH L10: content_html, practice_questions
=== 43 applied, 5 skipped, 10 lessons / 27 fields changed
