
=== RE-NARRATION (changed narrated text only) ===
backup: C:\Users\tshau\Documents\Study Vault\scripts\_retrofc\units\english-literature@unity__macbeth\_backup.json
unit:   english-literature / macbeth
run: 2026-09-18T09:54:44Z  mode: LIVE
  L08: no narrated field changed -> skip
  L09: no narrated field changed -> skip

8 lessons, 13 clips to regenerate

  L01 (Ollie)  Context & the Supernatural
      n3: Understanding this context is essential for the exam. The play was written to flatter James I and reflect his 
             -> 177 KB, 15.1s, uploaded
      manifest updated (25 entries)
  L02 (Ada)  Ambition & the Prophecies
      n3: Before the witches appear, Shakespeare gives us a glimpse of their petty cruelty. The First Witch describes ho
             -> 323 KB, 27.6s, uploaded
      n8: The witches also deliver three prophecies to Banquo, but his are deliberately ambiguous : he will be “lesser t
             -> 359 KB, 30.6s, uploaded
      manifest updated (25 entries)
  L03 (Ollie)  Lady Macbeth & Gender
      n16: Key Fact . Lady Macbeth uses three manipulation techniques in Act 1, Scene 7: (1) questioning his masculinity 
             -> 314 KB, 26.8s, uploaded
      n17: A common exam question asks how far Shakespeare presents Lady Macbeth as a strong female character. To answer 
             -> 382 KB, 32.6s, uploaded
      manifest updated (25 entries)
  L04 (Ada)  The Murder of Duncan
      n15: He pictures murder itself creeping forward, woken by its sentinel the wolf (“withered murder, / Alarumed by hi
             -> 321 KB, 27.4s, uploaded
      n17: The soliloquy ends with a bell ringing — Lady Macbeth’s signal that the coast is clear. Macbeth’s final words 
             -> 439 KB, 37.4s, uploaded
      manifest updated (27 entries)
  L05 (Ollie)  Guilt & Consequences
      n3: Macbeth’s despair reaches its peak with the line: “Will all great Neptune’s ocean wash this blood / Clean from
             -> 460 KB, 39.3s, uploaded
      manifest updated (29 entries)
  L06 (Ada)  Banquo & Deception
      n2: Act Three opens with soliloquy from Banquo. He suspects that Macbeth has cheated his way to the crown: ‘Thou h
             -> 442 KB, 37.7s, uploaded
      n14: Macbeth’s reaction is visceral: ‘Thou canst not say I did it: never shake / Thy gory locks at me.’ The word ‘g
             -> 341 KB, 29.1s, uploaded
      n22: In the Shakespeare question you will be given an extract and asked to write about the extract and the play as 
             -> 364 KB, 31.0s, uploaded
      manifest updated (26 entries)
  L07 (Ollie)  The Witches Return & Tyranny
      n10: After the three apparitions, the witches show Macbeth a procession of eight kings followed by the ghost of Ban
             -> 372 KB, 31.7s, uploaded
      manifest updated (23 entries)
  L10 (Ada)  The Ending & Key Themes
      n11: Critics often use Aristotle’s ideas about Greek tragedy to analyse Macbeth . Two key concepts apply:
             -> 87 KB, 7.5s, uploaded
      manifest updated (30 entries)

Regenerated 13 clips.

=== VERIFY (ranged GET + freshness) ===
  206  L01 n3  bytes 0-3/181440  Last-Modified: Fri, 18 Sep 2026 09:54:50 GMT  mp3-sync=OK
  206  L02 n3  bytes 0-3/331200  Last-Modified: Fri, 18 Sep 2026 09:54:55 GMT  mp3-sync=OK
  206  L02 n8  bytes 0-3/367488  Last-Modified: Fri, 18 Sep 2026 09:55:01 GMT  mp3-sync=OK
  206  L03 n16  bytes 0-3/321984  Last-Modified: Fri, 18 Sep 2026 09:55:06 GMT  mp3-sync=OK
  206  L03 n17  bytes 0-3/391392  Last-Modified: Fri, 18 Sep 2026 09:55:12 GMT  mp3-sync=OK
  206  L04 n15  bytes 0-3/328896  Last-Modified: Fri, 18 Sep 2026 09:55:18 GMT  mp3-sync=OK
  206  L04 n17  bytes 0-3/449280  Last-Modified: Fri, 18 Sep 2026 09:55:24 GMT  mp3-sync=OK
  206  L05 n3  bytes 0-3/471168  Last-Modified: Fri, 18 Sep 2026 09:55:33 GMT  mp3-sync=OK
  206  L06 n2  bytes 0-3/452736  Last-Modified: Fri, 18 Sep 2026 09:55:40 GMT  mp3-sync=OK
  206  L06 n14  bytes 0-3/348768  Last-Modified: Fri, 18 Sep 2026 09:55:45 GMT  mp3-sync=OK
  206  L06 n22  bytes 0-3/372384  Last-Modified: Fri, 18 Sep 2026 09:55:50 GMT  mp3-sync=OK
  206  L07 n10  bytes 0-3/380448  Last-Modified: Fri, 18 Sep 2026 09:55:56 GMT  mp3-sync=OK
  206  L10 n11  bytes 0-3/89568  Last-Modified: Fri, 18 Sep 2026 09:55:59 GMT  mp3-sync=OK

13/13 clips verified HTTP 200/206 with fresh audio.
