=== APPLY EDITS history-edexcel/anglo-saxon-norman  51 edits  LIVE  2026-09-06T00:42:33.222Z
  ok   #0 L1.practice_questions[1] [MEDIUM] F1: question form not set on this paper (a 4-mark 'Explain one consequence'/'Explain one cause'); rebuilt as a
  ok   #1 L1.practice_questions[2] [MEDIUM] F1: question form not set on this paper (a 4-mark 'Explain one consequence'/'Explain one cause'); rebuilt as a
  ok   #16 L1.exam_tip_html [MEDIUM] F9: invented examiner claim removed
  ok   #35 L1.practice_questions[3].marks [LOW] F19: AO code written immediately before a full stop trips the content validator
  ok   #36 L1.practice_questions[4].marks [LOW] F19: AO code written immediately before a full stop trips the content validator
  PATCH L1: practice_questions, exam_tip_html
  ok   #2 L2.practice_questions[1] [MEDIUM] F2: question form not set on this paper (a 4-mark 'Explain one consequence'/'Explain one cause'); rebuilt as a
  ok   #3 L2.practice_questions[2] [MEDIUM] F2: question form not set on this paper (a 4-mark 'Explain one consequence'/'Explain one cause'); rebuilt as a
  ok   #37 L2.practice_questions[3].marks [LOW] F19: AO code written immediately before a full stop trips the content validator
  ok   #38 L2.practice_questions[4].marks [LOW] F19: AO code written immediately before a full stop trips the content validator
  PATCH L2: practice_questions
  ok   #4 L3.practice_questions[1] [MEDIUM] F3: question form not set on this paper (a 4-mark 'Explain one consequence'/'Explain one cause'); rebuilt as a
  ok   #5 L3.practice_questions[2] [MEDIUM] F3: question form not set on this paper (a 4-mark 'Explain one consequence'/'Explain one cause'); rebuilt as a
  ok   #17 L3.content_html [HIGH] F10: Stigand crowning Harold is the Norman version; English sources name Ealdred of York
  ok   #18 L3.content_html [MEDIUM] F11: Gate Fulford was fought against a Norwegian army before the Conquest, so it was not a 'Norman-era battle'
  ok   #19 L3.content_html [LOW] F12: nothing forced Hardrada to wait; he chose to move to Stamford Bridge for the hostages
  ok   #39 L3.practice_questions[3].marks [LOW] F19: AO code written immediately before a full stop trips the content validator
  ok   #40 L3.practice_questions[4].marks [LOW] F19: AO code written immediately before a full stop trips the content validator
  PATCH L3: practice_questions, content_html
  ok   #6 L4.practice_questions[1] [MEDIUM] F4: question form not set on this paper (a 4-mark 'Explain one consequence'/'Explain one cause'); rebuilt as a
  ok   #7 L4.practice_questions[2] [MEDIUM] F4: question form not set on this paper (a 4-mark 'Explain one consequence'/'Explain one cause'); rebuilt as a
  ok   #20 L4.content_html [HIGH] F13: fitzOsbern was not William's half-brother and never held Bayeux or Kent; the tooltip repeated Odo's defin
  ok   #21 L4.content_html [MEDIUM] F14: the Marcher earldoms of Chester, Shrewsbury and Hereford faced Wales, not Scotland
  ok   #22 L4.content_html [MEDIUM] F14: Marcher earldoms faced Wales, not Scotland
  ok   #23 L4.conclusion_html [MEDIUM] F14: Marcher earldoms faced Wales, not Scotland
  ok   #28 L4.glossary_terms[3].definition [MEDIUM] F14: Marcher earldoms faced Wales, not Scotland
  ok   #29 L4.flashcard_questions[5].a [MEDIUM] F14: Marcher earldoms faced Wales, not Scotland
  ok   #30 L4.flashcard_questions[3].q [HIGH] F13: fitzOsbern was not a half-brother of William
  ok   #31 L4.flashcard_questions[3].a [HIGH] F13: fitzOsbern was not a half-brother of William
  ok   #32 L4.practice_questions[5].marks [MEDIUM] F14: Marcher earldoms faced Wales, not Scotland
  ok   #41 L4.practice_questions[3].marks [LOW] F19: AO code written immediately before a full stop trips the content validator
  ok   #42 L4.practice_questions[4].marks [LOW] F19: AO code written immediately before a full stop trips the content validator
  PATCH L4: practice_questions, content_html, conclusion_html, glossary_terms, flashcard_questions
  ok   #8 L5.practice_questions[1] [MEDIUM] F5: question form not set on this paper (a 4-mark 'Explain one consequence'/'Explain one cause'); rebuilt as a
  ok   #9 L5.practice_questions[2] [MEDIUM] F5: question form not set on this paper (a 4-mark 'Explain one consequence'/'Explain one cause'); rebuilt as a
  ok   #43 L5.practice_questions[3].marks [LOW] F19: AO code written immediately before a full stop trips the content validator
  ok   #44 L5.practice_questions[4].marks [LOW] F19: AO code written immediately before a full stop trips the content validator
  PATCH L5: practice_questions
  ok   #10 L6.practice_questions[1] [MEDIUM] F6: question form not set on this paper (a 4-mark 'Explain one consequence'/'Explain one cause'); rebuilt as a
  ok   #11 L6.practice_questions[2] [MEDIUM] F6: question form not set on this paper (a 4-mark 'Explain one consequence'/'Explain one cause'); rebuilt as a
  ok   #24 L6.content_html [MEDIUM] F15: royal forest reached about a third of southern England only in the late 1100s, not by Domesday
  ok   #33 L6.practice_questions[5].marks [MEDIUM] F15: the one-third figure belongs to the late 1100s, not to William I
  ok   #45 L6.practice_questions[3].marks [LOW] F19: AO code written immediately before a full stop trips the content validator
  ok   #46 L6.practice_questions[4].marks [LOW] F19: AO code written immediately before a full stop trips the content validator
  PATCH L6: practice_questions, content_html
  ok   #12 L7.practice_questions[1] [MEDIUM] F7: question form not set on this paper (a 4-mark 'Explain one consequence'/'Explain one cause'); rebuilt as a
  ok   #13 L7.practice_questions[2] [MEDIUM] F7: question form not set on this paper (a 4-mark 'Explain one consequence'/'Explain one cause'); rebuilt as a
  ok   #25 L7.exam_tip_html [MEDIUM] F16: invented claim about how the paper sets questions
  ok   #47 L7.practice_questions[3].marks [LOW] F19: AO code written immediately before a full stop trips the content validator
  ok   #48 L7.practice_questions[4].marks [LOW] F19: AO code written immediately before a full stop trips the content validator
  PATCH L7: practice_questions, exam_tip_html
  ok   #14 L8.practice_questions[1] [MEDIUM] F8: question form not set on this paper (a 4-mark 'Explain one consequence'/'Explain one cause'); rebuilt as a
  ok   #15 L8.practice_questions[2] [MEDIUM] F8: question form not set on this paper (a 4-mark 'Explain one consequence'/'Explain one cause'); rebuilt as a
  ok   #26 L8.content_html [HIGH] F17: Ralph de Gael was not Anglo-Saxon and fled to Brittany, as the lesson body itself says
  ok   #27 L8.content_html [LOW] F18: invented exam claim inside the article text
  ok   #34 L8.glossary_terms[1].definition [HIGH] F17: Ralph de Gael was not Anglo-Saxon and fled to Brittany
  ok   #49 L8.practice_questions[3].marks [LOW] F19: AO code written immediately before a full stop trips the content validator
  ok   #50 L8.practice_questions[4].marks [LOW] F19: AO code written immediately before a full stop trips the content validator
  PATCH L8: practice_questions, content_html, glossary_terms
=== 51 applied, 0 skipped, 8 lessons / 18 fields changed
