=== APPLY EDITS english-literature-edexcel/blood-brothers  98 edits  LIVE  2026-09-02T14:02:39.911Z
  ok   #0 L1.content_html [HIGH] F1: the post-1914 essay is 40 marks, not 25; also removes a banned spec code and component label
  ok   #48 L1.practice_questions[0]['marks'] [MEDIUM] F14: the ladder ran to 25 marks on a 40-mark question
  ok   #49 L1.practice_questions[1]['marks'] [MEDIUM] F14: the ladder ran to 25 marks on a 40-mark question
  ok   #50 L1.practice_questions[2]['marks'] [MEDIUM] F14: the ladder ran to 25 marks on a 40-mark question
  ok   #51 L1.practice_questions[3]['marks'] [MEDIUM] F14: the ladder ran to 25 marks on a 40-mark question
  ok   #52 L1.practice_questions[4]['marks'] [MEDIUM] F14: the ladder ran to 25 marks on a 40-mark question
  ok   #53 L1.practice_questions[5]['marks'] [MEDIUM] F14: the ladder ran to 25 marks on a 40-mark question
  PATCH L1: content_html, practice_questions
  ok   #5 L2.content_html [HIGH] F4: Mrs Lyons says the twins must not LEARN they were a pair; the wording was invented
  ok   #6 L2.content_html [HIGH] F4: corrected wording of the curse
  ok   #7 L2.content_html [HIGH] F4: corrected wording in the quotation list
  ok   #8 L2.practice_questions[1]['text'] [HIGH] F4: stimulus quotation corrected
  ok   #9 L2.flashcard_questions[7]['a'] [HIGH] F4: memorisation card carried the wrong wording
  ok   #13 L2.content_html [HIGH] F5: the Narrator's line is 'Of one womb born, on the self same day'; the twins die as adults, not on their bir
  ok   #14 L2.content_html [MEDIUM] F5: the opening line is in Liverpudlian dialect, not standard English
  ok   #15 L2.flashcard_questions[0]['a'] [HIGH] F5: memorisation card carried an invented composite quotation
  ok   #38 L2.content_html [MEDIUM] F10: the glossary entry gave the definition of a foil under the name 'Mrs Lyons'
  ok   #39 L2.glossary_terms[2]['term'] [MEDIUM] F10: term renamed to match its definition
  ok   #54 L2.practice_questions[0]['marks'] [MEDIUM] F14: the ladder ran to 25 marks on a 40-mark question
  ok   #55 L2.practice_questions[1]['marks'] [MEDIUM] F14: the ladder ran to 25 marks on a 40-mark question
  ok   #56 L2.practice_questions[2]['marks'] [MEDIUM] F14: the ladder ran to 25 marks on a 40-mark question
  ok   #57 L2.practice_questions[3]['marks'] [MEDIUM] F14: the ladder ran to 25 marks on a 40-mark question
  ok   #58 L2.practice_questions[4]['marks'] [MEDIUM] F14: the ladder ran to 25 marks on a 40-mark question
  ok   #59 L2.practice_questions[5]['marks'] [MEDIUM] F14: the ladder ran to 25 marks on a 40-mark question
  ok   #96 L2.practice_questions[5].text [MEDIUM] F15: stimulus spliced two songs; replaced with the real Bright New Day line (GradeSaver quotes page)
  PATCH L2: content_html, practice_questions, flashcard_questions, glossary_terms
  ok   #16 L3.content_html [HIGH] F6: the line belongs to Mickey
  ok   #17 L3.content_html [HIGH] F6: 'almost like real brothers' is not in the play; the line is Mickey's
  ok   #18 L3.flashcard_questions[3]['q'] [HIGH] F6: speaker corrected
  ok   #19 L3.flashcard_questions[3]['a'] [HIGH] F6: invented quotation replaced with the real line
  ok   #20 L3.content_html [HIGH] F7: Eddie says this to Mickey; the lesson's own earlier paragraph gets it right
  ok   #21 L3.content_html [MEDIUM] F8: Sammy never shoots a cat; he steals Mickey's toy gun and burns the school down
  ok   #22 L3.knowledge_checks[4]['left'][2] [MEDIUM] F8: invented plot detail in the answer key
  ok   #43 L3.exam_tip_html [MEDIUM] F12: 'AO1.' trips the banned spec-code pattern
  ok   #60 L3.practice_questions[0]['marks'] [MEDIUM] F14: the ladder ran to 25 marks on a 40-mark question
  ok   #61 L3.practice_questions[1]['marks'] [MEDIUM] F14: the ladder ran to 25 marks on a 40-mark question
  ok   #62 L3.practice_questions[2]['marks'] [MEDIUM] F14: the ladder ran to 25 marks on a 40-mark question
  ok   #63 L3.practice_questions[3]['marks'] [MEDIUM] F14: the ladder ran to 25 marks on a 40-mark question
  ok   #64 L3.practice_questions[4]['marks'] [MEDIUM] F14: the ladder ran to 25 marks on a 40-mark question; F8: cat detail removed
  ok   #65 L3.practice_questions[5]['marks'] [MEDIUM] F14: the ladder ran to 25 marks on a 40-mark question
  PATCH L3: content_html, flashcard_questions, knowledge_checks, exam_tip_html, practice_questions
  ok   #35 L4.practice_questions[4]['text'] [HIGH] F9: invented stimulus quotation removed
  ok   #66 L4.practice_questions[0]['marks'] [MEDIUM] F14: the ladder ran to 25 marks on a 40-mark question
  ok   #67 L4.practice_questions[1]['marks'] [MEDIUM] F14: the ladder ran to 25 marks on a 40-mark question
  ok   #68 L4.practice_questions[2]['marks'] [MEDIUM] F14: the ladder ran to 25 marks on a 40-mark question
  ok   #69 L4.practice_questions[3]['marks'] [MEDIUM] F14: the ladder ran to 25 marks on a 40-mark question
  ok   #70 L4.practice_questions[4]['marks'] [MEDIUM] F14: the ladder ran to 25 marks on a 40-mark question
  ok   #71 L4.practice_questions[5]['marks'] [MEDIUM] F14: the ladder ran to 25 marks on a 40-mark question
  ok   #97 L4.practice_questions[2].text [MEDIUM] F15: stimulus spliced two songs; replaced with the real Bright New Day line (GradeSaver quotes page)
  PATCH L4: practice_questions
  ok   #27 L5.content_html [HIGH] F9: Linda pleads with Mickey to STOP taking the pills; the quotation is invented and reverses her role
  ok   #28 L5.content_html [HIGH] F9: this analysis was built on an invented quotation
  ok   #29 L5.practice_questions[1]['text'] [HIGH] F9: invented stimulus quotation removed
  ok   #30 L5.knowledge_checks[2]['q'] [HIGH] F9: the answer key taught an invented line and reversed Linda's role
  ok   #31 L5.knowledge_checks[2]['options'] [HIGH] F9: options rewritten for the corrected question
  ok   #32 L5.knowledge_checks[2]['correct'] [HIGH] F9: 'pills' is now option index 1
  ok   #33 L5.flashcard_questions[6]['q'] [HIGH] F9: card taught an invented line
  ok   #34 L5.flashcard_questions[6]['a'] [HIGH] F9: replaced with what Linda actually does
  ok   #72 L5.practice_questions[0]['marks'] [MEDIUM] F14: the ladder ran to 25 marks on a 40-mark question
  ok   #73 L5.practice_questions[1]['marks'] [MEDIUM] F14: the ladder ran to 25 marks on a 40-mark question
  ok   #74 L5.practice_questions[2]['marks'] [MEDIUM] F14: the ladder ran to 25 marks on a 40-mark question
  ok   #75 L5.practice_questions[3]['marks'] [MEDIUM] F14: the ladder ran to 25 marks on a 40-mark question; F8: cat detail removed
  ok   #76 L5.practice_questions[4]['marks'] [MEDIUM] F14: the ladder ran to 25 marks on a 40-mark question
  ok   #77 L5.practice_questions[5]['marks'] [MEDIUM] F14: the ladder ran to 25 marks on a 40-mark question
  PATCH L5: content_html, practice_questions, knowledge_checks, flashcard_questions
  ok   #23 L6.content_html [MEDIUM] F8: Sammy burns the school down; the cat and the air rifle are invented
  ok   #47 L6.content_html [LOW] F13: she has seven children and is expecting twins; she raises eight, never nine
  ok   #78 L6.practice_questions[0]['marks'] [MEDIUM] F14: the ladder ran to 25 marks on a 40-mark question
  ok   #79 L6.practice_questions[1]['marks'] [MEDIUM] F14: the ladder ran to 25 marks on a 40-mark question
  ok   #80 L6.practice_questions[2]['marks'] [MEDIUM] F14: the ladder ran to 25 marks on a 40-mark question
  ok   #81 L6.practice_questions[3]['marks'] [MEDIUM] F14: the ladder ran to 25 marks on a 40-mark question
  ok   #82 L6.practice_questions[4]['marks'] [MEDIUM] F14: the ladder ran to 25 marks on a 40-mark question
  ok   #83 L6.practice_questions[5]['marks'] [MEDIUM] F14: the ladder ran to 25 marks on a 40-mark question
  PATCH L6: content_html, practice_questions
  ok   #24 L7.content_html [MEDIUM] F8: invented plot detail
  ok   #25 L7.content_html [MEDIUM] F8: no air rifle in the play
  ok   #26 L7.flashcard_questions[12]['a'] [MEDIUM] F8: no air rifle in the play
  ok   #40 L7.content_html [MEDIUM] F11: the definition given was foreshadowing, not a dramatic device
  ok   #41 L7.glossary_terms[3]['definition'] [MEDIUM] F11: definition corrected
  ok   #42 L7.exam_tip_html [MEDIUM] F12: 'Level 5' is a banned band name; the house ladder uses Top band
  ok   #84 L7.practice_questions[0]['marks'] [MEDIUM] F14: the ladder ran to 25 marks on a 40-mark question
  ok   #85 L7.practice_questions[1]['marks'] [MEDIUM] F14: the ladder ran to 25 marks on a 40-mark question
  ok   #86 L7.practice_questions[2]['marks'] [MEDIUM] F14: the ladder ran to 25 marks on a 40-mark question
  ok   #87 L7.practice_questions[3]['marks'] [MEDIUM] F14: the ladder ran to 25 marks on a 40-mark question
  ok   #88 L7.practice_questions[4]['marks'] [MEDIUM] F14: the ladder ran to 25 marks on a 40-mark question
  ok   #89 L7.practice_questions[5]['marks'] [MEDIUM] F14: the ladder ran to 25 marks on a 40-mark question
  PATCH L7: content_html, flashcard_questions, glossary_terms, exam_tip_html, practice_questions
  ok   #1 L8.conclusion_html [HIGH] F1: the essay is 40 marks, not 25
  ok   #2 L8.knowledge_checks[0]['options'] [HIGH] F2: the answer key marked 25 marks correct; the real total is 40
  ok   #3 L8.knowledge_checks[0]['correct'] [HIGH] F2: 40 marks is now option index 3
  ok   #4 L8.content_html [MEDIUM] F3: the mark split is AO1 16, AO3 16, AO4 8 - AO1 is not the heaviest
  ok   #10 L8.content_html [HIGH] F4: quotation bank corrected
  ok   #11 L8.practice_questions[4]['text'] [HIGH] F4: stimulus quotation corrected
  ok   #12 L8.flashcard_questions[8]['a'] [HIGH] F4: memorisation card corrected
  ok   #36 L8.content_html [HIGH] F9: an invented line sat in the memorisation bank; replaced with the real closing song
  ok   #37 L8.practice_questions[5]['text'] [HIGH] F9: invented stimulus quotation removed
  ok   #44 L8.flashcard_questions[0]['a'] [MEDIUM] F12: 'AO1.' trips the banned spec-code pattern
  ok   #45 L8.flashcard_questions[1]['a'] [MEDIUM] F12: 'AO3.' trips the banned spec-code pattern
  ok   #46 L8.flashcard_questions[2]['a'] [MEDIUM] F12: 'AO4.' trips the banned spec-code pattern
  ok   #90 L8.practice_questions[0]['marks'] [MEDIUM] F14: the ladder ran to 25 marks on a 40-mark question
  ok   #91 L8.practice_questions[1]['marks'] [MEDIUM] F14: the ladder ran to 25 marks on a 40-mark question
  ok   #92 L8.practice_questions[2]['marks'] [MEDIUM] F14: the ladder ran to 25 marks on a 40-mark question
  ok   #93 L8.practice_questions[3]['marks'] [MEDIUM] F14: the ladder ran to 25 marks on a 40-mark question
  ok   #94 L8.practice_questions[4]['marks'] [MEDIUM] F14: the ladder ran to 25 marks on a 40-mark question
  ok   #95 L8.practice_questions[5]['marks'] [MEDIUM] F14: the ladder ran to 25 marks on a 40-mark question; F9: invented Linda line removed
  PATCH L8: conclusion_html, knowledge_checks, content_html, practice_questions, flashcard_questions
=== 98 applied, 0 skipped, 8 lessons / 28 fields changed
