
=== RE-NARRATION (changed narrated text only) ===
backup: C:\Users\tshau\Documents\Study Vault\scripts\_retrofc\units\english-literature-edexcel__blood-brothers\_backup.json
unit:   english-literature-edexcel / blood-brothers
run: 2026-09-02T14:02:44Z  mode: LIVE
  L04: no narrated field changed -> skip

7 lessons, 21 clips to regenerate

  L01 (Ollie)  Context: Class Divide in 1980s Liverpool
      n2: In the post-1914 play question, you will answer one essay question on Blood Brothers , chosen from two options
             -> 360 KB, 30.7s, uploaded
      manifest updated (24 entries)
  L02 (Ada)  Mrs Johnstone & the Pact
      n2: Blood Brothers opens with the ending. The Narrator reveals that the twins were “Of one womb born, on the self 
             -> 356 KB, 30.4s, uploaded
      n3: The Narrator’s opening also establishes the play’s central question: “So did y’hear the story of the Johnstone
             -> 230 KB, 19.6s, uploaded
      n9: Mrs Lyons is presented as Mrs Johnstone’s foil — her opposite in wealth, class and temperament. She is wealthy
             -> 291 KB, 24.8s, uploaded
      n14: Once Mrs Johnstone agrees, Mrs Lyons makes her swear on the Bible — a binding oath in a Catholic community. Bu
             -> 287 KB, 24.5s, uploaded
      n16: Key Fact . Mrs Lyons’ superstition — “if either twin learns that he once was a pair… they shall both immediate
             -> 240 KB, 20.5s, uploaded
      n21: “if either twin learns that he once was a pair… they shall both immediately die” — The curse that binds Mrs Jo
             -> 95 KB, 8.1s, uploaded
      manifest updated (28 entries)
  L03 (Ollie)  Childhood: Mickey and Eddie Meet
      n4: Key Fact . When Mickey and Eddie discover they share the same birthday, Mickey says: “we were born on the same
             -> 238 KB, 20.4s, uploaded
      n14: The childhood scenes are filled with games: cowboys and Indians, guns, playing in the street. Russell presents
             -> 399 KB, 34.1s, uploaded
      n18: The childhood scenes are some of the funniest in the play. Eddie’s delight at Mickey’s slang (“You say smashin
             -> 249 KB, 21.3s, uploaded
      n22: When writing about the childhood scenes, always connect the innocence to the tragedy that follows. A strong es
             -> 328 KB, 28.0s, uploaded
      manifest updated (26 entries)
  L05 (Ollie)  The Tragic Ending
      n6: Prison devastates Mickey. When he is released, he is a changed man — withdrawn, numb, and dependent on antidep
             -> 342 KB, 29.2s, uploaded
      n9: The tablets become a motif of numbness in the second half of the play. Just as superstition cannot undo fate, 
             -> 132 KB, 11.3s, uploaded
      manifest updated (25 entries)
  L06 (Ada)  Character Analysis
      n2: Mrs Johnstone is the emotional heart of Blood Brothers . She is a working-class single mother, abandoned by he
             -> 248 KB, 21.1s, uploaded
      n26: Sammy is a minor but significant character. From childhood, he is associated with violence: he burns the schoo
             -> 366 KB, 31.3s, uploaded
      manifest updated (32 entries)
  L07 (Ollie)  Key Themes
      n20: Violence escalates throughout the play, from innocent childhood games to fatal adult confrontation. The childr
             -> 309 KB, 26.4s, uploaded
      n22: Adolescence: Sammy burning the school down — real destruction driven by boredom and lack of opportunity.
             -> 75 KB, 6.4s, uploaded
      n27: When writing a theme essay, structure your response around how Russell develops the theme across the play — fr
             -> 400 KB, 34.1s, uploaded
      manifest updated (31 entries)
  L08 (Ada)  Exam Technique & Key Quotations
      n17: AO1 and AO3 carry equal weight in this essay, so context earns as many marks as your reading of the play. To s
             -> 123 KB, 10.5s, uploaded
      n35: Key Fact . Class: “And do we blame superstition for what came to pass? Or could it be what we, the English, ha
             -> 521 KB, 44.5s, uploaded
      n46: The post-1914 play essay is worth 40 marks and assesses AO1 (personal response), AO3 (context), and AO4 (SPaG)
             -> 183 KB, 15.6s, uploaded
      manifest updated (48 entries)

Regenerated 21 clips.

=== VERIFY (ranged GET + freshness) ===
  206  L01 n2  bytes 0-3/368352  Last-Modified: Wed, 02 Sep 2026 14:02:52 GMT  mp3-sync=OK
  206  L02 n2  bytes 0-3/364320  Last-Modified: Wed, 02 Sep 2026 14:02:58 GMT  mp3-sync=OK
  206  L02 n3  bytes 0-3/235296  Last-Modified: Wed, 02 Sep 2026 14:03:02 GMT  mp3-sync=OK
  206  L02 n9  bytes 0-3/297504  Last-Modified: Wed, 02 Sep 2026 14:03:08 GMT  mp3-sync=OK
  206  L02 n14  bytes 0-3/293760  Last-Modified: Wed, 02 Sep 2026 14:03:13 GMT  mp3-sync=OK
  206  L02 n16  bytes 0-3/246240  Last-Modified: Wed, 02 Sep 2026 14:03:18 GMT  mp3-sync=OK
  206  L02 n21  bytes 0-3/97632  Last-Modified: Wed, 02 Sep 2026 14:03:20 GMT  mp3-sync=OK
  206  L03 n4  bytes 0-3/244224  Last-Modified: Wed, 02 Sep 2026 14:03:24 GMT  mp3-sync=OK
  206  L03 n14  bytes 0-3/408960  Last-Modified: Wed, 02 Sep 2026 14:03:31 GMT  mp3-sync=OK
  206  L03 n18  bytes 0-3/255456  Last-Modified: Wed, 02 Sep 2026 14:03:35 GMT  mp3-sync=OK
  206  L03 n22  bytes 0-3/335520  Last-Modified: Wed, 02 Sep 2026 14:03:40 GMT  mp3-sync=OK
  206  L05 n6  bytes 0-3/349920  Last-Modified: Wed, 02 Sep 2026 14:03:47 GMT  mp3-sync=OK
  206  L05 n9  bytes 0-3/135360  Last-Modified: Wed, 02 Sep 2026 14:03:50 GMT  mp3-sync=OK
  206  L06 n2  bytes 0-3/253728  Last-Modified: Wed, 02 Sep 2026 14:03:55 GMT  mp3-sync=OK
  206  L06 n26  bytes 0-3/375264  Last-Modified: Wed, 02 Sep 2026 14:04:00 GMT  mp3-sync=OK
  206  L07 n20  bytes 0-3/316800  Last-Modified: Wed, 02 Sep 2026 14:04:07 GMT  mp3-sync=OK
  206  L07 n22  bytes 0-3/77184  Last-Modified: Wed, 02 Sep 2026 14:04:09 GMT  mp3-sync=OK
  206  L07 n27  bytes 0-3/409536  Last-Modified: Wed, 02 Sep 2026 14:04:15 GMT  mp3-sync=OK
  206  L08 n17  bytes 0-3/126144  Last-Modified: Wed, 02 Sep 2026 14:04:18 GMT  mp3-sync=OK
  206  L08 n35  bytes 0-3/533376  Last-Modified: Wed, 02 Sep 2026 14:04:27 GMT  mp3-sync=OK
  206  L08 n46  bytes 0-3/186912  Last-Modified: Wed, 02 Sep 2026 14:04:30 GMT  mp3-sync=OK

21/21 clips verified HTTP 200/206 with fresh audio.
