=== APPLY EDITS english-literature-aqa/pride-and-prejudice  26 edits  LIVE  2026-09-02T00:03:56.487Z
  ok   #0 L2.flashcard_questions[10].q [MEDIUM] F10: Darcy first asks Elizabeth to dance at Sir William Lucas's party (ch. 6) and is refused. The Netherfield 
  PATCH L2: flashcard_questions
  ok   #1 L3.knowledge_checks[3].q [HIGH] F1: the words are Elizabeth's in her rebuttal (ch. 34), not Darcy's proposal. The lesson's own content_html sa
  ok   #2 L3.practice_questions[2].marks [MEDIUM] F4: 'against my will' is Elizabeth's line, not Darcy's; use his real opening.
  ok   #3 L3.content_html [MEDIUM] F6: ch. 36 reads 'How despicably have I acted!'; the two sentences are not adjacent, so mark the cut.
  ok   #4 L3.content_html [MEDIUM] F6: correct word order.
  ok   #5 L3.conclusion_html [MEDIUM] F6: correct word order.
  ok   #6 L3.exam_tip_html [MEDIUM] F6: correct word order.
  ok   #7 L3.practice_questions[0].text [MEDIUM] F6: the printed extract must match the novel.
  ok   #8 L3.knowledge_checks[2].q [MEDIUM] F6: correct word order in the cloze stem.
  ok   #9 L3.flashcard_questions[12].a [MEDIUM] F6: correct word order.
  ok   #10 L3.glossary_terms[5].definition [MEDIUM] F6: correct word order.
  PATCH L3: knowledge_checks, practice_questions, content_html, conclusion_html, exam_tip_html, flashcard_questions, glossary_terms
  ok   #11 L4.content_html [MEDIUM] F7: Mrs Reynolds says 'had', not 'known' (ch. 43).
  ok   #12 L4.flashcard_questions[3].a [MEDIUM] F7: verbatim wording, ch. 43.
  ok   #13 L4.content_html [MEDIUM] F8: that sentence is ch. 44, about Darcy's manner at Pemberley. Elizabeth only learns of the rescue in ch. 52.
  PATCH L4: content_html, flashcard_questions
  ok   #14 L5.content_html [HIGH] F9: fabricated quotation. Ch. 58 gives Elizabeth's reply in reported speech only.
  ok   #15 L5.exam_tip_html [MEDIUM] F3: 'against my will' is Elizabeth's line; the second phrase was invented. Both replacements are verbatim Darc
  ok   #16 L5.flashcard_questions[12].q [HIGH] F2: the quotation is Elizabeth's, not Darcy's (ch. 34).
  ok   #17 L5.flashcard_questions[12].a [HIGH] F2: verbatim from Elizabeth's rebuttal, ch. 34.
  PATCH L5: content_html, exam_tip_html, flashcard_questions
  ok   #18 L6.content_html [MEDIUM] F6: correct word order.
  ok   #19 L6.content_html [MEDIUM] F6: correct word order.
  ok   #20 L6.knowledge_checks[2].q [MEDIUM] F6: correct word order in the cloze stem.
  ok   #21 L6.flashcard_questions[0].a [MEDIUM] F6: correct word order.
  ok   #22 L6.practice_questions[1].marks [MEDIUM] F5: 'against my will' is Elizabeth's line, not Darcy's.
  PATCH L6: content_html, knowledge_checks, flashcard_questions, practice_questions
  ok   #23 L7.content_html [MEDIUM] F6: correct word order.
  ok   #24 L7.content_html [MEDIUM] F6: correct word order in the quotation bank.
  ok   #25 L7.flashcard_questions[2].a [MEDIUM] F6: correct word order.
  PATCH L7: content_html, flashcard_questions
=== 26 applied, 0 skipped, 6 lessons / 19 fields changed
