
=== RE-NARRATION (changed narrated text only) ===
backup: C:\Users\tshau\Documents\Study Vault\scripts\_retrofc\units\english-literature-aqa__pride-and-prejudice\_backup.json
unit:   english-literature-aqa / pride-and-prejudice
run: 2026-09-02T00:04:00Z  mode: LIVE
  L02: no narrated field changed -> skip

5 lessons, 12 clips to regenerate

  L03 (Ollie)  Wickham, Collins & Darcy's Letter
      n11: Elizabeth’s reaction is one of the great moments of self-recognition in English literature: “How despicably ha
             -> 322 KB, 27.5s, uploaded
      n12: Key Fact . Darcy’s letter reveals: (1) Wickham lied about everything — he squandered his inheritance and tried
             -> 386 KB, 33.0s, uploaded
      n14: Darcy’s letter is one of the most likely exam extracts. When analysing it, focus on both Darcy’s language (his
             -> 346 KB, 29.5s, uploaded
      n18: Darcy’s letter is the turning point: it exposes Wickham’s lies and forces Elizabeth to recognise her own preju
             -> 134 KB, 11.4s, uploaded
      manifest updated (18 entries)
  L04 (Ada)  Pemberley & Changed Perceptions
      n3: Elizabeth famously reflects: “And of this place I might have been mistress!” Austen uses free indirect discour
             -> 368 KB, 31.4s, uploaded
      n12: Key Fact . Darcy pays Wickham’s debts, buys his commission, and arranges the marriage — all secretly, expectin
             -> 325 KB, 27.7s, uploaded
      manifest updated (18 entries)
  L05 (Ollie)  Resolution & Marriage
      n7: The conversation is characterised by mutual honesty. Austen reports Elizabeth’s answer rather than quoting it:
             -> 338 KB, 28.8s, uploaded
      n14: Comparing the two proposals is a strong exam strategy for any question about character growth. Analyse the lan
             -> 292 KB, 24.9s, uploaded
      manifest updated (18 entries)
  L06 (Ada)  Character Analysis
      n3: Her key quotation of self-recognition — “How despicably have I acted! I, who have prided myself on my discernm
             -> 367 KB, 31.3s, uploaded
      n12: Key Fact . Elizabeth: “How despicably have I acted! I, who have prided myself on my discernment!” (self-recogn
             -> 309 KB, 26.4s, uploaded
      manifest updated (18 entries)
  L07 (Ollie)  Key Themes & Exam Technique
      n3: Key Fact . Pride/Prejudice: “How despicably have I acted!” (Elizabeth’s self-recognition). Marriage: “It is a 
             -> 428 KB, 36.5s, uploaded
      n7: “How despicably have I acted! I, who have prided myself on my discernment!” (Elizabeth, Ch. 36) — The moment o
             -> 152 KB, 12.9s, uploaded
      manifest updated (24 entries)

Regenerated 12 clips.

=== VERIFY (ranged GET + freshness) ===
  206  L03 n11  bytes 0-3/329760  Last-Modified: Wed, 02 Sep 2026 00:04:09 GMT  mp3-sync=OK
  206  L03 n12  bytes 0-3/395712  Last-Modified: Wed, 02 Sep 2026 00:04:15 GMT  mp3-sync=OK
  206  L03 n14  bytes 0-3/353952  Last-Modified: Wed, 02 Sep 2026 00:04:20 GMT  mp3-sync=OK
  206  L03 n18  bytes 0-3/137088  Last-Modified: Wed, 02 Sep 2026 00:04:23 GMT  mp3-sync=OK
  206  L04 n3  bytes 0-3/376704  Last-Modified: Wed, 02 Sep 2026 00:04:28 GMT  mp3-sync=OK
  206  L04 n12  bytes 0-3/332352  Last-Modified: Wed, 02 Sep 2026 00:04:33 GMT  mp3-sync=OK
  206  L05 n7  bytes 0-3/345888  Last-Modified: Wed, 02 Sep 2026 00:04:39 GMT  mp3-sync=OK
  206  L05 n14  bytes 0-3/298656  Last-Modified: Wed, 02 Sep 2026 00:04:43 GMT  mp3-sync=OK
  206  L06 n3  bytes 0-3/375840  Last-Modified: Wed, 02 Sep 2026 00:04:49 GMT  mp3-sync=OK
  206  L06 n12  bytes 0-3/316800  Last-Modified: Wed, 02 Sep 2026 00:04:54 GMT  mp3-sync=OK
  206  L07 n3  bytes 0-3/437760  Last-Modified: Wed, 02 Sep 2026 00:05:01 GMT  mp3-sync=OK
  206  L07 n7  bytes 0-3/155232  Last-Modified: Wed, 02 Sep 2026 00:05:04 GMT  mp3-sync=OK

12/12 clips verified HTTP 200/206 with fresh audio.
