
=== RE-NARRATION (changed blocks only) ===
run: 2026-08-30T13:03:48Z  mode: DRY RUN
  L08: no narrated field changed -> skip

7 lessons, 23 clips to regenerate

  L01 (Ollie)  Romantic Love
      n5: “Love’s Philosophy” — Percy Bysshe Shelley (1819)
           key: english-literature/love-and-relationships/narration_lesson-01_n5.mp3
      n11: “I think of thee! — my thoughts do twine and bud / About thee, as wild vines, about a tree
           key: english-literature/love-and-relationships/narration_lesson-01_n11.mp3
  L02 (Ada)  Family Love
      n2: Duffy imagines her mother’s life before she was born — young, glamorous, carefree. The spe
           key: english-literature/love-and-relationships/narration_lesson-02_n2.mp3
      n8: Day Lewis remembers watching his son walk away after his first game of football. The memor
           key: english-literature/love-and-relationships/narration_lesson-02_n8.mp3
  L03 (Ollie)  Loss & Distance
      n2: These poems explore what happens when love is lost, ended, or separated by distance or dea
           key: english-literature-aqa/love-and-relationships/narration_lesson-03_n2.mp3
      n9: “Letters from Yorkshire” — Maura Dooley (2002)
           key: english-literature-aqa/love-and-relationships/narration_lesson-03_n9.mp3
      n10: Dooley presents a long-distance relationship sustained by letters. The speaker (in a city)
           key: english-literature-aqa/love-and-relationships/narration_lesson-03_n10.mp3
      n11: The poem questions whether emotional connection can survive physical distance. Dooley’s an
           key: english-literature-aqa/love-and-relationships/narration_lesson-03_n11.mp3
      n12: Causley imagines his dead parents waiting for him on the other side of a stream — a bounda
           key: english-literature-aqa/love-and-relationships/narration_lesson-03_n12.mp3
      n13: The final lines — “I had not thought that it would be like this” — suggest that death is n
           key: english-literature-aqa/love-and-relationships/narration_lesson-03_n13.mp3
      n14: Key Fact . Causley uses precise, everyday details (H.P. sauce, tweed suit, tin cups painte
           key: english-literature-aqa/love-and-relationships/narration_lesson-03_n14.mp3
      n16: Dooley vs Causley: Both present love surviving distance or separation. Dooley’s lovers are
           key: english-literature-aqa/love-and-relationships/narration_lesson-03_n16.mp3
      n18: When comparing poems about loss, focus on the emotional response to loss, not just the fac
           key: english-literature-aqa/love-and-relationships/narration_lesson-03_n18.mp3
      n21: Dooley presents love surviving physical distance through letters and spiritual connection;
           key: english-literature-aqa/love-and-relationships/narration_lesson-03_n21.mp3
  L04 (Ada)  Desire & Relationships
      n7: The wife is described through nature imagery: “like a mouse,” “Shy as a leveret,” “Her eye
           key: english-literature-aqa/love-and-relationships/narration_lesson-04_n7.mp3
  L05 (Ollie)  Memory & Time
      n2: Sheers presents a couple whose relationship has been strained. They walk in silence after 
           key: english-literature-aqa/love-and-relationships/narration_lesson-05_n2.mp3
      n7: Physical details map onto the climbing metaphor: the grandfather’s “earth-stained hand” be
           key: english-literature-aqa/love-and-relationships/narration_lesson-05_n7.mp3
      n8: Causley’s “Eden Rock” fits the memory and time theme through its gentle re-creation of a c
           key: english-literature-aqa/love-and-relationships/narration_lesson-05_n8.mp3
      n10: Key Fact . Waterhouse’s mountaineering metaphor represents the effort of truly knowing som
           key: english-literature-aqa/love-and-relationships/narration_lesson-05_n10.mp3
  L06 (Ada)  Form, Structure & Language
      n11: Singh Song! (Nagra) uses a playful, irregular form with phonetic dialect, varying line len
           key: english-literature/love-and-relationships/narration_lesson-06_n11.mp3
      n19: Never just identify a technique — always explain its effect . Instead of “Sheers uses a si
           key: english-literature/love-and-relationships/narration_lesson-06_n19.mp3
  L07 (Ollie)  Comparison Skills
      n8: Loss/distance: Hardy + Byron (bitter vs grief-stricken), Dooley + Causley (physical distan
           key: english-literature/love-and-relationships/narration_lesson-07_n8.mp3
      n18: E vidence (Poem 1): Quote from the named poem. “Sheers describes the couple’s hands as ‘fo
           key: english-literature/love-and-relationships/narration_lesson-07_n18.mp3

=== RE-NARRATION (changed blocks only) ===
run: 2026-08-30T13:03:59Z  mode: LIVE
  L08: no narrated field changed -> skip

7 lessons, 23 clips to regenerate

  L01 (Ollie)  Romantic Love
      n5: “Love’s Philosophy” — Percy Bysshe Shelley (1819)
             -> 50 KB, 4.2s, uploaded
      n11: “I think of thee! — my thoughts do twine and bud / About thee, as wild vines, ab
             -> 355 KB, 30.3s, uploaded
      manifest updated (20 entries)
  L02 (Ada)  Family Love
      n2: Duffy imagines her mother’s life before she was born — young, glamorous, carefre
             -> 291 KB, 24.9s, uploaded
      n8: Day Lewis remembers watching his son walk away after his first game of football.
             -> 384 KB, 32.8s, uploaded
      manifest updated (20 entries)
  L03 (Ollie)  Loss & Distance
      n2: These poems explore what happens when love is lost, ended, or separated by dista
             -> 179 KB, 15.2s, uploaded
      n9: “Letters from Yorkshire” — Maura Dooley (2002)
             -> 48 KB, 4.1s, uploaded
      n10: Dooley presents a long-distance relationship sustained by letters. The speaker (
             -> 266 KB, 22.7s, uploaded
      n11: The poem questions whether emotional connection can survive physical distance. D
             -> 270 KB, 23.1s, uploaded
      n12: Causley imagines his dead parents waiting for him on the other side of a stream 
             -> 262 KB, 22.3s, uploaded
      n13: The final lines — “I had not thought that it would be like this” — suggest that 
             -> 238 KB, 20.4s, uploaded
      n14: Key Fact . Causley uses precise, everyday details (H.P. sauce, tweed suit, tin c
             -> 202 KB, 17.3s, uploaded
      n16: Dooley vs Causley: Both present love surviving distance or separation. Dooley’s 
             -> 194 KB, 16.6s, uploaded
      n18: When comparing poems about loss, focus on the emotional response to loss, not ju
             -> 240 KB, 20.4s, uploaded
      n21: Dooley presents love surviving physical distance through letters and spiritual c
             -> 108 KB, 9.2s, uploaded
      manifest updated (22 entries)
  L04 (Ada)  Desire & Relationships
      n7: The wife is described through nature imagery: “like a mouse,” “Shy as a leveret,
             -> 397 KB, 33.9s, uploaded
      manifest updated (18 entries)
  L05 (Ollie)  Memory & Time
      n2: Sheers presents a couple whose relationship has been strained. They walk in sile
             -> 257 KB, 21.9s, uploaded
      n7: Physical details map onto the climbing metaphor: the grandfather’s “earth-staine
             -> 337 KB, 28.8s, uploaded
      n8: Causley’s “Eden Rock” fits the memory and time theme through its gentle re-creat
             -> 294 KB, 25.1s, uploaded
      n10: Key Fact . Waterhouse’s mountaineering metaphor represents the effort of truly k
             -> 219 KB, 18.7s, uploaded
      manifest updated (19 entries)
  L06 (Ada)  Form, Structure & Language
      n11: Singh Song! (Nagra) uses a playful, irregular form with phonetic dialect, varyin
             -> 263 KB, 22.4s, uploaded
      n19: Never just identify a technique — always explain its effect . Instead of “Sheers
             -> 281 KB, 24.0s, uploaded
      manifest updated (23 entries)
  L07 (Ollie)  Comparison Skills
      n8: Loss/distance: Hardy + Byron (bitter vs grief-stricken), Dooley + Causley (physi
             -> 92 KB, 7.8s, uploaded
      n18: E vidence (Poem 1): Quote from the named poem. “Sheers describes the couple’s ha
             -> 122 KB, 10.4s, uploaded
      manifest updated (28 entries)

Regenerated 23 clips.

=== VERIFY (ranged GET + freshness) ===
  206  L01 n5  Last-Modified: Sun, 30 Aug 2026 13:04:03 GMT  mp3-sync=OK
  206  L01 n11  Last-Modified: Sun, 30 Aug 2026 13:04:08 GMT  mp3-sync=OK
  206  L02 n2  Last-Modified: Sun, 30 Aug 2026 13:04:13 GMT  mp3-sync=OK
  206  L02 n8  Last-Modified: Sun, 30 Aug 2026 13:04:18 GMT  mp3-sync=OK
  206  L03 n2  Last-Modified: Sun, 30 Aug 2026 13:04:22 GMT  mp3-sync=OK
  206  L03 n9  Last-Modified: Sun, 30 Aug 2026 13:04:23 GMT  mp3-sync=OK
  206  L03 n10  Last-Modified: Sun, 30 Aug 2026 13:04:27 GMT  mp3-sync=OK
  206  L03 n11  Last-Modified: Sun, 30 Aug 2026 13:04:32 GMT  mp3-sync=OK
  206  L03 n12  Last-Modified: Sun, 30 Aug 2026 13:04:36 GMT  mp3-sync=OK
  206  L03 n13  Last-Modified: Sun, 30 Aug 2026 13:04:39 GMT  mp3-sync=OK
  206  L03 n14  Last-Modified: Sun, 30 Aug 2026 13:04:43 GMT  mp3-sync=OK
  206  L03 n16  Last-Modified: Sun, 30 Aug 2026 13:04:46 GMT  mp3-sync=OK
  206  L03 n18  Last-Modified: Sun, 30 Aug 2026 13:04:50 GMT  mp3-sync=OK
  206  L03 n21  Last-Modified: Sun, 30 Aug 2026 13:04:52 GMT  mp3-sync=OK
  206  L04 n7  Last-Modified: Sun, 30 Aug 2026 13:04:58 GMT  mp3-sync=OK
  206  L05 n2  Last-Modified: Sun, 30 Aug 2026 13:05:02 GMT  mp3-sync=OK
  206  L05 n7  Last-Modified: Sun, 30 Aug 2026 13:05:07 GMT  mp3-sync=OK
  206  L05 n8  Last-Modified: Sun, 30 Aug 2026 13:05:11 GMT  mp3-sync=OK
  206  L05 n10  Last-Modified: Sun, 30 Aug 2026 13:05:15 GMT  mp3-sync=OK
  206  L06 n11  Last-Modified: Sun, 30 Aug 2026 13:05:19 GMT  mp3-sync=OK
  206  L06 n19  Last-Modified: Sun, 30 Aug 2026 13:05:23 GMT  mp3-sync=OK
  206  L07 n8  Last-Modified: Sun, 30 Aug 2026 13:05:25 GMT  mp3-sync=OK
  206  L07 n18  Last-Modified: Sun, 30 Aug 2026 13:05:27 GMT  mp3-sync=OK

23/23 clips verified fresh + playable.
