=== APPLY EDITS history-aqa/america-opportunity-inequality  82 edits  LIVE  2026-09-05T19:40:26.099Z
  ok   #0 L1.content_html [MEDIUM] F1: a $300 car was about three months' wages for a worker on $25-30 a week, not three weeks'; the claim contra
  ok   #1 L1.content_html [MEDIUM] F2: the tariff set the average rate on dutiable imports at about 38.5%; it did not raise duties BY 38%.
  ok   #2 L1.flashcard_questions[8].a [MEDIUM] F2: 'to an average of 38%', not 'by 38%'.
  ok   #3 L1.knowledge_checks[4].right[0] [MEDIUM] F2: 'to an average of 38%', not 'by 38%'.
  ok   #4 L1.practice_questions[2].marks [MEDIUM] F2: mark scheme repeated 'by 38%'.
  ok   #5 L1.practice_questions[5].marks [MEDIUM] F2: mark scheme repeated 'by 38%'.
  ok   #6 L1.exam_tip_html [MEDIUM] F3: invented examiner claim removed.
  PATCH L1: content_html, flashcard_questions, knowledge_checks, practice_questions, exam_tip_html
  ok   #7 L2.content_html [MEDIUM] F4: refrigerators were still rare (this unit gives annual sales of about 800,000 by 1929 against 30 million ho
  ok   #8 L2.content_html [MEDIUM] F5: contradicted the lesson's own key fact of around three million shareholders.
  ok   #9 L2.exam_tip_html [MEDIUM] F6: invented mark-scheme claim removed.
  PATCH L2: content_html, exam_tip_html
  ok   #10 L3.conclusion_html [MEDIUM] F7: the lesson, its flashcards and its mark schemes all say about 100 million a week.
  ok   #11 L3.content_html [MEDIUM] F8: 10 million sets against about 30 million households is a third; Lesson 9 says radio reached 28 million hou
  ok   #12 L3.content_html [MEDIUM] F9: the 1926 Philadelphia fight took about $1.9 million; the September 1927 Chicago rematch was the first $2 m
  ok   #13 L3.practice_questions[3].marks [MEDIUM] F9: mark scheme repeated the wrong fight.
  ok   #14 L3.content_html [LOW] F10: 60 hours was the working week, not a single shift.
  ok   #15 L3.content_html [MEDIUM] F11: Garbo was already a silent star (from 1925) who made the transition; she was not a new performer created 
  ok   #16 L3.exam_tip_html [MEDIUM] F12: invented examiner claim removed.
  ok   #17 L3.flashcard_questions[6].a [LOW] F13: bare one-word answer given a fuller answer.
  ok   #18 L3.flashcard_questions[9].a [LOW] F13: bare answer given a fuller answer.
  PATCH L3: conclusion_html, content_html, practice_questions, exam_tip_html, flashcard_questions
  ok   #19 L4.content_html [MEDIUM] F14: the movement dates from the 1840s (Seneca Falls 1848), as this lesson's own glossary says.
  ok   #20 L4.content_html [MEDIUM] F15: the quoted phrase is a paraphrase, not Wilson's words; he addressed the Senate on 30 September 1918, and 
  ok   #21 L4.content_html [MEDIUM] F16: the amendment covers every election, state and federal, not federal elections only.
  ok   #22 L4.knowledge_checks[0].options[1] [MEDIUM] F16: the correct option itself misdescribed the amendment.
  ok   #23 L4.flashcard_questions[0].a [MEDIUM] F16: the amendment is not limited to federal elections.
  ok   #24 L4.practice_questions[1].marks [MEDIUM] F16: mark scheme repeated 'federal elections'.
  ok   #25 L4.content_html [MEDIUM] F17: only about 3% of farm homes had electricity in the early 1930s, before the Rural Electrification Administ
  ok   #26 L4.flashcard_questions[7].a [MEDIUM] F17: farm electrification was about 3% in the early 1930s.
  ok   #27 L4.practice_questions[3].marks [MEDIUM] F17: mark scheme repeated the 25% figure.
  ok   #28 L4.exam_tip_html [MEDIUM] F18: invented examiner claim removed.
  ok   #29 L4.flashcard_questions[2].a [LOW] F19: bare answer given a fuller answer.
  PATCH L4: content_html, knowledge_checks, flashcard_questions, practice_questions, exam_tip_html
  ok   #30 L5.exam_tip_html [HIGH] F20: the period study has no 'explain the significance' question; its six questions are interpretations (4, 4,
  ok   #31 L5.exam_tip_html [MEDIUM] F20: the essay is built on two identified aspects, not four.
  ok   #32 L5.practice_questions[5].text [MEDIUM] F21: reworded to the 8-mark question form this paper actually uses.
  ok   #33 L5.content_html [MEDIUM] F22: July 1921 to August 1927 is six years of appeals.
  ok   #34 L5.flashcard_questions[11].a [MEDIUM] F22: six years, not seven.
  ok   #35 L5.practice_questions[5].marks [MEDIUM] F22: six years, not seven.
  ok   #36 L5.content_html [MEDIUM] F23: invented examiner claim inside content_html removed.
  ok   #37 L5.content_html [MEDIUM] F24: invented examiner claim inside content_html removed.
  PATCH L5: exam_tip_html, practice_questions, content_html, flashcard_questions
  ok   #38 L6.content_html [MEDIUM] F25: the Anacostia Flats lie across the Anacostia River, not the Potomac.
  ok   #39 L6.exam_tip_html [MEDIUM] F26: invented examiner claim removed.
  PATCH L6: content_html, exam_tip_html
  ok   #40 L8.content_html [MEDIUM] F28: there were only about 30 million American households in 1933; Lesson 9 says radio reached 28 million hous
  ok   #41 L8.flashcard_questions[2].a [MEDIUM] F28: impossible household figure removed.
  ok   #42 L8.practice_questions[3].marks [MEDIUM] F28: impossible household figure removed.
  ok   #43 L8.practice_questions[4].marks [MEDIUM] F28/F29: impossible radio-household figure removed and the Hoover Dam replaced with a genuine PWA project.
  ok   #44 L8.content_html [MEDIUM] F29: the Hoover Dam was begun in 1931 under Hoover (Lesson 7 says so); Grand Coulee is the PWA dam.
  ok   #45 L8.flashcard_questions[10].a [MEDIUM] F29: Hoover Dam replaced with a genuine PWA project.
  ok   #46 L8.exam_tip_html [MEDIUM] F30: invented examiner claim removed.
  ok   #47 L8.content_html [LOW] F31: the 1933 Act's limit was $2,500; $5,000 came with the Banking Act of 1935.
  PATCH L8: content_html, flashcard_questions, practice_questions, exam_tip_html
  ok   #48 L9.content_html [MEDIUM] F32: Lange photographed for the Resettlement Administration and its successor the FSA, not the WPA's Federal P
  ok   #49 L9.exam_tip_html [MEDIUM] F33: invented examiner claim removed.
  ok   #50 L9.content_html [LOW] F34: the lesson itself says Native Americans gained under the 1934 Indian Reorganization Act; the conclusion l
  ok   #51 L9.flashcard_questions[2].a [MEDIUM] F35: comma-list answer replaced with a single idea.
  PATCH L9: content_html, exam_tip_html, flashcard_questions
  ok   #52 L10.content_html [MEDIUM] F36: 15,533 sorties in 1,578 missions; the 'never lost a bomber' claim is a myth - 27 escorted bombers were sh
  ok   #53 L10.content_html [MEDIUM] F36: sorties, not missions.
  ok   #54 L10.glossary_terms[2].definition [MEDIUM] F36: glossary repeated the missions figure and the 'never lost a bomber' myth.
  ok   #55 L10.flashcard_questions[8].a [MEDIUM] F36: sorties, not missions.
  ok   #56 L10.knowledge_checks[3].q [MEDIUM] F36: sorties, not missions.
  ok   #57 L10.flashcard_questions[0].a [LOW] F52: bare answer given a fuller answer.
  ok   #58 L10.flashcard_questions[2].a [LOW] F52: bare answer given a fuller answer.
  ok   #59 L10.flashcard_questions[13].a [LOW] F52: bare answer given a fuller answer.
  PATCH L10: content_html, glossary_terms, flashcard_questions, knowledge_checks
  ok   #60 L11.content_html [MEDIUM] F37: 16 minutes was the interval between completed houses at peak, not the labour a house took.
  ok   #61 L11.exam_tip_html [MEDIUM] F38: invented claims about what is common and what examiners reward removed.
  ok   #62 L11.flashcard_questions[11].q [MEDIUM] F39: list answer replaced (a comma list fails the validator).
  ok   #63 L11.flashcard_questions[11].a [MEDIUM] F39: list answer replaced with one idea.
  PATCH L11: content_html, exam_tip_html, flashcard_questions
  ok   #64 L12.content_html [MEDIUM] F40: Julius was arrested on 17 July 1950 and Ethel on 11 August 1950.
  ok   #65 L12.practice_questions[2].marks [MEDIUM] F40: July, not June.
  ok   #66 L12.practice_questions[4].marks [MEDIUM] F40: July and August, not June.
  ok   #67 L12.content_html [MEDIUM] F41: Nixon pursued Hiss as a member of HUAC; a US attorney prosecuted the perjury trials.
  ok   #68 L12.flashcard_questions[9].q [MEDIUM] F41: a congressman could not prosecute the case.
  ok   #69 L12.content_html [MEDIUM] F42: McCarthy only chaired that committee from January 1953, as the lesson's own mark scheme says.
  ok   #70 L12.content_html [LOW] F43: the remark was private, so 'said publicly' contradicted itself.
  ok   #71 L12.exam_tip_html [MEDIUM] F44: claim about what is common in the exam removed.
  ok   #72 L12.flashcard_questions[1].q [MEDIUM] F45: list answer replaced (a comma list fails the validator).
  ok   #73 L12.flashcard_questions[1].a [MEDIUM] F45: list answer replaced with one idea.
  PATCH L12: content_html, practice_questions, flashcard_questions, exam_tip_html
  ok   #74 L13.content_html [MEDIUM] F46: invented examiner claim inside content_html removed.
  ok   #75 L13.exam_tip_html [MEDIUM] F47: invented examiner claim removed.
  PATCH L13: content_html, exam_tip_html
  ok   #76 L14.content_html [MEDIUM] F48: 16,899 is the death toll for 1968 alone; the cumulative total by the end of 1968 was about 36,900.
  ok   #77 L14.exam_tip_html [MEDIUM] F49: invented examiner claim removed.
  ok   #78 L14.flashcard_questions[0].a [LOW] F51: bare answer given a fuller answer.
  ok   #79 L14.content_html [MEDIUM] F50 ruling: 1971 decision, spec link kept.
  ok   #80 L14.conclusion_html [MEDIUM] F50 ruling.
  ok   #81 L14.practice_questions[4].marks [MEDIUM] F50 ruling: mark scheme date.
  PATCH L14: content_html, exam_tip_html, flashcard_questions, conclusion_html, practice_questions
=== 82 applied, 0 skipped, 13 lessons / 48 fields changed
