
=== RE-NARRATION (changed narrated text only) ===
backup: C:\Users\tshau\Documents\Study Vault\scripts\_retrofc\units\history-aqa__america-opportunity-inequality\_backup.json
unit:   history-aqa / america-opportunity-inequality
run: 2026-09-05T19:40:32Z  mode: LIVE

13 lessons, 43 clips to regenerate

  L01 (Ollie)  The Boom: Consumerism, Mass Production and Republican Policy
      n2: In 1920 a Model T Ford cost a worker about three months’ wages. By 1925 mass production had cut the price to u
             -> 395 KB, 33.7s, uploaded
      n13: Key Fact . The Fordney–McCumber Tariff (1922) raised the average duty on taxed imports to about 38%. Combined 
             -> 237 KB, 20.2s, uploaded
      n18: For an 8-mark Explain Effects question on the Boom, do not just list industries that grew — track the chain. A
             -> 392 KB, 33.5s, uploaded
      manifest updated (22 entries)
  L02 (Ada)  Wall Street Boom and the Inequalities Beneath It
      n2: If Lesson 1 explained how the Boom worked for middle-class buyers, Lesson 2 looks at where their money went an
             -> 381 KB, 32.5s, uploaded
      n8: Most ordinary Americans never bought shares — those three million shareholders came from a country of 30 milli
             -> 225 KB, 19.2s, uploaded
      n20: For an 8-mark Explain Effects question on the Wall Street Boom, do not stop at ‘share prices rose’. Show three
             -> 433 KB, 37.0s, uploaded
      manifest updated (24 entries)
  L03 (Ollie)  Entertainment, Cinema and the Jazz Age
      n2: For the first time in American history, ordinary working people had spare cash and shorter working weeks. The 
             -> 396 KB, 33.8s, uploaded
      n6: In 1927 Warner Brothers released The Jazz Singer , the first feature with synchronised dialogue. The arrival o
             -> 294 KB, 25.1s, uploaded
      n9: Radio arrived in homes faster than any previous technology. The first commercial broadcast went out in Novembe
             -> 448 KB, 38.3s, uploaded
      n14: Sport became its own industry. Babe Ruth’s 60-home-run season in 1927 made baseball a national obsession; Yank
             -> 408 KB, 34.9s, uploaded
      n17: For an Explain Effects question on 1920s popular culture, use the four industries (cinema, radio, jazz, sport)
             -> 418 KB, 35.7s, uploaded
      n19: Cinema (about 100 million tickets a week by 1929) and the arrival of talkies in 1927 turned Hollywood into a g
             -> 112 KB, 9.6s, uploaded
      manifest updated (21 entries)
  L04 (Ada)  The Position of Women: Flappers and Their Limits
      n3: Key Fact . In 1920 the 19th Amendment stopped any state denying women the vote. Across the decade flappers als
             -> 256 KB, 21.9s, uploaded
      n5: The 19th Amendment was the political symbol of the change but it had been a long fight: the suffrage movement 
             -> 405 KB, 34.5s, uploaded
      n6: Wyoming had given women the vote as early as 1869 as a territory, and by 1918 fifteen states had followed. The
             -> 598 KB, 51.0s, uploaded
      n7: Domestic life shifted for those who could afford it. Electricity reached around 70% of urban households by 192
             -> 413 KB, 35.2s, uploaded
      n18: For a 12-mark Period Essay on women in the 1920s, do not just describe flappers — argue. The weakest answers t
             -> 401 KB, 34.2s, uploaded
      manifest updated (22 entries)
  L05 (Ollie)  A Divided Society: Prohibition, Crime, the Klan and the Red Scare
      n13: The Klan, Prohibition and the immigration Acts shared a base of supporters and a shared anxiety. By 1920 over 
             -> 612 KB, 52.2s, uploaded
      n16: In April 1920 a paymaster and a guard were shot dead in a robbery at a shoe factory in Massachusetts. Two Ital
             -> 555 KB, 47.4s, uploaded
      n17: Key Fact . The Sacco and Vanzetti case (1920–27) is named in the spec because it captures three forces in one 
             -> 240 KB, 20.5s, uploaded
      n18: For an 8-mark question on Sacco and Vanzetti, do not just describe the trial. Explain why historians remember 
             -> 421 KB, 35.9s, uploaded
      manifest updated (22 entries)
  L06 (Ada)  From Wall Street Crash to Depression America
      n16: In summer 1932 around 17,000 unemployed First World War veterans — the Bonus Army — marched on Washington with
             -> 651 KB, 55.5s, uploaded
      n18: For an 8-mark Explain Effects question on the Wall Street Crash, do not stop at ‘people lost their savings’. T
             -> 501 KB, 42.7s, uploaded
      manifest updated (22 entries)
  L08 (Ada)  The First New Deal: Hundred Days and the Alphabet Agencies
      n6: In June 1933 the Glass-Steagall Act went further: it created the Federal Deposit Insurance Corporation (FDIC),
             -> 309 KB, 26.3s, uploaded
      n13: The National Recovery Administration (NRA), launched in June 1933, set codes of fair competition for industry 
             -> 483 KB, 41.3s, uploaded
      n16: The Hundred Days did more than create agencies. They redrew the relationship between Washington and ordinary A
             -> 530 KB, 45.2s, uploaded
      n18: For the 8-mark Explain Effects question, do not list agencies. Pick two or three effects (banking confidence, 
             -> 400 KB, 34.1s, uploaded
      manifest updated (22 entries)
  L09 (Ollie)  Effectiveness, Opposition and the Second New Deal
      n3: Key Fact . The New Deal helped industrial workers, farmers and the elderly — through union recognition, AAA pa
             -> 246 KB, 20.9s, uploaded
      n15: Even at the worst of the Depression, around 60 million Americans went to the cinema each week. Hollywood produ
             -> 530 KB, 45.2s, uploaded
      n19: For 8-mark Evaluate questions on New Deal effectiveness, the strongest answers handle the ‘helped some, failed
             -> 386 KB, 33.0s, uploaded
      manifest updated (23 entries)
  L10 (Ada)  The Second World War and American Recovery
      n13: During the war around 1.5 million African-Americans moved from the South to northern and western cities for wa
             -> 414 KB, 35.4s, uploaded
      manifest updated (25 entries)
  L11 (Ollie)  Post-war Prosperity, Consumerism and the American Dream
      n6: Suburbs grew faster than any other kind of community. William Levitt mass-produced houses on a Long Island pot
             -> 475 KB, 40.6s, uploaded
      n18: For the 4-mark Compare Interpretations question, show the ‘opportunity for whom, inequality for whom?’ tension
             -> 330 KB, 28.2s, uploaded
      manifest updated (22 entries)
  L12 (Ada)  McCarthyism and the Red Scare of the 1950s
      n9: Two espionage cases convinced wavering Americans that the threat was real. Alger Hiss, a former senior State D
             -> 375 KB, 32.0s, uploaded
      n10: In July 1950 Julius Rosenberg, a New York electrical engineer, was arrested on charges of passing American ato
             -> 489 KB, 41.7s, uploaded
      n13: Through 1950 to 1954 McCarthy hunted alleged Communists in the State Department, the Voice of America, the Gov
             -> 617 KB, 52.7s, uploaded
      n19: For 4-mark Why Interpretations Differ questions on McCarthyism, expect two sharply opposed views — one defendi
             -> 501 KB, 42.7s, uploaded
      manifest updated (23 entries)
  L13 (Ollie)  Civil Rights: Segregation, Martin Luther King and the 1964 Act
      n17: A recurring weakness is collapsing civil rights into ‘Martin Luther King had a dream and signed the Civil Righ
             -> 552 KB, 47.1s, uploaded
      n19: For 8-mark Evaluate questions on King vs Malcolm X, the strongest answers handle them as connected strands of 
             -> 385 KB, 32.9s, uploaded
      manifest updated (23 entries)
  L14 (Ada)  The Great Society, Feminism and Roe v Wade
      n7: The Great Society was undermined by Johnson’s own Vietnam War. American military spending in Vietnam rose from
             -> 554 KB, 47.3s, uploaded
      n12: The Equal Pay Act of June 1963, signed by Kennedy, made it illegal to pay men and women different wages for eq
             -> 737 KB, 62.9s, uploaded
      n18: For 8-mark Evaluate questions on the Great Society, do not treat Vietnam as separate from the reform programme
             -> 452 KB, 38.6s, uploaded
      n21: Friedan’s The Feminine Mystique (1963) and the founding of NOW (1966) launched the new women’s movement; the E
             -> 245 KB, 20.9s, uploaded
      manifest updated (22 entries)

Regenerated 43 clips.

=== VERIFY (ranged GET + freshness) ===
  206  L01 n2  bytes 0-3/404064  Last-Modified: Sat, 05 Sep 2026 19:40:42 GMT  mp3-sync=OK
  206  L01 n13  bytes 0-3/242496  Last-Modified: Sat, 05 Sep 2026 19:40:47 GMT  mp3-sync=OK
  206  L01 n18  bytes 0-3/401760  Last-Modified: Sat, 05 Sep 2026 19:40:54 GMT  mp3-sync=OK
  206  L02 n2  bytes 0-3/389664  Last-Modified: Sat, 05 Sep 2026 19:41:01 GMT  mp3-sync=OK
  206  L02 n8  bytes 0-3/230112  Last-Modified: Sat, 05 Sep 2026 19:41:05 GMT  mp3-sync=OK
  206  L02 n20  bytes 0-3/443520  Last-Modified: Sat, 05 Sep 2026 19:41:13 GMT  mp3-sync=OK
  206  L03 n2  bytes 0-3/405792  Last-Modified: Sat, 05 Sep 2026 19:41:20 GMT  mp3-sync=OK
  206  L03 n6  bytes 0-3/300960  Last-Modified: Sat, 05 Sep 2026 19:41:25 GMT  mp3-sync=OK
  206  L03 n9  bytes 0-3/459072  Last-Modified: Sat, 05 Sep 2026 19:41:32 GMT  mp3-sync=OK
  206  L03 n14  bytes 0-3/418176  Last-Modified: Sat, 05 Sep 2026 19:41:38 GMT  mp3-sync=OK
  206  L03 n17  bytes 0-3/428256  Last-Modified: Sat, 05 Sep 2026 19:41:46 GMT  mp3-sync=OK
  206  L03 n19  bytes 0-3/114912  Last-Modified: Sat, 05 Sep 2026 19:41:48 GMT  mp3-sync=OK
  206  L04 n3  bytes 0-3/262368  Last-Modified: Sat, 05 Sep 2026 19:41:53 GMT  mp3-sync=OK
  206  L04 n5  bytes 0-3/414432  Last-Modified: Sat, 05 Sep 2026 19:41:59 GMT  mp3-sync=OK
  206  L04 n6  bytes 0-3/612576  Last-Modified: Sat, 05 Sep 2026 19:42:08 GMT  mp3-sync=OK
  206  L04 n7  bytes 0-3/422496  Last-Modified: Sat, 05 Sep 2026 19:42:14 GMT  mp3-sync=OK
  206  L04 n18  bytes 0-3/410400  Last-Modified: Sat, 05 Sep 2026 19:42:21 GMT  mp3-sync=OK
  206  L05 n13  bytes 0-3/626688  Last-Modified: Sat, 05 Sep 2026 19:42:32 GMT  mp3-sync=OK
  206  L05 n16  bytes 0-3/568512  Last-Modified: Sat, 05 Sep 2026 19:42:40 GMT  mp3-sync=OK
  206  L05 n17  bytes 0-3/245952  Last-Modified: Sat, 05 Sep 2026 19:42:44 GMT  mp3-sync=OK
  206  L05 n18  bytes 0-3/431136  Last-Modified: Sat, 05 Sep 2026 19:42:51 GMT  mp3-sync=OK
  206  L06 n16  bytes 0-3/666432  Last-Modified: Sat, 05 Sep 2026 19:43:00 GMT  mp3-sync=OK
  206  L06 n18  bytes 0-3/512640  Last-Modified: Sat, 05 Sep 2026 19:43:07 GMT  mp3-sync=OK
  206  L08 n6  bytes 0-3/315936  Last-Modified: Sat, 05 Sep 2026 19:43:12 GMT  mp3-sync=OK
  206  L08 n13  bytes 0-3/495072  Last-Modified: Sat, 05 Sep 2026 19:43:19 GMT  mp3-sync=OK
  206  L08 n16  bytes 0-3/542592  Last-Modified: Sat, 05 Sep 2026 19:43:28 GMT  mp3-sync=OK
  206  L08 n18  bytes 0-3/409248  Last-Modified: Sat, 05 Sep 2026 19:43:35 GMT  mp3-sync=OK
  206  L09 n3  bytes 0-3/251424  Last-Modified: Sat, 05 Sep 2026 19:43:40 GMT  mp3-sync=OK
  206  L09 n15  bytes 0-3/542880  Last-Modified: Sat, 05 Sep 2026 19:43:48 GMT  mp3-sync=OK
  206  L09 n19  bytes 0-3/395424  Last-Modified: Sat, 05 Sep 2026 19:43:53 GMT  mp3-sync=OK
  206  L10 n13  bytes 0-3/424224  Last-Modified: Sat, 05 Sep 2026 19:44:02 GMT  mp3-sync=OK
  206  L11 n6  bytes 0-3/486720  Last-Modified: Sat, 05 Sep 2026 19:44:10 GMT  mp3-sync=OK
  206  L11 n18  bytes 0-3/338400  Last-Modified: Sat, 05 Sep 2026 19:44:15 GMT  mp3-sync=OK
  206  L12 n9  bytes 0-3/384192  Last-Modified: Sat, 05 Sep 2026 19:44:21 GMT  mp3-sync=OK
  206  L12 n10  bytes 0-3/500256  Last-Modified: Sat, 05 Sep 2026 19:44:28 GMT  mp3-sync=OK
  206  L12 n13  bytes 0-3/631872  Last-Modified: Sat, 05 Sep 2026 19:44:38 GMT  mp3-sync=OK
  206  L12 n19  bytes 0-3/512640  Last-Modified: Sat, 05 Sep 2026 19:44:47 GMT  mp3-sync=OK
  206  L13 n17  bytes 0-3/564768  Last-Modified: Sat, 05 Sep 2026 19:44:56 GMT  mp3-sync=OK
  206  L13 n19  bytes 0-3/394272  Last-Modified: Sat, 05 Sep 2026 19:45:03 GMT  mp3-sync=OK
  206  L14 n7  bytes 0-3/567648  Last-Modified: Sat, 05 Sep 2026 19:45:11 GMT  mp3-sync=OK
  206  L14 n12  bytes 0-3/755136  Last-Modified: Sat, 05 Sep 2026 19:45:21 GMT  mp3-sync=OK
  206  L14 n18  bytes 0-3/463104  Last-Modified: Sat, 05 Sep 2026 19:45:28 GMT  mp3-sync=OK
  206  L14 n21  bytes 0-3/250848  Last-Modified: Sat, 05 Sep 2026 19:45:33 GMT  mp3-sync=OK

43/43 clips verified HTTP 200/206 with fresh audio.
