=== APPLY EDITS drama-aqa/practitioners-styles  15 edits  LIVE  2026-09-06T02:02:33.366Z
  ok   #0 L1.content_html [MEDIUM] F1: AQA does not prescribe Stanislavski or a required list of five techniques.
  PATCH L1: content_html
  ok   #5 L3.content_html [HIGH] F2 ruling: source-faithful central-audience staging.
  PATCH L3: content_html
  ok   #1 L4.content_html [MEDIUM] F3: Vicki Middleton is also a co-founder.
  ok   #2 L4.flashcard_questions[1].a [MEDIUM] F4: The founder flashcard must include Vicki Middleton.
  ok   #3 L4.content_html [MEDIUM] F5: Complicite had four founders, not one.
  ok   #4 L4.content_html [MEDIUM] F6: AQA does not prescribe practitioners, and Berkoff is a practitioner rather than a company.
  ok   #6 L4.content_html [MEDIUM] F7 ruling.
  ok   #7 L4.content_html [MEDIUM] F7 ruling.
  ok   #8 L4.content_html [MEDIUM] F7 ruling.
  ok   #9 L4.content_html [MEDIUM] F7 ruling.
  ok   #10 L4.conclusion_html [MEDIUM] F7 ruling: Frantic Assembly's building block is round/by/through.
  ok   #11 L4.exam_tip_html [MEDIUM] F7 ruling: Frantic Assembly's building block is round/by/through.
  ok   #12 L4.flashcard_questions[2].q [MEDIUM] F7 ruling.
  ok   #13 L4.knowledge_checks[4].right[0] [MEDIUM] F7 ruling.
  ok   #14 L4.glossary_terms[1].term [MEDIUM] F7 ruling.
  PATCH L4: content_html, flashcard_questions, conclusion_html, exam_tip_html, knowledge_checks, glossary_terms
=== 15 applied, 0 skipped, 3 lessons / 8 fields changed
