
=== RE-NARRATION (changed narrated text only) ===
backup: C:\Users\tshau\Documents\Study Vault\scripts\_retrofc\units\drama-aqa__practitioners-styles\_backup.json
unit:   drama-aqa / practitioners-styles
run: 2026-09-06T02:02:37Z  mode: LIVE

3 lessons, 10 clips to regenerate

  L01 (Ollie)  Stanislavski and Naturalism
      n4: Key Fact . Stanislavski’s system includes five interlocking techniques: emotion memory, given circumstances, t
             -> 206 KB, 17.6s, uploaded
      manifest updated (25 entries)
  L03 (Ollie)  Artaud and Theatre of Cruelty
      n11: Artaud also wanted to reconfigure the performer-audience relationship fundamentally. In his vision, the audien
             -> 266 KB, 22.7s, uploaded
      manifest updated (23 entries)
  L04 (Ada)  Physical Theatre: Frantic Assembly and Beyond
      n3: Physical theatre companies have shaped contemporary British and international theatre profoundly. Four useful 
             -> 160 KB, 13.6s, uploaded
      n4: Key Fact . Frantic Assembly are known for their “round-by-through” methodology of exploring physical contact a
             -> 303 KB, 25.8s, uploaded
      n6: Frantic Assembly was founded in 1994 by Scott Graham, Steven Hoggett and Vicki Middleton. Their signature is a
             -> 418 KB, 35.7s, uploaded
      n14: Complicite (founded in 1983 by Annabel Arden, Fiona Gordon, Marcello Magni and Simon McBurney) are known for o
             -> 328 KB, 28.0s, uploaded
      n17: As a performer: Imagine you are staging the moment of a family argument in which unspoken resentments finally 
             -> 592 KB, 50.5s, uploaded
      n19: Key Fact . Physical theatre communicates emotion and relationship through the body — weight, support, resistan
             -> 308 KB, 26.3s, uploaded
      n20: On performer questions about physical theatre, the most common error is writing in vague terms: “I would move 
             -> 718 KB, 61.3s, uploaded
      n22: Physical theatre uses the body as the primary storytelling instrument. Key Frantic Assembly techniques — round
             -> 184 KB, 15.7s, uploaded
      manifest updated (24 entries)

Regenerated 10 clips.

=== VERIFY (ranged GET + freshness) ===
  206  L01 n4  bytes 0-3/210816  Last-Modified: Sun, 06 Sep 2026 02:02:43 GMT  mp3-sync=OK
  206  L03 n11  bytes 0-3/272448  Last-Modified: Sun, 06 Sep 2026 02:02:47 GMT  mp3-sync=OK
  206  L04 n3  bytes 0-3/163584  Last-Modified: Sun, 06 Sep 2026 02:02:50 GMT  mp3-sync=OK
  206  L04 n4  bytes 0-3/309888  Last-Modified: Sun, 06 Sep 2026 02:02:56 GMT  mp3-sync=OK
  206  L04 n6  bytes 0-3/428544  Last-Modified: Sun, 06 Sep 2026 02:03:02 GMT  mp3-sync=OK
  206  L04 n14  bytes 0-3/336096  Last-Modified: Sun, 06 Sep 2026 02:03:08 GMT  mp3-sync=OK
  206  L04 n17  bytes 0-3/605952  Last-Modified: Sun, 06 Sep 2026 02:03:17 GMT  mp3-sync=OK
  206  L04 n19  bytes 0-3/315360  Last-Modified: Sun, 06 Sep 2026 02:03:22 GMT  mp3-sync=OK
  206  L04 n20  bytes 0-3/735552  Last-Modified: Sun, 06 Sep 2026 02:03:33 GMT  mp3-sync=OK
  206  L04 n22  bytes 0-3/188640  Last-Modified: Sun, 06 Sep 2026 02:03:37 GMT  mp3-sync=OK

10/10 clips verified HTTP 200/206 with fresh audio.
