=== APPLY EDITS religious-studies-aqa/catholic-christianity-practices  26 edits  LIVE  2026-09-06T05:15:43.851Z
  ok   #0 L1.content_html [HIGH] F1: the phrase is from the Directory on Popular Piety and the Liturgy (2001), not the Catechism.
  ok   #1 L1.practice_questions[3].marks [HIGH] F2: same misattribution in the 6-mark key.
  ok   #2 L1.content_html [MEDIUM] F3: Matthew 6:7 reads 'do not keep on babbling like pagans'; 'babbling on' is not the text.
  ok   #3 L1.practice_questions[4].marks [MEDIUM] F4: the 12-mark key repeats the Matthew 6:7 misquote.
  ok   #4 L1.flashcard_questions[9].a [MEDIUM] F5: the flashcard repeats the Matthew 6:7 misquote.
  ok   #5 L1.practice_questions[5].type [MEDIUM] F6: no 2-mark part exists on this paper.
  ok   #6 L1.practice_questions[5].text [MEDIUM] F6: this paper sets 1, 1, 4, 6 and 12-mark parts only; re-cast as the 4-mark Explain.
  ok   #7 L1.practice_questions[5].marks [MEDIUM] F6: mark scheme re-sized to the 4-mark part.
  PATCH L1: content_html, practice_questions, flashcard_questions
  ok   #8 L2.content_html [LOW] F7: the site is the grotto of Massabielle; 'Grotto de' mixes English and French.
  ok   #9 L2.content_html [MEDIUM] F8: invented mark-scheme claim; the requirement comes from the specification content, not a scheme.
  ok   #10 L2.exam_tip_html [LOW] F9: John 11:25 is a resurrection text, not a healing text.
  ok   #11 L2.practice_questions[5].type [MEDIUM] F10: no 2-mark part exists on this paper.
  ok   #12 L2.practice_questions[5].text [MEDIUM] F10: this paper sets 1, 1, 4, 6 and 12-mark parts only; re-cast as the 4-mark Explain.
  ok   #13 L2.practice_questions[5].marks [MEDIUM] F10: mark scheme re-sized to the 4-mark part.
  PATCH L2: content_html, exam_tip_html, practice_questions
  ok   #14 L3.content_html [HIGH] F11: the Gaudium et Spes opening line is misquoted; corrected to the Vatican English text.
  ok   #15 L3.content_html [MEDIUM] F12: the glossary definition said the name comes from the Irish for 'Lord'; trocaire means mercy.
  ok   #16 L3.content_html [MEDIUM] F13: CSAN stands for Caritas Social Action Network.
  ok   #17 L3.content_html [LOW] F14: the document's name is the Universal Declaration of Human Rights.
  ok   #18 L3.practice_questions[5].type [MEDIUM] F15: no 2-mark part exists on this paper.
  ok   #19 L3.practice_questions[5].text [MEDIUM] F15: this paper sets 1, 1, 4, 6 and 12-mark parts only; re-cast as the 4-mark Explain.
  ok   #20 L3.practice_questions[5].marks [MEDIUM] F15: mark scheme re-sized to the 4-mark part.
  PATCH L3: content_html, practice_questions
  ok   #21 L4.content_html [HIGH] F16: the Church of England is the largest denomination in England and Wales; Catholicism is second.
  ok   #22 L4.conclusion_html [LOW] F17: 'winsmomely' is not a word.
  ok   #23 L4.practice_questions[5].type [MEDIUM] F18: no 2-mark part exists on this paper.
  ok   #24 L4.practice_questions[5].text [MEDIUM] F18: this paper sets 1, 1, 4, 6 and 12-mark parts only; re-cast as the 4-mark Explain.
  ok   #25 L4.practice_questions[5].marks [MEDIUM] F18: mark scheme re-sized to the 4-mark part.
  PATCH L4: content_html, conclusion_html, practice_questions
=== 26 applied, 0 skipped, 4 lessons / 11 fields changed
