
=== RE-NARRATION (changed narrated text only) ===
backup: C:\Users\tshau\Documents\Study Vault\scripts\_retrofc\units\religious-studies-aqa__catholic-christianity-practices\_backup.json
unit:   religious-studies-aqa / catholic-christianity-practices
run: 2026-09-06T05:15:48Z  mode: LIVE

4 lessons, 10 clips to regenerate

  L01 (Ollie)  Prayer and Popular Piety
      n7: The Lord’s Prayer is also a model of the Catholic understanding of the relationship between formal and informa
             -> 336 KB, 28.6s, uploaded
      n9: Popular piety refers to forms of devotion that are not part of the official Mass or Divine Office but are belo
             -> 223 KB, 19.0s, uploaded
      manifest updated (18 entries)
  L02 (Ada)  Pilgrimage and the Funeral Rite
      n4: Key Fact . Lourdes: pilgrims visit seeking healing (physical and spiritual), bathing in the spring water near 
             -> 287 KB, 24.5s, uploaded
      n12: Most Protestant Christians are more cautious about pilgrimage, particularly to Marian shrines. Reformers such 
             -> 447 KB, 38.1s, uploaded
      n18: On the 6-mark Explain about pilgrimage, name a specific Catholic pilgrimage site (Lourdes or Walsingham) and d
             -> 449 KB, 38.3s, uploaded
      manifest updated (18 entries)
  L03 (Ollie)  Catholic Social Teaching: Loving Our Neighbour
      n6: Gaudium et Spes (“Joy and Hope”) was one of the four constitutions produced by the Second Vatican Council (Vat
             -> 538 KB, 45.9s, uploaded
      n15: At a parish level in Britain today, Catholic Social Teaching shapes a wide range of activities: parish food ba
             -> 364 KB, 31.1s, uploaded
      n16: Secular humanist approaches to global justice share some goals with Catholic Social Teaching — reducing povert
             -> 357 KB, 30.5s, uploaded
      manifest updated (18 entries)
  L04 (Ada)  Mission, Evangelism and Catholic Charities
      n14: There are approximately five million Catholics in England and Wales, making Catholicism the second largest Chr
             -> 390 KB, 33.3s, uploaded
      n20: Mission is the task given by Jesus in Matthew 28:19–20 (the Great Commission) to share the Gospel with all nat
             -> 242 KB, 20.7s, uploaded
      manifest updated (17 entries)

Regenerated 10 clips.

=== VERIFY (ranged GET + freshness) ===
  206  L01 n7  bytes 0-3/343584  Last-Modified: Sun, 06 Sep 2026 05:15:58 GMT  mp3-sync=OK
  206  L01 n9  bytes 0-3/228096  Last-Modified: Sun, 06 Sep 2026 05:16:03 GMT  mp3-sync=OK
  206  L02 n4  bytes 0-3/293472  Last-Modified: Sun, 06 Sep 2026 05:16:09 GMT  mp3-sync=OK
  206  L02 n12  bytes 0-3/457632  Last-Modified: Sun, 06 Sep 2026 05:16:17 GMT  mp3-sync=OK
  206  L02 n18  bytes 0-3/459936  Last-Modified: Sun, 06 Sep 2026 05:16:26 GMT  mp3-sync=OK
  206  L03 n6  bytes 0-3/550944  Last-Modified: Sun, 06 Sep 2026 05:16:40 GMT  mp3-sync=OK
  206  L03 n15  bytes 0-3/372960  Last-Modified: Sun, 06 Sep 2026 05:16:50 GMT  mp3-sync=OK
  206  L03 n16  bytes 0-3/365760  Last-Modified: Sun, 06 Sep 2026 05:16:58 GMT  mp3-sync=OK
  206  L04 n14  bytes 0-3/399744  Last-Modified: Sun, 06 Sep 2026 05:17:05 GMT  mp3-sync=OK
  206  L04 n20  bytes 0-3/247968  Last-Modified: Sun, 06 Sep 2026 05:17:11 GMT  mp3-sync=OK

10/10 clips verified HTTP 200/206 with fresh audio.
