=== APPLY EDITS english-literature/power-and-conflict  61 edits  LIVE  2026-09-18T10:16:17.909Z
  ok   #0 L1.content_html [MEDIUM] F1: invented etymology; Ozymandias is the Greek form of the throne name Usermaatre
  ok   #1 L1.content_html [MEDIUM] F2: written Dec 1817, published 11 Jan 1818 in The Examiner
  ok   #2 L1.content_html [LOW] F5: 'shattered' modifies 'visage', so it is an adjective, not a verb
  ok   #21 L1.practice_questions[0].marks [LOW] F5: 'shattered' is an adjective here
  ok   #38 L1.flashcard_questions[3].q [MEDIUM] F3: broken cloze whose answer sat inside its own question
  ok   #39 L1.flashcard_questions[3].a [MEDIUM] F3: broken cloze whose answer sat inside its own question
  ok   #40 L1.flashcard_questions[4].q [LOW] F4: broken cloze fragment; answer 1818 is the publication year
  PATCH L1: content_html, practice_questions, flashcard_questions
  ok   #3 L2.content_html [MEDIUM] F6: that is the definition of juxtaposition, not oxymoron
  ok   #4 L2.content_html [LOW] F7: 'appal' comes from Old French apalir (to grow pale); it is not from a funeral cloth, and a pall is not whi
  ok   #41 L2.flashcard_questions[1].q [MEDIUM] F6: the card taught the definition of juxtaposition
  ok   #42 L2.glossary_terms[1].definition [MEDIUM] F6: the glossary taught the definition of juxtaposition
  ok   #43 L2.flashcard_questions[3].q [LOW] F8: broken cloze fragment
  ok   #44 L2.flashcard_questions[4].q [LOW] F8: broken cloze fragment
  PATCH L2: content_html, flashcard_questions, glossary_terms
  ok   #5 L3.content_html [MEDIUM] F9: half of three miles is 1.5 miles, not 1.7
  ok   #6 L3.content_html [MEDIUM] F11: 'patriotic' means loyal to your country, not courageous
  ok   #45 L3.glossary_terms[1].definition [MEDIUM] F11: 'patriotic' means loyal, not courageous
  ok   #46 L3.flashcard_questions[1].q [MEDIUM] F11: 'patriotic' means loyal, not courageous
  ok   #47 L3.flashcard_questions[3].q [HIGH] F10: two cards in this deck shared the answer 'Charge'
  ok   #48 L3.flashcard_questions[3].a [HIGH] F10: duplicate answer inside the deck
  ok   #49 L3.flashcard_questions[4].q [HIGH] F10: duplicate answer inside the deck
  ok   #50 L3.flashcard_questions[4].a [HIGH] F10: duplicate answer inside the deck
  PATCH L3: content_html, glossary_terms, flashcard_questions
  ok   #7 L4.content_html [MEDIUM] F12: Lucrezia b. 14 Feb 1545, m. 3 Jul 1558, d. 21 Apr 1561 - she was 16
  ok   #51 L4.flashcard_questions[3].q [MEDIUM] F14: broken cloze whose answer sat inside its own question
  ok   #52 L4.flashcard_questions[3].a [MEDIUM] F14: broken cloze whose answer sat inside its own question
  ok   #53 L4.flashcard_questions[4].q [HIGH] F13: the answer was the mangled entity 'Duchessrdquo'
  ok   #54 L4.flashcard_questions[4].a [HIGH] F13: the answer was the mangled entity 'Duchessrdquo'
  PATCH L4: content_html, flashcard_questions
  ok   #8 L5.content_html [MEDIUM] F15: the claim was back to front and the wrong letters were bolded
  ok   #9 L5.content_html [MEDIUM] F16: the poem was published in 1966, before the Troubles began
  ok   #55 L5.flashcard_questions[3].q [LOW] F18: broken cloze fragment
  ok   #56 L5.flashcard_questions[4].q [HIGH] F17: the answer was the mangled entity '1917ndash18'
  ok   #57 L5.flashcard_questions[4].a [HIGH] F17: the answer was the mangled entity '1917ndash18'
  PATCH L5: content_html, flashcard_questions
  ok   #22 L6.practice_questions[3].marks [LOW] F19: the ladder labelled two different bands 'Top band'
  PATCH L6: practice_questions
  ok   #23 L7.practice_questions[3].marks [LOW] F20: the ladder labelled two different bands 'Top band'
  PATCH L7: practice_questions
  ok   #24 L8.practice_questions[3].marks [LOW] F23: the ladder labelled two different bands 'Top band'
  ok   #58 L8.knowledge_checks[4].left[0] [LOW] F21: the poem reads 'raise a structure never meant to last'
  ok   #59 L8.flashcard_questions[3].q [MEDIUM] F22: broken cloze whose answer sat inside its own question
  PATCH L8: practice_questions, knowledge_checks, flashcard_questions
  ok   #10 L9.content_html [MEDIUM] F27: names the exam board in student text; and Book One belongs to the later text, the 1799 poem is in two Par
  ok   #11 L9.content_html [HIGH] F25: the poem reads 'As if with voluntary power instinct'
  ok   #12 L9.content_html [HIGH] F25: same misquotation, second occurrence
  ok   #13 L9.content_html [HIGH] F26: the poem reads 'no colours of green fields'
  ok   #25 L9.practice_questions[3].marks [LOW] F28: the ladder labelled two different bands 'Top band'
  ok   #27 L9.practice_questions[0].text [HIGH] F25: the poem reads 'As if with voluntary power instinct'
  ok   #28 L9.practice_questions[0].marks [HIGH] F25: the mark scheme analysed a word that is not in the poem
  PATCH L9: content_html, practice_questions
  ok   #14 L10.content_html [MEDIUM] F30: banned paper/section code in student text
  ok   #15 L10.content_html [MEDIUM] F30: names the exam board and the paper/section code
  ok   #16 L10.content_html [HIGH] F29: only AO1, AO2 and AO3 are assessed on the anthology question
  ok   #17 L10.content_html [HIGH] F29: AO4 is accurate writing, not comparison, and it is not assessed on this question
  ok   #18 L10.content_html [HIGH] F29: three objectives are assessed here
  ok   #19 L10.conclusion_html [MEDIUM] F30: banned paper/section code
  ok   #20 L10.conclusion_html [HIGH] F29: AO4 is not assessed on this question
  ok   #26 L10.practice_questions[3].marks [LOW] F31: the ladder labelled two different bands 'Top band'
  ok   #29 L10.practice_questions[0].text [HIGH] F29: there are no AO4 marks on this question
  ok   #30 L10.practice_questions[0].marks [HIGH] F29: comparison is credited inside AO1 and AO2
  ok   #31 L10.practice_questions[2].text [HIGH] F29: three objectives are assessed here
  ok   #32 L10.practice_questions[2].marks [HIGH] F29: AO4 is not assessed here | F29: comparison is not a separate objective | F29: comparison is not a separat
  ok   #33 L10.practice_questions[4].text [MEDIUM] F30: names the exam board in student text
  ok   #34 L10.practice_questions[4].marks [MEDIUM] F30: names the exam board in student text
  ok   #35 L10.knowledge_checks[0].q [MEDIUM] F30: banned paper/section code
  ok   #36 L10.knowledge_checks[1].q [HIGH] F29: the key marked 'comparison' as AO4, which is false; re-pointed at AO3
  ok   #37 L10.glossary_terms[6].definition [HIGH] F29: AO4 is accurate written expression, not comparison
  ok   #60 L10.knowledge_checks[1].correct [HIGH] F29: the key marked 'Comparison of the two poems' correct for AO4; AO3 is contextual knowledge
  PATCH L10: content_html, conclusion_html, practice_questions, knowledge_checks, glossary_terms
=== 61 applied, 0 skipped, 10 lessons / 25 fields changed
=== APPLY EDITS english-literature/power-and-conflict  61 edits  LIVE  2026-09-18T10:16:27.496Z
  ok   #0 L1.content_html [MEDIUM] F1: invented etymology; Ozymandias is the Greek form of the throne name Usermaatre
  ok   #1 L1.content_html [MEDIUM] F2: written Dec 1817, published 11 Jan 1818 in The Examiner
  ok   #2 L1.content_html [LOW] F5: 'shattered' modifies 'visage', so it is an adjective, not a verb
  ok   #21 L1.practice_questions[0].marks [LOW] F5: 'shattered' is an adjective here
  ok   #38 L1.flashcard_questions[3].q [MEDIUM] F3: broken cloze whose answer sat inside its own question
  ok   #39 L1.flashcard_questions[3].a [MEDIUM] F3: broken cloze whose answer sat inside its own question
  ok   #40 L1.flashcard_questions[4].q [LOW] F4: broken cloze fragment; answer 1818 is the publication year
  PATCH L1: content_html, practice_questions, flashcard_questions
  ok   #3 L2.content_html [MEDIUM] F6: that is the definition of juxtaposition, not oxymoron
  ok   #4 L2.content_html [LOW] F7: 'appal' comes from Old French apalir (to grow pale); it is not from a funeral cloth, and a pall is not whi
  ok   #41 L2.flashcard_questions[1].q [MEDIUM] F6: the card taught the definition of juxtaposition
  ok   #42 L2.glossary_terms[1].definition [MEDIUM] F6: the glossary taught the definition of juxtaposition
  ok   #43 L2.flashcard_questions[3].q [LOW] F8: broken cloze fragment
  ok   #44 L2.flashcard_questions[4].q [LOW] F8: broken cloze fragment
  PATCH L2: content_html, flashcard_questions, glossary_terms
  ok   #5 L3.content_html [MEDIUM] F9: half of three miles is 1.5 miles, not 1.7
  ok   #6 L3.content_html [MEDIUM] F11: 'patriotic' means loyal to your country, not courageous
  ok   #45 L3.glossary_terms[1].definition [MEDIUM] F11: 'patriotic' means loyal, not courageous
  ok   #46 L3.flashcard_questions[1].q [MEDIUM] F11: 'patriotic' means loyal, not courageous
  ok   #47 L3.flashcard_questions[3].q [HIGH] F10: two cards in this deck shared the answer 'Charge'
  ok   #48 L3.flashcard_questions[3].a [HIGH] F10: duplicate answer inside the deck
  ok   #49 L3.flashcard_questions[4].q [HIGH] F10: duplicate answer inside the deck
  ok   #50 L3.flashcard_questions[4].a [HIGH] F10: duplicate answer inside the deck
  PATCH L3: content_html, glossary_terms, flashcard_questions
  ok   #7 L4.content_html [MEDIUM] F12: Lucrezia b. 14 Feb 1545, m. 3 Jul 1558, d. 21 Apr 1561 - she was 16
  ok   #51 L4.flashcard_questions[3].q [MEDIUM] F14: broken cloze whose answer sat inside its own question
  ok   #52 L4.flashcard_questions[3].a [MEDIUM] F14: broken cloze whose answer sat inside its own question
  ok   #53 L4.flashcard_questions[4].q [HIGH] F13: the answer was the mangled entity 'Duchessrdquo'
  ok   #54 L4.flashcard_questions[4].a [HIGH] F13: the answer was the mangled entity 'Duchessrdquo'
  PATCH L4: content_html, flashcard_questions
  ok   #8 L5.content_html [MEDIUM] F15: the claim was back to front and the wrong letters were bolded
  ok   #9 L5.content_html [MEDIUM] F16: the poem was published in 1966, before the Troubles began
  ok   #55 L5.flashcard_questions[3].q [LOW] F18: broken cloze fragment
  ok   #56 L5.flashcard_questions[4].q [HIGH] F17: the answer was the mangled entity '1917ndash18'
  ok   #57 L5.flashcard_questions[4].a [HIGH] F17: the answer was the mangled entity '1917ndash18'
  PATCH L5: content_html, flashcard_questions
  ok   #22 L6.practice_questions[3].marks [LOW] F19: the ladder labelled two different bands 'Top band'
  PATCH L6: practice_questions
  ok   #23 L7.practice_questions[3].marks [LOW] F20: the ladder labelled two different bands 'Top band'
  PATCH L7: practice_questions
  ok   #24 L8.practice_questions[3].marks [LOW] F23: the ladder labelled two different bands 'Top band'
  ok   #58 L8.knowledge_checks[4].left[0] [LOW] F21: the poem reads 'raise a structure never meant to last'
  ok   #59 L8.flashcard_questions[3].q [MEDIUM] F22: broken cloze whose answer sat inside its own question
  PATCH L8: practice_questions, knowledge_checks, flashcard_questions
  ok   #10 L9.content_html [MEDIUM] F27: names the exam board in student text; and Book One belongs to the later text, the 1799 poem is in two Par
  ok   #11 L9.content_html [HIGH] F25: the poem reads 'As if with voluntary power instinct'
  ok   #12 L9.content_html [HIGH] F25: same misquotation, second occurrence
  ok   #13 L9.content_html [HIGH] F26: the poem reads 'no colours of green fields'
  ok   #25 L9.practice_questions[3].marks [LOW] F28: the ladder labelled two different bands 'Top band'
  ok   #27 L9.practice_questions[0].text [HIGH] F25: the poem reads 'As if with voluntary power instinct'
  ok   #28 L9.practice_questions[0].marks [HIGH] F25: the mark scheme analysed a word that is not in the poem
  PATCH L9: content_html, practice_questions
  ok   #14 L10.content_html [MEDIUM] F30: banned paper/section code in student text
  ok   #15 L10.content_html [MEDIUM] F30: names the exam board and the paper/section code
  ok   #16 L10.content_html [HIGH] F29: only AO1, AO2 and AO3 are assessed on the anthology question
  ok   #17 L10.content_html [HIGH] F29: AO4 is accurate writing, not comparison, and it is not assessed on this question
  ok   #18 L10.content_html [HIGH] F29: three objectives are assessed here
  ok   #19 L10.conclusion_html [MEDIUM] F30: banned paper/section code
  ok   #20 L10.conclusion_html [HIGH] F29: AO4 is not assessed on this question
  ok   #26 L10.practice_questions[3].marks [LOW] F31: the ladder labelled two different bands 'Top band'
  ok   #29 L10.practice_questions[0].text [HIGH] F29: there are no AO4 marks on this question
  ok   #30 L10.practice_questions[0].marks [HIGH] F29: comparison is credited inside AO1 and AO2
  ok   #31 L10.practice_questions[2].text [HIGH] F29: three objectives are assessed here
  ok   #32 L10.practice_questions[2].marks [HIGH] F29: AO4 is not assessed here | F29: comparison is not a separate objective | F29: comparison is not a separat
  ok   #33 L10.practice_questions[4].text [MEDIUM] F30: names the exam board in student text
  ok   #34 L10.practice_questions[4].marks [MEDIUM] F30: names the exam board in student text
  ok   #35 L10.knowledge_checks[0].q [MEDIUM] F30: banned paper/section code
  ok   #36 L10.knowledge_checks[1].q [HIGH] F29: the key marked 'comparison' as AO4, which is false; re-pointed at AO3
  ok   #37 L10.glossary_terms[6].definition [HIGH] F29: AO4 is accurate written expression, not comparison
  ok   #60 L10.knowledge_checks[1].correct [HIGH] F29: the key marked 'Comparison of the two poems' correct for AO4; AO3 is contextual knowledge
  PATCH L10: content_html, conclusion_html, practice_questions, knowledge_checks, glossary_terms
=== 61 applied, 0 skipped, 10 lessons / 25 fields changed
=== APPLY EDITS english-literature/power-and-conflict  61 edits  LIVE  2026-09-18T10:16:59.658Z
  ok   #0 L1.content_html [MEDIUM] F1: invented etymology; Ozymandias is the Greek form of the throne name Usermaatre
  ok   #1 L1.content_html [MEDIUM] F2: written Dec 1817, published 11 Jan 1818 in The Examiner
  ok   #2 L1.content_html [LOW] F5: 'shattered' modifies 'visage', so it is an adjective, not a verb
  ok   #21 L1.practice_questions[0].marks [LOW] F5: 'shattered' is an adjective here
  ok   #38 L1.flashcard_questions[3].q [MEDIUM] F3: broken cloze whose answer sat inside its own question
  ok   #39 L1.flashcard_questions[3].a [MEDIUM] F3: broken cloze whose answer sat inside its own question
  ok   #40 L1.flashcard_questions[4].q [LOW] F4: broken cloze fragment; answer 1818 is the publication year
  PATCH L1: content_html, practice_questions, flashcard_questions
  ok   #3 L2.content_html [MEDIUM] F6: that is the definition of juxtaposition, not oxymoron
  ok   #4 L2.content_html [LOW] F7: 'appal' comes from Old French apalir (to grow pale); it is not from a funeral cloth, and a pall is not whi
  ok   #41 L2.flashcard_questions[1].q [MEDIUM] F6: the card taught the definition of juxtaposition
  ok   #42 L2.glossary_terms[1].definition [MEDIUM] F6: the glossary taught the definition of juxtaposition
  ok   #43 L2.flashcard_questions[3].q [LOW] F8: broken cloze fragment
  ok   #44 L2.flashcard_questions[4].q [LOW] F8: broken cloze fragment
  PATCH L2: content_html, flashcard_questions, glossary_terms
  ok   #5 L3.content_html [MEDIUM] F9: half of three miles is 1.5 miles, not 1.7
  ok   #6 L3.content_html [MEDIUM] F11: 'patriotic' means loyal to your country, not courageous
  ok   #45 L3.glossary_terms[1].definition [MEDIUM] F11: 'patriotic' means loyal, not courageous
  ok   #46 L3.flashcard_questions[1].q [MEDIUM] F11: 'patriotic' means loyal, not courageous
  ok   #47 L3.flashcard_questions[3].q [HIGH] F10: two cards in this deck shared the answer 'Charge'
  ok   #48 L3.flashcard_questions[3].a [HIGH] F10: duplicate answer inside the deck
  ok   #49 L3.flashcard_questions[4].q [HIGH] F10: duplicate answer inside the deck
  ok   #50 L3.flashcard_questions[4].a [HIGH] F10: duplicate answer inside the deck
  PATCH L3: content_html, glossary_terms, flashcard_questions
  ok   #7 L4.content_html [MEDIUM] F12: Lucrezia b. 14 Feb 1545, m. 3 Jul 1558, d. 21 Apr 1561 - she was 16
  ok   #51 L4.flashcard_questions[3].q [MEDIUM] F14: broken cloze whose answer sat inside its own question
  ok   #52 L4.flashcard_questions[3].a [MEDIUM] F14: broken cloze whose answer sat inside its own question
  ok   #53 L4.flashcard_questions[4].q [HIGH] F13: the answer was the mangled entity 'Duchessrdquo'
  ok   #54 L4.flashcard_questions[4].a [HIGH] F13: the answer was the mangled entity 'Duchessrdquo'
  PATCH L4: content_html, flashcard_questions
  ok   #8 L5.content_html [MEDIUM] F15: the claim was back to front and the wrong letters were bolded
  ok   #9 L5.content_html [MEDIUM] F16: the poem was published in 1966, before the Troubles began
  ok   #55 L5.flashcard_questions[3].q [LOW] F18: broken cloze fragment
  ok   #56 L5.flashcard_questions[4].q [HIGH] F17: the answer was the mangled entity '1917ndash18'
  ok   #57 L5.flashcard_questions[4].a [HIGH] F17: the answer was the mangled entity '1917ndash18'
  PATCH L5: content_html, flashcard_questions
  ok   #22 L6.practice_questions[3].marks [LOW] F19: the ladder labelled two different bands 'Top band'
  PATCH L6: practice_questions
  ok   #23 L7.practice_questions[3].marks [LOW] F20: the ladder labelled two different bands 'Top band'
  PATCH L7: practice_questions
  ok   #24 L8.practice_questions[3].marks [LOW] F23: the ladder labelled two different bands 'Top band'
  ok   #58 L8.knowledge_checks[4].left[0] [LOW] F21: the poem reads 'raise a structure never meant to last'
  ok   #59 L8.flashcard_questions[3].q [MEDIUM] F22: broken cloze whose answer sat inside its own question
  PATCH L8: practice_questions, knowledge_checks, flashcard_questions
  ok   #10 L9.content_html [MEDIUM] F27: names the exam board in student text; and Book One belongs to the later text, the 1799 poem is in two Par
  ok   #11 L9.content_html [HIGH] F25: the poem reads 'As if with voluntary power instinct'
  ok   #12 L9.content_html [HIGH] F25: same misquotation, second occurrence
  ok   #13 L9.content_html [HIGH] F26: the poem reads 'no colours of green fields'
  ok   #25 L9.practice_questions[3].marks [LOW] F28: the ladder labelled two different bands 'Top band'
  ok   #27 L9.practice_questions[0].text [HIGH] F25: the poem reads 'As if with voluntary power instinct'
  ok   #28 L9.practice_questions[0].marks [HIGH] F25: the mark scheme analysed a word that is not in the poem
  PATCH L9: content_html, practice_questions
  ok   #14 L10.content_html [MEDIUM] F30: banned paper/section code in student text
  ok   #15 L10.content_html [MEDIUM] F30: names the exam board and the paper/section code
  ok   #16 L10.content_html [HIGH] F29: only AO1, AO2 and AO3 are assessed on the anthology question
  ok   #17 L10.content_html [HIGH] F29: AO4 is accurate writing, not comparison, and it is not assessed on this question
  ok   #18 L10.content_html [HIGH] F29: three objectives are assessed here
  ok   #19 L10.conclusion_html [MEDIUM] F30: banned paper/section code
  ok   #20 L10.conclusion_html [HIGH] F29: AO4 is not assessed on this question
  ok   #26 L10.practice_questions[3].marks [LOW] F31: the ladder labelled two different bands 'Top band'
  ok   #29 L10.practice_questions[0].text [HIGH] F29: there are no AO4 marks on this question
  ok   #30 L10.practice_questions[0].marks [HIGH] F29: comparison is credited inside AO1 and AO2
  ok   #31 L10.practice_questions[2].text [HIGH] F29: three objectives are assessed here
  ok   #32 L10.practice_questions[2].marks [HIGH] F29: AO4 is not assessed here | F29: comparison is not a separate objective | F29: comparison is not a separat
  ok   #33 L10.practice_questions[4].text [MEDIUM] F30: names the exam board in student text
  ok   #34 L10.practice_questions[4].marks [MEDIUM] F30: names the exam board in student text
  ok   #35 L10.knowledge_checks[0].q [MEDIUM] F30: banned paper/section code
  ok   #36 L10.knowledge_checks[1].q [HIGH] F29: the key marked 'comparison' as AO4, which is false; re-pointed at AO3
  ok   #37 L10.glossary_terms[6].definition [HIGH] F29: AO4 is accurate written expression, not comparison
  ok   #60 L10.knowledge_checks[1].correct [HIGH] F29: the key marked 'Comparison of the two poems' correct for AO4; AO3 is contextual knowledge
  PATCH L10: content_html, conclusion_html, practice_questions, knowledge_checks, glossary_terms
=== 61 applied, 0 skipped, 10 lessons / 25 fields changed
