
=== RE-NARRATION (changed narrated text only) ===
backup: C:\Users\tshau\Documents\Study Vault\scripts\_retrofc\units\english-literature@unity__power-and-conflict\_backup.json
unit:   english-literature / power-and-conflict
run: 2026-09-18T10:17:03Z  mode: LIVE
  L06: no narrated field changed -> skip
  L07: no narrated field changed -> skip
  L08: no narrated field changed -> skip

7 lessons, 16 clips to regenerate

  L01 (Ollie)  Ozymandias — Power & Its Decay
      n2: Percy Bysshe Shelley (1792–1822) was one of the leading Romantic poets. He was politically radical, opposed ty
             -> 298 KB, 25.5s, uploaded
      n3: The poem’s title comes from the Greek name for Ramesses II. It is a version of his throne name, User-maat-Re ,
             -> 299 KB, 25.5s, uploaded
      n9: “ Half sunk a shattered visage lies, whose frown, / And wrinkled lip, and sneer of cold command ” — The listin
             -> 248 KB, 21.2s, uploaded
      manifest updated (25 entries)
  L02 (Ada)  London & Checking Out Me History
      n10: “ Every black’ning Church appalls ” — The verb “black’ning” suggests the Church is being morally darkened — it
             -> 210 KB, 17.9s, uploaded
      manifest updated (33 entries)
  L03 (Ollie)  The Charge of the Light Brigade & Bayonet Charge
      n6: “ Half a league, half a league, / Half a league onward ” — The repetition creates a galloping rhythm that mimi
             -> 252 KB, 21.5s, uploaded
      manifest updated (32 entries)
  L04 (Ada)  My Last Duchess — Power & Control
      n3: The Duke’s first wife was Lucrezia de’ Medici, who died in 1561 aged just 16, less than three years after thei
             -> 346 KB, 29.6s, uploaded
      manifest updated (25 entries)
  L05 (Ollie)  Exposure & Storm on the Island
      n16: Seamus Heaney (1939–2013) was a Northern Irish poet and Nobel Prize winner. “Storm on the Island” was publishe
             -> 460 KB, 39.3s, uploaded
      manifest updated (33 entries)
  L09 (Ollie)  The Prelude — Power of Nature
      n3: The extract studied for the Power and Conflict cluster comes from Book One of The Prelude and describes a nigh
             -> 179 KB, 15.2s, uploaded
      n10: As the boy rows further, a mountain suddenly rises into view: “a huge peak, black and huge, as if with volunta
             -> 255 KB, 21.7s, uploaded
      n16: “No familiar shapes remained, no pleasant images of trees, of sea, or sky, no colours of green fields.” The re
             -> 276 KB, 23.6s, uploaded
      manifest updated (26 entries)
  L10 (Ada)  Comparing Poems & Exam Skills
      n1: The Poetry Comparison Question
             -> 31 KB, 2.6s, uploaded
      n2: In the English Literature exam, the poetry anthology section gives you one poem printed on the page and asks y
             -> 211 KB, 18.0s, uploaded
      n4: Key Fact . The 30 marks are split across three Assessment Objectives : AO1 (ideas and understanding) is worth 
             -> 343 KB, 29.3s, uploaded
      n17: Each paragraph should follow the SEAS method to hit all three assessment objectives:
             -> 58 KB, 5.0s, uploaded
      n36: The poetry anthology question (30 marks, 45 minutes) requires a comparative essay on a printed poem plus one o
             -> 150 KB, 12.8s, uploaded
      n37: Use the SEAS structure (Statement, Example, Analysis, Speculation/Comparison) in every paragraph to cover idea
             -> 161 KB, 13.7s, uploaded
      manifest updated (38 entries)

Regenerated 16 clips.

=== VERIFY (ranged GET + freshness) ===
  206  L01 n2  bytes 0-3/305568  Last-Modified: Fri, 18 Sep 2026 10:17:11 GMT  mp3-sync=OK
  206  L01 n3  bytes 0-3/306432  Last-Modified: Fri, 18 Sep 2026 10:17:16 GMT  mp3-sync=OK
  206  L01 n9  bytes 0-3/254304  Last-Modified: Fri, 18 Sep 2026 10:17:20 GMT  mp3-sync=OK
  206  L02 n10  bytes 0-3/214560  Last-Modified: Fri, 18 Sep 2026 10:17:24 GMT  mp3-sync=OK
  206  L03 n6  bytes 0-3/257760  Last-Modified: Fri, 18 Sep 2026 10:17:28 GMT  mp3-sync=OK
  206  L04 n3  bytes 0-3/354816  Last-Modified: Fri, 18 Sep 2026 10:17:33 GMT  mp3-sync=OK
  206  L05 n16  bytes 0-3/471168  Last-Modified: Fri, 18 Sep 2026 10:17:40 GMT  mp3-sync=OK
  206  L09 n3  bytes 0-3/182880  Last-Modified: Fri, 18 Sep 2026 10:17:44 GMT  mp3-sync=OK
  206  L09 n10  bytes 0-3/260928  Last-Modified: Fri, 18 Sep 2026 10:17:48 GMT  mp3-sync=OK
  206  L09 n16  bytes 0-3/283104  Last-Modified: Fri, 18 Sep 2026 10:17:53 GMT  mp3-sync=OK
  206  L10 n1  bytes 0-3/31392  Last-Modified: Fri, 18 Sep 2026 10:17:55 GMT  mp3-sync=OK
  206  L10 n2  bytes 0-3/216288  Last-Modified: Fri, 18 Sep 2026 10:17:58 GMT  mp3-sync=OK
  206  L10 n4  bytes 0-3/351360  Last-Modified: Fri, 18 Sep 2026 10:18:03 GMT  mp3-sync=OK
  206  L10 n17  bytes 0-3/59904  Last-Modified: Fri, 18 Sep 2026 10:18:04 GMT  mp3-sync=OK
  206  L10 n36  bytes 0-3/153504  Last-Modified: Fri, 18 Sep 2026 10:18:07 GMT  mp3-sync=OK
  206  L10 n37  bytes 0-3/164448  Last-Modified: Fri, 18 Sep 2026 10:18:09 GMT  mp3-sync=OK

16/16 clips verified HTTP 200/206 with fresh audio.
