=== APPLY EDITS physical-education-aqa/socio-cultural-influences-and-wellbeing  15 edits  LIVE  2026-09-06T09:22:59.160Z
  ok   #0 L1.practice_questions[0].text [HIGH] F1: a basketball free throw is a closed skill, so option D was a second correct answer and contradicted this l
  PATCH L1: practice_questions
  ok   #1 L2.exam_tip_html [MEDIUM] F2: removes an invented claim about how often examiners penalise 'achievable' and replaces it with the real re
  PATCH L2: exam_tip_html
  ok   #2 L5.content_html [MEDIUM] F3: removes an invented statement attributed to a named real athlete. The teaching point about elite intrinsic
  PATCH L5: content_html
  ok   #3 L6.conclusion_html [MEDIUM] F5: over-arousal lowers performance. 'Over-performance' contradicted the inverted-U curve taught in the same l
  PATCH L6: conclusion_html
  ok   #4 L8.content_html [HIGH] F6: Mead scored one goal in the opening game against Austria. Her hat-trick came against Norway on 11 July 202
  ok   #5 L8.content_html [HIGH] F7: Storey has 19 Paralympic golds after Paris 2024. The figure 17 was correct only to Tokyo 2020.
  PATCH L8: content_html
  ok   #6 L10.exam_tip_html [MEDIUM] F9: removes an invented capping rule. The advice to write both sides is kept.
  PATCH L10: exam_tip_html
  ok   #7 L12.exam_tip_html [MEDIUM] F10: removes an invented capping rule while keeping the point about balance.
  ok   #8 L12.practice_questions[5].text [MEDIUM] F11: the 3-mark tariff, the mark scheme and the model answer all expect three side effects.
  PATCH L12: exam_tip_html, practice_questions
  ok   #9 L13.knowledge_checks[0].correct [HIGH] F12: index 2 is 'A rule giving the home team extra time in finals'. The correct option is index 1, 'The benefi
  ok   #10 L13.content_html [MEDIUM] F13: the inverted-U theory is Lesson 6, not Lesson 10. A lesson-number-free reference stays correct if the ord
  PATCH L13: knowledge_checks, content_html
  ok   #11 L14.content_html [MEDIUM] F14: removes an invented mark-scheme weighting while keeping the point that all three dimensions must be cover
  ok   #12 L14.flashcard_questions[11].a [MEDIUM] F15: same invented weighting claim, memorised through a flashcard. The replacement is 16 words and is not a li
  PATCH L14: content_html, flashcard_questions
  ok   #13 L16.content_html [HIGH] F16: Dina Asher-Smith is a 100 m and 200 m sprinter, not a distance runner, and carbohydrate loading over seve
  ok   #14 L16.content_html [MEDIUM] F17: Geraint Thomas is a road and stage-race cyclist; his track event was the team pursuit, not sprint cycling
  PATCH L16: content_html
=== 15 applied, 0 skipped, 10 lessons / 13 fields changed
