
=== RE-NARRATION (changed narrated text only) ===
backup: C:\Users\tshau\Documents\Study Vault\scripts\_retrofc\units\physical-education-aqa__socio-cultural-influences-and-wellbeing\_backup.json
unit:   physical-education-aqa / socio-cultural-influences-and-wellbeing
run: 2026-09-06T09:23:06Z  mode: LIVE
  L01: no narrated field changed -> skip

9 lessons, 11 clips to regenerate

  L02 (Ada)  Goal Setting and SMART Targets
      n21: On 9-mark evaluate questions about goal setting, a common error is arguing only one side — for example, only c
             -> 562 KB, 48.0s, uploaded
      manifest updated (25 entries)
  L05 (Ollie)  Feedback in Sporting Performance
      n10: For intrinsic feedback to be useful, the performer must have the experience and body awareness to interpret th
             -> 331 KB, 28.3s, uploaded
      manifest updated (25 entries)
  L06 (Ada)  Arousal and the Inverted-U Theory
      n21: Arousal is the level of physical and mental activation in a performer. The inverted-U theory shows that perfor
             -> 201 KB, 17.1s, uploaded
      manifest updated (23 entries)
  L08 (Ada)  Engagement Patterns and Social Groups
      n6: Role models matter enormously to engagement. When Beth Mead scored a hat-trick against Norway at the 2022 UEFA
             -> 596 KB, 50.9s, uploaded
      n17: People with physical or intellectual disabilities historically face some of the most significant barriers to p
             -> 587 KB, 50.1s, uploaded
      manifest updated (25 entries)
  L10 (Ada)  Technology in Sport
      n19: On a 6-mark ‘Analyse’ question about technology in sport, a common error is describing what technology does wi
             -> 566 KB, 48.3s, uploaded
      manifest updated (23 entries)
  L12 (Ada)  Performance Enhancing Drugs and Blood Doping
      n21: On a 3-mark ‘Describe’ question about a specific PED category, give three distinct pieces of information: what
             -> 550 KB, 46.9s, uploaded
      manifest updated (25 entries)
  L13 (Ollie)  Spectator Behaviour and Hooliganism
      n8: The negative effects of spectators are equally significant. Crowd noise and hostile atmosphere can increase a 
             -> 379 KB, 32.3s, uploaded
      manifest updated (29 entries)
  L14 (Ada)  Physical, Emotional and Social Wellbeing
      n21: Key Fact . For extended-response questions on wellbeing, make sure you address all three dimensions with a spo
             -> 265 KB, 22.6s, uploaded
      manifest updated (26 entries)
  L16 (Ada)  Energy, Diet, Nutrition and Hydration
      n7: Carbohydrate is the primary and preferred fuel for all types of exercise, regardless of intensity. Whether a p
             -> 370 KB, 31.6s, uploaded
      n16: Beyond the cardiovascular effects, dehydration also affects the nervous system. Reaction time slows and decisi
             -> 414 KB, 35.3s, uploaded
      manifest updated (23 entries)

Regenerated 11 clips.

=== VERIFY (ranged GET + freshness) ===
  206  L02 n21  bytes 0-3/576000  Last-Modified: Sun, 06 Sep 2026 09:23:18 GMT  mp3-sync=OK
  206  L05 n10  bytes 0-3/339264  Last-Modified: Sun, 06 Sep 2026 09:23:23 GMT  mp3-sync=OK
  206  L06 n21  bytes 0-3/205344  Last-Modified: Sun, 06 Sep 2026 09:23:27 GMT  mp3-sync=OK
  206  L08 n6  bytes 0-3/610272  Last-Modified: Sun, 06 Sep 2026 09:23:36 GMT  mp3-sync=OK
  206  L08 n17  bytes 0-3/601056  Last-Modified: Sun, 06 Sep 2026 09:23:44 GMT  mp3-sync=OK
  206  L10 n19  bytes 0-3/579744  Last-Modified: Sun, 06 Sep 2026 09:23:53 GMT  mp3-sync=OK
  206  L12 n21  bytes 0-3/563328  Last-Modified: Sun, 06 Sep 2026 09:24:03 GMT  mp3-sync=OK
  206  L13 n8  bytes 0-3/387648  Last-Modified: Sun, 06 Sep 2026 09:24:08 GMT  mp3-sync=OK
  206  L14 n21  bytes 0-3/271008  Last-Modified: Sun, 06 Sep 2026 09:24:14 GMT  mp3-sync=OK
  206  L16 n7  bytes 0-3/379008  Last-Modified: Sun, 06 Sep 2026 09:24:20 GMT  mp3-sync=OK
  206  L16 n16  bytes 0-3/423936  Last-Modified: Sun, 06 Sep 2026 09:24:26 GMT  mp3-sync=OK

11/11 clips verified HTTP 200/206 with fresh audio.
