=== APPLY EDITS geography-ocr/the-world-around-us  49 edits  LIVE  2026-09-06T04:50:09.149Z
  ok   #0 L1.practice_questions[5].type [HIGH] F1: Component 02 is a 1-hour, 60-mark paper whose question tariffs run 1-8 marks with 3 SPaG marks; there is n
  ok   #10 L1.content_html [MEDIUM] F2: mass bleaching follows ocean warming, not cooling; L3 of this unit already teaches 1-2°C above normal
  ok   #11 L1.practice_questions[5].marks [HIGH] F3: the world has about one third less forest than before the spread of agriculture (FAO); 47% is not a publis
  ok   #12 L1.flashcard_questions[9].a [MEDIUM] F3: settled figure is about one third of original forest cover
  ok   #32 L1.exam_tip_html [HIGH] F1: Component 02 is a 1-hour, 60-mark paper whose question tariffs run 1-8 marks with 3 SPaG marks; there is n
  PATCH L1: practice_questions, content_html, flashcard_questions, exam_tip_html
  ok   #1 L2.practice_questions[5].type [HIGH] F1: Component 02 is a 1-hour, 60-mark paper whose question tariffs run 1-8 marks with 3 SPaG marks; there is n
  ok   #33 L2.exam_tip_html [HIGH] F1: Component 02 is a 1-hour, 60-mark paper whose question tariffs run 1-8 marks with 3 SPaG marks; there is n
  ok   #41 L2.practice_questions[5].marks [HIGH] F1: Component 02 is a 1-hour, 60-mark paper whose question tariffs run 1-8 marks with 3 SPaG marks; there is n
  PATCH L2: practice_questions, exam_tip_html
  ok   #2 L3.practice_questions[5].type [HIGH] F1: Component 02 is a 1-hour, 60-mark paper whose question tariffs run 1-8 marks with 3 SPaG marks; there is n
  ok   #13 L3.content_html [MEDIUM] F4: IPCC SR1.5 projects a 70-90% decline in coral reefs AT 1.5°C and over 99% at 2°C; the lesson made 70-90% t
  ok   #14 L3.practice_questions[5].marks [HIGH] F4: IPCC SR1.5 figure applies at 1.5°C, not above it | F1: Component 02 is a 1-hour, 60-mark paper whose quest
  ok   #15 L3.flashcard_questions[11].q [MEDIUM] F4: question reframed to match the corrected IPCC figure
  ok   #16 L3.flashcard_questions[11].a [MEDIUM] F4: IPCC SR1.5 figures corrected
  ok   #34 L3.exam_tip_html [HIGH] F1: Component 02 is a 1-hour, 60-mark paper whose question tariffs run 1-8 marks with 3 SPaG marks; there is n
  PATCH L3: practice_questions, content_html, flashcard_questions, exam_tip_html
  ok   #3 L4.practice_questions[5].type [HIGH] F1: Component 02 is a 1-hour, 60-mark paper whose question tariffs run 1-8 marks with 3 SPaG marks; there is n
  ok   #17 L4.content_html [MEDIUM] F5: AC/EDC/LIDC is the IMF's World Economic Outlook grouping; the World Bank uses four income bands and the UN
  ok   #18 L4.content_html [MEDIUM] F6: Iceland leads the 2025 Human Development Report; Niger and Chad are 188th and 189th of 193, not last
  ok   #19 L4.content_html [MEDIUM] F6: 2025 Human Development Report gives Switzerland 0.969 (3rd, behind Iceland and Norway) and Niger 0.419 (18
  ok   #20 L4.exam_tip_html [MEDIUM] F6: values updated to the 2025 Human Development Report
  ok   #21 L4.practice_questions[4].marks [MEDIUM] F6: values updated to the 2025 Human Development Report
  ok   #22 L4.content_html [LOW] F6: 2025 Human Development Report gives Brazil 0.786, keeping the three worked examples in the same edition
  ok   #23 L4.knowledge_checks[3].q [MEDIUM] F6: Iceland now leads the HDI, so the stem can no longer say Switzerland is highest
  ok   #24 L4.knowledge_checks[3].options[2] [MEDIUM] F6: Switzerland's HDI in the 2025 Human Development Report
  ok   #25 L4.flashcard_questions[11].a [MEDIUM] F6: Niger is 188th of 193, not last
  ok   #26 L4.content_html [MEDIUM] F7: Niger's under-five mortality rate is 114.8 per 1,000 live births (UN IGME, 2023), which is about one in ni
  ok   #27 L4.exam_tip_html [HIGH] F8: invented examiner behaviour; the spec sets the vocabulary, examiners are not on record rewarding it
  ok   #35 L4.exam_tip_html [HIGH] F1: Component 02 is a 1-hour, 60-mark paper whose question tariffs run 1-8 marks with 3 SPaG marks; there is n
  ok   #42 L4.practice_questions[5].marks [HIGH] F1: Component 02 is a 1-hour, 60-mark paper whose question tariffs run 1-8 marks with 3 SPaG marks; there is n
  PATCH L4: practice_questions, content_html, exam_tip_html, knowledge_checks, flashcard_questions
  ok   #4 L5.practice_questions[5].type [HIGH] F1: Component 02 is a 1-hour, 60-mark paper whose question tariffs run 1-8 marks with 3 SPaG marks; there is n
  ok   #28 L5.content_html [LOW] F9: the DRC mines about 70% of world cobalt output but holds roughly half of world reserves; the lesson's own 
  ok   #36 L5.exam_tip_html [HIGH] F1: Component 02 is a 1-hour, 60-mark paper whose question tariffs run 1-8 marks with 3 SPaG marks; there is n
  ok   #43 L5.practice_questions[5].marks [HIGH] F1: Component 02 is a 1-hour, 60-mark paper whose question tariffs run 1-8 marks with 3 SPaG marks; there is n
  PATCH L5: practice_questions, content_html, exam_tip_html
  ok   #5 L6.practice_questions[5].type [HIGH] F1: Component 02 is a 1-hour, 60-mark paper whose question tariffs run 1-8 marks with 3 SPaG marks; there is n
  ok   #29 L6.content_html [MEDIUM] F10: on IMF estimates Nigeria is Africa's third largest economy by nominal GDP, behind South Africa and Egypt
  ok   #30 L6.conclusion_html [MEDIUM] F11: the conclusion described both sides as high-value, so it stated no imbalance and contradicted the lesson 
  ok   #37 L6.exam_tip_html [HIGH] F1: Component 02 is a 1-hour, 60-mark paper whose question tariffs run 1-8 marks with 3 SPaG marks; there is n
  ok   #44 L6.practice_questions[5].marks [HIGH] F1: Component 02 is a 1-hour, 60-mark paper whose question tariffs run 1-8 marks with 3 SPaG marks; there is n
  PATCH L6: practice_questions, content_html, conclusion_html, exam_tip_html
  ok   #6 L7.practice_questions[5].type [HIGH] F1: Component 02 is a 1-hour, 60-mark paper whose question tariffs run 1-8 marks with 3 SPaG marks; there is n
  ok   #45 L7.practice_questions[5].marks [HIGH] F1: Component 02 is a 1-hour, 60-mark paper whose question tariffs run 1-8 marks with 3 SPaG marks; there is n
  PATCH L7: practice_questions
  ok   #7 L8.practice_questions[5].type [HIGH] F1: Component 02 is a 1-hour, 60-mark paper whose question tariffs run 1-8 marks with 3 SPaG marks; there is n
  ok   #38 L8.exam_tip_html [HIGH] F1: Component 02 is a 1-hour, 60-mark paper whose question tariffs run 1-8 marks with 3 SPaG marks; there is n
  ok   #46 L8.practice_questions[5].marks [HIGH] F1: Component 02 is a 1-hour, 60-mark paper whose question tariffs run 1-8 marks with 3 SPaG marks; there is n
  PATCH L8: practice_questions, exam_tip_html
  ok   #8 L9.practice_questions[5].type [HIGH] F1: Component 02 is a 1-hour, 60-mark paper whose question tariffs run 1-8 marks with 3 SPaG marks; there is n
  ok   #39 L9.exam_tip_html [HIGH] F1: Component 02 is a 1-hour, 60-mark paper whose question tariffs run 1-8 marks with 3 SPaG marks; there is n
  ok   #47 L9.practice_questions[5].marks [HIGH] F1: Component 02 is a 1-hour, 60-mark paper whose question tariffs run 1-8 marks with 3 SPaG marks; there is n
  PATCH L9: practice_questions, exam_tip_html
  ok   #9 L10.practice_questions[5].type [HIGH] F1: Component 02 is a 1-hour, 60-mark paper whose question tariffs run 1-8 marks with 3 SPaG marks; there is n
  ok   #31 L10.content_html [MEDIUM] F12: the Pacific lies west of South America; La Nina cools the central and eastern Pacific off its west coast
  ok   #40 L10.exam_tip_html [HIGH] F1: Component 02 is a 1-hour, 60-mark paper whose question tariffs run 1-8 marks with 3 SPaG marks; there is n
  ok   #48 L10.practice_questions[5].marks [HIGH] F1: Component 02 is a 1-hour, 60-mark paper whose question tariffs run 1-8 marks with 3 SPaG marks; there is n
  PATCH L10: practice_questions, content_html, exam_tip_html
=== 49 applied, 0 skipped, 10 lessons / 30 fields changed
