=== APPLY EDITS business-aqa/business-operations  14 edits  LIVE  2026-09-06T09:55:02.521Z
  ok   #0 L1.content_html [MEDIUM] F1: the spec lists job and flow as methods of production. Lean production and JIT sit under efficiency in prod
  ok   #1 L1.exam_tip_html [MEDIUM] F2: 'you can now' implies a rule change that the spec does not make, and 'markers still reward' is an invented
  ok   #2 L1.practice_questions[5].marks [MEDIUM] F3: invented timing advice appended to the mark scheme. AQA publishes no per-part timing; Paper 1 allows 105 m
  PATCH L1: content_html, exam_tip_html, practice_questions
  ok   #3 L2.exam_tip_html [MEDIUM] F4: AQA publishes no per-part timing advice. Paper 1 gives 105 minutes for 90 marks, so a 9-mark answer is wor
  ok   #4 L2.practice_questions[5].marks [MEDIUM] F5: invented timing advice appended to the mark scheme. AQA publishes no per-part timing; Paper 1 allows 105 m
  PATCH L2: exam_tip_html, practice_questions
  ok   #5 L3.content_html [MEDIUM] F6: 'Never Knowingly Undersold' (1925 to August 2022, returned 2024) was a price-matching pledge, not a qualit
  ok   #6 L3.content_html [HIGH] F7: the 2009-11 recalls covered about 9 million vehicles across many models. The Prius recall alone was an ant
  ok   #7 L3.flashcard_questions[12].a [HIGH] F8: Wikipedia (2009-2011 Toyota vehicle recalls) gives about 9 million vehicles and losses of up to US$2 billi
  ok   #8 L3.flashcard_questions[12].q [HIGH] F8: the $2 billion figure and the multi-million vehicle count belong to the whole 2009-11 recall programme, no
  ok   #9 L3.flashcard_questions[9].a [MEDIUM] F9: $33.3bn (June 2020) is the total of fines, penalties, settlements and buybacks. The US criminal fine alone
  PATCH L3: content_html, flashcard_questions
  ok   #10 L4.content_html [MEDIUM] F12: the five-to-one ratio is an invented statistic with no source.
  ok   #11 L4.content_html [MEDIUM] F13: no such named Tesco episode can be verified. The 2021 UK supply-chain shortages are well documented, so t
  ok   #12 L4.practice_questions[5].marks [MEDIUM] F11: invented timing advice appended to the mark scheme. AQA publishes no per-part timing; Paper 1 allows 105 
  ok   #13 L4.content_html [?] 
  PATCH L4: content_html, practice_questions
=== 14 applied, 0 skipped, 4 lessons / 9 fields changed
