
=== RE-NARRATION (changed narrated text only) ===
backup: C:\Users\tshau\Documents\Study Vault\scripts\_retrofc\units\business-aqa__business-operations\_backup.json
unit:   business-aqa / business-operations
run: 2026-09-06T09:55:07Z  mode: LIVE

4 lessons, 8 clips to regenerate

  L01 (Ollie)  Production Processes
      n3: For this unit, you need to know two methods of production — job and flow — plus two ways of making production 
             -> 181 KB, 15.5s, uploaded
      n23: For a 6-mark Analyse question you can draw on more than one factor, but a strong answer still needs a develope
             -> 281 KB, 24.0s, uploaded
      manifest updated (27 entries)
  L02 (Ada)  Procurement & Supply Chains
      n23: For a 9-mark Justify on stock management, do not just list JIT pros and JIC cons — commit to one strategy and 
             -> 254 KB, 21.7s, uploaded
      manifest updated (27 entries)
  L03 (Ollie)  Quality
      n14: The advantages are big. Defects are caught early — before expensive later work is added on top. Customer compl
             -> 261 KB, 22.2s, uploaded
      n21: Toyota’s recalls in 2009–2010, covering around 9 million cars worldwide, cost the company an estimated $2 bill
             -> 233 KB, 19.9s, uploaded
      manifest updated (28 entries)
  L04 (Ada)  Customer Service
      n10: John Lewis staff are ‘partners’ — part-owners of the business — and the firm invests heavily in their training
             -> 148 KB, 12.7s, uploaded
      n18: The dangers mirror the benefits — in reverse. Customers become dissatisfied . They tell others, spreading a po
             -> 276 KB, 23.6s, uploaded
      n20: The flip side is that failures are also public. A rude response on Twitter or X can be screenshotted and share
             -> 230 KB, 19.7s, uploaded
      manifest updated (27 entries)

Regenerated 8 clips.

=== VERIFY (ranged GET + freshness) ===
  206  L01 n3  bytes 0-3/185760  Last-Modified: Sun, 06 Sep 2026 09:55:15 GMT  mp3-sync=OK
  206  L01 n23  bytes 0-3/287712  Last-Modified: Sun, 06 Sep 2026 09:55:22 GMT  mp3-sync=OK
  206  L02 n23  bytes 0-3/260352  Last-Modified: Sun, 06 Sep 2026 09:55:28 GMT  mp3-sync=OK
  206  L03 n14  bytes 0-3/266976  Last-Modified: Sun, 06 Sep 2026 09:55:34 GMT  mp3-sync=OK
  206  L03 n21  bytes 0-3/238176  Last-Modified: Sun, 06 Sep 2026 09:55:40 GMT  mp3-sync=OK
  206  L04 n10  bytes 0-3/152064  Last-Modified: Sun, 06 Sep 2026 09:55:45 GMT  mp3-sync=OK
  206  L04 n18  bytes 0-3/283104  Last-Modified: Sun, 06 Sep 2026 09:55:54 GMT  mp3-sync=OK
  206  L04 n20  bytes 0-3/235872  Last-Modified: Sun, 06 Sep 2026 09:56:00 GMT  mp3-sync=OK

8/8 clips verified HTTP 200/206 with fresh audio.
