=== APPLY EDITS business-aqa/finance  14 edits  LIVE  2026-09-06T09:59:13.091Z
  ok   #0 L1.content_html [HIGH] F1: the crowdfunded rounds, the early small business loans and the family support are invented. Innocent strug
  ok   #1 L1.conclusion_html [MEDIUM] F2: Innocent did not grow via loans. The growth finance was equity sold to a private investor, then stakes sol
  ok   #2 L1.content_html [MEDIUM] F3: eight external sources are then listed, not seven. The spec groups 'a loan or mortgage' as one item; the l
  ok   #3 L1.content_html [MEDIUM] F3: the panel lists eight sources, so the heading's count is wrong.
  PATCH L1: content_html, conclusion_html
  ok   #4 L2.exam_tip_html [MEDIUM] F4: one method mark out of three is a third, not a half. Invented mark-scheme split replaced with the true poi
  ok   #12 L2.content_html [?] 
  ok   #13 L2.content_html [?] 
  PATCH L2: exam_tip_html, content_html
  ok   #5 L3.exam_tip_html [MEDIUM] F6: the advice is sound but 'a bare number loses a mark' is an invented mark-scheme rule.
  PATCH L3: exam_tip_html
  ok   #6 L4.exam_tip_html [HIGH] F7: the spec states students will not be expected to draw break-even charts or use the break-even formula, and
  ok   #7 L4.exam_tip_html [MEDIUM] F11: invented mark-scheme rule, as in F6.
  ok   #8 L4.content_html [MEDIUM] F8: the spec rules out using the break-even formula as well as drawing the chart.
  ok   #9 L4.content_html [MEDIUM] F9: above break-even each extra unit adds its contribution (£2.40 here), not its selling price. The variable c
  ok   #10 L4.conclusion_html [MEDIUM] F10: same misconception as F9, in the takeaway.
  PATCH L4: exam_tip_html, content_html, conclusion_html
  ok   #11 L5.content_html [MEDIUM] F14: Burberry's net margin is about 0.8%, not 15-20% (FY to 28 March 2026: revenue £2,420m, operating income £
  PATCH L5: content_html
=== 14 applied, 0 skipped, 5 lessons / 9 fields changed
