
=== RE-NARRATION (changed narrated text only) ===
backup: C:\Users\tshau\Documents\Study Vault\scripts\_retrofc\units\business-aqa__finance\_backup.json
unit:   business-aqa / finance
run: 2026-09-06T09:59:18Z  mode: LIVE

5 lessons, 12 clips to regenerate

  L01 (Ollie)  Sources of Finance
      n11: External finance comes from outside the business. The AQA specification names these main sources.
             -> 85 KB, 7.2s, uploaded
      n21: Innocent Smoothies is a classic UK example. Three Cambridge graduates spent £500 of their own money on fruit a
             -> 396 KB, 33.8s, uploaded
      n30: The right source depends on the amount, the time frame, the length of the need and the business’s legal struct
             -> 154 KB, 13.2s, uploaded
      manifest updated (30 entries)
  L02 (Ada)  Cash Flow
      n17: The shop ends January with £5,000 in the bank. Still positive — but if February repeats the same £3,000 shortf
             -> 276 KB, 23.5s, uploaded
      n28: A good manager picks the right solution for the right problem. A one-off dip — say a major customer pays late 
             -> 695 KB, 59.3s, uploaded
      n29: AQA will not ask you to construct a whole cash-flow forecast — but they will ask you to interpret one or fill 
             -> 390 KB, 33.3s, uploaded
      manifest updated (33 entries)
  L03 (Ollie)  Costs, Revenue & Profit
      n35: Calculation questions are where Business students most often lose easy marks. AQA does not give you the formul
             -> 315 KB, 26.9s, uploaded
      manifest updated (39 entries)
  L04 (Ada)  Break-even & Average Rate of Return
      n5: AQA asks you to read break-even charts rather than draw them, and you will not have to use the break-even form
             -> 215 KB, 18.4s, uploaded
      n18: Key Fact . Break-even (units) = Fixed costs ÷ Contribution per unit. Contribution = Selling price − Variable c
             -> 185 KB, 15.8s, uploaded
      n38: AQA does not give you formulae in the exam, so learn the ARR formula by heart. Break-even is different: you ar
             -> 528 KB, 45.1s, uploaded
      n40: Break-even = Fixed costs ÷ Contribution per unit. Every unit sold above this point adds its contribution to pr
             -> 130 KB, 11.1s, uploaded
      manifest updated (42 entries)
  L05 (Ollie)  Analysing Financial Performance
      n34: Competitors — how does the margin compare to rivals in the same sector? Supermarkets typically run net margins
             -> 379 KB, 32.3s, uploaded
      manifest updated (44 entries)

Regenerated 12 clips.

=== VERIFY (ranged GET + freshness) ===
  206  L01 n11  bytes 0-3/86976  Last-Modified: Sun, 06 Sep 2026 09:59:23 GMT  mp3-sync=OK
  206  L01 n21  bytes 0-3/405504  Last-Modified: Sun, 06 Sep 2026 09:59:30 GMT  mp3-sync=OK
  206  L01 n30  bytes 0-3/157824  Last-Modified: Sun, 06 Sep 2026 09:59:33 GMT  mp3-sync=OK
  206  L02 n17  bytes 0-3/282240  Last-Modified: Sun, 06 Sep 2026 09:59:57 GMT  mp3-sync=OK
  206  L02 n28  bytes 0-3/711936  Last-Modified: Sun, 06 Sep 2026 10:00:10 GMT  mp3-sync=OK
  206  L02 n29  bytes 0-3/399456  Last-Modified: Sun, 06 Sep 2026 10:00:18 GMT  mp3-sync=OK
  206  L03 n35  bytes 0-3/322560  Last-Modified: Sun, 06 Sep 2026 10:00:33 GMT  mp3-sync=OK
  206  L04 n5  bytes 0-3/220608  Last-Modified: Sun, 06 Sep 2026 10:00:39 GMT  mp3-sync=OK
  206  L04 n18  bytes 0-3/189792  Last-Modified: Sun, 06 Sep 2026 10:00:44 GMT  mp3-sync=OK
  206  L04 n38  bytes 0-3/541152  Last-Modified: Sun, 06 Sep 2026 10:00:54 GMT  mp3-sync=OK
  206  L04 n40  bytes 0-3/133344  Last-Modified: Sun, 06 Sep 2026 10:01:05 GMT  mp3-sync=OK
  206  L05 n34  bytes 0-3/387648  Last-Modified: Sun, 06 Sep 2026 10:01:12 GMT  mp3-sync=OK

12/12 clips verified HTTP 200/206 with fresh audio.
