=== APPLY EDITS separate-sciences-ocr-b/biology-life-on-earth-ecosystems  24 edits  LIVE  2026-09-05T13:31:12.147Z
  ok   #0 L1.practice_questions[4].type [MEDIUM] F1: 'Required Practical Method' is AQA/Edexcel wording. OCR Twenty First Century Science uses Practical Activi
  ok   #1 L1.practice_questions[1].type [MEDIUM] F2: the effect of carbon dioxide concentration on the rate of photosynthesis is B3.1.4a, which is not bold, so
  ok   #2 L1.content_html [MEDIUM] F3: the inverse square law is B3.1.5, which is bold and therefore Higher tier only. The rest of this paragraph
  ok   #3 L1.knowledge_checks[1].q [HIGH] F4: as written the stem says the rate does NOT rise when CO₂ is added, which rules out the keyed answer (carbo
  PATCH L1: practice_questions, content_html, knowledge_checks
  ok   #4 L2.content_html [HIGH] F7: a habitat is the place an organism lives, not the non-living part of an ecosystem. The non-living componen
  ok   #5 L2.content_html [MEDIUM] F8: red and grey squirrels are woodland animals; the displacement of red squirrels happened in broadleaf woodl
  ok   #6 L2.flashcard_questions[8].q [MEDIUM] F9: garbled drafting artefact — the instruction 'Define mutualism' was pasted into a question template.
  ok   #7 L2.flashcard_questions[9].q [MEDIUM] F9: garbled drafting artefact — the instruction 'Define parasitism' was pasted into a question template.
  PATCH L2: content_html, flashcard_questions
  ok   #8 L3.content_html [MEDIUM] F11: as written the name 'eutrophication' is attached to nitrate being washed out of the soil. Eutrophication 
  ok   #9 L3.exam_tip_html [MEDIUM] F12: J257 lists carbon and water by name (B3.3.9, B3.3.10) plus the role of microorganisms (B3.3.11). Nitrifyi
  ok   #10 L3.content_html [MEDIUM] F12/F13: removes the unsupported exam claim, and stops decomposers being counted as a fourth type of bacteria 
  ok   #11 L3.conclusion_html [MEDIUM] F13: contradicts the lesson's own text, which defines decomposers as bacteria AND fungi.
  ok   #12 L3.practice_questions[1].type [MEDIUM] F14: the carbon cycle is B3.3.10, which is not bold, so it is assessed at both tiers.
  PATCH L3: content_html, exam_tip_html, conclusion_html, practice_questions
  ok   #13 L4.practice_questions[5].marks [HIGH] F15: 'Award 1 mark for' is a banned board rubric phrase; the house validator rejects the whole unit on it.
  ok   #14 L4.practice_questions[5].type [MEDIUM] F16: the question gives no options, so labelling it multiple choice misleads the student about the format.
  ok   #15 L4.practice_questions[3].type [MEDIUM] F17: speciation sits under B6.1.5, which is not bold, so it is assessed at both tiers.
  ok   #16 L4.content_html [MEDIUM] F18: the reasoning was inverted. Bacteria that are still susceptible surviving would not select for resistance
  PATCH L4: practice_questions, content_html
  ok   #17 L5.content_html [MEDIUM] F19: Canis lupus familiaris is a three-part subspecies name, so it contradicts the sentence teaching the two-p
  ok   #18 L5.content_html [MEDIUM] F20: about 87.5% of flowering plant species are animal-pollinated (Ollerton et al., 2011). The three-quarters 
  ok   #19 L5.content_html [MEDIUM] F21: J257 defines biodiversity in B6.4 as organisms plus genes plus ecosystems. The species-only wording is th
  ok   #20 L5.glossary_terms[0].definition [MEDIUM] F21: matches the corrected in-lesson definition (B6.4).
  ok   #21 L5.flashcard_questions[0].a [MEDIUM] F21: matches the corrected in-lesson definition (B6.4).
  ok   #22 L5.practice_questions[0].text [MEDIUM] F21: keeps the answer option consistent with the corrected definition.
  ok   #23 L5.practice_questions[0].marks [MEDIUM] F21: answer key updated to match the edited option B.
  PATCH L5: content_html, glossary_terms, flashcard_questions, practice_questions
=== 24 applied, 0 skipped, 5 lessons / 15 fields changed
