
=== RE-NARRATION (changed narrated text only) ===
backup: C:\Users\tshau\Documents\Study Vault\scripts\_retrofc\units\separate-sciences-ocr-b__biology-life-on-earth-ecosystems\_backup.json
unit:   separate-sciences-ocr-b / biology-life-on-earth-ecosystems
run: 2026-09-05T13:31:15Z  mode: LIVE

5 lessons, 10 clips to regenerate

  L01 (Ollie)  Photosynthesis and Plant Growth
      n19: Light intensity: As light intensity increases, more energy is available for the light-driven stage of photosyn
             -> 259 KB, 22.1s, uploaded
      manifest updated (30 entries)
  L02 (Ada)  Ecosystems and Interdependence
      n2: An ecosystem consists of all the living organisms in an area together with the non-living environment they inh
             -> 377 KB, 32.1s, uploaded
      n12: Competition occurs when two or more organisms require the same limited resource. Intraspecific competition (be
             -> 411 KB, 35.1s, uploaded
      manifest updated (25 entries)
  L03 (Ollie)  Carbon, Nitrogen and Water Cycles
      n18: Farmers add nitrogen to the soil through fertilisers — either as inorganic compounds (manufactured using atmos
             -> 409 KB, 34.9s, uploaded
      n24: This board names the carbon cycle and the water cycle, and asks about the role of microorganisms in cycling su
             -> 418 KB, 35.7s, uploaded
      n27: The nitrogen cycle depends on nitrogen-fixing, nitrifying and denitrifying bacteria, plus decomposers (bacteri
             -> 167 KB, 14.2s, uploaded
      manifest updated (28 entries)
  L04 (Ada)  Evolution by Natural Selection
      n9: This is why doctors advise completing a full course of antibiotics: stopping early can leave the least affecte
             -> 237 KB, 20.3s, uploaded
      manifest updated (27 entries)
  L05 (Ollie)  Biodiversity and Classification
      n2: Biodiversity is the variety of life in a given area. It has three parts: the diversity of living organisms, th
             -> 314 KB, 26.8s, uploaded
      n11: UK wild bee and hoverfly populations have declined significantly in recent decades. Intensification of farming
             -> 355 KB, 30.3s, uploaded
      n24: Every species is given a unique two-part Latin name — this is the binomial system . The first part is the genu
             -> 318 KB, 27.2s, uploaded
      manifest updated (38 entries)

Regenerated 10 clips.

=== VERIFY (ranged GET + freshness) ===
  206  L01 n19  bytes 0-3/265248  Last-Modified: Sat, 05 Sep 2026 13:31:21 GMT  mp3-sync=OK
  206  L02 n2  bytes 0-3/385632  Last-Modified: Sat, 05 Sep 2026 13:31:27 GMT  mp3-sync=OK
  206  L02 n12  bytes 0-3/421056  Last-Modified: Sat, 05 Sep 2026 13:31:34 GMT  mp3-sync=OK
  206  L03 n18  bytes 0-3/418752  Last-Modified: Sat, 05 Sep 2026 13:31:40 GMT  mp3-sync=OK
  206  L03 n24  bytes 0-3/428256  Last-Modified: Sat, 05 Sep 2026 13:31:46 GMT  mp3-sync=OK
  206  L03 n27  bytes 0-3/170784  Last-Modified: Sat, 05 Sep 2026 13:31:50 GMT  mp3-sync=OK
  206  L04 n9  bytes 0-3/243072  Last-Modified: Sat, 05 Sep 2026 13:31:55 GMT  mp3-sync=OK
  206  L05 n2  bytes 0-3/321696  Last-Modified: Sat, 05 Sep 2026 13:32:00 GMT  mp3-sync=OK
  206  L05 n11  bytes 0-3/363744  Last-Modified: Sat, 05 Sep 2026 13:32:05 GMT  mp3-sync=OK
  206  L05 n24  bytes 0-3/326016  Last-Modified: Sat, 05 Sep 2026 13:32:10 GMT  mp3-sync=OK

10/10 clips verified HTTP 200/206 with fresh audio.
