
=== RE-NARRATION (changed narrated text only) ===
backup: C:\Users\tshau\Documents\Study Vault\scripts\_retrofc\units\media-studies-aqa__media-industries\_backup.json
unit:   media-studies-aqa / media-industries
run: 2026-09-04T17:05:12Z  mode: LIVE

3 lessons, 7 clips to regenerate

  L01 (Ollie)  Ownership: Conglomerates, Mergers and Integration
      n4: Key Fact . Media ownership changes through mergers, takeovers and demergers. A merger is when two companies co
             -> 209 KB, 17.9s, uploaded
      n20: Media conglomerates can expand through mergers and takeovers; a demerger splits part of a business into a sepa
             -> 171 KB, 14.6s, uploaded
      manifest updated (22 entries)
  L04 (Ada)  Funding Models and Commercial Industries
      n19: Media funding models include public funding (licence fee or government grant), commercial funding (advertising
             -> 200 KB, 17.1s, uploaded
      manifest updated (21 entries)
  L05 (Ollie)  Regulation, Digital Disruption and the BBFC, OFCOM, IPSO, ASA and PEGI
      n4: Key Fact . The six UK regulatory bodies named in the specification are the Video Standards Council (VSC, which
             -> 355 KB, 30.3s, uploaded
      n7: Because OFCOM is a statutory body, its decisions carry legal weight. It enforces standards relating to accurac
             -> 342 KB, 29.2s, uploaded
      n17: This has prompted significant regulatory reform. The UK’s Online Safety Act 2023 places legal duties on social
             -> 410 KB, 35.0s, uploaded
      n21: UK media regulation is split across six bodies with different remits and legal powers: the VSC (administers PE
             -> 331 KB, 28.2s, uploaded
      manifest updated (23 entries)

Regenerated 7 clips.

=== VERIFY (ranged GET + freshness) ===
  206  L01 n4  bytes 0-3/214272  Last-Modified: Fri, 04 Sep 2026 17:05:19 GMT  mp3-sync=OK
  206  L01 n20  bytes 0-3/175104  Last-Modified: Fri, 04 Sep 2026 17:05:22 GMT  mp3-sync=OK
  206  L04 n19  bytes 0-3/205056  Last-Modified: Fri, 04 Sep 2026 17:05:26 GMT  mp3-sync=OK
  206  L05 n4  bytes 0-3/363456  Last-Modified: Fri, 04 Sep 2026 17:05:32 GMT  mp3-sync=OK
  206  L05 n7  bytes 0-3/350496  Last-Modified: Fri, 04 Sep 2026 17:05:37 GMT  mp3-sync=OK
  206  L05 n17  bytes 0-3/419904  Last-Modified: Fri, 04 Sep 2026 17:05:43 GMT  mp3-sync=OK
  206  L05 n21  bytes 0-3/338688  Last-Modified: Fri, 04 Sep 2026 17:05:49 GMT  mp3-sync=OK

7/7 clips verified HTTP 200/206 with fresh audio.
