=== APPLY EDITS history-aqa/conflict-tension-east-west  160 edits  LIVE  2026-09-05T22:40:57.904Z
  ok   #0 L1.content_html [HIGH] F1: Attlee did not attend Yalta; he was Deputy PM at home and first joined a Big Three conference at Potsdam.
  ok   #1 L1.content_html [MEDIUM] F2: Potsdam closed 2 August 1945; Hiroshima was bombed on 6 August - four days, not nine.
  ok   #2 L1.content_html [MEDIUM] F3: invented examiner claim removed.
  ok   #3 L1.exam_tip_html [HIGH] F4: invented examiner claim removed from the exam tip.
  ok   #4 L1.flashcard_questions[6].a [MEDIUM] F5: comma-list answer failed the flashcard validator; rewritten as one idea.
  ok   #5 L1.practice_questions[3].marks [MEDIUM] F6: the 27 million figure covers the whole war, not Operation Barbarossa.
  ok   #6 L1.practice_questions[4].text [HIGH] F7: '16 marks - Source-Based Essay' is not a form this paper sets; converted to the essay judgement question w
  ok   #7 L1.practice_questions[4].type [HIGH] F7: '16 marks - Source-Based Essay' is not a form this paper sets; converted to the essay judgement question w
  ok   #8 L1.practice_questions[4].marks [HIGH] F7: '16 marks - Source-Based Essay' is not a form this paper sets; converted to the essay judgement question w
  ok   #9 L1.practice_questions[5].text [HIGH] F8: '8 marks - Source Evaluation' is not a form this paper sets; converted to a narrative account (the invente
  ok   #10 L1.practice_questions[5].type [HIGH] F8: '8 marks - Source Evaluation' is not a form this paper sets; converted to a narrative account (the invente
  ok   #11 L1.practice_questions[5].marks [HIGH] F8: '8 marks - Source Evaluation' is not a form this paper sets; converted to a narrative account (the invente
  ok   #12 L1.practice_questions[2].text [MEDIUM] F9: the 4-mark source question on this paper asks how you know, using the source and contextual knowledge; 'id
  ok   #13 L1.practice_questions[2].marks [MEDIUM] F9: the 4-mark source question on this paper asks how you know, using the source and contextual knowledge; 'id
  PATCH L1: content_html, exam_tip_html, flashcard_questions, practice_questions
  ok   #14 L2.content_html [MEDIUM] F10: roughly half the deaths came later from injury and radiation, and the dead included soldiers and forced l
  ok   #15 L2.content_html [MEDIUM] F11: the USSR declared war on 8 August 1945; the invasion of Manchuria began on 9 August.
  ok   #16 L2.content_html [MEDIUM] F12: Potsdam closed on 2 August and Hiroshima was bombed on 6 August 1945.
  ok   #17 L2.content_html [MEDIUM] F13: George Orwell used 'cold war' in print in October 1945; 1947 is when Baruch and Lippmann popularised it.
  ok   #18 L2.exam_tip_html [HIGH] F14: the tip told students not to use their own knowledge; the 4-mark source question on this paper requires c
  ok   #19 L2.practice_questions[2].text [MEDIUM] F15: the source was dated 1947 and 1946 in the same sentence, and it put the 27 million war-dead figure into a
  ok   #20 L2.practice_questions[4].text [HIGH] F17: '8 marks - Source Evaluation' is not a form this paper sets; converted to the essay judgement question, w
  ok   #21 L2.practice_questions[4].type [HIGH] F17: '8 marks - Source Evaluation' is not a form this paper sets; converted to the essay judgement question, w
  ok   #22 L2.practice_questions[4].marks [HIGH] F17: '8 marks - Source Evaluation' is not a form this paper sets; converted to the essay judgement question, w
  ok   #23 L2.practice_questions[0].text [MEDIUM] F18: converted to the 'how do you know' form used on this paper, with contextual knowledge required.
  ok   #24 L2.practice_questions[0].marks [MEDIUM] F18: converted to the 'how do you know' form used on this paper, with contextual knowledge required.
  ok   #25 L2.practice_questions[1].text [MEDIUM] F18: converted to the 'how do you know' form used on this paper, with contextual knowledge required.
  ok   #26 L2.practice_questions[1].marks [MEDIUM] F18: converted to the 'how do you know' form used on this paper, with contextual knowledge required.
  PATCH L2: content_html, exam_tip_html, practice_questions
  ok   #27 L3.exam_tip_html [HIGH] F19: invented examiner claim removed from the exam tip.
  ok   #28 L3.practice_questions[4].text [HIGH] F20: '8 marks - Source Evaluation' is not a form this paper sets; converted to the essay judgement question, w
  ok   #29 L3.practice_questions[4].type [HIGH] F20: '8 marks - Source Evaluation' is not a form this paper sets; converted to the essay judgement question, w
  ok   #30 L3.practice_questions[4].marks [HIGH] F20: '8 marks - Source Evaluation' is not a form this paper sets; converted to the essay judgement question, w
  ok   #31 L3.practice_questions[0].text [MEDIUM] F21: converted to the 'how do you know' form used on this paper, with contextual knowledge required.
  ok   #32 L3.practice_questions[0].marks [MEDIUM] F21: converted to the 'how do you know' form used on this paper, with contextual knowledge required.
  ok   #33 L3.practice_questions[3].text [MEDIUM] F21: converted to the 'how do you know' form used on this paper, with contextual knowledge required.
  ok   #34 L3.practice_questions[3].marks [MEDIUM] F21: converted to the 'how do you know' form used on this paper, with contextual knowledge required.
  PATCH L3: exam_tip_html, practice_questions
  ok   #35 L4.content_html [MEDIUM] F22: both parties left government in May 1947, four months before Cominform existed, so Cominform cannot have 
  ok   #36 L4.exam_tip_html [HIGH] F23: invented examiner claim removed from the exam tip.
  ok   #37 L4.practice_questions[0].marks [MEDIUM] F22: model answer repeated the error that Cominform ordered the French and Italian parties out of government.
  ok   #38 L4.knowledge_checks[2].q [MEDIUM] F24: the question said Cominform was expelled from Yugoslavia, reversing the relationship a student needs to k
  ok   #39 L4.flashcard_questions[2].q [MEDIUM] F25: list answer replaced with a single idea.
  ok   #40 L4.flashcard_questions[2].a [MEDIUM] F25: list answer replaced with a single idea.
  ok   #41 L4.flashcard_questions[6].q [MEDIUM] F25: list answer replaced with a single idea.
  ok   #42 L4.flashcard_questions[6].a [MEDIUM] F25: list answer replaced with a single idea.
  ok   #43 L4.practice_questions[4].text [HIGH] F26: '8 marks - Source Evaluation' is not a form this paper sets; converted to the essay judgement question, w
  ok   #44 L4.practice_questions[4].type [HIGH] F26: '8 marks - Source Evaluation' is not a form this paper sets; converted to the essay judgement question, w
  ok   #45 L4.practice_questions[4].marks [HIGH] F26: '8 marks - Source Evaluation' is not a form this paper sets; converted to the essay judgement question, w
  ok   #46 L4.practice_questions[2].text [MEDIUM] F27: converted to the 'how do you know' form used on this paper, with contextual knowledge required.
  ok   #47 L4.practice_questions[2].marks [MEDIUM] F27: converted to the 'how do you know' form used on this paper, with contextual knowledge required.
  ok   #48 L4.practice_questions[5].text [MEDIUM] F27: converted to the 'how do you know' form used on this paper, with contextual knowledge required.
  ok   #49 L4.practice_questions[5].marks [MEDIUM] F27: converted to the 'how do you know' form used on this paper, with contextual knowledge required.
  PATCH L4: content_html, exam_tip_html, practice_questions, knowledge_checks, flashcard_questions
  ok   #50 L5.content_html [MEDIUM] F28: the airlift death toll is 101, of whom 40 were British and 31 American; the 79 figure matches no publishe
  ok   #51 L5.exam_tip_html [HIGH] F29: the exam tip described a 16-mark source-based essay; this paper's 16-mark question is a judgement essay w
  ok   #52 L5.flashcard_questions[8].a [MEDIUM] F30: comma-list answer failed the flashcard validator.
  ok   #53 L5.practice_questions[0].type [HIGH] F31: '16 marks - Source-Based Essay' is not a form this paper sets. Converted to the 12-mark usefulness questi
  ok   #54 L5.practice_questions[0].text [HIGH] F31: converted to the 12-mark usefulness question.
  ok   #55 L5.practice_questions[0].marks [HIGH] F31: mark scheme rebuilt for the 12-mark usefulness question.
  ok   #56 L5.practice_questions[3].text [HIGH] F32: '8 marks - Source Evaluation' is not a form this paper sets; converted to the essay judgement question.
  ok   #57 L5.practice_questions[3].type [HIGH] F32: '8 marks - Source Evaluation' is not a form this paper sets; converted to the essay judgement question.
  ok   #58 L5.practice_questions[3].marks [HIGH] F32: '8 marks - Source Evaluation' is not a form this paper sets; converted to the essay judgement question.
  ok   #59 L5.practice_questions[2].text [MEDIUM] F33: converted to the 'how do you know' form used on this paper, with contextual knowledge required.
  ok   #60 L5.practice_questions[2].marks [MEDIUM] F33: converted to the 'how do you know' form used on this paper, with contextual knowledge required.
  ok   #61 L5.practice_questions[5].text [MEDIUM] F33: converted to the 'how do you know' form; the source date is corrected to December 1948, when Reuter had b
  ok   #62 L5.practice_questions[5].marks [MEDIUM] F33: converted to the 'how do you know' form; the source date is corrected to December 1948, when Reuter had b
  PATCH L5: content_html, exam_tip_html, flashcard_questions, practice_questions
  ok   #63 L6.practice_questions[4].text [HIGH] F34: '8 marks - Source Evaluation' is not a form this paper sets; converted to the essay judgement question, w
  ok   #64 L6.practice_questions[4].type [HIGH] F34: '8 marks - Source Evaluation' is not a form this paper sets; converted to the essay judgement question, w
  ok   #65 L6.practice_questions[4].marks [HIGH] F34: '8 marks - Source Evaluation' is not a form this paper sets; converted to the essay judgement question, w
  ok   #66 L6.practice_questions[2].text [MEDIUM] F35: converted to the 'how do you know' form used on this paper, with contextual knowledge required.
  ok   #67 L6.practice_questions[2].marks [MEDIUM] F35: converted to the 'how do you know' form used on this paper, with contextual knowledge required.
  PATCH L6: practice_questions
  ok   #68 L7.content_html [MEDIUM] F36: 7 April to 7 May 1954 is one month, not six weeks.
  ok   #69 L7.exam_tip_html [HIGH] F37: the tip told students to avoid their own knowledge, which the 4-mark source question on this paper requir
  ok   #70 L7.practice_questions[4].text [HIGH] F38: '8 marks - Source Evaluation' is not a form this paper sets; converted to the essay judgement question, w
  ok   #71 L7.practice_questions[4].type [HIGH] F38: '8 marks - Source Evaluation' is not a form this paper sets; converted to the essay judgement question, w
  ok   #72 L7.practice_questions[4].marks [HIGH] F38: '8 marks - Source Evaluation' is not a form this paper sets; converted to the essay judgement question, w
  ok   #73 L7.practice_questions[0].text [MEDIUM] F39: converted to the 'how do you know' form used on this paper, with contextual knowledge required.
  ok   #74 L7.practice_questions[0].marks [MEDIUM] F39: converted to the 'how do you know' form used on this paper, with contextual knowledge required.
  ok   #75 L7.practice_questions[1].text [MEDIUM] F39: converted to the 'how do you know' form; the source date is corrected to mid-April so that 'three weeks b
  ok   #76 L7.practice_questions[1].marks [MEDIUM] F39: converted to the 'how do you know' form; the source date is corrected to mid-April so that 'three weeks b
  PATCH L7: content_html, exam_tip_html, practice_questions
  ok   #77 L8.content_html [MEDIUM] F40: West Germany joined NATO on 9 May 1955 and the Warsaw Pact was signed on 14 May 1955 - five days. Evidenc
  ok   #78 L8.content_html [MEDIUM] F41: the first MIRV deployment was Minuteman III in June 1970, not the late 1960s.
  ok   #79 L8.practice_questions[2].marks [MEDIUM] F40: model answer repeated the six-day error.
  ok   #80 L8.flashcard_questions[1].a [MEDIUM] F40: flashcard repeated the six-day error.
  ok   #81 L8.practice_questions[3].text [HIGH] F42: '16 marks - Source-Based Essay' is not a form this paper sets; converted to the essay judgement question 
  ok   #82 L8.practice_questions[3].type [HIGH] F42: '16 marks - Source-Based Essay' is not a form this paper sets; converted to the essay judgement question 
  ok   #83 L8.practice_questions[3].marks [HIGH] F42: '16 marks - Source-Based Essay' is not a form this paper sets; converted to the essay judgement question 
  ok   #84 L8.practice_questions[0].text [MEDIUM] F43: converted to the 'how do you know' form used on this paper, with contextual knowledge required.
  ok   #85 L8.practice_questions[0].marks [MEDIUM] F43: converted to the 'how do you know' form used on this paper, with contextual knowledge required.
  ok   #86 L8.practice_questions[4].text [MEDIUM] F43: converted to the 'how do you know' form; the item was labelled 4 marks but carried an 8-mark usefulness t
  ok   #87 L8.practice_questions[4].marks [MEDIUM] F43: converted to the 'how do you know' form; the item was labelled 4 marks but carried an 8-mark usefulness t
  ok   #158 L8.practice_questions[1].text [MEDIUM] F85: invented archive attributions removed from the source provenance lines.
  PATCH L8: content_html, practice_questions, flashcard_questions
  ok   #88 L9.content_html [LOW] F44: Malenkov, not Khrushchev, took Stalin's government post in March 1953; Khrushchev became party First Secr
  ok   #89 L9.content_html [MEDIUM] F45: Israel invaded Sinai on 29 October 1956; British and French forces bombed from 31 October and landed at P
  ok   #90 L9.exam_tip_html [HIGH] F46: invented examiner claim removed from the exam tip.
  ok   #91 L9.flashcard_questions[11].a [MEDIUM] F45/F47: comma-list answer failed the flashcard validator, and it named Britain and France as invading on the 
  ok   #92 L9.practice_questions[3].text [HIGH] F48: '16 marks - Source-Based Essay' is not a form this paper sets; converted to the essay judgement question 
  ok   #93 L9.practice_questions[3].type [HIGH] F48: '16 marks - Source-Based Essay' is not a form this paper sets; converted to the essay judgement question 
  ok   #94 L9.practice_questions[3].marks [HIGH] F48: '16 marks - Source-Based Essay' is not a form this paper sets; converted to the essay judgement question 
  ok   #95 L9.practice_questions[0].text [MEDIUM] F49: converted to the 'how do you know' form used on this paper, with contextual knowledge required.
  ok   #96 L9.practice_questions[0].marks [MEDIUM] F49: converted to the 'how do you know' form used on this paper, with contextual knowledge required.
  ok   #97 L9.practice_questions[4].text [MEDIUM] F50: converted to the 'how do you know' form; the invented named diarist and archive deposit are removed and t
  ok   #98 L9.practice_questions[4].marks [MEDIUM] F50: converted to the 'how do you know' form; the invented named diarist and archive deposit are removed and t
  ok   #159 L9.practice_questions[1].text [MEDIUM] F85: invented archive attributions removed from the source provenance lines.
  PATCH L9: content_html, exam_tip_html, flashcard_questions, practice_questions
  ok   #99 L10.content_html [MEDIUM] F51: the lesson quoted Macmillan twice in two different forms ('the worst day of my life' here, 'the most trag
  ok   #100 L10.exam_tip_html [HIGH] F52: the tip told students not to use their own knowledge, which this paper's 4-mark source question requires,
  ok   #101 L10.flashcard_questions[7].a [MEDIUM] F53: comma-list answer failed the flashcard validator.
  ok   #102 L10.practice_questions[3].text [HIGH] F54: '16 marks - Source-Based Essay' is not a form this paper sets; converted to the essay judgement question 
  ok   #103 L10.practice_questions[3].type [HIGH] F54: '16 marks - Source-Based Essay' is not a form this paper sets; converted to the essay judgement question 
  ok   #104 L10.practice_questions[3].marks [HIGH] F54: '16 marks - Source-Based Essay' is not a form this paper sets; converted to the essay judgement question 
  ok   #105 L10.practice_questions[0].text [MEDIUM] F55: converted to the 'how do you know' form used on this paper, with contextual knowledge required.
  ok   #106 L10.practice_questions[0].marks [MEDIUM] F55: converted to the 'how do you know' form used on this paper, with contextual knowledge required.
  ok   #107 L10.practice_questions[4].text [MEDIUM] F55: converted to the 'how do you know' form; the item was labelled 4 marks but carried an 8-mark usefulness t
  ok   #108 L10.practice_questions[4].marks [MEDIUM] F55: converted to the 'how do you know' form; the item was labelled 4 marks but carried an 8-mark usefulness t
  ok   #109 L10.practice_questions[1].text [MEDIUM] F56: invented archive attributions removed from the source provenance lines.
  PATCH L10: content_html, exam_tip_html, flashcard_questions, practice_questions
  ok   #110 L11.content_html [MEDIUM] F57: Berlin lay roughly 100 miles (160 km) inside the Soviet zone; the earlier lesson in this unit gives 160 k
  ok   #111 L11.flashcard_questions[1].a [MEDIUM] F58: comma-list answer failed the flashcard validator.
  ok   #112 L11.flashcard_questions[7].a [MEDIUM] F59: the 27-mile figure is the inner Berlin sector boundary alone; with the ring around West Berlin the barrie
  ok   #113 L11.practice_questions[3].text [HIGH] F60: '16 marks - Source-Based Essay' is not a form this paper sets; converted to the essay judgement question.
  ok   #114 L11.practice_questions[3].type [HIGH] F60: '16 marks - Source-Based Essay' is not a form this paper sets; converted to the essay judgement question.
  ok   #115 L11.practice_questions[3].marks [HIGH] F60: '16 marks - Source-Based Essay' is not a form this paper sets; converted to the essay judgement question.
  ok   #116 L11.practice_questions[0].text [MEDIUM] F61: converted to the 'how do you know' form; the source is re-dated to 13 August, because the closure was pre
  ok   #117 L11.practice_questions[0].marks [MEDIUM] F61: converted to the 'how do you know' form; the source is re-dated to 13 August, because the closure was pre
  ok   #118 L11.practice_questions[4].text [MEDIUM] F62: converted to the 'how do you know' form; the letter is re-dated to 28 October, because the Checkpoint Cha
  ok   #119 L11.practice_questions[4].marks [MEDIUM] F62: converted to the 'how do you know' form; the letter is re-dated to 28 October, because the Checkpoint Cha
  ok   #120 L11.practice_questions[1].text [MEDIUM] F85: invented archive attributions removed from the source provenance lines.
  PATCH L11: content_html, flashcard_questions, practice_questions
  ok   #121 L12.content_html [MEDIUM] F64: the Washington-Moscow hotline was a teletype link, not a telephone; the lesson's own glossary says telety
  ok   #122 L12.exam_tip_html [HIGH] F65: the exam tip described a source-based 16-mark essay and cited invented examiner reports; this paper's 16-
  ok   #123 L12.practice_questions[3].text [HIGH] F66: '16 marks - Source-Based Essay' is not a form this paper sets; converted to the essay judgement question.
  ok   #124 L12.practice_questions[3].type [HIGH] F66: '16 marks - Source-Based Essay' is not a form this paper sets; converted to the essay judgement question.
  ok   #125 L12.practice_questions[3].marks [HIGH] F66: '16 marks - Source-Based Essay' is not a form this paper sets; converted to the essay judgement question.
  ok   #126 L12.practice_questions[0].text [MEDIUM] F67: converted to the 'how do you know' form used on this paper, with contextual knowledge required.
  ok   #127 L12.practice_questions[0].marks [MEDIUM] F67: converted to the 'how do you know' form used on this paper, with contextual knowledge required.
  ok   #128 L12.practice_questions[4].text [MEDIUM] F67: converted to the 'how do you know' form; the item was labelled 4 marks but carried an 8-mark usefulness t
  ok   #129 L12.practice_questions[4].marks [MEDIUM] F67: converted to the 'how do you know' form; the item was labelled 4 marks but carried an 8-mark usefulness t
  ok   #130 L12.practice_questions[1].text [MEDIUM] F68: invented archive attributions removed, and the composed wording is no longer presented as a verbatim quot
  PATCH L12: content_html, exam_tip_html, practice_questions
  ok   #131 L13.content_html [HIGH] F69: East German troops did not cross the border; their part was cancelled hours before the invasion. Evidence
  ok   #132 L13.content_html [HIGH] F69: East Germany sent no troops into Czechoslovakia; the sentence implied a token force did cross.
  ok   #133 L13.conclusion_html [MEDIUM] F70: detente did not begin in 1968 - the invasion delayed the opening of the SALT talks from 1968 to November 
  ok   #134 L13.exam_tip_html [HIGH] F71: invented examiner-report claim removed from the exam tip.
  ok   #135 L13.practice_questions[5].marks [MEDIUM] F72: the model answer for a chronology question listed April 1969 before January 1969.
  ok   #136 L13.practice_questions[3].text [HIGH] F73: '16 marks - Source-Based Essay' is not a form this paper sets; converted to the essay judgement question 
  ok   #137 L13.practice_questions[3].type [HIGH] F73: '16 marks - Source-Based Essay' is not a form this paper sets; converted to the essay judgement question 
  ok   #138 L13.practice_questions[3].marks [HIGH] F73: '16 marks - Source-Based Essay' is not a form this paper sets; converted to the essay judgement question 
  ok   #139 L13.practice_questions[0].text [MEDIUM] F74: converted to the 'how do you know' form used on this paper, with contextual knowledge required.
  ok   #140 L13.practice_questions[0].marks [MEDIUM] F74: converted to the 'how do you know' form used on this paper, with contextual knowledge required.
  ok   #141 L13.practice_questions[4].text [MEDIUM] F75: converted to the 'how do you know' form; Mlynar's book was a memoir published in the West, not a diary de
  ok   #142 L13.practice_questions[4].marks [MEDIUM] F75: converted to the 'how do you know' form; Mlynar's book was a memoir published in the West, not a diary de
  ok   #143 L13.practice_questions[1].text [MEDIUM] F85: invented archive attributions removed from the source provenance lines.
  PATCH L13: content_html, conclusion_html, exam_tip_html, practice_questions
  ok   #144 L14.content_html [MEDIUM] F77: the Moscow summit was announced in October 1971, before Nixon went to Beijing, so the China visit cannot 
  ok   #145 L14.content_html [MEDIUM] F78: label added - Helsinki, Apollo-Soyuz and the collapse of detente fall outside the 1945-1972 period this o
  ok   #146 L14.knowledge_checks[2].q [MEDIUM] F77: the question claimed the China visit pressured Moscow into the SALT summit, which had already been agreed
  ok   #147 L14.exam_tip_html [HIGH] F79: the exam tip described a source-based 16-mark essay; this paper's 16-mark question is a judgement essay w
  ok   #148 L14.practice_questions[3].text [HIGH] F80: '16 marks - Source-Based Essay' is not a form this paper sets, and the question was anchored on 1975, out
  ok   #149 L14.practice_questions[3].type [HIGH] F80: '16 marks - Source-Based Essay' is not a form this paper sets, and the question was anchored on 1975, out
  ok   #150 L14.practice_questions[3].marks [HIGH] F80: '16 marks - Source-Based Essay' is not a form this paper sets, and the question was anchored on 1975, out
  ok   #151 L14.practice_questions[5].text [MEDIUM] F81: the question ran to the Helsinki Final Act of August 1975, outside the 1945-1972 period this option exami
  ok   #152 L14.practice_questions[5].marks [MEDIUM] F81: mark scheme rebuilt inside the examined period.
  ok   #153 L14.practice_questions[0].text [MEDIUM] F82: converted to the 'how do you know' form used on this paper, with contextual knowledge required.
  ok   #154 L14.practice_questions[0].marks [MEDIUM] F82: converted to the 'how do you know' form used on this paper, with contextual knowledge required.
  ok   #155 L14.practice_questions[4].text [MEDIUM] F83: converted to the 'how do you know' form; a label is added because Helsinki falls just outside the 1945-19
  ok   #156 L14.practice_questions[4].marks [MEDIUM] F83: converted to the 'how do you know' form; a label is added because Helsinki falls just outside the 1945-19
  ok   #157 L14.practice_questions[1].text [MEDIUM] F85: invented archive attributions removed from the source provenance lines.
  PATCH L14: content_html, knowledge_checks, exam_tip_html, practice_questions
=== 160 applied, 0 skipped, 14 lessons / 47 fields changed
