
=== RE-NARRATION (changed narrated text only) ===
backup: C:\Users\tshau\Documents\Study Vault\scripts\_retrofc\units\history-aqa__conflict-tension-east-west\_backup.json
unit:   history-aqa / conflict-tension-east-west
run: 2026-09-05T22:41:03Z  mode: LIVE
  L06: no narrated field changed -> skip

13 lessons, 31 clips to regenerate

  L01 (Ollie)  Yalta and Potsdam: Allies Become Rivals
      n9: Britain held a general election on 5 July 1945, but the count was delayed for three weeks to allow servicemen’
             -> 463 KB, 39.5s, uploaded
      n12: Beneath the agreements, the disputes were sharper. Truman pressed for free elections across Eastern Europe und
             -> 406 KB, 34.6s, uploaded
      n15: From the start, observers asked who turned the wartime alliance into Cold War rivalry. Some argue Stalin’s exp
             -> 385 KB, 32.9s, uploaded
      n17: An 8-mark narrative account on the breakdown of the wartime alliance is marked on a chain of cause and consequ
             -> 282 KB, 24.1s, uploaded
      manifest updated (21 entries)
  L02 (Ada)  The Atom Bomb, Ideologies, and the Iron Curtain
      n5: On 6 August 1945 a single American B-29 dropped an atom bomb on Hiroshima; three days later Nagasaki was destr
             -> 492 KB, 42.0s, uploaded
      n7: On 24 July 1945 Truman casually told Stalin that the USA had a ‘new weapon of unusual destructive force’. Trum
             -> 486 KB, 41.5s, uploaded
      n15: By the end of 1946 the language of partnership was gone. Truman’s officials in Moscow, including the diplomat 
             -> 400 KB, 34.2s, uploaded
      n17: For a 4-mark Source Analysis on the early Cold War, read the source twice before you start writing. Identify t
             -> 281 KB, 23.9s, uploaded
      manifest updated (21 entries)
  L03 (Ollie)  Truman Doctrine and Marshall Plan
      n16: A 12-mark source evaluation is marked on content, provenance and own knowledge across both sources. A common m
             -> 276 KB, 23.6s, uploaded
      manifest updated (20 entries)
  L04 (Ada)  Stalin's Response: Cominform, Comecon and Yugoslavia
      n6: In practice Cominform did three things. It coordinated propaganda, ensuring that communist parties across Euro
             -> 460 KB, 39.2s, uploaded
      n16: An 8-mark narrative account is marked on causal connections, not on a list of dates. Pick three or four events
             -> 279 KB, 23.8s, uploaded
      manifest updated (20 entries)
  L05 (Ollie)  The Berlin Blockade, Airlift and the Birth of NATO
      n9: The cost was real. In all 101 people died during the airlift, including 40 British and 31 American personnel, 
             -> 424 KB, 36.2s, uploaded
      n16: The 16-mark essay gives you a statement and asks how far you agree. It is not a source question: everything yo
             -> 261 KB, 22.2s, uploaded
      manifest updated (20 entries)
  L07 (Ollie)  Vietnam Before America: France, the Vietcong and the Cold War
      n7: Eisenhower set out the domino theory at a press conference on 7 April 1954, a month before Dien Bien Phu fell.
             -> 531 KB, 45.3s, uploaded
      n16: For a 4-mark Source Analysis question on Vietnam, focus narrowly on what the source actually says. Make one cl
             -> 266 KB, 22.7s, uploaded
      manifest updated (20 entries)
  L08 (Ada)  The Arms Race and the Space Race
      n3: Key Fact . NATO was founded in April 1949 by twelve Western states. The Warsaw Pact followed in May 1955, five
             -> 197 KB, 16.8s, uploaded
      n13: The Apollo programme alone cost roughly $25 billion in 1960s money — about $150 billion today. The Soviet spac
             -> 797 KB, 68.0s, uploaded
      manifest updated (19 entries)
  L09 (Ollie)  The Hungarian Uprising, 1956
      n2: When Joseph Stalin died in March 1953, the East European satellites felt the change quickly. The new Soviet le
             -> 373 KB, 31.9s, uploaded
      n13: A common misconception is that the West actively encouraged the uprising and was caught off-guard when the Sov
             -> 557 KB, 47.5s, uploaded
      n16: The 8-mark narrative account on Hungary is marked on events linked as a chain of cause and consequence, not on
             -> 339 KB, 28.9s, uploaded
      manifest updated (20 entries)
  L10 (Ada)  The U2 Crisis and the Paris Summit
      n9: On 16 May 1960 the four leaders met in Paris. Khrushchev opened with a long denunciation of American ‘banditry
             -> 394 KB, 33.6s, uploaded
      n16: For a 4-mark Source Analysis on the U2 affair, identify two distinct points from the source rather than two wa
             -> 290 KB, 24.7s, uploaded
      manifest updated (20 entries)
  L11 (Ollie)  The Berlin Wall, 1961
      n2: Berlin was the awkward city of the Cold War. Although it lay about 100 miles inside Soviet-controlled East Ger
             -> 388 KB, 33.1s, uploaded
      manifest updated (19 entries)
  L12 (Ada)  The Cuban Missile Crisis, 1962
      n13: The Cuban Missile Crisis produced the first concrete steps toward managed coexistence. In June 1963 a direct t
             -> 483 KB, 41.2s, uploaded
      n15: The 16-mark essay on Cuba gives you a statement and asks how far you agree. There are no sources: everything c
             -> 469 KB, 40.1s, uploaded
      manifest updated (19 entries)
  L13 (Ollie)  Czechoslovakia and the Prague Spring, 1968
      n8: In the early hours of 21 August 1968 around 250,000 Warsaw Pact troops — from the USSR, Poland, Hungary and Bu
             -> 393 KB, 33.5s, uploaded
      n16: For the 8-mark narrative account on Czechoslovakia, the weakness to avoid is listing events without explaining
             -> 321 KB, 27.4s, uploaded
      n20: In November 1968 Brezhnev declared the Brezhnev Doctrine — socialist states could not be allowed to slide back
             -> 158 KB, 13.5s, uploaded
      manifest updated (20 entries)
  L14 (Ada)  Détente, SALT 1 and the Nixon-Brezhnev Era
      n6: Nixon’s opening to China in February 1972 sharpened the logic. By visiting Beijing and meeting Mao Tse-tung, N
             -> 286 KB, 24.4s, uploaded
      n9: The Moscow Summit was followed by a series of further agreements. These run past 1972, the end of the period y
             -> 760 KB, 64.9s, uploaded
      n14: The 16-mark essay on détente gives you a statement and asks how far you agree; it usually invites a judgement 
             -> 366 KB, 31.2s, uploaded
      manifest updated (18 entries)

Regenerated 31 clips.

=== VERIFY (ranged GET + freshness) ===
  206  L01 n9  bytes 0-3/473760  Last-Modified: Sat, 05 Sep 2026 22:41:11 GMT  mp3-sync=OK
  206  L01 n12  bytes 0-3/415296  Last-Modified: Sat, 05 Sep 2026 22:41:17 GMT  mp3-sync=OK
  206  L01 n15  bytes 0-3/394560  Last-Modified: Sat, 05 Sep 2026 22:41:22 GMT  mp3-sync=OK
  206  L01 n17  bytes 0-3/288576  Last-Modified: Sat, 05 Sep 2026 22:41:26 GMT  mp3-sync=OK
  206  L02 n5  bytes 0-3/503424  Last-Modified: Sat, 05 Sep 2026 22:41:33 GMT  mp3-sync=OK
  206  L02 n7  bytes 0-3/497952  Last-Modified: Sat, 05 Sep 2026 22:41:40 GMT  mp3-sync=OK
  206  L02 n15  bytes 0-3/410112  Last-Modified: Sat, 05 Sep 2026 22:41:45 GMT  mp3-sync=OK
  206  L02 n17  bytes 0-3/287424  Last-Modified: Sat, 05 Sep 2026 22:41:49 GMT  mp3-sync=OK
  206  L03 n16  bytes 0-3/283104  Last-Modified: Sat, 05 Sep 2026 22:41:53 GMT  mp3-sync=OK
  206  L04 n6  bytes 0-3/470592  Last-Modified: Sat, 05 Sep 2026 22:42:00 GMT  mp3-sync=OK
  206  L04 n16  bytes 0-3/285408  Last-Modified: Sat, 05 Sep 2026 22:42:05 GMT  mp3-sync=OK
  206  L05 n9  bytes 0-3/434016  Last-Modified: Sat, 05 Sep 2026 22:42:11 GMT  mp3-sync=OK
  206  L05 n16  bytes 0-3/266976  Last-Modified: Sat, 05 Sep 2026 22:42:15 GMT  mp3-sync=OK
  206  L07 n7  bytes 0-3/543456  Last-Modified: Sat, 05 Sep 2026 22:42:23 GMT  mp3-sync=OK
  206  L07 n16  bytes 0-3/271872  Last-Modified: Sat, 05 Sep 2026 22:42:27 GMT  mp3-sync=OK
  206  L08 n3  bytes 0-3/201888  Last-Modified: Sat, 05 Sep 2026 22:42:31 GMT  mp3-sync=OK
  206  L08 n13  bytes 0-3/815904  Last-Modified: Sat, 05 Sep 2026 22:42:42 GMT  mp3-sync=OK
  206  L09 n2  bytes 0-3/382176  Last-Modified: Sat, 05 Sep 2026 22:42:48 GMT  mp3-sync=OK
  206  L09 n13  bytes 0-3/570528  Last-Modified: Sat, 05 Sep 2026 22:42:55 GMT  mp3-sync=OK
  206  L09 n16  bytes 0-3/347040  Last-Modified: Sat, 05 Sep 2026 22:43:00 GMT  mp3-sync=OK
  206  L10 n9  bytes 0-3/403776  Last-Modified: Sat, 05 Sep 2026 22:43:07 GMT  mp3-sync=OK
  206  L10 n16  bytes 0-3/296928  Last-Modified: Sat, 05 Sep 2026 22:43:11 GMT  mp3-sync=OK
  206  L11 n2  bytes 0-3/396864  Last-Modified: Sat, 05 Sep 2026 22:43:17 GMT  mp3-sync=OK
  206  L12 n13  bytes 0-3/494784  Last-Modified: Sat, 05 Sep 2026 22:43:23 GMT  mp3-sync=OK
  206  L12 n15  bytes 0-3/480672  Last-Modified: Sat, 05 Sep 2026 22:43:30 GMT  mp3-sync=OK
  206  L13 n8  bytes 0-3/402336  Last-Modified: Sat, 05 Sep 2026 22:43:36 GMT  mp3-sync=OK
  206  L13 n16  bytes 0-3/328320  Last-Modified: Sat, 05 Sep 2026 22:43:40 GMT  mp3-sync=OK
  206  L13 n20  bytes 0-3/162144  Last-Modified: Sat, 05 Sep 2026 22:43:44 GMT  mp3-sync=OK
  206  L14 n6  bytes 0-3/292608  Last-Modified: Sat, 05 Sep 2026 22:43:48 GMT  mp3-sync=OK
  206  L14 n9  bytes 0-3/778464  Last-Modified: Sat, 05 Sep 2026 22:43:58 GMT  mp3-sync=OK
  206  L14 n14  bytes 0-3/374400  Last-Modified: Sat, 05 Sep 2026 22:44:03 GMT  mp3-sync=OK

31/31 clips verified HTTP 200/206 with fresh audio.
