=== APPLY EDITS english-literature-eduqas/dr-jekyll-and-mr-hyde  123 edits  LIVE  2026-09-02T22:08:01.425Z
  ok   #0 L1.practice_questions[0].type [HIGH] F1: the 19th-century prose question is 40 marks, not 20
  ok   #1 L1.practice_questions[0].marks [HIGH] F1: ladder rescaled to 40 marks in five equal house bands
  ok   #2 L1.practice_questions[1].type [HIGH] F1: the 19th-century prose question is 40 marks, not 20
  ok   #3 L1.practice_questions[1].marks [HIGH] F1: ladder rescaled to 40 marks in five equal house bands
  ok   #4 L1.practice_questions[2].type [HIGH] F1: the 19th-century prose question is 40 marks, not 20
  ok   #5 L1.practice_questions[2].marks [HIGH] F1: ladder rescaled to 40 marks in five equal house bands
  ok   #6 L1.practice_questions[3].type [HIGH] F1: the 19th-century prose question is 40 marks, not 20
  ok   #7 L1.practice_questions[3].marks [HIGH] F1: ladder rescaled to 40 marks in five equal house bands
  ok   #8 L1.practice_questions[4].type [HIGH] F1: the 19th-century prose question is 40 marks, not 20
  ok   #9 L1.practice_questions[4].marks [HIGH] F1: ladder rescaled to 40 marks in five equal house bands
  ok   #10 L1.practice_questions[5].type [HIGH] F1: the 19th-century prose question is 40 marks, not 20
  ok   #11 L1.practice_questions[5].marks [HIGH] F1: ladder rescaled to 40 marks in five equal house bands
  ok   #84 L1.content_html [LOW] F10: On the Origin of Species did not state that humans descend from apes
  ok   #85 L1.content_html [LOW] F11: that definition describes a psychological study, not an allegory
  ok   #86 L1.flashcard_questions[6].a [LOW] F12: one-word answer on a 'Which...' question
  PATCH L1: practice_questions, content_html, flashcard_questions
  ok   #12 L2.practice_questions[0].type [HIGH] F1: the 19th-century prose question is 40 marks, not 20
  ok   #13 L2.practice_questions[0].marks [HIGH] F1: ladder rescaled to 40 marks in five equal house bands
  ok   #14 L2.practice_questions[1].type [HIGH] F1: the 19th-century prose question is 40 marks, not 20
  ok   #15 L2.practice_questions[1].marks [HIGH] F1: ladder rescaled to 40 marks in five equal house bands
  ok   #16 L2.practice_questions[2].type [HIGH] F1: the 19th-century prose question is 40 marks, not 20
  ok   #17 L2.practice_questions[2].marks [HIGH] F1: ladder rescaled to 40 marks in five equal house bands
  ok   #18 L2.practice_questions[3].type [HIGH] F1: the 19th-century prose question is 40 marks, not 20
  ok   #19 L2.practice_questions[3].marks [HIGH] F1: ladder rescaled to 40 marks in five equal house bands
  ok   #20 L2.practice_questions[4].type [HIGH] F1: the 19th-century prose question is 40 marks, not 20
  ok   #21 L2.practice_questions[4].marks [HIGH] F1: ladder rescaled to 40 marks in five equal house bands
  ok   #22 L2.practice_questions[5].type [HIGH] F1: the 19th-century prose question is 40 marks, not 20
  ok   #23 L2.practice_questions[5].marks [HIGH] F1: ladder rescaled to 40 marks in five equal house bands
  ok   #87 L2.content_html [MEDIUM] F7: Stevenson's word order is 'trampled calmly over the child's body' (ch.1)
  ok   #88 L2.content_html [HIGH] F2: the line is 'the moment I choose, I can be rid of Mr. Hyde' (ch.3)
  ok   #89 L2.knowledge_checks[3].q [HIGH] F2: stem tested a misquotation; answer 'choose' is unchanged
  ok   #90 L2.flashcard_questions[5].a [HIGH] F2: misquotation
  ok   #91 L2.flashcard_questions[4].q [HIGH] F3: 'Something troglodytic' is Utterson's, ch.2
  ok   #92 L2.content_html [MEDIUM] F8: Stevenson writes 'under which the bones were audibly shattered'
  ok   #93 L2.content_html [MEDIUM] F8: misquotation
  ok   #94 L2.flashcard_questions[7].a [MEDIUM] F8: misquotation
  PATCH L2: practice_questions, content_html, knowledge_checks, flashcard_questions
  ok   #24 L3.practice_questions[0].type [HIGH] F1: the 19th-century prose question is 40 marks, not 20
  ok   #25 L3.practice_questions[0].marks [HIGH] F1: ladder rescaled to 40 marks in five equal house bands
  ok   #26 L3.practice_questions[1].type [HIGH] F1: the 19th-century prose question is 40 marks, not 20
  ok   #27 L3.practice_questions[1].marks [HIGH] F1: ladder rescaled to 40 marks in five equal house bands
  ok   #28 L3.practice_questions[2].type [HIGH] F1: the 19th-century prose question is 40 marks, not 20
  ok   #29 L3.practice_questions[2].marks [HIGH] F1: ladder rescaled to 40 marks in five equal house bands
  ok   #30 L3.practice_questions[3].type [HIGH] F1: the 19th-century prose question is 40 marks, not 20
  ok   #31 L3.practice_questions[3].marks [HIGH] F1: ladder rescaled to 40 marks in five equal house bands
  ok   #32 L3.practice_questions[4].type [HIGH] F1: the 19th-century prose question is 40 marks, not 20
  ok   #33 L3.practice_questions[4].marks [HIGH] F1: ladder rescaled to 40 marks in five equal house bands
  ok   #34 L3.practice_questions[5].type [HIGH] F1: the 19th-century prose question is 40 marks, not 20
  ok   #35 L3.practice_questions[5].marks [HIGH] F1: ladder rescaled to 40 marks in five equal house bands
  ok   #95 L3.content_html [HIGH] F4: Utterson cries that line, not Poole (ch.8)
  ok   #96 L3.knowledge_checks[3].q [HIGH] F4: stem gave Utterson's line to Poole; answer 'Hyde' is unchanged
  ok   #97 L3.flashcard_questions[10].q [HIGH] F4: the line is Utterson's
  ok   #98 L3.flashcard_questions[10].a [HIGH] F4: the line is Utterson's
  ok   #99 L3.content_html [MEDIUM] F5: exact wording, ch.10
  ok   #100 L3.content_html [MEDIUM] F5: exact wording, ch.10
  ok   #101 L3.flashcard_questions[1].a [MEDIUM] F5: exact wording, ch.10
  ok   #102 L3.flashcard_questions[3].q [MEDIUM] F6: the line describes Utterson and Enfield, ch.7
  ok   #103 L3.content_html [MEDIUM] F9: the two quiet months belong to ch.6
  ok   #104 L3.content_html [MEDIUM] F9: chapter placement
  ok   #105 L3.content_html [MEDIUM] F9: that line comes from ch.10
  ok   #106 L3.content_html [MEDIUM] F9: the park-bench change is narrated in ch.10
  ok   #107 L3.knowledge_checks[4].left [MEDIUM] F9: Jekyll's apparent reform opens ch.6, not ch.5
  PATCH L3: practice_questions, content_html, knowledge_checks, flashcard_questions
  ok   #36 L4.practice_questions[0].type [HIGH] F1: the 19th-century prose question is 40 marks, not 20
  ok   #37 L4.practice_questions[0].marks [HIGH] F1: ladder rescaled to 40 marks in five equal house bands
  ok   #38 L4.practice_questions[1].type [HIGH] F1: the 19th-century prose question is 40 marks, not 20
  ok   #39 L4.practice_questions[1].marks [HIGH] F1: ladder rescaled to 40 marks in five equal house bands
  ok   #40 L4.practice_questions[2].type [HIGH] F1: the 19th-century prose question is 40 marks, not 20
  ok   #41 L4.practice_questions[2].marks [HIGH] F1: ladder rescaled to 40 marks in five equal house bands
  ok   #42 L4.practice_questions[3].type [HIGH] F1: the 19th-century prose question is 40 marks, not 20
  ok   #43 L4.practice_questions[3].marks [HIGH] F1: ladder rescaled to 40 marks in five equal house bands
  ok   #44 L4.practice_questions[4].type [HIGH] F1: the 19th-century prose question is 40 marks, not 20
  ok   #45 L4.practice_questions[4].marks [HIGH] F1: ladder rescaled to 40 marks in five equal house bands
  ok   #46 L4.practice_questions[5].type [HIGH] F1: the 19th-century prose question is 40 marks, not 20
  ok   #47 L4.practice_questions[5].marks [HIGH] F1: ladder rescaled to 40 marks in five equal house bands
  PATCH L4: practice_questions
  ok   #48 L5.practice_questions[0].type [HIGH] F1: the 19th-century prose question is 40 marks, not 20
  ok   #49 L5.practice_questions[0].marks [HIGH] F1: ladder rescaled to 40 marks in five equal house bands
  ok   #50 L5.practice_questions[1].type [HIGH] F1: the 19th-century prose question is 40 marks, not 20
  ok   #51 L5.practice_questions[1].marks [HIGH] F1: ladder rescaled to 40 marks in five equal house bands
  ok   #52 L5.practice_questions[2].type [HIGH] F1: the 19th-century prose question is 40 marks, not 20
  ok   #53 L5.practice_questions[2].marks [HIGH] F1: ladder rescaled to 40 marks in five equal house bands
  ok   #54 L5.practice_questions[3].type [HIGH] F1: the 19th-century prose question is 40 marks, not 20
  ok   #55 L5.practice_questions[3].marks [HIGH] F1: ladder rescaled to 40 marks in five equal house bands
  ok   #56 L5.practice_questions[4].type [HIGH] F1: the 19th-century prose question is 40 marks, not 20
  ok   #57 L5.practice_questions[4].marks [HIGH] F1: ladder rescaled to 40 marks in five equal house bands
  ok   #58 L5.practice_questions[5].type [HIGH] F1: the 19th-century prose question is 40 marks, not 20
  ok   #59 L5.practice_questions[5].marks [HIGH] F1: ladder rescaled to 40 marks in five equal house bands
  ok   #108 L5.content_html [HIGH] F2: misquotation
  ok   #109 L5.content_html [HIGH] F2: misquotation
  ok   #110 L5.flashcard_questions[3].a [HIGH] F2: misquotation
  ok   #111 L5.content_html [MEDIUM] F13: Utterson is not the narrator; ch.1-8 are third person
  PATCH L5: practice_questions, content_html, flashcard_questions
  ok   #60 L6.practice_questions[0].type [HIGH] F1: the 19th-century prose question is 40 marks, not 20
  ok   #61 L6.practice_questions[0].marks [HIGH] F1: ladder rescaled to 40 marks in five equal house bands
  ok   #62 L6.practice_questions[1].type [HIGH] F1: the 19th-century prose question is 40 marks, not 20
  ok   #63 L6.practice_questions[1].marks [HIGH] F1: ladder rescaled to 40 marks in five equal house bands
  ok   #64 L6.practice_questions[2].type [HIGH] F1: the 19th-century prose question is 40 marks, not 20
  ok   #65 L6.practice_questions[2].marks [HIGH] F1: ladder rescaled to 40 marks in five equal house bands
  ok   #66 L6.practice_questions[3].type [HIGH] F1: the 19th-century prose question is 40 marks, not 20
  ok   #67 L6.practice_questions[3].marks [HIGH] F1: ladder rescaled to 40 marks in five equal house bands
  ok   #68 L6.practice_questions[4].type [HIGH] F1: the 19th-century prose question is 40 marks, not 20
  ok   #69 L6.practice_questions[4].marks [HIGH] F1: ladder rescaled to 40 marks in five equal house bands
  ok   #70 L6.practice_questions[5].type [HIGH] F1: the 19th-century prose question is 40 marks, not 20
  ok   #71 L6.practice_questions[5].marks [HIGH] F1: ladder rescaled to 40 marks in five equal house bands
  ok   #112 L6.content_html [MEDIUM] F14: exact wording, ch.8
  ok   #113 L6.flashcard_questions[1].q [HIGH] F15: the Queer Street rule is Enfield's, ch.1
  PATCH L6: practice_questions, content_html, flashcard_questions
  ok   #72 L7.practice_questions[0].type [HIGH] F1: the 19th-century prose question is 40 marks, not 20
  ok   #73 L7.practice_questions[0].marks [HIGH] F1: ladder rescaled to 40 marks in five equal house bands
  ok   #74 L7.practice_questions[1].type [HIGH] F1: the 19th-century prose question is 40 marks, not 20
  ok   #75 L7.practice_questions[1].marks [HIGH] F1: ladder rescaled to 40 marks in five equal house bands
  ok   #76 L7.practice_questions[2].type [HIGH] F1: the 19th-century prose question is 40 marks, not 20
  ok   #77 L7.practice_questions[2].marks [HIGH] F1: ladder rescaled to 40 marks in five equal house bands
  ok   #78 L7.practice_questions[3].type [HIGH] F1: the 19th-century prose question is 40 marks, not 20
  ok   #79 L7.practice_questions[3].marks [HIGH] F1: ladder rescaled to 40 marks in five equal house bands
  ok   #80 L7.practice_questions[4].type [HIGH] F1: the 19th-century prose question is 40 marks, not 20
  ok   #81 L7.practice_questions[4].marks [HIGH] F1: ladder rescaled to 40 marks in five equal house bands
  ok   #82 L7.practice_questions[5].type [HIGH] F1: the 19th-century prose question is 40 marks, not 20
  ok   #83 L7.practice_questions[5].marks [HIGH] F1: ladder rescaled to 40 marks in five equal house bands
  ok   #114 L7.description [MEDIUM] F17: board name and component code are banned in lesson prose
  ok   #115 L7.content_html [HIGH] F16: AO4 is not assessed on the 19th-century prose question
  ok   #116 L7.knowledge_checks[3].q [HIGH] F16: only three objectives are assessed here
  ok   #117 L7.knowledge_checks[3].options [HIGH] F16: correct answer stays index 0
  ok   #118 L7.exam_tip_html [MEDIUM] F17: board name banned in lesson prose
  ok   #119 L7.exam_tip_html [MEDIUM] F18: 40 of 120 marks in 150 minutes is about 50 minutes
  ok   #120 L7.content_html [HIGH] F2: misquotation
  ok   #121 L7.flashcard_questions[10].a [HIGH] F2: misquotation
  ok   #122 L7.flashcard_questions[4].a [LOW] F12: one-word answer on a 'Which...' question
  PATCH L7: practice_questions, description, content_html, knowledge_checks, exam_tip_html, flashcard_questions
=== 123 applied, 0 skipped, 7 lessons / 24 fields changed
