=== APPLY EDITS english-literature-aqa/a-taste-of-honey  246 edits  LIVE  2026-09-02T02:25:52.357Z
  ok   #0 L1.description [HIGH] F19: Delaney was 19 (b. 25 Nov 1938); the lesson's own Key Fact already says 19.
  ok   #1 L1.conclusion_html [HIGH] F19: Delaney was 19 when she wrote the play.
  ok   #2 L1.flashcard_questions[1].a [HIGH] F19: Delaney was 19, not 18.
  ok   #3 L1.knowledge_checks[0].options[1] [HIGH] F19: the keyed answer said 18; the true age is 19, so the option itself was wrong.
  ok   #4 L1.glossary_terms[5].definition [HIGH] F8: named the wrong board (Eduqas) and gave AO3's definition. AQA AO4 is vocabulary, sentence structures and S
  ok   #5 L1.exam_tip_html [HIGH] F10: AQA 8702 Paper 2 Section A is a single essay from a choice of two. There is no part (a)/(b).
  ok   #102 L1.practice_questions[0].type [HIGH] F17: AQA Paper 2 Section A is one 30-mark closed-book essay, not a 20-mark extract/wider-text pair.
  ok   #103 L1.practice_questions[0].text [HIGH] F17: rewritten as a closed-book whole-play essay; the old stem told students to read a printed extract that AQ
  ok   #104 L1.practice_questions[0].marks [MEDIUM] F17: band ladder rescaled from 20 to 30 marks and the 4 SPaG marks added.
  ok   #105 L1.practice_questions[1].type [HIGH] F17: AQA Paper 2 Section A is one 30-mark closed-book essay, not a 20-mark extract/wider-text pair.
  ok   #106 L1.practice_questions[1].text [HIGH] F17: mark count corrected to the AQA 30-mark essay.
  ok   #107 L1.practice_questions[1].marks [MEDIUM] F17: band ladder rescaled from 20 to 30 marks and the 4 SPaG marks added. F18: 'AO4' corrected to AO3 — contex
  ok   #108 L1.practice_questions[2].type [HIGH] F17: AQA Paper 2 Section A is one 30-mark closed-book essay, not a 20-mark extract/wider-text pair.
  ok   #109 L1.practice_questions[2].text [HIGH] F17: rewritten as a closed-book whole-play essay; the old stem told students to read a printed extract that AQ
  ok   #110 L1.practice_questions[2].marks [MEDIUM] F17: band ladder rescaled from 20 to 30 marks and the 4 SPaG marks added.
  ok   #111 L1.practice_questions[3].type [HIGH] F17: AQA Paper 2 Section A is one 30-mark closed-book essay, not a 20-mark extract/wider-text pair.
  ok   #112 L1.practice_questions[3].text [HIGH] F17: mark count corrected to the AQA 30-mark essay.
  ok   #113 L1.practice_questions[3].marks [MEDIUM] F17: band ladder rescaled from 20 to 30 marks and the 4 SPaG marks added.
  ok   #114 L1.practice_questions[4].type [HIGH] F17: AQA Paper 2 Section A is one 30-mark closed-book essay, not a 20-mark extract/wider-text pair.
  ok   #115 L1.practice_questions[4].text [HIGH] F17: mark count corrected to the AQA 30-mark essay.
  ok   #116 L1.practice_questions[4].marks [MEDIUM] F17: band ladder rescaled from 20 to 30 marks and the 4 SPaG marks added. F18: 'AO4' corrected to AO3 — contex
  ok   #117 L1.practice_questions[5].type [HIGH] F17: AQA Paper 2 Section A is one 30-mark closed-book essay, not a 20-mark extract/wider-text pair.
  ok   #118 L1.practice_questions[5].text [HIGH] F17: mark count corrected to the AQA 30-mark essay.
  ok   #119 L1.practice_questions[5].marks [MEDIUM] F17: band ladder rescaled from 20 to 30 marks and the 4 SPaG marks added.
  PATCH L1: description, conclusion_html, flashcard_questions, knowledge_checks, glossary_terms, exam_tip_html, practice_questions
  ok   #6 L2.content_html [HIGH] F21: the play opens HELEN: 'Well! This is the place.' / JO: 'And I don't like it.' 'The roof's leaking!' comes
  ok   #7 L2.content_html [HIGH] F21: 'The roof's leaking' is not Jo's opening line.
  ok   #8 L2.knowledge_checks[0].q [HIGH] F21: the stem asked for Jo's first line, but none of the options is her first line ('And I don't like it').
  ok   #9 L2.flashcard_questions[1].q [HIGH] F21: first line corrected.
  ok   #10 L2.flashcard_questions[1].a [HIGH] F21: first line corrected. 16 words.
  ok   #11 L2.content_html [HIGH] F12: no part (b) exists on AQA Paper 2 Section A.
  ok   #12 L2.exam_tip_html [HIGH] F11: there is no extract question on AQA Paper 2 Section A.
  ok   #64 L2.content_html [MEDIUM] F26: fabricated Peter quotation replaced with Helen's verified Act 1, Scene 1 line, which makes the same point
  ok   #65 L2.knowledge_checks[3].q [MEDIUM] F26: stem rebuilt on Helen's verified line.
  ok   #66 L2.knowledge_checks[3].options [MEDIUM] F26: keyed index 2 unchanged and now lands on the real word.
  ok   #67 L2.flashcard_questions[8].q [MEDIUM] F26: drops the fabricated 'insults Jo' framing.
  ok   #70 L2.content_html [HIGH] F27: fabricated quotation replaced with Helen's verified Act 1, Scene 1 line (LitCharts p.13).
  ok   #71 L2.conclusion_html [HIGH] F27: verified replacement.
  ok   #72 L2.knowledge_checks[2].q [HIGH] F27: stem rebuilt on the verified line.
  ok   #73 L2.knowledge_checks[2].options [HIGH] F27: keyed index 1 unchanged and now lands on the real word.
  ok   #74 L2.flashcard_questions[3].a [HIGH] F27: verified replacement.
  ok   #91 L2.content_html [HIGH] F28: fabricated quotation replaced with Helen's verified Act 1, Scene 1 deflection.
  ok   #98 L2.flashcard_questions[2].a [HIGH] F28: last remaining copy of the fabricated line, replaced with the verified Act 1 Scene 1 deflection this less
  ok   #99 L2.content_html [HIGH] F21: the revision prompt still pointed at a single 'first line'.
  ok   #120 L2.practice_questions[0].type [HIGH] F17: AQA Paper 2 Section A is one 30-mark closed-book essay, not a 20-mark extract/wider-text pair.
  ok   #121 L2.practice_questions[0].text [HIGH] F17: rewritten as a closed-book whole-play essay; the old stem told students to read a printed extract that AQ
  ok   #122 L2.practice_questions[0].marks [MEDIUM] F17: band ladder rescaled from 20 to 30 marks and the 4 SPaG marks added.
  ok   #123 L2.practice_questions[1].type [HIGH] F17: AQA Paper 2 Section A is one 30-mark closed-book essay, not a 20-mark extract/wider-text pair.
  ok   #124 L2.practice_questions[1].text [HIGH] F17: mark count corrected to the AQA 30-mark essay.
  ok   #125 L2.practice_questions[1].marks [MEDIUM] F17: band ladder rescaled from 20 to 30 marks and the 4 SPaG marks added.
  ok   #126 L2.practice_questions[2].type [HIGH] F17: AQA Paper 2 Section A is one 30-mark closed-book essay, not a 20-mark extract/wider-text pair.
  ok   #127 L2.practice_questions[2].text [HIGH] F17: rewritten as a closed-book whole-play essay; the old stem told students to read a printed extract that AQ
  ok   #128 L2.practice_questions[2].marks [MEDIUM] F17: band ladder rescaled from 20 to 30 marks and the 4 SPaG marks added.
  ok   #129 L2.practice_questions[3].type [HIGH] F17: AQA Paper 2 Section A is one 30-mark closed-book essay, not a 20-mark extract/wider-text pair.
  ok   #130 L2.practice_questions[3].text [HIGH] F17: mark count corrected to the AQA 30-mark essay.
  ok   #131 L2.practice_questions[3].marks [MEDIUM] F17: band ladder rescaled from 20 to 30 marks and the 4 SPaG marks added.
  ok   #132 L2.practice_questions[4].type [HIGH] F17: AQA Paper 2 Section A is one 30-mark closed-book essay, not a 20-mark extract/wider-text pair.
  ok   #133 L2.practice_questions[4].text [HIGH] F17: mark count corrected to the AQA 30-mark essay.
  ok   #134 L2.practice_questions[4].marks [MEDIUM] F17: band ladder rescaled from 20 to 30 marks and the 4 SPaG marks added.
  ok   #135 L2.practice_questions[5].type [HIGH] F17: AQA Paper 2 Section A is one 30-mark closed-book essay, not a 20-mark extract/wider-text pair.
  ok   #136 L2.practice_questions[5].text [HIGH] F17: rewritten as a closed-book whole-play essay; the old stem told students to read a printed extract that AQ
  ok   #137 L2.practice_questions[5].marks [MEDIUM] F17: band ladder rescaled from 20 to 30 marks and the 4 SPaG marks added.
  PATCH L2: content_html, knowledge_checks, flashcard_questions, exam_tip_html, conclusion_html, practice_questions
  ok   #13 L3.content_html [HIGH] F20: the Boy IS named. Jo calls him Jimmie in Act 2, Scene 2; the speech prefix stays 'BOY'.
  ok   #14 L3.content_html [HIGH] F20: the Boy is named Jimmie.
  ok   #15 L3.conclusion_html [HIGH] F20: the Boy is named Jimmie.
  ok   #16 L3.knowledge_checks[3].q [HIGH] F20: the old stem said he is never named at all.
  ok   #17 L3.flashcard_questions[1].q [HIGH] F20: he is named once, so 'deliberately never named' is wrong.
  ok   #19 L3.content_html [MEDIUM] F33: 'you really are useless, Jo' is GEOF's line in Act 2, not Helen's.
  ok   #20 L3.content_html [MEDIUM] F29: the pop-up gave the definition of a MOTIF, not of abandonment. Matches the correct L2 definition.
  ok   #21 L3.glossary_terms[3].definition [MEDIUM] F29: glossary defined 'abandonment' as a motif.
  ok   #22 L3.exam_tip_html [HIGH] F13: no part (a)/(b) on AQA Paper 2 Section A.
  ok   #68 L3.content_html [MEDIUM] F26: de-quoted — no line in the play has Peter calling Jo ugly.
  ok   #100 L3.content_html [HIGH] F20: the revision prompt still asserted the Boy is never named.
  ok   #138 L3.practice_questions[0].type [HIGH] F17: AQA Paper 2 Section A is one 30-mark closed-book essay, not a 20-mark extract/wider-text pair.
  ok   #139 L3.practice_questions[0].text [HIGH] F17: rewritten as a closed-book whole-play essay; the old stem told students to read a printed extract that AQ
  ok   #140 L3.practice_questions[0].marks [MEDIUM] F17: band ladder rescaled from 20 to 30 marks and the 4 SPaG marks added.
  ok   #141 L3.practice_questions[1].type [HIGH] F17: AQA Paper 2 Section A is one 30-mark closed-book essay, not a 20-mark extract/wider-text pair.
  ok   #142 L3.practice_questions[1].text [HIGH] F17: mark count corrected to the AQA 30-mark essay.
  ok   #143 L3.practice_questions[1].marks [MEDIUM] F17: band ladder rescaled from 20 to 30 marks and the 4 SPaG marks added. F26: drops the fabricated 'Peter cal
  ok   #144 L3.practice_questions[2].type [HIGH] F17: AQA Paper 2 Section A is one 30-mark closed-book essay, not a 20-mark extract/wider-text pair.
  ok   #145 L3.practice_questions[2].text [HIGH] F17: rewritten as a closed-book whole-play essay; the old stem told students to read a printed extract that AQ
  ok   #146 L3.practice_questions[2].marks [MEDIUM] F17: band ladder rescaled from 20 to 30 marks and the 4 SPaG marks added.
  ok   #147 L3.practice_questions[3].type [HIGH] F17: AQA Paper 2 Section A is one 30-mark closed-book essay, not a 20-mark extract/wider-text pair.
  ok   #148 L3.practice_questions[3].text [HIGH] F17: mark count corrected to the AQA 30-mark essay.
  ok   #149 L3.practice_questions[3].marks [MEDIUM] F17: band ladder rescaled from 20 to 30 marks and the 4 SPaG marks added.
  ok   #150 L3.practice_questions[4].type [HIGH] F17: AQA Paper 2 Section A is one 30-mark closed-book essay, not a 20-mark extract/wider-text pair.
  ok   #151 L3.practice_questions[4].text [HIGH] F17: mark count corrected to the AQA 30-mark essay.
  ok   #152 L3.practice_questions[4].marks [MEDIUM] F17: band ladder rescaled from 20 to 30 marks and the 4 SPaG marks added.
  ok   #153 L3.practice_questions[5].type [HIGH] F17: AQA Paper 2 Section A is one 30-mark closed-book essay, not a 20-mark extract/wider-text pair.
  ok   #154 L3.practice_questions[5].text [HIGH] F17: mark count corrected to the AQA 30-mark essay.
  ok   #155 L3.practice_questions[5].marks [MEDIUM] F17: band ladder rescaled from 20 to 30 marks and the 4 SPaG marks added.
  PATCH L3: content_html, conclusion_html, knowledge_checks, flashcard_questions, glossary_terms, exam_tip_html, practice_questions
  ok   #23 L4.content_html [HIGH] F23: the real line is Geof's: 'Oh well, the dream's gone, but the baby's real enough.'
  ok   #24 L4.content_html [HIGH] F23: corrected wording and speaker.
  ok   #25 L4.content_html [HIGH] F23: revision prompt quoted the misworded line.
  ok   #26 L4.conclusion_html [HIGH] F23: corrected wording and speaker.
  ok   #27 L4.knowledge_checks[0].options[1] [HIGH] F23: the keyed correct answer was a misworded quotation.
  ok   #28 L4.flashcard_questions[2].a [HIGH] F23: corrected wording and speaker.
  ok   #31 L4.content_html [HIGH] F24: fabricated quotation. The word 'homosexual' never appears in the play; Jo presses Geof about why his land
  ok   #34 L4.content_html [HIGH] F25: 'simpering pansified little freaks' is JO's phrase, defending Geof. Helen's insults are 'What an arty lit
  ok   #35 L4.content_html [HIGH] F25: misattributed quotation.
  ok   #36 L4.flashcard_questions[7].a [HIGH] F25: 'Little freak' alone lost Helen's actual homophobic insult and matched Jo's phrase instead.
  ok   #37 L4.content_html [HIGH] F22: the real exchange runs the other way. Geof speaks first; his line is 'I'd sooner be dead than away from y
  ok   #39 L4.flashcard_questions[4].a [HIGH] F22: corrected wording and order.
  ok   #41 L4.content_html [MEDIUM] F31: Peter leaves Helen for a younger woman; Helen arrives at Jo's flat with her cases.
  ok   #42 L4.knowledge_checks[1].options[1] [MEDIUM] F31: Peter left Helen for another woman.
  ok   #43 L4.flashcard_questions[6].a [MEDIUM] F31: Peter left Helen for another woman.
  ok   #45 L4.exam_tip_html [HIGH] F14: no part (b) on AQA Paper 2 Section A.
  ok   #90 L4.knowledge_checks[0].options[0] [MEDIUM] F27: distractor was a fabricated quotation.
  ok   #92 L4.content_html [HIGH] F28: de-quoted — the line was fabricated, and no verified line actually recurs here, so the sentence now makes
  ok   #97 L4.knowledge_checks[0].options[3] [MEDIUM] F28: distractor was a fabricated quotation.
  ok   #156 L4.practice_questions[0].type [HIGH] F17: AQA Paper 2 Section A is one 30-mark closed-book essay, not a 20-mark extract/wider-text pair.
  ok   #157 L4.practice_questions[0].text [HIGH] F17: rewritten as a closed-book whole-play essay; the old stem told students to read a printed extract that AQ
  ok   #158 L4.practice_questions[0].marks [MEDIUM] F17: band ladder rescaled from 20 to 30 marks and the 4 SPaG marks added.
  ok   #159 L4.practice_questions[1].type [HIGH] F17: AQA Paper 2 Section A is one 30-mark closed-book essay, not a 20-mark extract/wider-text pair.
  ok   #160 L4.practice_questions[1].text [HIGH] F17: mark count corrected to the AQA 30-mark essay.
  ok   #161 L4.practice_questions[1].marks [MEDIUM] F17: band ladder rescaled from 20 to 30 marks and the 4 SPaG marks added.
  ok   #162 L4.practice_questions[2].type [HIGH] F17: AQA Paper 2 Section A is one 30-mark closed-book essay, not a 20-mark extract/wider-text pair.
  ok   #163 L4.practice_questions[2].text [HIGH] F17: rewritten as a closed-book whole-play essay; the old stem told students to read a printed extract that AQ
  ok   #164 L4.practice_questions[2].marks [MEDIUM] F17: band ladder rescaled from 20 to 30 marks and the 4 SPaG marks added.
  ok   #165 L4.practice_questions[3].type [HIGH] F17: AQA Paper 2 Section A is one 30-mark closed-book essay, not a 20-mark extract/wider-text pair.
  ok   #166 L4.practice_questions[3].text [HIGH] F17: mark count corrected to the AQA 30-mark essay.
  ok   #167 L4.practice_questions[3].marks [MEDIUM] F17: band ladder rescaled from 20 to 30 marks and the 4 SPaG marks added.
  ok   #168 L4.practice_questions[4].type [HIGH] F17: AQA Paper 2 Section A is one 30-mark closed-book essay, not a 20-mark extract/wider-text pair.
  ok   #169 L4.practice_questions[4].text [HIGH] F17: mark count corrected to the AQA 30-mark essay.
  ok   #170 L4.practice_questions[4].marks [MEDIUM] F17: band ladder rescaled from 20 to 30 marks and the 4 SPaG marks added.
  ok   #171 L4.practice_questions[5].type [HIGH] F17: AQA Paper 2 Section A is one 30-mark closed-book essay, not a 20-mark extract/wider-text pair.
  ok   #172 L4.practice_questions[5].text [HIGH] F17: mark count corrected to the AQA 30-mark essay.
  ok   #173 L4.practice_questions[5].marks [MEDIUM] F17: band ladder rescaled from 20 to 30 marks and the 4 SPaG marks added.
  PATCH L4: content_html, conclusion_html, knowledge_checks, flashcard_questions, exam_tip_html, practice_questions
  ok   #18 L5.knowledge_checks[4].right[1] [MEDIUM] F20: 'Unnamed' is wrong — Jo names him Jimmie in Act 2, Scene 2.
  ok   #29 L5.flashcard_questions[10].q [HIGH] F23: the line is Geof's, not Jo's, and the wording was wrong.
  ok   #30 L5.content_html [HIGH] F23: corrected wording and speaker.
  ok   #44 L5.content_html [MEDIUM] F31: Peter leaves Helen for another woman.
  ok   #46 L5.content_html [MEDIUM] F15: no part (b) on AQA Paper 2 Section A.
  ok   #69 L5.content_html [MEDIUM] F26: de-quoted — Peter wants Jo out of the way; he does not call her ugly.
  ok   #75 L5.content_html [HIGH] F27: verified replacement.
  ok   #76 L5.knowledge_checks[2].q [HIGH] F27: stem rebuilt on the verified line.
  ok   #77 L5.knowledge_checks[2].options [HIGH] F27: keyed index 1 unchanged and now lands on the real word.
  ok   #78 L5.flashcard_questions[3].a [HIGH] F27: verified replacement.
  ok   #93 L5.content_html [HIGH] F28: replaced with Helen's verified Act 1, Scene 2 deflection (LitCharts p.35).
  ok   #94 L5.flashcard_questions[5].a [HIGH] F28: verified replacement. 22 words.
  ok   #174 L5.practice_questions[0].type [HIGH] F17: AQA Paper 2 Section A is one 30-mark closed-book essay, not a 20-mark extract/wider-text pair.
  ok   #175 L5.practice_questions[0].text [HIGH] F32: the stem said Jo says ‘I’m not just talented, I’m geniused’ to Geof. She says it to Helen in Act 1, Scene
  ok   #176 L5.practice_questions[0].marks [MEDIUM] F17: band ladder rescaled from 20 to 30 marks and the 4 SPaG marks added.
  ok   #177 L5.practice_questions[1].type [HIGH] F17: AQA Paper 2 Section A is one 30-mark closed-book essay, not a 20-mark extract/wider-text pair.
  ok   #178 L5.practice_questions[1].text [HIGH] F17: mark count corrected to the AQA 30-mark essay.
  ok   #179 L5.practice_questions[1].marks [MEDIUM] F17: band ladder rescaled from 20 to 30 marks and the 4 SPaG marks added.
  ok   #180 L5.practice_questions[2].type [HIGH] F17: AQA Paper 2 Section A is one 30-mark closed-book essay, not a 20-mark extract/wider-text pair.
  ok   #181 L5.practice_questions[2].text [HIGH] F17: rewritten as a closed-book whole-play essay; the old stem told students to read a printed extract that AQ
  ok   #182 L5.practice_questions[2].marks [MEDIUM] F17: band ladder rescaled from 20 to 30 marks and the 4 SPaG marks added.
  ok   #183 L5.practice_questions[3].type [HIGH] F17: AQA Paper 2 Section A is one 30-mark closed-book essay, not a 20-mark extract/wider-text pair.
  ok   #184 L5.practice_questions[3].text [HIGH] F17: mark count corrected to the AQA 30-mark essay.
  ok   #185 L5.practice_questions[3].marks [MEDIUM] F17: band ladder rescaled from 20 to 30 marks and the 4 SPaG marks added.
  ok   #186 L5.practice_questions[4].type [HIGH] F17: AQA Paper 2 Section A is one 30-mark closed-book essay, not a 20-mark extract/wider-text pair.
  ok   #187 L5.practice_questions[4].text [HIGH] F17: mark count corrected to the AQA 30-mark essay.
  ok   #188 L5.practice_questions[4].marks [MEDIUM] F17: band ladder rescaled from 20 to 30 marks and the 4 SPaG marks added.
  ok   #189 L5.practice_questions[5].type [HIGH] F17: AQA Paper 2 Section A is one 30-mark closed-book essay, not a 20-mark extract/wider-text pair.
  ok   #190 L5.practice_questions[5].text [HIGH] F17: mark count corrected to the AQA 30-mark essay.
  ok   #191 L5.practice_questions[5].marks [MEDIUM] F17: band ladder rescaled from 20 to 30 marks and the 4 SPaG marks added.
  PATCH L5: knowledge_checks, flashcard_questions, content_html, practice_questions
  ok   #47 L6.exam_tip_html [MEDIUM] F16: no extract question on AQA Paper 2 Section A.
  ok   #192 L6.practice_questions[0].type [HIGH] F17: AQA Paper 2 Section A is one 30-mark closed-book essay, not a 20-mark extract/wider-text pair.
  ok   #193 L6.practice_questions[0].text [HIGH] F17: rewritten as a closed-book whole-play essay; the old stem told students to read a printed extract that AQ
  ok   #194 L6.practice_questions[0].marks [MEDIUM] F17: band ladder rescaled from 20 to 30 marks and the 4 SPaG marks added.
  ok   #195 L6.practice_questions[1].type [HIGH] F17: AQA Paper 2 Section A is one 30-mark closed-book essay, not a 20-mark extract/wider-text pair.
  ok   #196 L6.practice_questions[1].text [HIGH] F17: mark count corrected to the AQA 30-mark essay.
  ok   #197 L6.practice_questions[1].marks [MEDIUM] F17: band ladder rescaled from 20 to 30 marks and the 4 SPaG marks added.
  ok   #198 L6.practice_questions[2].type [HIGH] F17: AQA Paper 2 Section A is one 30-mark closed-book essay, not a 20-mark extract/wider-text pair.
  ok   #199 L6.practice_questions[2].text [HIGH] F17: rewritten as a closed-book whole-play essay; the old stem told students to read a printed extract that AQ
  ok   #200 L6.practice_questions[2].marks [MEDIUM] F17: band ladder rescaled from 20 to 30 marks and the 4 SPaG marks added.
  ok   #201 L6.practice_questions[3].type [HIGH] F17: AQA Paper 2 Section A is one 30-mark closed-book essay, not a 20-mark extract/wider-text pair.
  ok   #202 L6.practice_questions[3].text [HIGH] F17: mark count corrected to the AQA 30-mark essay.
  ok   #203 L6.practice_questions[3].marks [MEDIUM] F17: band ladder rescaled from 20 to 30 marks and the 4 SPaG marks added.
  ok   #204 L6.practice_questions[4].type [HIGH] F17: AQA Paper 2 Section A is one 30-mark closed-book essay, not a 20-mark extract/wider-text pair.
  ok   #205 L6.practice_questions[4].text [HIGH] F17: mark count corrected to the AQA 30-mark essay.
  ok   #206 L6.practice_questions[4].marks [MEDIUM] F17: band ladder rescaled from 20 to 30 marks and the 4 SPaG marks added.
  ok   #207 L6.practice_questions[5].type [HIGH] F17: AQA Paper 2 Section A is one 30-mark closed-book essay, not a 20-mark extract/wider-text pair.
  ok   #208 L6.practice_questions[5].text [HIGH] F17: mark count corrected to the AQA 30-mark essay.
  ok   #209 L6.practice_questions[5].marks [MEDIUM] F17: band ladder rescaled from 20 to 30 marks and the 4 SPaG marks added.
  PATCH L6: exam_tip_html, practice_questions
  ok   #32 L7.content_html [HIGH] F24: fabricated quotation removed.
  ok   #33 L7.flashcard_questions[6].a [HIGH] F24: fabricated quotation removed. 17 words.
  ok   #38 L7.content_html [HIGH] F22: corrected wording.
  ok   #40 L7.flashcard_questions[10].q [HIGH] F22: corrected wording.
  ok   #79 L7.content_html [HIGH] F27: the replacement exchange is verified at Act 2, Scene 1 (LitCharts p.62), not 'early in the play'.
  ok   #80 L7.content_html [HIGH] F27: the staged exchange was fabricated on both sides. Replaced with a verified set-up/knock-down exchange, Ac
  ok   #81 L7.content_html [HIGH] F27: analysis rewritten to fit the verified exchange.
  ok   #82 L7.flashcard_questions[3].q [HIGH] F27: verified replacement exchange.
  ok   #83 L7.flashcard_questions[3].a [HIGH] F27: verified replacement exchange.
  ok   #95 L7.content_html [HIGH] F28: verified replacement.
  ok   #96 L7.knowledge_checks[0].q [HIGH] F28: the whole question was built on a fabricated quotation. Keyed index 1 still correct.
  ok   #101 L7.content_html [MEDIUM] F34: unverified quotation replaced with Jo's verified Act 2, Scene 2 line (LitCharts p.79).
  ok   #210 L7.practice_questions[0].type [HIGH] F17: AQA Paper 2 Section A is one 30-mark closed-book essay, not a 20-mark extract/wider-text pair.
  ok   #211 L7.practice_questions[0].text [HIGH] F17: rewritten as a closed-book whole-play essay; the old stem told students to read a printed extract that AQ
  ok   #212 L7.practice_questions[0].marks [MEDIUM] F17: band ladder rescaled from 20 to 30 marks and the 4 SPaG marks added.
  ok   #213 L7.practice_questions[1].type [HIGH] F17: AQA Paper 2 Section A is one 30-mark closed-book essay, not a 20-mark extract/wider-text pair.
  ok   #214 L7.practice_questions[1].text [HIGH] F17: mark count corrected to the AQA 30-mark essay.
  ok   #215 L7.practice_questions[1].marks [MEDIUM] F17: band ladder rescaled from 20 to 30 marks and the 4 SPaG marks added. F28: fabricated Helen quotation repl
  ok   #216 L7.practice_questions[2].type [HIGH] F17: AQA Paper 2 Section A is one 30-mark closed-book essay, not a 20-mark extract/wider-text pair.
  ok   #217 L7.practice_questions[2].text [HIGH] F17: rewritten as a closed-book whole-play essay; the old stem told students to read a printed extract that AQ
  ok   #218 L7.practice_questions[2].marks [MEDIUM] F17: band ladder rescaled from 20 to 30 marks and the 4 SPaG marks added.
  ok   #219 L7.practice_questions[3].type [HIGH] F17: AQA Paper 2 Section A is one 30-mark closed-book essay, not a 20-mark extract/wider-text pair.
  ok   #220 L7.practice_questions[3].text [HIGH] F17: mark count corrected to the AQA 30-mark essay.
  ok   #221 L7.practice_questions[3].marks [MEDIUM] F17: band ladder rescaled from 20 to 30 marks and the 4 SPaG marks added. F22: Geof's line corrected to 'I'd s
  ok   #222 L7.practice_questions[4].type [HIGH] F17: AQA Paper 2 Section A is one 30-mark closed-book essay, not a 20-mark extract/wider-text pair.
  ok   #223 L7.practice_questions[4].text [HIGH] F17: mark count corrected to the AQA 30-mark essay.
  ok   #224 L7.practice_questions[4].marks [MEDIUM] F17: band ladder rescaled from 20 to 30 marks and the 4 SPaG marks added.
  ok   #225 L7.practice_questions[5].type [HIGH] F17: AQA Paper 2 Section A is one 30-mark closed-book essay, not a 20-mark extract/wider-text pair.
  ok   #226 L7.practice_questions[5].text [HIGH] F17: mark count corrected to the AQA 30-mark essay.
  ok   #227 L7.practice_questions[5].marks [MEDIUM] F17: band ladder rescaled from 20 to 30 marks and the 4 SPaG marks added.
  PATCH L7: content_html, flashcard_questions, knowledge_checks, practice_questions
  ok   #48 L8.description [HIGH] F1: wrong board named on an AQA unit. New description is 93 characters.
  ok   #49 L8.content_html [HIGH] F6: the unit taught a two-part extract question that AQA does not set.
  ok   #50 L8.content_html [HIGH] F6: replaces the invented 'extract analysis' task with the real AQA mark split. Also blocks the 'AO2 is not as
  ok   #51 L8.content_html [HIGH] F6: replaces the invented 'wider-text' task.
  ok   #52 L8.content_html [MEDIUM] F7: there is only one task.
  ok   #53 L8.content_html [MEDIUM] F7: no extract is printed.
  ok   #54 L8.content_html [MEDIUM] F7: no extract is printed.
  ok   #55 L8.content_html [MEDIUM] F7: no extract/wider-text split.
  ok   #56 L8.conclusion_html [HIGH] F5: the AQA modern-text question has no parts and prints no extract.
  ok   #57 L8.knowledge_checks[1].q [HIGH] F2: named the wrong board and invented a two-part question.
  ok   #58 L8.knowledge_checks[1].options [HIGH] F2: AQA Paper 2 Section A is one essay, 30 marks + 4 SPaG. The keyed index (2) is unchanged and now lands on t
  ok   #59 L8.knowledge_checks[2].q [HIGH] F3: the old stem taught students to expect a printed extract, which AQA does not provide.
  ok   #60 L8.knowledge_checks[2].options [HIGH] F3: options rebuilt so 'extract' remains the keyed answer under a true stem.
  ok   #61 L8.knowledge_checks[3].q [HIGH] F4: the old stem invented a 'part (b)'. AO2 is assessed and carries 12 marks.
  ok   #62 L8.knowledge_checks[3].options [HIGH] F4: keyed answer stays at index 1.
  ok   #63 L8.glossary_terms[7].definition [HIGH] F9: the glossary gave AO3's definition under AO4.
  ok   #84 L8.content_html [HIGH] F27: verified replacement.
  ok   #85 L8.exam_tip_html [HIGH] F27 and F23: the exam tip told students to MEMORISE both a fabricated line and a misworded one. Both replaced 
  ok   #86 L8.knowledge_checks[0].options[2] [HIGH] F27: this was the keyed correct answer and it was fabricated.
  ok   #87 L8.knowledge_checks[0].options[1] [MEDIUM] F23: distractor corrected to the real wording.
  ok   #88 L8.knowledge_checks[4].right[0] [HIGH] F27: verified replacement.
  ok   #89 L8.flashcard_questions[1].a [HIGH] F27: verified replacement.
  ok   #228 L8.practice_questions[0].type [HIGH] F17: AQA Paper 2 Section A is one 30-mark closed-book essay, not a 20-mark extract/wider-text pair.
  ok   #229 L8.practice_questions[0].text [HIGH] F17: rewritten as a closed-book whole-play essay; the old stem told students to read a printed extract that AQ
  ok   #230 L8.practice_questions[0].marks [MEDIUM] F17: band ladder rescaled from 20 to 30 marks and the 4 SPaG marks added.
  ok   #231 L8.practice_questions[1].type [HIGH] F17: AQA Paper 2 Section A is one 30-mark closed-book essay, not a 20-mark extract/wider-text pair.
  ok   #232 L8.practice_questions[1].text [HIGH] F17: mark count corrected to the AQA 30-mark essay.
  ok   #233 L8.practice_questions[1].marks [MEDIUM] F17: band ladder rescaled from 20 to 30 marks and the 4 SPaG marks added.
  ok   #234 L8.practice_questions[2].type [HIGH] F17: AQA Paper 2 Section A is one 30-mark closed-book essay, not a 20-mark extract/wider-text pair.
  ok   #235 L8.practice_questions[2].text [HIGH] F17: rewritten as a closed-book whole-play essay; the old stem told students to read a printed extract that AQ
  ok   #236 L8.practice_questions[2].marks [MEDIUM] F17: band ladder rescaled from 20 to 30 marks and the 4 SPaG marks added.
  ok   #237 L8.practice_questions[3].type [HIGH] F17: AQA Paper 2 Section A is one 30-mark closed-book essay, not a 20-mark extract/wider-text pair.
  ok   #238 L8.practice_questions[3].text [HIGH] F17: mark count corrected to the AQA 30-mark essay.
  ok   #239 L8.practice_questions[3].marks [MEDIUM] F17: band ladder rescaled from 20 to 30 marks and the 4 SPaG marks added.
  ok   #240 L8.practice_questions[4].type [HIGH] F17: AQA Paper 2 Section A is one 30-mark closed-book essay, not a 20-mark extract/wider-text pair.
  ok   #241 L8.practice_questions[4].text [HIGH] F17: mark count corrected to the AQA 30-mark essay.
  ok   #242 L8.practice_questions[4].marks [MEDIUM] F17: band ladder rescaled from 20 to 30 marks and the 4 SPaG marks added.
  ok   #243 L8.practice_questions[5].type [HIGH] F17: AQA Paper 2 Section A is one 30-mark closed-book essay, not a 20-mark extract/wider-text pair.
  ok   #244 L8.practice_questions[5].text [HIGH] F17: mark count corrected to the AQA 30-mark essay.
  ok   #245 L8.practice_questions[5].marks [MEDIUM] F17: band ladder rescaled from 20 to 30 marks and the 4 SPaG marks added.
  PATCH L8: description, content_html, conclusion_html, knowledge_checks, glossary_terms, exam_tip_html, flashcard_questions, practice_questions
=== 246 applied, 0 skipped, 8 lessons / 44 fields changed
=== APPLY EDITS english-literature-aqa/a-taste-of-honey  246 edits  LIVE  2026-09-02T02:26:20.109Z
  ok   #0 L1.description [HIGH] F19: Delaney was 19 (b. 25 Nov 1938); the lesson's own Key Fact already says 19.
  ok   #1 L1.conclusion_html [HIGH] F19: Delaney was 19 when she wrote the play.
  ok   #2 L1.flashcard_questions[1].a [HIGH] F19: Delaney was 19, not 18.
  ok   #3 L1.knowledge_checks[0].options[1] [HIGH] F19: the keyed answer said 18; the true age is 19, so the option itself was wrong.
  ok   #4 L1.glossary_terms[5].definition [HIGH] F8: named the wrong board (Eduqas) and gave AO3's definition. AQA AO4 is vocabulary, sentence structures and S
  ok   #5 L1.exam_tip_html [HIGH] F10: AQA 8702 Paper 2 Section A is a single essay from a choice of two. There is no part (a)/(b).
  ok   #102 L1.practice_questions[0].type [HIGH] F17: AQA Paper 2 Section A is one 30-mark closed-book essay, not a 20-mark extract/wider-text pair.
  ok   #103 L1.practice_questions[0].text [HIGH] F17: rewritten as a closed-book whole-play essay; the old stem told students to read a printed extract that AQ
  ok   #104 L1.practice_questions[0].marks [MEDIUM] F17: band ladder rescaled from 20 to 30 marks and the 4 SPaG marks added.
  ok   #105 L1.practice_questions[1].type [HIGH] F17: AQA Paper 2 Section A is one 30-mark closed-book essay, not a 20-mark extract/wider-text pair.
  ok   #106 L1.practice_questions[1].text [HIGH] F17: mark count corrected to the AQA 30-mark essay.
  ok   #107 L1.practice_questions[1].marks [MEDIUM] F17: band ladder rescaled from 20 to 30 marks and the 4 SPaG marks added. F18: 'AO4' corrected to AO3 — contex
  ok   #108 L1.practice_questions[2].type [HIGH] F17: AQA Paper 2 Section A is one 30-mark closed-book essay, not a 20-mark extract/wider-text pair.
  ok   #109 L1.practice_questions[2].text [HIGH] F17: rewritten as a closed-book whole-play essay; the old stem told students to read a printed extract that AQ
  ok   #110 L1.practice_questions[2].marks [MEDIUM] F17: band ladder rescaled from 20 to 30 marks and the 4 SPaG marks added.
  ok   #111 L1.practice_questions[3].type [HIGH] F17: AQA Paper 2 Section A is one 30-mark closed-book essay, not a 20-mark extract/wider-text pair.
  ok   #112 L1.practice_questions[3].text [HIGH] F17: mark count corrected to the AQA 30-mark essay.
  ok   #113 L1.practice_questions[3].marks [MEDIUM] F17: band ladder rescaled from 20 to 30 marks and the 4 SPaG marks added.
  ok   #114 L1.practice_questions[4].type [HIGH] F17: AQA Paper 2 Section A is one 30-mark closed-book essay, not a 20-mark extract/wider-text pair.
  ok   #115 L1.practice_questions[4].text [HIGH] F17: mark count corrected to the AQA 30-mark essay.
  ok   #116 L1.practice_questions[4].marks [MEDIUM] F17: band ladder rescaled from 20 to 30 marks and the 4 SPaG marks added. F18: 'AO4' corrected to AO3 — contex
  ok   #117 L1.practice_questions[5].type [HIGH] F17: AQA Paper 2 Section A is one 30-mark closed-book essay, not a 20-mark extract/wider-text pair.
  ok   #118 L1.practice_questions[5].text [HIGH] F17: mark count corrected to the AQA 30-mark essay.
  ok   #119 L1.practice_questions[5].marks [MEDIUM] F17: band ladder rescaled from 20 to 30 marks and the 4 SPaG marks added.
  PATCH L1: description, conclusion_html, flashcard_questions, knowledge_checks, glossary_terms, exam_tip_html, practice_questions
  ok   #6 L2.content_html [HIGH] F21: the play opens HELEN: 'Well! This is the place.' / JO: 'And I don't like it.' 'The roof's leaking!' comes
  ok   #7 L2.content_html [HIGH] F21: 'The roof's leaking' is not Jo's opening line.
  ok   #8 L2.knowledge_checks[0].q [HIGH] F21: the stem asked for Jo's first line, but none of the options is her first line ('And I don't like it').
  ok   #9 L2.flashcard_questions[1].q [HIGH] F21: first line corrected.
  ok   #10 L2.flashcard_questions[1].a [HIGH] F21: first line corrected. 16 words.
  ok   #11 L2.content_html [HIGH] F12: no part (b) exists on AQA Paper 2 Section A.
  ok   #12 L2.exam_tip_html [HIGH] F11: there is no extract question on AQA Paper 2 Section A.
  ok   #64 L2.content_html [MEDIUM] F26: fabricated Peter quotation replaced with Helen's verified Act 1, Scene 1 line, which makes the same point
  ok   #65 L2.knowledge_checks[3].q [MEDIUM] F26: stem rebuilt on Helen's verified line.
  ok   #66 L2.knowledge_checks[3].options [MEDIUM] F26: keyed index 2 unchanged and now lands on the real word.
  ok   #67 L2.flashcard_questions[8].q [MEDIUM] F26: drops the fabricated 'insults Jo' framing.
  ok   #70 L2.content_html [HIGH] F27: fabricated quotation replaced with Helen's verified Act 1, Scene 1 line (LitCharts p.13).
  ok   #71 L2.conclusion_html [HIGH] F27: verified replacement.
  ok   #72 L2.knowledge_checks[2].q [HIGH] F27: stem rebuilt on the verified line.
  ok   #73 L2.knowledge_checks[2].options [HIGH] F27: keyed index 1 unchanged and now lands on the real word.
  ok   #74 L2.flashcard_questions[3].a [HIGH] F27: verified replacement.
  ok   #91 L2.content_html [HIGH] F28: fabricated quotation replaced with Helen's verified Act 1, Scene 1 deflection.
  ok   #98 L2.flashcard_questions[2].a [HIGH] F28: last remaining copy of the fabricated line, replaced with the verified Act 1 Scene 1 deflection this less
  ok   #99 L2.content_html [HIGH] F21: the revision prompt still pointed at a single 'first line'.
  ok   #120 L2.practice_questions[0].type [HIGH] F17: AQA Paper 2 Section A is one 30-mark closed-book essay, not a 20-mark extract/wider-text pair.
  ok   #121 L2.practice_questions[0].text [HIGH] F17: rewritten as a closed-book whole-play essay; the old stem told students to read a printed extract that AQ
  ok   #122 L2.practice_questions[0].marks [MEDIUM] F17: band ladder rescaled from 20 to 30 marks and the 4 SPaG marks added.
  ok   #123 L2.practice_questions[1].type [HIGH] F17: AQA Paper 2 Section A is one 30-mark closed-book essay, not a 20-mark extract/wider-text pair.
  ok   #124 L2.practice_questions[1].text [HIGH] F17: mark count corrected to the AQA 30-mark essay.
  ok   #125 L2.practice_questions[1].marks [MEDIUM] F17: band ladder rescaled from 20 to 30 marks and the 4 SPaG marks added.
  ok   #126 L2.practice_questions[2].type [HIGH] F17: AQA Paper 2 Section A is one 30-mark closed-book essay, not a 20-mark extract/wider-text pair.
  ok   #127 L2.practice_questions[2].text [HIGH] F17: rewritten as a closed-book whole-play essay; the old stem told students to read a printed extract that AQ
  ok   #128 L2.practice_questions[2].marks [MEDIUM] F17: band ladder rescaled from 20 to 30 marks and the 4 SPaG marks added.
  ok   #129 L2.practice_questions[3].type [HIGH] F17: AQA Paper 2 Section A is one 30-mark closed-book essay, not a 20-mark extract/wider-text pair.
  ok   #130 L2.practice_questions[3].text [HIGH] F17: mark count corrected to the AQA 30-mark essay.
  ok   #131 L2.practice_questions[3].marks [MEDIUM] F17: band ladder rescaled from 20 to 30 marks and the 4 SPaG marks added.
  ok   #132 L2.practice_questions[4].type [HIGH] F17: AQA Paper 2 Section A is one 30-mark closed-book essay, not a 20-mark extract/wider-text pair.
  ok   #133 L2.practice_questions[4].text [HIGH] F17: mark count corrected to the AQA 30-mark essay.
  ok   #134 L2.practice_questions[4].marks [MEDIUM] F17: band ladder rescaled from 20 to 30 marks and the 4 SPaG marks added.
  ok   #135 L2.practice_questions[5].type [HIGH] F17: AQA Paper 2 Section A is one 30-mark closed-book essay, not a 20-mark extract/wider-text pair.
  ok   #136 L2.practice_questions[5].text [HIGH] F17: rewritten as a closed-book whole-play essay; the old stem told students to read a printed extract that AQ
  ok   #137 L2.practice_questions[5].marks [MEDIUM] F17: band ladder rescaled from 20 to 30 marks and the 4 SPaG marks added.
  PATCH L2: content_html, knowledge_checks, flashcard_questions, exam_tip_html, conclusion_html, practice_questions
  ok   #13 L3.content_html [HIGH] F20: the Boy IS named. Jo calls him Jimmie in Act 2, Scene 2; the speech prefix stays 'BOY'.
  ok   #14 L3.content_html [HIGH] F20: the Boy is named Jimmie.
  ok   #15 L3.conclusion_html [HIGH] F20: the Boy is named Jimmie.
  ok   #16 L3.knowledge_checks[3].q [HIGH] F20: the old stem said he is never named at all.
  ok   #17 L3.flashcard_questions[1].q [HIGH] F20: he is named once, so 'deliberately never named' is wrong.
  ok   #19 L3.content_html [MEDIUM] F33: 'you really are useless, Jo' is GEOF's line in Act 2, not Helen's.
  ok   #20 L3.content_html [MEDIUM] F29: the pop-up gave the definition of a MOTIF, not of abandonment. Matches the correct L2 definition.
  ok   #21 L3.glossary_terms[3].definition [MEDIUM] F29: glossary defined 'abandonment' as a motif.
  ok   #22 L3.exam_tip_html [HIGH] F13: no part (a)/(b) on AQA Paper 2 Section A.
  ok   #68 L3.content_html [MEDIUM] F26: de-quoted — no line in the play has Peter calling Jo ugly.
  ok   #100 L3.content_html [HIGH] F20: the revision prompt still asserted the Boy is never named.
  ok   #138 L3.practice_questions[0].type [HIGH] F17: AQA Paper 2 Section A is one 30-mark closed-book essay, not a 20-mark extract/wider-text pair.
  ok   #139 L3.practice_questions[0].text [HIGH] F17: rewritten as a closed-book whole-play essay; the old stem told students to read a printed extract that AQ
  ok   #140 L3.practice_questions[0].marks [MEDIUM] F17: band ladder rescaled from 20 to 30 marks and the 4 SPaG marks added.
  ok   #141 L3.practice_questions[1].type [HIGH] F17: AQA Paper 2 Section A is one 30-mark closed-book essay, not a 20-mark extract/wider-text pair.
  ok   #142 L3.practice_questions[1].text [HIGH] F17: mark count corrected to the AQA 30-mark essay.
  ok   #143 L3.practice_questions[1].marks [MEDIUM] F17: band ladder rescaled from 20 to 30 marks and the 4 SPaG marks added. F26: drops the fabricated 'Peter cal
  ok   #144 L3.practice_questions[2].type [HIGH] F17: AQA Paper 2 Section A is one 30-mark closed-book essay, not a 20-mark extract/wider-text pair.
  ok   #145 L3.practice_questions[2].text [HIGH] F17: rewritten as a closed-book whole-play essay; the old stem told students to read a printed extract that AQ
  ok   #146 L3.practice_questions[2].marks [MEDIUM] F17: band ladder rescaled from 20 to 30 marks and the 4 SPaG marks added.
  ok   #147 L3.practice_questions[3].type [HIGH] F17: AQA Paper 2 Section A is one 30-mark closed-book essay, not a 20-mark extract/wider-text pair.
  ok   #148 L3.practice_questions[3].text [HIGH] F17: mark count corrected to the AQA 30-mark essay.
  ok   #149 L3.practice_questions[3].marks [MEDIUM] F17: band ladder rescaled from 20 to 30 marks and the 4 SPaG marks added.
  ok   #150 L3.practice_questions[4].type [HIGH] F17: AQA Paper 2 Section A is one 30-mark closed-book essay, not a 20-mark extract/wider-text pair.
  ok   #151 L3.practice_questions[4].text [HIGH] F17: mark count corrected to the AQA 30-mark essay.
  ok   #152 L3.practice_questions[4].marks [MEDIUM] F17: band ladder rescaled from 20 to 30 marks and the 4 SPaG marks added.
  ok   #153 L3.practice_questions[5].type [HIGH] F17: AQA Paper 2 Section A is one 30-mark closed-book essay, not a 20-mark extract/wider-text pair.
  ok   #154 L3.practice_questions[5].text [HIGH] F17: mark count corrected to the AQA 30-mark essay.
  ok   #155 L3.practice_questions[5].marks [MEDIUM] F17: band ladder rescaled from 20 to 30 marks and the 4 SPaG marks added.
  PATCH L3: content_html, conclusion_html, knowledge_checks, flashcard_questions, glossary_terms, exam_tip_html, practice_questions
  ok   #23 L4.content_html [HIGH] F23: the real line is Geof's: 'Oh well, the dream's gone, but the baby's real enough.'
  ok   #24 L4.content_html [HIGH] F23: corrected wording and speaker.
  ok   #25 L4.content_html [HIGH] F23: revision prompt quoted the misworded line.
  ok   #26 L4.conclusion_html [HIGH] F23: corrected wording and speaker.
  ok   #27 L4.knowledge_checks[0].options[1] [HIGH] F23: the keyed correct answer was a misworded quotation.
  ok   #28 L4.flashcard_questions[2].a [HIGH] F23: corrected wording and speaker.
  ok   #31 L4.content_html [HIGH] F24: fabricated quotation. The word 'homosexual' never appears in the play; Jo presses Geof about why his land
  ok   #34 L4.content_html [HIGH] F25: 'simpering pansified little freaks' is JO's phrase, defending Geof. Helen's insults are 'What an arty lit
  ok   #35 L4.content_html [HIGH] F25: misattributed quotation.
  ok   #36 L4.flashcard_questions[7].a [HIGH] F25: 'Little freak' alone lost Helen's actual homophobic insult and matched Jo's phrase instead.
  ok   #37 L4.content_html [HIGH] F22: the real exchange runs the other way. Geof speaks first; his line is 'I'd sooner be dead than away from y
  ok   #39 L4.flashcard_questions[4].a [HIGH] F22: corrected wording and order.
  ok   #41 L4.content_html [MEDIUM] F31: Peter leaves Helen for a younger woman; Helen arrives at Jo's flat with her cases.
  ok   #42 L4.knowledge_checks[1].options[1] [MEDIUM] F31: Peter left Helen for another woman.
  ok   #43 L4.flashcard_questions[6].a [MEDIUM] F31: Peter left Helen for another woman.
  ok   #45 L4.exam_tip_html [HIGH] F14: no part (b) on AQA Paper 2 Section A.
  ok   #90 L4.knowledge_checks[0].options[0] [MEDIUM] F27: distractor was a fabricated quotation.
  ok   #92 L4.content_html [HIGH] F28: de-quoted — the line was fabricated, and no verified line actually recurs here, so the sentence now makes
  ok   #97 L4.knowledge_checks[0].options[3] [MEDIUM] F28: distractor was a fabricated quotation.
  ok   #156 L4.practice_questions[0].type [HIGH] F17: AQA Paper 2 Section A is one 30-mark closed-book essay, not a 20-mark extract/wider-text pair.
  ok   #157 L4.practice_questions[0].text [HIGH] F17: rewritten as a closed-book whole-play essay; the old stem told students to read a printed extract that AQ
  ok   #158 L4.practice_questions[0].marks [MEDIUM] F17: band ladder rescaled from 20 to 30 marks and the 4 SPaG marks added.
  ok   #159 L4.practice_questions[1].type [HIGH] F17: AQA Paper 2 Section A is one 30-mark closed-book essay, not a 20-mark extract/wider-text pair.
  ok   #160 L4.practice_questions[1].text [HIGH] F17: mark count corrected to the AQA 30-mark essay.
  ok   #161 L4.practice_questions[1].marks [MEDIUM] F17: band ladder rescaled from 20 to 30 marks and the 4 SPaG marks added.
  ok   #162 L4.practice_questions[2].type [HIGH] F17: AQA Paper 2 Section A is one 30-mark closed-book essay, not a 20-mark extract/wider-text pair.
  ok   #163 L4.practice_questions[2].text [HIGH] F17: rewritten as a closed-book whole-play essay; the old stem told students to read a printed extract that AQ
  ok   #164 L4.practice_questions[2].marks [MEDIUM] F17: band ladder rescaled from 20 to 30 marks and the 4 SPaG marks added.
  ok   #165 L4.practice_questions[3].type [HIGH] F17: AQA Paper 2 Section A is one 30-mark closed-book essay, not a 20-mark extract/wider-text pair.
  ok   #166 L4.practice_questions[3].text [HIGH] F17: mark count corrected to the AQA 30-mark essay.
  ok   #167 L4.practice_questions[3].marks [MEDIUM] F17: band ladder rescaled from 20 to 30 marks and the 4 SPaG marks added.
  ok   #168 L4.practice_questions[4].type [HIGH] F17: AQA Paper 2 Section A is one 30-mark closed-book essay, not a 20-mark extract/wider-text pair.
  ok   #169 L4.practice_questions[4].text [HIGH] F17: mark count corrected to the AQA 30-mark essay.
  ok   #170 L4.practice_questions[4].marks [MEDIUM] F17: band ladder rescaled from 20 to 30 marks and the 4 SPaG marks added.
  ok   #171 L4.practice_questions[5].type [HIGH] F17: AQA Paper 2 Section A is one 30-mark closed-book essay, not a 20-mark extract/wider-text pair.
  ok   #172 L4.practice_questions[5].text [HIGH] F17: mark count corrected to the AQA 30-mark essay.
  ok   #173 L4.practice_questions[5].marks [MEDIUM] F17: band ladder rescaled from 20 to 30 marks and the 4 SPaG marks added.
  PATCH L4: content_html, conclusion_html, knowledge_checks, flashcard_questions, exam_tip_html, practice_questions
  ok   #18 L5.knowledge_checks[4].right[1] [MEDIUM] F20: 'Unnamed' is wrong — Jo names him Jimmie in Act 2, Scene 2.
  ok   #29 L5.flashcard_questions[10].q [HIGH] F23: the line is Geof's, not Jo's, and the wording was wrong.
  ok   #30 L5.content_html [HIGH] F23: corrected wording and speaker.
  ok   #44 L5.content_html [MEDIUM] F31: Peter leaves Helen for another woman.
  ok   #46 L5.content_html [MEDIUM] F15: no part (b) on AQA Paper 2 Section A.
  ok   #69 L5.content_html [MEDIUM] F26: de-quoted — Peter wants Jo out of the way; he does not call her ugly.
  ok   #75 L5.content_html [HIGH] F27: verified replacement.
  ok   #76 L5.knowledge_checks[2].q [HIGH] F27: stem rebuilt on the verified line.
  ok   #77 L5.knowledge_checks[2].options [HIGH] F27: keyed index 1 unchanged and now lands on the real word.
  ok   #78 L5.flashcard_questions[3].a [HIGH] F27: verified replacement.
  ok   #93 L5.content_html [HIGH] F28: replaced with Helen's verified Act 1, Scene 2 deflection (LitCharts p.35).
  ok   #94 L5.flashcard_questions[5].a [HIGH] F28: verified replacement. 22 words.
  ok   #174 L5.practice_questions[0].type [HIGH] F17: AQA Paper 2 Section A is one 30-mark closed-book essay, not a 20-mark extract/wider-text pair.
  ok   #175 L5.practice_questions[0].text [HIGH] F32: the stem said Jo says ‘I’m not just talented, I’m geniused’ to Geof. She says it to Helen in Act 1, Scene
  ok   #176 L5.practice_questions[0].marks [MEDIUM] F17: band ladder rescaled from 20 to 30 marks and the 4 SPaG marks added.
  ok   #177 L5.practice_questions[1].type [HIGH] F17: AQA Paper 2 Section A is one 30-mark closed-book essay, not a 20-mark extract/wider-text pair.
  ok   #178 L5.practice_questions[1].text [HIGH] F17: mark count corrected to the AQA 30-mark essay.
  ok   #179 L5.practice_questions[1].marks [MEDIUM] F17: band ladder rescaled from 20 to 30 marks and the 4 SPaG marks added.
  ok   #180 L5.practice_questions[2].type [HIGH] F17: AQA Paper 2 Section A is one 30-mark closed-book essay, not a 20-mark extract/wider-text pair.
  ok   #181 L5.practice_questions[2].text [HIGH] F17: rewritten as a closed-book whole-play essay; the old stem told students to read a printed extract that AQ
  ok   #182 L5.practice_questions[2].marks [MEDIUM] F17: band ladder rescaled from 20 to 30 marks and the 4 SPaG marks added.
  ok   #183 L5.practice_questions[3].type [HIGH] F17: AQA Paper 2 Section A is one 30-mark closed-book essay, not a 20-mark extract/wider-text pair.
  ok   #184 L5.practice_questions[3].text [HIGH] F17: mark count corrected to the AQA 30-mark essay.
  ok   #185 L5.practice_questions[3].marks [MEDIUM] F17: band ladder rescaled from 20 to 30 marks and the 4 SPaG marks added.
  ok   #186 L5.practice_questions[4].type [HIGH] F17: AQA Paper 2 Section A is one 30-mark closed-book essay, not a 20-mark extract/wider-text pair.
  ok   #187 L5.practice_questions[4].text [HIGH] F17: mark count corrected to the AQA 30-mark essay.
  ok   #188 L5.practice_questions[4].marks [MEDIUM] F17: band ladder rescaled from 20 to 30 marks and the 4 SPaG marks added.
  ok   #189 L5.practice_questions[5].type [HIGH] F17: AQA Paper 2 Section A is one 30-mark closed-book essay, not a 20-mark extract/wider-text pair.
  ok   #190 L5.practice_questions[5].text [HIGH] F17: mark count corrected to the AQA 30-mark essay.
  ok   #191 L5.practice_questions[5].marks [MEDIUM] F17: band ladder rescaled from 20 to 30 marks and the 4 SPaG marks added.
  PATCH L5: knowledge_checks, flashcard_questions, content_html, practice_questions
  ok   #47 L6.exam_tip_html [MEDIUM] F16: no extract question on AQA Paper 2 Section A.
  ok   #192 L6.practice_questions[0].type [HIGH] F17: AQA Paper 2 Section A is one 30-mark closed-book essay, not a 20-mark extract/wider-text pair.
  ok   #193 L6.practice_questions[0].text [HIGH] F17: rewritten as a closed-book whole-play essay; the old stem told students to read a printed extract that AQ
  ok   #194 L6.practice_questions[0].marks [MEDIUM] F17: band ladder rescaled from 20 to 30 marks and the 4 SPaG marks added.
  ok   #195 L6.practice_questions[1].type [HIGH] F17: AQA Paper 2 Section A is one 30-mark closed-book essay, not a 20-mark extract/wider-text pair.
  ok   #196 L6.practice_questions[1].text [HIGH] F17: mark count corrected to the AQA 30-mark essay.
  ok   #197 L6.practice_questions[1].marks [MEDIUM] F17: band ladder rescaled from 20 to 30 marks and the 4 SPaG marks added.
  ok   #198 L6.practice_questions[2].type [HIGH] F17: AQA Paper 2 Section A is one 30-mark closed-book essay, not a 20-mark extract/wider-text pair.
  ok   #199 L6.practice_questions[2].text [HIGH] F17: rewritten as a closed-book whole-play essay; the old stem told students to read a printed extract that AQ
  ok   #200 L6.practice_questions[2].marks [MEDIUM] F17: band ladder rescaled from 20 to 30 marks and the 4 SPaG marks added.
  ok   #201 L6.practice_questions[3].type [HIGH] F17: AQA Paper 2 Section A is one 30-mark closed-book essay, not a 20-mark extract/wider-text pair.
  ok   #202 L6.practice_questions[3].text [HIGH] F17: mark count corrected to the AQA 30-mark essay.
  ok   #203 L6.practice_questions[3].marks [MEDIUM] F17: band ladder rescaled from 20 to 30 marks and the 4 SPaG marks added.
  ok   #204 L6.practice_questions[4].type [HIGH] F17: AQA Paper 2 Section A is one 30-mark closed-book essay, not a 20-mark extract/wider-text pair.
  ok   #205 L6.practice_questions[4].text [HIGH] F17: mark count corrected to the AQA 30-mark essay.
  ok   #206 L6.practice_questions[4].marks [MEDIUM] F17: band ladder rescaled from 20 to 30 marks and the 4 SPaG marks added.
  ok   #207 L6.practice_questions[5].type [HIGH] F17: AQA Paper 2 Section A is one 30-mark closed-book essay, not a 20-mark extract/wider-text pair.
  ok   #208 L6.practice_questions[5].text [HIGH] F17: mark count corrected to the AQA 30-mark essay.
  ok   #209 L6.practice_questions[5].marks [MEDIUM] F17: band ladder rescaled from 20 to 30 marks and the 4 SPaG marks added.
  PATCH L6: exam_tip_html, practice_questions
  ok   #32 L7.content_html [HIGH] F24: fabricated quotation removed.
  ok   #33 L7.flashcard_questions[6].a [HIGH] F24: fabricated quotation removed. 17 words.
  ok   #38 L7.content_html [HIGH] F22: corrected wording.
  ok   #40 L7.flashcard_questions[10].q [HIGH] F22: corrected wording.
  ok   #79 L7.content_html [HIGH] F27: the replacement exchange is verified at Act 2, Scene 1 (LitCharts p.62), not 'early in the play'.
  ok   #80 L7.content_html [HIGH] F27: the staged exchange was fabricated on both sides. Replaced with a verified set-up/knock-down exchange, Ac
  ok   #81 L7.content_html [HIGH] F27: analysis rewritten to fit the verified exchange.
  ok   #82 L7.flashcard_questions[3].q [HIGH] F27: verified replacement exchange.
  ok   #83 L7.flashcard_questions[3].a [HIGH] F27: verified replacement exchange.
  ok   #95 L7.content_html [HIGH] F28: verified replacement.
  ok   #96 L7.knowledge_checks[0].q [HIGH] F28: the whole question was built on a fabricated quotation. Keyed index 1 still correct.
  ok   #101 L7.content_html [MEDIUM] F34: unverified quotation replaced with Jo's verified Act 2, Scene 2 line (LitCharts p.79).
  ok   #210 L7.practice_questions[0].type [HIGH] F17: AQA Paper 2 Section A is one 30-mark closed-book essay, not a 20-mark extract/wider-text pair.
  ok   #211 L7.practice_questions[0].text [HIGH] F17: rewritten as a closed-book whole-play essay; the old stem told students to read a printed extract that AQ
  ok   #212 L7.practice_questions[0].marks [MEDIUM] F17: band ladder rescaled from 20 to 30 marks and the 4 SPaG marks added.
  ok   #213 L7.practice_questions[1].type [HIGH] F17: AQA Paper 2 Section A is one 30-mark closed-book essay, not a 20-mark extract/wider-text pair.
  ok   #214 L7.practice_questions[1].text [HIGH] F17: mark count corrected to the AQA 30-mark essay.
  ok   #215 L7.practice_questions[1].marks [MEDIUM] F17: band ladder rescaled from 20 to 30 marks and the 4 SPaG marks added. F28: fabricated Helen quotation repl
  ok   #216 L7.practice_questions[2].type [HIGH] F17: AQA Paper 2 Section A is one 30-mark closed-book essay, not a 20-mark extract/wider-text pair.
  ok   #217 L7.practice_questions[2].text [HIGH] F17: rewritten as a closed-book whole-play essay; the old stem told students to read a printed extract that AQ
  ok   #218 L7.practice_questions[2].marks [MEDIUM] F17: band ladder rescaled from 20 to 30 marks and the 4 SPaG marks added.
  ok   #219 L7.practice_questions[3].type [HIGH] F17: AQA Paper 2 Section A is one 30-mark closed-book essay, not a 20-mark extract/wider-text pair.
  ok   #220 L7.practice_questions[3].text [HIGH] F17: mark count corrected to the AQA 30-mark essay.
  ok   #221 L7.practice_questions[3].marks [MEDIUM] F17: band ladder rescaled from 20 to 30 marks and the 4 SPaG marks added. F22: Geof's line corrected to 'I'd s
  ok   #222 L7.practice_questions[4].type [HIGH] F17: AQA Paper 2 Section A is one 30-mark closed-book essay, not a 20-mark extract/wider-text pair.
  ok   #223 L7.practice_questions[4].text [HIGH] F17: mark count corrected to the AQA 30-mark essay.
  ok   #224 L7.practice_questions[4].marks [MEDIUM] F17: band ladder rescaled from 20 to 30 marks and the 4 SPaG marks added.
  ok   #225 L7.practice_questions[5].type [HIGH] F17: AQA Paper 2 Section A is one 30-mark closed-book essay, not a 20-mark extract/wider-text pair.
  ok   #226 L7.practice_questions[5].text [HIGH] F17: mark count corrected to the AQA 30-mark essay.
  ok   #227 L7.practice_questions[5].marks [MEDIUM] F17: band ladder rescaled from 20 to 30 marks and the 4 SPaG marks added.
  PATCH L7: content_html, flashcard_questions, knowledge_checks, practice_questions
  ok   #48 L8.description [HIGH] F1: wrong board named on an AQA unit. New description is 93 characters.
  ok   #49 L8.content_html [HIGH] F6: the unit taught a two-part extract question that AQA does not set.
  ok   #50 L8.content_html [HIGH] F6: replaces the invented 'extract analysis' task with the real AQA mark split. Also blocks the 'AO2 is not as
  ok   #51 L8.content_html [HIGH] F6: replaces the invented 'wider-text' task.
  ok   #52 L8.content_html [MEDIUM] F7: there is only one task.
  ok   #53 L8.content_html [MEDIUM] F7: no extract is printed.
  ok   #54 L8.content_html [MEDIUM] F7: no extract is printed.
  ok   #55 L8.content_html [MEDIUM] F7: no extract/wider-text split.
  ok   #56 L8.conclusion_html [HIGH] F5: the AQA modern-text question has no parts and prints no extract.
  ok   #57 L8.knowledge_checks[1].q [HIGH] F2: named the wrong board and invented a two-part question.
  ok   #58 L8.knowledge_checks[1].options [HIGH] F2: AQA Paper 2 Section A is one essay, 30 marks + 4 SPaG. The keyed index (2) is unchanged and now lands on t
  ok   #59 L8.knowledge_checks[2].q [HIGH] F3: the old stem taught students to expect a printed extract, which AQA does not provide.
  ok   #60 L8.knowledge_checks[2].options [HIGH] F3: options rebuilt so 'extract' remains the keyed answer under a true stem.
  ok   #61 L8.knowledge_checks[3].q [HIGH] F4: the old stem invented a 'part (b)'. AO2 is assessed and carries 12 marks.
  ok   #62 L8.knowledge_checks[3].options [HIGH] F4: keyed answer stays at index 1.
  ok   #63 L8.glossary_terms[7].definition [HIGH] F9: the glossary gave AO3's definition under AO4.
  ok   #84 L8.content_html [HIGH] F27: verified replacement.
  ok   #85 L8.exam_tip_html [HIGH] F27 and F23: the exam tip told students to MEMORISE both a fabricated line and a misworded one. Both replaced 
  ok   #86 L8.knowledge_checks[0].options[2] [HIGH] F27: this was the keyed correct answer and it was fabricated.
  ok   #87 L8.knowledge_checks[0].options[1] [MEDIUM] F23: distractor corrected to the real wording.
  ok   #88 L8.knowledge_checks[4].right[0] [HIGH] F27: verified replacement.
  ok   #89 L8.flashcard_questions[1].a [HIGH] F27: verified replacement.
  ok   #228 L8.practice_questions[0].type [HIGH] F17: AQA Paper 2 Section A is one 30-mark closed-book essay, not a 20-mark extract/wider-text pair.
  ok   #229 L8.practice_questions[0].text [HIGH] F17: rewritten as a closed-book whole-play essay; the old stem told students to read a printed extract that AQ
  ok   #230 L8.practice_questions[0].marks [MEDIUM] F17: band ladder rescaled from 20 to 30 marks and the 4 SPaG marks added.
  ok   #231 L8.practice_questions[1].type [HIGH] F17: AQA Paper 2 Section A is one 30-mark closed-book essay, not a 20-mark extract/wider-text pair.
  ok   #232 L8.practice_questions[1].text [HIGH] F17: mark count corrected to the AQA 30-mark essay.
  ok   #233 L8.practice_questions[1].marks [MEDIUM] F17: band ladder rescaled from 20 to 30 marks and the 4 SPaG marks added.
  ok   #234 L8.practice_questions[2].type [HIGH] F17: AQA Paper 2 Section A is one 30-mark closed-book essay, not a 20-mark extract/wider-text pair.
  ok   #235 L8.practice_questions[2].text [HIGH] F17: rewritten as a closed-book whole-play essay; the old stem told students to read a printed extract that AQ
  ok   #236 L8.practice_questions[2].marks [MEDIUM] F17: band ladder rescaled from 20 to 30 marks and the 4 SPaG marks added.
  ok   #237 L8.practice_questions[3].type [HIGH] F17: AQA Paper 2 Section A is one 30-mark closed-book essay, not a 20-mark extract/wider-text pair.
  ok   #238 L8.practice_questions[3].text [HIGH] F17: mark count corrected to the AQA 30-mark essay.
  ok   #239 L8.practice_questions[3].marks [MEDIUM] F17: band ladder rescaled from 20 to 30 marks and the 4 SPaG marks added.
  ok   #240 L8.practice_questions[4].type [HIGH] F17: AQA Paper 2 Section A is one 30-mark closed-book essay, not a 20-mark extract/wider-text pair.
  ok   #241 L8.practice_questions[4].text [HIGH] F17: mark count corrected to the AQA 30-mark essay.
  ok   #242 L8.practice_questions[4].marks [MEDIUM] F17: band ladder rescaled from 20 to 30 marks and the 4 SPaG marks added.
  ok   #243 L8.practice_questions[5].type [HIGH] F17: AQA Paper 2 Section A is one 30-mark closed-book essay, not a 20-mark extract/wider-text pair.
  ok   #244 L8.practice_questions[5].text [HIGH] F17: mark count corrected to the AQA 30-mark essay.
  ok   #245 L8.practice_questions[5].marks [MEDIUM] F17: band ladder rescaled from 20 to 30 marks and the 4 SPaG marks added.
  PATCH L8: description, content_html, conclusion_html, knowledge_checks, glossary_terms, exam_tip_html, flashcard_questions, practice_questions
=== 246 applied, 0 skipped, 8 lessons / 44 fields changed
