
=== RE-NARRATION (changed narrated text only) ===
backup: C:\Users\tshau\Documents\Study Vault\scripts\_retrofc\units\english-literature-aqa__a-taste-of-honey\_backup.json
unit:   english-literature-aqa / a-taste-of-honey
run: 2026-09-02T02:26:23Z  mode: LIVE

8 lessons, 46 clips to regenerate

  L01 (Ollie)  Context: 1950s Salford & Kitchen Sink Drama
      n18: In the AQA exam you write one essay on the whole play, closed book, with no extract printed. Context is your s
             -> 354 KB, 30.2s, uploaded
      n20: Delaney wrote the play aged 19 in 1950s Salford, drawing directly on her working-class experience to challenge
             -> 102 KB, 8.7s, uploaded
      manifest updated (22 entries)
  L02 (Ada)  Act 1 Scene 1: Jo, Helen & Peter
      n2: The play opens with Helen and Jo moving into yet another rented flat in Salford. The stage directions describe
             -> 399 KB, 34.0s, uploaded
      n4: Key Fact . Jo opens the play with “And I don’t like it,” then soon adds “The roof’s leaking.” Both lines estab
             -> 219 KB, 18.7s, uploaded
      n6: Helen is immediately presented as a woman who prioritises her own pleasures over her daughter’s welfare. She d
             -> 368 KB, 31.4s, uploaded
      n7: Helen’s relationship with alcohol is a recurring motif. She arrives at the flat already drinking and offers Jo
             -> 310 KB, 26.5s, uploaded
      n12: Peter is overtly hostile towards Jo. He ignores her, insults her appearance, and makes it clear that she is an
             -> 401 KB, 34.2s, uploaded
      n15: Delaney uses Jo’s isolation to set up the next scene. Alone and emotionally neglected, Jo is vulnerable to the
             -> 310 KB, 26.5s, uploaded
      n19: AQA sets one closed-book essay on the whole play, so focus on how Delaney uses language and dramatic technique
             -> 300 KB, 25.6s, uploaded
      n22: “We all end up same way sooner or later” captures the play’s central relationship: mother and daughter locked 
             -> 122 KB, 10.4s, uploaded
      manifest updated (23 entries)
  L03 (Ollie)  Act 1 Scene 2: Jo & the Boy
      n2: With Helen increasingly absent — spending time with Peter and drinking — Jo is left alone in the flat. It is i
             -> 450 KB, 38.4s, uploaded
      n3: The Boy is presented as gentle, sincere, and openly affectionate — qualities that contrast sharply with every 
             -> 295 KB, 25.2s, uploaded
      n4: Key Fact . The script calls him only “the Boy”, and Jo says his name, Jimmie, once in Act 2, Scene 2. This nea
             -> 280 KB, 23.9s, uploaded
      n7: The proposal scene is one of the most tender in the play, yet Delaney undercuts it with dramatic irony: the au
             -> 303 KB, 25.9s, uploaded
      n18: When writing about Jo and the Boy, focus closely on language: the tenderness of their dialogue, the contrast w
             -> 288 KB, 24.6s, uploaded
      n20: The script names the Boy only once — Jimmie, in Act 2, Scene 2 — reflecting 1950s racism while also making him
             -> 147 KB, 12.5s, uploaded
      manifest updated (22 entries)
  L04 (Ada)  Act 2: Geof, Helen's Return & the Ending
      n3: Geof cooks, cleans, buys baby clothes, and prepares for the birth with a tenderness that exposes how little He
             -> 466 KB, 39.7s, uploaded
      n4: Key Fact . Geof’s line “Oh well, the dream’s gone, but the baby’s real enough” marks the transition from Act 1
             -> 247 KB, 21.1s, uploaded
      n6: Geof is strongly implied to be gay. He has been evicted from his lodgings, likely because his landlady discove
             -> 345 KB, 29.4s, uploaded
      n7: Delaney treats Geof’s sexuality with remarkable matter-of-factness. Jo does not judge him; she accepts him as 
             -> 421 KB, 36.0s, uploaded
      n8: The relationship between Jo and Geof is the emotional heart of Act 2. They bicker like an old married couple, 
             -> 327 KB, 27.9s, uploaded
      n12: Helen’s return is devastating because it destroys the only functional relationship in the play. She does not r
             -> 326 KB, 27.8s, uploaded
      n14: Helen’s campaign against Geof is relentless. She calls him “an arty little freak” and “a bloody little pansy”,
             -> 338 KB, 28.8s, uploaded
      n20: The open ending is excellent material for the whole-play essay. Discuss how Delaney structures the ending to r
             -> 312 KB, 26.6s, uploaded
      n22: Geof’s “Oh well, the dream’s gone, but the baby’s real enough” marks the shift from Act 1’s romance to Act 2’s
             -> 150 KB, 12.8s, uploaded
      manifest updated (24 entries)
  L05 (Ollie)  Character Analysis
      n7: Helen’s moral ambiguity is central to Delaney’s project. The audience is never allowed to simply condemn Helen
             -> 318 KB, 27.1s, uploaded
      n8: Helen is one of the funniest characters in post-war British drama. Her one-liners are sharp, quick, and often 
             -> 366 KB, 31.2s, uploaded
      n12: Peter also represents the predatory male who preys on vulnerable women. Helen is older than him, which makes t
             -> 385 KB, 32.8s, uploaded
      n15: His absence in Act 2 is as significant as his presence in Act 1. He leaves a pregnant Jo alone, promising to r
             -> 385 KB, 32.9s, uploaded
      n21: In the exam, using character comparisons is an effective strategy in the essay. When asked about Jo, compare h
             -> 210 KB, 17.9s, uploaded
      manifest updated (26 entries)
  L06 (Ada)  Staging, Structure & Social Realism
      n19: For AO2, staging and structure are your most powerful tools. When the essay question asks about dramatic techn
             -> 290 KB, 24.8s, uploaded
      manifest updated (23 entries)
  L07 (Ollie)  Language & Dialogue
      n7: Consider this exchange from Act 2, Scene 1:
             -> 42 KB, 3.6s, uploaded
      n8: HELEN: “You’re man mad.” JO: “I’m like you.”
             -> 58 KB, 4.9s, uploaded
      n9: Jo takes Helen’s insult and turns it straight back, converting an attack into a judgement on the mother who ma
             -> 267 KB, 22.8s, uploaded
      n10: Helen’s wit is one of the play’s great pleasures, but it is also her most effective weapon. She uses humour to
             -> 266 KB, 22.7s, uploaded
      n13: If Helen’s language is defined by evasion, Jo’s is defined by directness . Jo says things that other character
             -> 375 KB, 32.0s, uploaded
      n17: Subtext is crucial in Delaney’s writing. The characters rarely say what they actually feel. When Jo mocks Hele
             -> 299 KB, 25.5s, uploaded
      manifest updated (27 entries)
  L08 (Ada)  Key Themes & Exam Technique
      n3: Delaney presents class not as a political argument but as a lived experience. She does not lecture the audienc
             -> 314 KB, 26.8s, uploaded
      n17: On AQA Paper 2, Section A, you answer ONE essay question on A Taste of Honey , chosen from two. It is worth 30
             -> 299 KB, 25.5s, uploaded
      n18: How the 30 marks split: AO2 12 marks (language, form, structure), AO1 12 marks (understanding, personal respon
             -> 248 KB, 21.1s, uploaded
      n19: Method: Argue one clear line across the whole play. Choose four or five well-chosen moments, quote them from m
             -> 222 KB, 19.0s, uploaded
      n21: To reach the top band on this essay, you need:
             -> 37 KB, 3.2s, uploaded
      n22: For AO2: Close analysis of specific language features. Don’t just identify techniques — explain their effects.
             -> 336 KB, 28.7s, uploaded
      n23: For AO1 and AO3: Choose your moments carefully — they should clearly connect to the question’s focus. Quote fr
             -> 290 KB, 24.8s, uploaded
      n25: For the AQA exam, memorise 10–12 key quotations that cover the major themes and characters. Each quotation sho
             -> 321 KB, 27.4s, uploaded
      n29: For the AQA exam: one closed-book essay on the whole play, 30 marks plus 4 for spelling, punctuation and gramm
             -> 223 KB, 19.0s, uploaded
      manifest updated (29 entries)

Regenerated 46 clips.

=== VERIFY (ranged GET + freshness) ===
  206  L01 n18  bytes 0-3/362592  Last-Modified: Wed, 02 Sep 2026 02:26:31 GMT  mp3-sync=OK
  206  L01 n20  bytes 0-3/104832  Last-Modified: Wed, 02 Sep 2026 02:26:33 GMT  mp3-sync=OK
  206  L02 n2  bytes 0-3/408096  Last-Modified: Wed, 02 Sep 2026 02:26:39 GMT  mp3-sync=OK
  206  L02 n4  bytes 0-3/224064  Last-Modified: Wed, 02 Sep 2026 02:26:43 GMT  mp3-sync=OK
  206  L02 n6  bytes 0-3/376416  Last-Modified: Wed, 02 Sep 2026 02:26:49 GMT  mp3-sync=OK
  206  L02 n7  bytes 0-3/317952  Last-Modified: Wed, 02 Sep 2026 02:26:53 GMT  mp3-sync=OK
  206  L02 n12  bytes 0-3/410976  Last-Modified: Wed, 02 Sep 2026 02:27:00 GMT  mp3-sync=OK
  206  L02 n15  bytes 0-3/317952  Last-Modified: Wed, 02 Sep 2026 02:27:04 GMT  mp3-sync=OK
  206  L02 n19  bytes 0-3/307584  Last-Modified: Wed, 02 Sep 2026 02:27:09 GMT  mp3-sync=OK
  206  L02 n22  bytes 0-3/124416  Last-Modified: Wed, 02 Sep 2026 02:27:11 GMT  mp3-sync=OK
  206  L03 n2  bytes 0-3/460512  Last-Modified: Wed, 02 Sep 2026 02:27:17 GMT  mp3-sync=OK
  206  L03 n3  bytes 0-3/302112  Last-Modified: Wed, 02 Sep 2026 02:27:22 GMT  mp3-sync=OK
  206  L03 n4  bytes 0-3/286848  Last-Modified: Wed, 02 Sep 2026 02:27:26 GMT  mp3-sync=OK
  206  L03 n7  bytes 0-3/310464  Last-Modified: Wed, 02 Sep 2026 02:27:31 GMT  mp3-sync=OK
  206  L03 n18  bytes 0-3/294912  Last-Modified: Wed, 02 Sep 2026 02:27:35 GMT  mp3-sync=OK
  206  L03 n20  bytes 0-3/150336  Last-Modified: Wed, 02 Sep 2026 02:27:39 GMT  mp3-sync=OK
  206  L04 n3  bytes 0-3/476928  Last-Modified: Wed, 02 Sep 2026 02:27:45 GMT  mp3-sync=OK
  206  L04 n4  bytes 0-3/252864  Last-Modified: Wed, 02 Sep 2026 02:27:49 GMT  mp3-sync=OK
  206  L04 n6  bytes 0-3/353088  Last-Modified: Wed, 02 Sep 2026 02:27:55 GMT  mp3-sync=OK
  206  L04 n7  bytes 0-3/431424  Last-Modified: Wed, 02 Sep 2026 02:28:01 GMT  mp3-sync=OK
  206  L04 n8  bytes 0-3/334944  Last-Modified: Wed, 02 Sep 2026 02:28:06 GMT  mp3-sync=OK
  206  L04 n12  bytes 0-3/333792  Last-Modified: Wed, 02 Sep 2026 02:28:11 GMT  mp3-sync=OK
  206  L04 n14  bytes 0-3/345600  Last-Modified: Wed, 02 Sep 2026 02:28:16 GMT  mp3-sync=OK
  206  L04 n20  bytes 0-3/319392  Last-Modified: Wed, 02 Sep 2026 02:28:20 GMT  mp3-sync=OK
  206  L04 n22  bytes 0-3/153504  Last-Modified: Wed, 02 Sep 2026 02:28:23 GMT  mp3-sync=OK
  206  L05 n7  bytes 0-3/325152  Last-Modified: Wed, 02 Sep 2026 02:28:28 GMT  mp3-sync=OK
  206  L05 n8  bytes 0-3/374400  Last-Modified: Wed, 02 Sep 2026 02:28:33 GMT  mp3-sync=OK
  206  L05 n12  bytes 0-3/393984  Last-Modified: Wed, 02 Sep 2026 02:28:39 GMT  mp3-sync=OK
  206  L05 n15  bytes 0-3/394272  Last-Modified: Wed, 02 Sep 2026 02:28:45 GMT  mp3-sync=OK
  206  L05 n21  bytes 0-3/214560  Last-Modified: Wed, 02 Sep 2026 02:28:48 GMT  mp3-sync=OK
  206  L06 n19  bytes 0-3/297216  Last-Modified: Wed, 02 Sep 2026 02:28:54 GMT  mp3-sync=OK
  206  L07 n7  bytes 0-3/43200  Last-Modified: Wed, 02 Sep 2026 02:28:55 GMT  mp3-sync=OK
  206  L07 n8  bytes 0-3/59328  Last-Modified: Wed, 02 Sep 2026 02:28:57 GMT  mp3-sync=OK
  206  L07 n9  bytes 0-3/273600  Last-Modified: Wed, 02 Sep 2026 02:29:01 GMT  mp3-sync=OK
  206  L07 n10  bytes 0-3/271872  Last-Modified: Wed, 02 Sep 2026 02:29:05 GMT  mp3-sync=OK
  206  L07 n13  bytes 0-3/384480  Last-Modified: Wed, 02 Sep 2026 02:29:11 GMT  mp3-sync=OK
  206  L07 n17  bytes 0-3/306432  Last-Modified: Wed, 02 Sep 2026 02:29:15 GMT  mp3-sync=OK
  206  L08 n3  bytes 0-3/321408  Last-Modified: Wed, 02 Sep 2026 02:29:20 GMT  mp3-sync=OK
  206  L08 n17  bytes 0-3/306432  Last-Modified: Wed, 02 Sep 2026 02:29:26 GMT  mp3-sync=OK
  206  L08 n18  bytes 0-3/253440  Last-Modified: Wed, 02 Sep 2026 02:29:30 GMT  mp3-sync=OK
  206  L08 n19  bytes 0-3/227808  Last-Modified: Wed, 02 Sep 2026 02:29:33 GMT  mp3-sync=OK
  206  L08 n21  bytes 0-3/38016  Last-Modified: Wed, 02 Sep 2026 02:29:35 GMT  mp3-sync=OK
  206  L08 n22  bytes 0-3/343872  Last-Modified: Wed, 02 Sep 2026 02:29:40 GMT  mp3-sync=OK
  206  L08 n23  bytes 0-3/297216  Last-Modified: Wed, 02 Sep 2026 02:29:44 GMT  mp3-sync=OK
  206  L08 n25  bytes 0-3/328896  Last-Modified: Wed, 02 Sep 2026 02:29:49 GMT  mp3-sync=OK
  206  L08 n29  bytes 0-3/228384  Last-Modified: Wed, 02 Sep 2026 02:29:52 GMT  mp3-sync=OK

46/46 clips verified HTTP 200/206 with fresh audio.
