
=== RE-NARRATION (changed narrated text only) ===
backup: C:\Users\tshau\Documents\Study Vault\scripts\_retrofc\units\sociology-eduqas__cultural-transmission-research-methods\_backup.json
unit:   sociology-eduqas / cultural-transmission-research-methods
run: 2026-09-06T09:39:56Z  mode: LIVE
  L04: no narrated field changed -> skip

3 lessons, 7 clips to regenerate

  L01 (Ollie)  Key Sociological Concepts and the Sociological Approach
      n19: On a 2-mark Define question, give a definition — not an example. Students often write “norms are like saying p
             -> 457 KB, 39.0s, uploaded
      manifest updated (23 entries)
  L05 (Ollie)  Sampling, Practical and Ethical Issues
      n11: The British Sociological Association (BSA) publishes ethical guidelines that professional sociologists are exp
             -> 190 KB, 16.2s, uploaded
      n14a: Key Fact . The four ethical issues required at GCSE are informed consent , confidentiality , harm to participa
             -> 205 KB, 17.5s, uploaded
      n19: A persistent error is to list “consent, confidentiality, harm” as three boxes to tick without reasoning about 
             -> 451 KB, 38.5s, uploaded
      n23: Four ethical issues: informed consent (voluntary agreement after full information), confidentiality (protectin
             -> 263 KB, 22.5s, uploaded
      manifest updated (25 entries)
  L06 (Ada)  Designing Sociological Research and Interpreting Data
      n14: When reading a line graph showing a trend over time, identify the direction of the trend (rising, falling, sta
             -> 546 KB, 46.6s, uploaded
      n17: Data-interpretation questions require precision at the description stage before any sociological explanation. 
             -> 584 KB, 49.8s, uploaded
      manifest updated (21 entries)

Regenerated 7 clips.

=== VERIFY (ranged GET + freshness) ===
  206  L01 n19  bytes 0-3/468288  Last-Modified: Sun, 06 Sep 2026 09:40:13 GMT  mp3-sync=OK
  206  L05 n11  bytes 0-3/194976  Last-Modified: Sun, 06 Sep 2026 09:40:19 GMT  mp3-sync=OK
  206  L05 n14a  bytes 0-3/209952  Last-Modified: Sun, 06 Sep 2026 09:40:25 GMT  mp3-sync=OK
  206  L05 n19  bytes 0-3/461376  Last-Modified: Sun, 06 Sep 2026 09:40:34 GMT  mp3-sync=OK
  206  L05 n23  bytes 0-3/269568  Last-Modified: Sun, 06 Sep 2026 09:40:39 GMT  mp3-sync=OK
  206  L06 n14  bytes 0-3/559584  Last-Modified: Sun, 06 Sep 2026 09:40:49 GMT  mp3-sync=OK
  206  L06 n17  bytes 0-3/597600  Last-Modified: Sun, 06 Sep 2026 09:40:59 GMT  mp3-sync=OK

7/7 clips verified HTTP 200/206 with fresh audio.
