=== APPLY EDITS design-technology-eduqas/electronic-mechanical-systems  17 edits  LIVE  2026-09-06T09:25:06.745Z
  ok   #0 L1.practice_questions[1].marks [LOW] F1: house rule bans the rubric phrase 'Award N marks for'; reworded, marks unchanged.
  PATCH L1: practice_questions
  ok   #1 L2.content_html [MEDIUM] F4: invented examiner claim removed; the teaching point is kept as an instruction.
  PATCH L2: content_html
  ok   #2 L3.content_html [MEDIUM] F6: a bell crank is a separate named linkage, not an application of a reverse motion linkage.
  ok   #3 L3.content_html [MEDIUM] F7: an escapement is not a cam mechanism; snail cams drive clock striking and day advance.
  ok   #4 L3.content_html [MEDIUM] F8: an eccentric cam gives continuous motion with no dwell, so it cannot hold an engine valve shut.
  ok   #5 L3.content_html [HIGH] F9: a pear cam has one dwell of about half a revolution and a smooth rise and fall.
  ok   #6 L3.knowledge_checks[0].options[0] [HIGH] F10: option 0 said the same thing as the keyed option 3, so a correct answer was marked wrong.
  ok   #7 L3.knowledge_checks[0].options[1] [HIGH] F10: removes a leaked authoring note and gives a real third-order distractor.
  ok   #8 L3.flashcard_questions[10].q [HIGH] F11: driver and driven were swapped, so the stored answer contradicted the question.
  ok   #9 L3.flashcard_questions[11].a [MEDIUM] F12: 'reverses the direction' is the opposite of the fact students must recall.
  SKIP #16 L3.practice_questions: bad path
  PATCH L3: content_html, knowledge_checks, flashcard_questions
  ok   #10 L4.content_html [MEDIUM] F15: method marks exist; the lesson's own mark schemes award a mark for correct setup.
  ok   #11 L4.exam_tip_html [MEDIUM] F16: same false marking claim as F15, and it contradicts question 4 in this lesson.
  ok   #12 L4.practice_questions[5].type [MEDIUM] F17: the itemised scheme can only award 8 marks, so the tariff is set to 8.
  ok   #13 L4.practice_questions[5].marks [MEDIUM] F17: 2+2+2+1 plus one of three alternative modification marks = 8, not 10.
  PATCH L4: content_html, exam_tip_html, practice_questions
  ok   #14 L5.content_html [MEDIUM] F18: shear cracks run diagonally, not vertically; vertical cracks are a bending failure.
  ok   #15 L5.content_html [MEDIUM] F19: LVL veneers all run in the same direction, so it is not an example of alternated grain.
  PATCH L5: content_html
=== 16 applied, 1 skipped, 5 lessons / 9 fields changed
