
=== RE-NARRATION (changed narrated text only) ===
backup: C:\Users\tshau\Documents\Study Vault\scripts\_retrofc\units\design-technology-eduqas__electronic-mechanical-systems\_backup.json
unit:   design-technology-eduqas / electronic-mechanical-systems
run: 2026-09-06T09:25:11Z  mode: LIVE
  L01: no narrated field changed -> skip

4 lessons, 9 clips to regenerate

  L02 (Ada)  Programmable Components and Microcontrollers
      n17: The ability to reprogram a microcontroller after the product is assembled brings several practical advantages.
             -> 112 KB, 9.6s, uploaded
      manifest updated (35 entries)
  L03 (Ollie)  Mechanical Devices and Types of Motion
      n14: A linkage is a set of rigid bars connected by pivots. Linkages transmit and transform motion within a mechanis
             -> 379 KB, 32.4s, uploaded
      n27: Snail (drop) cam — produces a slow rise followed by a sudden drop. Used in clock striking mechanisms and alarm
             -> 104 KB, 8.8s, uploaded
      n28: Eccentric (circular offset) cam — produces a smooth, regular rise and fall with no pause. Used in pumps and au
             -> 112 KB, 9.6s, uploaded
      n29: Pear-shaped cam — holds the follower still (a dwell) for about half a turn, then lifts it and lowers it smooth
             -> 118 KB, 10.0s, uploaded
      manifest updated (37 entries)
  L04 (Ada)  Mechanical Calculations: Levers, Gears and Pulleys
      n2: Mechanical calculations allow engineers to predict exactly how much force a lever can generate, how fast a dri
             -> 339 KB, 28.9s, uploaded
      n51: For 3-mark ‘Calculate’ questions, always use three clear steps: (1) write the formula, (2) substitute the numb
             -> 416 KB, 35.5s, uploaded
      manifest updated (55 entries)
  L05 (Ollie)  Forces, Stresses and Reinforcement
      n7: Shear is a cutting or sliding force where adjacent sections of a material tend to slide past each other. Sciss
             -> 215 KB, 18.3s, uploaded
      n15: Laminating layers of wood (as in plywood) with the grain alternated at 90° distributes forces in multiple dire
             -> 284 KB, 24.2s, uploaded
      manifest updated (31 entries)

Regenerated 9 clips.

=== VERIFY (ranged GET + freshness) ===
  206  L02 n17  bytes 0-3/114912  Last-Modified: Sun, 06 Sep 2026 09:25:17 GMT  mp3-sync=OK
  206  L03 n14  bytes 0-3/388512  Last-Modified: Sun, 06 Sep 2026 09:25:24 GMT  mp3-sync=OK
  206  L03 n27  bytes 0-3/105984  Last-Modified: Sun, 06 Sep 2026 09:25:26 GMT  mp3-sync=OK
  206  L03 n28  bytes 0-3/114624  Last-Modified: Sun, 06 Sep 2026 09:25:29 GMT  mp3-sync=OK
  206  L03 n29  bytes 0-3/120384  Last-Modified: Sun, 06 Sep 2026 09:25:32 GMT  mp3-sync=OK
  206  L04 n2  bytes 0-3/346752  Last-Modified: Sun, 06 Sep 2026 09:25:37 GMT  mp3-sync=OK
  206  L04 n51  bytes 0-3/425952  Last-Modified: Sun, 06 Sep 2026 09:25:44 GMT  mp3-sync=OK
  206  L05 n7  bytes 0-3/220032  Last-Modified: Sun, 06 Sep 2026 09:25:48 GMT  mp3-sync=OK
  206  L05 n15  bytes 0-3/290592  Last-Modified: Sun, 06 Sep 2026 09:25:53 GMT  mp3-sync=OK

9/9 clips verified HTTP 200/206 with fresh audio.
