
=== RE-NARRATION (changed narrated text only) ===
backup: C:\Users\tshau\Documents\Study Vault\scripts\_retrofc\units\english-literature-eduqas__the-curious-incident\_backup.json
unit:   english-literature-eduqas / the-curious-incident
run: 2026-09-02T22:52:25Z  mode: LIVE
  L02: no narrated field changed -> skip
  L03: no narrated field changed -> skip

6 lessons, 26 clips to regenerate

  L01 (Ollie)  Context: Neurodiversity & Narration
      n2: For your GCSE, the text you study is The Curious Incident of the Dog in the Night-Time as a playscript by Simo
             -> 348 KB, 29.7s, uploaded
      n4: Key Fact . The text examined at GCSE is the playscript by Simon Stephens (2012), not Mark Haddon's novel (2003
             -> 202 KB, 17.2s, uploaded
      n15: The production was a landmark achievement. It won seven Olivier Awards in 2013, including Best New Play — equa
             -> 410 KB, 34.9s, uploaded
      n19: In the written exam you will be given a short extract from the play. You must write about the extract and the 
             -> 379 KB, 32.3s, uploaded
      n20: The written exam gives you an extract from the play and asks you to write about it and the play as a whole. Th
             -> 356 KB, 30.4s, uploaded
      manifest updated (24 entries)
  L04 (Ada)  Truth & Resolution
      n3: In Simon Stephens's play, the A-level exam is staged literally : Christopher sits down to take it onstage, wit
             -> 305 KB, 26.0s, uploaded
      n4: Key Fact . The A-level Mathematics exam is staged literally onstage, with Reverend Peters as invigilator. Chri
             -> 203 KB, 17.3s, uploaded
      n7: This post-curtain maths sequence is unique to the play-text. It has no equivalent in performance. In Haddon's 
             -> 353 KB, 30.1s, uploaded
      n8: In Haddon's novel, there is a mathematical appendix printed at the back — a full proof that the reader can eng
             -> 570 KB, 48.6s, uploaded
      n10: The play's ending is fundamentally different from the novel's — and this difference is crucial. In Haddon's no
             -> 242 KB, 20.7s, uploaded
      n12: Key Fact . The play ends with Christopher asking Siobhan: 'Does that mean I can do anything Siobhan?' — a ques
             -> 297 KB, 25.4s, uploaded
      n18: The Arc of the Play: From Wellington to the A Grade
             -> 42 KB, 3.6s, uploaded
      n19: The play's two-act structure moves from a death — Wellington's murder — to a proof: Christopher's A-level resu
             -> 399 KB, 34.0s, uploaded
      n23: Christopher sits his A-level Maths exam onstage and achieves an A grade. Reverend Peters invigilates. This is 
             -> 115 KB, 9.8s, uploaded
      n25: The play ends with Christopher asking Siobhan 'Does that mean I can do anything Siobhan?' — a question, not th
             -> 145 KB, 12.4s, uploaded
      manifest updated (27 entries)
  L05 (Ollie)  Character Analysis
      n7: Mathematics represents Christopher's relationship to certainty. He says: 'Prime numbers is what is left when y
             -> 490 KB, 41.9s, uploaded
      manifest updated (33 entries)
  L06 (Ada)  Structure, Voice & Mathematical Form
      n3: This two-act structure is the primary formal difference between the play and Haddon's novel. The novel uses a 
             -> 443 KB, 37.8s, uploaded
      manifest updated (29 entries)
  L07 (Ollie)  Symbolism & Setting
      n24: Mathematics is not just a subject Christopher studies — it is his primary language for engaging with certainty
             -> 412 KB, 35.1s, uploaded
      manifest updated (32 entries)
  L08 (Ada)  Key Themes & Exam Technique
      n15: Context is AO3 in the assessment objectives. Note that the post-1914 prose and drama question is assessed on A
             -> 503 KB, 42.9s, uploaded
      n16: Key Quotations for the Exam
             -> 26 KB, 2.3s, uploaded
      n17: The following quotations are widely used in study of the play-text and are appropriate for the exam. All are f
             -> 116 KB, 9.9s, uploaded
      n21: ' Prime numbers is what is left when you have taken all the patterns away. ' — Christopher on mathematics. Use
             -> 134 KB, 11.4s, uploaded
      n26: The written exam question gives you a short extract from the play. You must analyse the extract and the play a
             -> 191 KB, 16.3s, uploaded
      n28: When you draw on context, focus on the play , not just the novel. Useful points include: Stephens's 2012 adapt
             -> 460 KB, 39.2s, uploaded
      n38: In the exam, always write 'Stephens presents' not 'Haddon presents'. Never mention chapters — use 'the play', 
             -> 499 KB, 42.6s, uploaded
      n36: The play ends with Christopher asking Siobhan a question ('Does that mean I can do anything?') — not the novel
             -> 135 KB, 11.5s, uploaded
      manifest updated (40 entries)

Regenerated 26 clips.

=== VERIFY (ranged GET + freshness) ===
  206  L01 n2  bytes 0-3/355968  Last-Modified: Wed, 02 Sep 2026 22:52:32 GMT  mp3-sync=OK
  206  L01 n4  bytes 0-3/206784  Last-Modified: Wed, 02 Sep 2026 22:52:36 GMT  mp3-sync=OK
  206  L01 n15  bytes 0-3/419328  Last-Modified: Wed, 02 Sep 2026 22:52:42 GMT  mp3-sync=OK
  206  L01 n19  bytes 0-3/387936  Last-Modified: Wed, 02 Sep 2026 22:52:48 GMT  mp3-sync=OK
  206  L01 n20  bytes 0-3/364608  Last-Modified: Wed, 02 Sep 2026 22:52:54 GMT  mp3-sync=OK
  206  L04 n3  bytes 0-3/312192  Last-Modified: Wed, 02 Sep 2026 22:52:58 GMT  mp3-sync=OK
  206  L04 n4  bytes 0-3/207648  Last-Modified: Wed, 02 Sep 2026 22:53:02 GMT  mp3-sync=OK
  206  L04 n7  bytes 0-3/361152  Last-Modified: Wed, 02 Sep 2026 22:53:08 GMT  mp3-sync=OK
  206  L04 n8  bytes 0-3/583200  Last-Modified: Wed, 02 Sep 2026 22:53:16 GMT  mp3-sync=OK
  206  L04 n10  bytes 0-3/248256  Last-Modified: Wed, 02 Sep 2026 22:53:20 GMT  mp3-sync=OK
  206  L04 n12  bytes 0-3/304416  Last-Modified: Wed, 02 Sep 2026 22:53:25 GMT  mp3-sync=OK
  206  L04 n18  bytes 0-3/43200  Last-Modified: Wed, 02 Sep 2026 22:53:27 GMT  mp3-sync=OK
  206  L04 n19  bytes 0-3/408096  Last-Modified: Wed, 02 Sep 2026 22:53:33 GMT  mp3-sync=OK
  206  L04 n23  bytes 0-3/118080  Last-Modified: Wed, 02 Sep 2026 22:53:35 GMT  mp3-sync=OK
  206  L04 n25  bytes 0-3/148608  Last-Modified: Wed, 02 Sep 2026 22:53:38 GMT  mp3-sync=OK
  206  L05 n7  bytes 0-3/502272  Last-Modified: Wed, 02 Sep 2026 22:53:46 GMT  mp3-sync=OK
  206  L06 n3  bytes 0-3/453888  Last-Modified: Wed, 02 Sep 2026 22:53:53 GMT  mp3-sync=OK
  206  L07 n24  bytes 0-3/421632  Last-Modified: Wed, 02 Sep 2026 22:53:59 GMT  mp3-sync=OK
  206  L08 n15  bytes 0-3/514656  Last-Modified: Wed, 02 Sep 2026 22:54:07 GMT  mp3-sync=OK
  206  L08 n16  bytes 0-3/27072  Last-Modified: Wed, 02 Sep 2026 22:54:08 GMT  mp3-sync=OK
  206  L08 n17  bytes 0-3/119232  Last-Modified: Wed, 02 Sep 2026 22:54:10 GMT  mp3-sync=OK
  206  L08 n21  bytes 0-3/136800  Last-Modified: Wed, 02 Sep 2026 22:54:13 GMT  mp3-sync=OK
  206  L08 n26  bytes 0-3/195552  Last-Modified: Wed, 02 Sep 2026 22:54:16 GMT  mp3-sync=OK
  206  L08 n28  bytes 0-3/470592  Last-Modified: Wed, 02 Sep 2026 22:54:23 GMT  mp3-sync=OK
  206  L08 n38  bytes 0-3/511200  Last-Modified: Wed, 02 Sep 2026 22:54:30 GMT  mp3-sync=OK
  206  L08 n36  bytes 0-3/138528  Last-Modified: Wed, 02 Sep 2026 22:54:33 GMT  mp3-sync=OK

26/26 clips verified HTTP 200/206 with fresh audio.
