
=== RE-NARRATION (changed narrated text only) ===
backup: C:\Users\tshau\Documents\Study Vault\scripts\_retrofc\units\religious-studies-aqa__theme-d-peace-conflict\_backup.json
unit:   religious-studies-aqa / theme-d-peace-conflict
run: 2026-09-06T05:01:55Z  mode: LIVE

3 lessons, 5 clips to regenerate

  L01 (Ollie)  Peace, Justice & Forgiveness
      n14: Some extremist groups claim religious justification for terrorism, but the vast majority of religious believer
             -> 351 KB, 30.0s, uploaded
      manifest updated (22 entries)
  L02 (Ada)  War: Just War, Holy War & Pacifism
      n5: The just war theory draws on the work of St Thomas Aquinas, who in the 13th century (Summa Theologiae II-II Q4
             -> 433 KB, 37.0s, uploaded
      n16: Islam does not have a strong pacifist tradition in the same way. The Qur’an permits self-defence, and Muhammad
             -> 284 KB, 24.2s, uploaded
      n19: Both Christians and Muslims argue that their faith promotes peace, not war. Where religious violence occurs, l
             -> 277 KB, 23.7s, uploaded
      manifest updated (26 entries)
  L03 (Ollie)  Weapons of Mass Destruction & Peacemaking
      n21: Other religious organisations involved in supporting victims of war include Christian Aid, CAFOD (Catholic Age
             -> 279 KB, 23.8s, uploaded
      manifest updated (26 entries)

Regenerated 5 clips.

=== VERIFY (ranged GET + freshness) ===
  206  L01 n14  bytes 0-3/359712  Last-Modified: Sun, 06 Sep 2026 05:02:05 GMT  mp3-sync=OK
  206  L02 n5  bytes 0-3/443520  Last-Modified: Sun, 06 Sep 2026 05:02:18 GMT  mp3-sync=OK
  206  L02 n16  bytes 0-3/290880  Last-Modified: Sun, 06 Sep 2026 05:02:26 GMT  mp3-sync=OK
  206  L02 n19  bytes 0-3/283968  Last-Modified: Sun, 06 Sep 2026 05:02:33 GMT  mp3-sync=OK
  206  L03 n21  bytes 0-3/285408  Last-Modified: Sun, 06 Sep 2026 05:02:43 GMT  mp3-sync=OK

5/5 clips verified HTTP 200/206 with fresh audio.
