=== APPLY EDITS l12-construction-built-environment/working-in-construction  39 edits  LIVE  2026-09-04T07:48:42.329Z
  ok   #0 L1.content_html [HIGH] F1: BS 7671 is non-statutory.
  ok   #1 L1.practice_questions[3].marks [HIGH] F2: Correct the electrical-safety answer key.
  ok   #2 L1.flashcard_questions[4].q [HIGH] F3: Do not present BS 7671 as an unconditional legal requirement.
  ok   #3 L1.flashcard_questions[4].a [HIGH] F3: State the standard accurately.
  PATCH L1: content_html, practice_questions, flashcard_questions
  ok   #4 L2.content_html [MEDIUM] F4: State the CDM duty without prescribing one measure for every site.
  ok   #5 L2.content_html [MEDIUM] F5: The Act does not extend to Northern Ireland.
  ok   #6 L2.content_html [MEDIUM] F5: Correct the Act’s territorial scope.
  ok   #7 L2.glossary_terms[2].definition [MEDIUM] F5: The Northern Ireland equivalent is different legislation.
  ok   #8 L2.knowledge_checks[0].q [MEDIUM] F5: Correct the Act’s territorial scope.
  ok   #9 L2.content_html [HIGH] F6: Do not assign regulations’ explicit duties to the 1974 Act alone.
  ok   #10 L2.content_html [HIGH] F6: Correct both the legal attribution and the count.
  ok   #11 L2.content_html [HIGH] F6: Keep the required duties but attribute them accurately.
  ok   #12 L2.conclusion_html [HIGH] F6: The listed duties are not all imposed by the Act alone.
  ok   #13 L2.practice_questions[3].text [HIGH] F6: Do not misattribute the whole duty list to one Act.
  ok   #14 L2.flashcard_questions[8].q [HIGH] F6: Do not misattribute the whole duty list to one Act.
  PATCH L2: content_html, glossary_terms, knowledge_checks, conclusion_html, practice_questions, flashcard_questions
  ok   #15 L3.content_html [HIGH] F7: Preserve the business-work legal requirement without outlawing permitted user tasks.
  ok   #16 L3.flashcard_questions[2].q [HIGH] F7: State the legal scope accurately.
  ok   #17 L3.content_html [HIGH] F8: NICEIC certifies businesses; it is not an accreditation every electrician must hold.
  ok   #18 L3.content_html [HIGH] F8: NICEIC certification applies to businesses rather than every individual electrician.
  ok   #19 L3.conclusion_html [HIGH] F7/F8: Correct the gas-work scope and NICEIC claim.
  ok   #20 L3.exam_tip_html [HIGH] F8/F9: NICEIC is one scheme, and isolation is normally the safe procedure.
  ok   #21 L3.practice_questions[0].text [HIGH] F8: NICEIC is a scheme, not a compulsory personal accreditation.
  ok   #22 L3.flashcard_questions[3].a [HIGH] F8: NICEIC assesses businesses, not every individual electrician.
  ok   #23 L3.glossary_terms[1].definition [HIGH] F8: NICEIC certification applies to businesses rather than every individual electrician.
  ok   #24 L3.content_html [MEDIUM] F9: Live electrical work is a tightly limited exception.
  ok   #25 L3.conclusion_html [MEDIUM] F9: Live electrical work is a tightly limited exception.
  ok   #26 L3.practice_questions[5].text [MEDIUM] F9: Do not imply that the repairs require live working.
  ok   #27 L3.knowledge_checks[1].q [MEDIUM] F9: Do not erase the limited legal exception for live electrical work.
  ok   #28 L3.content_html [MEDIUM] F10: Use the risk-based legal definition.
  ok   #29 L3.glossary_terms[3].definition [MEDIUM] F10: Use the risk-based legal definition.
  ok   #30 L3.content_html [MEDIUM] F11: A location is enclosed only when the relevant foreseeable risk exists.
  ok   #31 L3.content_html [HIGH] F12: Testing, monitoring and PPE follow the risk assessment.
  ok   #32 L3.content_html [HIGH] F13: Do not turn one rescue arrangement into a universal legal rule.
  ok   #33 L3.conclusion_html [HIGH] F13: Rescue arrangements must match the risk assessment.
  ok   #34 L3.exam_tip_html [HIGH] F13: Keep the legal rescue duty without prescribing a universal attendant.
  ok   #35 L3.flashcard_questions[9].q [HIGH] F13: State the risk-based rescue role.
  ok   #36 L3.flashcard_questions[9].a [HIGH] F13: State the risk-based rescue role.
  ok   #37 L3.content_html [MEDIUM] ADJ ruling (orchestrator): probability claim hedged to what HSE guidance supports.
  ok   #38 L3.content_html [MEDIUM] ADJ ruling (orchestrator): probability claim hedged to what HSE guidance supports.
  PATCH L3: content_html, flashcard_questions, conclusion_html, exam_tip_html, practice_questions, glossary_terms, knowledge_checks
=== 39 applied, 0 skipped, 3 lessons / 16 fields changed
