
=== RE-NARRATION (changed narrated text only) ===
backup: C:\Users\tshau\Documents\Study Vault\scripts\_retrofc\units\l12-construction-built-environment__working-in-construction\_backup.json
unit:   l12-construction-built-environment / working-in-construction
run: 2026-09-04T07:48:44Z  mode: LIVE

3 lessons, 14 clips to regenerate

  L01 (Ollie)  Construction Trades and Careers
      n14: An electrician installs, inspects and tests electrical services and equipment throughout a building. This incl
             -> 443 KB, 37.8s, uploaded
      manifest updated (27 entries)
  L02 (Ada)  Health and Safety Law and Risk
      n5: Employers have a legal responsibility for the safe operation of construction sites. They are accountable for t
             -> 390 KB, 33.3s, uploaded
      n13: The Health and Safety at Work Act (1974) is the main workplace safety law in Great Britain. It places clear du
             -> 506 KB, 43.1s, uploaded
      n14: Key Fact . Under health and safety regulations, employers must: prepare risk assessments; decide on control me
             -> 220 KB, 18.8s, uploaded
      n22: Health and safety regulations require employers to assess risks, implement control measures, monitor hazards, 
             -> 197 KB, 16.8s, uploaded
      manifest updated (22 entries)
  L03 (Ollie)  Working Safely on Site
      n8: Gas, water and electricity are the three services that run through almost every building, and each one present
             -> 439 KB, 37.5s, uploaded
      n9: Regardless of the type of service, workers must follow appropriate working practices, safety procedures and pr
             -> 629 KB, 53.6s, uploaded
      n16: An enclosed space is a fully or partly enclosed place where there is a foreseeable risk of serious injury from
             -> 290 KB, 24.8s, uploaded
      n17: The main risks in enclosed spaces are: exposure to fumes from solvents, adhesives or welding, which can build 
             -> 527 KB, 45.0s, uploaded
      n18: Crucially, there must always be rescue arrangements in place before anyone enters an enclosed space. This usua
             -> 334 KB, 28.5s, uploaded
      n19: Oxygen-deficient or fume-filled atmospheres can incapacitate a person within seconds of entry. An untrained by
             -> 466 KB, 39.8s, uploaded
      n20: Questions on PPE often ask about employer duties — make sure you cover all three (assess, select, train and su
             -> 500 KB, 42.6s, uploaded
      n23: Gas work done as part of a business requires Gas Safe registration; electrical work must be carried out by com
             -> 170 KB, 14.5s, uploaded
      n25: Enclosed spaces carry risks of fumes, reduced oxygen, flooding, fire/explosion and entrapment; suitable rescue
             -> 119 KB, 10.2s, uploaded
      manifest updated (25 entries)

Regenerated 14 clips.

=== VERIFY (ranged GET + freshness) ===
  206  L01 n14  bytes 0-3/453600  Last-Modified: Fri, 04 Sep 2026 07:48:53 GMT  mp3-sync=OK
  206  L02 n5  bytes 0-3/399456  Last-Modified: Fri, 04 Sep 2026 07:48:59 GMT  mp3-sync=OK
  206  L02 n13  bytes 0-3/517824  Last-Modified: Fri, 04 Sep 2026 07:49:06 GMT  mp3-sync=OK
  206  L02 n14  bytes 0-3/225504  Last-Modified: Fri, 04 Sep 2026 07:49:09 GMT  mp3-sync=OK
  206  L02 n22  bytes 0-3/201888  Last-Modified: Fri, 04 Sep 2026 07:49:12 GMT  mp3-sync=OK
  206  L03 n8  bytes 0-3/449568  Last-Modified: Fri, 04 Sep 2026 07:49:19 GMT  mp3-sync=OK
  206  L03 n9  bytes 0-3/643680  Last-Modified: Fri, 04 Sep 2026 07:49:29 GMT  mp3-sync=OK
  206  L03 n16  bytes 0-3/297216  Last-Modified: Fri, 04 Sep 2026 07:49:34 GMT  mp3-sync=OK
  206  L03 n17  bytes 0-3/540000  Last-Modified: Fri, 04 Sep 2026 07:49:41 GMT  mp3-sync=OK
  206  L03 n18  bytes 0-3/342144  Last-Modified: Fri, 04 Sep 2026 07:49:47 GMT  mp3-sync=OK
  206  L03 n19  bytes 0-3/477216  Last-Modified: Fri, 04 Sep 2026 07:49:54 GMT  mp3-sync=OK
  206  L03 n20  bytes 0-3/511776  Last-Modified: Fri, 04 Sep 2026 07:50:01 GMT  mp3-sync=OK
  206  L03 n23  bytes 0-3/174240  Last-Modified: Fri, 04 Sep 2026 07:50:05 GMT  mp3-sync=OK
  206  L03 n25  bytes 0-3/121824  Last-Modified: Fri, 04 Sep 2026 07:50:07 GMT  mp3-sync=OK

14/14 clips verified HTTP 200/206 with fresh audio.
