=== APPLY EDITS english-literature-edexcel/anita-and-me  111 edits  LIVE  2026-09-02T08:19:51.306Z
  ok   #0 L1.content_html [MEDIUM] F15: the Windrush generation is Caribbean; South Asian migration was a separate, later wave.
  ok   #1 L1.content_html [HIGH] F2: fabricated quotation replaced with the verified line from p.10.
  ok   #2 L1.exam_tip_html [HIGH] F13: banned spec-code string.
  ok   #3 L1.flashcard_questions[6].q [MEDIUM] F15: the Kumars are not the Windrush generation.
  ok   #4 L1.flashcard_questions[9].a [HIGH] F2: fabricated quotation.
  ok   #5 L1.glossary_terms[1].definition [MEDIUM] F15: Windrush is Caribbean migration.
  ok   #6 L1.practice_questions[2].marks [HIGH] F1-F6: fabricated quotation removed from the mark scheme; band ladder left for the corpus queue.
  PATCH L1: content_html, exam_tip_html, flashcard_questions, glossary_terms, practice_questions
  ok   #7 L2.content_html [HIGH] F7: Papa has an office job and is promoted; the tyre factory is Roberto Rutter's.
  ok   #8 L2.content_html [HIGH] F9: Meena steals the charity tin; Anita is the one who takes sweets.
  ok   #9 L2.content_html [HIGH] F3: fabricated quotation replaced with the verified p.149-150 line.
  ok   #10 L2.content_html [HIGH] F2: fabricated quotation.
  ok   #11 L2.flashcard_questions[4].a [HIGH] F7: office job, not a factory.
  ok   #12 L2.flashcard_questions[4].q [HIGH] F7: office job, not a factory.
  ok   #13 L2.flashcard_questions[6].a [HIGH] F2: fabricated quotation.
  ok   #14 L2.flashcard_questions[7].a [HIGH] F3: fabricated quotation.
  ok   #15 L2.knowledge_checks[0].correct [HIGH] F9: the key marked the true answer wrong — Anita takes the sweets.
  ok   #16 L2.knowledge_checks[0].options[2] [HIGH] F9: Meena takes the charity tin.
  ok   #17 L2.knowledge_checks[2].options [HIGH] F2: options rebuilt on the real line.
  ok   #18 L2.knowledge_checks[2].q [HIGH] F2: item built on a fabricated quotation.
  ok   #19 L2.knowledge_checks[3].correct [HIGH] F3: new key index.
  ok   #20 L2.knowledge_checks[3].options [HIGH] F3: options rebuilt on the real line.
  ok   #21 L2.knowledge_checks[3].q [HIGH] F3: item built on a fabricated quotation.
  ok   #22 L2.practice_questions[0].marks [HIGH] F1-F6: fabricated quotation removed from the mark scheme; band ladder left for the corpus queue.
  PATCH L2: content_html, flashcard_questions, knowledge_checks, practice_questions
  ok   #23 L3.content_html [HIGH] F8: Roberto Rutter stays; Deirdre is the parent who leaves.
  ok   #24 L3.content_html [HIGH] F3: fabricated quotation.
  ok   #25 L3.flashcard_questions[4].a [HIGH] F3: fabricated quotation.
  ok   #26 L3.flashcard_questions[4].q [HIGH] F3: fabricated quotation.
  PATCH L3: content_html, flashcard_questions
  ok   #27 L4.conclusion_html [MEDIUM] F12: broken leg, not illness.
  ok   #28 L4.conclusion_html [HIGH] F1: fabricated quotation.
  ok   #29 L4.content_html [HIGH] F11: Nanima arrives before the accident, to help with baby Sunil.
  ok   #30 L4.content_html [MEDIUM] F12: broken leg, not illness.
  ok   #31 L4.content_html [MEDIUM] F12: the cause and the hospital stay are the facts a student needs.
  ok   #32 L4.content_html [MEDIUM] F12: broken leg, not illness.
  ok   #33 L4.content_html [MEDIUM] F12: broken leg, not illness.
  ok   #34 L4.content_html [HIGH] F11: order of events.
  ok   #35 L4.content_html [HIGH] F1: fabricated quotation.
  ok   #36 L4.content_html [HIGH] F1/F5/F6: three fabricated quotations in one sentence.
  ok   #37 L4.content_html [MEDIUM] F12: broken leg, not illness.
  ok   #38 L4.content_html [MEDIUM] F12: broken leg, not illness.
  ok   #39 L4.content_html [HIGH] F1: fabricated quotation.
  ok   #40 L4.content_html [HIGH] F1: Sam's real line is “This is our patch. Not some wogs' handout.”
  ok   #41 L4.content_html [MEDIUM] F12: broken leg, not illness.
  ok   #42 L4.description [MEDIUM] F12: it is a broken leg, not an illness.
  ok   #43 L4.exam_tip_html [HIGH] F14: AO2 is not assessed on the post-1914 essay.
  ok   #44 L4.exam_tip_html [MEDIUM] F12: broken leg, not illness.
  ok   #45 L4.flashcard_questions[0].q [HIGH] F1: fabricated quotation.
  ok   #46 L4.flashcard_questions[10].a [HIGH] F6: fabricated quotation.
  ok   #47 L4.flashcard_questions[4].q [LOW] F12: she is hospitalised.
  ok   #48 L4.flashcard_questions[5].q [MEDIUM] F12: broken leg, not illness.
  ok   #49 L4.knowledge_checks[0].options [HIGH] F1: all four options were invented lines; replaced with real ones, key index unchanged.
  ok   #50 L4.knowledge_checks[2].options[1] [MEDIUM] F12: broken leg, not illness.
  ok   #51 L4.knowledge_checks[4].left[1] [MEDIUM] F12: broken leg, not illness.
  ok   #52 L4.practice_questions[0].marks [HIGH] F1-F6: fabricated quotation removed from the mark scheme; band ladder left for the corpus queue.
  ok   #53 L4.practice_questions[2].text [MEDIUM] F12: broken leg, not illness.
  ok   #54 L4.practice_questions[4].marks [HIGH] F1-F6: fabricated quotation removed from the mark scheme; band ladder left for the corpus queue.
  PATCH L4: conclusion_html, content_html, description, exam_tip_html, flashcard_questions, knowledge_checks, practice_questions
  ok   #55 L5.conclusion_html [LOW] F17: no single rejection scene.
  ok   #56 L5.conclusion_html [HIGH] F10: eleven-plus and grammar school; the family moves.
  ok   #57 L5.content_html [MEDIUM] F12: broken leg, not illness.
  ok   #58 L5.content_html [HIGH] F4: fabricated quotation replaced with the verified p.149-150 line.
  ok   #59 L5.content_html [MEDIUM] F17: there is no single scene in which Meena walks away from Anita.
  ok   #60 L5.content_html [HIGH] F10: Meena passes the eleven-plus; the whole family moves out of Tollington.
  ok   #61 L5.content_html [HIGH] F5: fabricated quotation replaced with the verified p.303 line.
  ok   #62 L5.content_html [HIGH] F9/F10/F12: theft, exam and injury all corrected.
  ok   #63 L5.exam_tip_html [HIGH] F14: AO2 is not assessed on the post-1914 essay.
  ok   #64 L5.exam_tip_html [HIGH] F4: fabricated quotation.
  ok   #65 L5.flashcard_questions[0].a [HIGH] F4: fabricated quotation.
  ok   #66 L5.flashcard_questions[5].a [HIGH] F10: eleven-plus, not a scholarship.
  ok   #67 L5.flashcard_questions[5].q [HIGH] F10: eleven-plus, not a prize.
  ok   #68 L5.flashcard_questions[8].a [HIGH] F5: fabricated quotation.
  ok   #69 L5.flashcard_questions[8].q [HIGH] F5: fabricated quotation.
  ok   #70 L5.knowledge_checks[0].options[1] [HIGH] F10: eleven-plus, not a scholarship.
  ok   #71 L5.knowledge_checks[0].q [HIGH] F10: the whole family moves; the exam does not cause the move.
  ok   #72 L5.knowledge_checks[1].options [HIGH] F2-F4: every option was invented; key index 2 still holds.
  ok   #73 L5.practice_questions[0].marks [HIGH] F1-F6: fabricated quotation removed from the mark scheme; band ladder left for the corpus queue.
  ok   #74 L5.practice_questions[1].marks [HIGH] F1-F6: fabricated quotation removed from the mark scheme; band ladder left for the corpus queue.
  PATCH L5: conclusion_html, content_html, exam_tip_html, flashcard_questions, knowledge_checks, practice_questions
  ok   #75 L6.content_html [HIGH] F3: fabricated quotation.
  ok   #76 L6.content_html [MEDIUM] F11/F12: Nanima arrives before the accident, and it is a broken leg.
  ok   #77 L6.content_html [HIGH] F7: office job, not a factory.
  ok   #78 L6.content_html [HIGH] F8: Roberto stays; Deirdre leaves.
  ok   #79 L6.content_html [HIGH] F1: fabricated quotation.
  ok   #80 L6.content_html [HIGH] F4: fabricated quotation.
  ok   #81 L6.content_html [HIGH] F11: Nanima arrives before the accident.
  ok   #82 L6.content_html [HIGH] F10: eleven-plus, not a scholarship.
  ok   #83 L6.content_html [HIGH] F2: fabricated quotation.
  ok   #84 L6.flashcard_questions[0].a [HIGH] F2: fabricated quotation.
  ok   #85 L6.flashcard_questions[12].a [HIGH] F1: fabricated quotation.
  ok   #86 L6.flashcard_questions[1].a [HIGH] F4: fabricated quotation.
  ok   #87 L6.flashcard_questions[4].a [HIGH] F7: office job, not a factory.
  ok   #88 L6.flashcard_questions[4].q [HIGH] F7: office job, not a factory.
  ok   #89 L6.flashcard_questions[5].a [HIGH] F7: the novel does not say his qualifications were refused.
  ok   #90 L6.flashcard_questions[5].q [HIGH] F7: office job, not a factory.
  ok   #91 L6.flashcard_questions[6].q [HIGH] F11: Nanima arrives before the accident.
  ok   #92 L6.knowledge_checks[1].options [HIGH] F7: office job; the tyre factory is Roberto Rutter's. Key index 1 still holds.
  ok   #93 L6.knowledge_checks[1].q [HIGH] F7: the item asserted a false premise.
  ok   #94 L6.practice_questions[0].marks [HIGH] F1-F6: fabricated quotation removed from the mark scheme; band ladder left for the corpus queue.
  ok   #95 L6.practice_questions[3].marks [HIGH] F1-F6: fabricated quotation removed from the mark scheme; band ladder left for the corpus queue.
  PATCH L6: content_html, flashcard_questions, knowledge_checks, practice_questions
  ok   #96 L7.content_html [HIGH] F3: fabricated quotation.
  ok   #97 L7.content_html [HIGH] F1-F6: every quotation in the memorisation list was fabricated.
  ok   #98 L7.content_html [HIGH] F8: Deirdre is the parent who leaves.
  ok   #99 L7.content_html [MEDIUM] F7: the novel never says Papa's qualifications were refused.
  ok   #100 L7.content_html [HIGH] F4: fabricated quotation.
  ok   #101 L7.content_html [HIGH] F1: fabricated quotation.
  ok   #102 L7.flashcard_questions[11].a [HIGH] F6: fabricated quotation.
  ok   #103 L7.flashcard_questions[1].a [HIGH] F3: fabricated quotation.
  ok   #104 L7.flashcard_questions[1].q [HIGH] F3: fabricated quotation.
  ok   #105 L7.flashcard_questions[2].a [HIGH] F4: fabricated quotation.
  ok   #106 L7.flashcard_questions[5].a [MEDIUM] F7: unsupported textual example.
  ok   #107 L7.flashcard_questions[6].a [HIGH] F1: fabricated quotation.
  ok   #108 L7.knowledge_checks[0].q [HIGH] F13: banned spec-code string.
  ok   #109 L7.knowledge_checks[4].left [HIGH] F1/F3/F5: all three were invented; the right-hand meanings still match.
  ok   #110 L7.practice_questions[0].marks [HIGH] F1-F6: fabricated quotation removed from the mark scheme; band ladder left for the corpus queue.
  PATCH L7: content_html, flashcard_questions, knowledge_checks, practice_questions
=== 111 applied, 0 skipped, 7 lessons / 32 fields changed
