
=== RE-NARRATION (changed narrated text only) ===
backup: C:\Users\tshau\Documents\Study Vault\scripts\_retrofc\units\english-literature-edexcel__anita-and-me\_backup.json
unit:   english-literature-edexcel / anita-and-me
run: 2026-09-02T08:19:55Z  mode: LIVE

7 lessons, 41 clips to regenerate

  L01 (Ollie)  Context: 1960s/70s Britain & Immigration
      n13: Syal uses Meena’s child narrator voice to explore this tension with both humour and pathos. As Meena says, “th
             -> 193 KB, 16.5s, uploaded
      n18: In the post-1914 novel essay, you must integrate context (AO3) throughout your essay — never bolt it on as a s
             -> 342 KB, 29.2s, uploaded
      manifest updated (22 entries)
  L02 (Ada)  Part 1: Meena's World
      n6: Meena’s parents, known as Mama and Papa , are educated, dignified, and deeply committed to maintaining their P
             -> 342 KB, 29.2s, uploaded
      n11: Meena is a vivid, unreliable, and deeply engaging narrator. She is imaginative, impulsive, and prone to exagge
             -> 362 KB, 30.9s, uploaded
      n15: From the opening pages, Meena’s deepest wish is to belong. She watches the white children of Tollington with e
             -> 360 KB, 30.7s, uploaded
      n16: The early chapters are full of comic set pieces that establish Meena’s character. She steals the charity colle
             -> 316 KB, 27.0s, uploaded
      manifest updated (23 entries)
  L03 (Ollie)  Part 2: Anita Rutter
      n6: Meena’s attraction to Anita is rooted in her desire to escape the constraints of her dual identity. At home, s
             -> 372 KB, 31.7s, uploaded
      n8: Anita’s home life is the dark mirror of Meena’s. While the Kumar household is warm, structured, and loving, th
             -> 367 KB, 31.3s, uploaded
      manifest updated (23 entries)
  L04 (Ada)  Part 3: Growing Apart
      n2: In the first half of the novel, the racism Meena encounters is mostly subtle — whispered comments, awkward sil
             -> 325 KB, 27.7s, uploaded
      n3: This moment is devastating for Meena because it shatters her illusion of belonging. She has spent the novel tr
             -> 284 KB, 24.3s, uploaded
      n4: Key Fact . Sam Lowbridge’s outburst at the village fete — “This is our patch” — is the novel’s most explicit m
             -> 197 KB, 16.8s, uploaded
      n10: Meena’s Broken Leg
             -> 22 KB, 1.9s, uploaded
      n11: A major turning point in the novel is Meena’s broken leg. She finds out at the stables that Anita is going out
             -> 368 KB, 31.4s, uploaded
      n12: During her recovery, Meena starts to question the friendship with Anita and to recognise the racism she has be
             -> 208 KB, 17.7s, uploaded
      n13: Key Fact . Meena’s broken leg is both a literal event and a metaphor. It removes her from Anita’s influence, f
             -> 211 KB, 18.0s, uploaded
      n15: The arrival of Nanima (Meena’s maternal grandmother), who comes from India to help with the new baby Sunil, is
             -> 324 KB, 27.7s, uploaded
      n16: Nanima arrives before the accident and is still in England while Meena recovers, so the two changes work toget
             -> 287 KB, 24.5s, uploaded
      n17: The middle section of the novel sees Meena in full identity crisis . She has tried to be English and been reje
             -> 317 KB, 27.0s, uploaded
      n19: The middle section of the novel is rich in turning points. In the exam, structure your essay around these shif
             -> 346 KB, 29.5s, uploaded
      n21: Sam Lowbridge’s outburst at the fete — “This is our patch” — is the novel’s turning point, forcing Meena to co
             -> 123 KB, 10.5s, uploaded
      n22: Meena’s broken leg creates a structural pause that allows reflection and marks the beginning of her maturation
             -> 76 KB, 6.5s, uploaded
      manifest updated (23 entries)
  L05 (Ollie)  Part 4: The Ending
      n2: As Meena matures through her time in hospital and Nanima’s visit, she begins to see Anita clearly for the firs
             -> 386 KB, 33.0s, uploaded
      n6: Meena’s break with Anita builds across the last part of the novel. After months of following, accommodating, a
             -> 223 KB, 19.0s, uploaded
      n7: Syal presents this rejection as the climax of Meena’s coming-of-age journey. By rejecting Anita, Meena is not 
             -> 358 KB, 30.6s, uploaded
      n11: The novel ends with Meena passing the eleven-plus and winning a grammar school place — the scholarship her par
             -> 333 KB, 28.4s, uploaded
      n15: As a Bildungsroman , the novel traces a clear arc: from innocence (the early comic chapters) through experienc
             -> 295 KB, 25.1s, uploaded
      n17: The retrospective narration — the adult Meena looking back — gives the ending an additional layer of meaning. 
             -> 228 KB, 19.4s, uploaded
      n18: The ending of any novel is a favourite topic in literature exams. Be prepared to discuss what Meena has learne
             -> 339 KB, 28.9s, uploaded
      n20: Meena’s break with Anita represents her rejection of the need to belong on someone else’s terms — a pivotal st
             -> 87 KB, 7.4s, uploaded
      n21: The grammar school place and the family’s departure from Tollington resolve the identity conflict: Meena embra
             -> 103 KB, 8.8s, uploaded
      manifest updated (22 entries)
  L06 (Ada)  Character Analysis
      n3: As a narrator, Meena is unreliable and self-aware: “those of us deprived of history sometimes need to turn to 
             -> 369 KB, 31.5s, uploaded
      n4: Key Fact . Meena develops from a child who desperately wants to be accepted (“too Indian to be a real Tollingt
             -> 206 KB, 17.6s, uploaded
      n7: Syal presents Anita with nuance. She is not simply a villain — she is a victim of her circumstances. Her mothe
             -> 329 KB, 28.1s, uploaded
      n9: Papa (Shyam Kumar) is educated, principled, and hardworking. He works in an office job that he never talks abo
             -> 340 KB, 29.0s, uploaded
      n11: Meena’s grandmother arrives from India to help with the new baby, and her visit is a catalyst for change. Nani
             -> 321 KB, 27.4s, uploaded
      n13: Key Fact . Nanima functions as both a character and a symbol. As a character, she gives Meena warmth and atten
             -> 192 KB, 16.4s, uploaded
      n15: Sam is the novel’s most explicitly racist character. An older teenager from a deprived background, he represen
             -> 325 KB, 27.7s, uploaded
      manifest updated (22 entries)
  L07 (Ollie)  Key Themes & Exam Technique
      n2: The central theme of Anita and Me is the search for identity. Meena spends most of the novel caught between tw
             -> 385 KB, 32.9s, uploaded
      n6: Racism in the novel operates on multiple levels. There is the institutional racism that leaves an educated man
             -> 317 KB, 27.1s, uploaded
      n12: In contrast, the Rutter family represents what happens when these structures collapse. Deirdre’s desertion, th
             -> 247 KB, 21.1s, uploaded
      n23: Key quotations to memorise: “those of us deprived of history sometimes need to turn to mythology to feel compl
             -> 394 KB, 33.6s, uploaded
      manifest updated (28 entries)

Regenerated 41 clips.

=== VERIFY (ranged GET + freshness) ===
  206  L01 n13  bytes 0-3/197568  Last-Modified: Wed, 02 Sep 2026 08:19:59 GMT  mp3-sync=OK
  206  L01 n18  bytes 0-3/350496  Last-Modified: Wed, 02 Sep 2026 08:20:05 GMT  mp3-sync=OK
  206  L02 n6  bytes 0-3/350208  Last-Modified: Wed, 02 Sep 2026 08:20:10 GMT  mp3-sync=OK
  206  L02 n11  bytes 0-3/370944  Last-Modified: Wed, 02 Sep 2026 08:20:15 GMT  mp3-sync=OK
  206  L02 n15  bytes 0-3/368640  Last-Modified: Wed, 02 Sep 2026 08:20:20 GMT  mp3-sync=OK
  206  L02 n16  bytes 0-3/324000  Last-Modified: Wed, 02 Sep 2026 08:20:25 GMT  mp3-sync=OK
  206  L03 n6  bytes 0-3/380448  Last-Modified: Wed, 02 Sep 2026 08:20:31 GMT  mp3-sync=OK
  206  L03 n8  bytes 0-3/375840  Last-Modified: Wed, 02 Sep 2026 08:20:36 GMT  mp3-sync=OK
  206  L04 n2  bytes 0-3/332352  Last-Modified: Wed, 02 Sep 2026 08:20:41 GMT  mp3-sync=OK
  206  L04 n3  bytes 0-3/291168  Last-Modified: Wed, 02 Sep 2026 08:20:46 GMT  mp3-sync=OK
  206  L04 n4  bytes 0-3/201312  Last-Modified: Wed, 02 Sep 2026 08:20:50 GMT  mp3-sync=OK
  206  L04 n10  bytes 0-3/22176  Last-Modified: Wed, 02 Sep 2026 08:20:51 GMT  mp3-sync=OK
  206  L04 n11  bytes 0-3/376704  Last-Modified: Wed, 02 Sep 2026 08:20:56 GMT  mp3-sync=OK
  206  L04 n12  bytes 0-3/212544  Last-Modified: Wed, 02 Sep 2026 08:21:00 GMT  mp3-sync=OK
  206  L04 n13  bytes 0-3/216000  Last-Modified: Wed, 02 Sep 2026 08:21:04 GMT  mp3-sync=OK
  206  L04 n15  bytes 0-3/332064  Last-Modified: Wed, 02 Sep 2026 08:21:10 GMT  mp3-sync=OK
  206  L04 n16  bytes 0-3/294336  Last-Modified: Wed, 02 Sep 2026 08:21:14 GMT  mp3-sync=OK
  206  L04 n17  bytes 0-3/324288  Last-Modified: Wed, 02 Sep 2026 08:21:19 GMT  mp3-sync=OK
  206  L04 n19  bytes 0-3/354528  Last-Modified: Wed, 02 Sep 2026 08:21:25 GMT  mp3-sync=OK
  206  L04 n21  bytes 0-3/125568  Last-Modified: Wed, 02 Sep 2026 08:21:28 GMT  mp3-sync=OK
  206  L04 n22  bytes 0-3/77760  Last-Modified: Wed, 02 Sep 2026 08:21:29 GMT  mp3-sync=OK
  206  L05 n2  bytes 0-3/395712  Last-Modified: Wed, 02 Sep 2026 08:21:36 GMT  mp3-sync=OK
  206  L05 n6  bytes 0-3/228096  Last-Modified: Wed, 02 Sep 2026 08:21:40 GMT  mp3-sync=OK
  206  L05 n7  bytes 0-3/366912  Last-Modified: Wed, 02 Sep 2026 08:21:45 GMT  mp3-sync=OK
  206  L05 n11  bytes 0-3/340704  Last-Modified: Wed, 02 Sep 2026 08:21:50 GMT  mp3-sync=OK
  206  L05 n15  bytes 0-3/301824  Last-Modified: Wed, 02 Sep 2026 08:21:54 GMT  mp3-sync=OK
  206  L05 n17  bytes 0-3/232992  Last-Modified: Wed, 02 Sep 2026 08:21:58 GMT  mp3-sync=OK
  206  L05 n18  bytes 0-3/347328  Last-Modified: Wed, 02 Sep 2026 08:22:03 GMT  mp3-sync=OK
  206  L05 n20  bytes 0-3/88704  Last-Modified: Wed, 02 Sep 2026 08:22:05 GMT  mp3-sync=OK
  206  L05 n21  bytes 0-3/105408  Last-Modified: Wed, 02 Sep 2026 08:22:07 GMT  mp3-sync=OK
  206  L06 n3  bytes 0-3/377856  Last-Modified: Wed, 02 Sep 2026 08:22:15 GMT  mp3-sync=OK
  206  L06 n4  bytes 0-3/210816  Last-Modified: Wed, 02 Sep 2026 08:22:18 GMT  mp3-sync=OK
  206  L06 n7  bytes 0-3/337248  Last-Modified: Wed, 02 Sep 2026 08:22:23 GMT  mp3-sync=OK
  206  L06 n9  bytes 0-3/348480  Last-Modified: Wed, 02 Sep 2026 08:22:28 GMT  mp3-sync=OK
  206  L06 n11  bytes 0-3/328896  Last-Modified: Wed, 02 Sep 2026 08:22:33 GMT  mp3-sync=OK
  206  L06 n13  bytes 0-3/196704  Last-Modified: Wed, 02 Sep 2026 08:22:37 GMT  mp3-sync=OK
  206  L06 n15  bytes 0-3/332352  Last-Modified: Wed, 02 Sep 2026 08:22:43 GMT  mp3-sync=OK
  206  L07 n2  bytes 0-3/394272  Last-Modified: Wed, 02 Sep 2026 08:22:50 GMT  mp3-sync=OK
  206  L07 n6  bytes 0-3/324576  Last-Modified: Wed, 02 Sep 2026 08:22:54 GMT  mp3-sync=OK
  206  L07 n12  bytes 0-3/253152  Last-Modified: Wed, 02 Sep 2026 08:22:58 GMT  mp3-sync=OK
  206  L07 n23  bytes 0-3/403488  Last-Modified: Wed, 02 Sep 2026 08:23:04 GMT  mp3-sync=OK

41/41 clips verified HTTP 200/206 with fresh audio.
