
=== RE-NARRATION (changed narrated text only) ===
backup: C:\Users\tshau\Documents\Study Vault\scripts\_retrofc\units\religious-studies-eduqas__islam\_backup.json
unit:   religious-studies-eduqas / islam
run: 2026-09-06T08:46:37Z  mode: LIVE

2 lessons, 4 clips to regenerate

  L02 (Ada)  The Five Pillars of Sunni Islam
      n15: Hajj is the fifth Pillar — a pilgrimage to Mecca in Saudi Arabia that every Muslim who is physically able and 
             -> 358 KB, 30.6s, uploaded
      n16: Before they reach Mecca, at boundary points called miqat , pilgrims enter a state of ritual purity ( ihram ). 
             -> 602 KB, 51.3s, uploaded
      n22: Hajj to Mecca is obligatory for those able to undertake it. Pilgrims wear plain ihram dress, removing all dist
             -> 167 KB, 14.2s, uploaded
      manifest updated (22 entries)
  L03 (Ollie)  Prophethood, Akhirah and Muslim Identity
      n12: Akhirah means ‘the hereafter’ or life after death. It is one of the most important Islamic beliefs and shapes 
             -> 426 KB, 36.3s, uploaded
      manifest updated (29 entries)

Regenerated 4 clips.

=== VERIFY (ranged GET + freshness) ===
  206  L02 n15  bytes 0-3/366912  Last-Modified: Sun, 06 Sep 2026 08:46:46 GMT  mp3-sync=OK
  206  L02 n16  bytes 0-3/616032  Last-Modified: Sun, 06 Sep 2026 08:46:54 GMT  mp3-sync=OK
  206  L02 n22  bytes 0-3/170784  Last-Modified: Sun, 06 Sep 2026 08:46:57 GMT  mp3-sync=OK
  206  L03 n12  bytes 0-3/436032  Last-Modified: Sun, 06 Sep 2026 08:47:04 GMT  mp3-sync=OK

4/4 clips verified HTTP 200/206 with fresh audio.
