=== APPLY EDITS religious-studies-edexcel/paper-1-christianity  42 edits  LIVE  2026-09-06T05:32:37.729Z
  ok   #0 L1.content_html [MEDIUM] F1: Edexcel Paper 1 (d) uses the command word Evaluate; Discuss is not an Edexcel command word (spec Appendix 
  ok   #1 L1.exam_tip_html [MEDIUM] F1: Edexcel Paper 1 (d) uses the command word Evaluate; Discuss is not an Edexcel command word (spec Appendix 
  ok   #9 L1.practice_questions[4].text [MEDIUM] F1: Edexcel Paper 1 (d) uses the command word Evaluate; Discuss is not an Edexcel command word (spec Appendix 
  ok   #10 L1.practice_questions[4].type [MEDIUM] F1: Edexcel Paper 1 (d) uses the command word Evaluate; Discuss is not an Edexcel command word (spec Appendix 
  ok   #21 L1.practice_questions[1].text [MEDIUM] F2: Paper 1 has four questions, one per section, parts (a) Outline three 3 marks, (b) Explain two 4, (c) Expla
  ok   #22 L1.practice_questions[1].type [MEDIUM] F2: Paper 1 has four questions, one per section, parts (a) Outline three 3 marks, (b) Explain two 4, (c) Expla
  PATCH L1: content_html, exam_tip_html, practice_questions
  ok   #2 L2.content_html [MEDIUM] F1: Edexcel Paper 1 (d) uses the command word Evaluate; Discuss is not an Edexcel command word (spec Appendix 
  ok   #3 L2.exam_tip_html [MEDIUM] F1: Edexcel Paper 1 (d) uses the command word Evaluate; Discuss is not an Edexcel command word (spec Appendix 
  ok   #11 L2.practice_questions[4].text [MEDIUM] F1: Edexcel Paper 1 (d) uses the command word Evaluate; Discuss is not an Edexcel command word (spec Appendix 
  ok   #12 L2.practice_questions[4].type [MEDIUM] F1: Edexcel Paper 1 (d) uses the command word Evaluate; Discuss is not an Edexcel command word (spec Appendix 
  ok   #23 L2.practice_questions[1].text [MEDIUM] F2: Paper 1 has four questions, one per section, parts (a) Outline three 3 marks, (b) Explain two 4, (c) Expla
  ok   #24 L2.practice_questions[1].type [MEDIUM] F2: Paper 1 has four questions, one per section, parts (a) Outline three 3 marks, (b) Explain two 4, (c) Expla
  ok   #33 L2.exam_tip_html [MEDIUM] F3: invented examiner claim removed; the (d) question's own instructions require arguments both ways.
  ok   #34 L2.content_html [MEDIUM] F4: spec 1.5 names John 3:10-21 (with Acts 4:8-12) as the salvation passage, not John 3:16-21.
  ok   #35 L2.content_html [MEDIUM] F4: spec 1.5 names John 3:10-21 (with Acts 4:8-12) as the salvation passage, not John 3:16-21.
  ok   #36 L2.conclusion_html [MEDIUM] F4: spec 1.5 names John 3:10-21 (with Acts 4:8-12) as the salvation passage, not John 3:16-21.
  ok   #37 L2.exam_tip_html [MEDIUM] F4: spec 1.5 names John 3:10-21 (with Acts 4:8-12) as the salvation passage, not John 3:16-21.
  PATCH L2: content_html, exam_tip_html, practice_questions, conclusion_html
  ok   #4 L3.exam_tip_html [MEDIUM] F1: Edexcel Paper 1 (d) uses the command word Evaluate; Discuss is not an Edexcel command word (spec Appendix 
  ok   #13 L3.practice_questions[4].text [MEDIUM] F1: Edexcel Paper 1 (d) uses the command word Evaluate; Discuss is not an Edexcel command word (spec Appendix 
  ok   #14 L3.practice_questions[4].type [MEDIUM] F1: Edexcel Paper 1 (d) uses the command word Evaluate; Discuss is not an Edexcel command word (spec Appendix 
  ok   #25 L3.practice_questions[1].text [MEDIUM] F2: Paper 1 has four questions, one per section, parts (a) Outline three 3 marks, (b) Explain two 4, (c) Expla
  ok   #26 L3.practice_questions[1].type [MEDIUM] F2: Paper 1 has four questions, one per section, parts (a) Outline three 3 marks, (b) Explain two 4, (c) Expla
  ok   #38 L3.content_html [MEDIUM] F5: the starred comparison (1.6*) is with another religion practised in Great Britain. Catholic Christianity i
  PATCH L3: exam_tip_html, practice_questions, content_html
  ok   #5 L4.exam_tip_html [MEDIUM] F1: Edexcel Paper 1 (d) uses the command word Evaluate; Discuss is not an Edexcel command word (spec Appendix 
  ok   #15 L4.practice_questions[4].text [MEDIUM] F1: Edexcel Paper 1 (d) uses the command word Evaluate; Discuss is not an Edexcel command word (spec Appendix 
  ok   #16 L4.practice_questions[4].type [MEDIUM] F1: Edexcel Paper 1 (d) uses the command word Evaluate; Discuss is not an Edexcel command word (spec Appendix 
  ok   #27 L4.practice_questions[1].text [MEDIUM] F2: Paper 1 has four questions, one per section, parts (a) Outline three 3 marks, (b) Explain two 4, (c) Expla
  ok   #28 L4.practice_questions[1].type [MEDIUM] F2: Paper 1 has four questions, one per section, parts (a) Outline three 3 marks, (b) Explain two 4, (c) Expla
  ok   #39 L4.content_html [MEDIUM] F6: Article XXVIII does not leave the question open. It rejects transubstantiation and states the body of Chri
  PATCH L4: exam_tip_html, practice_questions, content_html
  ok   #6 L5.exam_tip_html [MEDIUM] F1: Edexcel Paper 1 (d) uses the command word Evaluate; Discuss is not an Edexcel command word (spec Appendix 
  ok   #17 L5.practice_questions[4].text [MEDIUM] F1: Edexcel Paper 1 (d) uses the command word Evaluate; Discuss is not an Edexcel command word (spec Appendix 
  ok   #18 L5.practice_questions[4].type [MEDIUM] F1: Edexcel Paper 1 (d) uses the command word Evaluate; Discuss is not an Edexcel command word (spec Appendix 
  ok   #29 L5.practice_questions[1].text [MEDIUM] F2: Paper 1 has four questions, one per section, parts (a) Outline three 3 marks, (b) Explain two 4, (c) Expla
  ok   #30 L5.practice_questions[1].type [MEDIUM] F2: Paper 1 has four questions, one per section, parts (a) Outline three 3 marks, (b) Explain two 4, (c) Expla
  ok   #41 L5.practice_questions[4].marks [MEDIUM] F8: Taize receives over 100,000 young people a year (Taize Community / Wikipedia), not hundreds of thousands.
  PATCH L5: exam_tip_html, practice_questions
  ok   #7 L6.content_html [MEDIUM] F1: Edexcel Paper 1 (d) uses the command word Evaluate; Discuss is not an Edexcel command word (spec Appendix 
  ok   #8 L6.exam_tip_html [MEDIUM] F1: Edexcel Paper 1 (d) uses the command word Evaluate; Discuss is not an Edexcel command word (spec Appendix 
  ok   #19 L6.practice_questions[4].text [MEDIUM] F1: Edexcel Paper 1 (d) uses the command word Evaluate; Discuss is not an Edexcel command word (spec Appendix 
  ok   #20 L6.practice_questions[4].type [MEDIUM] F1: Edexcel Paper 1 (d) uses the command word Evaluate; Discuss is not an Edexcel command word (spec Appendix 
  ok   #31 L6.practice_questions[1].text [MEDIUM] F2: Paper 1 has four questions, one per section, parts (a) Outline three 3 marks, (b) Explain two 4, (c) Expla
  ok   #32 L6.practice_questions[1].type [MEDIUM] F2: Paper 1 has four questions, one per section, parts (a) Outline three 3 marks, (b) Explain two 4, (c) Expla
  ok   #40 L6.exam_tip_html [HIGH] F7: the paper sets four questions, one per section, each with parts (a) to (d). Sections 3 and 4 are not limit
  PATCH L6: content_html, exam_tip_html, practice_questions
=== 42 applied, 0 skipped, 6 lessons / 18 fields changed
