
=== RE-NARRATION (changed narrated text only) ===
backup: C:\Users\tshau\Documents\Study Vault\scripts\_retrofc\units\religious-studies-edexcel__paper-1-christianity\_backup.json
unit:   religious-studies-edexcel / paper-1-christianity
run: 2026-09-06T05:32:42Z  mode: LIVE

6 lessons, 13 clips to regenerate

  L01 (Ollie)  The Trinity, Creation and the Incarnation
      n7: All mainstream Christian traditions affirm the Trinity, but there are differences in emphasis. Catholic and Or
             -> 647 KB, 55.2s, uploaded
      n15: For the 5-mark ‘Explain two … including a reference to a source of wisdom and authority’ question, you must na
             -> 592 KB, 50.5s, uploaded
      manifest updated (19 entries)
  L02 (Ada)  The Last Days of Jesus, Salvation and Atonement
      n7: Atonement means making amends for wrongdoing; in Christianity it refers to how Jesus’s death restores the brok
             -> 748 KB, 63.8s, uploaded
      n13: Key Fact . John 3:10–21 (Jesus speaks to Nicodemus) teaches that those who believe in the Son of God will not 
             -> 390 KB, 33.2s, uploaded
      n17: When answering a 5-mark ‘Explain two … including a reference to a source of wisdom and authority’ question on 
             -> 683 KB, 58.3s, uploaded
      n20: Salvation involves law (revealing human failure), sin (breaking relationship with God), grace (God’s free forg
             -> 193 KB, 16.5s, uploaded
      manifest updated (21 entries)
  L03 (Ollie)  Eschatology and the Problem of Evil
      n7: Students are expected to compare Christian eschatology with one other religion practised in Great Britain: Bud
             -> 868 KB, 74.0s, uploaded
      n15: The Augustinian/Irenaean/Hick distinction is one of the most commonly examined misconceptions in this topic. I
             -> 675 KB, 57.6s, uploaded
      manifest updated (15 entries)
  L04 (Ada)  Christian Worship, Sacraments and Prayer
      n11: The Eucharist (also called Holy Communion, the Lord’s Supper or the Mass) is the other universally accepted sa
             -> 548 KB, 46.8s, uploaded
      n15: Worship (2.1*) is a starred comparison point — in a 12-mark Evaluate question you may be asked to compare Chri
             -> 659 KB, 56.2s, uploaded
      manifest updated (15 entries)
  L05 (Ollie)  Pilgrimage, Festivals and the Church in the Community
      n14: For the 5-mark source question on pilgrimage or festivals, you have strong options: “Luke 2:41–43 records Jesu
             -> 749 KB, 63.9s, uploaded
      manifest updated (18 entries)
  L06 (Ada)  Sources of Wisdom and Forms of Expression in Christianity
      n11: Arguments for women’s ordination: Galatians 3:28 (not named in the spec but widely cited) states “there is nei
             -> 762 KB, 65.0s, uploaded
      n17: This lesson covers Sections 3 and 4 of the spec — Sources of Wisdom and Forms of Expression. Each of these sec
             -> 891 KB, 76.0s, uploaded
      manifest updated (21 entries)

Regenerated 13 clips.

=== VERIFY (ranged GET + freshness) ===
  206  L01 n7  bytes 0-3/662688  Last-Modified: Sun, 06 Sep 2026 05:32:58 GMT  mp3-sync=OK
  206  L01 n15  bytes 0-3/605952  Last-Modified: Sun, 06 Sep 2026 05:33:12 GMT  mp3-sync=OK
  206  L02 n7  bytes 0-3/765792  Last-Modified: Sun, 06 Sep 2026 05:33:31 GMT  mp3-sync=OK
  206  L02 n13  bytes 0-3/398880  Last-Modified: Sun, 06 Sep 2026 05:33:43 GMT  mp3-sync=OK
  206  L02 n17  bytes 0-3/699552  Last-Modified: Sun, 06 Sep 2026 05:33:57 GMT  mp3-sync=OK
  206  L02 n20  bytes 0-3/197568  Last-Modified: Sun, 06 Sep 2026 05:34:03 GMT  mp3-sync=OK
  206  L03 n7  bytes 0-3/888480  Last-Modified: Sun, 06 Sep 2026 05:34:21 GMT  mp3-sync=OK
  206  L03 n15  bytes 0-3/690912  Last-Modified: Sun, 06 Sep 2026 05:34:35 GMT  mp3-sync=OK
  206  L04 n11  bytes 0-3/561024  Last-Modified: Sun, 06 Sep 2026 05:34:49 GMT  mp3-sync=OK
  206  L04 n15  bytes 0-3/674784  Last-Modified: Sun, 06 Sep 2026 05:35:05 GMT  mp3-sync=OK
  206  L05 n14  bytes 0-3/767232  Last-Modified: Sun, 06 Sep 2026 05:35:23 GMT  mp3-sync=OK
  206  L06 n11  bytes 0-3/780480  Last-Modified: Sun, 06 Sep 2026 05:35:39 GMT  mp3-sync=OK
  206  L06 n17  bytes 0-3/912384  Last-Modified: Sun, 06 Sep 2026 05:36:00 GMT  mp3-sync=OK

13/13 clips verified HTTP 200/206 with fresh audio.
