=== APPLY EDITS english-literature-ocr/anita-and-me  99 edits  LIVE  2026-09-02T19:24:22.990Z
  ok   #0 L1.practice_questions[0].marks [MEDIUM] F-AO: invented per-AO mark split removed; ladder rescaled to five equal house bands over 20 marks.
  ok   #1 L1.practice_questions[1].marks [MEDIUM] F-AO: invented per-AO mark split removed; ladder rescaled to five equal house bands over 20 marks.
  ok   #2 L1.practice_questions[2].marks [MEDIUM] F-AO: invented per-AO mark split removed; ladder rescaled to five equal house bands over 20 marks.
  ok   #3 L1.practice_questions[3].marks [MEDIUM] F-AO: invented per-AO mark split removed; ladder rescaled to five equal house bands over 20 marks.
  ok   #4 L1.practice_questions[4].marks [MEDIUM] F-AO: invented per-AO mark split removed; ladder rescaled to five equal house bands over 20 marks.
  ok   #5 L1.practice_questions[5].marks [MEDIUM] F-AO: invented per-AO mark split removed; ladder rescaled to five equal house bands over 20 marks.
  ok   #48 L1.content_html [HIGH] F1: banned spec code "Component 01"; and the spec gives no per-part AO map, so "for both parts AO3 is assessed
  ok   #49 L1.content_html [MEDIUM] F1: banned spec code "Component 01".
  ok   #50 L1.knowledge_checks[3].q [MEDIUM] F1: banned spec code "Component 01".
  ok   #51 L1.content_html [MEDIUM] F2: Smethwick 1964 was a general election contest, not a by-election.
  ok   #52 L1.flashcard_questions[8].q [MEDIUM] F2: Smethwick 1964 was a general election, not a by-election.
  ok   #53 L1.flashcard_questions[8].a [MEDIUM] F2: Smethwick 1964 was a general election, not a by-election.
  PATCH L1: practice_questions, content_html, knowledge_checks, flashcard_questions
  ok   #6 L2.practice_questions[0].marks [MEDIUM] F-AO: invented per-AO mark split removed; ladder rescaled to five equal house bands over 20 marks.
  ok   #7 L2.practice_questions[1].marks [MEDIUM] F-AO: invented per-AO mark split removed; ladder rescaled to five equal house bands over 20 marks.
  ok   #8 L2.practice_questions[2].marks [MEDIUM] F-AO: invented per-AO mark split removed; ladder rescaled to five equal house bands over 20 marks.
  ok   #9 L2.practice_questions[3].marks [MEDIUM] F-AO: invented per-AO mark split removed; ladder rescaled to five equal house bands over 20 marks.
  ok   #10 L2.practice_questions[4].marks [MEDIUM] F-AO: invented per-AO mark split removed; ladder rescaled to five equal house bands over 20 marks.
  ok   #11 L2.practice_questions[5].marks [MEDIUM] F-AO: invented per-AO mark split removed; ladder rescaled to five equal house bands over 20 marks.
  ok   #54 L2.content_html [HIGH] F3: fabricated opening line. The novel opens "I do not have many memories of my very early childhood, apart fr
  ok   #55 L2.content_html [MEDIUM] F4: the novel is set in the early 1970s, not the 1960s.
  ok   #56 L2.content_html [HIGH] F5: invented opening scene. Chapter 1 opens with Papa marching Meena to Mr Ormerod’s shop over money taken fro
  ok   #57 L2.content_html [HIGH] F5: invented opening scene.
  ok   #58 L2.conclusion_html [MEDIUM] F4: the novel is set in the early 1970s.
  ok   #59 L2.knowledge_checks[0].options[1] [HIGH] F3: the marked-correct option was a fabricated opening line.
  ok   #60 L2.knowledge_checks[1].correct [HIGH] F5: Meena takes money from Mama’s handbag in chapter 1; she buys the sweets with it.
  ok   #61 L2.knowledge_checks[2].q [MEDIUM] F4: the novel is set in the early 1970s.
  ok   #62 L2.flashcard_questions[3].q [HIGH] F3: fabricated opening line.
  ok   #63 L2.flashcard_questions[3].a [HIGH] F3: fabricated opening line.
  ok   #64 L2.flashcard_questions[9].a [MEDIUM] F4: the novel is set in the early 1970s.
  ok   #65 L2.flashcard_questions[10].q [HIGH] F5: invented opening scene.
  ok   #66 L2.flashcard_questions[10].a [HIGH] F5: invented opening scene.
  ok   #67 L2.flashcard_questions[11].q [HIGH] F5: invented opening scene.
  ok   #68 L2.flashcard_questions[11].a [HIGH] F5: invented opening scene.
  PATCH L2: practice_questions, content_html, conclusion_html, knowledge_checks, flashcard_questions
  ok   #12 L3.practice_questions[0].marks [MEDIUM] F-AO: invented per-AO mark split removed; ladder rescaled to five equal house bands over 20 marks.
  ok   #13 L3.practice_questions[1].marks [MEDIUM] F-AO: invented per-AO mark split removed; ladder rescaled to five equal house bands over 20 marks.
  ok   #14 L3.practice_questions[2].marks [MEDIUM] F-AO: invented per-AO mark split removed; ladder rescaled to five equal house bands over 20 marks.
  ok   #15 L3.practice_questions[3].marks [MEDIUM] F-AO: invented per-AO mark split removed; ladder rescaled to five equal house bands over 20 marks.
  ok   #16 L3.practice_questions[4].marks [MEDIUM] F-AO: invented per-AO mark split removed; ladder rescaled to five equal house bands over 20 marks.
  ok   #17 L3.practice_questions[5].marks [MEDIUM] F-AO: invented per-AO mark split removed; ladder rescaled to five equal house bands over 20 marks.
  ok   #69 L3.content_html [HIGH] F6: Roberto Rutter does not abandon the family; he works at a tyre factory. It is Deirdre, the mother, who run
  ok   #70 L3.content_html [HIGH] F6: the parent who leaves is Deirdre, not Roberto.
  ok   #71 L3.knowledge_checks[3].q [HIGH] F6: the stem stated a false fact; the name Roberto is still the answer.
  ok   #72 L3.flashcard_questions[5].q [HIGH] F6: Roberto does not abandon the family.
  ok   #73 L3.flashcard_questions[5].a [HIGH] F6: Roberto does not abandon the family.
  PATCH L3: practice_questions, content_html, knowledge_checks, flashcard_questions
  ok   #18 L4.practice_questions[0].marks [MEDIUM] F-AO: invented per-AO mark split removed; ladder rescaled to five equal house bands over 20 marks.
  ok   #19 L4.practice_questions[1].marks [MEDIUM] F-AO: invented per-AO mark split removed; ladder rescaled to five equal house bands over 20 marks.
  ok   #20 L4.practice_questions[2].marks [MEDIUM] F-AO: invented per-AO mark split removed; ladder rescaled to five equal house bands over 20 marks.
  ok   #21 L4.practice_questions[3].marks [MEDIUM] F-AO: invented per-AO mark split removed; ladder rescaled to five equal house bands over 20 marks.
  ok   #22 L4.practice_questions[4].marks [MEDIUM] F-AO: invented per-AO mark split removed; ladder rescaled to five equal house bands over 20 marks.
  ok   #23 L4.practice_questions[5].marks [MEDIUM] F-AO: invented per-AO mark split removed; ladder rescaled to five equal house bands over 20 marks.
  ok   #74 L4.content_html [LOW] F7: run-on sentence with a missing full stop, and Sam targets immigrants, not "the community".
  ok   #75 L4.content_html [HIGH] F8: this defines situational irony, not dramatic irony. A student using this definition would lose AO2 marks.
  ok   #76 L4.glossary_terms[1].definition [HIGH] F8: half the definition described situational irony.
  ok   #77 L4.content_html [HIGH] F9: not ambiguous. Meena names Sam: "The man from the building site. The Indian man. I know you did it."
  ok   #78 L4.flashcard_questions[10].q [HIGH] F9: Sam is identified as the attacker; the event is not left off-page or unattributed.
  ok   #79 L4.flashcard_questions[10].a [HIGH] F9: the victim is the Indian bank manager and Sam is named as the attacker.
  ok   #97 L4.flashcard_questions[2].q [MEDIUM] F15: unsourced quotation de-quoted
  ok   #98 L4.flashcard_questions[2].a [MEDIUM] F15: unsourced quotation de-quoted
  PATCH L4: practice_questions, content_html, glossary_terms, flashcard_questions
  ok   #24 L5.practice_questions[0].marks [MEDIUM] F-AO: invented per-AO mark split removed; ladder rescaled to five equal house bands over 20 marks.
  ok   #25 L5.practice_questions[1].marks [MEDIUM] F-AO: invented per-AO mark split removed; ladder rescaled to five equal house bands over 20 marks.
  ok   #26 L5.practice_questions[2].marks [MEDIUM] F-AO: invented per-AO mark split removed; ladder rescaled to five equal house bands over 20 marks.
  ok   #27 L5.practice_questions[3].marks [MEDIUM] F-AO: invented per-AO mark split removed; ladder rescaled to five equal house bands over 20 marks.
  ok   #28 L5.practice_questions[4].marks [MEDIUM] F-AO: invented per-AO mark split removed; ladder rescaled to five equal house bands over 20 marks.
  ok   #29 L5.practice_questions[5].marks [MEDIUM] F-AO: invented per-AO mark split removed; ladder rescaled to five equal house bands over 20 marks.
  ok   #80 L5.content_html [HIGH] F10: two separate events conflated. Meena breaks her leg falling from a horse; the Big House pond scene is lat
  ok   #81 L5.content_html [HIGH] F10: the section is about the riding accident, not the pond.
  ok   #82 L5.content_html [HIGH] F10: Meena does not nearly drown. She breaks her leg falling from a horse; Tracey is the one who falls into th
  ok   #83 L5.content_html [MEDIUM] F11: the grammar school place comes from passing the eleven-plus, not from a scholarship.
  ok   #84 L5.content_html [MEDIUM] F4: the novel is set in the early 1970s.
  ok   #85 L5.knowledge_checks[2].q [HIGH] F10: Meena does not nearly drown.
  ok   #86 L5.flashcard_questions[4].q [HIGH] F10: the accident is a fall from a horse, not a drowning at the pond.
  ok   #87 L5.flashcard_questions[4].a [HIGH] F10: Meena does not nearly drown; Tracey is the one who falls in the pond.
  ok   #88 L5.flashcard_questions[5].q [HIGH] F10: wrong event named.
  ok   #89 L5.flashcard_questions[6].a [MEDIUM] F11: the place comes from the eleven-plus, not a scholarship.
  ok   #90 L5.practice_questions[5].text [HIGH] F10: wrong event named.
  PATCH L5: practice_questions, content_html, knowledge_checks, flashcard_questions
  ok   #30 L6.practice_questions[0].marks [MEDIUM] F-AO: invented per-AO mark split removed; ladder rescaled to five equal house bands over 20 marks.
  ok   #31 L6.practice_questions[1].marks [MEDIUM] F-AO: invented per-AO mark split removed; ladder rescaled to five equal house bands over 20 marks.
  ok   #32 L6.practice_questions[2].marks [MEDIUM] F-AO: invented per-AO mark split removed; ladder rescaled to five equal house bands over 20 marks.
  ok   #33 L6.practice_questions[3].marks [MEDIUM] F-AO: invented per-AO mark split removed; ladder rescaled to five equal house bands over 20 marks.
  ok   #34 L6.practice_questions[4].marks [MEDIUM] F-AO: invented per-AO mark split removed; ladder rescaled to five equal house bands over 20 marks.
  ok   #35 L6.practice_questions[5].marks [MEDIUM] F-AO: invented per-AO mark split removed; ladder rescaled to five equal house bands over 20 marks.
  ok   #91 L6.content_html [HIGH] F3: fabricated opening line.
  ok   #92 L6.content_html [MEDIUM] F4: the novel is set in the early 1970s.
  PATCH L6: practice_questions, content_html
  ok   #36 L7.practice_questions[0].marks [MEDIUM] F-AO: invented per-AO mark split removed; ladder rescaled to five equal house bands over 20 marks.
  ok   #37 L7.practice_questions[1].marks [MEDIUM] F-AO: invented per-AO mark split removed; ladder rescaled to five equal house bands over 20 marks.
  ok   #38 L7.practice_questions[2].marks [MEDIUM] F-AO: invented per-AO mark split removed; ladder rescaled to five equal house bands over 20 marks.
  ok   #39 L7.practice_questions[3].marks [MEDIUM] F-AO: invented per-AO mark split removed; ladder rescaled to five equal house bands over 20 marks.
  ok   #40 L7.practice_questions[4].marks [MEDIUM] F-AO: invented per-AO mark split removed; ladder rescaled to five equal house bands over 20 marks.
  ok   #41 L7.practice_questions[5].marks [MEDIUM] F-AO: invented per-AO mark split removed; ladder rescaled to five equal house bands over 20 marks.
  ok   #93 L7.content_html [MEDIUM] F10: the pond scene is at the very end of the novel; the mid-novel crisis is the riding accident.
  ok   #94 L7.content_html [MEDIUM] F5/F10: the thrown-sweets scene does not exist and the pond scene is not the mid-novel crisis.
  PATCH L7: practice_questions, content_html
  ok   #42 L8.practice_questions[0].marks [MEDIUM] F-AO: invented per-AO mark split removed; ladder rescaled to five equal house bands over 20 marks.
  ok   #43 L8.practice_questions[1].marks [MEDIUM] F-AO: invented per-AO mark split removed; ladder rescaled to five equal house bands over 20 marks.
  ok   #44 L8.practice_questions[2].marks [MEDIUM] F-AO: invented per-AO mark split removed; ladder rescaled to five equal house bands over 20 marks.
  ok   #45 L8.practice_questions[3].marks [MEDIUM] F-AO: invented per-AO mark split removed; ladder rescaled to five equal house bands over 20 marks.
  ok   #46 L8.practice_questions[4].marks [MEDIUM] F-AO: invented per-AO mark split removed; ladder rescaled to five equal house bands over 20 marks.
  ok   #47 L8.practice_questions[5].marks [MEDIUM] F-AO: invented per-AO mark split removed; ladder rescaled to five equal house bands over 20 marks.
  ok   #95 L8.content_html [MEDIUM] F4: the novel is set in the early 1970s.
  ok   #96 L8.exam_tip_html [LOW] F12: house copyright rule — do not quote a board’s mark-scheme descriptors.
  PATCH L8: practice_questions, content_html, exam_tip_html
=== 99 applied, 0 skipped, 8 lessons / 28 fields changed
=== APPLY EDITS english-literature-ocr/anita-and-me  99 edits  LIVE  2026-09-02T19:24:42.084Z
  ok   #0 L1.practice_questions[0].marks [MEDIUM] F-AO: invented per-AO mark split removed; ladder rescaled to five equal house bands over 20 marks.
  ok   #1 L1.practice_questions[1].marks [MEDIUM] F-AO: invented per-AO mark split removed; ladder rescaled to five equal house bands over 20 marks.
  ok   #2 L1.practice_questions[2].marks [MEDIUM] F-AO: invented per-AO mark split removed; ladder rescaled to five equal house bands over 20 marks.
  ok   #3 L1.practice_questions[3].marks [MEDIUM] F-AO: invented per-AO mark split removed; ladder rescaled to five equal house bands over 20 marks.
  ok   #4 L1.practice_questions[4].marks [MEDIUM] F-AO: invented per-AO mark split removed; ladder rescaled to five equal house bands over 20 marks.
  ok   #5 L1.practice_questions[5].marks [MEDIUM] F-AO: invented per-AO mark split removed; ladder rescaled to five equal house bands over 20 marks.
  ok   #48 L1.content_html [HIGH] F1: banned spec code "Component 01"; and the spec gives no per-part AO map, so "for both parts AO3 is assessed
  ok   #49 L1.content_html [MEDIUM] F1: banned spec code "Component 01".
  ok   #50 L1.knowledge_checks[3].q [MEDIUM] F1: banned spec code "Component 01".
  ok   #51 L1.content_html [MEDIUM] F2: Smethwick 1964 was a general election contest, not a by-election.
  ok   #52 L1.flashcard_questions[8].q [MEDIUM] F2: Smethwick 1964 was a general election, not a by-election.
  ok   #53 L1.flashcard_questions[8].a [MEDIUM] F2: Smethwick 1964 was a general election, not a by-election.
  PATCH L1: practice_questions, content_html, knowledge_checks, flashcard_questions
  ok   #6 L2.practice_questions[0].marks [MEDIUM] F-AO: invented per-AO mark split removed; ladder rescaled to five equal house bands over 20 marks.
  ok   #7 L2.practice_questions[1].marks [MEDIUM] F-AO: invented per-AO mark split removed; ladder rescaled to five equal house bands over 20 marks.
  ok   #8 L2.practice_questions[2].marks [MEDIUM] F-AO: invented per-AO mark split removed; ladder rescaled to five equal house bands over 20 marks.
  ok   #9 L2.practice_questions[3].marks [MEDIUM] F-AO: invented per-AO mark split removed; ladder rescaled to five equal house bands over 20 marks.
  ok   #10 L2.practice_questions[4].marks [MEDIUM] F-AO: invented per-AO mark split removed; ladder rescaled to five equal house bands over 20 marks.
  ok   #11 L2.practice_questions[5].marks [MEDIUM] F-AO: invented per-AO mark split removed; ladder rescaled to five equal house bands over 20 marks.
  ok   #54 L2.content_html [HIGH] F3: fabricated opening line. The novel opens "I do not have many memories of my very early childhood, apart fr
  ok   #55 L2.content_html [MEDIUM] F4: the novel is set in the early 1970s, not the 1960s.
  ok   #56 L2.content_html [HIGH] F5: invented opening scene. Chapter 1 opens with Papa marching Meena to Mr Ormerod’s shop over money taken fro
  ok   #57 L2.content_html [HIGH] F5: invented opening scene.
  ok   #58 L2.conclusion_html [MEDIUM] F4: the novel is set in the early 1970s.
  ok   #59 L2.knowledge_checks[0].options[1] [HIGH] F3: the marked-correct option was a fabricated opening line.
  ok   #60 L2.knowledge_checks[1].correct [HIGH] F5: Meena takes money from Mama’s handbag in chapter 1; she buys the sweets with it.
  ok   #61 L2.knowledge_checks[2].q [MEDIUM] F4: the novel is set in the early 1970s.
  ok   #62 L2.flashcard_questions[3].q [HIGH] F3: fabricated opening line.
  ok   #63 L2.flashcard_questions[3].a [HIGH] F3: fabricated opening line.
  ok   #64 L2.flashcard_questions[9].a [MEDIUM] F4: the novel is set in the early 1970s.
  ok   #65 L2.flashcard_questions[10].q [HIGH] F5: invented opening scene.
  ok   #66 L2.flashcard_questions[10].a [HIGH] F5: invented opening scene.
  ok   #67 L2.flashcard_questions[11].q [HIGH] F5: invented opening scene.
  ok   #68 L2.flashcard_questions[11].a [HIGH] F5: invented opening scene.
  PATCH L2: practice_questions, content_html, conclusion_html, knowledge_checks, flashcard_questions
  ok   #12 L3.practice_questions[0].marks [MEDIUM] F-AO: invented per-AO mark split removed; ladder rescaled to five equal house bands over 20 marks.
  ok   #13 L3.practice_questions[1].marks [MEDIUM] F-AO: invented per-AO mark split removed; ladder rescaled to five equal house bands over 20 marks.
  ok   #14 L3.practice_questions[2].marks [MEDIUM] F-AO: invented per-AO mark split removed; ladder rescaled to five equal house bands over 20 marks.
  ok   #15 L3.practice_questions[3].marks [MEDIUM] F-AO: invented per-AO mark split removed; ladder rescaled to five equal house bands over 20 marks.
  ok   #16 L3.practice_questions[4].marks [MEDIUM] F-AO: invented per-AO mark split removed; ladder rescaled to five equal house bands over 20 marks.
  ok   #17 L3.practice_questions[5].marks [MEDIUM] F-AO: invented per-AO mark split removed; ladder rescaled to five equal house bands over 20 marks.
  ok   #69 L3.content_html [HIGH] F6: Roberto Rutter does not abandon the family; he works at a tyre factory. It is Deirdre, the mother, who run
  ok   #70 L3.content_html [HIGH] F6: the parent who leaves is Deirdre, not Roberto.
  ok   #71 L3.knowledge_checks[3].q [HIGH] F6: the stem stated a false fact; the name Roberto is still the answer.
  ok   #72 L3.flashcard_questions[5].q [HIGH] F6: Roberto does not abandon the family.
  ok   #73 L3.flashcard_questions[5].a [HIGH] F6: Roberto does not abandon the family.
  PATCH L3: practice_questions, content_html, knowledge_checks, flashcard_questions
  ok   #18 L4.practice_questions[0].marks [MEDIUM] F-AO: invented per-AO mark split removed; ladder rescaled to five equal house bands over 20 marks.
  ok   #19 L4.practice_questions[1].marks [MEDIUM] F-AO: invented per-AO mark split removed; ladder rescaled to five equal house bands over 20 marks.
  ok   #20 L4.practice_questions[2].marks [MEDIUM] F-AO: invented per-AO mark split removed; ladder rescaled to five equal house bands over 20 marks.
  ok   #21 L4.practice_questions[3].marks [MEDIUM] F-AO: invented per-AO mark split removed; ladder rescaled to five equal house bands over 20 marks.
  ok   #22 L4.practice_questions[4].marks [MEDIUM] F-AO: invented per-AO mark split removed; ladder rescaled to five equal house bands over 20 marks.
  ok   #23 L4.practice_questions[5].marks [MEDIUM] F-AO: invented per-AO mark split removed; ladder rescaled to five equal house bands over 20 marks.
  ok   #74 L4.content_html [LOW] F7: run-on sentence with a missing full stop, and Sam targets immigrants, not "the community".
  ok   #75 L4.content_html [HIGH] F8: this defines situational irony, not dramatic irony. A student using this definition would lose AO2 marks.
  ok   #76 L4.glossary_terms[1].definition [HIGH] F8: half the definition described situational irony.
  ok   #77 L4.content_html [HIGH] F9: not ambiguous. Meena names Sam: "The man from the building site. The Indian man. I know you did it."
  ok   #78 L4.flashcard_questions[10].q [HIGH] F9: Sam is identified as the attacker; the event is not left off-page or unattributed.
  ok   #79 L4.flashcard_questions[10].a [HIGH] F9: the victim is the Indian bank manager and Sam is named as the attacker.
  ok   #97 L4.flashcard_questions[2].q [MEDIUM] F15: unsourced quotation de-quoted
  ok   #98 L4.flashcard_questions[2].a [MEDIUM] F15: unsourced quotation de-quoted
  PATCH L4: practice_questions, content_html, glossary_terms, flashcard_questions
  ok   #24 L5.practice_questions[0].marks [MEDIUM] F-AO: invented per-AO mark split removed; ladder rescaled to five equal house bands over 20 marks.
  ok   #25 L5.practice_questions[1].marks [MEDIUM] F-AO: invented per-AO mark split removed; ladder rescaled to five equal house bands over 20 marks.
  ok   #26 L5.practice_questions[2].marks [MEDIUM] F-AO: invented per-AO mark split removed; ladder rescaled to five equal house bands over 20 marks.
  ok   #27 L5.practice_questions[3].marks [MEDIUM] F-AO: invented per-AO mark split removed; ladder rescaled to five equal house bands over 20 marks.
  ok   #28 L5.practice_questions[4].marks [MEDIUM] F-AO: invented per-AO mark split removed; ladder rescaled to five equal house bands over 20 marks.
  ok   #29 L5.practice_questions[5].marks [MEDIUM] F-AO: invented per-AO mark split removed; ladder rescaled to five equal house bands over 20 marks.
  ok   #80 L5.content_html [HIGH] F10: two separate events conflated. Meena breaks her leg falling from a horse; the Big House pond scene is lat
  ok   #81 L5.content_html [HIGH] F10: the section is about the riding accident, not the pond.
  ok   #82 L5.content_html [HIGH] F10: Meena does not nearly drown. She breaks her leg falling from a horse; Tracey is the one who falls into th
  ok   #83 L5.content_html [MEDIUM] F11: the grammar school place comes from passing the eleven-plus, not from a scholarship.
  ok   #84 L5.content_html [MEDIUM] F4: the novel is set in the early 1970s.
  ok   #85 L5.knowledge_checks[2].q [HIGH] F10: Meena does not nearly drown.
  ok   #86 L5.flashcard_questions[4].q [HIGH] F10: the accident is a fall from a horse, not a drowning at the pond.
  ok   #87 L5.flashcard_questions[4].a [HIGH] F10: Meena does not nearly drown; Tracey is the one who falls in the pond.
  ok   #88 L5.flashcard_questions[5].q [HIGH] F10: wrong event named.
  ok   #89 L5.flashcard_questions[6].a [MEDIUM] F11: the place comes from the eleven-plus, not a scholarship.
  ok   #90 L5.practice_questions[5].text [HIGH] F10: wrong event named.
  PATCH L5: practice_questions, content_html, knowledge_checks, flashcard_questions
  ok   #30 L6.practice_questions[0].marks [MEDIUM] F-AO: invented per-AO mark split removed; ladder rescaled to five equal house bands over 20 marks.
  ok   #31 L6.practice_questions[1].marks [MEDIUM] F-AO: invented per-AO mark split removed; ladder rescaled to five equal house bands over 20 marks.
  ok   #32 L6.practice_questions[2].marks [MEDIUM] F-AO: invented per-AO mark split removed; ladder rescaled to five equal house bands over 20 marks.
  ok   #33 L6.practice_questions[3].marks [MEDIUM] F-AO: invented per-AO mark split removed; ladder rescaled to five equal house bands over 20 marks.
  ok   #34 L6.practice_questions[4].marks [MEDIUM] F-AO: invented per-AO mark split removed; ladder rescaled to five equal house bands over 20 marks.
  ok   #35 L6.practice_questions[5].marks [MEDIUM] F-AO: invented per-AO mark split removed; ladder rescaled to five equal house bands over 20 marks.
  ok   #91 L6.content_html [HIGH] F3: fabricated opening line.
  ok   #92 L6.content_html [MEDIUM] F4: the novel is set in the early 1970s.
  PATCH L6: practice_questions, content_html
  ok   #36 L7.practice_questions[0].marks [MEDIUM] F-AO: invented per-AO mark split removed; ladder rescaled to five equal house bands over 20 marks.
  ok   #37 L7.practice_questions[1].marks [MEDIUM] F-AO: invented per-AO mark split removed; ladder rescaled to five equal house bands over 20 marks.
  ok   #38 L7.practice_questions[2].marks [MEDIUM] F-AO: invented per-AO mark split removed; ladder rescaled to five equal house bands over 20 marks.
  ok   #39 L7.practice_questions[3].marks [MEDIUM] F-AO: invented per-AO mark split removed; ladder rescaled to five equal house bands over 20 marks.
  ok   #40 L7.practice_questions[4].marks [MEDIUM] F-AO: invented per-AO mark split removed; ladder rescaled to five equal house bands over 20 marks.
  ok   #41 L7.practice_questions[5].marks [MEDIUM] F-AO: invented per-AO mark split removed; ladder rescaled to five equal house bands over 20 marks.
  ok   #93 L7.content_html [MEDIUM] F10: the pond scene is at the very end of the novel; the mid-novel crisis is the riding accident.
  ok   #94 L7.content_html [MEDIUM] F5/F10: the thrown-sweets scene does not exist and the pond scene is not the mid-novel crisis.
  PATCH L7: practice_questions, content_html
  ok   #42 L8.practice_questions[0].marks [MEDIUM] F-AO: invented per-AO mark split removed; ladder rescaled to five equal house bands over 20 marks.
  ok   #43 L8.practice_questions[1].marks [MEDIUM] F-AO: invented per-AO mark split removed; ladder rescaled to five equal house bands over 20 marks.
  ok   #44 L8.practice_questions[2].marks [MEDIUM] F-AO: invented per-AO mark split removed; ladder rescaled to five equal house bands over 20 marks.
  ok   #45 L8.practice_questions[3].marks [MEDIUM] F-AO: invented per-AO mark split removed; ladder rescaled to five equal house bands over 20 marks.
  ok   #46 L8.practice_questions[4].marks [MEDIUM] F-AO: invented per-AO mark split removed; ladder rescaled to five equal house bands over 20 marks.
  ok   #47 L8.practice_questions[5].marks [MEDIUM] F-AO: invented per-AO mark split removed; ladder rescaled to five equal house bands over 20 marks.
  ok   #95 L8.content_html [MEDIUM] F4: the novel is set in the early 1970s.
  ok   #96 L8.exam_tip_html [LOW] F12: house copyright rule — do not quote a board’s mark-scheme descriptors.
  PATCH L8: practice_questions, content_html, exam_tip_html
=== 99 applied, 0 skipped, 8 lessons / 28 fields changed
