
=== RE-NARRATION (changed narrated text only) ===
backup: C:\Users\tshau\Documents\Study Vault\scripts\_retrofc\units\english-literature-ocr__anita-and-me\_backup.json
unit:   english-literature-ocr / anita-and-me
run: 2026-09-02T19:24:45Z  mode: LIVE

8 lessons, 21 clips to regenerate

  L01 (Ollie)  Context: 1960s/70s Britain & Immigration
      n7: Syal references Powell’s rhetoric directly. Sam Lowbridge parrots anti-immigration slogans echoing actual raci
             -> 338 KB, 28.8s, uploaded
      n15: The modern prose section of your closed text exam tests your ability to analyse the studied text and compare i
             -> 356 KB, 30.4s, uploaded
      manifest updated (21 entries)
  L02 (Ada)  Meena's World & Tollington
      n3: Key Fact . Meena’s opening line — “I do not have many memories of my very early childhood” — establishes this 
             -> 209 KB, 17.8s, uploaded
      n10: Key Fact . Tollington functions as a microcosm of early 1970s England — its racial attitudes, class tensions a
             -> 190 KB, 16.2s, uploaded
      n15: The novel opens by establishing Meena as an unreliable narrator. Papa marches her down to Mr Ormerod’s shop be
             -> 271 KB, 23.1s, uploaded
      n16: Key Fact . The opening scene — the money taken from Mama’s handbag, the sweets, the lie and Papa’s silent disa
             -> 202 KB, 17.2s, uploaded
      n20: Tollington functions as a microcosm of early 1970s England, with its racial attitudes, class tensions and resi
             -> 105 KB, 8.9s, uploaded
      manifest updated (21 entries)
  L03 (Ollie)  Anita Rutter
      n4: Yet Syal carefully reveals the reality behind Anita’s bravado. Anita’s mother Deirdre is neglectful and chaoti
             -> 280 KB, 23.9s, uploaded
      n12: Beneath her tough exterior, Anita is deeply vulnerable. Her mother Deirdre runs off part-way through the novel
             -> 350 KB, 29.9s, uploaded
      manifest updated (18 entries)
  L04 (Ada)  Racism, Sam Lowbridge & Growing Apart
      n3: Key Fact . At the Spring Fete, Sam shouts racist abuse in front of the whole village. This is the novel’s most
             -> 233 KB, 19.9s, uploaded
      n12: The attack on an Indian man near Tollington is the novel’s darkest moment. Sam and his gang are responsible, a
             -> 320 KB, 27.3s, uploaded
      manifest updated (20 entries)
  L05 (Ollie)  The Ending & Growing Up
      n6: Meena’s fall from a bolting horse, which breaks her leg, functions as both a literal and symbolic crisis. In t
             -> 263 KB, 22.5s, uploaded
      n7: The riding accident is loaded with symbolism. The horse that bolts represents the uncontrollable forces — raci
             -> 280 KB, 23.9s, uploaded
      n9: Meena passes the eleven-plus and wins a place at a grammar school outside Tollington. This is significant on m
             -> 297 KB, 25.3s, uploaded
      n13: Syal deliberately avoids a neat resolution. Racism has not been defeated. Sam is not punished (at least not de
             -> 399 KB, 34.0s, uploaded
      manifest updated (20 entries)
  L06 (Ada)  Character Analysis
      n4: Meena is the novel’s narrator and protagonist. She is funny, bold, morally complex and desperate to belong. He
             -> 293 KB, 25.0s, uploaded
      n16: Key Fact . Every character in Anita and Me serves Syal’s thematic purpose. Meena = dual identity. Anita = the 
             -> 325 KB, 27.7s, uploaded
      manifest updated (21 entries)
  L07 (Ollie)  Narrative Voice & Structure
      n10: Key Fact . The novel follows a three-part arc: innocence (early chapters: play, exploration, Anita worship), c
             -> 304 KB, 25.9s, uploaded
      n13: The novel is structured episodically — a series of vivid scenes and anecdotes rather than a tightly plotted se
             -> 342 KB, 29.2s, uploaded
      manifest updated (20 entries)
  L08 (Ada)  Key Themes & Exam Technique
      n15: The bildungsroman structure traces Meena’s journey from innocence to understanding. Growing up, for a British 
             -> 217 KB, 18.5s, uploaded
      n23: The biggest mistake students make is writing about each text separately in part (a). Every paragraph must comp
             -> 342 KB, 29.2s, uploaded
      manifest updated (27 entries)

Regenerated 21 clips.

=== VERIFY (ranged GET + freshness) ===
  206  L01 n7  bytes 0-3/345600  Last-Modified: Wed, 02 Sep 2026 19:24:54 GMT  mp3-sync=OK
  206  L01 n15  bytes 0-3/364320  Last-Modified: Wed, 02 Sep 2026 19:24:59 GMT  mp3-sync=OK
  206  L02 n3  bytes 0-3/213984  Last-Modified: Wed, 02 Sep 2026 19:25:03 GMT  mp3-sync=OK
  206  L02 n10  bytes 0-3/194976  Last-Modified: Wed, 02 Sep 2026 19:25:07 GMT  mp3-sync=OK
  206  L02 n15  bytes 0-3/277344  Last-Modified: Wed, 02 Sep 2026 19:25:11 GMT  mp3-sync=OK
  206  L02 n16  bytes 0-3/206784  Last-Modified: Wed, 02 Sep 2026 19:25:15 GMT  mp3-sync=OK
  206  L02 n20  bytes 0-3/107136  Last-Modified: Wed, 02 Sep 2026 19:25:18 GMT  mp3-sync=OK
  206  L03 n4  bytes 0-3/286560  Last-Modified: Wed, 02 Sep 2026 19:25:22 GMT  mp3-sync=OK
  206  L03 n12  bytes 0-3/358272  Last-Modified: Wed, 02 Sep 2026 19:25:28 GMT  mp3-sync=OK
  206  L04 n3  bytes 0-3/238464  Last-Modified: Wed, 02 Sep 2026 19:25:32 GMT  mp3-sync=OK
  206  L04 n12  bytes 0-3/328032  Last-Modified: Wed, 02 Sep 2026 19:25:37 GMT  mp3-sync=OK
  206  L05 n6  bytes 0-3/269568  Last-Modified: Wed, 02 Sep 2026 19:25:41 GMT  mp3-sync=OK
  206  L05 n7  bytes 0-3/286848  Last-Modified: Wed, 02 Sep 2026 19:25:46 GMT  mp3-sync=OK
  206  L05 n9  bytes 0-3/304128  Last-Modified: Wed, 02 Sep 2026 19:25:51 GMT  mp3-sync=OK
  206  L05 n13  bytes 0-3/408096  Last-Modified: Wed, 02 Sep 2026 19:25:58 GMT  mp3-sync=OK
  206  L06 n4  bytes 0-3/300096  Last-Modified: Wed, 02 Sep 2026 19:26:04 GMT  mp3-sync=OK
  206  L06 n16  bytes 0-3/332352  Last-Modified: Wed, 02 Sep 2026 19:26:10 GMT  mp3-sync=OK
  206  L07 n10  bytes 0-3/311328  Last-Modified: Wed, 02 Sep 2026 19:26:16 GMT  mp3-sync=OK
  206  L07 n13  bytes 0-3/350496  Last-Modified: Wed, 02 Sep 2026 19:26:21 GMT  mp3-sync=OK
  206  L08 n15  bytes 0-3/221760  Last-Modified: Wed, 02 Sep 2026 19:26:25 GMT  mp3-sync=OK
  206  L08 n23  bytes 0-3/350496  Last-Modified: Wed, 02 Sep 2026 19:26:30 GMT  mp3-sync=OK

21/21 clips verified HTTP 200/206 with fresh audio.
