=== APPLY EDITS religious-studies-aqa/judaism-practices  24 edits  LIVE  2026-09-06T05:20:52.244Z
  ok   #0 L1.content_html [MEDIUM] F1: a mechitza is the partition itself, not the women's gallery.
  ok   #1 L1.content_html [MEDIUM] F2: the first woman ordained in America was Sally Priesand in 1972, not the early twentieth century.
  ok   #2 L1.content_html [LOW] F3: founded 1840; its first building opened in 1842.
  ok   #3 L1.exam_tip_html [MEDIUM] F4: 1 Kings 8 is Solomon's dedication prayer; the ever-burning lamp is commanded in Exodus 27:20-21.
  ok   #4 L1.exam_tip_html [MEDIUM] F5: invented mark-scheme claim.
  ok   #5 L1.practice_questions[3].marks [MEDIUM] F4: wrong scripture reference for the ner tamid.
  ok   #6 L1.practice_questions[5].text [MEDIUM] F6: the short parts of this paper ask for one item and are worth 1 mark.
  ok   #7 L1.practice_questions[5].type [MEDIUM] F6: this paper has no 2-mark question; the parts are worth 1, 1, 4, 6 and 12 marks.
  ok   #8 L1.practice_questions[5].marks [MEDIUM] F6: mark scheme retuned to 1 mark for one item.
  PATCH L1: content_html, exam_tip_html, practice_questions
  ok   #9 L2.exam_tip_html [MEDIUM] F7: invented claim about what gains marks.
  ok   #10 L2.practice_questions[1].text [MEDIUM] F8: a 1-mark part asks for one item.
  ok   #11 L2.practice_questions[1].marks [MEDIUM] F8: one item is enough for the mark.
  ok   #12 L2.practice_questions[5].text [MEDIUM] F6: the short parts ask for one item and are worth 1 mark.
  ok   #13 L2.practice_questions[5].type [MEDIUM] F6: this paper has no 2-mark question.
  ok   #14 L2.practice_questions[5].marks [MEDIUM] F6: mark scheme retuned to 1 mark for one item.
  PATCH L2: exam_tip_html, practice_questions
  ok   #15 L3.practice_questions[5].text [MEDIUM] F6: the short parts ask for one item and are worth 1 mark.
  ok   #16 L3.practice_questions[5].type [MEDIUM] F6: this paper has no 2-mark question.
  ok   #17 L3.practice_questions[5].marks [MEDIUM] F6: mark scheme retuned to 1 mark for one item.
  PATCH L3: practice_questions
  ok   #18 L4.content_html [MEDIUM] F9: Leviticus 17:11 reads 'For the life of the flesh is in the blood'.
  ok   #19 L4.content_html [MEDIUM] F9: same misquotation in the Key Fact box.
  ok   #20 L4.content_html [MEDIUM] F10: the Board does not represent every community; most Charedi synagogues are not affiliated.
  ok   #21 L4.practice_questions[5].text [MEDIUM] F6: the short parts ask for one item and are worth 1 mark.
  ok   #22 L4.practice_questions[5].type [MEDIUM] F6: this paper has no 2-mark question.
  ok   #23 L4.practice_questions[5].marks [MEDIUM] F6: mark scheme retuned to 1 mark for one item.
  PATCH L4: content_html, practice_questions
=== 24 applied, 0 skipped, 4 lessons / 8 fields changed
