
=== RE-NARRATION (changed narrated text only) ===
backup: C:\Users\tshau\Documents\Study Vault\scripts\_retrofc\units\religious-studies-aqa__judaism-practices\_backup.json
unit:   religious-studies-aqa / judaism-practices
run: 2026-09-06T05:20:56Z  mode: LIVE
  L03: no narrated field changed -> skip

3 lessons, 7 clips to regenerate

  L01 (Ollie)  The Synagogue and Public Worship
      n10: The two most significant differences between Orthodox and Reform synagogues are the role of women and the lang
             -> 468 KB, 39.9s, uploaded
      n12: Orthodox men cover their heads at all times in the synagogue (and many do so throughout the day); in Reform se
             -> 523 KB, 44.6s, uploaded
      n18: On 6-mark Explain questions about the synagogue or Jewish public worship, you must name a source of authority.
             -> 463 KB, 39.5s, uploaded
      manifest updated (23 entries)
  L02 (Ada)  Shabbat, Home Worship and Sacred Texts
      n20: For 6-mark Explain questions on Shabbat or sacred texts, your strongest sources are: Exodus 20:8 (“remember th
             -> 511 KB, 43.6s, uploaded
      manifest updated (20 entries)
  L04 (Ada)  Dietary Laws and Festivals
      n3: Among land animals, only those that both chew the cud and have split hooves may be eaten — so beef and lamb ar
             -> 404 KB, 34.4s, uploaded
      n9: Liberal Judaism similarly emphasises personal decision and intention over strict legal obligation. The Board o
             -> 330 KB, 28.1s, uploaded
      n10: Key Fact . Three rules of kashrut: (1) Permitted animals only (chew cud + split hooves for land animals; fins 
             -> 338 KB, 28.9s, uploaded
      manifest updated (21 entries)

Regenerated 7 clips.

=== VERIFY (ranged GET + freshness) ===
  206  L01 n10  bytes 0-3/479232  Last-Modified: Sun, 06 Sep 2026 05:21:10 GMT  mp3-sync=OK
  206  L01 n12  bytes 0-3/535104  Last-Modified: Sun, 06 Sep 2026 05:21:21 GMT  mp3-sync=OK
  206  L01 n18  bytes 0-3/473760  Last-Modified: Sun, 06 Sep 2026 05:21:30 GMT  mp3-sync=OK
  206  L02 n20  bytes 0-3/523008  Last-Modified: Sun, 06 Sep 2026 05:21:41 GMT  mp3-sync=OK
  206  L04 n3  bytes 0-3/413280  Last-Modified: Sun, 06 Sep 2026 05:21:51 GMT  mp3-sync=OK
  206  L04 n9  bytes 0-3/337536  Last-Modified: Sun, 06 Sep 2026 05:22:01 GMT  mp3-sync=OK
  206  L04 n10  bytes 0-3/346464  Last-Modified: Sun, 06 Sep 2026 05:22:08 GMT  mp3-sync=OK

7/7 clips verified HTTP 200/206 with fresh audio.
