=== APPLY EDITS english-literature-edexcel/the-empress  187 edits  LIVE  2026-09-02T08:43:45.611Z
  ok   #0 L1.practice_questions[0].marks [HIGH] F1: mark ladder rebuilt for the real 40-mark post-1914 essay (AO1+AO3 out of 32, AO4 out of 8); house band nam
  ok   #1 L1.practice_questions[1].marks [HIGH] F1: mark ladder rebuilt for the real 40-mark post-1914 essay (AO1+AO3 out of 32, AO4 out of 8); house band nam
  ok   #2 L1.practice_questions[2].marks [HIGH] F1: mark ladder rebuilt for the real 40-mark post-1914 essay (AO1+AO3 out of 32, AO4 out of 8); house band nam
  ok   #3 L1.practice_questions[3].marks [HIGH] F1: mark ladder rebuilt for the real 40-mark post-1914 essay (AO1+AO3 out of 32, AO4 out of 8); house band nam
  ok   #4 L1.practice_questions[4].marks [HIGH] F1: mark ladder rebuilt for the real 40-mark post-1914 essay (AO1+AO3 out of 32, AO4 out of 8); house band nam
  ok   #5 L1.practice_questions[5].marks [HIGH] F1: mark ladder rebuilt for the real 40-mark post-1914 essay (AO1+AO3 out of 32, AO4 out of 8); house band nam
  ok   #42 L1.content_html [HIGH] F2: no character called Mrs Phelps exists in the play
  ok   #43 L1.content_html [HIGH] F3: Victoria is a major on-stage speaking role
  ok   #44 L1.content_html [HIGH] F3: Victoria is a major on-stage speaking role
  ok   #45 L1.content_html [MEDIUM] F4: the Home was in Aldgate in the 1890s; it only moved to Hackney in 1900
  ok   #46 L1.content_html [LOW] F5: the play runs from the 1887 Golden Jubilee to Victoria's death in 1901
  ok   #47 L1.content_html [LOW] F6: validator rejects an AO code immediately followed by a full stop
  ok   #48 L1.conclusion_html [LOW] F5: the play runs to Victoria's death in 1901
  ok   #49 L1.exam_tip_html [HIGH] F7: banned spec-code string
  ok   #50 L1.flashcard_questions[2].q [LOW] F5: date range
  ok   #51 L1.flashcard_questions[2].a [LOW] F5: date range
  ok   #52 L1.flashcard_questions[7].a [MEDIUM] F4: Aldgate, not Hackney
  ok   #53 L1.flashcard_questions[13].q [HIGH] F3: Victoria is on stage
  ok   #54 L1.flashcard_questions[13].a [HIGH] F3: Victoria is on stage
  PATCH L1: practice_questions, content_html, conclusion_html, exam_tip_html, flashcard_questions
  ok   #6 L2.practice_questions[0].marks [HIGH] F1: mark ladder rebuilt for the real 40-mark post-1914 essay (AO1+AO3 out of 32, AO4 out of 8); house band nam
  ok   #7 L2.practice_questions[1].marks [HIGH] F1: mark ladder rebuilt for the real 40-mark post-1914 essay (AO1+AO3 out of 32, AO4 out of 8); house band nam
  ok   #8 L2.practice_questions[2].marks [HIGH] F1: mark ladder rebuilt for the real 40-mark post-1914 essay (AO1+AO3 out of 32, AO4 out of 8); house band nam
  ok   #9 L2.practice_questions[3].marks [HIGH] F1: mark ladder rebuilt for the real 40-mark post-1914 essay (AO1+AO3 out of 32, AO4 out of 8); house band nam
  ok   #10 L2.practice_questions[4].marks [HIGH] F1: mark ladder rebuilt for the real 40-mark post-1914 essay (AO1+AO3 out of 32, AO4 out of 8); house band nam
  ok   #11 L2.practice_questions[5].marks [HIGH] F1: mark ladder rebuilt for the real 40-mark post-1914 essay (AO1+AO3 out of 32, AO4 out of 8); house band nam
  ok   #55 L2.content_html [HIGH] F2: no character called Mrs Phelps exists; Rani's employer is Susan Matthews
  ok   #56 L2.exam_tip_html [HIGH] F8: Edexcel AO4 is accurate written expression, not evaluation
  ok   #57 L2.knowledge_checks[3].q [HIGH] F2: Mrs Phelps does not exist
  ok   #58 L2.knowledge_checks[4].left[2] [HIGH] F2: Mrs Phelps does not exist
  ok   #59 L2.flashcard_questions[1].q [HIGH] F9: Abdul Karim is not Rani's husband
  ok   #60 L2.flashcard_questions[1].a [HIGH] F9: Abdul Karim is not Rani's husband
  ok   #61 L2.flashcard_questions[5].a [HIGH] F2: Mrs Phelps does not exist
  ok   #62 L2.flashcard_questions[9].q [HIGH] F2: Mrs Phelps does not exist
  ok   #63 L2.flashcard_questions[10].q [MEDIUM] F10: the employers who broke the promise were British, not Indian
  ok   #133 L2.content_html [HIGH] F18: The Empress is in two acts of fifteen scenes; there is no Act 3, and this lesson does not cover a whole a
  ok   #134 L2.content_html [HIGH] F18: The Empress is in two acts of fifteen scenes; there is no Act 3, and this lesson does not cover a whole a
  ok   #135 L2.content_html [HIGH] F18: The Empress is in two acts of fifteen scenes; there is no Act 3, and this lesson does not cover a whole a
  ok   #136 L2.content_html [HIGH] F18: The Empress is in two acts of fifteen scenes; there is no Act 3, and this lesson does not cover a whole a
  ok   #137 L2.content_html [HIGH] F18: The Empress is in two acts of fifteen scenes; there is no Act 3, and this lesson does not cover a whole a
  ok   #138 L2.content_html [HIGH] F18: The Empress is in two acts of fifteen scenes; there is no Act 3, and this lesson does not cover a whole a
  ok   #139 L2.content_html [HIGH] F18: The Empress is in two acts of fifteen scenes; there is no Act 3, and this lesson does not cover a whole a
  ok   #140 L2.content_html [LOW] F18: The Empress is in two acts of fifteen scenes; there is no Act 3, and this lesson does not cover a whole a
  ok   #141 L2.content_html [HIGH] F18: The Empress is in two acts of fifteen scenes; there is no Act 3, and this lesson does not cover a whole a
  ok   #142 L2.conclusion_html [HIGH] F18: The Empress is in two acts of fifteen scenes; there is no Act 3, and this lesson does not cover a whole a
  ok   #143 L2.exam_tip_html [HIGH] F18: The Empress is in two acts of fifteen scenes; there is no Act 3, and this lesson does not cover a whole a
  ok   #144 L2.practice_questions[0].text [HIGH] F18: The Empress is in two acts of fifteen scenes; there is no Act 3, and this lesson does not cover a whole a
  ok   #145 L2.practice_questions[1].text [HIGH] F18: The Empress is in two acts of fifteen scenes; there is no Act 3, and this lesson does not cover a whole a
  ok   #146 L2.practice_questions[2].text [HIGH] F18: The Empress is in two acts of fifteen scenes; there is no Act 3, and this lesson does not cover a whole a
  ok   #147 L2.practice_questions[3].text [HIGH] F18: The Empress is in two acts of fifteen scenes; there is no Act 3, and this lesson does not cover a whole a
  ok   #148 L2.practice_questions[4].text [HIGH] F2 and F18: Mrs Phelps does not exist, and the play has no three-act scheme
  ok   #149 L2.practice_questions[5].text [HIGH] F18: The Empress is in two acts of fifteen scenes; there is no Act 3, and this lesson does not cover a whole a
  ok   #150 L2.knowledge_checks[0].q [HIGH] F18: The Empress is in two acts of fifteen scenes; there is no Act 3, and this lesson does not cover a whole a
  ok   #151 L2.knowledge_checks[4].q [HIGH] F18: The Empress is in two acts of fifteen scenes; there is no Act 3, and this lesson does not cover a whole a
  ok   #152 L2.flashcard_questions[0].q [HIGH] F18: The Empress is in two acts of fifteen scenes; there is no Act 3, and this lesson does not cover a whole a
  ok   #153 L2.flashcard_questions[3].q [HIGH] F18: The Empress is in two acts of fifteen scenes; there is no Act 3, and this lesson does not cover a whole a
  ok   #154 L2.flashcard_questions[7].q [HIGH] F18: The Empress is in two acts of fifteen scenes; there is no Act 3, and this lesson does not cover a whole a
  PATCH L2: practice_questions, content_html, exam_tip_html, knowledge_checks, flashcard_questions, conclusion_html
  ok   #12 L3.practice_questions[0].marks [HIGH] F1: mark ladder rebuilt for the real 40-mark post-1914 essay (AO1+AO3 out of 32, AO4 out of 8); house band nam
  ok   #13 L3.practice_questions[1].marks [HIGH] F1: mark ladder rebuilt for the real 40-mark post-1914 essay (AO1+AO3 out of 32, AO4 out of 8); house band nam
  ok   #14 L3.practice_questions[2].marks [HIGH] F1: mark ladder rebuilt for the real 40-mark post-1914 essay (AO1+AO3 out of 32, AO4 out of 8); house band nam
  ok   #15 L3.practice_questions[3].marks [HIGH] F1: mark ladder rebuilt for the real 40-mark post-1914 essay (AO1+AO3 out of 32, AO4 out of 8); house band nam
  ok   #16 L3.practice_questions[4].marks [HIGH] F1: mark ladder rebuilt for the real 40-mark post-1914 essay (AO1+AO3 out of 32, AO4 out of 8); house band nam
  ok   #17 L3.practice_questions[5].marks [HIGH] F1: mark ladder rebuilt for the real 40-mark post-1914 essay (AO1+AO3 out of 32, AO4 out of 8); house band nam
  ok   #64 L3.content_html [HIGH] F8: Edexcel AO4 is accurate written expression, not evaluation
  ok   #65 L3.content_html [MEDIUM] F11: lascars were about 17.5% of British merchant crews at their 1914 peak, so a quarter in the 1880s overstat
  ok   #66 L3.exam_tip_html [HIGH] F8 and F18: AO4 is written expression, not evaluation; the play has two acts, not three
  ok   #67 L3.flashcard_questions[5].q [MEDIUM] F11: replace the disputed proportion with a sourced figure
  ok   #68 L3.flashcard_questions[5].a [MEDIUM] F11: replace the disputed proportion with a sourced figure
  ok   #155 L3.content_html [HIGH] F18: The Empress is in two acts of fifteen scenes; there is no Act 3, and this lesson does not cover a whole a
  ok   #156 L3.content_html [HIGH] F18: The Empress is in two acts of fifteen scenes; there is no Act 3, and this lesson does not cover a whole a
  ok   #157 L3.content_html [HIGH] F18: The Empress is in two acts of fifteen scenes; there is no Act 3, and this lesson does not cover a whole a
  ok   #158 L3.content_html [HIGH] F18: The Empress is in two acts of fifteen scenes; there is no Act 3, and this lesson does not cover a whole a
  ok   #159 L3.content_html [HIGH] F18: The Empress is in two acts of fifteen scenes; there is no Act 3, and this lesson does not cover a whole a
  ok   #160 L3.content_html [HIGH] F18: The Empress is in two acts of fifteen scenes; there is no Act 3, and this lesson does not cover a whole a
  ok   #161 L3.content_html [HIGH] F18: The Empress is in two acts of fifteen scenes; there is no Act 3, and this lesson does not cover a whole a
  ok   #162 L3.content_html [HIGH] F18: The Empress is in two acts of fifteen scenes; there is no Act 3, and this lesson does not cover a whole a
  ok   #163 L3.content_html [HIGH] F18: The Empress is in two acts of fifteen scenes; there is no Act 3, and this lesson does not cover a whole a
  ok   #164 L3.conclusion_html [HIGH] F18: The Empress is in two acts of fifteen scenes; there is no Act 3, and this lesson does not cover a whole a
  ok   #165 L3.practice_questions[0].text [HIGH] F18: The Empress is in two acts of fifteen scenes; there is no Act 3, and this lesson does not cover a whole a
  ok   #166 L3.practice_questions[2].text [HIGH] F18: The Empress is in two acts of fifteen scenes; there is no Act 3, and this lesson does not cover a whole a
  ok   #167 L3.practice_questions[3].text [HIGH] F18: The Empress is in two acts of fifteen scenes; there is no Act 3, and this lesson does not cover a whole a
  ok   #168 L3.practice_questions[4].text [HIGH] F18: The Empress is in two acts of fifteen scenes; there is no Act 3, and this lesson does not cover a whole a
  ok   #169 L3.practice_questions[5].text [HIGH] F18: The Empress is in two acts of fifteen scenes; there is no Act 3, and this lesson does not cover a whole a
  ok   #170 L3.knowledge_checks[0].q [HIGH] F18: The Empress is in two acts of fifteen scenes; there is no Act 3, and this lesson does not cover a whole a
  ok   #171 L3.knowledge_checks[1].q [HIGH] F18: The Empress is in two acts of fifteen scenes; there is no Act 3, and this lesson does not cover a whole a
  ok   #172 L3.knowledge_checks[3].q [HIGH] F18: The Empress is in two acts of fifteen scenes; there is no Act 3, and this lesson does not cover a whole a
  ok   #173 L3.knowledge_checks[4].q [HIGH] F18: The Empress is in two acts of fifteen scenes; there is no Act 3, and this lesson does not cover a whole a
  ok   #174 L3.flashcard_questions[0].q [HIGH] F18: The Empress is in two acts of fifteen scenes; there is no Act 3, and this lesson does not cover a whole a
  ok   #175 L3.flashcard_questions[6].q [HIGH] F18: The Empress is in two acts of fifteen scenes; there is no Act 3, and this lesson does not cover a whole a
  ok   #176 L3.flashcard_questions[9].q [HIGH] F18: The Empress is in two acts of fifteen scenes; there is no Act 3, and this lesson does not cover a whole a
  ok   #177 L3.flashcard_questions[11].q [HIGH] F18: The Empress is in two acts of fifteen scenes; there is no Act 3, and this lesson does not cover a whole a
  PATCH L3: practice_questions, content_html, exam_tip_html, flashcard_questions, conclusion_html, knowledge_checks
  ok   #18 L4.practice_questions[0].marks [HIGH] F1: mark ladder rebuilt for the real 40-mark post-1914 essay (AO1+AO3 out of 32, AO4 out of 8); house band nam
  ok   #19 L4.practice_questions[1].marks [HIGH] F1: mark ladder rebuilt for the real 40-mark post-1914 essay (AO1+AO3 out of 32, AO4 out of 8); house band nam
  ok   #20 L4.practice_questions[2].marks [HIGH] F1: mark ladder rebuilt for the real 40-mark post-1914 essay (AO1+AO3 out of 32, AO4 out of 8); house band nam
  ok   #21 L4.practice_questions[3].marks [HIGH] F1: mark ladder rebuilt for the real 40-mark post-1914 essay (AO1+AO3 out of 32, AO4 out of 8); house band nam
  ok   #22 L4.practice_questions[4].marks [HIGH] F1: mark ladder rebuilt for the real 40-mark post-1914 essay (AO1+AO3 out of 32, AO4 out of 8); house band nam
  ok   #23 L4.practice_questions[5].marks [HIGH] F1: mark ladder rebuilt for the real 40-mark post-1914 essay (AO1+AO3 out of 32, AO4 out of 8); house band nam
  ok   #69 L4.content_html [HIGH] F8 and F18: AO4 is written expression, not evaluation; the play has no Act 3
  ok   #70 L4.content_html [MEDIUM] F4: the Home was in Aldgate until 1900
  ok   #71 L4.content_html [HIGH] F8: Edexcel AO4 is accurate written expression, not evaluation
  ok   #72 L4.content_html [HIGH] F12: Naoroji beat Penton 2,961 to 2,956 - a majority of five
  ok   #73 L4.exam_tip_html [HIGH] F8: Edexcel AO4 is accurate written expression, not evaluation
  ok   #74 L4.flashcard_questions[3].a [MEDIUM] F4: Aldgate, not Hackney
  ok   #75 L4.flashcard_questions[7].a [HIGH] F12: the majority was five
  ok   #76 L4.flashcard_questions[8].a [HIGH] F13: 'fire-worshipper' was not Salisbury's phrase, as the lesson body already states
  ok   #77 L4.glossary_terms[2].definition [MEDIUM] F4: Aldgate, not Hackney
  ok   #178 L4.content_html [HIGH] F18: The Empress is in two acts of fifteen scenes; there is no Act 3, and this lesson does not cover a whole a
  ok   #179 L4.content_html [HIGH] F18: The Empress is in two acts of fifteen scenes; there is no Act 3, and this lesson does not cover a whole a
  ok   #180 L4.content_html [HIGH] F18: The Empress is in two acts of fifteen scenes; there is no Act 3, and this lesson does not cover a whole a
  ok   #181 L4.content_html [HIGH] F18: The Empress is in two acts of fifteen scenes; there is no Act 3, and this lesson does not cover a whole a
  ok   #182 L4.practice_questions[3].text [HIGH] F18: The Empress is in two acts of fifteen scenes; there is no Act 3, and this lesson does not cover a whole a
  ok   #183 L4.practice_questions[4].text [HIGH] F18: The Empress is in two acts of fifteen scenes; there is no Act 3, and this lesson does not cover a whole a
  ok   #184 L4.knowledge_checks[4].q [HIGH] F18: The Empress is in two acts of fifteen scenes; there is no Act 3, and this lesson does not cover a whole a
  PATCH L4: practice_questions, content_html, exam_tip_html, flashcard_questions, glossary_terms, knowledge_checks
  ok   #24 L5.practice_questions[0].marks [HIGH] F1: mark ladder rebuilt for the real 40-mark post-1914 essay (AO1+AO3 out of 32, AO4 out of 8); house band nam
  ok   #25 L5.practice_questions[1].marks [HIGH] F1: mark ladder rebuilt for the real 40-mark post-1914 essay (AO1+AO3 out of 32, AO4 out of 8); house band nam
  ok   #26 L5.practice_questions[2].marks [HIGH] F1: mark ladder rebuilt for the real 40-mark post-1914 essay (AO1+AO3 out of 32, AO4 out of 8); house band nam
  ok   #27 L5.practice_questions[3].marks [HIGH] F1: mark ladder rebuilt for the real 40-mark post-1914 essay (AO1+AO3 out of 32, AO4 out of 8); house band nam
  ok   #28 L5.practice_questions[4].marks [HIGH] F1: mark ladder rebuilt for the real 40-mark post-1914 essay (AO1+AO3 out of 32, AO4 out of 8); house band nam
  ok   #29 L5.practice_questions[5].marks [HIGH] F1: mark ladder rebuilt for the real 40-mark post-1914 essay (AO1+AO3 out of 32, AO4 out of 8); house band nam
  ok   #78 L5.description [HIGH] F2: Mrs Phelps does not exist
  ok   #79 L5.content_html [HIGH] F8: Edexcel AO4 is accurate written expression, not evaluation
  ok   #80 L5.content_html [MEDIUM] F14: Abdul lives at court, where Lady Sarah undermines him; he protects nobody in Rani's storyline
  ok   #81 L5.content_html [HIGH] F14 and F8: Abdul and Rani have separate storylines; AO4 is not evaluation
  ok   #82 L5.content_html [HIGH] F2: Mrs Phelps does not exist
  ok   #83 L5.content_html [HIGH] F2: Mrs Phelps does not exist; Susan Matthews is the employer, and Victoria is the play's most prominent Briti
  ok   #84 L5.content_html [HIGH] F2: Mrs Phelps does not exist
  ok   #85 L5.content_html [HIGH] F2: Mrs Phelps does not exist
  ok   #86 L5.content_html [HIGH] F2 and F8: Mrs Phelps does not exist; AO4 is not evaluation
  ok   #87 L5.content_html [HIGH] F2: Mrs Phelps does not exist
  ok   #88 L5.content_html [HIGH] F3: Victoria is a major on-stage speaking role
  ok   #89 L5.content_html [HIGH] F3: Victoria is on stage; the paragraph contradicted itself
  ok   #90 L5.conclusion_html [HIGH] F2: Mrs Phelps does not exist
  ok   #91 L5.exam_tip_html [HIGH] F2 and F8: Mrs Phelps does not exist; AO4 is not evaluation
  ok   #92 L5.practice_questions[1].text [HIGH] F2: Mrs Phelps does not exist, and she was not the play's most important character
  ok   #93 L5.practice_questions[4].text [HIGH] F3: Victoria is on stage
  ok   #94 L5.knowledge_checks[1].q [HIGH] F2: Mrs Phelps does not exist
  ok   #95 L5.knowledge_checks[3].q [HIGH] F3: the answer key taught that Victoria never appears
  ok   #96 L5.knowledge_checks[3].options [HIGH] F3: the answer key taught that Victoria never appears
  ok   #97 L5.knowledge_checks[4].left[2] [HIGH] F2: Mrs Phelps does not exist
  ok   #98 L5.flashcard_questions[3].a [HIGH] F9: Abdul Karim is not Rani's husband
  ok   #99 L5.flashcard_questions[8].q [HIGH] F2: Mrs Phelps does not exist
  ok   #100 L5.flashcard_questions[8].a [HIGH] F2: Mrs Phelps does not exist
  ok   #101 L5.flashcard_questions[9].q [HIGH] F2: Mrs Phelps does not exist
  ok   #102 L5.flashcard_questions[13].q [HIGH] F3: Victoria is on stage
  ok   #103 L5.flashcard_questions[13].a [HIGH] F3: Victoria is on stage
  ok   #104 L5.glossary_terms[3].term [HIGH] F2: Mrs Phelps does not exist
  ok   #105 L5.glossary_terms[3].definition [HIGH] F2: Mrs Phelps does not exist
  PATCH L5: practice_questions, description, content_html, conclusion_html, exam_tip_html, knowledge_checks, flashcard_questions, glossary_terms
  ok   #30 L6.practice_questions[0].marks [HIGH] F1: mark ladder rebuilt for the real 40-mark post-1914 essay (AO1+AO3 out of 32, AO4 out of 8); house band nam
  ok   #31 L6.practice_questions[1].marks [HIGH] F1: mark ladder rebuilt for the real 40-mark post-1914 essay (AO1+AO3 out of 32, AO4 out of 8); house band nam
  ok   #32 L6.practice_questions[2].marks [HIGH] F1: mark ladder rebuilt for the real 40-mark post-1914 essay (AO1+AO3 out of 32, AO4 out of 8); house band nam
  ok   #33 L6.practice_questions[3].marks [HIGH] F1: mark ladder rebuilt for the real 40-mark post-1914 essay (AO1+AO3 out of 32, AO4 out of 8); house band nam
  ok   #34 L6.practice_questions[4].marks [HIGH] F1: mark ladder rebuilt for the real 40-mark post-1914 essay (AO1+AO3 out of 32, AO4 out of 8); house band nam
  ok   #35 L6.practice_questions[5].marks [HIGH] F1: mark ladder rebuilt for the real 40-mark post-1914 essay (AO1+AO3 out of 32, AO4 out of 8); house band nam
  ok   #106 L6.description [HIGH] F16: no dual timeline
  ok   #107 L6.content_html [MEDIUM] F15: AO1 is the critical personal response; analysis of language and form is not a separate objective on this 
  ok   #108 L6.content_html [HIGH] F16: the play runs forward in time from 1887 to 1901; there is no second time period
  ok   #109 L6.content_html [HIGH] F16: the play is chronological, so there is no earlier and later timeline
  ok   #110 L6.content_html [HIGH] F16: no dual timeline
  ok   #111 L6.content_html [HIGH] F16: no dual timeline
  ok   #112 L6.content_html [HIGH] F3 and F17: Victoria is on stage and Abdul Karim is a real historical person, not a fictional one
  ok   #113 L6.content_html [MEDIUM] F3: the palace scenes are staged
  ok   #114 L6.exam_tip_html [HIGH] F7: banned spec-code string
  ok   #115 L6.practice_questions[3].text [HIGH] F16: no dual timeline
  ok   #116 L6.knowledge_checks[3].q [HIGH] F16: no dual timeline
  ok   #117 L6.knowledge_checks[3].options [HIGH] F16: no dual timeline
  ok   #118 L6.knowledge_checks[4].left[2] [HIGH] F16: no dual timeline
  ok   #119 L6.knowledge_checks[4].right[2] [HIGH] F16: no dual timeline
  ok   #120 L6.flashcard_questions[4].q [HIGH] F16: no dual timeline
  ok   #121 L6.flashcard_questions[4].a [HIGH] F16: no dual timeline
  ok   #122 L6.flashcard_questions[5].q [HIGH] F16: no dual timeline
  ok   #123 L6.flashcard_questions[5].a [HIGH] F16: no dual timeline
  ok   #124 L6.flashcard_questions[8].q [HIGH] F3: Victoria is on stage
  ok   #125 L6.glossary_terms[5].term [HIGH] F16: no dual timeline
  ok   #126 L6.glossary_terms[5].definition [HIGH] F16: no dual timeline
  ok   #186 L6.content_html [HIGH] F18: give students the real structure of the play
  PATCH L6: practice_questions, description, content_html, exam_tip_html, knowledge_checks, flashcard_questions, glossary_terms
  ok   #36 L7.practice_questions[0].marks [HIGH] F1: mark ladder rebuilt for the real 40-mark post-1914 essay (AO1+AO3 out of 32, AO4 out of 8); house band nam
  ok   #37 L7.practice_questions[1].marks [HIGH] F1: mark ladder rebuilt for the real 40-mark post-1914 essay (AO1+AO3 out of 32, AO4 out of 8); house band nam
  ok   #38 L7.practice_questions[2].marks [HIGH] F1: mark ladder rebuilt for the real 40-mark post-1914 essay (AO1+AO3 out of 32, AO4 out of 8); house band nam
  ok   #39 L7.practice_questions[3].marks [HIGH] F1: mark ladder rebuilt for the real 40-mark post-1914 essay (AO1+AO3 out of 32, AO4 out of 8); house band nam
  ok   #40 L7.practice_questions[4].marks [HIGH] F1: mark ladder rebuilt for the real 40-mark post-1914 essay (AO1+AO3 out of 32, AO4 out of 8); house band nam
  ok   #41 L7.practice_questions[5].marks [HIGH] F1: mark ladder rebuilt for the real 40-mark post-1914 essay (AO1+AO3 out of 32, AO4 out of 8); house band nam
  ok   #127 L7.content_html [HIGH] F2: Mrs Phelps does not exist
  ok   #128 L7.content_html [HIGH] F2: Mrs Phelps does not exist
  ok   #129 L7.exam_tip_html [HIGH] F8: Edexcel AO4 is accurate written expression, not evaluation
  ok   #130 L7.conclusion_html [HIGH] F8: Edexcel AO4 is accurate written expression, not evaluation
  ok   #131 L7.flashcard_questions[4].a [HIGH] F2: Mrs Phelps does not exist
  ok   #132 L7.flashcard_questions[13].q [HIGH] F7: banned band-name string
  ok   #185 L7.content_html [MEDIUM] F18: The Empress is in two acts of fifteen scenes; there is no Act 3, and this lesson does not cover a whole a
  PATCH L7: practice_questions, content_html, exam_tip_html, conclusion_html, flashcard_questions
=== 187 applied, 0 skipped, 7 lessons / 43 fields changed
