=== APPLY EDITS english-literature-edexcel/an-inspector-calls  77 edits  LIVE  2026-09-02T14:22:42.966Z
  ok   #0 L1.practice_questions[0].marks [HIGH] F1: post-1914 essay is 40 marks (AO1 16 + AO3 16 + AO4 8); ladder rescaled from 25
  ok   #1 L1.practice_questions[1].marks [HIGH] F1: post-1914 essay is 40 marks (AO1 16 + AO3 16 + AO4 8); ladder rescaled from 25
  ok   #2 L1.practice_questions[2].marks [HIGH] F1: post-1914 essay is 40 marks (AO1 16 + AO3 16 + AO4 8); ladder rescaled from 25
  ok   #3 L1.practice_questions[3].marks [HIGH] F1: post-1914 essay is 40 marks (AO1 16 + AO3 16 + AO4 8); ladder rescaled from 25
  ok   #4 L1.practice_questions[4].marks [HIGH] F1: post-1914 essay is 40 marks (AO1 16 + AO3 16 + AO4 8); ladder rescaled from 25
  ok   #5 L1.practice_questions[5].marks [HIGH] F1: post-1914 essay is 40 marks (AO1 16 + AO3 16 + AO4 8); ladder rescaled from 25
  ok   #60 L1.content_html [LOW] F16: ‘Component 1’ is a banned spec code; also states the real AO3 weighting
  PATCH L1: practice_questions, content_html
  ok   #6 L2.practice_questions[0].marks [HIGH] F1: post-1914 essay is 40 marks (AO1 16 + AO3 16 + AO4 8); ladder rescaled from 25
  ok   #7 L2.practice_questions[1].marks [HIGH] F1: post-1914 essay is 40 marks (AO1 16 + AO3 16 + AO4 8); ladder rescaled from 25
  ok   #8 L2.practice_questions[2].marks [HIGH] F1: post-1914 essay is 40 marks (AO1 16 + AO3 16 + AO4 8); ladder rescaled from 25
  ok   #9 L2.practice_questions[3].marks [HIGH] F1: post-1914 essay is 40 marks (AO1 16 + AO3 16 + AO4 8); ladder rescaled from 25
  ok   #10 L2.practice_questions[4].marks [HIGH] F1: post-1914 essay is 40 marks (AO1 16 + AO3 16 + AO4 8); ladder rescaled from 25
  ok   #11 L2.practice_questions[5].marks [HIGH] F1: post-1914 essay is 40 marks (AO1 16 + AO3 16 + AO4 8); ladder rescaled from 25
  ok   #61 L2.content_html [LOW] F11: the play reads ‘her other name’ (Sheila, Act 1)
  PATCH L2: practice_questions, content_html
  ok   #12 L3.practice_questions[0].marks [HIGH] F1: post-1914 essay is 40 marks (AO1 16 + AO3 16 + AO4 8); ladder rescaled from 25
  ok   #13 L3.practice_questions[1].marks [HIGH] F1: post-1914 essay is 40 marks (AO1 16 + AO3 16 + AO4 8); ladder rescaled from 25
  ok   #14 L3.practice_questions[2].marks [HIGH] F1: post-1914 essay is 40 marks (AO1 16 + AO3 16 + AO4 8); ladder rescaled from 25
  ok   #15 L3.practice_questions[3].marks [HIGH] F1: post-1914 essay is 40 marks (AO1 16 + AO3 16 + AO4 8); ladder rescaled from 25
  ok   #16 L3.practice_questions[4].marks [HIGH] F1: post-1914 essay is 40 marks (AO1 16 + AO3 16 + AO4 8); ladder rescaled from 25 + F5/F14 wording
  ok   #17 L3.practice_questions[5].marks [HIGH] F1: post-1914 essay is 40 marks (AO1 16 + AO3 16 + AO4 8); ladder rescaled from 25
  ok   #48 L3.practice_questions[4].text [HIGH] F5: the ‘ashamed’ line is Eric’s, in Act 3 – replaced with a real Sheila Act 2 line
  ok   #53 L3.flashcard_questions[3].a [MEDIUM] F9: real Act 2 wording; the old answer was a spliced quotation
  ok   #54 L3.flashcard_questions[13].q [HIGH] F5: the ‘ashamed’ line is Eric’s, not Sheila’s
  ok   #62 L3.content_html [MEDIUM] F8: the quotation says his feelings were weaker than hers, the opposite of the claim
  ok   #63 L3.content_html [LOW] F15: ‘very grateful’ is not in the text; only ‘intensely grateful’ is
  ok   #64 L3.content_html [MEDIUM] F9: the old version spliced two separate Act 2 lines into one quotation
  PATCH L3: practice_questions, flashcard_questions, content_html
  ok   #18 L4.practice_questions[0].marks [HIGH] F1: post-1914 essay is 40 marks (AO1 16 + AO3 16 + AO4 8); ladder rescaled from 25
  ok   #19 L4.practice_questions[1].marks [HIGH] F1: post-1914 essay is 40 marks (AO1 16 + AO3 16 + AO4 8); ladder rescaled from 25
  ok   #20 L4.practice_questions[2].marks [HIGH] F1: post-1914 essay is 40 marks (AO1 16 + AO3 16 + AO4 8); ladder rescaled from 25
  ok   #21 L4.practice_questions[3].marks [HIGH] F1: post-1914 essay is 40 marks (AO1 16 + AO3 16 + AO4 8); ladder rescaled from 25
  ok   #22 L4.practice_questions[4].marks [HIGH] F1: post-1914 essay is 40 marks (AO1 16 + AO3 16 + AO4 8); ladder rescaled from 25
  ok   #23 L4.practice_questions[5].marks [HIGH] F1: post-1914 essay is 40 marks (AO1 16 + AO3 16 + AO4 8); ladder rescaled from 25
  ok   #65 L4.content_html [MEDIUM] F6: Eric says this to Birling about the theft, before the charity revelation
  ok   #66 L4.content_html [MEDIUM] F7: Gerald met a sergeant in the street; Birling rang the chief constable
  ok   #67 L4.exam_tip_html [HIGH] F4: AO4 rewards written accuracy, not terminology or argument
  PATCH L4: practice_questions, content_html, exam_tip_html
  ok   #24 L5.practice_questions[0].marks [HIGH] F1: post-1914 essay is 40 marks (AO1 16 + AO3 16 + AO4 8); ladder rescaled from 25
  ok   #25 L5.practice_questions[1].marks [HIGH] F1: post-1914 essay is 40 marks (AO1 16 + AO3 16 + AO4 8); ladder rescaled from 25 + F5/F14 wording
  ok   #26 L5.practice_questions[2].marks [HIGH] F1: post-1914 essay is 40 marks (AO1 16 + AO3 16 + AO4 8); ladder rescaled from 25
  ok   #27 L5.practice_questions[3].marks [HIGH] F1: post-1914 essay is 40 marks (AO1 16 + AO3 16 + AO4 8); ladder rescaled from 25 + F5/F14 wording
  ok   #28 L5.practice_questions[4].marks [HIGH] F1: post-1914 essay is 40 marks (AO1 16 + AO3 16 + AO4 8); ladder rescaled from 25
  ok   #29 L5.practice_questions[5].marks [HIGH] F1: post-1914 essay is 40 marks (AO1 16 + AO3 16 + AO4 8); ladder rescaled from 25
  ok   #49 L5.practice_questions[3].text [HIGH] F5: the ‘ashamed’ line is Eric’s – replaced with a real Sheila line
  ok   #50 L5.knowledge_checks[2].q [HIGH] F5: the line is Eric’s (Act 3), not Sheila’s
  ok   #55 L5.flashcard_questions[7].q [HIGH] F5: the ‘ashamed’ line is Eric’s, not Sheila’s
  ok   #68 L5.content_html [HIGH] F5: the ‘ashamed’ line is Eric’s (Act 3), not Sheila’s
  ok   #69 L5.content_html [HIGH] F5: the ‘ashamed’ line is Eric’s, not Sheila’s
  PATCH L5: practice_questions, knowledge_checks, flashcard_questions, content_html
  ok   #30 L6.practice_questions[0].marks [HIGH] F1: post-1914 essay is 40 marks (AO1 16 + AO3 16 + AO4 8); ladder rescaled from 25
  ok   #31 L6.practice_questions[1].marks [HIGH] F1: post-1914 essay is 40 marks (AO1 16 + AO3 16 + AO4 8); ladder rescaled from 25 + F5/F14 wording
  ok   #32 L6.practice_questions[2].marks [HIGH] F1: post-1914 essay is 40 marks (AO1 16 + AO3 16 + AO4 8); ladder rescaled from 25
  ok   #33 L6.practice_questions[3].marks [HIGH] F1: post-1914 essay is 40 marks (AO1 16 + AO3 16 + AO4 8); ladder rescaled from 25
  ok   #34 L6.practice_questions[4].marks [HIGH] F1: post-1914 essay is 40 marks (AO1 16 + AO3 16 + AO4 8); ladder rescaled from 25
  ok   #35 L6.practice_questions[5].marks [HIGH] F1: post-1914 essay is 40 marks (AO1 16 + AO3 16 + AO4 8); ladder rescaled from 25
  ok   #51 L6.knowledge_checks[3].q [MEDIUM] F10: the play says ‘an old county family—landed people and so forth’ (Birling, Act 1)
  ok   #56 L6.flashcard_questions[8].a [MEDIUM] F10: the play says ‘county’, not ‘country’
  ok   #70 L6.content_html [MEDIUM] F10: the play says ‘county’, and it is Birling describing Lady Croft
  ok   #71 L6.content_html [LOW] F14: the stage direction is ‘distressed’; the text never says he cries
  PATCH L6: practice_questions, knowledge_checks, flashcard_questions, content_html
  ok   #36 L7.practice_questions[0].marks [HIGH] F1: post-1914 essay is 40 marks (AO1 16 + AO3 16 + AO4 8); ladder rescaled from 25
  ok   #37 L7.practice_questions[1].marks [HIGH] F1: post-1914 essay is 40 marks (AO1 16 + AO3 16 + AO4 8); ladder rescaled from 25
  ok   #38 L7.practice_questions[2].marks [HIGH] F1: post-1914 essay is 40 marks (AO1 16 + AO3 16 + AO4 8); ladder rescaled from 25
  ok   #39 L7.practice_questions[3].marks [HIGH] F1: post-1914 essay is 40 marks (AO1 16 + AO3 16 + AO4 8); ladder rescaled from 25
  ok   #40 L7.practice_questions[4].marks [HIGH] F1: post-1914 essay is 40 marks (AO1 16 + AO3 16 + AO4 8); ladder rescaled from 25
  ok   #41 L7.practice_questions[5].marks [HIGH] F1: post-1914 essay is 40 marks (AO1 16 + AO3 16 + AO4 8); ladder rescaled from 25
  ok   #57 L7.flashcard_questions[7].q [MEDIUM] F13: an assessment objective is not a purpose – the question was nonsensical
  ok   #58 L7.flashcard_questions[13].q [HIGH] F5: the ‘ashamed’ line is Eric’s, not Sheila’s
  ok   #72 L7.content_html [MEDIUM] F12: Eva was already pregnant by Eric when she went to the committee
  PATCH L7: practice_questions, flashcard_questions, content_html
  ok   #42 L8.practice_questions[0].marks [HIGH] F1: post-1914 essay is 40 marks (AO1 16 + AO3 16 + AO4 8); ladder rescaled from 25
  ok   #43 L8.practice_questions[1].marks [HIGH] F1: post-1914 essay is 40 marks (AO1 16 + AO3 16 + AO4 8); ladder rescaled from 25
  ok   #44 L8.practice_questions[2].marks [HIGH] F1: post-1914 essay is 40 marks (AO1 16 + AO3 16 + AO4 8); ladder rescaled from 25 + F5/F14 wording
  ok   #45 L8.practice_questions[3].marks [HIGH] F1: post-1914 essay is 40 marks (AO1 16 + AO3 16 + AO4 8); ladder rescaled from 25
  ok   #46 L8.practice_questions[4].marks [HIGH] F1: post-1914 essay is 40 marks (AO1 16 + AO3 16 + AO4 8); ladder rescaled from 25
  ok   #47 L8.practice_questions[5].marks [HIGH] F1: post-1914 essay is 40 marks (AO1 16 + AO3 16 + AO4 8); ladder rescaled from 25
  ok   #52 L8.knowledge_checks[4].right[2] [HIGH] F3: AO4 does not reward specialist terminology
  ok   #59 L8.flashcard_questions[4].a [HIGH] F3: AO4 does not reward literary terminology
  ok   #73 L8.content_html [HIGH] F3: AO4 is written accuracy only, and it is worth 8 marks
  ok   #74 L8.conclusion_html [HIGH] F2: AO4 is 8 marks on this question, not 4
  ok   #75 L8.exam_tip_html [HIGH] F3: AO4 does not reward literary terminology
  ok   #76 L8.content_html [HIGH] F5: the ‘ashamed’ line moves from Sheila to Eric
  PATCH L8: practice_questions, knowledge_checks, flashcard_questions, content_html, conclusion_html, exam_tip_html
=== 77 applied, 0 skipped, 8 lessons / 27 fields changed
