
=== RE-NARRATION (changed narrated text only) ===
backup: C:\Users\tshau\Documents\Study Vault\scripts\_retrofc\units\english-literature-edexcel__an-inspector-calls\_backup.json
unit:   english-literature-edexcel / an-inspector-calls
run: 2026-09-02T14:22:47Z  mode: LIVE

8 lessons, 16 clips to regenerate

  L01 (Ollie)  Context: Priestley's Socialist Message
      n18: In the Edexcel English Literature exam, context on the post-1914 play question is assessed through AO3, which 
             -> 407 KB, 34.7s, uploaded
      manifest updated (23 entries)
  L02 (Ada)  Act 1: The Birlings' World Shattered
      n21: Act 1 ends with Gerald recognising the name “Daisy Renton” — a name the Inspector mentions as Eva’s later alia
             -> 316 KB, 27.0s, uploaded
      manifest updated (26 entries)
  L03 (Ollie)  Act 2: Gerald and Mrs Birling Exposed
      n2: Act 2 picks up where Act 1 left off, with Gerald forced to reveal his relationship with the woman he knew as D
             -> 328 KB, 28.0s, uploaded
      n3: Priestley presents Gerald’s involvement with Eva/Daisy as deeply ambiguous. On one hand, Gerald showed her gen
             -> 454 KB, 38.7s, uploaded
      n6: As Gerald confesses, Sheila’s reaction is crucial. Rather than simply being hurt by the revelation of Gerald’s
             -> 407 KB, 34.8s, uploaded
      manifest updated (23 entries)
  L04 (Ada)  Act 3: Eric, the Inspector's Speech & the Twist
      n3: Eric’s behaviour is shocking, but Priestley does not present him as purely villainous. Like Sheila, Eric is ca
             -> 420 KB, 35.9s, uploaded
      n11: After the Inspector leaves, Birling and Gerald set about trying to prove that he was not a real inspector. Ger
             -> 392 KB, 33.4s, uploaded
      n18: The Inspector’s final speech is one of the most commonly examined passages. Learn the quotation “fire and bloo
             -> 350 KB, 29.9s, uploaded
      manifest updated (22 entries)
  L05 (Ollie)  Character Analysis: The Birlings
      n12: Sheila undergoes the most complete character arc in the play. In Act 1, she is a privileged, slightly spoiled 
             -> 352 KB, 30.1s, uploaded
      n14: Key Fact . Sheila’s transformation is shown through her changing language. In Act 1 she uses childish terms (“
             -> 293 KB, 25.0s, uploaded
      manifest updated (23 entries)
  L06 (Ada)  Character Analysis: Inspector Goole & Gerald
      n13: Gerald Croft occupies a unique position in the play. He is not a Birling by blood, but he is deeply embedded i
             -> 352 KB, 30.0s, uploaded
      n15: Gerald’s behaviour after the Inspector’s departure is revealing. He is the one who discovers that “Inspector G
             -> 548 KB, 46.7s, uploaded
      manifest updated (23 entries)
  L07 (Ollie)  Key Themes
      n4: Key Fact . Priestley presents responsibility as a chain: Birling sacked Eva, Sheila got her sacked again, Gera
             -> 280 KB, 23.9s, uploaded
      manifest updated (24 entries)
  L08 (Ada)  Exam Technique & Key Quotations
      n8: AO4: Use a range of vocabulary and sentence structures for clarity, purpose and effect, with accurate spelling
             -> 244 KB, 20.8s, uploaded
      n15: Key Fact . Inspector Goole: “We are members of one body. We are responsible for each other.” | “fire and blood
             -> 433 KB, 37.0s, uploaded
      n33: The Edexcel post-1914 play question gives you a stimulus quotation and asks for an essay response worth 40 mar
             -> 184 KB, 15.7s, uploaded
      manifest updated (34 entries)

Regenerated 16 clips.

=== VERIFY (ranged GET + freshness) ===
  206  L01 n18  bytes 0-3/416448  Last-Modified: Wed, 02 Sep 2026 14:22:55 GMT  mp3-sync=OK
  206  L02 n21  bytes 0-3/324000  Last-Modified: Wed, 02 Sep 2026 14:23:01 GMT  mp3-sync=OK
  206  L03 n2  bytes 0-3/336096  Last-Modified: Wed, 02 Sep 2026 14:23:07 GMT  mp3-sync=OK
  206  L03 n3  bytes 0-3/464544  Last-Modified: Wed, 02 Sep 2026 14:23:15 GMT  mp3-sync=OK
  206  L03 n6  bytes 0-3/417024  Last-Modified: Wed, 02 Sep 2026 14:23:22 GMT  mp3-sync=OK
  206  L04 n3  bytes 0-3/430272  Last-Modified: Wed, 02 Sep 2026 14:23:28 GMT  mp3-sync=OK
  206  L04 n11  bytes 0-3/400896  Last-Modified: Wed, 02 Sep 2026 14:23:35 GMT  mp3-sync=OK
  206  L04 n18  bytes 0-3/358560  Last-Modified: Wed, 02 Sep 2026 14:23:40 GMT  mp3-sync=OK
  206  L05 n12  bytes 0-3/360576  Last-Modified: Wed, 02 Sep 2026 14:23:46 GMT  mp3-sync=OK
  206  L05 n14  bytes 0-3/299808  Last-Modified: Wed, 02 Sep 2026 14:23:51 GMT  mp3-sync=OK
  206  L06 n13  bytes 0-3/360000  Last-Modified: Wed, 02 Sep 2026 14:23:58 GMT  mp3-sync=OK
  206  L06 n15  bytes 0-3/560736  Last-Modified: Wed, 02 Sep 2026 14:24:06 GMT  mp3-sync=OK
  206  L07 n4  bytes 0-3/286848  Last-Modified: Wed, 02 Sep 2026 14:24:11 GMT  mp3-sync=OK
  206  L08 n8  bytes 0-3/249408  Last-Modified: Wed, 02 Sep 2026 14:24:16 GMT  mp3-sync=OK
  206  L08 n15  bytes 0-3/443808  Last-Modified: Wed, 02 Sep 2026 14:24:22 GMT  mp3-sync=OK
  206  L08 n33  bytes 0-3/188352  Last-Modified: Wed, 02 Sep 2026 14:24:25 GMT  mp3-sync=OK

16/16 clips verified HTTP 200/206 with fresh audio.
