
=== RE-NARRATION (changed narrated text only) ===
backup: C:\Users\tshau\Documents\Study Vault\scripts\_retrofc\units\film-studies-eduqas__film-form-and-language\_backup.json
unit:   film-studies-eduqas / film-form-and-language
run: 2026-09-05T13:33:30Z  mode: LIVE

3 lessons, 4 clips to regenerate

  L01 (Ollie)  Cinematography: Shot, Angle, Movement and Lighting
      n13: The Steadicam was developed in the mid-1970s and transformed how directors could follow actors through complex
             -> 379 KB, 32.4s, uploaded
      manifest updated (25 entries)
  L04 (Ada)  Sound: Diegetic, Non-Diegetic, Score and Sound Bridges
      n3: Key Fact . Diegetic sound belongs to the film’s world: a door slamming, characters talking, a radio playing in
             -> 168 KB, 14.3s, uploaded
      n22: Diegetic sound exists inside the film’s world (dialogue, ambient noise, Foley effects); non-diegetic sound has
             -> 175 KB, 14.9s, uploaded
      manifest updated (24 entries)
  L05 (Ollie)  Narrative Structure: Plot, Story and Three-Act Form
      n16: Vladimir Propp studied Russian folk tales and identified recurring character roles he called spheres of action
             -> 530 KB, 45.3s, uploaded
      manifest updated (21 entries)

Regenerated 4 clips.

=== VERIFY (ranged GET + freshness) ===
  206  L01 n13  bytes 0-3/388512  Last-Modified: Sat, 05 Sep 2026 13:33:37 GMT  mp3-sync=OK
  206  L04 n3  bytes 0-3/171648  Last-Modified: Sat, 05 Sep 2026 13:33:40 GMT  mp3-sync=OK
  206  L04 n22  bytes 0-3/178848  Last-Modified: Sat, 05 Sep 2026 13:33:43 GMT  mp3-sync=OK
  206  L05 n16  bytes 0-3/543168  Last-Modified: Sat, 05 Sep 2026 13:33:51 GMT  mp3-sync=OK

4/4 clips verified HTTP 200/206 with fresh audio.
