
=== RE-NARRATION (changed narrated text only) ===
backup: C:\Users\tshau\Documents\Study Vault\scripts\_retrofc\units\computer-science-aqa__ethical-legal-environmental\_backup.json
unit:   computer-science-aqa / ethical-legal-environmental
run: 2026-09-06T10:50:48Z  mode: LIVE

2 lessons, 4 clips to regenerate

  L01 (Ollie)  Ethical and Legal Issues in Digital Technology
      n21: The Computer Misuse Act 1990 makes it a criminal offence to access a computer system without authorisation. It
             -> 473 KB, 40.4s, uploaded
      n23: Key Fact . Three UK laws worth knowing: Data Protection Act 2018 — controls personal data handling; Computer M
             -> 242 KB, 20.6s, uploaded
      n24: Longer questions on ethical or legal issues need both balance and specific detail. If asked to “discuss” or “e
             -> 325 KB, 27.7s, uploaded
      manifest updated (28 entries)
  L02 (Ada)  Autonomous Vehicles and Environmental Impacts
      n13: Producing electronic devices requires mining metals and minerals including lithium, cobalt, gold and tantalum,
             -> 347 KB, 29.6s, uploaded
      manifest updated (27 entries)

Regenerated 4 clips.

=== VERIFY (ranged GET + freshness) ===
  206  L01 n21  bytes 0-3/484704  Last-Modified: Sun, 06 Sep 2026 10:51:00 GMT  mp3-sync=OK
  206  L01 n23  bytes 0-3/247392  Last-Modified: Sun, 06 Sep 2026 10:51:04 GMT  mp3-sync=OK
  206  L01 n24  bytes 0-3/332352  Last-Modified: Sun, 06 Sep 2026 10:51:10 GMT  mp3-sync=OK
  206  L02 n13  bytes 0-3/355392  Last-Modified: Sun, 06 Sep 2026 10:51:16 GMT  mp3-sync=OK

4/4 clips verified HTTP 200/206 with fresh audio.
