=== APPLY EDITS history-edexcel/richard-i-king-john  126 edits  LIVE  2026-09-06T01:43:29.608Z
  ok   #0 L1.exam_tip_html [HIGH] F1: Paper 2 carries no SPaG marks (they sit on Paper 1 and Paper 3); mark-scheme claim removed
  ok   #1 L1.practice_questions[3].marks [HIGH] F-tariff: mark scheme rebuilt for the 12-mark Explain Why band
  ok   #2 L1.practice_questions[3].type [HIGH] F-tariff: this paper sets Explain Why at 12 marks; the 8-mark form is not used here
  ok   #3 L1.practice_questions[4].marks [HIGH] F-tariff: mark scheme rebuilt for the 12-mark Explain Why band
  ok   #4 L1.practice_questions[4].type [HIGH] F-tariff: this paper sets Explain Why at 12 marks; the 8-mark form is not used here
  PATCH L1: exam_tip_html, practice_questions
  ok   #5 L2.content_html [HIGH] F4: Geoffrey (b. 1158) was younger than Richard (b. 1157); L5 correctly calls Geoffrey John's elder brother
  ok   #6 L2.content_html [MEDIUM] F5: Richard did not levy the Saladin Tithe; he spent Henry II's treasury and sold offices (Wikipedia 'Richard 
  ok   #7 L2.content_html [HIGH] F7: Richard did not return in 1193; he was released on 4 Feb 1194. Walter was elected archbishop 29 May 1193 a
  ok   #8 L2.exam_tip_html [HIGH] F9: this paper sets Explain Why at 12 marks, not 8
  ok   #9 L2.knowledge_checks[4].right[3] [MEDIUM] F11: John held no regency; Richard's government lay with the justiciars
  ok   #10 L2.practice_questions[1].marks [MEDIUM] F6: Richard did not continue the Saladin Tithe
  ok   #11 L2.practice_questions[2].marks [MEDIUM] F8: Walter was never Chancellor under Richard; John appointed him Chancellor on 27 May 1199
  ok   #12 L2.practice_questions[3].marks [HIGH] F-tariff: mark scheme rebuilt for the 12-mark Explain Why band
  ok   #13 L2.practice_questions[3].type [HIGH] F-tariff: this paper sets Explain Why at 12 marks; the 8-mark form is not used here
  ok   #14 L2.practice_questions[4].marks [HIGH] F-tariff: mark scheme rebuilt for the 12-mark Explain Why band
  ok   #15 L2.practice_questions[4].type [HIGH] F-tariff: this paper sets Explain Why at 12 marks; the 8-mark form is not used here
  PATCH L2: content_html, exam_tip_html, knowledge_checks, practice_questions
  ok   #16 L3.content_html [HIGH] F13: Richard took the Cross at Tours in Nov 1187, before the Gisors ceremony of Jan 1188 (Wikipedia 'Richard I
  ok   #17 L3.content_html [MEDIUM] F14: Silves (21 Jul - 3 Sep 1189) was taken by a separate northern fleet that left Bremen in April 1189, not b
  ok   #18 L3.content_html [MEDIUM] F19: the marriage took place in Cyprus in May 1191, not in Sicily
  ok   #19 L3.exam_tip_html [HIGH] F16: no SPaG marks on this paper and no 8-mark question
  ok   #20 L3.practice_questions[0].marks [MEDIUM] F15: same Silves conflation as F14
  ok   #21 L3.practice_questions[3].marks [HIGH] F-tariff: mark scheme rebuilt for the 12-mark Explain Why band
  ok   #22 L3.practice_questions[3].type [HIGH] F-tariff: this paper sets Explain Why at 12 marks; the 8-mark form is not used here
  ok   #23 L3.practice_questions[4].marks [HIGH] F-tariff: mark scheme rebuilt for the 12-mark Explain Why band
  ok   #24 L3.practice_questions[4].type [HIGH] F-tariff: this paper sets Explain Why at 12 marks; the 8-mark form is not used here
  PATCH L3: content_html, exam_tip_html, practice_questions
  ok   #25 L4.content_html [MEDIUM] F21: the second advance to Beit Nuba was in June 1192, not early 1192
  ok   #26 L4.exam_tip_html [HIGH] F23: Explain Why is a 12-mark question on this paper
  ok   #27 L4.exam_tip_html [HIGH] F23: no SPaG marks on this paper
  ok   #28 L4.practice_questions[2].marks [MEDIUM] F22: Henry the Lion was not a candidate for the imperial throne in 1193; the quarrel was over Richard's Welf a
  ok   #29 L4.practice_questions[3].marks [HIGH] F-tariff: mark scheme rebuilt for the 12-mark Explain Why band
  ok   #30 L4.practice_questions[3].type [HIGH] F-tariff: this paper sets Explain Why at 12 marks; the 8-mark form is not used here
  ok   #31 L4.practice_questions[4].marks [HIGH] F-tariff: mark scheme rebuilt for the 12-mark Explain Why band
  ok   #32 L4.practice_questions[4].type [HIGH] F-tariff: this paper sets Explain Why at 12 marks; the 8-mark form is not used here
  ok   #125 L4.content_html [LOW] ruling: release place disputed (Speyer/Mainz), dropped.
  PATCH L4: content_html, exam_tip_html, practice_questions
  ok   #33 L5.content_html [MEDIUM] F25: the Margam annals are the fullest account but their reliability is debated; 'most credible' states a judg
  ok   #34 L5.practice_questions[2].marks [HIGH] F-tariff: mark scheme rebuilt for the 12-mark Explain Why band
  ok   #35 L5.practice_questions[2].type [HIGH] F-tariff: this paper sets Explain Why at 12 marks; the 8-mark form is not used here
  ok   #36 L5.practice_questions[3].marks [HIGH] F-tariff: mark scheme rebuilt for the 12-mark Explain Why band
  ok   #37 L5.practice_questions[3].type [HIGH] F-tariff: this paper sets Explain Why at 12 marks; the 8-mark form is not used here
  ok   #38 L5.practice_questions[4].marks [HIGH] F26: the commander at Mirebeau was William des Roches, not William Marshal | F-tariff: mark scheme rebuilt for
  ok   #39 L5.practice_questions[4].text [MEDIUM] F-tariff: the 12-mark question on this paper always supplies two stimulus points
  ok   #40 L5.practice_questions[4].type [HIGH] F-tariff: this paper sets Explain Why at 12 marks; the 8-mark form is not used here
  PATCH L5: content_html, practice_questions
  ok   #41 L6.content_html [MEDIUM] F29: the castle stands between Paris and Rouen, so upstream of Rouen (Wikipedia); the lesson's own mark scheme
  ok   #42 L6.content_html [MEDIUM] F30: the siege ran September 1203 - 6 March 1204 (Wikipedia), which is the six months the lesson states
  ok   #43 L6.content_html [MEDIUM] F30: siege began September 1203
  ok   #44 L6.content_html [MEDIUM] F30: siege began September 1203
  ok   #45 L6.exam_tip_html [HIGH] F31: there are no SPaG marks on this paper, and the capping claim is invented
  ok   #46 L6.flashcard_questions[7].a [MEDIUM] F30: siege began September 1203
  ok   #47 L6.practice_questions[1].marks [MEDIUM] F30: siege began September 1203
  ok   #48 L6.practice_questions[2].marks [HIGH] F30: siege began September 1203 | F-tariff: mark scheme rebuilt for the 12-mark Explain Why band
  ok   #49 L6.practice_questions[2].type [HIGH] F-tariff: this paper sets Explain Why at 12 marks; the 8-mark form is not used here
  ok   #50 L6.practice_questions[3].marks [HIGH] F-tariff: mark scheme rebuilt for the 12-mark Explain Why band
  ok   #51 L6.practice_questions[3].text [MEDIUM] F-tariff: the 12-mark question on this paper always supplies two stimulus points
  ok   #52 L6.practice_questions[3].type [HIGH] F-tariff: this paper sets Explain Why at 12 marks; the 8-mark form is not used here
  ok   #53 L6.practice_questions[4].marks [HIGH] F-tariff: mark scheme rebuilt for the 12-mark Explain Why band
  ok   #54 L6.practice_questions[4].type [HIGH] F-tariff: this paper sets Explain Why at 12 marks; the 8-mark form is not used here
  PATCH L6: content_html, exam_tip_html, flashcard_questions, practice_questions
  ok   #55 L7.conclusion_html [HIGH] F35: relief figures are in marks
  ok   #56 L7.content_html [HIGH] F34: the 1214 scutage was three MARKS per fee (Wikipedia 'Scutage'); L9 states this correctly, so the unit con
  ok   #57 L7.content_html [HIGH] F35: L9 carries the documented figures (de Lacy 7,000 marks, fitz Alan 10,000 marks); L7 gave the wrong man an
  ok   #58 L7.content_html [HIGH] F35: relief figures are in marks
  ok   #59 L7.content_html [MEDIUM] F36: the 1188 Saladin Tithe and the 1193-94 quarter had already taxed income and moveables, as this unit says 
  ok   #60 L7.exam_tip_html [HIGH] F37: Explain Why is a 12-mark question on this paper
  ok   #61 L7.exam_tip_html [HIGH] F35: relief figures are in marks
  ok   #62 L7.flashcard_questions[6].a [HIGH] F35: answer key gave the wrong figure and currency
  ok   #63 L7.practice_questions[1].marks [MEDIUM] F36: not the first tax on income and moveables
  ok   #64 L7.practice_questions[2].marks [HIGH] F35: relief figures are in marks and the 7,000 figure belongs to de Lacy | F-tariff: mark scheme rebuilt for t
  ok   #65 L7.practice_questions[2].type [HIGH] F-tariff: this paper sets Explain Why at 12 marks; the 8-mark form is not used here
  ok   #66 L7.practice_questions[3].marks [HIGH] F-tariff: mark scheme rebuilt for the 12-mark Explain Why band
  ok   #67 L7.practice_questions[3].type [HIGH] F-tariff: this paper sets Explain Why at 12 marks; the 8-mark form is not used here
  ok   #68 L7.practice_questions[4].marks [HIGH] F-tariff: mark scheme rebuilt for the 12-mark Explain Why band
  ok   #69 L7.practice_questions[4].text [MEDIUM] F-tariff: the 12-mark question on this paper always supplies two stimulus points
  ok   #70 L7.practice_questions[4].type [HIGH] F-tariff: this paper sets Explain Why at 12 marks; the 8-mark form is not used here
  ok   #71 L7.practice_questions[5].marks [HIGH] F35: relief figures are in marks
  PATCH L7: conclusion_html, content_html, exam_tip_html, flashcard_questions, practice_questions
  ok   #72 L8.content_html [MEDIUM] F39: the Fourth Crusade was called in 1198 and ended in 1204, before the 1205-07 dispute described here
  ok   #73 L8.content_html [MEDIUM] F40: Langton read Henry I's charter of liberties at a council on 25 August 1213 (Wikipedia 'Stephen Langton')
  ok   #74 L8.practice_questions[2].marks [HIGH] F-tariff: mark scheme rebuilt for the 12-mark Explain Why band
  ok   #75 L8.practice_questions[2].type [HIGH] F-tariff: this paper sets Explain Why at 12 marks; the 8-mark form is not used here
  ok   #76 L8.practice_questions[3].marks [HIGH] F-tariff: mark scheme rebuilt for the 12-mark Explain Why band
  ok   #77 L8.practice_questions[3].text [MEDIUM] F-tariff: the 12-mark question on this paper always supplies two stimulus points
  ok   #78 L8.practice_questions[3].type [HIGH] F-tariff: this paper sets Explain Why at 12 marks; the 8-mark form is not used here
  ok   #79 L8.practice_questions[4].marks [HIGH] F-tariff: mark scheme rebuilt for the 12-mark Explain Why band
  ok   #80 L8.practice_questions[4].text [MEDIUM] F-tariff: the 12-mark question on this paper always supplies two stimulus points
  ok   #81 L8.practice_questions[4].type [HIGH] F-tariff: this paper sets Explain Why at 12 marks; the 8-mark form is not used here
  PATCH L8: content_html, practice_questions
  ok   #82 L9.exam_tip_html [HIGH] F42: wrong tariff, and 'examiners want' is an invented exam claim
  ok   #83 L9.exam_tip_html [HIGH] F42: no SPaG marks on this paper; the capping claim is invented
  ok   #84 L9.practice_questions[2].marks [HIGH] F-tariff: mark scheme rebuilt for the 12-mark Explain Why band
  ok   #85 L9.practice_questions[2].type [HIGH] F-tariff: this paper sets Explain Why at 12 marks; the 8-mark form is not used here
  ok   #86 L9.practice_questions[3].marks [HIGH] F-tariff: mark scheme rebuilt for the 12-mark Explain Why band
  ok   #87 L9.practice_questions[3].text [MEDIUM] F-tariff: the 12-mark question on this paper always supplies two stimulus points
  ok   #88 L9.practice_questions[3].type [HIGH] F-tariff: this paper sets Explain Why at 12 marks; the 8-mark form is not used here
  ok   #89 L9.practice_questions[4].marks [HIGH] F-tariff: mark scheme rebuilt for the 12-mark Explain Why band
  ok   #90 L9.practice_questions[4].text [MEDIUM] F-tariff: the 12-mark question on this paper always supplies two stimulus points
  ok   #91 L9.practice_questions[4].type [HIGH] F-tariff: this paper sets Explain Why at 12 marks; the 8-mark form is not used here
  PATCH L9: exam_tip_html, practice_questions
  ok   #92 L10.content_html [MEDIUM] F46: the rebels held London and came out to Runnymede; nobody expelled them
  ok   #93 L10.content_html [HIGH] F45: John was dissuaded by Savari de Mauleon and only one crossbowman was hanged (Wikipedia 'Rochester Castle'
  ok   #94 L10.exam_tip_html [HIGH] F47: there are no SPaG marks on this paper
  ok   #95 L10.flashcard_questions[10].a [LOW] F49: 11 October to 30 November is about seven weeks, not six
  ok   #96 L10.practice_questions[1].marks [HIGH] F45: only one man was hanged
  ok   #97 L10.practice_questions[2].marks [HIGH] F45: only one man was hanged | F-tariff: mark scheme rebuilt for the 12-mark Explain Why band
  ok   #98 L10.practice_questions[2].type [HIGH] F-tariff: this paper sets Explain Why at 12 marks; the 8-mark form is not used here
  ok   #99 L10.practice_questions[3].marks [HIGH] F-tariff: mark scheme rebuilt for the 12-mark Explain Why band
  ok   #100 L10.practice_questions[3].text [MEDIUM] F-tariff: the 12-mark question on this paper always supplies two stimulus points
  ok   #101 L10.practice_questions[3].type [HIGH] F-tariff: this paper sets Explain Why at 12 marks; the 8-mark form is not used here
  ok   #102 L10.practice_questions[4].marks [HIGH] F45: only one man was hanged | F-tariff: mark scheme rebuilt for the 12-mark Explain Why band
  ok   #103 L10.practice_questions[4].text [MEDIUM] F-tariff: the 12-mark question on this paper always supplies two stimulus points
  ok   #104 L10.practice_questions[4].type [HIGH] F-tariff: this paper sets Explain Why at 12 marks; the 8-mark form is not used here
  PATCH L10: content_html, exam_tip_html, flashcard_questions, practice_questions
  ok   #105 L11.conclusion_html [HIGH] F51: the legate presided; Peter des Roches performed the crowning
  ok   #106 L11.content_html [MEDIUM] F53/F54: what went down in the Wash was the baggage train and regalia (as the lesson later says); and the next
  ok   #107 L11.content_html [MEDIUM] F52: war from September 1215 to October 1216, as this lesson's own mark scheme dates it
  ok   #108 L11.content_html [MEDIUM] F55: Lincoln Castle was held for the king by Nicola de la Haye - that is why the 1217 battle was fought to rel
  ok   #109 L11.content_html [HIGH] F51: Henry III was crowned by Peter des Roches and anointed by the bishops of Worcester and Exeter; Guala over
  ok   #110 L11.content_html [HIGH] F51: the legate presided; Peter des Roches performed the crowning
  ok   #111 L11.content_html [LOW] F56: 11 November 1216 to his death on 14 May 1219 is about thirty months
  ok   #112 L11.content_html [MEDIUM] F57: Lincoln was fought in 1217, the thirteenth century
  ok   #113 L11.exam_tip_html [HIGH] F58: 'examiners reward' is an invented exam claim
  ok   #114 L11.exam_tip_html [HIGH] F58: there are no SPaG marks on this paper
  ok   #115 L11.flashcard_questions[3].a [HIGH] F51: answer key named the legate instead of the bishop who crowned him
  ok   #116 L11.knowledge_checks[2].q [HIGH] F51: the stem named the wrong officiant
  ok   #117 L11.practice_questions[2].marks [HIGH] F51: the legate presided; Peter des Roches performed the crowning | F-tariff: mark scheme rebuilt for the 12-m
  ok   #118 L11.practice_questions[2].type [HIGH] F-tariff: this paper sets Explain Why at 12 marks; the 8-mark form is not used here
  ok   #119 L11.practice_questions[3].marks [HIGH] F-tariff: mark scheme rebuilt for the 12-mark Explain Why band
  ok   #120 L11.practice_questions[3].text [MEDIUM] F-tariff: the 12-mark question on this paper always supplies two stimulus points
  ok   #121 L11.practice_questions[3].type [HIGH] F-tariff: this paper sets Explain Why at 12 marks; the 8-mark form is not used here
  ok   #122 L11.practice_questions[4].marks [HIGH] F51: the legate presided rather than performed the crowning | F-tariff: mark scheme rebuilt for the 12-mark Ex
  ok   #123 L11.practice_questions[4].text [MEDIUM] F-tariff: the 12-mark question on this paper always supplies two stimulus points
  ok   #124 L11.practice_questions[4].type [HIGH] F-tariff: this paper sets Explain Why at 12 marks; the 8-mark form is not used here
  PATCH L11: conclusion_html, content_html, exam_tip_html, flashcard_questions, knowledge_checks, practice_questions
=== 126 applied, 0 skipped, 11 lessons / 37 fields changed
