
=== RE-NARRATION (changed narrated text only) ===
backup: C:\Users\tshau\Documents\Study Vault\scripts\_retrofc\units\drama-aqa__the-crucible\_backup.json
unit:   drama-aqa / the-crucible
run: 2026-09-06T01:29:02Z  mode: LIVE

3 lessons, 4 clips to regenerate

  L04 (Ada)  Context: Salem 1692 and McCarthy 1953
      n4: Salem, Massachusetts, was a small Puritan theocracy in New England. Puritan settlers had emigrated from Englan
             -> 361 KB, 30.8s, uploaded
      n6: Key Fact . The historical Salem witch trials (1692): 19 people hanged, one (Giles Corey) pressed to death, and
             -> 272 KB, 23.2s, uploaded
      manifest updated (26 entries)
  L05 (Ollie)  Dramatic Methods: Language and Genre
      n8: Dramatic irony is one of Miller’s most powerful tools. From very early in the play, the audience understands t
             -> 225 KB, 19.2s, uploaded
      manifest updated (23 entries)
  L06 (Ada)  Staging and Design: Bringing Salem to the Stage
      n8: Lighting can carry the emotional arc of the play on its own. In the domestic scenes — the Proctor household in
             -> 464 KB, 39.6s, uploaded
      manifest updated (24 entries)

Regenerated 4 clips.

=== VERIFY (ranged GET + freshness) ===
  206  L04 n4  bytes 0-3/370080  Last-Modified: Sun, 06 Sep 2026 01:29:11 GMT  mp3-sync=OK
  206  L04 n6  bytes 0-3/278784  Last-Modified: Sun, 06 Sep 2026 01:29:15 GMT  mp3-sync=OK
  206  L05 n8  bytes 0-3/230112  Last-Modified: Sun, 06 Sep 2026 01:29:20 GMT  mp3-sync=OK
  206  L06 n8  bytes 0-3/475488  Last-Modified: Sun, 06 Sep 2026 01:29:27 GMT  mp3-sync=OK

4/4 clips verified HTTP 200/206 with fresh audio.
