=== APPLY EDITS history-edexcel/conflict-middle-east  95 edits  LIVE  2026-09-06T02:05:16.100Z
  ok   #0 L1.content_html [HIGH] F2: no mark scheme calls Biltmore 'the 1945 Zionist conference'; invented exam citation removed.
  ok   #1 L1.content_html [HIGH] F2: invented mark-scheme citation; the advice itself is sound and is kept.
  ok   #2 L1.exam_tip_html [MEDIUM] F3: 'examiners reward' is an invented exam claim.
  ok   #44 L1.practice_questions[3].type [HIGH] F1: the Edexcel period study sets ‘Explain two consequences of…’ at 8 marks, 4 for each consequence; this was 
  ok   #45 L1.practice_questions[3].marks [HIGH] F1: the Edexcel period study sets ‘Explain two consequences of…’ at 8 marks, 4 for each consequence; this was 
  ok   #46 L1.practice_questions[5].type [HIGH] F1: the Edexcel period study sets ‘Explain two consequences of…’ at 8 marks, 4 for each consequence; this was 
  ok   #47 L1.practice_questions[5].marks [HIGH] F1: the Edexcel period study sets ‘Explain two consequences of…’ at 8 marks, 4 for each consequence; this was 
  PATCH L1: content_html, exam_tip_html, practice_questions
  ok   #3 L2.content_html [MEDIUM] F3: heading asserts mark-scheme behaviour.
  ok   #4 L2.content_html [HIGH] F4: Operation Agatha (29 June - 1 July 1946) caused the bombing; it cannot be its consequence. Operation Shark
  ok   #5 L2.content_html [MEDIUM] F5: the UNSCOP report is dated 3 September 1947.
  ok   #6 L2.content_html [HIGH] F2: invented indicative-content citation; also board mark-scheme vocabulary.
  ok   #7 L2.exam_tip_html [HIGH] F1: the period-study consequence question is worth 8 marks, 4 for each consequence.
  ok   #8 L2.exam_tip_html [HIGH] F1: 4 marks per consequence, not 2.
  ok   #48 L2.practice_questions[0].type [HIGH] F1: the Edexcel period study sets ‘Explain two consequences of…’ at 8 marks, 4 for each consequence; this was 
  ok   #49 L2.practice_questions[0].marks [HIGH] F1: the Edexcel period study sets ‘Explain two consequences of…’ at 8 marks, 4 for each consequence; this was 
  ok   #50 L2.practice_questions[1].type [HIGH] F1: the Edexcel period study sets ‘Explain two consequences of…’ at 8 marks, 4 for each consequence; this was 
  ok   #51 L2.practice_questions[1].marks [HIGH] F1 + F4: 8-mark tariff, and Operation Agatha preceded and provoked the bombing so it cannot be its consequence
  PATCH L2: content_html, exam_tip_html, practice_questions
  ok   #9 L3.content_html [LOW] F13: talks opened at Rhodes in January but the first armistice (Egypt) was signed on 24 February 1949.
  ok   #52 L3.practice_questions[2].type [HIGH] F1: the Edexcel period study sets ‘Explain two consequences of…’ at 8 marks, 4 for each consequence; this was 
  ok   #53 L3.practice_questions[2].marks [HIGH] F1: the Edexcel period study sets ‘Explain two consequences of…’ at 8 marks, 4 for each consequence; this was 
  ok   #54 L3.practice_questions[5].type [HIGH] F1: the Edexcel period study sets ‘Explain two consequences of…’ at 8 marks, 4 for each consequence; this was 
  ok   #55 L3.practice_questions[5].marks [HIGH] F1: the Edexcel period study sets ‘Explain two consequences of…’ at 8 marks, 4 for each consequence; this was 
  PATCH L3: content_html, practice_questions
  ok   #10 L4.description [LOW] F12: description was 102 characters; the validator caps it under 100.
  ok   #11 L4.content_html [MEDIUM] F3: invented mark-scheme claim.
  ok   #12 L4.content_html [HIGH] F2: fabricated past-paper citation.
  ok   #13 L4.exam_tip_html [HIGH] F2: fabricated past-paper citation.
  ok   #14 L4.exam_tip_html [MEDIUM] F3: 'examiners reward' is an invented exam claim.
  ok   #56 L4.practice_questions[2].type [HIGH] F1: the Edexcel period study sets ‘Explain two consequences of…’ at 8 marks, 4 for each consequence; this was 
  ok   #57 L4.practice_questions[2].marks [HIGH] F1: the Edexcel period study sets ‘Explain two consequences of…’ at 8 marks, 4 for each consequence; this was 
  ok   #58 L4.practice_questions[5].type [HIGH] F1: the Edexcel period study sets ‘Explain two consequences of…’ at 8 marks, 4 for each consequence; this was 
  ok   #59 L4.practice_questions[5].marks [HIGH] F1 + F11: 8-mark tariff, and Nasser was Prime Minister in February 1955; he became President in June 1956.
  PATCH L4: description, content_html, exam_tip_html, practice_questions
  ok   #15 L5.content_html [MEDIUM] F3: invented exam claim.
  ok   #16 L5.content_html [MEDIUM] F3: heading asserts examiner behaviour.
  ok   #17 L5.content_html [HIGH] F2: invented indicative-content citation.
  ok   #18 L5.content_html [MEDIUM] F3: invented exam claim.
  ok   #19 L5.exam_tip_html [MEDIUM] F3: invented exam claim.
  ok   #60 L5.practice_questions[3].type [HIGH] F1: the Edexcel period study sets ‘Explain two consequences of…’ at 8 marks, 4 for each consequence; this was 
  ok   #61 L5.practice_questions[3].marks [HIGH] F1: the Edexcel period study sets ‘Explain two consequences of…’ at 8 marks, 4 for each consequence; this was 
  ok   #62 L5.practice_questions[4].type [HIGH] F1: the Edexcel period study sets ‘Explain two consequences of…’ at 8 marks, 4 for each consequence; this was 
  ok   #63 L5.practice_questions[4].marks [HIGH] F1: the Edexcel period study sets ‘Explain two consequences of…’ at 8 marks, 4 for each consequence; this was 
  PATCH L5: content_html, exam_tip_html, practice_questions
  ok   #20 L6.content_html [MEDIUM] F3: heading asserts examiner behaviour.
  ok   #21 L6.content_html [HIGH] F2: invented indicative-content citation.
  ok   #22 L6.content_html [LOW] F3: neutral wording.
  ok   #23 L6.exam_tip_html [HIGH] F1: the consequence question is worth 8 marks, 4 for each consequence.
  ok   #24 L6.exam_tip_html [MEDIUM] F3: invented exam claim.
  ok   #64 L6.practice_questions[0].type [HIGH] F1: the Edexcel period study sets ‘Explain two consequences of…’ at 8 marks, 4 for each consequence; this was 
  ok   #65 L6.practice_questions[0].marks [HIGH] F1: the Edexcel period study sets ‘Explain two consequences of…’ at 8 marks, 4 for each consequence; this was 
  ok   #66 L6.practice_questions[1].type [HIGH] F1: the Edexcel period study sets ‘Explain two consequences of…’ at 8 marks, 4 for each consequence; this was 
  ok   #67 L6.practice_questions[1].marks [HIGH] F1: the Edexcel period study sets ‘Explain two consequences of…’ at 8 marks, 4 for each consequence; this was 
  ok   #68 L6.practice_questions[2].type [HIGH] F1: the Edexcel period study sets ‘Explain two consequences of…’ at 8 marks, 4 for each consequence; this was 
  ok   #69 L6.practice_questions[2].marks [HIGH] F1: the Edexcel period study sets ‘Explain two consequences of…’ at 8 marks, 4 for each consequence; this was 
  PATCH L6: content_html, exam_tip_html, practice_questions
  ok   #25 L7.content_html [MEDIUM] F6: Israeli wounded were about 4,517, not 2,500; the Arab death range was overstated.
  ok   #26 L7.content_html [MEDIUM] F3: invented exam claim.
  ok   #27 L7.content_html [LOW] F3: heading asserts examiner behaviour.
  ok   #70 L7.practice_questions[3].type [HIGH] F1: the Edexcel period study sets ‘Explain two consequences of…’ at 8 marks, 4 for each consequence; this was 
  ok   #71 L7.practice_questions[3].marks [HIGH] F1: the Edexcel period study sets ‘Explain two consequences of…’ at 8 marks, 4 for each consequence; this was 
  ok   #72 L7.practice_questions[4].type [HIGH] F1: the Edexcel period study sets ‘Explain two consequences of…’ at 8 marks, 4 for each consequence; this was 
  ok   #73 L7.practice_questions[4].marks [HIGH] F1: the Edexcel period study sets ‘Explain two consequences of…’ at 8 marks, 4 for each consequence; this was 
  ok   #94 L7.flashcard_questions[13].a [MEDIUM] F6: Israeli wounded in the Six Day War were about 4,517.
  PATCH L7: content_html, practice_questions, flashcard_questions
  ok   #28 L8.content_html [MEDIUM] F7: three hijacks succeeded on 6 September (a fourth attempt failed); the BOAC aircraft was taken on 9 Septemb
  ok   #29 L8.content_html [MEDIUM] F7: three aircraft reached Dawson's Field; the Pan Am jet was flown to Cairo.
  ok   #30 L8.content_html [HIGH] F2: fabricated examiner-exemplar citation.
  ok   #31 L8.content_html [MEDIUM] F9: Kfar Etzion was re-established in 1967 and settlement policy was encouraged from September 1967.
  ok   #32 L8.content_html [MEDIUM] F8: the Third Army was on the east bank; Israel crossed westward on 15 October and cut its supply lines.
  ok   #33 L8.content_html [MEDIUM] F3: invented exam claim.
  ok   #34 L8.exam_tip_html [HIGH] F2: fabricated past-paper citation.
  ok   #74 L8.practice_questions[3].type [HIGH] F1: the Edexcel period study sets ‘Explain two consequences of…’ at 8 marks, 4 for each consequence; this was 
  ok   #75 L8.practice_questions[3].marks [HIGH] F1: the Edexcel period study sets ‘Explain two consequences of…’ at 8 marks, 4 for each consequence; this was 
  ok   #76 L8.practice_questions[4].type [HIGH] F1: the Edexcel period study sets ‘Explain two consequences of…’ at 8 marks, 4 for each consequence; this was 
  ok   #77 L8.practice_questions[4].marks [HIGH] F1: the Edexcel period study sets ‘Explain two consequences of…’ at 8 marks, 4 for each consequence; this was 
  PATCH L8: content_html, exam_tip_html, practice_questions
  ok   #35 L9.content_html [MEDIUM] F3: invented exam claim.
  ok   #36 L9.exam_tip_html [HIGH] F1 + F2: the question is worth 8 marks, and there is no '2024 indicative content' to cite.
  ok   #78 L9.practice_questions[0].type [HIGH] F1: the Edexcel period study sets ‘Explain two consequences of…’ at 8 marks, 4 for each consequence; this was 
  ok   #79 L9.practice_questions[0].marks [HIGH] F1: the Edexcel period study sets ‘Explain two consequences of…’ at 8 marks, 4 for each consequence; this was 
  ok   #80 L9.practice_questions[1].type [HIGH] F1: the Edexcel period study sets ‘Explain two consequences of…’ at 8 marks, 4 for each consequence; this was 
  ok   #81 L9.practice_questions[1].marks [HIGH] F1: the Edexcel period study sets ‘Explain two consequences of…’ at 8 marks, 4 for each consequence; this was 
  PATCH L9: content_html, exam_tip_html, practice_questions
  ok   #37 L10.content_html [HIGH] F2: fabricated indicative-content citation.
  ok   #38 L10.exam_tip_html [HIGH] F2: fabricated past-paper citation.
  ok   #82 L10.practice_questions[3].type [HIGH] F1: the Edexcel period study sets ‘Explain two consequences of…’ at 8 marks, 4 for each consequence; this was 
  ok   #83 L10.practice_questions[3].marks [HIGH] F1: the Edexcel period study sets ‘Explain two consequences of…’ at 8 marks, 4 for each consequence; this was 
  ok   #84 L10.practice_questions[4].type [HIGH] F1: the Edexcel period study sets ‘Explain two consequences of…’ at 8 marks, 4 for each consequence; this was 
  ok   #85 L10.practice_questions[4].marks [HIGH] F1: the Edexcel period study sets ‘Explain two consequences of…’ at 8 marks, 4 for each consequence; this was 
  PATCH L10: content_html, exam_tip_html, practice_questions
  ok   #39 L11.content_html [HIGH] F2: fabricated indicative-content citation.
  ok   #40 L11.content_html [HIGH] F2: fabricated past-paper and mark-scheme citation.
  ok   #41 L11.exam_tip_html [HIGH] F2: fabricated past-paper citation.
  ok   #86 L11.practice_questions[3].type [HIGH] F1: the Edexcel period study sets ‘Explain two consequences of…’ at 8 marks, 4 for each consequence; this was 
  ok   #87 L11.practice_questions[3].marks [HIGH] F1: the Edexcel period study sets ‘Explain two consequences of…’ at 8 marks, 4 for each consequence; this was 
  ok   #88 L11.practice_questions[4].type [HIGH] F1: the Edexcel period study sets ‘Explain two consequences of…’ at 8 marks, 4 for each consequence; this was 
  ok   #89 L11.practice_questions[4].marks [HIGH] F1: the Edexcel period study sets ‘Explain two consequences of…’ at 8 marks, 4 for each consequence; this was 
  PATCH L11: content_html, exam_tip_html, practice_questions
  ok   #42 L12.content_html [MEDIUM] F10: the treaty was signed by the two prime ministers; King Hussein and President Clinton attended.
  ok   #43 L12.content_html [MEDIUM] F3: invented exam claim.
  ok   #90 L12.practice_questions[3].type [HIGH] F1: the Edexcel period study sets ‘Explain two consequences of…’ at 8 marks, 4 for each consequence; this was 
  ok   #91 L12.practice_questions[3].marks [HIGH] F1: the Edexcel period study sets ‘Explain two consequences of…’ at 8 marks, 4 for each consequence; this was 
  ok   #92 L12.practice_questions[4].type [HIGH] F1: the Edexcel period study sets ‘Explain two consequences of…’ at 8 marks, 4 for each consequence; this was 
  ok   #93 L12.practice_questions[4].marks [HIGH] F1: the Edexcel period study sets ‘Explain two consequences of…’ at 8 marks, 4 for each consequence; this was 
  PATCH L12: content_html, practice_questions
=== 95 applied, 0 skipped, 12 lessons / 35 fields changed
