
=== RE-NARRATION (changed narrated text only) ===
backup: C:\Users\tshau\Documents\Study Vault\scripts\_retrofc\units\history-edexcel__conflict-middle-east\_backup.json
unit:   history-edexcel / conflict-middle-east
run: 2026-09-06T02:05:22Z  mode: LIVE

12 lessons, 34 clips to regenerate

  L01 (Ollie)  Conflicting Interests in the British Mandate, c1920–45
      n14: The 1942 Biltmore Conference in New York was a turning point. Until then, mainstream Zionism had pursued a Jew
             -> 618 KB, 52.7s, uploaded
      n15: It is tempting to begin the story in May 1948 when Israel declared independence. An answer on the importance o
             -> 485 KB, 41.4s, uploaded
      n16: For the 8-mark ‘Explain the Importance’ question on the end of the Mandate, do not simply describe what the Ma
             -> 467 KB, 39.9s, uploaded
      manifest updated (20 entries)
  L02 (Ada)  The End of the Mandate and the Creation of Israel, 1945–48
      n6: The point to analyse is what the bombing led to, not just what happened. The Irgun struck in retaliation for O
             -> 547 KB, 46.7s, uploaded
      n8: In February 1947 Foreign Secretary Bevin announced that Britain would hand the question of Palestine to the Un
             -> 627 KB, 53.5s, uploaded
      n17: An answer on the importance of the end of the Mandate needs both perspectives. The British government framed t
             -> 469 KB, 40.0s, uploaded
      n18: For the 8-mark Consequence Question, name two distinct consequences and develop each with one or two specific 
             -> 354 KB, 30.2s, uploaded
      manifest updated (22 entries)
  L03 (Ollie)  The Arab-Israeli War, 1948–49
      n11: From February to July 1949 Israel signed separate armistice agreements with Egypt, Lebanon, Jordan and Syria. 
             -> 435 KB, 37.1s, uploaded
      manifest updated (22 entries)
  L04 (Ada)  Israel after the War, 1949–55
      n9: A common Israeli argument is that, just as Israel absorbed Jewish refugees from Arab countries, the Arab state
             -> 519 KB, 44.3s, uploaded
      n18: A narrative account on relations between Israel and Egypt in these years is a natural question. The lesson’s s
             -> 445 KB, 37.9s, uploaded
      n19: For the 8-mark Analytical Narrative on Israeli developments 1949–54, aim for at least three connected aspects 
             -> 385 KB, 32.8s, uploaded
      manifest updated (23 entries)
  L05 (Ollie)  Suez 1956 and the Arab Nationalist Surge
      n8: Many British contemporaries claimed Nasser had stolen private property. In fact Egypt offered to compensate th
             -> 408 KB, 34.8s, uploaded
      n18: An importance question on the Suez Crisis and Egypt’s leadership of the Arab world needs downstream consequenc
             -> 433 KB, 36.9s, uploaded
      n19: For the 8-mark Explain the Importance question on the Suez Crisis, do not narrate the war. Pick two or three d
             -> 342 KB, 29.2s, uploaded
      manifest updated (23 entries)
  L06 (Ada)  Road to the Six Day War, 1964–67
      n15: A consequence question on the closure of the Straits needs two distinct consequences pitched at different time
             -> 451 KB, 38.5s, uploaded
      n19: For the 8-mark Consequence question on the closure of the Straits of Tiran, give two distinct consequences pit
             -> 382 KB, 32.6s, uploaded
      manifest updated (23 entries)
  L07 (Ollie)  The Six Day War and Its Aftermath, June 1967
      n7: Israeli casualties were roughly 800 dead and about 4,500 wounded. Arab losses were far heavier: estimates run 
             -> 552 KB, 47.1s, uploaded
      n10: Some students argue that the Six Day War settled Israel’s borders. The opposite is closer to the truth: the wa
             -> 442 KB, 37.8s, uploaded
      manifest updated (23 entries)
  L08 (Ada)  Terrorism, the War of Attrition and Yom Kippur, 1967–73
      n6: In early September 1970 the PFLP — the Popular Front for the Liberation of Palestine — hijacked three civil ai
             -> 516 KB, 44.1s, uploaded
      n7: Key Fact . The PFLP hijackings of September 1970 took three civil airliners to Dawson’s Field in Jordan and he
             -> 216 KB, 18.4s, uploaded
      n12: A common misconception is that hijackings and Munich strengthened Palestinian sympathy. A top-band answer anal
             -> 417 KB, 35.6s, uploaded
      n14: Anwar Sadat succeeded Nasser in September 1970 with a plan few in Cairo or Washington took seriously. In July 
             -> 537 KB, 45.9s, uploaded
      n16: On 6 October 1973, the holiest day in the Jewish calendar, Egyptian forces crossed the Suez Canal under air-de
             -> 638 KB, 54.4s, uploaded
      n25: Some students reduce the Yom Kippur War to who won militarily and conclude that Israel did. The political pict
             -> 604 KB, 51.5s, uploaded
      n20: The 8-mark Explain the Importance question on the PFLP hijacks for international attitudes is a good template 
             -> 410 KB, 34.9s, uploaded
      manifest updated (25 entries)
  L09 (Ollie)  Oil, Diplomacy and Camp David, 1973–79
      n16: A common student claim is that 1970s peacemaking ‘failed’. The strongest answers separate two tracks. The Egyp
             -> 386 KB, 33.0s, uploaded
      n19: For the 8-mark Consequence Question on Sadat’s visit to Israel in 1977, give two distinct, well-developed cons
             -> 377 KB, 32.2s, uploaded
      manifest updated (23 entries)
  L10 (Ada)  The Palestinians and Lebanon, 1974–87
      n16: A common shorthand is that Israel won militarily in 1982 but lost politically. An importance answer needs more
             -> 624 KB, 53.3s, uploaded
      n19: An 8-mark Explain the Importance prompt on the Israeli invasion of Lebanon (1982) for the PLO asks for consequ
             -> 399 KB, 34.0s, uploaded
      manifest updated (23 entries)
  L11 (Ollie)  The First Intifada and Arafat's Turn, 1987–88
      n8: Students often write that ‘the PLO launched the Intifada’. The strongest answers recognise the opposite. The u
             -> 453 KB, 38.7s, uploaded
      n18: An importance question can name Arafat’s renunciation and ask about ‘attempts to find a solution in the Middle
             -> 402 KB, 34.3s, uploaded
      n19: An 8-mark Explain the Importance prompt can name Arafat’s renunciation of terrorism (1988) and ask about attem
             -> 360 KB, 30.7s, uploaded
      manifest updated (23 entries)
  L12 (Ada)  Cold War End, the Gulf War and Oslo, 1989–95
      n15: Implementation followed quickly. In May 1994 the Cairo Agreement transferred Gaza and Jericho to Palestinian s
             -> 612 KB, 52.2s, uploaded
      n18: Separate two tracks at the 1995 endpoint. Bilateral peace between Israel and named Arab states held: the 1979 
             -> 496 KB, 42.3s, uploaded
      manifest updated (23 entries)

Regenerated 34 clips.

=== VERIFY (ranged GET + freshness) ===
  206  L01 n14  bytes 0-3/632736  Last-Modified: Sun, 06 Sep 2026 02:05:37 GMT  mp3-sync=OK
  206  L01 n15  bytes 0-3/496800  Last-Modified: Sun, 06 Sep 2026 02:05:45 GMT  mp3-sync=OK
  206  L01 n16  bytes 0-3/478656  Last-Modified: Sun, 06 Sep 2026 02:05:53 GMT  mp3-sync=OK
  206  L02 n6  bytes 0-3/560448  Last-Modified: Sun, 06 Sep 2026 02:06:02 GMT  mp3-sync=OK
  206  L02 n8  bytes 0-3/641952  Last-Modified: Sun, 06 Sep 2026 02:06:11 GMT  mp3-sync=OK
  206  L02 n17  bytes 0-3/480384  Last-Modified: Sun, 06 Sep 2026 02:06:18 GMT  mp3-sync=OK
  206  L02 n18  bytes 0-3/362592  Last-Modified: Sun, 06 Sep 2026 02:06:24 GMT  mp3-sync=OK
  206  L03 n11  bytes 0-3/444960  Last-Modified: Sun, 06 Sep 2026 02:06:32 GMT  mp3-sync=OK
  206  L04 n9  bytes 0-3/531936  Last-Modified: Sun, 06 Sep 2026 02:06:40 GMT  mp3-sync=OK
  206  L04 n18  bytes 0-3/455328  Last-Modified: Sun, 06 Sep 2026 02:06:49 GMT  mp3-sync=OK
  206  L04 n19  bytes 0-3/393984  Last-Modified: Sun, 06 Sep 2026 02:06:55 GMT  mp3-sync=OK
  206  L05 n8  bytes 0-3/417600  Last-Modified: Sun, 06 Sep 2026 02:07:02 GMT  mp3-sync=OK
  206  L05 n18  bytes 0-3/442944  Last-Modified: Sun, 06 Sep 2026 02:07:09 GMT  mp3-sync=OK
  206  L05 n19  bytes 0-3/349920  Last-Modified: Sun, 06 Sep 2026 02:07:15 GMT  mp3-sync=OK
  206  L06 n15  bytes 0-3/462240  Last-Modified: Sun, 06 Sep 2026 02:07:22 GMT  mp3-sync=OK
  206  L06 n19  bytes 0-3/391104  Last-Modified: Sun, 06 Sep 2026 02:07:28 GMT  mp3-sync=OK
  206  L07 n7  bytes 0-3/565344  Last-Modified: Sun, 06 Sep 2026 02:07:37 GMT  mp3-sync=OK
  206  L07 n10  bytes 0-3/453024  Last-Modified: Sun, 06 Sep 2026 02:07:45 GMT  mp3-sync=OK
  206  L08 n6  bytes 0-3/528768  Last-Modified: Sun, 06 Sep 2026 02:07:53 GMT  mp3-sync=OK
  206  L08 n7  bytes 0-3/221184  Last-Modified: Sun, 06 Sep 2026 02:07:58 GMT  mp3-sync=OK
  206  L08 n12  bytes 0-3/427104  Last-Modified: Sun, 06 Sep 2026 02:08:04 GMT  mp3-sync=OK
  206  L08 n14  bytes 0-3/550368  Last-Modified: Sun, 06 Sep 2026 02:08:12 GMT  mp3-sync=OK
  206  L08 n16  bytes 0-3/652896  Last-Modified: Sun, 06 Sep 2026 02:08:21 GMT  mp3-sync=OK
  206  L08 n25  bytes 0-3/618336  Last-Modified: Sun, 06 Sep 2026 02:08:31 GMT  mp3-sync=OK
  206  L08 n20  bytes 0-3/419328  Last-Modified: Sun, 06 Sep 2026 02:08:37 GMT  mp3-sync=OK
  206  L09 n16  bytes 0-3/395712  Last-Modified: Sun, 06 Sep 2026 02:08:44 GMT  mp3-sync=OK
  206  L09 n19  bytes 0-3/386208  Last-Modified: Sun, 06 Sep 2026 02:08:50 GMT  mp3-sync=OK
  206  L10 n16  bytes 0-3/639072  Last-Modified: Sun, 06 Sep 2026 02:09:02 GMT  mp3-sync=OK
  206  L10 n19  bytes 0-3/408096  Last-Modified: Sun, 06 Sep 2026 02:09:09 GMT  mp3-sync=OK
  206  L11 n8  bytes 0-3/463968  Last-Modified: Sun, 06 Sep 2026 02:09:17 GMT  mp3-sync=OK
  206  L11 n18  bytes 0-3/412128  Last-Modified: Sun, 06 Sep 2026 02:09:24 GMT  mp3-sync=OK
  206  L11 n19  bytes 0-3/368352  Last-Modified: Sun, 06 Sep 2026 02:09:30 GMT  mp3-sync=OK
  206  L12 n15  bytes 0-3/626400  Last-Modified: Sun, 06 Sep 2026 02:09:40 GMT  mp3-sync=OK
  206  L12 n18  bytes 0-3/507456  Last-Modified: Sun, 06 Sep 2026 02:09:49 GMT  mp3-sync=OK

34/34 clips verified HTTP 200/206 with fresh audio.
